../Core/Src/CC_and_PC.c:33:9:Initialise_Preset_Arrays	0	static
../Core/Src/CC_and_PC.c:126:9:Convert_All_Preset_Values	0	static
../Core/Src/CC_and_PC.c:137:9:Convert_All_Params_Values_for_Preset	0	static
../Core/Src/CC_and_PC.c:157:9:Update_All_with_Converted_Preset_Values	0	static
../Core/Src/CC_and_PC.c:182:9:Update_Waveshape_with_Converted_Preset_Value	0	static
../Core/Src/CC_and_PC.c:197:9:Update_Speed_with_Converted_Preset_Value	0	static
../Core/Src/CC_and_PC.c:204:9:Update_Depth_with_Converted_Preset_Value	0	static
../Core/Src/CC_and_PC.c:211:9:Update_Symmetry_with_Converted_Preset_Value	0	static
../Core/Src/CC_and_PC.c:218:9:Update_Phase_with_Converted_Preset_Value	0	static
../Core/Src/CC_and_PC.c:225:9:Convert_Waveshape_Preset_Value	0	static
../Core/Src/CC_and_PC.c:232:9:Convert_Speed_Preset_Value	0	static
../Core/Src/CC_and_PC.c:239:9:Convert_Depth_Preset_Value	0	static
../Core/Src/CC_and_PC.c:246:9:Convert_Symmetry_Preset_Value	0	static
../Core/Src/CC_and_PC.c:253:9:Convert_Phase_Preset_Value	0	static
../Core/Src/CC_and_PC.c:260:9:Pack_Preset_Into_Doubleword	24	static
../Core/Src/CC_and_PC.c:274:9:Read_and_Interpret_Preset_From_Flash	12	static
../Core/Src/CC_and_PC.c:292:9:Pack_Misc_Into_Doubleword	48	static
../Core/Src/CC_and_PC.c:323:9:Store_Single_Preset_In_Flash	72	static
../Core/Src/CC_and_PC.c:405:9:Erase_Flash_For_Factory_Reset	40	static
../Core/Src/CC_and_PC.c:416:9:Read_and_Interpret_Misc_From_Flash	40	static
../Core/Src/CC_and_PC.c:478:9:Update_Converted_Preset_Array_with_User_or_Factory_Presets	32	static
../Core/Src/CC_and_PC.c:497:9:Read_and_Interpret_User_Presets_From_Flash	8	static
../Core/Src/CC_and_PC.c:507:9:Update_Waveshape_with_CC_Value	0	static
../Core/Src/CC_and_PC.c:72:9:Update_Params_Based_On_Mode_Selected	8	static
../Core/Src/CC_and_PC.c:522:9:Update_Speed_with_CC_Value	0	static
../Core/Src/CC_and_PC.c:532:9:Update_Depth_with_CC_Value	0	static
../Core/Src/CC_and_PC.c:540:9:Update_Symmetry_with_CC_Value	0	static
../Core/Src/CC_and_PC.c:550:9:Update_Phase_with_CC_Value	0	static
../Core/Src/CC_and_PC.c:560:9:Set_Waveshape_to_CC_Mode_and_Value	0	static
../Core/Src/CC_and_PC.c:570:9:Set_Speed_to_CC_Mode_and_Value	0	static
../Core/Src/CC_and_PC.c:580:9:Set_Depth_to_CC_Mode_and_Value	0	static
../Core/Src/CC_and_PC.c:590:9:Set_Symmetry_to_CC_Mode_and_Value	0	static
../Core/Src/CC_and_PC.c:600:9:Set_Phase_to_CC_Mode_and_Value	0	static
../Core/Src/CC_and_PC.c:610:9:Set_All_Pots_to_PC_Mode	0	static
../Core/Src/CC_and_PC.c:630:9:Store_Params_as_User_Preset	24	static
../Core/Src/CC_and_PC.c:654:9:Set_to_PC_Mode	8	static
