../Core/Src/CC_and_PC.c:29:9:Initialise_Preset_Arrays	16	static
../Core/Src/CC_and_PC.c:54:9:Update_Params_Based_On_Mode_Selected	8	static
../Core/Src/CC_and_PC.c:109:9:Convert_All_Preset_Values	16	static
../Core/Src/CC_and_PC.c:120:9:Update_All_with_Converted_Preset_Values	24	static
../Core/Src/CC_and_PC.c:145:9:Update_Waveshape_with_Converted_Preset_Value	24	static
../Core/Src/CC_and_PC.c:162:9:Update_Speed_with_Converted_Preset_Value	16	static
../Core/Src/CC_and_PC.c:169:9:Update_Depth_with_Converted_Preset_Value	16	static
../Core/Src/CC_and_PC.c:176:9:Update_Symmetry_with_Converted_Preset_Value	16	static
../Core/Src/CC_and_PC.c:183:9:Update_Phase_with_Converted_Preset_Value	16	static
../Core/Src/CC_and_PC.c:190:9:Convert_Waveshape_Preset_Value	16	static
../Core/Src/CC_and_PC.c:197:9:Convert_Speed_Preset_Value	16	static
../Core/Src/CC_and_PC.c:204:9:Convert_Depth_Preset_Value	16	static
../Core/Src/CC_and_PC.c:211:9:Convert_Symmetry_Preset_Value	16	static
../Core/Src/CC_and_PC.c:218:9:Convert_Phase_Preset_Value	16	static
../Core/Src/CC_and_PC.c:225:9:Pack_Preset_Into_Doubleword	56	static
../Core/Src/CC_and_PC.c:239:9:Read_and_Interpret_Preset_From_Flash	32	static
../Core/Src/CC_and_PC.c:257:9:Pack_Misc_Into_Doubleword	144	static
../Core/Src/CC_and_PC.c:288:9:Read_and_Interpret_Misc_From_Flash	40	static
../Core/Src/CC_and_PC.c:346:9:Update_Converted_Preset_Array_with_User_or_Factory_Presets	32	static
../Core/Src/CC_and_PC.c:365:9:Read_and_Interpret_User_Presets_From_Flash	8	static
../Core/Src/CC_and_PC.c:375:9:Update_Waveshape_with_CC_Value	16	static
../Core/Src/CC_and_PC.c:390:9:Update_Speed_with_CC_Value	24	static
../Core/Src/CC_and_PC.c:400:9:Update_Depth_with_CC_Value	24	static
../Core/Src/CC_and_PC.c:408:9:Update_Symmetry_with_CC_Value	24	static
../Core/Src/CC_and_PC.c:418:9:Update_Phase_with_CC_Value	24	static
../Core/Src/CC_and_PC.c:428:9:Set_Waveshape_to_CC_Mode_and_Value	16	static
../Core/Src/CC_and_PC.c:438:9:Set_Speed_to_CC_Mode_and_Value	16	static
../Core/Src/CC_and_PC.c:448:9:Set_Depth_to_CC_Mode_and_Value	16	static
../Core/Src/CC_and_PC.c:458:9:Set_Symmetry_to_CC_Mode_and_Value	16	static
../Core/Src/CC_and_PC.c:468:9:Set_Phase_to_CC_Mode_and_Value	16	static
../Core/Src/CC_and_PC.c:478:9:Set_All_Pots_to_PC_Mode	8	static
