../Core/Src/CC_and_PC.c:27:9:Initialise_Preset_Arrays	16	static
../Core/Src/CC_and_PC.c:52:9:Update_Params_Based_On_Mode_Selected	8	static
../Core/Src/CC_and_PC.c:107:9:Convert_All_Preset_Values	16	static
../Core/Src/CC_and_PC.c:118:9:Update_All_with_Converted_Preset_Values	24	static
../Core/Src/CC_and_PC.c:143:9:Update_Waveshape_with_Converted_Preset_Value	24	static
../Core/Src/CC_and_PC.c:160:9:Update_Speed_with_Converted_Preset_Value	16	static
../Core/Src/CC_and_PC.c:167:9:Update_Depth_with_Converted_Preset_Value	16	static
../Core/Src/CC_and_PC.c:174:9:Update_Symmetry_with_Converted_Preset_Value	16	static
../Core/Src/CC_and_PC.c:181:9:Update_Phase_with_Converted_Preset_Value	16	static
../Core/Src/CC_and_PC.c:188:9:Convert_Waveshape_Preset_Value	16	static
../Core/Src/CC_and_PC.c:195:9:Convert_Speed_Preset_Value	16	static
../Core/Src/CC_and_PC.c:202:9:Convert_Depth_Preset_Value	16	static
../Core/Src/CC_and_PC.c:209:9:Convert_Symmetry_Preset_Value	16	static
../Core/Src/CC_and_PC.c:216:9:Convert_Phase_Preset_Value	16	static
../Core/Src/CC_and_PC.c:223:9:Pack_Preset_Into_Doubleword	56	static
../Core/Src/CC_and_PC.c:237:9:Read_and_Interpret_Preset_From_Flash	32	static
../Core/Src/CC_and_PC.c:255:9:Pack_Misc_Into_Doubleword	144	static
../Core/Src/CC_and_PC.c:286:9:Read_and_Interpret_Misc_From_Flash	40	static
../Core/Src/CC_and_PC.c:344:9:Update_Converted_Preset_Array_with_User_or_Factory_Presets	32	static
../Core/Src/CC_and_PC.c:363:9:Read_and_Interpret_User_Presets_From_Flash	8	static
../Core/Src/CC_and_PC.c:373:9:Update_Waveshape_with_CC_Value	16	static
../Core/Src/CC_and_PC.c:388:9:Update_Speed_with_CC_Value	24	static
../Core/Src/CC_and_PC.c:398:9:Update_Depth_with_CC_Value	24	static
../Core/Src/CC_and_PC.c:406:9:Update_Symmetry_with_CC_Value	24	static
../Core/Src/CC_and_PC.c:416:9:Update_Phase_with_CC_Value	24	static
../Core/Src/CC_and_PC.c:426:9:Set_Waveshape_to_CC_Mode_and_Value	16	static
../Core/Src/CC_and_PC.c:436:9:Set_Speed_to_CC_Mode_and_Value	16	static
../Core/Src/CC_and_PC.c:446:9:Set_Depth_to_CC_Mode_and_Value	16	static
../Core/Src/CC_and_PC.c:456:9:Set_Symmetry_to_CC_Mode_and_Value	16	static
../Core/Src/CC_and_PC.c:466:9:Set_Phase_to_CC_Mode_and_Value	16	static
../Core/Src/CC_and_PC.c:476:9:Set_All_Pots_to_PC_Mode	8	static
