../Core/Src/CC_and_PC.c:33:9:Initialise_Preset_Arrays	16	static
../Core/Src/CC_and_PC.c:62:9:Update_Params_Based_On_Mode_Selected	8	static
../Core/Src/CC_and_PC.c:117:9:Convert_All_Preset_Values	16	static
../Core/Src/CC_and_PC.c:128:9:Convert_All_Params_Values_for_Preset	16	static
../Core/Src/CC_and_PC.c:139:9:Update_All_with_Converted_Preset_Values	24	static
../Core/Src/CC_and_PC.c:164:9:Update_Waveshape_with_Converted_Preset_Value	24	static
../Core/Src/CC_and_PC.c:181:9:Update_Speed_with_Converted_Preset_Value	16	static
../Core/Src/CC_and_PC.c:188:9:Update_Depth_with_Converted_Preset_Value	16	static
../Core/Src/CC_and_PC.c:195:9:Update_Symmetry_with_Converted_Preset_Value	16	static
../Core/Src/CC_and_PC.c:202:9:Update_Phase_with_Converted_Preset_Value	16	static
../Core/Src/CC_and_PC.c:209:9:Convert_Waveshape_Preset_Value	16	static
../Core/Src/CC_and_PC.c:216:9:Convert_Speed_Preset_Value	16	static
../Core/Src/CC_and_PC.c:223:9:Convert_Depth_Preset_Value	16	static
../Core/Src/CC_and_PC.c:230:9:Convert_Symmetry_Preset_Value	16	static
../Core/Src/CC_and_PC.c:237:9:Convert_Phase_Preset_Value	16	static
../Core/Src/CC_and_PC.c:244:9:Pack_Preset_Into_Doubleword	56	static
../Core/Src/CC_and_PC.c:258:9:Read_and_Interpret_Preset_From_Flash	32	static
../Core/Src/CC_and_PC.c:276:9:Pack_Misc_Into_Doubleword	144	static
../Core/Src/CC_and_PC.c:307:9:Store_Single_Preset_In_Flash	72	static
../Core/Src/CC_and_PC.c:389:9:Read_and_Interpret_Misc_From_Flash	40	static
../Core/Src/CC_and_PC.c:451:9:Update_Converted_Preset_Array_with_User_or_Factory_Presets	32	static
../Core/Src/CC_and_PC.c:470:9:Read_and_Interpret_User_Presets_From_Flash	8	static
../Core/Src/CC_and_PC.c:480:9:Update_Waveshape_with_CC_Value	16	static
../Core/Src/CC_and_PC.c:495:9:Update_Speed_with_CC_Value	24	static
../Core/Src/CC_and_PC.c:505:9:Update_Depth_with_CC_Value	24	static
../Core/Src/CC_and_PC.c:513:9:Update_Symmetry_with_CC_Value	24	static
../Core/Src/CC_and_PC.c:523:9:Update_Phase_with_CC_Value	24	static
../Core/Src/CC_and_PC.c:533:9:Set_Waveshape_to_CC_Mode_and_Value	16	static
../Core/Src/CC_and_PC.c:543:9:Set_Speed_to_CC_Mode_and_Value	16	static
../Core/Src/CC_and_PC.c:553:9:Set_Depth_to_CC_Mode_and_Value	16	static
../Core/Src/CC_and_PC.c:563:9:Set_Symmetry_to_CC_Mode_and_Value	16	static
../Core/Src/CC_and_PC.c:573:9:Set_Phase_to_CC_Mode_and_Value	16	static
../Core/Src/CC_and_PC.c:583:9:Set_All_Pots_to_PC_Mode	8	static
../Core/Src/CC_and_PC.c:603:9:Store_Params_as_User_Preset	48	static
