../Core/Src/CC_and_PC.c:25:9:Initialise_Preset_Arrays	0	static
../Core/Src/CC_and_PC.c:50:9:Update_Params_Based_On_Mode_Selected	20	static
../Core/Src/CC_and_PC.c:90:9:Convert_All_Preset_Values	0	static
../Core/Src/CC_and_PC.c:101:9:Update_All_with_Converted_Preset_Values	0	static
../Core/Src/CC_and_PC.c:126:9:Update_Waveshape_with_Converted_Preset_Value	0	static
../Core/Src/CC_and_PC.c:143:9:Update_Speed_with_Converted_Preset_Value	0	static
../Core/Src/CC_and_PC.c:150:9:Update_Depth_with_Converted_Preset_Value	0	static
../Core/Src/CC_and_PC.c:157:9:Update_Symmetry_with_Converted_Preset_Value	0	static
../Core/Src/CC_and_PC.c:164:9:Update_Phase_with_Converted_Preset_Value	0	static
../Core/Src/CC_and_PC.c:171:9:Convert_Waveshape_Preset_Value	0	static
../Core/Src/CC_and_PC.c:178:9:Convert_Speed_Preset_Value	0	static
../Core/Src/CC_and_PC.c:185:9:Convert_Depth_Preset_Value	0	static
../Core/Src/CC_and_PC.c:192:9:Convert_Symmetry_Preset_Value	0	static
../Core/Src/CC_and_PC.c:199:9:Convert_Phase_Preset_Value	0	static
../Core/Src/CC_and_PC.c:206:9:Pack_Preset_Into_Doubleword	20	static
../Core/Src/CC_and_PC.c:220:9:Read_and_Interpret_Preset_From_Flash	8	static
../Core/Src/CC_and_PC.c:238:9:Pack_Misc_Into_Doubleword	48	static
../Core/Src/CC_and_PC.c:269:9:Read_and_Interpret_Misc_From_Flash	32	static
../Core/Src/CC_and_PC.c:327:9:Update_Converted_Preset_Array_with_User_or_Factory_Presets	24	static
../Core/Src/CC_and_PC.c:346:9:Read_and_Interpret_User_Presets_From_Flash	0	static
../Core/Src/CC_and_PC.c:356:9:Update_Waveshape_with_CC_Value	0	static
../Core/Src/CC_and_PC.c:373:9:Update_Speed_with_CC_Value	0	static
../Core/Src/CC_and_PC.c:383:9:Update_Depth_with_CC_Value	0	static
../Core/Src/CC_and_PC.c:391:9:Update_Symmetry_with_CC_Value	0	static
../Core/Src/CC_and_PC.c:401:9:Update_Phase_with_CC_Value	0	static
