../Core/Src/CC_and_PC.c:25:9:Initialise_Preset_Arrays	0	static
../Core/Src/CC_and_PC.c:50:9:Update_Params_Based_On_Mode_Selected	0	static
../Core/Src/CC_and_PC.c:74:9:Convert_All_Preset_Values	0	static
../Core/Src/CC_and_PC.c:85:9:Update_All_with_Converted_Preset_Values	0	static
../Core/Src/CC_and_PC.c:110:9:Update_Waveshape_with_Converted_Preset_Value	0	static
../Core/Src/CC_and_PC.c:127:9:Update_Speed_with_Converted_Preset_Value	0	static
../Core/Src/CC_and_PC.c:134:9:Update_Depth_with_Converted_Preset_Value	0	static
../Core/Src/CC_and_PC.c:141:9:Update_Symmetry_with_Converted_Preset_Value	0	static
../Core/Src/CC_and_PC.c:148:9:Update_Phase_with_Converted_Preset_Value	0	static
../Core/Src/CC_and_PC.c:155:9:Convert_Waveshape_Preset_Value	0	static
../Core/Src/CC_and_PC.c:162:9:Convert_Speed_Preset_Value	0	static
../Core/Src/CC_and_PC.c:169:9:Convert_Depth_Preset_Value	0	static
../Core/Src/CC_and_PC.c:176:9:Convert_Symmetry_Preset_Value	0	static
../Core/Src/CC_and_PC.c:183:9:Convert_Phase_Preset_Value	0	static
../Core/Src/CC_and_PC.c:190:9:Pack_Preset_Into_Doubleword	20	static
../Core/Src/CC_and_PC.c:204:9:Read_and_Interpret_Preset_From_Flash	8	static
../Core/Src/CC_and_PC.c:222:9:Pack_Misc_Into_Doubleword	48	static
../Core/Src/CC_and_PC.c:253:9:Read_and_Interpret_Misc_From_Flash	32	static
../Core/Src/CC_and_PC.c:311:9:Update_Converted_Preset_Array_with_User_or_Factory_Presets	24	static
../Core/Src/CC_and_PC.c:330:9:Read_and_Interpret_User_Presets_From_Flash	0	static
../Core/Src/CC_and_PC.c:340:9:Update_Waveshape_with_CC_Value	0	static
../Core/Src/CC_and_PC.c:355:9:Update_Speed_with_CC_Value	0	static
../Core/Src/CC_and_PC.c:365:9:Update_Depth_with_CC_Value	0	static
../Core/Src/CC_and_PC.c:373:9:Update_Symmetry_with_CC_Value	0	static
../Core/Src/CC_and_PC.c:383:9:Update_Phase_with_CC_Value	0	static
