../Core/Src/CC_and_PC.c:28:9:Update_Params_If_PC_Mode_Selected	0	static
../Core/Src/CC_and_PC.c:50:9:Convert_All_Preset_Values	0	static
../Core/Src/CC_and_PC.c:61:9:Update_All_with_Converted_Preset_Values	0	static
../Core/Src/CC_and_PC.c:86:9:Update_Waveshape_with_Converted_Preset_Value	0	static
../Core/Src/CC_and_PC.c:103:9:Update_Speed_with_Converted_Preset_Value	0	static
../Core/Src/CC_and_PC.c:109:9:Update_Depth_with_Converted_Preset_Value	0	static
../Core/Src/CC_and_PC.c:116:9:Update_Symmetry_with_Converted_Preset_Value	0	static
../Core/Src/CC_and_PC.c:123:9:Update_Phase_with_Converted_Preset_Value	0	static
../Core/Src/CC_and_PC.c:130:9:Convert_Waveshape_Preset_Value	0	static
../Core/Src/CC_and_PC.c:137:9:Convert_Speed_Preset_Value	0	static
../Core/Src/CC_and_PC.c:144:9:Convert_Depth_Preset_Value	0	static
../Core/Src/CC_and_PC.c:151:9:Convert_Symmetry_Preset_Value	0	static
../Core/Src/CC_and_PC.c:158:9:Convert_Phase_Preset_Value	0	static
../Core/Src/CC_and_PC.c:165:9:Pack_Preset_Into_Doubleword	8	static
../Core/Src/CC_and_PC.c:191:9:Read_Preset_From_Flash	0	static
