../Core/Src/CC_and_PC.c:27:9:Initialise_Preset_Arrays	0	static
../Core/Src/CC_and_PC.c:52:9:Update_Params_Based_On_Mode_Selected	20	static
../Core/Src/CC_and_PC.c:91:9:Convert_All_Preset_Values	0	static
../Core/Src/CC_and_PC.c:102:9:Update_All_with_Converted_Preset_Values	0	static
../Core/Src/CC_and_PC.c:127:9:Update_Waveshape_with_Converted_Preset_Value	0	static
../Core/Src/CC_and_PC.c:144:9:Update_Speed_with_Converted_Preset_Value	0	static
../Core/Src/CC_and_PC.c:151:9:Update_Depth_with_Converted_Preset_Value	0	static
../Core/Src/CC_and_PC.c:158:9:Update_Symmetry_with_Converted_Preset_Value	0	static
../Core/Src/CC_and_PC.c:165:9:Update_Phase_with_Converted_Preset_Value	0	static
../Core/Src/CC_and_PC.c:172:9:Convert_Waveshape_Preset_Value	0	static
../Core/Src/CC_and_PC.c:179:9:Convert_Speed_Preset_Value	0	static
../Core/Src/CC_and_PC.c:186:9:Convert_Depth_Preset_Value	0	static
../Core/Src/CC_and_PC.c:193:9:Convert_Symmetry_Preset_Value	0	static
../Core/Src/CC_and_PC.c:200:9:Convert_Phase_Preset_Value	0	static
../Core/Src/CC_and_PC.c:207:9:Pack_Preset_Into_Doubleword	20	static
../Core/Src/CC_and_PC.c:221:9:Read_and_Interpret_Preset_From_Flash	8	static
../Core/Src/CC_and_PC.c:239:9:Pack_Misc_Into_Doubleword	48	static
../Core/Src/CC_and_PC.c:270:9:Read_and_Interpret_Misc_From_Flash	32	static
../Core/Src/CC_and_PC.c:328:9:Update_Converted_Preset_Array_with_User_or_Factory_Presets	24	static
../Core/Src/CC_and_PC.c:347:9:Read_and_Interpret_User_Presets_From_Flash	0	static
../Core/Src/CC_and_PC.c:357:9:Update_Waveshape_with_CC_Value	0	static
../Core/Src/CC_and_PC.c:372:9:Update_Speed_with_CC_Value	0	static
../Core/Src/CC_and_PC.c:382:9:Update_Depth_with_CC_Value	0	static
../Core/Src/CC_and_PC.c:390:9:Update_Symmetry_with_CC_Value	0	static
../Core/Src/CC_and_PC.c:400:9:Update_Phase_with_CC_Value	0	static
../Core/Src/CC_and_PC.c:410:9:Set_Waveshape_to_CC_Mode_and_Value	0	static
../Core/Src/CC_and_PC.c:420:9:Set_Speed_to_CC_Mode_and_Value	0	static
../Core/Src/CC_and_PC.c:430:9:Set_Depth_to_CC_Mode_and_Value	0	static
../Core/Src/CC_and_PC.c:440:9:Set_Symmetry_to_CC_Mode_and_Value	0	static
../Core/Src/CC_and_PC.c:450:9:Set_Phase_to_CC_Mode_and_Value	0	static
