../Core/Src/CC_and_PC.c:30:9:Initialise_Preset_Arrays	16	static
../Core/Src/CC_and_PC.c:55:9:Update_Params_Based_On_Mode_Selected	8	static
../Core/Src/CC_and_PC.c:110:9:Convert_All_Preset_Values	16	static
../Core/Src/CC_and_PC.c:121:9:Update_All_with_Converted_Preset_Values	24	static
../Core/Src/CC_and_PC.c:146:9:Update_Waveshape_with_Converted_Preset_Value	24	static
../Core/Src/CC_and_PC.c:163:9:Update_Speed_with_Converted_Preset_Value	16	static
../Core/Src/CC_and_PC.c:170:9:Update_Depth_with_Converted_Preset_Value	16	static
../Core/Src/CC_and_PC.c:177:9:Update_Symmetry_with_Converted_Preset_Value	16	static
../Core/Src/CC_and_PC.c:184:9:Update_Phase_with_Converted_Preset_Value	16	static
../Core/Src/CC_and_PC.c:191:9:Convert_Waveshape_Preset_Value	16	static
../Core/Src/CC_and_PC.c:198:9:Convert_Speed_Preset_Value	16	static
../Core/Src/CC_and_PC.c:205:9:Convert_Depth_Preset_Value	16	static
../Core/Src/CC_and_PC.c:212:9:Convert_Symmetry_Preset_Value	16	static
../Core/Src/CC_and_PC.c:219:9:Convert_Phase_Preset_Value	16	static
../Core/Src/CC_and_PC.c:226:9:Pack_Preset_Into_Doubleword	56	static
../Core/Src/CC_and_PC.c:240:9:Read_and_Interpret_Preset_From_Flash	32	static
../Core/Src/CC_and_PC.c:258:9:Pack_Misc_Into_Doubleword	144	static
../Core/Src/CC_and_PC.c:289:9:Read_and_Interpret_Misc_From_Flash	40	static
../Core/Src/CC_and_PC.c:347:9:Update_Converted_Preset_Array_with_User_or_Factory_Presets	32	static
../Core/Src/CC_and_PC.c:366:9:Read_and_Interpret_User_Presets_From_Flash	8	static
../Core/Src/CC_and_PC.c:376:9:Update_Waveshape_with_CC_Value	16	static
../Core/Src/CC_and_PC.c:391:9:Update_Speed_with_CC_Value	24	static
../Core/Src/CC_and_PC.c:401:9:Update_Depth_with_CC_Value	24	static
../Core/Src/CC_and_PC.c:409:9:Update_Symmetry_with_CC_Value	24	static
../Core/Src/CC_and_PC.c:419:9:Update_Phase_with_CC_Value	24	static
../Core/Src/CC_and_PC.c:429:9:Set_Waveshape_to_CC_Mode_and_Value	16	static
../Core/Src/CC_and_PC.c:439:9:Set_Speed_to_CC_Mode_and_Value	16	static
../Core/Src/CC_and_PC.c:449:9:Set_Depth_to_CC_Mode_and_Value	16	static
../Core/Src/CC_and_PC.c:459:9:Set_Symmetry_to_CC_Mode_and_Value	16	static
../Core/Src/CC_and_PC.c:469:9:Set_Phase_to_CC_Mode_and_Value	16	static
../Core/Src/CC_and_PC.c:479:9:Set_All_Pots_to_PC_Mode	8	static
