../Core/Src/config.c:25:6:SystemClock_Config	80	static,ignoring_inline_asm
../Core/Src/config.c:65:6:MX_ADC1_Init	24	static,ignoring_inline_asm
../Core/Src/config.c:139:6:MX_TIM16_Init	88	static,ignoring_inline_asm
../Core/Src/config.c:194:6:MX_TIM2_Init	56	static,ignoring_inline_asm
../Core/Src/config.c:248:6:MX_TIM3_Init	64	static,ignoring_inline_asm
../Core/Src/config.c:298:6:MX_TIM1_Init	120	static,ignoring_inline_asm
../Core/Src/config.c:377:6:MX_TIM17_Init	88	static,ignoring_inline_asm
../Core/Src/config.c:437:6:MX_LPTIM1_Init	8	static,ignoring_inline_asm
../Core/Src/config.c:466:6:MX_TIM14_Init	40	static,ignoring_inline_asm
../Core/Src/config.c:503:6:MX_USART2_UART_Init	8	static,ignoring_inline_asm
../Core/Src/config.c:521:6:MX_IWDG_Init	8	static,ignoring_inline_asm
../Core/Src/config.c:531:6:MX_DMA_Init	16	static
../Core/Src/config.c:546:6:MX_GPIO_Init	72	static
../Core/Src/config.c:647:6:Error_Handler	0	static,ignoring_inline_asm
../Core/Src/config.c:655:6:System_Init	8	static
