../Core/Src/config.c:25:6:SystemClock_Config	80	static,ignoring_inline_asm
../Core/Src/config.c:67:6:MX_ADC1_Init	32	static,ignoring_inline_asm
../Core/Src/config.c:148:6:MX_TIM16_Init	104	static,ignoring_inline_asm
../Core/Src/config.c:209:6:MX_TIM2_Init	56	static,ignoring_inline_asm
../Core/Src/config.c:268:6:MX_TIM3_Init	72	static,ignoring_inline_asm
../Core/Src/config.c:323:6:MX_TIM1_Init	128	static,ignoring_inline_asm
../Core/Src/config.c:406:6:MX_TIM17_Init	104	static,ignoring_inline_asm
../Core/Src/config.c:470:6:MX_LPTIM1_Init	16	static,ignoring_inline_asm
../Core/Src/config.c:501:6:MX_USART2_UART_Init	8	static,ignoring_inline_asm
../Core/Src/config.c:521:6:MX_IWDG_Init	8	static,ignoring_inline_asm
../Core/Src/config.c:533:6:MX_DMA_Init	16	static
../Core/Src/config.c:550:6:MX_GPIO_Init	64	static
../Core/Src/config.c:630:6:Error_Handler	0	static,ignoring_inline_asm
../Core/Src/config.c:640:6:System_Init	24	static,ignoring_inline_asm
