../Core/Src/config.c:26:6:SystemClock_Config	80	static,ignoring_inline_asm
../Core/Src/config.c:68:6:MX_ADC1_Init	32	static,ignoring_inline_asm
../Core/Src/config.c:149:6:MX_TIM16_Init	104	static,ignoring_inline_asm
../Core/Src/config.c:207:6:MX_TIM2_Init	56	static,ignoring_inline_asm
../Core/Src/config.c:266:6:MX_TIM3_Init	72	static,ignoring_inline_asm
../Core/Src/config.c:321:6:MX_TIM1_Init	128	static,ignoring_inline_asm
../Core/Src/config.c:404:6:MX_TIM17_Init	96	static,ignoring_inline_asm
../Core/Src/config.c:467:6:MX_LPTIM1_Init	16	static,ignoring_inline_asm
../Core/Src/config.c:498:6:MX_LPTIM2_Init	8	static,ignoring_inline_asm
../Core/Src/config.c:529:6:MX_USART2_UART_Init	8	static,ignoring_inline_asm
../Core/Src/config.c:549:6:MX_IWDG_Init	8	static,ignoring_inline_asm
../Core/Src/config.c:561:6:MX_DMA_Init	16	static
../Core/Src/config.c:578:6:MX_GPIO_Init	64	static
../Core/Src/config.c:658:6:Error_Handler	0	static,ignoring_inline_asm
../Core/Src/config.c:668:6:System_Init	40	static,ignoring_inline_asm
