../Core/Src/config.c:25:6:SystemClock_Config	80	static,ignoring_inline_asm
../Core/Src/config.c:67:6:MX_ADC1_Init	32	static,ignoring_inline_asm
../Core/Src/config.c:148:6:MX_TIM16_Init	104	static,ignoring_inline_asm
../Core/Src/config.c:209:6:MX_TIM2_Init	56	static,ignoring_inline_asm
../Core/Src/config.c:268:6:MX_TIM3_Init	72	static,ignoring_inline_asm
../Core/Src/config.c:324:6:MX_TIM1_Init	128	static,ignoring_inline_asm
../Core/Src/config.c:405:6:MX_TIM17_Init	104	static,ignoring_inline_asm
../Core/Src/config.c:469:6:MX_LPTIM1_Init	16	static,ignoring_inline_asm
../Core/Src/config.c:500:6:MX_USART2_UART_Init	8	static,ignoring_inline_asm
../Core/Src/config.c:520:6:MX_IWDG_Init	8	static,ignoring_inline_asm
../Core/Src/config.c:532:6:MX_DMA_Init	16	static
../Core/Src/config.c:549:6:MX_GPIO_Init	64	static
../Core/Src/config.c:629:6:Error_Handler	0	static,ignoring_inline_asm
../Core/Src/config.c:639:6:System_Init	24	static,ignoring_inline_asm
