../Core/Src/config.c:20:6:SystemClock_Config	80	static,ignoring_inline_asm
../Core/Src/config.c:62:6:MX_ADC1_Init	32	static,ignoring_inline_asm
../Core/Src/config.c:133:6:MX_TIM14_Init	40	static,ignoring_inline_asm
../Core/Src/config.c:174:6:MX_TIM16_Init	104	static,ignoring_inline_asm
../Core/Src/config.c:235:6:MX_TIM2_Init	56	static,ignoring_inline_asm
../Core/Src/config.c:294:6:MX_TIM3_Init	72	static,ignoring_inline_asm
../Core/Src/config.c:348:6:MX_TIM1_Init	112	static,ignoring_inline_asm
../Core/Src/config.c:414:6:MX_TIM17_Init	104	static,ignoring_inline_asm
../Core/Src/config.c:472:6:MX_USART2_UART_Init	8	static,ignoring_inline_asm
../Core/Src/config.c:492:6:MX_DMA_Init	16	static
../Core/Src/config.c:507:6:MX_GPIO_Init	56	static
../Core/Src/config.c:554:6:Error_Handler	0	static,ignoring_inline_asm
../Core/Src/config.c:564:6:System_Init	16	static,ignoring_inline_asm
