../Drivers/STM32G0xx_HAL_Driver/Inc/stm32g0xx_ll_adc.h:5137:22:LL_ADC_EnableIT_EOC	16	static
../Core/Src/config.c:17:6:SystemClock_Config	88	static
../Core/Src/config.c:59:6:MX_ADC1_Init	24	static
../Core/Src/config.c:136:6:MX_TIM14_Init	40	static
../Core/Src/config.c:177:6:MX_TIM16_Init	88	static
../Core/Src/config.c:237:6:MX_USART2_UART_Init	8	static
../Core/Src/config.c:257:6:MX_DMA_Init	16	static
../Core/Src/config.c:272:6:MX_GPIO_Init	48	static
../Core/Src/config.c:333:6:Error_Handler	8	static,ignoring_inline_asm
../Core/Src/config.c:343:6:System_Init	8	static
