../Core/Src/config.c:24:6:SystemClock_Config	80	static,ignoring_inline_asm
../Core/Src/config.c:66:6:MX_ADC1_Init	32	static,ignoring_inline_asm
../Core/Src/config.c:147:6:MX_TIM16_Init	104	static,ignoring_inline_asm
../Core/Src/config.c:205:6:MX_TIM2_Init	56	static,ignoring_inline_asm
../Core/Src/config.c:264:6:MX_TIM3_Init	72	static,ignoring_inline_asm
../Core/Src/config.c:319:6:MX_TIM1_Init	128	static,ignoring_inline_asm
../Core/Src/config.c:407:6:MX_LPTIM1_Init	16	static,ignoring_inline_asm
../Core/Src/config.c:438:6:MX_USART2_UART_Init	8	static,ignoring_inline_asm
../Core/Src/config.c:458:6:MX_IWDG_Init	8	static,ignoring_inline_asm
../Core/Src/config.c:470:6:MX_DMA_Init	16	static
../Core/Src/config.c:487:6:MX_GPIO_Init	64	static
../Core/Src/config.c:567:6:Error_Handler	0	static,ignoring_inline_asm
../Core/Src/config.c:577:6:System_Init	24	static,ignoring_inline_asm
