../Core/Src/config.c:19:6:SystemClock_Config	80	static,ignoring_inline_asm
../Core/Src/config.c:61:6:MX_ADC1_Init	32	static,ignoring_inline_asm
../Core/Src/config.c:132:6:MX_TIM14_Init	40	static,ignoring_inline_asm
../Core/Src/config.c:173:6:MX_TIM16_Init	104	static,ignoring_inline_asm
../Core/Src/config.c:234:6:MX_TIM2_Init	56	static,ignoring_inline_asm
../Core/Src/config.c:295:6:MX_TIM3_Init	72	static,ignoring_inline_asm
../Core/Src/config.c:356:6:MX_TIM17_Init	96	static,ignoring_inline_asm
../Core/Src/config.c:413:6:MX_USART2_UART_Init	8	static,ignoring_inline_asm
../Core/Src/config.c:433:6:MX_DMA_Init	16	static
../Core/Src/config.c:448:6:MX_GPIO_Init	56	static
../Core/Src/config.c:520:6:Error_Handler	0	static,ignoring_inline_asm
../Core/Src/config.c:530:6:System_Init	16	static,ignoring_inline_asm
