../Drivers/STM32G0xx_HAL_Driver/Inc/stm32g0xx_ll_adc.h:5148:22:LL_ADC_EnableIT_EOS	16	static
../Core/Src/config.c:17:6:SystemClock_Config	88	static
../Core/Src/config.c:59:6:MX_ADC1_Init	24	static
../Core/Src/config.c:137:6:MX_TIM14_Init	40	static
../Core/Src/config.c:178:6:MX_TIM16_Init	88	static
../Core/Src/config.c:238:6:MX_USART2_UART_Init	8	static
../Core/Src/config.c:258:6:MX_DMA_Init	16	static
../Core/Src/config.c:273:6:MX_GPIO_Init	48	static
../Core/Src/config.c:334:6:Error_Handler	8	static,ignoring_inline_asm
../Core/Src/config.c:344:6:System_Init	8	static
