../Core/Src/config.c:19:6:SystemClock_Config	88	static
../Core/Src/config.c:61:6:MX_ADC1_Init	24	static
../Core/Src/config.c:132:6:MX_TIM14_Init	40	static
../Core/Src/config.c:173:6:MX_TIM16_Init	88	static
../Core/Src/config.c:234:6:MX_TIM2_Init	56	static
../Core/Src/config.c:275:6:MX_TIM3_Init	64	static
../Core/Src/config.c:317:6:MX_TIM17_Init	88	static
../Core/Src/config.c:363:6:MX_USART2_UART_Init	8	static
../Core/Src/config.c:383:6:MX_DMA_Init	16	static
../Core/Src/config.c:398:6:MX_GPIO_Init	48	static
../Core/Src/config.c:465:6:Error_Handler	8	static,ignoring_inline_asm
../Core/Src/config.c:475:6:System_Init	8	static
