../Core/Src/config.c:26:6:SystemClock_Config	80	static,ignoring_inline_asm
../Core/Src/config.c:74:6:MX_ADC1_Init	24	static,ignoring_inline_asm
../Core/Src/config.c:173:6:MX_TIM16_Init	88	static,ignoring_inline_asm
../Core/Src/config.c:231:6:MX_TIM2_Init	56	static,ignoring_inline_asm
../Core/Src/config.c:290:6:MX_TIM3_Init	64	static,ignoring_inline_asm
../Core/Src/config.c:345:6:MX_TIM1_Init	120	static,ignoring_inline_asm
../Core/Src/config.c:428:6:MX_TIM17_Init	88	static,ignoring_inline_asm
../Core/Src/config.c:491:6:MX_LPTIM1_Init	8	static,ignoring_inline_asm
../Core/Src/config.c:522:6:MX_TIM14_Init	40	static,ignoring_inline_asm
../Core/Src/config.c:562:6:MX_USART2_UART_Init	8	static,ignoring_inline_asm
../Core/Src/config.c:582:6:MX_IWDG_Init	8	static,ignoring_inline_asm
../Core/Src/config.c:594:6:MX_DMA_Init	16	static,ignoring_inline_asm
../Core/Src/config.c:628:6:MX_GPIO_Init	72	static
../Core/Src/config.c:697:6:Error_Handler	0	static,ignoring_inline_asm
../Core/Src/config.c:707:6:System_Init	8	static
