../Core/Src/config.c:24:6:SystemClock_Config	80	static,ignoring_inline_asm
../Core/Src/config.c:66:6:MX_ADC1_Init	32	static,ignoring_inline_asm
../Core/Src/config.c:137:6:MX_TIM14_Init	40	static,ignoring_inline_asm
../Core/Src/config.c:178:6:MX_TIM16_Init	104	static,ignoring_inline_asm
../Core/Src/config.c:239:6:MX_TIM2_Init	56	static,ignoring_inline_asm
../Core/Src/config.c:298:6:MX_TIM3_Init	72	static,ignoring_inline_asm
../Core/Src/config.c:352:6:MX_TIM1_Init	112	static,ignoring_inline_asm
../Core/Src/config.c:418:6:MX_TIM17_Init	104	static,ignoring_inline_asm
../Core/Src/config.c:476:6:MX_USART2_UART_Init	8	static,ignoring_inline_asm
../Core/Src/config.c:496:6:MX_IWDG_Init	8	static,ignoring_inline_asm
../Core/Src/config.c:508:6:MX_DMA_Init	16	static
../Core/Src/config.c:525:6:MX_GPIO_Init	56	static
../Core/Src/config.c:576:6:Error_Handler	0	static,ignoring_inline_asm
../Core/Src/config.c:586:6:System_Init	24	static,ignoring_inline_asm
