../Core/Src/config.c:25:6:SystemClock_Config	88	static
../Core/Src/config.c:67:6:MX_ADC1_Init	24	static
../Core/Src/config.c:148:6:MX_TIM16_Init	88	static
../Core/Src/config.c:206:6:MX_TIM2_Init	56	static
../Core/Src/config.c:265:6:MX_TIM3_Init	64	static
../Core/Src/config.c:320:6:MX_TIM1_Init	120	static
../Core/Src/config.c:403:6:MX_TIM17_Init	88	static
../Core/Src/config.c:466:6:MX_LPTIM1_Init	8	static
../Core/Src/config.c:497:6:MX_TIM14_Init	40	static
../Core/Src/config.c:537:6:MX_USART2_UART_Init	8	static
../Core/Src/config.c:557:6:MX_IWDG_Init	8	static
../Core/Src/config.c:569:6:MX_DMA_Init	16	static
../Core/Src/config.c:586:6:MX_GPIO_Init	56	static
../Core/Src/config.c:673:6:Error_Handler	8	static,ignoring_inline_asm
../Core/Src/config.c:683:6:System_Init	8	static
