../Core/Src/custom_callbacks.c:3:6:TIM16_callback	8	static
../Core/Src/custom_callbacks.c:15:6:ADC_DMA_conversion_complete_callback	16	static
../Core/Src/custom_callbacks.c:45:6:TIM2_ch1_IP_capture_callback	16	static
../Core/Src/custom_callbacks.c:85:6:TIM2_ch1_overflow_callback	16	static
../Core/Src/custom_callbacks.c:98:6:TIM3_ch1_IP_capture_measurement_reelapse_callback	16	static
../Core/Src/custom_callbacks.c:123:6:UART2_TX_transfer_complete_callback	0	static
../Core/Src/custom_callbacks.c:128:6:UART2_RX_transfer_complete_callback	8	static
../Core/Src/custom_callbacks.c:139:6:HAL_GPIO_EXTI_Falling_Callback	8	static
../Core/Src/custom_callbacks.c:148:6:HAL_GPIO_EXTI_Rising_Callback	8	static
../Core/Src/custom_callbacks.c:170:6:LPTIM1_callback	16	static
../Core/Src/custom_callbacks.c:223:6:TIM17_callback	0	static
../Core/Src/custom_callbacks.c:228:6:TIM14_callback	8	static
