../Core/Src/custom_callbacks.c:3:6:TIM16_callback	8	static
../Core/Src/custom_callbacks.c:16:6:ADC_DMA_conversion_complete_callback	8	static
../Core/Src/custom_callbacks.c:40:6:TIM2_ch1_IP_capture_callback	16	static
../Core/Src/custom_callbacks.c:106:6:TIM2_ch1_overflow_callback	0	static
../Core/Src/custom_callbacks.c:119:6:TIM3_ch1_IP_capture_measurement_reelapse_callback	8	static
../Core/Src/custom_callbacks.c:141:6:HAL_GPIO_EXTI_Falling_Callback	8	static
../Core/Src/custom_callbacks.c:176:6:HAL_GPIO_EXTI_Rising_Callback	8	static
../Core/Src/custom_callbacks.c:184:6:UART2_TX_transfer_complete_callback	0	static
../Core/Src/custom_callbacks.c:189:6:UART2_RX_transfer_complete_callback	8	static
../Core/Src/custom_callbacks.c:200:6:LPTIM1_callback	8	static
../Core/Src/custom_callbacks.c:221:6:TIM17_callback_speed_pot_check	8	static
