../Core/Src/MIDI.c:12:15:Is_Status_Byte	0	static
../Core/Src/MIDI.c:28:15:Is_Data_Byte	0	static
../Core/Src/MIDI.c:44:15:Is_PC_Status_Byte	0	static
../Core/Src/MIDI.c:62:15:Is_CC_Status_Byte	0	static
../Core/Src/MIDI.c:80:15:Is_Utilised_Channel_Mode_CC_First_Data_Byte	0	static
../Core/Src/MIDI.c:111:15:Is_Utilised_CC_First_Data_Byte	0	static
../Core/Src/MIDI.c:146:15:Channel_Mode_CC_Second_Data_Byte_Is_Valid_Given_Utilised_First_Data_Byte	0	static
../Core/Src/MIDI.c:198:9:Process_Channel_Mode_Message	8	static
../Core/Src/MIDI.c:230:15:Is_Sysex_Start_Status_Byte	0	static
../Core/Src/MIDI.c:242:15:Is_Sysex_End_Status_Byte	0	static
../Core/Src/MIDI.c:254:15:Is_Channel_Status_Byte_On_Basic_Channel	8	static
../Core/Src/MIDI.c:269:15:Is_Data_Buffer_Empty	0	static
../Core/Src/MIDI.c:288:9:Num_Data_Bytes_Received	0	static
../Core/Src/MIDI.c:339:9:Clear_Data_Buffer	0	static
../Core/Src/MIDI.c:349:15:Is_Program_Change_Data_Byte_In_Range	0	static
../Core/Src/MIDI.c:361:15:Is_System_Real_Time_Status_Byte	0	static
../Core/Src/MIDI.c:386:15:Is_OMNI_On	8	static
../Core/Src/MIDI.c:400:9:Reset_and_Stop_MIDI_Software_Timer	16	static
