../Core/Src/MIDI.c:29:15:Is_Status_Byte	0	static
../Core/Src/MIDI.c:45:15:Is_Data_Byte	0	static
../Core/Src/MIDI.c:61:15:Is_PC_Status_Byte	0	static
../Core/Src/MIDI.c:79:15:Is_CC_Status_Byte	0	static
../Core/Src/MIDI.c:97:15:Is_Utilised_Channel_Mode_CC_First_Data_Byte	0	static
../Core/Src/MIDI.c:128:15:Is_Utilised_CC_First_Data_Byte	0	static
../Core/Src/MIDI.c:163:15:Channel_Mode_CC_Second_Data_Byte_Is_Valid_Given_Utilised_First_Data_Byte	0	static
../Core/Src/MIDI.c:215:9:Process_Channel_Mode_Message	8	static
../Core/Src/MIDI.c:247:9:Process_CC_Message	0	static
../Core/Src/MIDI.c:286:9:Reset_All_Controllers	0	static
../Core/Src/MIDI.c:295:15:Is_Sysex_Start_Status_Byte	0	static
../Core/Src/MIDI.c:309:15:Is_Sysex_End_Status_Byte	0	static
../Core/Src/MIDI.c:323:15:Is_Channel_Status_Byte_On_Basic_Channel	8	static
../Core/Src/MIDI.c:338:15:Is_Data_Buffer_Empty	0	static
../Core/Src/MIDI.c:357:9:Num_Data_Bytes_Received	0	static
../Core/Src/MIDI.c:408:9:Clear_Data_Buffer	0	static
../Core/Src/MIDI.c:418:15:Is_Program_Change_Data_Byte_In_Range	0	static
../Core/Src/MIDI.c:432:15:Is_System_Real_Time_Status_Byte	0	static
../Core/Src/MIDI.c:457:15:Is_OMNI_On	8	static
../Core/Src/MIDI.c:471:9:Reset_and_Stop_MIDI_Software_Timer	16	static
../Core/Src/MIDI.c:480:9:Initialise_Preset_Arrays	0	static
../Core/Src/MIDI.c:505:9:Update_Params_Based_On_Mode_Selected	20	static
../Core/Src/MIDI.c:545:9:Convert_All_Preset_Values	0	static
../Core/Src/MIDI.c:556:9:Update_All_with_Converted_Preset_Values	0	static
../Core/Src/MIDI.c:581:9:Update_Waveshape_with_Converted_Preset_Value	0	static
../Core/Src/MIDI.c:598:9:Update_Speed_with_Converted_Preset_Value	0	static
../Core/Src/MIDI.c:605:9:Update_Depth_with_Converted_Preset_Value	0	static
../Core/Src/MIDI.c:612:9:Update_Symmetry_with_Converted_Preset_Value	0	static
../Core/Src/MIDI.c:619:9:Update_Phase_with_Converted_Preset_Value	0	static
../Core/Src/MIDI.c:626:9:Convert_Waveshape_Preset_Value	0	static
../Core/Src/MIDI.c:633:9:Convert_Speed_Preset_Value	0	static
../Core/Src/MIDI.c:640:9:Convert_Depth_Preset_Value	0	static
../Core/Src/MIDI.c:647:9:Convert_Symmetry_Preset_Value	0	static
../Core/Src/MIDI.c:654:9:Convert_Phase_Preset_Value	0	static
../Core/Src/MIDI.c:661:9:Pack_Preset_Into_Doubleword	20	static
../Core/Src/MIDI.c:675:9:Read_and_Interpret_Preset_From_Flash	8	static
../Core/Src/MIDI.c:693:9:Pack_Misc_Into_Doubleword	48	static
../Core/Src/MIDI.c:724:9:Read_and_Interpret_Misc_From_Flash	32	static
../Core/Src/MIDI.c:782:9:Update_Converted_Preset_Array_with_User_or_Factory_Presets	24	static
../Core/Src/MIDI.c:801:9:Read_and_Interpret_User_Presets_From_Flash	0	static
../Core/Src/MIDI.c:811:9:Update_Waveshape_with_CC_Value	0	static
../Core/Src/MIDI.c:828:9:Update_Speed_with_CC_Value	0	static
../Core/Src/MIDI.c:838:9:Update_Depth_with_CC_Value	0	static
../Core/Src/MIDI.c:846:9:Update_Symmetry_with_CC_Value	0	static
../Core/Src/MIDI.c:856:9:Update_Phase_with_CC_Value	0	static
