../Core/Src/oscillator.c:23:9:Start_PWM_Gen_Timer_Main_and_Secondary_Oscillators	24	static
../Core/Src/oscillator.c:38:9:Start_Freq_Gen_Timer	8	static
../Core/Src/oscillator.c:67:9:Process_Phase_Accumulator_Base_Increment	8	static
../Core/Src/oscillator.c:85:9:Set_Oscillator_Values	0	static
../Core/Src/oscillator.c:124:9:Calculate_Next_Main_Oscillator_Values	0	static
../Core/Src/oscillator.c:220:9:Write_Next_Main_Oscillator_Values_to_Delay_Line	0	static
../Core/Src/oscillator.c:255:9:Process_ADC_Conversion_Values	0	static
