../Core/Src/stm32g0xx_it.c:70:6:NMI_Handler	0	static
../Core/Src/stm32g0xx_it.c:85:6:HardFault_Handler	0	static
../Core/Src/stm32g0xx_it.c:100:6:SVC_Handler	0	static
../Core/Src/stm32g0xx_it.c:113:6:PendSV_Handler	0	static
../Core/Src/stm32g0xx_it.c:126:6:SysTick_Handler	8	static
../Core/Src/stm32g0xx_it.c:147:6:EXTI4_15_IRQHandler	8	static
../Core/Src/stm32g0xx_it.c:163:6:DMA1_Channel1_IRQHandler	8	static
../Core/Src/stm32g0xx_it.c:177:6:DMA1_Channel2_3_IRQHandler	8	static
../Core/Src/stm32g0xx_it.c:192:6:TIM2_IRQHandler	8	static
../Core/Src/stm32g0xx_it.c:206:6:TIM3_IRQHandler	8	static
../Core/Src/stm32g0xx_it.c:220:6:TIM16_IRQHandler	8	static
../Core/Src/stm32g0xx_it.c:234:6:TIM17_IRQHandler	8	static
../Core/Src/stm32g0xx_it.c:248:6:USART2_IRQHandler	8	static
../Core/Src/stm32g0xx_it.c:263:6:LPTIM1_IRQHandler	8	static
