../Core/Src/stm32g0xx_hal_msp.c:67:6:HAL_MspInit	8	static
../Core/Src/stm32g0xx_hal_msp.c:90:6:HAL_ADC_MspInit	48	static
../Core/Src/stm32g0xx_hal_msp.c:145:6:HAL_ADC_MspDeInit	8	static
../Core/Src/stm32g0xx_hal_msp.c:178:6:HAL_LPTIM_MspInit	80	static
../Core/Src/stm32g0xx_hal_msp.c:225:6:HAL_LPTIM_MspDeInit	8	static
../Core/Src/stm32g0xx_hal_msp.c:254:6:HAL_TIM_Base_MspInit	96	static
../Core/Src/stm32g0xx_hal_msp.c:353:6:HAL_TIM_MspPostInit	48	static
../Core/Src/stm32g0xx_hal_msp.c:394:6:HAL_TIM_Base_MspDeInit	8	static
../Core/Src/stm32g0xx_hal_msp.c:477:6:HAL_UART_MspInit	48	static
../Core/Src/stm32g0xx_hal_msp.c:552:6:HAL_UART_MspDeInit	8	static
