../Core/Src/stm32g0xx_it.c:69:6:NMI_Handler	0	static
../Core/Src/stm32g0xx_it.c:84:6:HardFault_Handler	0	static
../Core/Src/stm32g0xx_it.c:99:6:SVC_Handler	0	static
../Core/Src/stm32g0xx_it.c:112:6:PendSV_Handler	0	static
../Core/Src/stm32g0xx_it.c:125:6:SysTick_Handler	8	static
../Core/Src/stm32g0xx_it.c:146:6:DMA1_Channel1_IRQHandler	8	static
../Core/Src/stm32g0xx_it.c:160:6:DMA1_Ch4_5_DMAMUX1_OVR_IRQHandler	0	static
../Core/Src/stm32g0xx_it.c:171:6:TIM16_IRQHandler	8	static
../Core/Src/stm32g0xx_it.c:176:6:TIM2_IRQHandler	8	static
../Core/Src/stm32g0xx_it.c:181:6:TIM3_IRQHandler	8	static
../Core/Src/stm32g0xx_it.c:187:6:TIM17_IRQHandler	8	static
../Core/Src/stm32g0xx_it.c:192:6:EXTI4_15_IRQHandler	8	static
