../Core/Src/system.c:57:9:Global_Interrupt_Enable	0	static,ignoring_inline_asm
../Core/Src/system.c:63:9:Global_Interrupt_Disable	0	static,ignoring_inline_asm
../Core/Src/system.c:69:9:Startup	8	static
../Core/Src/system.c:97:9:Start_PWM_Gen_Timer_Main_and_Secondary_Oscillators	24	static
../Core/Src/system.c:112:9:Start_Freq_Gen_Timer	8	static
../Core/Src/system.c:124:9:Start_OC_TIM	8	static
../Core/Src/system.c:137:9:Stop_OC_TIM	8	static
../Core/Src/system.c:149:9:Start_IC_TIM	16	static
../Core/Src/system.c:162:9:Start_Input_Capture_Timer	16	static
../Core/Src/system.c:174:9:Process_TIM16_Raw_Start_Value_and_Raw_Prescaler	16	static
../Core/Src/system.c:194:9:Adjust_TIM16_Prescaler	8	static
../Core/Src/system.c:205:9:Process_TIM16_Final_Start_Value_and_Final_Prescaler	24	static
../Core/Src/system.c:591:10:unsigned_bitwise_modulo	0	static
../Core/Src/system.c:596:9:Speed_pot_check	0	static
../Core/Src/system.c:639:9:Check_Tap_Tempo_Switch_State	8	static
../Core/Src/system.c:679:9:Start_Tap_Tempo_Monitoring_Timers_and_UART_Receive	8	static
