../Core/Src/system.c:54:9:Global_Interrupt_Enable	0	static,ignoring_inline_asm
../Core/Src/system.c:60:9:Global_Interrupt_Disable	0	static,ignoring_inline_asm
../Core/Src/system.c:66:9:Start_PWM_Gen_Timer_Main_Oscillator	16	static
../Core/Src/system.c:78:9:Start_PWM_Gen_Timer_Secondary_Oscillator	16	static
../Core/Src/system.c:90:9:Start_Freq_Gen_Timer	8	static
../Core/Src/system.c:102:9:Start_PWM_TIM	16	static
../Core/Src/system.c:116:9:Start_OC_TIM	8	static
../Core/Src/system.c:129:9:Stop_OC_TIM	8	static
../Core/Src/system.c:141:9:Start_IC_TIM	16	static
../Core/Src/system.c:154:9:Start_Input_Capture_Timer	16	static
../Core/Src/system.c:166:9:Process_TIM16_Raw_Start_Value_and_Raw_Prescaler	0	static
../Core/Src/system.c:194:9:Adjust_TIM16_Prescaler	0	static
../Core/Src/system.c:205:9:Process_TIM16_Final_Start_Value_and_Prescaler_Adjust	32	static
../Core/Src/system.c:587:10:unsigned_bitwise_modulo	0	static
