../Core/Src/system.c:38:9:Global_Interrupt_Enable	0	static,ignoring_inline_asm
../Core/Src/system.c:44:9:Global_Interrupt_Disable	0	static,ignoring_inline_asm
../Core/Src/system.c:50:9:Startup	8	static
../Core/Src/system.c:75:9:Start_PWM_Gen_Timer_Main_and_Secondary_Oscillators	24	static
../Core/Src/system.c:90:9:Start_Freq_Gen_Timer	8	static
../Core/Src/system.c:102:9:Start_OC_TIM	8	static
../Core/Src/system.c:115:9:Stop_OC_TIM	8	static
../Core/Src/system.c:127:9:Start_IC_TIM	16	static
../Core/Src/system.c:140:9:Start_Input_Capture_Timer	16	static
../Core/Src/system.c:152:9:Process_TIM16_Raw_Start_Value_and_Raw_Prescaler	0	static
../Core/Src/system.c:168:9:Adjust_TIM16_Prescaler	0	static
../Core/Src/system.c:179:9:Process_TIM16_Final_Start_Value_and_Final_Prescaler	20	static
../Core/Src/system.c:563:10:unsigned_bitwise_modulo	0	static
../Core/Src/system.c:568:9:Speed_Pot_Check	8	static
../Core/Src/system.c:617:9:Check_Tap_Tempo_Switch_State	8	static
../Core/Src/system.c:657:9:Start_UART_Receive	8	static
../Core/Src/system.c:703:15:isPrime	16	static
../Core/Src/system.c:711:9:Calculate_Next_Main_Oscillator_Values	0	static
../Core/Src/system.c:665:9:Input_Capture_Processing	32	static
../Core/Src/system.c:794:9:Write_Next_Main_Oscillator_Values_to_Delay_Line	12	static
../Core/Src/system.c:829:9:Process_ADC_Conversion_Values	12	static
../Core/Src/system.c:867:9:Set_Oscillator_Values	0	static
