../Core/Src/system.c:50:9:Global_Interrupt_Enable	0	static,ignoring_inline_asm
../Core/Src/system.c:56:9:Global_Interrupt_Disable	0	static,ignoring_inline_asm
../Core/Src/system.c:62:9:Start_ADC_Trig_Timer	8	static
../Core/Src/system.c:74:9:Start_PWM_Gen_Timer	8	static
../Core/Src/system.c:86:9:Start_Freq_Gen_Timer	8	static
../Core/Src/system.c:98:9:Start_PWM_TIM	16	static
../Core/Src/system.c:112:9:Start_OC_TIM	8	static
../Core/Src/system.c:125:9:Stop_OC_TIM	8	static
../Core/Src/system.c:137:9:Start_IC_TIM	8	static
../Core/Src/system.c:149:9:Start_Input_Capture_Timer	8	static
../Core/Src/system.c:161:9:Process_TIM16_Raw_Start_Value_and_Raw_Prescaler	0	static
../Core/Src/system.c:189:9:Adjust_TIM16_Prescaler	0	static
../Core/Src/system.c:200:9:Process_TIM16_Final_Start_Value_and_Prescaler_Adjust	32	static
../Core/Src/system.c:582:10:unsigned_bitwise_modulo	0	static
