../Core/Src/system.c:57:9:Global_Interrupt_Enable	0	static,ignoring_inline_asm
../Core/Src/system.c:63:9:Global_Interrupt_Disable	0	static,ignoring_inline_asm
../Core/Src/system.c:69:9:Startup	8	static
../Core/Src/system.c:87:9:Start_PWM_Gen_Timer_Main_Oscillator	16	static
../Core/Src/system.c:99:9:Start_PWM_Gen_Timer_Secondary_Oscillator	16	static
../Core/Src/system.c:111:9:Start_Freq_Gen_Timer	8	static
../Core/Src/system.c:123:9:Start_PWM_TIM	16	static
../Core/Src/system.c:137:9:Start_OC_TIM	8	static
../Core/Src/system.c:150:9:Stop_OC_TIM	8	static
../Core/Src/system.c:162:9:Start_IC_TIM	16	static
../Core/Src/system.c:175:9:Start_Input_Capture_Timer	16	static
../Core/Src/system.c:187:9:Process_TIM16_Raw_Start_Value_and_Raw_Prescaler	0	static
../Core/Src/system.c:215:9:Adjust_TIM16_Prescaler	0	static
../Core/Src/system.c:226:9:Process_TIM16_Final_Start_Value_and_Prescaler_Adjust	32	static
../Core/Src/system.c:608:10:unsigned_bitwise_modulo	0	static
../Core/Src/system.c:613:9:Speed_pot_check	0	static
