../Core/Src/system.c:37:9:Global_Interrupt_Enable	0	static,ignoring_inline_asm
../Core/Src/system.c:43:9:Global_Interrupt_Disable	0	static,ignoring_inline_asm
../Core/Src/system.c:49:9:Startup	8	static
../Core/Src/system.c:74:9:Start_PWM_Gen_Timer_Main_and_Secondary_Oscillators	24	static
../Core/Src/system.c:89:9:Start_Freq_Gen_Timer	8	static
../Core/Src/system.c:101:9:Start_OC_TIM	8	static
../Core/Src/system.c:114:9:Stop_OC_TIM	8	static
../Core/Src/system.c:126:9:Start_IC_TIM	16	static
../Core/Src/system.c:139:9:Start_Input_Capture_Timer	16	static
../Core/Src/system.c:151:9:Process_TIM16_Raw_Start_Value_and_Raw_Prescaler	0	static
../Core/Src/system.c:167:9:Adjust_TIM16_Prescaler	0	static
../Core/Src/system.c:178:9:Process_TIM16_Final_Start_Value_and_Final_Prescaler	20	static
../Core/Src/system.c:562:10:unsigned_bitwise_modulo	0	static
../Core/Src/system.c:567:9:Speed_Pot_Check	8	static
../Core/Src/system.c:616:9:Check_Tap_Tempo_Switch_State	8	static
../Core/Src/system.c:656:9:Start_UART_Receive	8	static
../Core/Src/system.c:702:15:isPrime	16	static
../Core/Src/system.c:710:9:Calculate_Next_Main_Oscillator_Values	0	static
../Core/Src/system.c:664:9:Input_Capture_Processing	32	static
../Core/Src/system.c:793:9:Write_Next_Main_Oscillator_Values_to_Delay_Line	12	static
../Core/Src/system.c:828:9:Process_ADC_Conversion_Values	12	static
../Core/Src/system.c:866:9:Set_Oscillator_Values	0	static
