../Core/Src/system.c:36:9:Global_Interrupt_Enable	0	static,ignoring_inline_asm
../Core/Src/system.c:42:9:Global_Interrupt_Disable	0	static,ignoring_inline_asm
../Core/Src/system.c:48:9:Start_ADC_Trig_Timer	8	static
../Core/Src/system.c:60:9:Start_PWM_Gen_Timer	8	static
../Core/Src/system.c:72:9:Start_Freq_Gen_Timer	8	static
../Core/Src/system.c:84:9:Start_PWM_TIM	16	static
../Core/Src/system.c:98:9:Start_OC_TIM	8	static
../Core/Src/system.c:111:9:Stop_OC_TIM	8	static
../Core/Src/system.c:123:9:Start_IC_TIM	8	static
../Core/Src/system.c:135:9:Start_Input_Capture_Timer	8	static
../Core/Src/system.c:147:9:Process_TIM16_Raw_Start_Value_and_Raw_Prescaler	0	static
../Core/Src/system.c:175:9:Adjust_TIM16_Prescaler	0	static
../Core/Src/system.c:186:9:Process_TIM16_Final_Start_Value_and_Prescaler_Adjust	32	static
../Core/Src/system.c:568:10:unsigned_bitwise_modulo	0	static
