../Core/Src/system.c:39:9:Global_Interrupt_Enable	8	static,ignoring_inline_asm
../Core/Src/system.c:45:9:Global_Interrupt_Disable	8	static,ignoring_inline_asm
../Core/Src/system.c:51:9:Start_ADC_Trig_Timer	24	static
../Core/Src/system.c:63:9:Start_PWM_Gen_Timer	24	static
../Core/Src/system.c:75:9:Start_Freq_Gen_Timer	24	static
../Core/Src/system.c:87:9:Start_PWM_TIM	32	static
../Core/Src/system.c:101:9:Start_OC_TIM	32	static
../Core/Src/system.c:114:9:Stop_OC_TIM	32	static
../Core/Src/system.c:126:9:Process_TIM16_Raw_Start_Value_and_Raw_Prescaler	24	static
../Core/Src/system.c:153:9:Adjust_and_Set_TIM16_Prescaler	16	static
../Core/Src/system.c:171:9:Process_TIM16_Final_Start_Value_and_Prescaler_Adjust	32	static
../Core/Src/system.c:507:10:unsigned_bitwise_modulo	16	static
