../Core/Src/system.c:41:9:Global_Interrupt_Enable	8	static,ignoring_inline_asm
../Core/Src/system.c:47:9:Global_Interrupt_Disable	8	static,ignoring_inline_asm
../Core/Src/system.c:53:9:Start_ADC_Trig_Timer	24	static
../Core/Src/system.c:65:9:Start_PWM_Gen_Timer	24	static
../Core/Src/system.c:77:9:Start_Freq_Gen_Timer	24	static
../Core/Src/system.c:89:9:Start_PWM_TIM	32	static
../Core/Src/system.c:103:9:Start_OC_TIM	32	static
../Core/Src/system.c:116:9:Stop_OC_TIM	32	static
../Core/Src/system.c:128:9:Process_TIM16_Raw_Start_Value_and_Raw_Prescaler	24	static
../Core/Src/system.c:156:9:Adjust_and_Set_TIM16_Prescaler	16	static
../Core/Src/system.c:177:13:Shorten_Period	16	static
../Core/Src/system.c:217:13:Lengthen_Period	16	static
../Core/Src/system.c:265:9:Process_TIM16_Final_Start_Value_and_Prescaler_Adjust	16	static
../Core/Src/system.c:307:9:Process_TIM16_Final_Start_Value_and_Prescaler_Adjust_Slow_Speeds	16	static
