../Core/Src/system.c:33:9:Global_Interrupt_Enable	0	static,ignoring_inline_asm
../Core/Src/system.c:39:9:Global_Interrupt_Disable	0	static,ignoring_inline_asm
../Core/Src/system.c:45:9:Start_ADC_Trig_Timer	8	static
../Core/Src/system.c:57:9:Start_PWM_Gen_Timer	8	static
../Core/Src/system.c:69:9:Start_Freq_Gen_Timer	8	static
../Core/Src/system.c:81:9:Start_PWM_TIM	16	static
../Core/Src/system.c:95:9:Start_OC_TIM	8	static
../Core/Src/system.c:108:9:Stop_OC_TIM	8	static
../Core/Src/system.c:120:9:Start_IC_TIM	8	static
../Core/Src/system.c:132:9:Start_Input_Capture_Timer	8	static
../Core/Src/system.c:144:9:Process_TIM16_Raw_Start_Value_and_Raw_Prescaler	0	static
../Core/Src/system.c:172:9:Adjust_TIM16_Prescaler	0	static
../Core/Src/system.c:183:9:Process_TIM16_Final_Start_Value_and_Prescaler_Adjust	32	static
../Core/Src/system.c:565:10:unsigned_bitwise_modulo	0	static
