../Core/Src/main.c:84:5:main	1
../Core/Src/main.c:137:6:SystemClock_Config	3
../Core/Src/main.c:178:13:MX_ADC1_Init	6
../Core/Src/main.c:261:13:MX_TIM1_Init	7
../Core/Src/main.c:342:13:MX_TIM2_Init	6
../Core/Src/main.c:400:13:MX_TIM3_Init	6
../Core/Src/main.c:458:13:MX_TIM14_Init	4
../Core/Src/main.c:504:13:MX_TIM16_Init	5
../Core/Src/main.c:567:13:MX_TIM17_Init	5
../Core/Src/main.c:630:13:MX_USART2_UART_Init	2
../Core/Src/main.c:664:13:MX_DMA_Init	1
../Core/Src/main.c:682:13:MX_GPIO_Init	1
../Core/Src/main.c:731:6:Error_Handler	1
