../Core/Src/main.c:88:5:main	8	static
../Core/Src/main.c:141:6:SystemClock_Config	88	static
../Core/Src/main.c:189:13:MX_ADC1_Init	24	static
../Core/Src/main.c:272:13:MX_IWDG_Init	8	static
../Core/Src/main.c:301:13:MX_TIM1_Init	120	static
../Core/Src/main.c:387:13:MX_TIM2_Init	56	static
../Core/Src/main.c:445:13:MX_TIM3_Init	64	static
../Core/Src/main.c:503:13:MX_TIM16_Init	88	static
../Core/Src/main.c:566:13:MX_TIM17_Init	88	static
../Core/Src/main.c:629:13:MX_USART2_UART_Init	8	static
../Core/Src/main.c:665:13:MX_DMA_Init	16	static
../Core/Src/main.c:701:13:MX_GPIO_Init	56	static
../Core/Src/main.c:761:6:Error_Handler	8	static,ignoring_inline_asm
