../Core/Src/main.c:90:5:main	8	static
../Core/Src/main.c:144:6:SystemClock_Config	88	static
../Core/Src/main.c:192:13:MX_ADC1_Init	24	static
../Core/Src/main.c:275:13:MX_IWDG_Init	8	static
../Core/Src/main.c:304:13:MX_LPTIM1_Init	8	static
../Core/Src/main.c:338:13:MX_TIM1_Init	120	static
../Core/Src/main.c:424:13:MX_TIM2_Init	56	static
../Core/Src/main.c:482:13:MX_TIM3_Init	64	static
../Core/Src/main.c:540:13:MX_TIM16_Init	88	static
../Core/Src/main.c:603:13:MX_TIM17_Init	88	static
../Core/Src/main.c:666:13:MX_USART2_UART_Init	8	static
../Core/Src/main.c:700:13:MX_DMA_Init	16	static
../Core/Src/main.c:721:13:MX_GPIO_Init	56	static
../Core/Src/main.c:781:6:Error_Handler	8	static,ignoring_inline_asm
