../Core/Src/stm32g0xx_it.c:76:6:NMI_Handler	8	static
../Core/Src/stm32g0xx_it.c:91:6:HardFault_Handler	8	static
../Core/Src/stm32g0xx_it.c:106:6:SVC_Handler	8	static
../Core/Src/stm32g0xx_it.c:119:6:PendSV_Handler	8	static
../Core/Src/stm32g0xx_it.c:132:6:SysTick_Handler	8	static
../Core/Src/stm32g0xx_it.c:153:6:EXTI4_15_IRQHandler	8	static
../Core/Src/stm32g0xx_it.c:167:6:DMA1_Channel1_IRQHandler	8	static
../Core/Src/stm32g0xx_it.c:181:6:DMA1_Channel2_3_IRQHandler	8	static
../Core/Src/stm32g0xx_it.c:196:6:TIM2_IRQHandler	8	static
../Core/Src/stm32g0xx_it.c:210:6:TIM3_IRQHandler	8	static
../Core/Src/stm32g0xx_it.c:224:6:TIM16_IRQHandler	8	static
../Core/Src/stm32g0xx_it.c:238:6:TIM17_IRQHandler	8	static
../Core/Src/stm32g0xx_it.c:252:6:USART2_IRQHandler	8	static
