Archive member included to satisfy reference by file (symbol)

C:/ST/STM32CubeIDE_1.16.1/STM32CubeIDE/plugins/com.st.stm32cube.ide.mcu.externaltools.gnu-tools-for-stm32.12.3.rel1.win32_1.1.0.202410251130/tools/bin/../lib/gcc/arm-none-eabi/12.3.1/../../../../arm-none-eabi/lib/thumb/v6-m/nofp\libc_nano.a(libc_a-exit.o)
                              C:/ST/STM32CubeIDE_1.16.1/STM32CubeIDE/plugins/com.st.stm32cube.ide.mcu.externaltools.gnu-tools-for-stm32.12.3.rel1.win32_1.1.0.202410251130/tools/bin/../lib/gcc/arm-none-eabi/12.3.1/../../../../arm-none-eabi/lib/thumb/v6-m/nofp/crt0.o (exit)
C:/ST/STM32CubeIDE_1.16.1/STM32CubeIDE/plugins/com.st.stm32cube.ide.mcu.externaltools.gnu-tools-for-stm32.12.3.rel1.win32_1.1.0.202410251130/tools/bin/../lib/gcc/arm-none-eabi/12.3.1/../../../../arm-none-eabi/lib/thumb/v6-m/nofp\libc_nano.a(libc_a-findfp.o)
                              C:/ST/STM32CubeIDE_1.16.1/STM32CubeIDE/plugins/com.st.stm32cube.ide.mcu.externaltools.gnu-tools-for-stm32.12.3.rel1.win32_1.1.0.202410251130/tools/bin/../lib/gcc/arm-none-eabi/12.3.1/../../../../arm-none-eabi/lib/thumb/v6-m/nofp\libc_nano.a(libc_a-exit.o) (__stdio_exit_handler)
C:/ST/STM32CubeIDE_1.16.1/STM32CubeIDE/plugins/com.st.stm32cube.ide.mcu.externaltools.gnu-tools-for-stm32.12.3.rel1.win32_1.1.0.202410251130/tools/bin/../lib/gcc/arm-none-eabi/12.3.1/../../../../arm-none-eabi/lib/thumb/v6-m/nofp\libc_nano.a(libc_a-fwalk.o)
                              C:/ST/STM32CubeIDE_1.16.1/STM32CubeIDE/plugins/com.st.stm32cube.ide.mcu.externaltools.gnu-tools-for-stm32.12.3.rel1.win32_1.1.0.202410251130/tools/bin/../lib/gcc/arm-none-eabi/12.3.1/../../../../arm-none-eabi/lib/thumb/v6-m/nofp\libc_nano.a(libc_a-findfp.o) (_fwalk_sglue)
C:/ST/STM32CubeIDE_1.16.1/STM32CubeIDE/plugins/com.st.stm32cube.ide.mcu.externaltools.gnu-tools-for-stm32.12.3.rel1.win32_1.1.0.202410251130/tools/bin/../lib/gcc/arm-none-eabi/12.3.1/../../../../arm-none-eabi/lib/thumb/v6-m/nofp\libc_nano.a(libc_a-stdio.o)
                              C:/ST/STM32CubeIDE_1.16.1/STM32CubeIDE/plugins/com.st.stm32cube.ide.mcu.externaltools.gnu-tools-for-stm32.12.3.rel1.win32_1.1.0.202410251130/tools/bin/../lib/gcc/arm-none-eabi/12.3.1/../../../../arm-none-eabi/lib/thumb/v6-m/nofp\libc_nano.a(libc_a-findfp.o) (__sread)
C:/ST/STM32CubeIDE_1.16.1/STM32CubeIDE/plugins/com.st.stm32cube.ide.mcu.externaltools.gnu-tools-for-stm32.12.3.rel1.win32_1.1.0.202410251130/tools/bin/../lib/gcc/arm-none-eabi/12.3.1/../../../../arm-none-eabi/lib/thumb/v6-m/nofp\libc_nano.a(libc_a-memset.o)
                              C:/ST/STM32CubeIDE_1.16.1/STM32CubeIDE/plugins/com.st.stm32cube.ide.mcu.externaltools.gnu-tools-for-stm32.12.3.rel1.win32_1.1.0.202410251130/tools/bin/../lib/gcc/arm-none-eabi/12.3.1/../../../../arm-none-eabi/lib/thumb/v6-m/nofp/crt0.o (memset)
C:/ST/STM32CubeIDE_1.16.1/STM32CubeIDE/plugins/com.st.stm32cube.ide.mcu.externaltools.gnu-tools-for-stm32.12.3.rel1.win32_1.1.0.202410251130/tools/bin/../lib/gcc/arm-none-eabi/12.3.1/../../../../arm-none-eabi/lib/thumb/v6-m/nofp\libc_nano.a(libc_a-closer.o)
                              C:/ST/STM32CubeIDE_1.16.1/STM32CubeIDE/plugins/com.st.stm32cube.ide.mcu.externaltools.gnu-tools-for-stm32.12.3.rel1.win32_1.1.0.202410251130/tools/bin/../lib/gcc/arm-none-eabi/12.3.1/../../../../arm-none-eabi/lib/thumb/v6-m/nofp\libc_nano.a(libc_a-stdio.o) (_close_r)
C:/ST/STM32CubeIDE_1.16.1/STM32CubeIDE/plugins/com.st.stm32cube.ide.mcu.externaltools.gnu-tools-for-stm32.12.3.rel1.win32_1.1.0.202410251130/tools/bin/../lib/gcc/arm-none-eabi/12.3.1/../../../../arm-none-eabi/lib/thumb/v6-m/nofp\libc_nano.a(libc_a-reent.o)
                              C:/ST/STM32CubeIDE_1.16.1/STM32CubeIDE/plugins/com.st.stm32cube.ide.mcu.externaltools.gnu-tools-for-stm32.12.3.rel1.win32_1.1.0.202410251130/tools/bin/../lib/gcc/arm-none-eabi/12.3.1/../../../../arm-none-eabi/lib/thumb/v6-m/nofp\libc_nano.a(libc_a-closer.o) (errno)
C:/ST/STM32CubeIDE_1.16.1/STM32CubeIDE/plugins/com.st.stm32cube.ide.mcu.externaltools.gnu-tools-for-stm32.12.3.rel1.win32_1.1.0.202410251130/tools/bin/../lib/gcc/arm-none-eabi/12.3.1/../../../../arm-none-eabi/lib/thumb/v6-m/nofp\libc_nano.a(libc_a-impure.o)
                              C:/ST/STM32CubeIDE_1.16.1/STM32CubeIDE/plugins/com.st.stm32cube.ide.mcu.externaltools.gnu-tools-for-stm32.12.3.rel1.win32_1.1.0.202410251130/tools/bin/../lib/gcc/arm-none-eabi/12.3.1/../../../../arm-none-eabi/lib/thumb/v6-m/nofp\libc_nano.a(libc_a-reent.o) (_impure_ptr)
C:/ST/STM32CubeIDE_1.16.1/STM32CubeIDE/plugins/com.st.stm32cube.ide.mcu.externaltools.gnu-tools-for-stm32.12.3.rel1.win32_1.1.0.202410251130/tools/bin/../lib/gcc/arm-none-eabi/12.3.1/../../../../arm-none-eabi/lib/thumb/v6-m/nofp\libc_nano.a(libc_a-lseekr.o)
[...]
Memory Configuration

Name             Origin             Length             Attributes
RAM              0x20000000         0x00002000         xrw
FLASH            0x08000000         0x00010000         xr
*default*        0x00000000         0xffffffff

Linker script and memory map

LOAD C:/ST/STM32CubeIDE_1.16.1/STM32CubeIDE/plugins/com.st.stm32cube.ide.mcu.externaltools.gnu-tools-for-stm32.12.3.rel1.win32_1.1.0.202410251130/tools/bin/../lib/gcc/arm-none-eabi/12.3.1/thumb/v6-m/nofp/crti.o
LOAD C:/ST/STM32CubeIDE_1.16.1/STM32CubeIDE/plugins/com.st.stm32cube.ide.mcu.externaltools.gnu-tools-for-stm32.12.3.rel1.win32_1.1.0.202410251130/tools/bin/../lib/gcc/arm-none-eabi/12.3.1/thumb/v6-m/nofp/crtbegin.o
LOAD C:/ST/STM32CubeIDE_1.16.1/STM32CubeIDE/plugins/com.st.stm32cube.ide.mcu.externaltools.gnu-tools-for-stm32.12.3.rel1.win32_1.1.0.202410251130/tools/bin/../lib/gcc/arm-none-eabi/12.3.1/../../../../arm-none-eabi/lib/thumb/v6-m/nofp/crt0.o
LOAD ./Core/Src/MIDI_defines.o
LOAD ./Core/Src/config.o
LOAD ./Core/Src/custom_callbacks.o
LOAD ./Core/Src/main.o
LOAD ./Core/Src/stm32g0xx_hal_msp.o
LOAD ./Core/Src/stm32g0xx_it.o
LOAD ./Core/Src/syscalls.o
LOAD ./Core/Src/sysmem.o
LOAD ./Core/Src/system.o
LOAD ./Core/Src/system_stm32g0xx.o
LOAD ./Core/Startup/startup_stm32g031k8tx.o
LOAD ./Drivers/STM32G0xx_HAL_Driver/Src/stm32g0xx_hal.o
LOAD ./Drivers/STM32G0xx_HAL_Driver/Src/stm32g0xx_hal_adc.o
LOAD ./Drivers/STM32G0xx_HAL_Driver/Src/stm32g0xx_hal_adc_ex.o
LOAD ./Drivers/STM32G0xx_HAL_Driver/Src/stm32g0xx_hal_cortex.o
LOAD ./Drivers/STM32G0xx_HAL_Driver/Src/stm32g0xx_hal_dma.o
LOAD ./Drivers/STM32G0xx_HAL_Driver/Src/stm32g0xx_hal_dma_ex.o
LOAD ./Drivers/STM32G0xx_HAL_Driver/Src/stm32g0xx_hal_exti.o
LOAD ./Drivers/STM32G0xx_HAL_Driver/Src/stm32g0xx_hal_flash.o
LOAD ./Drivers/STM32G0xx_HAL_Driver/Src/stm32g0xx_hal_flash_ex.o
LOAD ./Drivers/STM32G0xx_HAL_Driver/Src/stm32g0xx_hal_gpio.o
LOAD ./Drivers/STM32G0xx_HAL_Driver/Src/stm32g0xx_hal_iwdg.o
LOAD ./Drivers/STM32G0xx_HAL_Driver/Src/stm32g0xx_hal_lptim.o
LOAD ./Drivers/STM32G0xx_HAL_Driver/Src/stm32g0xx_hal_pwr.o
LOAD ./Drivers/STM32G0xx_HAL_Driver/Src/stm32g0xx_hal_pwr_ex.o
LOAD ./Drivers/STM32G0xx_HAL_Driver/Src/stm32g0xx_hal_rcc.o
LOAD ./Drivers/STM32G0xx_HAL_Driver/Src/stm32g0xx_hal_rcc_ex.o
LOAD ./Drivers/STM32G0xx_HAL_Driver/Src/stm32g0xx_hal_tim.o
LOAD ./Drivers/STM32G0xx_HAL_Driver/Src/stm32g0xx_hal_tim_ex.o
LOAD ./Drivers/STM32G0xx_HAL_Driver/Src/stm32g0xx_hal_uart.o
LOAD ./Drivers/STM32G0xx_HAL_Driver/Src/stm32g0xx_hal_uart_ex.o
LOAD ./Drivers/STM32G0xx_HAL_Driver/Src/stm32g0xx_ll_adc.o
LOAD ./Drivers/STM32G0xx_HAL_Driver/Src/stm32g0xx_ll_rcc.o
START GROUP
LOAD C:/ST/STM32CubeIDE_1.16.1/STM32CubeIDE/plugins/com.st.stm32cube.ide.mcu.externaltools.gnu-tools-for-stm32.12.3.rel1.win32_1.1.0.202410251130/tools/bin/../lib/gcc/arm-none-eabi/12.3.1/../../../../arm-none-eabi/lib/thumb/v6-m/nofp\libc_nano.a
LOAD C:/ST/STM32CubeIDE_1.16.1/STM32CubeIDE/plugins/com.st.stm32cube.ide.mcu.externaltools.gnu-tools-for-stm32.12.3.rel1.win32_1.1.0.202410251130/tools/bin/../lib/gcc/arm-none-eabi/12.3.1/../../../../arm-none-eabi/lib/thumb/v6-m/nofp\libm.a
END GROUP
START GROUP
LOAD C:/ST/STM32CubeIDE_1.16.1/STM32CubeIDE/plugins/com.st.stm32cube.ide.mcu.externaltools.gnu-tools-for-stm32.12.3.rel1.win32_1.1.0.202410251130/tools/bin/../lib/gcc/arm-none-eabi/12.3.1/thumb/v6-m/nofp\libgcc.a
LOAD C:/ST/STM32CubeIDE_1.16.1/STM32CubeIDE/plugins/com.st.stm32cube.ide.mcu.externaltools.gnu-tools-for-stm32.12.3.rel1.win32_1.1.0.202410251130/tools/bin/../lib/gcc/arm-none-eabi/12.3.1/../../../../arm-none-eabi/lib/thumb/v6-m/nofp\libc_nano.a
END GROUP
START GROUP
LOAD C:/ST/STM32CubeIDE_1.16.1/STM32CubeIDE/plugins/com.st.stm32cube.ide.mcu.externaltools.gnu-tools-for-stm32.12.3.rel1.win32_1.1.0.202410251130/tools/bin/../lib/gcc/arm-none-eabi/12.3.1/thumb/v6-m/nofp\libgcc.a
LOAD C:/ST/STM32CubeIDE_1.16.1/STM32CubeIDE/plugins/com.st.stm32cube.ide.mcu.externaltools.gnu-tools-for-stm32.12.3.rel1.win32_1.1.0.202410251130/tools/bin/../lib/gcc/arm-none-eabi/12.3.1/../../../../arm-none-eabi/lib/thumb/v6-m/nofp\libc_nano.a
LOAD C:/ST/STM32CubeIDE_1.16.1/STM32CubeIDE/plugins/com.st.stm32cube.ide.mcu.externaltools.gnu-tools-for-stm32.12.3.rel1.win32_1.1.0.202410251130/tools/bin/../lib/gcc/arm-none-eabi/12.3.1/../../../../arm-none-eabi/lib/thumb/v6-m/nofp\libnosys.a
END GROUP
START GROUP
LOAD C:/ST/STM32CubeIDE_1.16.1/STM32CubeIDE/plugins/com.st.stm32cube.ide.mcu.externaltools.gnu-tools-for-stm32.12.3.rel1.win32_1.1.0.202410251130/tools/bin/../lib/gcc/arm-none-eabi/12.3.1/thumb/v6-m/nofp\libgcc.a
LOAD C:/ST/STM32CubeIDE_1.16.1/STM32CubeIDE/plugins/com.st.stm32cube.ide.mcu.externaltools.gnu-tools-for-stm32.12.3.rel1.win32_1.1.0.202410251130/tools/bin/../lib/gcc/arm-none-eabi/12.3.1/../../../../arm-none-eabi/lib/thumb/v6-m/nofp\libc_nano.a
LOAD C:/ST/STM32CubeIDE_1.16.1/STM32CubeIDE/plugins/com.st.stm32cube.ide.mcu.externaltools.gnu-tools-for-stm32.12.3.rel1.win32_1.1.0.202410251130/tools/bin/../lib/gcc/arm-none-eabi/12.3.1/../../../../arm-none-eabi/lib/thumb/v6-m/nofp\libnosys.a
END GROUP
LOAD C:/ST/STM32CubeIDE_1.16.1/STM32CubeIDE/plugins/com.st.stm32cube.ide.mcu.externaltools.gnu-tools-for-stm32.12.3.rel1.win32_1.1.0.202410251130/tools/bin/../lib/gcc/arm-none-eabi/12.3.1/thumb/v6-m/nofp/crtend.o
LOAD C:/ST/STM32CubeIDE_1.16.1/STM32CubeIDE/plugins/com.st.stm32cube.ide.mcu.externaltools.gnu-tools-for-stm32.12.3.rel1.win32_1.1.0.202410251130/tools/bin/../lib/gcc/arm-none-eabi/12.3.1/thumb/v6-m/nofp/crtn.o
                0x20002000                        _estack = (ORIGIN (RAM) + LENGTH (RAM))
                0x00000200                        _Min_Heap_Size = 0x200
                0x00000400                        _Min_Stack_Size = 0x400

.isr_vector     0x08000000       0xbc
                0x08000000                        . = ALIGN (0x4)
 *(.isr_vector)
 .isr_vector    0x08000000       0xbc ./Core/Startup/startup_stm32g031k8tx.o
                0x08000000                g_pfnVectors
                0x080000bc                        . = ALIGN (0x4)

.text           0x080000bc     0x6a10
                0x080000bc                        . = ALIGN (0x4)
 *(.text)
 .text          0x080000bc       0x48 C:/ST/STM32CubeIDE_1.16.1/STM32CubeIDE/plugins/com.st.stm32cube.ide.mcu.externaltools.gnu-tools-for-stm32.12.3.rel1.win32_1.1.0.202410251130/tools/bin/../lib/gcc/arm-none-eabi/12.3.1/thumb/v6-m/nofp/crtbegin.o
 .text          0x08000104      0x114 C:/ST/STM32CubeIDE_1.16.1/STM32CubeIDE/plugins/com.st.stm32cube.ide.mcu.externaltools.gnu-tools-for-stm32.12.3.rel1.win32_1.1.0.202410251130/tools/bin/../lib/gcc/arm-none-eabi/12.3.1/thumb/v6-m/nofp\libgcc.a(_udivsi3.o)
                0x08000104                __aeabi_uidiv
                0x08000104                __udivsi3
                0x08000210                __aeabi_uidivmod
 .text          0x08000218        0x4 C:/ST/STM32CubeIDE_1.16.1/STM32CubeIDE/plugins/com.st.stm32cube.ide.mcu.externaltools.gnu-tools-for-stm32.12.3.rel1.win32_1.1.0.202410251130/tools/bin/../lib/gcc/arm-none-eabi/12.3.1/thumb/v6-m/nofp\libgcc.a(_dvmd_tls.o)
                0x08000218                __aeabi_idiv0
                0x08000218                __aeabi_ldiv0
 .text          0x0800021c       0x40 C:/ST/STM32CubeIDE_1.16.1/STM32CubeIDE/plugins/com.st.stm32cube.ide.mcu.externaltools.gnu-tools-for-stm32.12.3.rel1.win32_1.1.0.202410251130/tools/bin/../lib/gcc/arm-none-eabi/12.3.1/thumb/v6-m/nofp\libgcc.a(_aeabi_uldivmod.o)
                0x0800021c                __aeabi_uldivmod
 .text          0x0800025c      0x198 C:/ST/STM32CubeIDE_1.16.1/STM32CubeIDE/plugins/com.st.stm32cube.ide.mcu.externaltools.gnu-tools-for-stm32.12.3.rel1.win32_1.1.0.202410251130/tools/bin/../lib/gcc/arm-none-eabi/12.3.1/thumb/v6-m/nofp\libgcc.a(_udivmoddi4.o)
                0x0800025c                __udivmoddi4
 .text          0x080003f4       0x18 C:/ST/STM32CubeIDE_1.16.1/STM32CubeIDE/plugins/com.st.stm32cube.ide.mcu.externaltools.gnu-tools-for-stm32.12.3.rel1.win32_1.1.0.202410251130/tools/bin/../lib/gcc/arm-none-eabi/12.3.1/thumb/v6-m/nofp\libgcc.a(_clzdi2.o)
                0x080003f4                __clzdi2
 .text          0x0800040c       0x3c C:/ST/STM32CubeIDE_1.16.1/STM32CubeIDE/plugins/com.st.stm32cube.ide.mcu.externaltools.gnu-tools-for-stm32.12.3.rel1.win32_1.1.0.202410251130/tools/bin/../lib/gcc/arm-none-eabi/12.3.1/thumb/v6-m/nofp\libgcc.a(_clzsi2.o)
                0x0800040c                __clzsi2
 *(.text*)
 .text.SystemClock_Config
                0x08000448       0x80 ./Core/Src/config.o
                0x08000448                SystemClock_Config
 .text.MX_ADC1_Init
                0x080004c8       0xd4 ./Core/Src/config.o
                0x080004c8                MX_ADC1_Init
 .text.MX_TIM16_Init
                0x0800059c       0xc0 ./Core/Src/config.o
                0x0800059c                MX_TIM16_Init
 .text.MX_TIM2_Init
                0x0800065c       0xb8 ./Core/Src/config.o
                0x0800065c                MX_TIM2_Init
 .text.MX_TIM3_Init
                0x08000714       0xb8 ./Core/Src/config.o
                0x08000714                MX_TIM3_Init
 .text.MX_TIM1_Init
                0x080007cc      0x114 ./Core/Src/config.o
                0x080007cc                MX_TIM1_Init
 .text.MX_TIM17_Init
                0x080008e0       0xb4 ./Core/Src/config.o
                0x080008e0                MX_TIM17_Init
 .text.MX_GPIO_Init
                0x08000994       0xf0 ./Core/Src/config.o
                0x08000994                MX_GPIO_Init
 .text.Error_Handler
                0x08000a84        0x4 ./Core/Src/config.o
                0x08000a84                Error_Handler
 .text.System_Init
                0x08000a88      0x188 ./Core/Src/config.o
                0x08000a88                System_Init
 .text.TIM16_callback
                0x08000c10      0x26c ./Core/Src/custom_callbacks.o
                0x08000c10                TIM16_callback
 .text.ADC_DMA_conversion_complete_callback
                0x08000e7c       0xb8 ./Core/Src/custom_callbacks.o
                0x08000e7c                ADC_DMA_conversion_complete_callback
 .text.TIM2_ch1_IP_capture_callback
                0x08000f34      0x578 ./Core/Src/custom_callbacks.o
                0x08000f34                TIM2_ch1_IP_capture_callback
 .text.TIM2_ch1_overflow_callback
                0x080014ac       0x24 ./Core/Src/custom_callbacks.o
                0x080014ac                TIM2_ch1_overflow_callback
 .text.TIM3_ch1_IP_capture_measurement_reelapse_callback
                0x080014d0       0xc0 ./Core/Src/custom_callbacks.o
                0x080014d0                TIM3_ch1_IP_capture_measurement_reelapse_callback
 .text.TIM17_callback_debounce
                0x08001590       0x48 ./Core/Src/custom_callbacks.o
                0x08001590                TIM17_callback_debounce
 .text.HAL_GPIO_EXTI_Falling_Callback
                0x080015d8       0x5c ./Core/Src/custom_callbacks.o
                0x080015d8                HAL_GPIO_EXTI_Falling_Callback
 .text.HAL_GPIO_EXTI_Rising_Callback
                0x08001634       0x20 ./Core/Src/custom_callbacks.o
                0x08001634                HAL_GPIO_EXTI_Rising_Callback
 .text.UART2_TX_transfer_complete_callback
                0x08001654        0xc ./Core/Src/custom_callbacks.o
                0x08001654                UART2_TX_transfer_complete_callback
 .text.UART2_RX_transfer_complete_callback
                0x08001660       0x40 ./Core/Src/custom_callbacks.o
                0x08001660                UART2_RX_transfer_complete_callback
 .text.LPTIM1_callback
                0x080016a0       0x40 ./Core/Src/custom_callbacks.o
                0x080016a0                LPTIM1_callback
 .text.startup.main
                0x080016e0       0x60 ./Core/Src/main.o
                0x080016e0                main
 .text.HAL_MspInit
                0x08001740       0x30 ./Core/Src/stm32g0xx_hal_msp.o
                0x08001740                HAL_MspInit
 .text.HAL_ADC_MspInit
                0x08001770       0xa0 ./Core/Src/stm32g0xx_hal_msp.o
                0x08001770                HAL_ADC_MspInit
 .text.HAL_LPTIM_MspInit
                0x08001810       0x8c ./Core/Src/stm32g0xx_hal_msp.o
                0x08001810                HAL_LPTIM_MspInit
 .text.HAL_TIM_Base_MspInit
                0x0800189c      0x13c ./Core/Src/stm32g0xx_hal_msp.o
                0x0800189c                HAL_TIM_Base_MspInit
 .text.HAL_TIM_MspPostInit
                0x080019d8       0x78 ./Core/Src/stm32g0xx_hal_msp.o
                0x080019d8                HAL_TIM_MspPostInit
 .text.HAL_UART_MspInit
                0x08001a50       0xec ./Core/Src/stm32g0xx_hal_msp.o
                0x08001a50                HAL_UART_MspInit
 .text.NMI_Handler
                0x08001b3c        0x4 ./Core/Src/stm32g0xx_it.o
                0x08001b3c                NMI_Handler
 .text.HardFault_Handler
                0x08001b40        0x4 ./Core/Src/stm32g0xx_it.o
                0x08001b40                HardFault_Handler
 .text.SVC_Handler
                0x08001b44        0x4 ./Core/Src/stm32g0xx_it.o
                0x08001b44                SVC_Handler
 .text.PendSV_Handler
                0x08001b48        0x4 ./Core/Src/stm32g0xx_it.o
                0x08001b48                PendSV_Handler
 .text.SysTick_Handler
                0x08001b4c        0x8 ./Core/Src/stm32g0xx_it.o
                0x08001b4c                SysTick_Handler
 .text.EXTI4_15_IRQHandler
                0x08001b54       0x1c ./Core/Src/stm32g0xx_it.o
                0x08001b54                EXTI4_15_IRQHandler
 .text.DMA1_Channel1_IRQHandler
                0x08001b70       0x10 ./Core/Src/stm32g0xx_it.o
                0x08001b70                DMA1_Channel1_IRQHandler
 .text.DMA1_Channel2_3_IRQHandler
                0x08001b80       0x18 ./Core/Src/stm32g0xx_it.o
                0x08001b80                DMA1_Channel2_3_IRQHandler
 .text.TIM2_IRQHandler
                0x08001b98       0x10 ./Core/Src/stm32g0xx_it.o
                0x08001b98                TIM2_IRQHandler
 .text.TIM3_IRQHandler
                0x08001ba8       0x10 ./Core/Src/stm32g0xx_it.o
                0x08001ba8                TIM3_IRQHandler
 .text.TIM16_IRQHandler
                0x08001bb8       0x10 ./Core/Src/stm32g0xx_it.o
                0x08001bb8                TIM16_IRQHandler
 .text.TIM17_IRQHandler
                0x08001bc8       0x10 ./Core/Src/stm32g0xx_it.o
                0x08001bc8                TIM17_IRQHandler
 .text.USART2_IRQHandler
                0x08001bd8       0x10 ./Core/Src/stm32g0xx_it.o
                0x08001bd8                USART2_IRQHandler
 .text.LPTIM1_IRQHandler
                0x08001be8       0x10 ./Core/Src/stm32g0xx_it.o
                0x08001be8                LPTIM1_IRQHandler
 .text.Global_Interrupt_Enable
                0x08001bf8        0x8 ./Core/Src/system.o
                0x08001bf8                Global_Interrupt_Enable
 .text.Startup  0x08001c00       0x6c ./Core/Src/system.o
                0x08001c00                Startup
 .text.Start_PWM_Gen_Timer_Main_and_Secondary_Oscillators
                0x08001c6c       0x38 ./Core/Src/system.o
                0x08001c6c                Start_PWM_Gen_Timer_Main_and_Secondary_Oscillators
 .text.Start_Freq_Gen_Timer
                0x08001ca4       0x20 ./Core/Src/system.o
                0x08001ca4                Start_Freq_Gen_Timer
 .text.Start_OC_TIM
                0x08001cc4       0x14 ./Core/Src/system.o
                0x08001cc4                Start_OC_TIM
 .text.Stop_OC_TIM
                0x08001cd8       0x14 ./Core/Src/system.o
                0x08001cd8                Stop_OC_TIM
 .text.Start_Input_Capture_Timer
                0x08001cec       0x30 ./Core/Src/system.o
                0x08001cec                Start_Input_Capture_Timer
 .text.Process_TIM16_Raw_Start_Value_and_Raw_Prescaler
                0x08001d1c       0x50 ./Core/Src/system.o
                0x08001d1c                Process_TIM16_Raw_Start_Value_and_Raw_Prescaler
 .text.Process_TIM16_Final_Start_Value_and_Prescaler_Adjust
                0x08001d6c      0x3c4 ./Core/Src/system.o
                0x08001d6c                Process_TIM16_Final_Start_Value_and_Prescaler_Adjust
 .text.unsigned_bitwise_modulo
                0x08002130        0xc ./Core/Src/system.o
                0x08002130                unsigned_bitwise_modulo
 .text.Speed_pot_check
                0x0800213c       0x80 ./Core/Src/system.o
                0x0800213c                Speed_pot_check
 .text.Check_Tap_Tempo_Switch_State
                0x080021bc       0x48 ./Core/Src/system.o
                0x080021bc                Check_Tap_Tempo_Switch_State
 .text.SystemInit
                0x08002204        0x4 ./Core/Src/system_stm32g0xx.o
                0x08002204                SystemInit
 .text.Reset_Handler
                0x08002208       0x50 ./Core/Startup/startup_stm32g031k8tx.o
                0x08002208                Reset_Handler
 .text.Default_Handler
                0x08002258        0x2 ./Core/Startup/startup_stm32g031k8tx.o
                0x08002258                TIM1_CC_IRQHandler
                0x08002258                PVD_IRQHandler
                0x08002258                I2C1_IRQHandler
                0x08002258                LPTIM2_IRQHandler
                0x08002258                RTC_TAMP_IRQHandler
                0x08002258                SPI1_IRQHandler
                0x08002258                DMA1_Ch4_5_DMAMUX1_OVR_IRQHandler
                0x08002258                EXTI2_3_IRQHandler
                0x08002258                ADC1_IRQHandler
                0x08002258                I2C2_IRQHandler
                0x08002258                RCC_IRQHandler
                0x08002258                Default_Handler
                0x08002258                TIM14_IRQHandler
                0x08002258                EXTI0_1_IRQHandler
                0x08002258                SPI2_IRQHandler
                0x08002258                WWDG_IRQHandler
                0x08002258                LPUART1_IRQHandler
                0x08002258                FLASH_IRQHandler
                0x08002258                USART1_IRQHandler
                0x08002258                TIM1_BRK_UP_TRG_COM_IRQHandler
 *fill*         0x0800225a        0x2 
 .text.HAL_InitTick
                0x0800225c       0x4c ./Drivers/STM32G0xx_HAL_Driver/Src/stm32g0xx_hal.o
                0x0800225c                HAL_InitTick
 .text.HAL_Init
                0x080022a8       0x28 ./Drivers/STM32G0xx_HAL_Driver/Src/stm32g0xx_hal.o
                0x080022a8                HAL_Init
 .text.HAL_IncTick
                0x080022d0       0x18 ./Drivers/STM32G0xx_HAL_Driver/Src/stm32g0xx_hal.o
                0x080022d0                HAL_IncTick
 .text.HAL_GetTick
                0x080022e8        0xc ./Drivers/STM32G0xx_HAL_Driver/Src/stm32g0xx_hal.o
                0x080022e8                HAL_GetTick
 .text.HAL_Delay
                0x080022f4       0x24 ./Drivers/STM32G0xx_HAL_Driver/Src/stm32g0xx_hal.o
                0x080022f4                HAL_Delay
 .text.ADC_DMAConvCplt
                0x08002318       0x80 ./Drivers/STM32G0xx_HAL_Driver/Src/stm32g0xx_hal_adc.o
 .text.ADC_DMAHalfConvCplt
                0x08002398        0xc ./Drivers/STM32G0xx_HAL_Driver/Src/stm32g0xx_hal_adc.o
 .text.ADC_DMAError
                0x080023a4       0x1c ./Drivers/STM32G0xx_HAL_Driver/Src/stm32g0xx_hal_adc.o
 .text.HAL_ADC_ErrorCallback
                0x080023c0        0x4 ./Drivers/STM32G0xx_HAL_Driver/Src/stm32g0xx_hal_adc.o
                0x080023c0                HAL_ADC_ErrorCallback
 .text.HAL_ADC_ConvCpltCallback
                0x080023c4        0x4 ./Drivers/STM32G0xx_HAL_Driver/Src/stm32g0xx_hal_adc.o
                0x080023c4                HAL_ADC_ConvCpltCallback
 .text.HAL_ADC_ConvHalfCpltCallback
                0x080023c8        0x4 ./Drivers/STM32G0xx_HAL_Driver/Src/stm32g0xx_hal_adc.o
                0x080023c8                HAL_ADC_ConvHalfCpltCallback
 .text.HAL_ADC_LevelOutOfWindowCallback
                0x080023cc        0x4 ./Drivers/STM32G0xx_HAL_Driver/Src/stm32g0xx_hal_adc.o
                0x080023cc                HAL_ADC_LevelOutOfWindowCallback
 .text.HAL_ADC_Init
                0x080023d0      0x284 ./Drivers/STM32G0xx_HAL_Driver/Src/stm32g0xx_hal_adc.o
                0x080023d0                HAL_ADC_Init
 .text.HAL_ADC_RegisterCallback
                0x08002654       0x70 ./Drivers/STM32G0xx_HAL_Driver/Src/stm32g0xx_hal_adc.o
                0x08002654                HAL_ADC_RegisterCallback
 .text.HAL_ADC_ConfigChannel
                0x080026c4      0x284 ./Drivers/STM32G0xx_HAL_Driver/Src/stm32g0xx_hal_adc.o
                0x080026c4                HAL_ADC_ConfigChannel
 .text.ADC_ConversionStop
                0x08002948       0x74 ./Drivers/STM32G0xx_HAL_Driver/Src/stm32g0xx_hal_adc.o
                0x08002948                ADC_ConversionStop
 .text.ADC_Enable
                0x080029bc       0xcc ./Drivers/STM32G0xx_HAL_Driver/Src/stm32g0xx_hal_adc.o
                0x080029bc                ADC_Enable
 .text.HAL_ADC_Start_DMA
                0x08002a88       0xb4 ./Drivers/STM32G0xx_HAL_Driver/Src/stm32g0xx_hal_adc.o
                0x08002a88                HAL_ADC_Start_DMA
 .text.ADC_Disable
                0x08002b3c       0x88 ./Drivers/STM32G0xx_HAL_Driver/Src/stm32g0xx_hal_adc.o
                0x08002b3c                ADC_Disable
 .text.HAL_ADC_Stop_DMA
                0x08002bc4       0x8c ./Drivers/STM32G0xx_HAL_Driver/Src/stm32g0xx_hal_adc.o
                0x08002bc4                HAL_ADC_Stop_DMA
 .text.HAL_ADCEx_Calibration_Start
                0x08002c50      0x19c ./Drivers/STM32G0xx_HAL_Driver/Src/stm32g0xx_hal_adc_ex.o
                0x08002c50                HAL_ADCEx_Calibration_Start
 .text.HAL_ADCEx_LevelOutOfWindow2Callback
                0x08002dec        0x4 ./Drivers/STM32G0xx_HAL_Driver/Src/stm32g0xx_hal_adc_ex.o
                0x08002dec                HAL_ADCEx_LevelOutOfWindow2Callback
 .text.HAL_ADCEx_LevelOutOfWindow3Callback
                0x08002df0        0x4 ./Drivers/STM32G0xx_HAL_Driver/Src/stm32g0xx_hal_adc_ex.o
                0x08002df0                HAL_ADCEx_LevelOutOfWindow3Callback
 .text.HAL_ADCEx_EndOfSamplingCallback
                0x08002df4        0x4 ./Drivers/STM32G0xx_HAL_Driver/Src/stm32g0xx_hal_adc_ex.o
                0x08002df4                HAL_ADCEx_EndOfSamplingCallback
 .text.HAL_NVIC_SetPriority
                0x08002df8       0x54 ./Drivers/STM32G0xx_HAL_Driver/Src/stm32g0xx_hal_cortex.o
                0x08002df8                HAL_NVIC_SetPriority
 .text.HAL_NVIC_EnableIRQ
                0x08002e4c       0x18 ./Drivers/STM32G0xx_HAL_Driver/Src/stm32g0xx_hal_cortex.o
                0x08002e4c                HAL_NVIC_EnableIRQ
 .text.HAL_NVIC_DisableIRQ
                0x08002e64       0x20 ./Drivers/STM32G0xx_HAL_Driver/Src/stm32g0xx_hal_cortex.o
                0x08002e64                HAL_NVIC_DisableIRQ
 .text.HAL_SYSTICK_Config
                0x08002e84       0x34 ./Drivers/STM32G0xx_HAL_Driver/Src/stm32g0xx_hal_cortex.o
                0x08002e84                HAL_SYSTICK_Config
 .text.HAL_DMA_Init
                0x08002eb8       0xec ./Drivers/STM32G0xx_HAL_Driver/Src/stm32g0xx_hal_dma.o
                0x08002eb8                HAL_DMA_Init
 .text.HAL_DMA_Start_IT
                0x08002fa4       0xd0 ./Drivers/STM32G0xx_HAL_Driver/Src/stm32g0xx_hal_dma.o
                0x08002fa4                HAL_DMA_Start_IT
 .text.HAL_DMA_Abort
                0x08003074       0x78 ./Drivers/STM32G0xx_HAL_Driver/Src/stm32g0xx_hal_dma.o
                0x08003074                HAL_DMA_Abort
 .text.HAL_DMA_Abort_IT
                0x080030ec       0x78 ./Drivers/STM32G0xx_HAL_Driver/Src/stm32g0xx_hal_dma.o
                0x080030ec                HAL_DMA_Abort_IT
 .text.HAL_DMA_IRQHandler
                0x08003164       0xb8 ./Drivers/STM32G0xx_HAL_Driver/Src/stm32g0xx_hal_dma.o
                0x08003164                HAL_DMA_IRQHandler
 .text.HAL_GPIO_Init
                0x0800321c      0x1e4 ./Drivers/STM32G0xx_HAL_Driver/Src/stm32g0xx_hal_gpio.o
                0x0800321c                HAL_GPIO_Init
 .text.HAL_GPIO_DeInit
                0x08003400      0x118 ./Drivers/STM32G0xx_HAL_Driver/Src/stm32g0xx_hal_gpio.o
                0x08003400                HAL_GPIO_DeInit
 .text.HAL_GPIO_ReadPin
                0x08003518        0xc ./Drivers/STM32G0xx_HAL_Driver/Src/stm32g0xx_hal_gpio.o
                0x08003518                HAL_GPIO_ReadPin
 .text.HAL_GPIO_WritePin
                0x08003524        0xc ./Drivers/STM32G0xx_HAL_Driver/Src/stm32g0xx_hal_gpio.o
                0x08003524                HAL_GPIO_WritePin
 .text.HAL_GPIO_EXTI_IRQHandler
                0x08003530       0x34 ./Drivers/STM32G0xx_HAL_Driver/Src/stm32g0xx_hal_gpio.o
                0x08003530                HAL_GPIO_EXTI_IRQHandler
 .text.HAL_LPTIM_DirectionDownCallback
                0x08003564        0x4 ./Drivers/STM32G0xx_HAL_Driver/Src/stm32g0xx_hal_lptim.o
                0x08003564                HAL_LPTIM_DirectionDownCallback
 .text.HAL_LPTIM_CompareMatchCallback
                0x08003568        0x4 ./Drivers/STM32G0xx_HAL_Driver/Src/stm32g0xx_hal_lptim.o
                0x08003568                HAL_LPTIM_CompareMatchCallback
 .text.HAL_LPTIM_AutoReloadMatchCallback
                0x0800356c        0x4 ./Drivers/STM32G0xx_HAL_Driver/Src/stm32g0xx_hal_lptim.o
                0x0800356c                HAL_LPTIM_AutoReloadMatchCallback
 .text.HAL_LPTIM_TriggerCallback
                0x08003570        0x4 ./Drivers/STM32G0xx_HAL_Driver/Src/stm32g0xx_hal_lptim.o
                0x08003570                HAL_LPTIM_TriggerCallback
 .text.HAL_LPTIM_CompareWriteCallback
                0x08003574        0x4 ./Drivers/STM32G0xx_HAL_Driver/Src/stm32g0xx_hal_lptim.o
                0x08003574                HAL_LPTIM_CompareWriteCallback
 .text.HAL_LPTIM_AutoReloadWriteCallback
                0x08003578        0x4 ./Drivers/STM32G0xx_HAL_Driver/Src/stm32g0xx_hal_lptim.o
                0x08003578                HAL_LPTIM_AutoReloadWriteCallback
 .text.HAL_LPTIM_DirectionUpCallback
                0x0800357c        0x4 ./Drivers/STM32G0xx_HAL_Driver/Src/stm32g0xx_hal_lptim.o
                0x0800357c                HAL_LPTIM_DirectionUpCallback
 .text.HAL_LPTIM_Init
                0x08003580      0x108 ./Drivers/STM32G0xx_HAL_Driver/Src/stm32g0xx_hal_lptim.o
                0x08003580                HAL_LPTIM_Init
 .text.HAL_LPTIM_IRQHandler
                0x08003688       0xb8 ./Drivers/STM32G0xx_HAL_Driver/Src/stm32g0xx_hal_lptim.o
                0x08003688                HAL_LPTIM_IRQHandler
 .text.HAL_LPTIM_RegisterCallback
                0x08003740       0x70 ./Drivers/STM32G0xx_HAL_Driver/Src/stm32g0xx_hal_lptim.o
                0x08003740                HAL_LPTIM_RegisterCallback
 .text.LPTIM_Disable
                0x080037b0      0x1c8 ./Drivers/STM32G0xx_HAL_Driver/Src/stm32g0xx_hal_lptim.o
                0x080037b0                LPTIM_Disable
 .text.HAL_LPTIM_SetOnce_Start_IT
                0x08003978       0xc8 ./Drivers/STM32G0xx_HAL_Driver/Src/stm32g0xx_hal_lptim.o
                0x08003978                HAL_LPTIM_SetOnce_Start_IT
 .text.HAL_PWREx_ControlVoltageScaling
                0x08003a40       0x60 ./Drivers/STM32G0xx_HAL_Driver/Src/stm32g0xx_hal_pwr_ex.o
                0x08003a40                HAL_PWREx_ControlVoltageScaling
 .text.HAL_RCC_OscConfig
                0x08003aa0      0x4d0 ./Drivers/STM32G0xx_HAL_Driver/Src/stm32g0xx_hal_rcc.o
                0x08003aa0                HAL_RCC_OscConfig
 .text.HAL_RCC_GetSysClockFreq
                0x08003f70       0x9c ./Drivers/STM32G0xx_HAL_Driver/Src/stm32g0xx_hal_rcc.o
                0x08003f70                HAL_RCC_GetSysClockFreq
 .text.HAL_RCC_ClockConfig
                0x0800400c      0x190 ./Drivers/STM32G0xx_HAL_Driver/Src/stm32g0xx_hal_rcc.o
                0x0800400c                HAL_RCC_ClockConfig
 .text.HAL_RCC_GetPCLK1Freq
                0x0800419c       0x28 ./Drivers/STM32G0xx_HAL_Driver/Src/stm32g0xx_hal_rcc.o
                0x0800419c                HAL_RCC_GetPCLK1Freq
 .text.HAL_RCCEx_PeriphCLKConfig
                0x080041c4      0x1f0 ./Drivers/STM32G0xx_HAL_Driver/Src/stm32g0xx_hal_rcc_ex.o
                0x080041c4                HAL_RCCEx_PeriphCLKConfig
 .text.HAL_TIM_OC_MspInit
                0x080043b4        0x4 ./Drivers/STM32G0xx_HAL_Driver/Src/stm32g0xx_hal_tim.o
                0x080043b4                HAL_TIM_OC_MspInit
 .text.HAL_TIM_PWM_MspInit
                0x080043b8        0x4 ./Drivers/STM32G0xx_HAL_Driver/Src/stm32g0xx_hal_tim.o
                0x080043b8                HAL_TIM_PWM_MspInit
 .text.HAL_TIM_IC_MspInit
                0x080043bc        0x4 ./Drivers/STM32G0xx_HAL_Driver/Src/stm32g0xx_hal_tim.o
                0x080043bc                HAL_TIM_IC_MspInit
 .text.HAL_TIM_PeriodElapsedCallback
                0x080043c0        0x4 ./Drivers/STM32G0xx_HAL_Driver/Src/stm32g0xx_hal_tim.o
                0x080043c0                HAL_TIM_PeriodElapsedCallback
 .text.HAL_TIM_PeriodElapsedHalfCpltCallback
                0x080043c4        0x4 ./Drivers/STM32G0xx_HAL_Driver/Src/stm32g0xx_hal_tim.o
                0x080043c4                HAL_TIM_PeriodElapsedHalfCpltCallback
 .text.HAL_TIM_OC_DelayElapsedCallback
                0x080043c8        0x4 ./Drivers/STM32G0xx_HAL_Driver/Src/stm32g0xx_hal_tim.o
                0x080043c8                HAL_TIM_OC_DelayElapsedCallback
 .text.HAL_TIM_IC_CaptureCallback
                0x080043cc        0x4 ./Drivers/STM32G0xx_HAL_Driver/Src/stm32g0xx_hal_tim.o
                0x080043cc                HAL_TIM_IC_CaptureCallback
 .text.HAL_TIM_IC_CaptureHalfCpltCallback
                0x080043d0        0x4 ./Drivers/STM32G0xx_HAL_Driver/Src/stm32g0xx_hal_tim.o
                0x080043d0                HAL_TIM_IC_CaptureHalfCpltCallback
 .text.HAL_TIM_PWM_PulseFinishedCallback
                0x080043d4        0x4 ./Drivers/STM32G0xx_HAL_Driver/Src/stm32g0xx_hal_tim.o
                0x080043d4                HAL_TIM_PWM_PulseFinishedCallback
 .text.HAL_TIM_PWM_PulseFinishedHalfCpltCallback
                0x080043d8        0x4 ./Drivers/STM32G0xx_HAL_Driver/Src/stm32g0xx_hal_tim.o
                0x080043d8                HAL_TIM_PWM_PulseFinishedHalfCpltCallback
 .text.HAL_TIM_TriggerCallback
                0x080043dc        0x4 ./Drivers/STM32G0xx_HAL_Driver/Src/stm32g0xx_hal_tim.o
                0x080043dc                HAL_TIM_TriggerCallback
 .text.HAL_TIM_TriggerHalfCpltCallback
                0x080043e0        0x4 ./Drivers/STM32G0xx_HAL_Driver/Src/stm32g0xx_hal_tim.o
                0x080043e0                HAL_TIM_TriggerHalfCpltCallback
 .text.HAL_TIM_ErrorCallback
                0x080043e4        0x4 ./Drivers/STM32G0xx_HAL_Driver/Src/stm32g0xx_hal_tim.o
                0x080043e4                HAL_TIM_ErrorCallback
 .text.HAL_TIM_Base_Init
                0x080043e8      0x190 ./Drivers/STM32G0xx_HAL_Driver/Src/stm32g0xx_hal_tim.o
                0x080043e8                HAL_TIM_Base_Init
 .text.HAL_TIM_Base_Start
                0x08004578       0x5c ./Drivers/STM32G0xx_HAL_Driver/Src/stm32g0xx_hal_tim.o
                0x08004578                HAL_TIM_Base_Start
 .text.HAL_TIM_Base_Start_IT
                0x080045d4       0x64 ./Drivers/STM32G0xx_HAL_Driver/Src/stm32g0xx_hal_tim.o
                0x080045d4                HAL_TIM_Base_Start_IT
 .text.HAL_TIM_OC_Init
                0x08004638      0x190 ./Drivers/STM32G0xx_HAL_Driver/Src/stm32g0xx_hal_tim.o
                0x08004638                HAL_TIM_OC_Init
 .text.HAL_TIM_OC_Start_IT
                0x080047c8      0x104 ./Drivers/STM32G0xx_HAL_Driver/Src/stm32g0xx_hal_tim.o
                0x080047c8                HAL_TIM_OC_Start_IT
 .text.HAL_TIM_OC_Stop_IT
                0x080048cc      0x100 ./Drivers/STM32G0xx_HAL_Driver/Src/stm32g0xx_hal_tim.o
                0x080048cc                HAL_TIM_OC_Stop_IT
 .text.HAL_TIM_PWM_Init
                0x080049cc      0x190 ./Drivers/STM32G0xx_HAL_Driver/Src/stm32g0xx_hal_tim.o
                0x080049cc                HAL_TIM_PWM_Init
 .text.HAL_TIM_PWM_Start
                0x08004b5c       0xd0 ./Drivers/STM32G0xx_HAL_Driver/Src/stm32g0xx_hal_tim.o
                0x08004b5c                HAL_TIM_PWM_Start
 .text.HAL_TIM_IC_Init
                0x08004c2c      0x190 ./Drivers/STM32G0xx_HAL_Driver/Src/stm32g0xx_hal_tim.o
                0x08004c2c                HAL_TIM_IC_Init
 .text.HAL_TIM_IC_Start_IT
                0x08004dbc      0x168 ./Drivers/STM32G0xx_HAL_Driver/Src/stm32g0xx_hal_tim.o
                0x08004dbc                HAL_TIM_IC_Start_IT
 .text.HAL_TIM_IRQHandler
                0x08004f24      0x1b4 ./Drivers/STM32G0xx_HAL_Driver/Src/stm32g0xx_hal_tim.o
                0x08004f24                HAL_TIM_IRQHandler
 .text.HAL_TIM_OC_ConfigChannel
                0x080050d8      0x2a4 ./Drivers/STM32G0xx_HAL_Driver/Src/stm32g0xx_hal_tim.o
                0x080050d8                HAL_TIM_OC_ConfigChannel
 .text.HAL_TIM_IC_ConfigChannel
                0x0800537c      0x1bc ./Drivers/STM32G0xx_HAL_Driver/Src/stm32g0xx_hal_tim.o
                0x0800537c                HAL_TIM_IC_ConfigChannel
 .text.HAL_TIM_PWM_ConfigChannel
                0x08005538      0x348 ./Drivers/STM32G0xx_HAL_Driver/Src/stm32g0xx_hal_tim.o
                0x08005538                HAL_TIM_PWM_ConfigChannel
 .text.HAL_TIM_ConfigClockSource
                0x08005880      0x170 ./Drivers/STM32G0xx_HAL_Driver/Src/stm32g0xx_hal_tim.o
                0x08005880                HAL_TIM_ConfigClockSource
 .text.HAL_TIM_ReadCapturedValue
                0x080059f0       0x30 ./Drivers/STM32G0xx_HAL_Driver/Src/stm32g0xx_hal_tim.o
                0x080059f0                HAL_TIM_ReadCapturedValue
 .text.HAL_TIM_RegisterCallback
                0x08005a20      0x104 ./Drivers/STM32G0xx_HAL_Driver/Src/stm32g0xx_hal_tim.o
                0x08005a20                HAL_TIM_RegisterCallback
 .text.HAL_TIMEx_MasterConfigSynchronization
                0x08005b24       0x70 ./Drivers/STM32G0xx_HAL_Driver/Src/stm32g0xx_hal_tim_ex.o
                0x08005b24                HAL_TIMEx_MasterConfigSynchronization
 .text.HAL_TIMEx_ConfigBreakDeadTime
                0x08005b94       0xc0 ./Drivers/STM32G0xx_HAL_Driver/Src/stm32g0xx_hal_tim_ex.o
                0x08005b94                HAL_TIMEx_ConfigBreakDeadTime
 .text.HAL_TIMEx_CommutCallback
                0x08005c54        0x4 ./Drivers/STM32G0xx_HAL_Driver/Src/stm32g0xx_hal_tim_ex.o
                0x08005c54                HAL_TIMEx_CommutCallback
 .text.HAL_TIMEx_CommutHalfCpltCallback
                0x08005c58        0x4 ./Drivers/STM32G0xx_HAL_Driver/Src/stm32g0xx_hal_tim_ex.o
                0x08005c58                HAL_TIMEx_CommutHalfCpltCallback
 .text.HAL_TIMEx_BreakCallback
                0x08005c5c        0x4 ./Drivers/STM32G0xx_HAL_Driver/Src/stm32g0xx_hal_tim_ex.o
                0x08005c5c                HAL_TIMEx_BreakCallback
 .text.HAL_TIMEx_Break2Callback
                0x08005c60        0x4 ./Drivers/STM32G0xx_HAL_Driver/Src/stm32g0xx_hal_tim_ex.o
                0x08005c60                HAL_TIMEx_Break2Callback
 .text.HAL_UARTEx_RxEventCallback
                0x08005c64        0x4 ./Drivers/STM32G0xx_HAL_Driver/Src/stm32g0xx_hal_uart.o
                0x08005c64                HAL_UARTEx_RxEventCallback
 .text.UART_DMAReceiveCplt
                0x08005c68       0xa0 ./Drivers/STM32G0xx_HAL_Driver/Src/stm32g0xx_hal_uart.o
 .text.UART_DMARxHalfCplt
                0x08005d08       0x24 ./Drivers/STM32G0xx_HAL_Driver/Src/stm32g0xx_hal_uart.o
 .text.UART_DMAAbortOnError
                0x08005d2c       0x18 ./Drivers/STM32G0xx_HAL_Driver/Src/stm32g0xx_hal_uart.o
 .text.HAL_UART_AbortReceiveCpltCallback
                0x08005d44        0x4 ./Drivers/STM32G0xx_HAL_Driver/Src/stm32g0xx_hal_uart.o
                0x08005d44                HAL_UART_AbortReceiveCpltCallback
 .text.HAL_UART_TxCpltCallback
                0x08005d48        0x4 ./Drivers/STM32G0xx_HAL_Driver/Src/stm32g0xx_hal_uart.o
                0x08005d48                HAL_UART_TxCpltCallback
 .text.HAL_UART_TxHalfCpltCallback
                0x08005d4c        0x4 ./Drivers/STM32G0xx_HAL_Driver/Src/stm32g0xx_hal_uart.o
                0x08005d4c                HAL_UART_TxHalfCpltCallback
 .text.HAL_UART_RxCpltCallback
                0x08005d50        0x4 ./Drivers/STM32G0xx_HAL_Driver/Src/stm32g0xx_hal_uart.o
                0x08005d50                HAL_UART_RxCpltCallback
 .text.HAL_UART_RxHalfCpltCallback
                0x08005d54        0x4 ./Drivers/STM32G0xx_HAL_Driver/Src/stm32g0xx_hal_uart.o
                0x08005d54                HAL_UART_RxHalfCpltCallback
 .text.HAL_UART_ErrorCallback
                0x08005d58        0x4 ./Drivers/STM32G0xx_HAL_Driver/Src/stm32g0xx_hal_uart.o
                0x08005d58                HAL_UART_ErrorCallback
 .text.HAL_UART_AbortCpltCallback
                0x08005d5c        0x4 ./Drivers/STM32G0xx_HAL_Driver/Src/stm32g0xx_hal_uart.o
                0x08005d5c                HAL_UART_AbortCpltCallback
 .text.HAL_UART_AbortTransmitCpltCallback
                0x08005d60        0x4 ./Drivers/STM32G0xx_HAL_Driver/Src/stm32g0xx_hal_uart.o
                0x08005d60                HAL_UART_AbortTransmitCpltCallback
 .text.UART_DMAError
                0x08005d64       0xdc ./Drivers/STM32G0xx_HAL_Driver/Src/stm32g0xx_hal_uart.o
 .text.HAL_UART_RegisterCallback
                0x08005e40       0xa4 ./Drivers/STM32G0xx_HAL_Driver/Src/stm32g0xx_hal_uart.o
                0x08005e40                HAL_UART_RegisterCallback
 .text.HAL_UART_Receive_DMA
                0x08005ee4      0x100 ./Drivers/STM32G0xx_HAL_Driver/Src/stm32g0xx_hal_uart.o
                0x08005ee4                HAL_UART_Receive_DMA
 .text.HAL_UART_IRQHandler
                0x08005fe4      0x3cc ./Drivers/STM32G0xx_HAL_Driver/Src/stm32g0xx_hal_uart.o
                0x08005fe4                HAL_UART_IRQHandler
 .text.UART_AdvFeatureConfig
                0x080063b0       0xd0 ./Drivers/STM32G0xx_HAL_Driver/Src/stm32g0xx_hal_uart.o
                0x080063b0                UART_AdvFeatureConfig
 .text.UART_CheckIdleState
                0x08006480      0x2ac ./Drivers/STM32G0xx_HAL_Driver/Src/stm32g0xx_hal_uart.o
                0x08006480                UART_CheckIdleState
 .text.HAL_UART_Init
                0x0800672c      0x324 ./Drivers/STM32G0xx_HAL_Driver/Src/stm32g0xx_hal_uart.o
                0x0800672c                HAL_UART_Init
 .text.HAL_UARTEx_WakeupCallback
                0x08006a50        0x4 ./Drivers/STM32G0xx_HAL_Driver/Src/stm32g0xx_hal_uart_ex.o
                0x08006a50                HAL_UARTEx_WakeupCallback
 .text.HAL_UARTEx_RxFifoFullCallback
                0x08006a54        0x4 ./Drivers/STM32G0xx_HAL_Driver/Src/stm32g0xx_hal_uart_ex.o
                0x08006a54                HAL_UARTEx_RxFifoFullCallback
 .text.HAL_UARTEx_TxFifoEmptyCallback
                0x08006a58        0x4 ./Drivers/STM32G0xx_HAL_Driver/Src/stm32g0xx_hal_uart_ex.o
                0x08006a58                HAL_UARTEx_TxFifoEmptyCallback
 .text.memset   0x08006a5c       0x10 C:/ST/STM32CubeIDE_1.16.1/STM32CubeIDE/plugins/com.st.stm32cube.ide.mcu.externaltools.gnu-tools-for-stm32.12.3.rel1.win32_1.1.0.202410251130/tools/bin/../lib/gcc/arm-none-eabi/12.3.1/../../../../arm-none-eabi/lib/thumb/v6-m/nofp\libc_nano.a(libc_a-memset.o)
                0x08006a5c                memset
 .text.__libc_init_array
                0x08006a6c       0x48 C:/ST/STM32CubeIDE_1.16.1/STM32CubeIDE/plugins/com.st.stm32cube.ide.mcu.externaltools.gnu-tools-for-stm32.12.3.rel1.win32_1.1.0.202410251130/tools/bin/../lib/gcc/arm-none-eabi/12.3.1/../../../../arm-none-eabi/lib/thumb/v6-m/nofp\libc_nano.a(libc_a-init.o)
                0x08006a6c                __libc_init_array
 *(.glue_7)
 .glue_7        0x08006ab4        0x0 linker stubs
 *(.glue_7t)
 .glue_7t       0x08006ab4        0x0 linker stubs
 *(.eh_frame)
 .eh_frame      0x08006ab4        0x0 C:/ST/STM32CubeIDE_1.16.1/STM32CubeIDE/plugins/com.st.stm32cube.ide.mcu.externaltools.gnu-tools-for-stm32.12.3.rel1.win32_1.1.0.202410251130/tools/bin/../lib/gcc/arm-none-eabi/12.3.1/thumb/v6-m/nofp/crtbegin.o
 *(.init)
 .init          0x08006ab4        0x4 C:/ST/STM32CubeIDE_1.16.1/STM32CubeIDE/plugins/com.st.stm32cube.ide.mcu.externaltools.gnu-tools-for-stm32.12.3.rel1.win32_1.1.0.202410251130/tools/bin/../lib/gcc/arm-none-eabi/12.3.1/thumb/v6-m/nofp/crti.o
                0x08006ab4                _init
 .init          0x08006ab8        0x8 C:/ST/STM32CubeIDE_1.16.1/STM32CubeIDE/plugins/com.st.stm32cube.ide.mcu.externaltools.gnu-tools-for-stm32.12.3.rel1.win32_1.1.0.202410251130/tools/bin/../lib/gcc/arm-none-eabi/12.3.1/thumb/v6-m/nofp/crtn.o
 *(.fini)
 .fini          0x08006ac0        0x4 C:/ST/STM32CubeIDE_1.16.1/STM32CubeIDE/plugins/com.st.stm32cube.ide.mcu.externaltools.gnu-tools-for-stm32.12.3.rel1.win32_1.1.0.202410251130/tools/bin/../lib/gcc/arm-none-eabi/12.3.1/thumb/v6-m/nofp/crti.o
                0x08006ac0                _fini
 .fini          0x08006ac4        0x8 C:/ST/STM32CubeIDE_1.16.1/STM32CubeIDE/plugins/com.st.stm32cube.ide.mcu.externaltools.gnu-tools-for-stm32.12.3.rel1.win32_1.1.0.202410251130/tools/bin/../lib/gcc/arm-none-eabi/12.3.1/thumb/v6-m/nofp/crtn.o
                0x08006acc                        . = ALIGN (0x4)
                0x08006acc                        _etext = .

.vfp11_veneer   0x08006acc        0x0
 .vfp11_veneer  0x08006acc        0x0 linker stubs

.v4_bx          0x08006acc        0x0
 .v4_bx         0x08006acc        0x0 linker stubs

.iplt           0x08006acc        0x0
 .iplt          0x08006acc        0x0 C:/ST/STM32CubeIDE_1.16.1/STM32CubeIDE/plugins/com.st.stm32cube.ide.mcu.externaltools.gnu-tools-for-stm32.12.3.rel1.win32_1.1.0.202410251130/tools/bin/../lib/gcc/arm-none-eabi/12.3.1/thumb/v6-m/nofp/crtbegin.o

.rodata         0x08006acc      0xb5c
                0x08006acc                        . = ALIGN (0x4)
 *(.rodata)
 *(.rodata*)
 .rodata.num_ADC_conversions
                0x08006acc        0x1 ./Core/Src/system.o
                0x08006acc                num_ADC_conversions
 *fill*         0x08006acd        0x3 
 .rodata.TIM16_prescaler_divisors
                0x08006ad0        0xc ./Core/Src/system.o
                0x08006ad0                TIM16_prescaler_divisors
 .rodata.tri_wavetable
                0x08006adc      0x400 ./Core/Src/system.o
                0x08006adc                tri_wavetable
 .rodata.sine_wavetable
                0x08006edc      0x400 ./Core/Src/system.o
                0x08006edc                sine_wavetable
 .rodata.APBPrescTable
                0x080072dc       0x20 ./Core/Src/system_stm32g0xx.o
                0x080072dc                APBPrescTable
 .rodata.AHBPrescTable
                0x080072fc       0x40 ./Core/Src/system_stm32g0xx.o
                0x080072fc                AHBPrescTable
 .rodata.HAL_ADC_RegisterCallback
                0x0800733c       0x2c ./Drivers/STM32G0xx_HAL_Driver/Src/stm32g0xx_hal_adc.o
 .rodata.HAL_LPTIM_RegisterCallback
                0x08007368       0x24 ./Drivers/STM32G0xx_HAL_Driver/Src/stm32g0xx_hal_lptim.o
 .rodata.HAL_TIM_OC_Start_IT
                0x0800738c       0x44 ./Drivers/STM32G0xx_HAL_Driver/Src/stm32g0xx_hal_tim.o
 .rodata.HAL_TIM_PWM_Start
                0x080073d0       0x44 ./Drivers/STM32G0xx_HAL_Driver/Src/stm32g0xx_hal_tim.o
 .rodata.HAL_TIM_IC_Start_IT
                0x08007414       0x78 ./Drivers/STM32G0xx_HAL_Driver/Src/stm32g0xx_hal_tim.o
 .rodata.HAL_TIM_OC_ConfigChannel
                0x0800748c       0x54 ./Drivers/STM32G0xx_HAL_Driver/Src/stm32g0xx_hal_tim.o
 .rodata.HAL_TIM_PWM_ConfigChannel
                0x080074e0       0x54 ./Drivers/STM32G0xx_HAL_Driver/Src/stm32g0xx_hal_tim.o
 .rodata.HAL_TIM_RegisterCallback
                0x08007534       0xa8 ./Drivers/STM32G0xx_HAL_Driver/Src/stm32g0xx_hal_tim.o
 .rodata.HAL_UART_RegisterCallback
                0x080075dc       0x34 ./Drivers/STM32G0xx_HAL_Driver/Src/stm32g0xx_hal_uart.o
 .rodata.UARTPrescTable
                0x08007610       0x18 ./Drivers/STM32G0xx_HAL_Driver/Src/stm32g0xx_hal_uart.o
                0x08007610                UARTPrescTable
                0x08007628                        . = ALIGN (0x4)

.ARM.extab      0x08007628        0x0
                0x08007628                        . = ALIGN (0x4)
 *(.ARM.extab* .gnu.linkonce.armextab.*)
                0x08007628                        . = ALIGN (0x4)

.ARM            0x08007628        0x8
                0x08007628                        . = ALIGN (0x4)
                0x08007628                        __exidx_start = .
 *(.ARM.exidx*)
 .ARM.exidx     0x08007628        0x8 C:/ST/STM32CubeIDE_1.16.1/STM32CubeIDE/plugins/com.st.stm32cube.ide.mcu.externaltools.gnu-tools-for-stm32.12.3.rel1.win32_1.1.0.202410251130/tools/bin/../lib/gcc/arm-none-eabi/12.3.1/thumb/v6-m/nofp\libgcc.a(_udivmoddi4.o)
                0x08007630                        __exidx_end = .
                0x08007630                        . = ALIGN (0x4)

.preinit_array  0x08007630        0x0
                0x08007630                        . = ALIGN (0x4)
                0x08007630                        PROVIDE (__preinit_array_start = .)
 *(.preinit_array*)
                0x08007630                        PROVIDE (__preinit_array_end = .)
                0x08007630                        . = ALIGN (0x4)

.init_array     0x08007630        0x4
                0x08007630                        . = ALIGN (0x4)
                0x08007630                        PROVIDE (__init_array_start = .)
 *(SORT_BY_NAME(.init_array.*))
 *(.init_array*)
 .init_array    0x08007630        0x4 C:/ST/STM32CubeIDE_1.16.1/STM32CubeIDE/plugins/com.st.stm32cube.ide.mcu.externaltools.gnu-tools-for-stm32.12.3.rel1.win32_1.1.0.202410251130/tools/bin/../lib/gcc/arm-none-eabi/12.3.1/thumb/v6-m/nofp/crtbegin.o
                0x08007634                        PROVIDE (__init_array_end = .)
                0x08007634                        . = ALIGN (0x4)

.fini_array     0x08007634        0x4
                0x08007634                        . = ALIGN (0x4)
                [!provide]                        PROVIDE (__fini_array_start = .)
 *(SORT_BY_NAME(.fini_array.*))
 *(.fini_array*)
 .fini_array    0x08007634        0x4 C:/ST/STM32CubeIDE_1.16.1/STM32CubeIDE/plugins/com.st.stm32cube.ide.mcu.externaltools.gnu-tools-for-stm32.12.3.rel1.win32_1.1.0.202410251130/tools/bin/../lib/gcc/arm-none-eabi/12.3.1/thumb/v6-m/nofp/crtbegin.o
                [!provide]                        PROVIDE (__fini_array_end = .)
                0x08007638                        . = ALIGN (0x4)
                0x08007638                        _sidata = LOADADDR (.data)

.rel.dyn        0x08007638        0x0
 .rel.iplt      0x08007638        0x0 C:/ST/STM32CubeIDE_1.16.1/STM32CubeIDE/plugins/com.st.stm32cube.ide.mcu.externaltools.gnu-tools-for-stm32.12.3.rel1.win32_1.1.0.202410251130/tools/bin/../lib/gcc/arm-none-eabi/12.3.1/thumb/v6-m/nofp/crtbegin.o

.data           0x20000000       0x14 load address 0x08007638
                0x20000000                        . = ALIGN (0x4)
                0x20000000                        _sdata = .
 *(.data)
 *(.data*)
 .data.tap_tempo_switch_state_counter
                0x20000000        0x1 ./Core/Src/system.o
                0x20000000                tap_tempo_switch_state_counter
 .data.UART_DMA_TX_is_complete
                0x20000001        0x1 ./Core/Src/system.o
                0x20000001                UART_DMA_TX_is_complete
 .data.duty_delay_line_finish_offset
                0x20000002        0x2 ./Core/Src/system.o
                0x20000002                duty_delay_line_finish_offset
 .data.duty_delay_line_start_offset
                0x20000004        0x2 ./Core/Src/system.o
                0x20000004                duty_delay_line_start_offset
 *fill*         0x20000006        0x2 
 .data.SystemCoreClock
                0x20000008        0x4 ./Core/Src/system_stm32g0xx.o
                0x20000008                SystemCoreClock
 .data.uwTickFreq
                0x2000000c        0x1 ./Drivers/STM32G0xx_HAL_Driver/Src/stm32g0xx_hal.o
                0x2000000c                uwTickFreq
 *fill*         0x2000000d        0x3 
 .data.uwTickPrio
                0x20000010        0x4 ./Drivers/STM32G0xx_HAL_Driver/Src/stm32g0xx_hal.o
                0x20000010                uwTickPrio
 *(.RamFunc)
 *(.RamFunc*)
                0x20000014                        . = ALIGN (0x4)
                0x20000014                        _edata = .

.igot.plt       0x20000014        0x0 load address 0x0800764c
 .igot.plt      0x20000014        0x0 C:/ST/STM32CubeIDE_1.16.1/STM32CubeIDE/plugins/com.st.stm32cube.ide.mcu.externaltools.gnu-tools-for-stm32.12.3.rel1.win32_1.1.0.202410251130/tools/bin/../lib/gcc/arm-none-eabi/12.3.1/thumb/v6-m/nofp/crtbegin.o
                0x20000014                        . = ALIGN (0x4)

.bss            0x20000018      0xaf0 load address 0x0800764c
                0x20000018                        _sbss = .
                0x20000018                        __bss_start__ = _sbss
 *(.bss)
 .bss           0x20000018       0x1c C:/ST/STM32CubeIDE_1.16.1/STM32CubeIDE/plugins/com.st.stm32cube.ide.mcu.externaltools.gnu-tools-for-stm32.12.3.rel1.win32_1.1.0.202410251130/tools/bin/../lib/gcc/arm-none-eabi/12.3.1/thumb/v6-m/nofp/crtbegin.o
 *(.bss*)
 *fill*         0x20000034        0x4 
 .bss.hlptim1   0x20000038       0x5c ./Core/Src/config.o
                0x20000038                hlptim1
 .bss.hdma_usart2_tx
                0x20000094       0x5c ./Core/Src/config.o
                0x20000094                hdma_usart2_tx
 .bss.hdma_usart2_rx
                0x200000f0       0x5c ./Core/Src/config.o
                0x200000f0                hdma_usart2_rx
 .bss.huart2    0x2000014c       0xcc ./Core/Src/config.o
                0x2000014c                huart2
 .bss.htim17    0x20000218       0xbc ./Core/Src/config.o
                0x20000218                htim17
 .bss.htim1     0x200002d4       0xbc ./Core/Src/config.o
                0x200002d4                htim1
 .bss.htim3     0x20000390       0xbc ./Core/Src/config.o
                0x20000390                htim3
 .bss.htim2     0x2000044c       0xbc ./Core/Src/config.o
                0x2000044c                htim2
 .bss.htim16    0x20000508       0xbc ./Core/Src/config.o
                0x20000508                htim16
 .bss.hdma_adc1
                0x200005c4       0x5c ./Core/Src/config.o
                0x200005c4                hdma_adc1
 .bss.hadc1     0x20000620       0x88 ./Core/Src/config.o
                0x20000620                hadc1
 .bss.rx_buffer
                0x200006a8        0x1 ./Core/Src/main.o
                0x200006a8                rx_buffer
 *fill*         0x200006a9        0x1 
 .bss.second_speed_measurement.0
                0x200006aa        0x2 ./Core/Src/system.o
 .bss.first_speed_measurement.1
                0x200006ac        0x2 ./Core/Src/system.o
 .bss.TIM17_debounce_is_elapsing
                0x200006ae        0x1 ./Core/Src/system.o
                0x200006ae                TIM17_debounce_is_elapsing
 .bss.tap_tempo_switch_state
                0x200006af        0x1 ./Core/Src/system.o
                0x200006af                tap_tempo_switch_state
 .bss.speed_pot_adc_measurement_num
                0x200006b0        0x1 ./Core/Src/system.o
                0x200006b0                speed_pot_adc_measurement_num
 .bss.tap_tempo_mode_is_active
                0x200006b1        0x1 ./Core/Src/system.o
                0x200006b1                tap_tempo_mode_is_active
 .bss.TAP_TEMPO_EXTI4_15_IRQ_is_disabled
                0x200006b2        0x1 ./Core/Src/system.o
                0x200006b2                TAP_TEMPO_EXTI4_15_IRQ_is_disabled
 *fill*         0x200006b3        0x1 
 .bss.duty_delayed
                0x200006b4        0x2 ./Core/Src/system.o
                0x200006b4                duty_delayed
 .bss.duty_delay_line_read_pointer_offset
                0x200006b6        0x2 ./Core/Src/system.o
                0x200006b6                duty_delay_line_read_pointer_offset
 .bss.duty_delay_line_storage_array
                0x200006b8      0x402 ./Core/Src/system.o
                0x200006b8                duty_delay_line_storage_array
 .bss.current_depth_to_be_loaded
                0x20000aba        0x2 ./Core/Src/system.o
                0x20000aba                current_depth_to_be_loaded
 .bss.current_index_to_be_loaded
                0x20000abc        0x2 ./Core/Src/system.o
                0x20000abc                current_index_to_be_loaded
 .bss.current_quadrant_to_be_loaded
                0x20000abe        0x1 ./Core/Src/system.o
                0x20000abe                current_quadrant_to_be_loaded
 .bss.current_halfcycle_to_be_loaded
                0x20000abf        0x1 ./Core/Src/system.o
                0x20000abf                current_halfcycle_to_be_loaded
 .bss.TIM16_prescaler_divisors_final_index_to_be_loaded
                0x20000ac0        0x1 ./Core/Src/system.o
                0x20000ac0                TIM16_prescaler_divisors_final_index_to_be_loaded
 *fill*         0x20000ac1        0x1 
 .bss.duty_to_be_loaded
                0x20000ac2        0x2 ./Core/Src/system.o
                0x20000ac2                duty_to_be_loaded
 .bss.TIM16_base_prescaler_divisors_index_to_be_loaded
                0x20000ac4        0x1 ./Core/Src/system.o
                0x20000ac4                TIM16_base_prescaler_divisors_index_to_be_loaded
 *fill*         0x20000ac5        0x1 
 .bss.TIM16_final_start_value_to_be_loaded
                0x20000ac6        0x2 ./Core/Src/system.o
                0x20000ac6                TIM16_final_start_value_to_be_loaded
 .bss.TIM16_raw_start_value_to_be_loaded
                0x20000ac8        0x2 ./Core/Src/system.o
                0x20000ac8                TIM16_raw_start_value_to_be_loaded
 .bss.TIM16_prescaler_adjust_to_be_loaded
                0x20000aca        0x1 ./Core/Src/system.o
                0x20000aca                TIM16_prescaler_adjust_to_be_loaded
 *fill*         0x20000acb        0x1 
 .bss.interrupt_period
                0x20000acc        0x2 ./Core/Src/system.o
                0x20000acc                interrupt_period
 .bss.input_capture_measurement_reelapse_is_ongoing
                0x20000ace        0x1 ./Core/Src/system.o
                0x20000ace                input_capture_measurement_reelapse_is_ongoing
 .bss.speed_pot_is_disabled
                0x20000acf        0x1 ./Core/Src/system.o
                0x20000acf                speed_pot_is_disabled
 .bss.input_capture_measurement_is_ongoing
                0x20000ad0        0x1 ./Core/Src/system.o
                0x20000ad0                input_capture_measurement_is_ongoing
 *fill*         0x20000ad1        0x3 
 .bss.TIM2_ch1_input_capture_value
                0x20000ad4        0x4 ./Core/Src/system.o
                0x20000ad4                TIM2_ch1_input_capture_value
 .bss.input_capture_event
                0x20000ad8        0x1 ./Core/Src/system.o
                0x20000ad8                input_capture_event
 *fill*         0x20000ad9        0x1 
 .bss.prev_duty
                0x20000ada        0x2 ./Core/Src/system.o
                0x20000ada                prev_duty
 .bss.TIM16_final_start_value_locked
                0x20000adc        0x2 ./Core/Src/system.o
                0x20000adc                TIM16_final_start_value_locked
 .bss.TIM16_callback_active
                0x20000ade        0x1 ./Core/Src/system.o
                0x20000ade                TIM16_callback_active
 .bss.initial_ADC_conversion_complete
                0x20000adf        0x1 ./Core/Src/system.o
                0x20000adf                initial_ADC_conversion_complete
 .bss.ADCResultsDMA
                0x20000ae0        0x8 ./Core/Src/system.o
                0x20000ae0                ADCResultsDMA
 .bss.TIM16_prescaler_divisors_final_index_locked
                0x20000ae8        0x1 ./Core/Src/system.o
                0x20000ae8                TIM16_prescaler_divisors_final_index_locked
 .bss.TIM16_prescaler_divisors_final_index
                0x20000ae9        0x1 ./Core/Src/system.o
                0x20000ae9                TIM16_prescaler_divisors_final_index
 .bss.duty      0x20000aea        0x2 ./Core/Src/system.o
                0x20000aea                duty
 .bss.TIM16_base_prescaler_divisors_index
                0x20000aec        0x1 ./Core/Src/system.o
                0x20000aec                TIM16_base_prescaler_divisors_index
 *fill*         0x20000aed        0x1 
 .bss.TIM16_raw_start_value
                0x20000aee        0x2 ./Core/Src/system.o
                0x20000aee                TIM16_raw_start_value
 .bss.TIM16_prescaler_adjust
                0x20000af0        0x1 ./Core/Src/system.o
                0x20000af0                TIM16_prescaler_adjust
 *fill*         0x20000af1        0x1 
 .bss.TIM16_final_start_value
                0x20000af2        0x2 ./Core/Src/system.o
                0x20000af2                TIM16_final_start_value
 .bss.current_quadrant
                0x20000af4        0x1 ./Core/Src/system.o
                0x20000af4                current_quadrant
 .bss.current_halfcycle
                0x20000af5        0x1 ./Core/Src/system.o
                0x20000af5                current_halfcycle
 .bss.current_index
                0x20000af6        0x2 ./Core/Src/system.o
                0x20000af6                current_index
 .bss.current_symmetry
                0x20000af8        0x4 ./Core/Src/system.o
                0x20000af8                current_symmetry
 .bss.current_depth
                0x20000afc        0x2 ./Core/Src/system.o
                0x20000afc                current_depth
 .bss.current_speed
                0x20000afe        0x2 ./Core/Src/system.o
                0x20000afe                current_speed
 .bss.current_waveshape
                0x20000b00        0x1 ./Core/Src/system.o
                0x20000b00                current_waveshape
 *fill*         0x20000b01        0x3 
 .bss.uwTick    0x20000b04        0x4 ./Drivers/STM32G0xx_HAL_Driver/Src/stm32g0xx_hal.o
                0x20000b04                uwTick
 *(COMMON)
                0x20000b08                        . = ALIGN (0x4)
                0x20000b08                        _ebss = .
                0x20000b08                        __bss_end__ = _ebss

._user_heap_stack
                0x20000b08      0x600 load address 0x0800764c
                0x20000b08                        . = ALIGN (0x8)
                [!provide]                        PROVIDE (end = .)
                0x20000b08                        PROVIDE (_end = .)
                0x20000d08                        . = (. + _Min_Heap_Size)
 *fill*         0x20000b08      0x200 
                0x20001108                        . = (. + _Min_Stack_Size)
 *fill*         0x20000d08      0x400 
                0x20001108                        . = ALIGN (0x8)

/DISCARD/
 libc.a(*)
 libm.a(*)
 libgcc.a(*)

.ARM.attributes
                0x00000000       0x28
 *(.ARM.attributes)
 .ARM.attributes
                0x00000000       0x1e C:/ST/STM32CubeIDE_1.16.1/STM32CubeIDE/plugins/com.st.stm32cube.ide.mcu.externaltools.gnu-tools-for-stm32.12.3.rel1.win32_1.1.0.202410251130/tools/bin/../lib/gcc/arm-none-eabi/12.3.1/thumb/v6-m/nofp/crti.o
 .ARM.attributes
                0x0000001e       0x2c C:/ST/STM32CubeIDE_1.16.1/STM32CubeIDE/plugins/com.st.stm32cube.ide.mcu.externaltools.gnu-tools-for-stm32.12.3.rel1.win32_1.1.0.202410251130/tools/bin/../lib/gcc/arm-none-eabi/12.3.1/thumb/v6-m/nofp/crtbegin.o
 .ARM.attributes
                0x0000004a       0x28 ./Core/Src/config.o
 .ARM.attributes
                0x00000072       0x28 ./Core/Src/custom_callbacks.o
 .ARM.attributes
                0x0000009a       0x28 ./Core/Src/main.o
 .ARM.attributes
                0x000000c2       0x28 ./Core/Src/stm32g0xx_hal_msp.o
 .ARM.attributes
                0x000000ea       0x28 ./Core/Src/stm32g0xx_it.o
 .ARM.attributes
                0x00000112       0x28 ./Core/Src/system.o
 .ARM.attributes
                0x0000013a       0x28 ./Core/Src/system_stm32g0xx.o
 .ARM.attributes
                0x00000162       0x22 ./Core/Startup/startup_stm32g031k8tx.o
 .ARM.attributes
                0x00000184       0x28 ./Drivers/STM32G0xx_HAL_Driver/Src/stm32g0xx_hal.o
 .ARM.attributes
                0x000001ac       0x28 ./Drivers/STM32G0xx_HAL_Driver/Src/stm32g0xx_hal_adc.o
 .ARM.attributes
                0x000001d4       0x28 ./Drivers/STM32G0xx_HAL_Driver/Src/stm32g0xx_hal_adc_ex.o
 .ARM.attributes
                0x000001fc       0x28 ./Drivers/STM32G0xx_HAL_Driver/Src/stm32g0xx_hal_cortex.o
 .ARM.attributes
                0x00000224       0x28 ./Drivers/STM32G0xx_HAL_Driver/Src/stm32g0xx_hal_dma.o
 .ARM.attributes
                0x0000024c       0x28 ./Drivers/STM32G0xx_HAL_Driver/Src/stm32g0xx_hal_gpio.o
 .ARM.attributes
                0x00000274       0x28 ./Drivers/STM32G0xx_HAL_Driver/Src/stm32g0xx_hal_lptim.o
 .ARM.attributes
                0x0000029c       0x28 ./Drivers/STM32G0xx_HAL_Driver/Src/stm32g0xx_hal_pwr_ex.o
 .ARM.attributes
                0x000002c4       0x28 ./Drivers/STM32G0xx_HAL_Driver/Src/stm32g0xx_hal_rcc.o
 .ARM.attributes
                0x000002ec       0x28 ./Drivers/STM32G0xx_HAL_Driver/Src/stm32g0xx_hal_rcc_ex.o
 .ARM.attributes
                0x00000314       0x28 ./Drivers/STM32G0xx_HAL_Driver/Src/stm32g0xx_hal_tim.o
 .ARM.attributes
                0x0000033c       0x28 ./Drivers/STM32G0xx_HAL_Driver/Src/stm32g0xx_hal_tim_ex.o
 .ARM.attributes
                0x00000364       0x28 ./Drivers/STM32G0xx_HAL_Driver/Src/stm32g0xx_hal_uart.o
 .ARM.attributes
                0x0000038c       0x28 ./Drivers/STM32G0xx_HAL_Driver/Src/stm32g0xx_hal_uart_ex.o
 .ARM.attributes
                0x000003b4       0x2c C:/ST/STM32CubeIDE_1.16.1/STM32CubeIDE/plugins/com.st.stm32cube.ide.mcu.externaltools.gnu-tools-for-stm32.12.3.rel1.win32_1.1.0.202410251130/tools/bin/../lib/gcc/arm-none-eabi/12.3.1/../../../../arm-none-eabi/lib/thumb/v6-m/nofp\libc_nano.a(libc_a-memset.o)
 .ARM.attributes
                0x000003e0       0x2c C:/ST/STM32CubeIDE_1.16.1/STM32CubeIDE/plugins/com.st.stm32cube.ide.mcu.externaltools.gnu-tools-for-stm32.12.3.rel1.win32_1.1.0.202410251130/tools/bin/../lib/gcc/arm-none-eabi/12.3.1/../../../../arm-none-eabi/lib/thumb/v6-m/nofp\libc_nano.a(libc_a-init.o)
 .ARM.attributes
                0x0000040c       0x1e C:/ST/STM32CubeIDE_1.16.1/STM32CubeIDE/plugins/com.st.stm32cube.ide.mcu.externaltools.gnu-tools-for-stm32.12.3.rel1.win32_1.1.0.202410251130/tools/bin/../lib/gcc/arm-none-eabi/12.3.1/thumb/v6-m/nofp\libgcc.a(_udivsi3.o)
 .ARM.attributes
                0x0000042a       0x1e C:/ST/STM32CubeIDE_1.16.1/STM32CubeIDE/plugins/com.st.stm32cube.ide.mcu.externaltools.gnu-tools-for-stm32.12.3.rel1.win32_1.1.0.202410251130/tools/bin/../lib/gcc/arm-none-eabi/12.3.1/thumb/v6-m/nofp\libgcc.a(_dvmd_tls.o)
 .ARM.attributes
                0x00000448       0x1e C:/ST/STM32CubeIDE_1.16.1/STM32CubeIDE/plugins/com.st.stm32cube.ide.mcu.externaltools.gnu-tools-for-stm32.12.3.rel1.win32_1.1.0.202410251130/tools/bin/../lib/gcc/arm-none-eabi/12.3.1/thumb/v6-m/nofp\libgcc.a(_aeabi_uldivmod.o)
 .ARM.attributes
                0x00000466       0x2c C:/ST/STM32CubeIDE_1.16.1/STM32CubeIDE/plugins/com.st.stm32cube.ide.mcu.externaltools.gnu-tools-for-stm32.12.3.rel1.win32_1.1.0.202410251130/tools/bin/../lib/gcc/arm-none-eabi/12.3.1/thumb/v6-m/nofp\libgcc.a(_udivmoddi4.o)
 .ARM.attributes
                0x00000492       0x1e C:/ST/STM32CubeIDE_1.16.1/STM32CubeIDE/plugins/com.st.stm32cube.ide.mcu.externaltools.gnu-tools-for-stm32.12.3.rel1.win32_1.1.0.202410251130/tools/bin/../lib/gcc/arm-none-eabi/12.3.1/thumb/v6-m/nofp\libgcc.a(_clzdi2.o)
 .ARM.attributes
                0x000004b0       0x1e C:/ST/STM32CubeIDE_1.16.1/STM32CubeIDE/plugins/com.st.stm32cube.ide.mcu.externaltools.gnu-tools-for-stm32.12.3.rel1.win32_1.1.0.202410251130/tools/bin/../lib/gcc/arm-none-eabi/12.3.1/thumb/v6-m/nofp\libgcc.a(_clzsi2.o)
 .ARM.attributes
                0x000004ce       0x1e C:/ST/STM32CubeIDE_1.16.1/STM32CubeIDE/plugins/com.st.stm32cube.ide.mcu.externaltools.gnu-tools-for-stm32.12.3.rel1.win32_1.1.0.202410251130/tools/bin/../lib/gcc/arm-none-eabi/12.3.1/thumb/v6-m/nofp/crtn.o
OUTPUT(g031k8.elf elf32-littlearm)
LOAD linker stubs
LOAD C:/ST/STM32CubeIDE_1.16.1/STM32CubeIDE/plugins/com.st.stm32cube.ide.mcu.externaltools.gnu-tools-for-stm32.12.3.rel1.win32_1.1.0.202410251130/tools/bin/../lib/gcc/arm-none-eabi/12.3.1/../../../../arm-none-eabi/lib/thumb/v6-m/nofp\libc.a
LOAD C:/ST/STM32CubeIDE_1.16.1/STM32CubeIDE/plugins/com.st.stm32cube.ide.mcu.externaltools.gnu-tools-for-stm32.12.3.rel1.win32_1.1.0.202410251130/tools/bin/../lib/gcc/arm-none-eabi/12.3.1/../../../../arm-none-eabi/lib/thumb/v6-m/nofp\libm.a
LOAD C:/ST/STM32CubeIDE_1.16.1/STM32CubeIDE/plugins/com.st.stm32cube.ide.mcu.externaltools.gnu-tools-for-stm32.12.3.rel1.win32_1.1.0.202410251130/tools/bin/../lib/gcc/arm-none-eabi/12.3.1/thumb/v6-m/nofp\libgcc.a

.debug_info     0x00000000    0x25aab
 .debug_info    0x00000000     0x3688 ./Core/Src/config.o
 .debug_info    0x00003688     0x222f ./Core/Src/custom_callbacks.o
 .debug_info    0x000058b7     0x1339 ./Core/Src/main.o
 .debug_info    0x00006bf0     0x2047 ./Core/Src/stm32g0xx_hal_msp.o
 .debug_info    0x00008c37     0x12e1 ./Core/Src/stm32g0xx_it.o
 .debug_info    0x00009f18     0x1c8b ./Core/Src/system.o
 .debug_info    0x0000bba3      0x34e ./Core/Src/system_stm32g0xx.o
 .debug_info    0x0000bef1       0x30 ./Core/Startup/startup_stm32g031k8tx.o
 .debug_info    0x0000bf21      0xb3c ./Drivers/STM32G0xx_HAL_Driver/Src/stm32g0xx_hal.o
 .debug_info    0x0000ca5d     0x23a8 ./Drivers/STM32G0xx_HAL_Driver/Src/stm32g0xx_hal_adc.o
 .debug_info    0x0000ee05      0xd8e ./Drivers/STM32G0xx_HAL_Driver/Src/stm32g0xx_hal_adc_ex.o
 .debug_info    0x0000fb93      0xa40 ./Drivers/STM32G0xx_HAL_Driver/Src/stm32g0xx_hal_cortex.o
 .debug_info    0x000105d3      0xab0 ./Drivers/STM32G0xx_HAL_Driver/Src/stm32g0xx_hal_dma.o
 .debug_info    0x00011083      0x5ef ./Drivers/STM32G0xx_HAL_Driver/Src/stm32g0xx_hal_gpio.o
 .debug_info    0x00011672     0x1c86 ./Drivers/STM32G0xx_HAL_Driver/Src/stm32g0xx_hal_lptim.o
 .debug_info    0x000132f8      0x7ef ./Drivers/STM32G0xx_HAL_Driver/Src/stm32g0xx_hal_pwr_ex.o
 .debug_info    0x00013ae7      0xdc8 ./Drivers/STM32G0xx_HAL_Driver/Src/stm32g0xx_hal_rcc.o
 .debug_info    0x000148af      0x854 ./Drivers/STM32G0xx_HAL_Driver/Src/stm32g0xx_hal_rcc_ex.o
 .debug_info    0x00015103     0x5491 ./Drivers/STM32G0xx_HAL_Driver/Src/stm32g0xx_hal_tim.o
 .debug_info    0x0001a594     0x2151 ./Drivers/STM32G0xx_HAL_Driver/Src/stm32g0xx_hal_tim_ex.o
 .debug_info    0x0001c6e5     0x7f18 ./Drivers/STM32G0xx_HAL_Driver/Src/stm32g0xx_hal_uart.o
 .debug_info    0x000245fd     0x14ae ./Drivers/STM32G0xx_HAL_Driver/Src/stm32g0xx_hal_uart_ex.o

.debug_abbrev   0x00000000     0x4185
 .debug_abbrev  0x00000000      0x37e ./Core/Src/config.o
 .debug_abbrev  0x0000037e      0x36b ./Core/Src/custom_callbacks.o
 .debug_abbrev  0x000006e9      0x240 ./Core/Src/main.o
 .debug_abbrev  0x00000929      0x2ae ./Core/Src/stm32g0xx_hal_msp.o
 .debug_abbrev  0x00000bd7      0x25a ./Core/Src/stm32g0xx_it.o
 .debug_abbrev  0x00000e31      0x460 ./Core/Src/system.o
 .debug_abbrev  0x00001291      0x148 ./Core/Src/system_stm32g0xx.o
 .debug_abbrev  0x000013d9       0x24 ./Core/Startup/startup_stm32g031k8tx.o
 .debug_abbrev  0x000013fd      0x341 ./Drivers/STM32G0xx_HAL_Driver/Src/stm32g0xx_hal.o
 .debug_abbrev  0x0000173e      0x370 ./Drivers/STM32G0xx_HAL_Driver/Src/stm32g0xx_hal_adc.o
 .debug_abbrev  0x00001aae      0x30f ./Drivers/STM32G0xx_HAL_Driver/Src/stm32g0xx_hal_adc_ex.o
 .debug_abbrev  0x00001dbd      0x2dc ./Drivers/STM32G0xx_HAL_Driver/Src/stm32g0xx_hal_cortex.o
 .debug_abbrev  0x00002099      0x28a ./Drivers/STM32G0xx_HAL_Driver/Src/stm32g0xx_hal_dma.o
 .debug_abbrev  0x00002323      0x26c ./Drivers/STM32G0xx_HAL_Driver/Src/stm32g0xx_hal_gpio.o
 .debug_abbrev  0x0000258f      0x37c ./Drivers/STM32G0xx_HAL_Driver/Src/stm32g0xx_hal_lptim.o
 .debug_abbrev  0x0000290b      0x28a ./Drivers/STM32G0xx_HAL_Driver/Src/stm32g0xx_hal_pwr_ex.o
 .debug_abbrev  0x00002b95      0x36b ./Drivers/STM32G0xx_HAL_Driver/Src/stm32g0xx_hal_rcc.o
 .debug_abbrev  0x00002f00      0x296 ./Drivers/STM32G0xx_HAL_Driver/Src/stm32g0xx_hal_rcc_ex.o
 .debug_abbrev  0x00003196      0x3e7 ./Drivers/STM32G0xx_HAL_Driver/Src/stm32g0xx_hal_tim.o
 .debug_abbrev  0x0000357d      0x3f8 ./Drivers/STM32G0xx_HAL_Driver/Src/stm32g0xx_hal_tim_ex.o
 .debug_abbrev  0x00003975      0x4a2 ./Drivers/STM32G0xx_HAL_Driver/Src/stm32g0xx_hal_uart.o
 .debug_abbrev  0x00003e17      0x36e ./Drivers/STM32G0xx_HAL_Driver/Src/stm32g0xx_hal_uart_ex.o

.debug_aranges  0x00000000     0x1248
 .debug_aranges
                0x00000000       0x88 ./Core/Src/config.o
 .debug_aranges
                0x00000088       0x78 ./Core/Src/custom_callbacks.o
 .debug_aranges
                0x00000100       0x20 ./Core/Src/main.o
 .debug_aranges
                0x00000120       0x68 ./Core/Src/stm32g0xx_hal_msp.o
 .debug_aranges
                0x00000188       0x88 ./Core/Src/stm32g0xx_it.o
 .debug_aranges
                0x00000210       0x90 ./Core/Src/system.o
 .debug_aranges
                0x000002a0       0x28 ./Core/Src/system_stm32g0xx.o
 .debug_aranges
                0x000002c8       0x28 ./Core/Startup/startup_stm32g031k8tx.o
 .debug_aranges
                0x000002f0      0x128 ./Drivers/STM32G0xx_HAL_Driver/Src/stm32g0xx_hal.o
 .debug_aranges
                0x00000418      0x108 ./Drivers/STM32G0xx_HAL_Driver/Src/stm32g0xx_hal_adc.o
 .debug_aranges
                0x00000520       0x58 ./Drivers/STM32G0xx_HAL_Driver/Src/stm32g0xx_hal_adc_ex.o
 .debug_aranges
                0x00000578       0xa0 ./Drivers/STM32G0xx_HAL_Driver/Src/stm32g0xx_hal_cortex.o
 .debug_aranges
                0x00000618       0x78 ./Drivers/STM32G0xx_HAL_Driver/Src/stm32g0xx_hal_dma.o
 .debug_aranges
                0x00000690       0x60 ./Drivers/STM32G0xx_HAL_Driver/Src/stm32g0xx_hal_gpio.o
 .debug_aranges
                0x000006f0      0x170 ./Drivers/STM32G0xx_HAL_Driver/Src/stm32g0xx_hal_lptim.o
 .debug_aranges
                0x00000860       0xf0 ./Drivers/STM32G0xx_HAL_Driver/Src/stm32g0xx_hal_pwr_ex.o
 .debug_aranges
                0x00000950       0x98 ./Drivers/STM32G0xx_HAL_Driver/Src/stm32g0xx_hal_rcc.o
 .debug_aranges
                0x000009e8       0x40 ./Drivers/STM32G0xx_HAL_Driver/Src/stm32g0xx_hal_rcc_ex.o
 .debug_aranges
                0x00000a28      0x398 ./Drivers/STM32G0xx_HAL_Driver/Src/stm32g0xx_hal_tim.o
 .debug_aranges
                0x00000dc0      0x190 ./Drivers/STM32G0xx_HAL_Driver/Src/stm32g0xx_hal_tim_ex.o
 .debug_aranges
                0x00000f50      0x260 ./Drivers/STM32G0xx_HAL_Driver/Src/stm32g0xx_hal_uart.o
 .debug_aranges
                0x000011b0       0x98 ./Drivers/STM32G0xx_HAL_Driver/Src/stm32g0xx_hal_uart_ex.o

.debug_rnglists
                0x00000000     0x1ab6
 .debug_rnglists
                0x00000000       0xd6 ./Core/Src/config.o
 .debug_rnglists
                0x000000d6       0x68 ./Core/Src/custom_callbacks.o
 .debug_rnglists
                0x0000013e       0x13 ./Core/Src/main.o
 .debug_rnglists
                0x00000151      0x135 ./Core/Src/stm32g0xx_hal_msp.o
 .debug_rnglists
                0x00000286       0x61 ./Core/Src/stm32g0xx_it.o
 .debug_rnglists
                0x000002e7       0x9f ./Core/Src/system.o
 .debug_rnglists
                0x00000386       0x1a ./Core/Src/system_stm32g0xx.o
 .debug_rnglists
                0x000003a0       0x19 ./Core/Startup/startup_stm32g031k8tx.o
 .debug_rnglists
                0x000003b9       0xd9 ./Drivers/STM32G0xx_HAL_Driver/Src/stm32g0xx_hal.o
 .debug_rnglists
                0x00000492      0x26b ./Drivers/STM32G0xx_HAL_Driver/Src/stm32g0xx_hal_adc.o
 .debug_rnglists
                0x000006fd       0xb9 ./Drivers/STM32G0xx_HAL_Driver/Src/stm32g0xx_hal_adc_ex.o
 .debug_rnglists
                0x000007b6       0x9d ./Drivers/STM32G0xx_HAL_Driver/Src/stm32g0xx_hal_cortex.o
 .debug_rnglists
                0x00000853       0x9e ./Drivers/STM32G0xx_HAL_Driver/Src/stm32g0xx_hal_dma.o
 .debug_rnglists
                0x000008f1       0x45 ./Drivers/STM32G0xx_HAL_Driver/Src/stm32g0xx_hal_gpio.o
 .debug_rnglists
                0x00000936      0x256 ./Drivers/STM32G0xx_HAL_Driver/Src/stm32g0xx_hal_lptim.o
 .debug_rnglists
                0x00000b8c       0xb0 ./Drivers/STM32G0xx_HAL_Driver/Src/stm32g0xx_hal_pwr_ex.o
 .debug_rnglists
                0x00000c3c       0xb4 ./Drivers/STM32G0xx_HAL_Driver/Src/stm32g0xx_hal_rcc.o
 .debug_rnglists
                0x00000cf0       0x71 ./Drivers/STM32G0xx_HAL_Driver/Src/stm32g0xx_hal_rcc_ex.o
 .debug_rnglists
                0x00000d61      0x72a ./Drivers/STM32G0xx_HAL_Driver/Src/stm32g0xx_hal_tim.o
 .debug_rnglists
                0x0000148b      0x192 ./Drivers/STM32G0xx_HAL_Driver/Src/stm32g0xx_hal_tim_ex.o
 .debug_rnglists
                0x0000161d      0x3f0 ./Drivers/STM32G0xx_HAL_Driver/Src/stm32g0xx_hal_uart.o
 .debug_rnglists
                0x00001a0d       0xa9 ./Drivers/STM32G0xx_HAL_Driver/Src/stm32g0xx_hal_uart_ex.o

.debug_macro    0x00000000     0x2e40
 .debug_macro   0x00000000      0x24b ./Core/Src/config.o
 .debug_macro   0x0000024b      0x243 ./Core/Src/custom_callbacks.o
 .debug_macro   0x0000048e      0x239 ./Core/Src/main.o
 .debug_macro   0x000006c7      0x22a ./Core/Src/stm32g0xx_hal_msp.o
 .debug_macro   0x000008f1      0x247 ./Core/Src/stm32g0xx_it.o
 .debug_macro   0x00000b38      0x239 ./Core/Src/system.o
 .debug_macro   0x00000d71      0x21b ./Core/Src/system_stm32g0xx.o
 .debug_macro   0x00000f8c      0x23f ./Drivers/STM32G0xx_HAL_Driver/Src/stm32g0xx_hal.o
 .debug_macro   0x000011cb      0x23f ./Drivers/STM32G0xx_HAL_Driver/Src/stm32g0xx_hal_adc.o
 .debug_macro   0x0000140a      0x227 ./Drivers/STM32G0xx_HAL_Driver/Src/stm32g0xx_hal_adc_ex.o
 .debug_macro   0x00001631      0x21b ./Drivers/STM32G0xx_HAL_Driver/Src/stm32g0xx_hal_cortex.o
 .debug_macro   0x0000184c      0x21b ./Drivers/STM32G0xx_HAL_Driver/Src/stm32g0xx_hal_dma.o
 .debug_macro   0x00001a67      0x222 ./Drivers/STM32G0xx_HAL_Driver/Src/stm32g0xx_hal_gpio.o
 .debug_macro   0x00001c89      0x231 ./Drivers/STM32G0xx_HAL_Driver/Src/stm32g0xx_hal_lptim.o
 .debug_macro   0x00001eba      0x245 ./Drivers/STM32G0xx_HAL_Driver/Src/stm32g0xx_hal_pwr_ex.o
 .debug_macro   0x000020ff      0x25d ./Drivers/STM32G0xx_HAL_Driver/Src/stm32g0xx_hal_rcc.o
 .debug_macro   0x0000235c      0x233 ./Drivers/STM32G0xx_HAL_Driver/Src/stm32g0xx_hal_rcc_ex.o
 .debug_macro   0x0000258f      0x223 ./Drivers/STM32G0xx_HAL_Driver/Src/stm32g0xx_hal_tim.o
 .debug_macro   0x000027b2      0x221 ./Drivers/STM32G0xx_HAL_Driver/Src/stm32g0xx_hal_tim_ex.o
 .debug_macro   0x000029d3      0x246 ./Drivers/STM32G0xx_HAL_Driver/Src/stm32g0xx_hal_uart.o
 .debug_macro   0x00002c19      0x227 ./Drivers/STM32G0xx_HAL_Driver/Src/stm32g0xx_hal_uart_ex.o

.debug_line     0x00000000    0x24cd4
 .debug_line    0x00000000     0x19a1 ./Core/Src/config.o
 .debug_line    0x000019a1     0x1563 ./Core/Src/custom_callbacks.o
 .debug_line    0x00002f04      0x829 ./Core/Src/main.o
 .debug_line    0x0000372d      0xdbe ./Core/Src/stm32g0xx_hal_msp.o
 .debug_line    0x000044eb      0x9bf ./Core/Src/stm32g0xx_it.o
 .debug_line    0x00004eaa     0x12ec ./Core/Src/system.o
 .debug_line    0x00006196      0x8dc ./Core/Src/system_stm32g0xx.o
 .debug_line    0x00006a72       0x7b ./Core/Startup/startup_stm32g031k8tx.o
 .debug_line    0x00006aed      0xd4c ./Drivers/STM32G0xx_HAL_Driver/Src/stm32g0xx_hal.o
 .debug_line    0x00007839     0x24ac ./Drivers/STM32G0xx_HAL_Driver/Src/stm32g0xx_hal_adc.o
 .debug_line    0x00009ce5      0xd15 ./Drivers/STM32G0xx_HAL_Driver/Src/stm32g0xx_hal_adc_ex.o
 .debug_line    0x0000a9fa      0xd13 ./Drivers/STM32G0xx_HAL_Driver/Src/stm32g0xx_hal_cortex.o
 .debug_line    0x0000b70d     0x1359 ./Drivers/STM32G0xx_HAL_Driver/Src/stm32g0xx_hal_dma.o
 .debug_line    0x0000ca66      0xdc3 ./Drivers/STM32G0xx_HAL_Driver/Src/stm32g0xx_hal_gpio.o
 .debug_line    0x0000d829     0x2194 ./Drivers/STM32G0xx_HAL_Driver/Src/stm32g0xx_hal_lptim.o
 .debug_line    0x0000f9bd      0xd0c ./Drivers/STM32G0xx_HAL_Driver/Src/stm32g0xx_hal_pwr_ex.o
 .debug_line    0x000106c9     0x15b1 ./Drivers/STM32G0xx_HAL_Driver/Src/stm32g0xx_hal_rcc.o
 .debug_line    0x00011c7a      0xf40 ./Drivers/STM32G0xx_HAL_Driver/Src/stm32g0xx_hal_rcc_ex.o
 .debug_line    0x00012bba     0x76a3 ./Drivers/STM32G0xx_HAL_Driver/Src/stm32g0xx_hal_tim.o
 .debug_line    0x0001a25d     0x23a9 ./Drivers/STM32G0xx_HAL_Driver/Src/stm32g0xx_hal_tim_ex.o
 .debug_line    0x0001c606     0x70f7 ./Drivers/STM32G0xx_HAL_Driver/Src/stm32g0xx_hal_uart.o
 .debug_line    0x000236fd     0x15d7 ./Drivers/STM32G0xx_HAL_Driver/Src/stm32g0xx_hal_uart_ex.o

.debug_str      0x00000000    0x9e9a0
 .debug_str     0x00000000    0x99519 ./Core/Src/config.o
                              0x9a0ea (size before relaxing)
 .debug_str     0x00099519      0x91e ./Core/Src/custom_callbacks.o
                              0x99b16 (size before relaxing)
 .debug_str     0x00099e37       0xc2 ./Core/Src/main.o
                              0x98c82 (size before relaxing)
 .debug_str     0x00099ef9      0x1f2 ./Core/Src/stm32g0xx_hal_msp.o
                              0x98c75 (size before relaxing)
 .debug_str     0x0009a0eb      0x198 ./Core/Src/stm32g0xx_it.o
                              0x98d0c (size before relaxing)
 .debug_str     0x0009a283      0x27c ./Core/Src/system.o
                              0x99449 (size before relaxing)
 .debug_str     0x0009a4ff       0x9c ./Core/Src/system_stm32g0xx.o
                              0x973ab (size before relaxing)
 .debug_str     0x0009a59b       0x44 ./Core/Startup/startup_stm32g031k8tx.o
                                 0x73 (size before relaxing)
 .debug_str     0x0009a5df      0x567 ./Drivers/STM32G0xx_HAL_Driver/Src/stm32g0xx_hal.o
                              0x97b81 (size before relaxing)
 .debug_str     0x0009ab46      0x8d3 ./Drivers/STM32G0xx_HAL_Driver/Src/stm32g0xx_hal_adc.o
                              0x983be (size before relaxing)
 .debug_str     0x0009b419      0x1e2 ./Drivers/STM32G0xx_HAL_Driver/Src/stm32g0xx_hal_adc_ex.o
                              0x97c01 (size before relaxing)
 .debug_str     0x0009b5fb      0x28b ./Drivers/STM32G0xx_HAL_Driver/Src/stm32g0xx_hal_cortex.o
                              0x97827 (size before relaxing)
 .debug_str     0x0009b886      0x261 ./Drivers/STM32G0xx_HAL_Driver/Src/stm32g0xx_hal_dma.o
                              0x97845 (size before relaxing)
 .debug_str     0x0009bae7       0xcd ./Drivers/STM32G0xx_HAL_Driver/Src/stm32g0xx_hal_gpio.o
                              0x974d2 (size before relaxing)
 .debug_str     0x0009bbb4      0x5a2 ./Drivers/STM32G0xx_HAL_Driver/Src/stm32g0xx_hal_lptim.o
                              0x97e36 (size before relaxing)
 .debug_str     0x0009c156      0x37b ./Drivers/STM32G0xx_HAL_Driver/Src/stm32g0xx_hal_pwr_ex.o
                              0x97824 (size before relaxing)
 .debug_str     0x0009c4d1      0x4ae ./Drivers/STM32G0xx_HAL_Driver/Src/stm32g0xx_hal_rcc.o
                              0x97b01 (size before relaxing)
 .debug_str     0x0009c97f      0x185 ./Drivers/STM32G0xx_HAL_Driver/Src/stm32g0xx_hal_rcc_ex.o
                              0x9773a (size before relaxing)
 .debug_str     0x0009cb04      0xd1f ./Drivers/STM32G0xx_HAL_Driver/Src/stm32g0xx_hal_tim.o
                              0x98f76 (size before relaxing)
 .debug_str     0x0009d823      0x4a0 ./Drivers/STM32G0xx_HAL_Driver/Src/stm32g0xx_hal_tim_ex.o
                              0x984d8 (size before relaxing)
 .debug_str     0x0009dcc3      0xa15 ./Drivers/STM32G0xx_HAL_Driver/Src/stm32g0xx_hal_uart.o
                              0x986f9 (size before relaxing)
 .debug_str     0x0009e6d8      0x2c8 ./Drivers/STM32G0xx_HAL_Driver/Src/stm32g0xx_hal_uart_ex.o
                              0x97d4f (size before relaxing)

.comment        0x00000000       0x43
 .comment       0x00000000       0x43 ./Core/Src/config.o
                                 0x44 (size before relaxing)
 .comment       0x00000043       0x44 ./Core/Src/custom_callbacks.o
 .comment       0x00000043       0x44 ./Core/Src/main.o
 .comment       0x00000043       0x44 ./Core/Src/stm32g0xx_hal_msp.o
 .comment       0x00000043       0x44 ./Core/Src/stm32g0xx_it.o
 .comment       0x00000043       0x44 ./Core/Src/system.o
 .comment       0x00000043       0x44 ./Core/Src/system_stm32g0xx.o
 .comment       0x00000043       0x44 ./Drivers/STM32G0xx_HAL_Driver/Src/stm32g0xx_hal.o
 .comment       0x00000043       0x44 ./Drivers/STM32G0xx_HAL_Driver/Src/stm32g0xx_hal_adc.o
 .comment       0x00000043       0x44 ./Drivers/STM32G0xx_HAL_Driver/Src/stm32g0xx_hal_adc_ex.o
 .comment       0x00000043       0x44 ./Drivers/STM32G0xx_HAL_Driver/Src/stm32g0xx_hal_cortex.o
 .comment       0x00000043       0x44 ./Drivers/STM32G0xx_HAL_Driver/Src/stm32g0xx_hal_dma.o
 .comment       0x00000043       0x44 ./Drivers/STM32G0xx_HAL_Driver/Src/stm32g0xx_hal_gpio.o
 .comment       0x00000043       0x44 ./Drivers/STM32G0xx_HAL_Driver/Src/stm32g0xx_hal_lptim.o
 .comment       0x00000043       0x44 ./Drivers/STM32G0xx_HAL_Driver/Src/stm32g0xx_hal_pwr_ex.o
 .comment       0x00000043       0x44 ./Drivers/STM32G0xx_HAL_Driver/Src/stm32g0xx_hal_rcc.o
 .comment       0x00000043       0x44 ./Drivers/STM32G0xx_HAL_Driver/Src/stm32g0xx_hal_rcc_ex.o
 .comment       0x00000043       0x44 ./Drivers/STM32G0xx_HAL_Driver/Src/stm32g0xx_hal_tim.o
 .comment       0x00000043       0x44 ./Drivers/STM32G0xx_HAL_Driver/Src/stm32g0xx_hal_tim_ex.o
 .comment       0x00000043       0x44 ./Drivers/STM32G0xx_HAL_Driver/Src/stm32g0xx_hal_uart.o
 .comment       0x00000043       0x44 ./Drivers/STM32G0xx_HAL_Driver/Src/stm32g0xx_hal_uart_ex.o

.debug_frame    0x00000000     0x31f4
 .debug_frame   0x00000000      0x194 ./Core/Src/config.o
 .debug_frame   0x00000194      0x138 ./Core/Src/custom_callbacks.o
 .debug_frame   0x000002cc       0x28 ./Core/Src/main.o
 .debug_frame   0x000002f4      0x110 ./Core/Src/stm32g0xx_hal_msp.o
 .debug_frame   0x00000404      0x140 ./Core/Src/stm32g0xx_it.o
 .debug_frame   0x00000544      0x160 ./Core/Src/system.o
 .debug_frame   0x000006a4       0x38 ./Core/Src/system_stm32g0xx.o
 .debug_frame   0x000006dc      0x270 ./Drivers/STM32G0xx_HAL_Driver/Src/stm32g0xx_hal.o
 .debug_frame   0x0000094c      0x318 ./Drivers/STM32G0xx_HAL_Driver/Src/stm32g0xx_hal_adc.o
 .debug_frame   0x00000c64       0xb8 ./Drivers/STM32G0xx_HAL_Driver/Src/stm32g0xx_hal_adc_ex.o
 .debug_frame   0x00000d1c      0x130 ./Drivers/STM32G0xx_HAL_Driver/Src/stm32g0xx_hal_cortex.o
 .debug_frame   0x00000e4c      0x168 ./Drivers/STM32G0xx_HAL_Driver/Src/stm32g0xx_hal_dma.o
 .debug_frame   0x00000fb4       0xe4 ./Drivers/STM32G0xx_HAL_Driver/Src/stm32g0xx_hal_gpio.o
 .debug_frame   0x00001098      0x438 ./Drivers/STM32G0xx_HAL_Driver/Src/stm32g0xx_hal_lptim.o
 .debug_frame   0x000014d0      0x1e4 ./Drivers/STM32G0xx_HAL_Driver/Src/stm32g0xx_hal_pwr_ex.o
 .debug_frame   0x000016b4      0x184 ./Drivers/STM32G0xx_HAL_Driver/Src/stm32g0xx_hal_rcc.o
 .debug_frame   0x00001838       0xa8 ./Drivers/STM32G0xx_HAL_Driver/Src/stm32g0xx_hal_rcc_ex.o
 .debug_frame   0x000018e0      0xa80 ./Drivers/STM32G0xx_HAL_Driver/Src/stm32g0xx_hal_tim.o
 .debug_frame   0x00002360      0x4b4 ./Drivers/STM32G0xx_HAL_Driver/Src/stm32g0xx_hal_tim_ex.o
 .debug_frame   0x00002814      0x770 ./Drivers/STM32G0xx_HAL_Driver/Src/stm32g0xx_hal_uart.o
 .debug_frame   0x00002f84      0x1c8 ./Drivers/STM32G0xx_HAL_Driver/Src/stm32g0xx_hal_uart_ex.o
 .debug_frame   0x0000314c       0x20 C:/ST/STM32CubeIDE_1.16.1/STM32CubeIDE/plugins/com.st.stm32cube.ide.mcu.externaltools.gnu-tools-for-stm32.12.3.rel1.win32_1.1.0.202410251130/tools/bin/../lib/gcc/arm-none-eabi/12.3.1/../../../../arm-none-eabi/lib/thumb/v6-m/nofp\libc_nano.a(libc_a-memset.o)
 .debug_frame   0x0000316c       0x2c C:/ST/STM32CubeIDE_1.16.1/STM32CubeIDE/plugins/com.st.stm32cube.ide.mcu.externaltools.gnu-tools-for-stm32.12.3.rel1.win32_1.1.0.202410251130/tools/bin/../lib/gcc/arm-none-eabi/12.3.1/../../../../arm-none-eabi/lib/thumb/v6-m/nofp\libc_nano.a(libc_a-init.o)
 .debug_frame   0x00003198       0x20 C:/ST/STM32CubeIDE_1.16.1/STM32CubeIDE/plugins/com.st.stm32cube.ide.mcu.externaltools.gnu-tools-for-stm32.12.3.rel1.win32_1.1.0.202410251130/tools/bin/../lib/gcc/arm-none-eabi/12.3.1/thumb/v6-m/nofp\libgcc.a(_udivsi3.o)
 .debug_frame   0x000031b8       0x3c C:/ST/STM32CubeIDE_1.16.1/STM32CubeIDE/plugins/com.st.stm32cube.ide.mcu.externaltools.gnu-tools-for-stm32.12.3.rel1.win32_1.1.0.202410251130/tools/bin/../lib/gcc/arm-none-eabi/12.3.1/thumb/v6-m/nofp\libgcc.a(_udivmoddi4.o)

.debug_loclists
                0x00000000     0xf22c
 .debug_loclists
                0x00000000      0x4ae ./Core/Src/custom_callbacks.o
 .debug_loclists
                0x000004ae      0x1af ./Core/Src/stm32g0xx_hal_msp.o
 .debug_loclists
                0x0000065d      0x582 ./Core/Src/system.o
 .debug_loclists
                0x00000bdf       0xa7 ./Core/Src/system_stm32g0xx.o
 .debug_loclists
                0x00000c86      0x143 ./Drivers/STM32G0xx_HAL_Driver/Src/stm32g0xx_hal.o
 .debug_loclists
                0x00000dc9     0x1121 ./Drivers/STM32G0xx_HAL_Driver/Src/stm32g0xx_hal_adc.o
 .debug_loclists
                0x00001eea      0x2a3 ./Drivers/STM32G0xx_HAL_Driver/Src/stm32g0xx_hal_adc_ex.o
 .debug_loclists
                0x0000218d      0x1ef ./Drivers/STM32G0xx_HAL_Driver/Src/stm32g0xx_hal_cortex.o
 .debug_loclists
                0x0000237c      0x747 ./Drivers/STM32G0xx_HAL_Driver/Src/stm32g0xx_hal_dma.o
 .debug_loclists
                0x00002ac3      0x372 ./Drivers/STM32G0xx_HAL_Driver/Src/stm32g0xx_hal_gpio.o
 .debug_loclists
                0x00002e35     0x1041 ./Drivers/STM32G0xx_HAL_Driver/Src/stm32g0xx_hal_lptim.o
 .debug_loclists
                0x00003e76      0x1b3 ./Drivers/STM32G0xx_HAL_Driver/Src/stm32g0xx_hal_pwr_ex.o
 .debug_loclists
                0x00004029      0x4e1 ./Drivers/STM32G0xx_HAL_Driver/Src/stm32g0xx_hal_rcc.o
 .debug_loclists
                0x0000450a      0x46c ./Drivers/STM32G0xx_HAL_Driver/Src/stm32g0xx_hal_rcc_ex.o
 .debug_loclists
                0x00004976     0x4f53 ./Drivers/STM32G0xx_HAL_Driver/Src/stm32g0xx_hal_tim.o
 .debug_loclists
                0x000098c9     0x1392 ./Drivers/STM32G0xx_HAL_Driver/Src/stm32g0xx_hal_tim_ex.o
 .debug_loclists
                0x0000ac5b     0x3cb5 ./Drivers/STM32G0xx_HAL_Driver/Src/stm32g0xx_hal_uart.o
 .debug_loclists
                0x0000e910      0x91c ./Drivers/STM32G0xx_HAL_Driver/Src/stm32g0xx_hal_uart_ex.o

.debug_line_str
                0x00000000       0x57
 .debug_line_str
                0x00000000       0x57 ./Core/Startup/startup_stm32g031k8tx.o
