Archive member included to satisfy reference by file (symbol)

C:/ST/STM32CubeIDE_1.16.1/STM32CubeIDE/plugins/com.st.stm32cube.ide.mcu.externaltools.gnu-tools-for-stm32.12.3.rel1.win32_1.0.200.202406191623/tools/bin/../lib/gcc/arm-none-eabi/12.3.1/../../../../arm-none-eabi/lib/thumb/v6-m/nofp\libc_nano.a(libc_a-exit.o)
                              C:/ST/STM32CubeIDE_1.16.1/STM32CubeIDE/plugins/com.st.stm32cube.ide.mcu.externaltools.gnu-tools-for-stm32.12.3.rel1.win32_1.0.200.202406191623/tools/bin/../lib/gcc/arm-none-eabi/12.3.1/../../../../arm-none-eabi/lib/thumb/v6-m/nofp/crt0.o (exit)
C:/ST/STM32CubeIDE_1.16.1/STM32CubeIDE/plugins/com.st.stm32cube.ide.mcu.externaltools.gnu-tools-for-stm32.12.3.rel1.win32_1.0.200.202406191623/tools/bin/../lib/gcc/arm-none-eabi/12.3.1/../../../../arm-none-eabi/lib/thumb/v6-m/nofp\libc_nano.a(libc_a-findfp.o)
                              C:/ST/STM32CubeIDE_1.16.1/STM32CubeIDE/plugins/com.st.stm32cube.ide.mcu.externaltools.gnu-tools-for-stm32.12.3.rel1.win32_1.0.200.202406191623/tools/bin/../lib/gcc/arm-none-eabi/12.3.1/../../../../arm-none-eabi/lib/thumb/v6-m/nofp\libc_nano.a(libc_a-exit.o) (__stdio_exit_handler)
C:/ST/STM32CubeIDE_1.16.1/STM32CubeIDE/plugins/com.st.stm32cube.ide.mcu.externaltools.gnu-tools-for-stm32.12.3.rel1.win32_1.0.200.202406191623/tools/bin/../lib/gcc/arm-none-eabi/12.3.1/../../../../arm-none-eabi/lib/thumb/v6-m/nofp\libc_nano.a(libc_a-fwalk.o)
                              C:/ST/STM32CubeIDE_1.16.1/STM32CubeIDE/plugins/com.st.stm32cube.ide.mcu.externaltools.gnu-tools-for-stm32.12.3.rel1.win32_1.0.200.202406191623/tools/bin/../lib/gcc/arm-none-eabi/12.3.1/../../../../arm-none-eabi/lib/thumb/v6-m/nofp\libc_nano.a(libc_a-findfp.o) (_fwalk_sglue)
C:/ST/STM32CubeIDE_1.16.1/STM32CubeIDE/plugins/com.st.stm32cube.ide.mcu.externaltools.gnu-tools-for-stm32.12.3.rel1.win32_1.0.200.202406191623/tools/bin/../lib/gcc/arm-none-eabi/12.3.1/../../../../arm-none-eabi/lib/thumb/v6-m/nofp\libc_nano.a(libc_a-stdio.o)
                              C:/ST/STM32CubeIDE_1.16.1/STM32CubeIDE/plugins/com.st.stm32cube.ide.mcu.externaltools.gnu-tools-for-stm32.12.3.rel1.win32_1.0.200.202406191623/tools/bin/../lib/gcc/arm-none-eabi/12.3.1/../../../../arm-none-eabi/lib/thumb/v6-m/nofp\libc_nano.a(libc_a-findfp.o) (__sread)
C:/ST/STM32CubeIDE_1.16.1/STM32CubeIDE/plugins/com.st.stm32cube.ide.mcu.externaltools.gnu-tools-for-stm32.12.3.rel1.win32_1.0.200.202406191623/tools/bin/../lib/gcc/arm-none-eabi/12.3.1/../../../../arm-none-eabi/lib/thumb/v6-m/nofp\libc_nano.a(libc_a-memset.o)
                              C:/ST/STM32CubeIDE_1.16.1/STM32CubeIDE/plugins/com.st.stm32cube.ide.mcu.externaltools.gnu-tools-for-stm32.12.3.rel1.win32_1.0.200.202406191623/tools/bin/../lib/gcc/arm-none-eabi/12.3.1/../../../../arm-none-eabi/lib/thumb/v6-m/nofp/crt0.o (memset)
C:/ST/STM32CubeIDE_1.16.1/STM32CubeIDE/plugins/com.st.stm32cube.ide.mcu.externaltools.gnu-tools-for-stm32.12.3.rel1.win32_1.0.200.202406191623/tools/bin/../lib/gcc/arm-none-eabi/12.3.1/../../../../arm-none-eabi/lib/thumb/v6-m/nofp\libc_nano.a(libc_a-closer.o)
                              C:/ST/STM32CubeIDE_1.16.1/STM32CubeIDE/plugins/com.st.stm32cube.ide.mcu.externaltools.gnu-tools-for-stm32.12.3.rel1.win32_1.0.200.202406191623/tools/bin/../lib/gcc/arm-none-eabi/12.3.1/../../../../arm-none-eabi/lib/thumb/v6-m/nofp\libc_nano.a(libc_a-stdio.o) (_close_r)
C:/ST/STM32CubeIDE_1.16.1/STM32CubeIDE/plugins/com.st.stm32cube.ide.mcu.externaltools.gnu-tools-for-stm32.12.3.rel1.win32_1.0.200.202406191623/tools/bin/../lib/gcc/arm-none-eabi/12.3.1/../../../../arm-none-eabi/lib/thumb/v6-m/nofp\libc_nano.a(libc_a-reent.o)
                              C:/ST/STM32CubeIDE_1.16.1/STM32CubeIDE/plugins/com.st.stm32cube.ide.mcu.externaltools.gnu-tools-for-stm32.12.3.rel1.win32_1.0.200.202406191623/tools/bin/../lib/gcc/arm-none-eabi/12.3.1/../../../../arm-none-eabi/lib/thumb/v6-m/nofp\libc_nano.a(libc_a-closer.o) (errno)
C:/ST/STM32CubeIDE_1.16.1/STM32CubeIDE/plugins/com.st.stm32cube.ide.mcu.externaltools.gnu-tools-for-stm32.12.3.rel1.win32_1.0.200.202406191623/tools/bin/../lib/gcc/arm-none-eabi/12.3.1/../../../../arm-none-eabi/lib/thumb/v6-m/nofp\libc_nano.a(libc_a-impure.o)
                              C:/ST/STM32CubeIDE_1.16.1/STM32CubeIDE/plugins/com.st.stm32cube.ide.mcu.externaltools.gnu-tools-for-stm32.12.3.rel1.win32_1.0.200.202406191623/tools/bin/../lib/gcc/arm-none-eabi/12.3.1/../../../../arm-none-eabi/lib/thumb/v6-m/nofp\libc_nano.a(libc_a-reent.o) (_impure_ptr)
C:/ST/STM32CubeIDE_1.16.1/STM32CubeIDE/plugins/com.st.stm32cube.ide.mcu.externaltools.gnu-tools-for-stm32.12.3.rel1.win32_1.0.200.202406191623/tools/bin/../lib/gcc/arm-none-eabi/12.3.1/../../../../arm-none-eabi/lib/thumb/v6-m/nofp\libc_nano.a(libc_a-lseekr.o)
[...]
Memory Configuration

Name             Origin             Length             Attributes
RAM              0x20000000         0x00002000         xrw
FLASH            0x08000000         0x00010000         xr
*default*        0x00000000         0xffffffff

Linker script and memory map

LOAD C:/ST/STM32CubeIDE_1.16.1/STM32CubeIDE/plugins/com.st.stm32cube.ide.mcu.externaltools.gnu-tools-for-stm32.12.3.rel1.win32_1.0.200.202406191623/tools/bin/../lib/gcc/arm-none-eabi/12.3.1/thumb/v6-m/nofp/crti.o
LOAD C:/ST/STM32CubeIDE_1.16.1/STM32CubeIDE/plugins/com.st.stm32cube.ide.mcu.externaltools.gnu-tools-for-stm32.12.3.rel1.win32_1.0.200.202406191623/tools/bin/../lib/gcc/arm-none-eabi/12.3.1/thumb/v6-m/nofp/crtbegin.o
LOAD C:/ST/STM32CubeIDE_1.16.1/STM32CubeIDE/plugins/com.st.stm32cube.ide.mcu.externaltools.gnu-tools-for-stm32.12.3.rel1.win32_1.0.200.202406191623/tools/bin/../lib/gcc/arm-none-eabi/12.3.1/../../../../arm-none-eabi/lib/thumb/v6-m/nofp/crt0.o
LOAD ./Core/Src/config.o
LOAD ./Core/Src/custom_callbacks.o
LOAD ./Core/Src/main.o
LOAD ./Core/Src/stm32g0xx_hal_msp.o
LOAD ./Core/Src/stm32g0xx_it.o
LOAD ./Core/Src/syscalls.o
LOAD ./Core/Src/sysmem.o
LOAD ./Core/Src/system.o
LOAD ./Core/Src/system_stm32g0xx.o
LOAD ./Core/Startup/startup_stm32g031k8tx.o
LOAD ./Drivers/STM32G0xx_HAL_Driver/Src/stm32g0xx_hal.o
LOAD ./Drivers/STM32G0xx_HAL_Driver/Src/stm32g0xx_hal_adc.o
LOAD ./Drivers/STM32G0xx_HAL_Driver/Src/stm32g0xx_hal_adc_ex.o
LOAD ./Drivers/STM32G0xx_HAL_Driver/Src/stm32g0xx_hal_cortex.o
LOAD ./Drivers/STM32G0xx_HAL_Driver/Src/stm32g0xx_hal_dma.o
LOAD ./Drivers/STM32G0xx_HAL_Driver/Src/stm32g0xx_hal_dma_ex.o
LOAD ./Drivers/STM32G0xx_HAL_Driver/Src/stm32g0xx_hal_exti.o
LOAD ./Drivers/STM32G0xx_HAL_Driver/Src/stm32g0xx_hal_flash.o
LOAD ./Drivers/STM32G0xx_HAL_Driver/Src/stm32g0xx_hal_flash_ex.o
LOAD ./Drivers/STM32G0xx_HAL_Driver/Src/stm32g0xx_hal_gpio.o
LOAD ./Drivers/STM32G0xx_HAL_Driver/Src/stm32g0xx_hal_pwr.o
LOAD ./Drivers/STM32G0xx_HAL_Driver/Src/stm32g0xx_hal_pwr_ex.o
LOAD ./Drivers/STM32G0xx_HAL_Driver/Src/stm32g0xx_hal_rcc.o
LOAD ./Drivers/STM32G0xx_HAL_Driver/Src/stm32g0xx_hal_rcc_ex.o
LOAD ./Drivers/STM32G0xx_HAL_Driver/Src/stm32g0xx_hal_tim.o
LOAD ./Drivers/STM32G0xx_HAL_Driver/Src/stm32g0xx_hal_tim_ex.o
LOAD ./Drivers/STM32G0xx_HAL_Driver/Src/stm32g0xx_hal_uart.o
LOAD ./Drivers/STM32G0xx_HAL_Driver/Src/stm32g0xx_hal_uart_ex.o
LOAD ./Drivers/STM32G0xx_HAL_Driver/Src/stm32g0xx_ll_adc.o
LOAD ./Drivers/STM32G0xx_HAL_Driver/Src/stm32g0xx_ll_rcc.o
START GROUP
LOAD C:/ST/STM32CubeIDE_1.16.1/STM32CubeIDE/plugins/com.st.stm32cube.ide.mcu.externaltools.gnu-tools-for-stm32.12.3.rel1.win32_1.0.200.202406191623/tools/bin/../lib/gcc/arm-none-eabi/12.3.1/../../../../arm-none-eabi/lib/thumb/v6-m/nofp\libc_nano.a
LOAD C:/ST/STM32CubeIDE_1.16.1/STM32CubeIDE/plugins/com.st.stm32cube.ide.mcu.externaltools.gnu-tools-for-stm32.12.3.rel1.win32_1.0.200.202406191623/tools/bin/../lib/gcc/arm-none-eabi/12.3.1/../../../../arm-none-eabi/lib/thumb/v6-m/nofp\libm.a
END GROUP
START GROUP
LOAD C:/ST/STM32CubeIDE_1.16.1/STM32CubeIDE/plugins/com.st.stm32cube.ide.mcu.externaltools.gnu-tools-for-stm32.12.3.rel1.win32_1.0.200.202406191623/tools/bin/../lib/gcc/arm-none-eabi/12.3.1/thumb/v6-m/nofp\libgcc.a
LOAD C:/ST/STM32CubeIDE_1.16.1/STM32CubeIDE/plugins/com.st.stm32cube.ide.mcu.externaltools.gnu-tools-for-stm32.12.3.rel1.win32_1.0.200.202406191623/tools/bin/../lib/gcc/arm-none-eabi/12.3.1/../../../../arm-none-eabi/lib/thumb/v6-m/nofp\libc_nano.a
END GROUP
START GROUP
LOAD C:/ST/STM32CubeIDE_1.16.1/STM32CubeIDE/plugins/com.st.stm32cube.ide.mcu.externaltools.gnu-tools-for-stm32.12.3.rel1.win32_1.0.200.202406191623/tools/bin/../lib/gcc/arm-none-eabi/12.3.1/thumb/v6-m/nofp\libgcc.a
LOAD C:/ST/STM32CubeIDE_1.16.1/STM32CubeIDE/plugins/com.st.stm32cube.ide.mcu.externaltools.gnu-tools-for-stm32.12.3.rel1.win32_1.0.200.202406191623/tools/bin/../lib/gcc/arm-none-eabi/12.3.1/../../../../arm-none-eabi/lib/thumb/v6-m/nofp\libc_nano.a
LOAD C:/ST/STM32CubeIDE_1.16.1/STM32CubeIDE/plugins/com.st.stm32cube.ide.mcu.externaltools.gnu-tools-for-stm32.12.3.rel1.win32_1.0.200.202406191623/tools/bin/../lib/gcc/arm-none-eabi/12.3.1/../../../../arm-none-eabi/lib/thumb/v6-m/nofp\libnosys.a
END GROUP
START GROUP
LOAD C:/ST/STM32CubeIDE_1.16.1/STM32CubeIDE/plugins/com.st.stm32cube.ide.mcu.externaltools.gnu-tools-for-stm32.12.3.rel1.win32_1.0.200.202406191623/tools/bin/../lib/gcc/arm-none-eabi/12.3.1/thumb/v6-m/nofp\libgcc.a
LOAD C:/ST/STM32CubeIDE_1.16.1/STM32CubeIDE/plugins/com.st.stm32cube.ide.mcu.externaltools.gnu-tools-for-stm32.12.3.rel1.win32_1.0.200.202406191623/tools/bin/../lib/gcc/arm-none-eabi/12.3.1/../../../../arm-none-eabi/lib/thumb/v6-m/nofp\libc_nano.a
LOAD C:/ST/STM32CubeIDE_1.16.1/STM32CubeIDE/plugins/com.st.stm32cube.ide.mcu.externaltools.gnu-tools-for-stm32.12.3.rel1.win32_1.0.200.202406191623/tools/bin/../lib/gcc/arm-none-eabi/12.3.1/../../../../arm-none-eabi/lib/thumb/v6-m/nofp\libnosys.a
END GROUP
LOAD C:/ST/STM32CubeIDE_1.16.1/STM32CubeIDE/plugins/com.st.stm32cube.ide.mcu.externaltools.gnu-tools-for-stm32.12.3.rel1.win32_1.0.200.202406191623/tools/bin/../lib/gcc/arm-none-eabi/12.3.1/thumb/v6-m/nofp/crtend.o
LOAD C:/ST/STM32CubeIDE_1.16.1/STM32CubeIDE/plugins/com.st.stm32cube.ide.mcu.externaltools.gnu-tools-for-stm32.12.3.rel1.win32_1.0.200.202406191623/tools/bin/../lib/gcc/arm-none-eabi/12.3.1/thumb/v6-m/nofp/crtn.o
                0x20002000                        _estack = (ORIGIN (RAM) + LENGTH (RAM))
                0x00000200                        _Min_Heap_Size = 0x200
                0x00000400                        _Min_Stack_Size = 0x400

.isr_vector     0x08000000       0xbc
                0x08000000                        . = ALIGN (0x4)
 *(.isr_vector)
 .isr_vector    0x08000000       0xbc ./Core/Startup/startup_stm32g031k8tx.o
                0x08000000                g_pfnVectors
                0x080000bc                        . = ALIGN (0x4)

.text           0x080000bc     0x5190
                0x080000bc                        . = ALIGN (0x4)
 *(.text)
 .text          0x080000bc       0x48 C:/ST/STM32CubeIDE_1.16.1/STM32CubeIDE/plugins/com.st.stm32cube.ide.mcu.externaltools.gnu-tools-for-stm32.12.3.rel1.win32_1.0.200.202406191623/tools/bin/../lib/gcc/arm-none-eabi/12.3.1/thumb/v6-m/nofp/crtbegin.o
 .text          0x08000104      0x114 C:/ST/STM32CubeIDE_1.16.1/STM32CubeIDE/plugins/com.st.stm32cube.ide.mcu.externaltools.gnu-tools-for-stm32.12.3.rel1.win32_1.0.200.202406191623/tools/bin/../lib/gcc/arm-none-eabi/12.3.1/thumb/v6-m/nofp\libgcc.a(_udivsi3.o)
                0x08000104                __aeabi_uidiv
                0x08000104                __udivsi3
                0x08000210                __aeabi_uidivmod
 .text          0x08000218        0x4 C:/ST/STM32CubeIDE_1.16.1/STM32CubeIDE/plugins/com.st.stm32cube.ide.mcu.externaltools.gnu-tools-for-stm32.12.3.rel1.win32_1.0.200.202406191623/tools/bin/../lib/gcc/arm-none-eabi/12.3.1/thumb/v6-m/nofp\libgcc.a(_dvmd_tls.o)
                0x08000218                __aeabi_idiv0
                0x08000218                __aeabi_ldiv0
 *(.text*)
 .text.SystemClock_Config
                0x0800021c       0xbc ./Core/Src/config.o
                0x0800021c                SystemClock_Config
 .text.MX_ADC1_Init
                0x080002d8      0x154 ./Core/Src/config.o
                0x080002d8                MX_ADC1_Init
 .text.MX_TIM14_Init
                0x0800042c       0xa4 ./Core/Src/config.o
                0x0800042c                MX_TIM14_Init
 .text.MX_TIM16_Init
                0x080004d0      0x128 ./Core/Src/config.o
                0x080004d0                MX_TIM16_Init
 .text.MX_GPIO_Init
                0x080005f8      0x184 ./Core/Src/config.o
                0x080005f8                MX_GPIO_Init
 .text.Error_Handler
                0x0800077c        0xc ./Core/Src/config.o
                0x0800077c                Error_Handler
 .text.System_Init
                0x08000788       0x38 ./Core/Src/config.o
                0x08000788                System_Init
 .text.TIM16_callback
                0x080007c0      0x384 ./Core/Src/custom_callbacks.o
                0x080007c0                TIM16_callback
 .text.Multiply_Duty_By_Current_Depth_and_Divide_By_256
                0x08000b44       0x44 ./Core/Src/custom_callbacks.o
                0x08000b44                Multiply_Duty_By_Current_Depth_and_Divide_By_256
 .text.main     0x08000b88      0x168 ./Core/Src/main.o
                0x08000b88                main
 .text.HAL_MspInit
                0x08000cf0       0x48 ./Core/Src/stm32g0xx_hal_msp.o
                0x08000cf0                HAL_MspInit
 .text.HAL_ADC_MspInit
                0x08000d38       0xe4 ./Core/Src/stm32g0xx_hal_msp.o
                0x08000d38                HAL_ADC_MspInit
 .text.HAL_TIM_Base_MspInit
                0x08000e1c       0xb8 ./Core/Src/stm32g0xx_hal_msp.o
                0x08000e1c                HAL_TIM_Base_MspInit
 .text.HAL_TIM_MspPostInit
                0x08000ed4       0x78 ./Core/Src/stm32g0xx_hal_msp.o
                0x08000ed4                HAL_TIM_MspPostInit
 .text.NMI_Handler
                0x08000f4c        0x8 ./Core/Src/stm32g0xx_it.o
                0x08000f4c                NMI_Handler
 .text.HardFault_Handler
                0x08000f54        0x8 ./Core/Src/stm32g0xx_it.o
                0x08000f54                HardFault_Handler
 .text.SVC_Handler
                0x08000f5c        0xa ./Core/Src/stm32g0xx_it.o
                0x08000f5c                SVC_Handler
 .text.PendSV_Handler
                0x08000f66        0xa ./Core/Src/stm32g0xx_it.o
                0x08000f66                PendSV_Handler
 .text.SysTick_Handler
                0x08000f70        0xe ./Core/Src/stm32g0xx_it.o
                0x08000f70                SysTick_Handler
 *fill*         0x08000f7e        0x2 
 .text.ADC1_IRQHandler
                0x08000f80       0x18 ./Core/Src/stm32g0xx_it.o
                0x08000f80                ADC1_IRQHandler
 .text.TIM16_IRQHandler
                0x08000f98       0x18 ./Core/Src/stm32g0xx_it.o
                0x08000f98                TIM16_IRQHandler
 .text.Global_Interrupt_Enable
                0x08000fb0       0x10 ./Core/Src/system.o
                0x08000fb0                Global_Interrupt_Enable
 .text.Global_Interrupt_Disable
                0x08000fc0       0x10 ./Core/Src/system.o
                0x08000fc0                Global_Interrupt_Disable
 .text.Start_PWM_Gen_Timer
                0x08000fd0       0x34 ./Core/Src/system.o
                0x08000fd0                Start_PWM_Gen_Timer
 .text.Start_Freq_Gen_Timer
                0x08001004       0x34 ./Core/Src/system.o
                0x08001004                Start_Freq_Gen_Timer
 .text.Start_PWM_TIM
                0x08001038       0x4c ./Core/Src/system.o
                0x08001038                Start_PWM_TIM
 .text.Start_OC_TIM
                0x08001084       0x38 ./Core/Src/system.o
                0x08001084                Start_OC_TIM
 .text.Process_TIM16_Raw_Start_Value_and_Raw_Prescaler
                0x080010bc       0x90 ./Core/Src/system.o
                0x080010bc                Process_TIM16_Raw_Start_Value_and_Raw_Prescaler
 .text.Adjust_TIM16_Prescaler
                0x0800114c       0x70 ./Core/Src/system.o
                0x0800114c                Adjust_TIM16_Prescaler
 .text.Process_TIM16_Final_Start_Value_and_Prescaler_Adjust
                0x080011bc      0x730 ./Core/Src/system.o
                0x080011bc                Process_TIM16_Final_Start_Value_and_Prescaler_Adjust
 .text.unsigned_bitwise_modulo
                0x080018ec       0x28 ./Core/Src/system.o
                0x080018ec                unsigned_bitwise_modulo
 .text.SystemInit
                0x08001914        0xa ./Core/Src/system_stm32g0xx.o
                0x08001914                SystemInit
 *fill*         0x0800191e        0x2 
 .text.Reset_Handler
                0x08001920       0x50 ./Core/Startup/startup_stm32g031k8tx.o
                0x08001920                Reset_Handler
 .text.Default_Handler
                0x08001970        0x2 ./Core/Startup/startup_stm32g031k8tx.o
                0x08001970                TIM1_CC_IRQHandler
                0x08001970                PVD_IRQHandler
                0x08001970                I2C1_IRQHandler
                0x08001970                LPTIM2_IRQHandler
                0x08001970                RTC_TAMP_IRQHandler
                0x08001970                SPI1_IRQHandler
                0x08001970                DMA1_Ch4_5_DMAMUX1_OVR_IRQHandler
                0x08001970                EXTI2_3_IRQHandler
                0x08001970                I2C2_IRQHandler
                0x08001970                TIM17_IRQHandler
                0x08001970                TIM3_IRQHandler
                0x08001970                EXTI4_15_IRQHandler
                0x08001970                RCC_IRQHandler
                0x08001970                DMA1_Channel1_IRQHandler
                0x08001970                Default_Handler
                0x08001970                TIM14_IRQHandler
                0x08001970                EXTI0_1_IRQHandler
                0x08001970                SPI2_IRQHandler
                0x08001970                WWDG_IRQHandler
                0x08001970                LPUART1_IRQHandler
                0x08001970                TIM2_IRQHandler
                0x08001970                DMA1_Channel2_3_IRQHandler
                0x08001970                USART2_IRQHandler
                0x08001970                FLASH_IRQHandler
                0x08001970                USART1_IRQHandler
                0x08001970                TIM1_BRK_UP_TRG_COM_IRQHandler
                0x08001970                LPTIM1_IRQHandler
 *fill*         0x08001972        0x2 
 .text.HAL_Init
                0x08001974       0x40 ./Drivers/STM32G0xx_HAL_Driver/Src/stm32g0xx_hal.o
                0x08001974                HAL_Init
 .text.HAL_InitTick
                0x080019b4       0x94 ./Drivers/STM32G0xx_HAL_Driver/Src/stm32g0xx_hal.o
                0x080019b4                HAL_InitTick
 .text.HAL_IncTick
                0x08001a48       0x24 ./Drivers/STM32G0xx_HAL_Driver/Src/stm32g0xx_hal.o
                0x08001a48                HAL_IncTick
 .text.HAL_GetTick
                0x08001a6c       0x14 ./Drivers/STM32G0xx_HAL_Driver/Src/stm32g0xx_hal.o
                0x08001a6c                HAL_GetTick
 .text.LL_ADC_SetCommonPathInternalCh
                0x08001a80       0x28 ./Drivers/STM32G0xx_HAL_Driver/Src/stm32g0xx_hal_adc.o
 .text.LL_ADC_GetCommonPathInternalCh
                0x08001aa8       0x1a ./Drivers/STM32G0xx_HAL_Driver/Src/stm32g0xx_hal_adc.o
 .text.LL_ADC_SetSamplingTimeCommonChannels
                0x08001ac2       0x3a ./Drivers/STM32G0xx_HAL_Driver/Src/stm32g0xx_hal_adc.o
 .text.LL_ADC_GetSamplingTimeCommonChannels
                0x08001afc       0x2e ./Drivers/STM32G0xx_HAL_Driver/Src/stm32g0xx_hal_adc.o
 .text.LL_ADC_REG_IsTriggerSourceSWStart
                0x08001b2a       0x22 ./Drivers/STM32G0xx_HAL_Driver/Src/stm32g0xx_hal_adc.o
 .text.LL_ADC_REG_SetSequencerRanks
                0x08001b4c       0x40 ./Drivers/STM32G0xx_HAL_Driver/Src/stm32g0xx_hal_adc.o
 .text.LL_ADC_REG_SetSequencerChAdd
                0x08001b8c       0x22 ./Drivers/STM32G0xx_HAL_Driver/Src/stm32g0xx_hal_adc.o
 .text.LL_ADC_REG_SetSequencerChRem
                0x08001bae       0x24 ./Drivers/STM32G0xx_HAL_Driver/Src/stm32g0xx_hal_adc.o
 .text.LL_ADC_REG_GetDMATransfer
                0x08001bd2       0x18 ./Drivers/STM32G0xx_HAL_Driver/Src/stm32g0xx_hal_adc.o
 *fill*         0x08001bea        0x2 
 .text.LL_ADC_SetChannelSamplingTime
                0x08001bec       0x38 ./Drivers/STM32G0xx_HAL_Driver/Src/stm32g0xx_hal_adc.o
 .text.LL_ADC_EnableInternalRegulator
                0x08001c24       0x28 ./Drivers/STM32G0xx_HAL_Driver/Src/stm32g0xx_hal_adc.o
 .text.LL_ADC_IsInternalRegulatorEnabled
                0x08001c4c       0x28 ./Drivers/STM32G0xx_HAL_Driver/Src/stm32g0xx_hal_adc.o
 .text.LL_ADC_Enable
                0x08001c74       0x24 ./Drivers/STM32G0xx_HAL_Driver/Src/stm32g0xx_hal_adc.o
 .text.LL_ADC_IsEnabled
                0x08001c98       0x22 ./Drivers/STM32G0xx_HAL_Driver/Src/stm32g0xx_hal_adc.o
 *fill*         0x08001cba        0x2 
 .text.LL_ADC_REG_StartConversion
                0x08001cbc       0x24 ./Drivers/STM32G0xx_HAL_Driver/Src/stm32g0xx_hal_adc.o
 .text.LL_ADC_REG_IsConversionOngoing
                0x08001ce0       0x22 ./Drivers/STM32G0xx_HAL_Driver/Src/stm32g0xx_hal_adc.o
 *fill*         0x08001d02        0x2 
 .text.HAL_ADC_Init
                0x08001d04      0x3b0 ./Drivers/STM32G0xx_HAL_Driver/Src/stm32g0xx_hal_adc.o
                0x08001d04                HAL_ADC_Init
 .text.HAL_ADC_Start
                0x080020b4       0x9c ./Drivers/STM32G0xx_HAL_Driver/Src/stm32g0xx_hal_adc.o
                0x080020b4                HAL_ADC_Start
 .text.HAL_ADC_PollForConversion
                0x08002150      0x128 ./Drivers/STM32G0xx_HAL_Driver/Src/stm32g0xx_hal_adc.o
                0x08002150                HAL_ADC_PollForConversion
 .text.HAL_ADC_GetValue
                0x08002278       0x16 ./Drivers/STM32G0xx_HAL_Driver/Src/stm32g0xx_hal_adc.o
                0x08002278                HAL_ADC_GetValue
 *fill*         0x0800228e        0x2 
 .text.HAL_ADC_IRQHandler
                0x08002290      0x23c ./Drivers/STM32G0xx_HAL_Driver/Src/stm32g0xx_hal_adc.o
                0x08002290                HAL_ADC_IRQHandler
 .text.HAL_ADC_ConvCpltCallback
                0x080024cc       0x10 ./Drivers/STM32G0xx_HAL_Driver/Src/stm32g0xx_hal_adc.o
                0x080024cc                HAL_ADC_ConvCpltCallback
 .text.HAL_ADC_ConvHalfCpltCallback
                0x080024dc       0x10 ./Drivers/STM32G0xx_HAL_Driver/Src/stm32g0xx_hal_adc.o
                0x080024dc                HAL_ADC_ConvHalfCpltCallback
 .text.HAL_ADC_LevelOutOfWindowCallback
                0x080024ec       0x10 ./Drivers/STM32G0xx_HAL_Driver/Src/stm32g0xx_hal_adc.o
                0x080024ec                HAL_ADC_LevelOutOfWindowCallback
 .text.HAL_ADC_ErrorCallback
                0x080024fc       0x10 ./Drivers/STM32G0xx_HAL_Driver/Src/stm32g0xx_hal_adc.o
                0x080024fc                HAL_ADC_ErrorCallback
 .text.HAL_ADC_ConfigChannel
                0x0800250c      0x3b0 ./Drivers/STM32G0xx_HAL_Driver/Src/stm32g0xx_hal_adc.o
                0x0800250c                HAL_ADC_ConfigChannel
 .text.ADC_Enable
                0x080028bc      0x10c ./Drivers/STM32G0xx_HAL_Driver/Src/stm32g0xx_hal_adc.o
                0x080028bc                ADC_Enable
 .text.HAL_ADCEx_LevelOutOfWindow2Callback
                0x080029c8       0x10 ./Drivers/STM32G0xx_HAL_Driver/Src/stm32g0xx_hal_adc_ex.o
                0x080029c8                HAL_ADCEx_LevelOutOfWindow2Callback
 .text.HAL_ADCEx_LevelOutOfWindow3Callback
                0x080029d8       0x10 ./Drivers/STM32G0xx_HAL_Driver/Src/stm32g0xx_hal_adc_ex.o
                0x080029d8                HAL_ADCEx_LevelOutOfWindow3Callback
 .text.HAL_ADCEx_EndOfSamplingCallback
                0x080029e8       0x10 ./Drivers/STM32G0xx_HAL_Driver/Src/stm32g0xx_hal_adc_ex.o
                0x080029e8                HAL_ADCEx_EndOfSamplingCallback
 .text.HAL_ADCEx_ChannelConfigReadyCallback
                0x080029f8       0x10 ./Drivers/STM32G0xx_HAL_Driver/Src/stm32g0xx_hal_adc_ex.o
                0x080029f8                HAL_ADCEx_ChannelConfigReadyCallback
 .text.__NVIC_EnableIRQ
                0x08002a08       0x34 ./Drivers/STM32G0xx_HAL_Driver/Src/stm32g0xx_hal_cortex.o
 .text.__NVIC_SetPriority
                0x08002a3c       0xdc ./Drivers/STM32G0xx_HAL_Driver/Src/stm32g0xx_hal_cortex.o
 .text.SysTick_Config
                0x08002b18       0x48 ./Drivers/STM32G0xx_HAL_Driver/Src/stm32g0xx_hal_cortex.o
 .text.HAL_NVIC_SetPriority
                0x08002b60       0x2a ./Drivers/STM32G0xx_HAL_Driver/Src/stm32g0xx_hal_cortex.o
                0x08002b60                HAL_NVIC_SetPriority
 .text.HAL_NVIC_EnableIRQ
                0x08002b8a       0x20 ./Drivers/STM32G0xx_HAL_Driver/Src/stm32g0xx_hal_cortex.o
                0x08002b8a                HAL_NVIC_EnableIRQ
 .text.HAL_SYSTICK_Config
                0x08002baa       0x1a ./Drivers/STM32G0xx_HAL_Driver/Src/stm32g0xx_hal_cortex.o
                0x08002baa                HAL_SYSTICK_Config
 .text.HAL_DMA_Init
                0x08002bc4      0x114 ./Drivers/STM32G0xx_HAL_Driver/Src/stm32g0xx_hal_dma.o
                0x08002bc4                HAL_DMA_Init
 .text.DMA_CalcDMAMUXChannelBaseAndMask
                0x08002cd8       0x58 ./Drivers/STM32G0xx_HAL_Driver/Src/stm32g0xx_hal_dma.o
 .text.DMA_CalcDMAMUXRequestGenBaseAndMask
                0x08002d30       0x48 ./Drivers/STM32G0xx_HAL_Driver/Src/stm32g0xx_hal_dma.o
 .text.HAL_GPIO_Init
                0x08002d78      0x2c8 ./Drivers/STM32G0xx_HAL_Driver/Src/stm32g0xx_hal_gpio.o
                0x08002d78                HAL_GPIO_Init
 .text.HAL_GPIO_WritePin
                0x08003040       0x3a ./Drivers/STM32G0xx_HAL_Driver/Src/stm32g0xx_hal_gpio.o
                0x08003040                HAL_GPIO_WritePin
 *fill*         0x0800307a        0x2 
 .text.HAL_PWREx_ControlVoltageScaling
                0x0800307c       0x80 ./Drivers/STM32G0xx_HAL_Driver/Src/stm32g0xx_hal_pwr_ex.o
                0x0800307c                HAL_PWREx_ControlVoltageScaling
 .text.HAL_RCC_OscConfig
                0x080030fc      0x634 ./Drivers/STM32G0xx_HAL_Driver/Src/stm32g0xx_hal_rcc.o
                0x080030fc                HAL_RCC_OscConfig
 .text.HAL_RCC_ClockConfig
                0x08003730      0x210 ./Drivers/STM32G0xx_HAL_Driver/Src/stm32g0xx_hal_rcc.o
                0x08003730                HAL_RCC_ClockConfig
 .text.HAL_RCC_GetSysClockFreq
                0x08003940      0x104 ./Drivers/STM32G0xx_HAL_Driver/Src/stm32g0xx_hal_rcc.o
                0x08003940                HAL_RCC_GetSysClockFreq
 .text.HAL_TIM_Base_Init
                0x08003a44       0xcc ./Drivers/STM32G0xx_HAL_Driver/Src/stm32g0xx_hal_tim.o
                0x08003a44                HAL_TIM_Base_Init
 .text.HAL_TIM_Base_Start
                0x08003b10       0x98 ./Drivers/STM32G0xx_HAL_Driver/Src/stm32g0xx_hal_tim.o
                0x08003b10                HAL_TIM_Base_Start
 .text.HAL_TIM_OC_Init
                0x08003ba8       0xcc ./Drivers/STM32G0xx_HAL_Driver/Src/stm32g0xx_hal_tim.o
                0x08003ba8                HAL_TIM_OC_Init
 .text.HAL_TIM_OC_MspInit
                0x08003c74       0x10 ./Drivers/STM32G0xx_HAL_Driver/Src/stm32g0xx_hal_tim.o
                0x08003c74                HAL_TIM_OC_MspInit
 .text.HAL_TIM_OC_Start_IT
                0x08003c84      0x248 ./Drivers/STM32G0xx_HAL_Driver/Src/stm32g0xx_hal_tim.o
                0x08003c84                HAL_TIM_OC_Start_IT
 .text.HAL_TIM_PWM_Init
                0x08003ecc       0xcc ./Drivers/STM32G0xx_HAL_Driver/Src/stm32g0xx_hal_tim.o
                0x08003ecc                HAL_TIM_PWM_Init
 .text.HAL_TIM_PWM_MspInit
                0x08003f98       0x10 ./Drivers/STM32G0xx_HAL_Driver/Src/stm32g0xx_hal_tim.o
                0x08003f98                HAL_TIM_PWM_MspInit
 .text.HAL_TIM_PWM_Start
                0x08003fa8      0x1bc ./Drivers/STM32G0xx_HAL_Driver/Src/stm32g0xx_hal_tim.o
                0x08003fa8                HAL_TIM_PWM_Start
 .text.HAL_TIM_IRQHandler
                0x08004164      0x254 ./Drivers/STM32G0xx_HAL_Driver/Src/stm32g0xx_hal_tim.o
                0x08004164                HAL_TIM_IRQHandler
 .text.HAL_TIM_OC_ConfigChannel
                0x080043b8       0xc0 ./Drivers/STM32G0xx_HAL_Driver/Src/stm32g0xx_hal_tim.o
                0x080043b8                HAL_TIM_OC_ConfigChannel
 .text.HAL_TIM_PWM_ConfigChannel
                0x08004478      0x200 ./Drivers/STM32G0xx_HAL_Driver/Src/stm32g0xx_hal_tim.o
                0x08004478                HAL_TIM_PWM_ConfigChannel
 .text.HAL_TIM_PeriodElapsedCallback
                0x08004678       0x10 ./Drivers/STM32G0xx_HAL_Driver/Src/stm32g0xx_hal_tim.o
                0x08004678                HAL_TIM_PeriodElapsedCallback
 .text.HAL_TIM_PeriodElapsedHalfCpltCallback
                0x08004688       0x10 ./Drivers/STM32G0xx_HAL_Driver/Src/stm32g0xx_hal_tim.o
                0x08004688                HAL_TIM_PeriodElapsedHalfCpltCallback
 .text.HAL_TIM_OC_DelayElapsedCallback
                0x08004698       0x10 ./Drivers/STM32G0xx_HAL_Driver/Src/stm32g0xx_hal_tim.o
                0x08004698                HAL_TIM_OC_DelayElapsedCallback
 .text.HAL_TIM_IC_CaptureCallback
                0x080046a8       0x10 ./Drivers/STM32G0xx_HAL_Driver/Src/stm32g0xx_hal_tim.o
                0x080046a8                HAL_TIM_IC_CaptureCallback
 .text.HAL_TIM_IC_CaptureHalfCpltCallback
                0x080046b8       0x10 ./Drivers/STM32G0xx_HAL_Driver/Src/stm32g0xx_hal_tim.o
                0x080046b8                HAL_TIM_IC_CaptureHalfCpltCallback
 .text.HAL_TIM_PWM_PulseFinishedCallback
                0x080046c8       0x10 ./Drivers/STM32G0xx_HAL_Driver/Src/stm32g0xx_hal_tim.o
                0x080046c8                HAL_TIM_PWM_PulseFinishedCallback
 .text.HAL_TIM_PWM_PulseFinishedHalfCpltCallback
                0x080046d8       0x10 ./Drivers/STM32G0xx_HAL_Driver/Src/stm32g0xx_hal_tim.o
                0x080046d8                HAL_TIM_PWM_PulseFinishedHalfCpltCallback
 .text.HAL_TIM_TriggerCallback
                0x080046e8       0x10 ./Drivers/STM32G0xx_HAL_Driver/Src/stm32g0xx_hal_tim.o
                0x080046e8                HAL_TIM_TriggerCallback
 .text.HAL_TIM_TriggerHalfCpltCallback
                0x080046f8       0x10 ./Drivers/STM32G0xx_HAL_Driver/Src/stm32g0xx_hal_tim.o
                0x080046f8                HAL_TIM_TriggerHalfCpltCallback
 .text.HAL_TIM_ErrorCallback
                0x08004708       0x10 ./Drivers/STM32G0xx_HAL_Driver/Src/stm32g0xx_hal_tim.o
                0x08004708                HAL_TIM_ErrorCallback
 .text.HAL_TIM_RegisterCallback
                0x08004718      0x20c ./Drivers/STM32G0xx_HAL_Driver/Src/stm32g0xx_hal_tim.o
                0x08004718                HAL_TIM_RegisterCallback
 .text.TIM_Base_SetConfig
                0x08004924      0x108 ./Drivers/STM32G0xx_HAL_Driver/Src/stm32g0xx_hal_tim.o
                0x08004924                TIM_Base_SetConfig
 .text.TIM_OC1_SetConfig
                0x08004a2c      0x100 ./Drivers/STM32G0xx_HAL_Driver/Src/stm32g0xx_hal_tim.o
 .text.TIM_OC2_SetConfig
                0x08004b2c       0xfc ./Drivers/STM32G0xx_HAL_Driver/Src/stm32g0xx_hal_tim.o
                0x08004b2c                TIM_OC2_SetConfig
 .text.TIM_OC3_SetConfig
                0x08004c28      0x104 ./Drivers/STM32G0xx_HAL_Driver/Src/stm32g0xx_hal_tim.o
 .text.TIM_OC4_SetConfig
                0x08004d2c       0xc8 ./Drivers/STM32G0xx_HAL_Driver/Src/stm32g0xx_hal_tim.o
 .text.TIM_OC5_SetConfig
                0x08004df4       0xb4 ./Drivers/STM32G0xx_HAL_Driver/Src/stm32g0xx_hal_tim.o
 .text.TIM_OC6_SetConfig
                0x08004ea8       0xbc ./Drivers/STM32G0xx_HAL_Driver/Src/stm32g0xx_hal_tim.o
 .text.TIM_CCxChannelCmd
                0x08004f64       0x46 ./Drivers/STM32G0xx_HAL_Driver/Src/stm32g0xx_hal_tim.o
                0x08004f64                TIM_CCxChannelCmd
 *fill*         0x08004faa        0x2 
 .text.TIM_ResetCallback
                0x08004fac       0xb8 ./Drivers/STM32G0xx_HAL_Driver/Src/stm32g0xx_hal_tim.o
                0x08004fac                TIM_ResetCallback
 .text.HAL_TIMEx_ConfigBreakDeadTime
                0x08005064      0x138 ./Drivers/STM32G0xx_HAL_Driver/Src/stm32g0xx_hal_tim_ex.o
                0x08005064                HAL_TIMEx_ConfigBreakDeadTime
 .text.HAL_TIMEx_CommutCallback
                0x0800519c       0x10 ./Drivers/STM32G0xx_HAL_Driver/Src/stm32g0xx_hal_tim_ex.o
                0x0800519c                HAL_TIMEx_CommutCallback
 .text.HAL_TIMEx_CommutHalfCpltCallback
                0x080051ac       0x10 ./Drivers/STM32G0xx_HAL_Driver/Src/stm32g0xx_hal_tim_ex.o
                0x080051ac                HAL_TIMEx_CommutHalfCpltCallback
 .text.HAL_TIMEx_BreakCallback
                0x080051bc       0x10 ./Drivers/STM32G0xx_HAL_Driver/Src/stm32g0xx_hal_tim_ex.o
                0x080051bc                HAL_TIMEx_BreakCallback
 .text.HAL_TIMEx_Break2Callback
                0x080051cc       0x10 ./Drivers/STM32G0xx_HAL_Driver/Src/stm32g0xx_hal_tim_ex.o
                0x080051cc                HAL_TIMEx_Break2Callback
 .text.memset   0x080051dc       0x10 C:/ST/STM32CubeIDE_1.16.1/STM32CubeIDE/plugins/com.st.stm32cube.ide.mcu.externaltools.gnu-tools-for-stm32.12.3.rel1.win32_1.0.200.202406191623/tools/bin/../lib/gcc/arm-none-eabi/12.3.1/../../../../arm-none-eabi/lib/thumb/v6-m/nofp\libc_nano.a(libc_a-memset.o)
                0x080051dc                memset
 .text.__libc_init_array
                0x080051ec       0x48 C:/ST/STM32CubeIDE_1.16.1/STM32CubeIDE/plugins/com.st.stm32cube.ide.mcu.externaltools.gnu-tools-for-stm32.12.3.rel1.win32_1.0.200.202406191623/tools/bin/../lib/gcc/arm-none-eabi/12.3.1/../../../../arm-none-eabi/lib/thumb/v6-m/nofp\libc_nano.a(libc_a-init.o)
                0x080051ec                __libc_init_array
 *(.glue_7)
 .glue_7        0x08005234        0x0 linker stubs
 *(.glue_7t)
 .glue_7t       0x08005234        0x0 linker stubs
 *(.eh_frame)
 .eh_frame      0x08005234        0x0 C:/ST/STM32CubeIDE_1.16.1/STM32CubeIDE/plugins/com.st.stm32cube.ide.mcu.externaltools.gnu-tools-for-stm32.12.3.rel1.win32_1.0.200.202406191623/tools/bin/../lib/gcc/arm-none-eabi/12.3.1/thumb/v6-m/nofp/crtbegin.o
 *(.init)
 .init          0x08005234        0x4 C:/ST/STM32CubeIDE_1.16.1/STM32CubeIDE/plugins/com.st.stm32cube.ide.mcu.externaltools.gnu-tools-for-stm32.12.3.rel1.win32_1.0.200.202406191623/tools/bin/../lib/gcc/arm-none-eabi/12.3.1/thumb/v6-m/nofp/crti.o
                0x08005234                _init
 .init          0x08005238        0x8 C:/ST/STM32CubeIDE_1.16.1/STM32CubeIDE/plugins/com.st.stm32cube.ide.mcu.externaltools.gnu-tools-for-stm32.12.3.rel1.win32_1.0.200.202406191623/tools/bin/../lib/gcc/arm-none-eabi/12.3.1/thumb/v6-m/nofp/crtn.o
 *(.fini)
 .fini          0x08005240        0x4 C:/ST/STM32CubeIDE_1.16.1/STM32CubeIDE/plugins/com.st.stm32cube.ide.mcu.externaltools.gnu-tools-for-stm32.12.3.rel1.win32_1.0.200.202406191623/tools/bin/../lib/gcc/arm-none-eabi/12.3.1/thumb/v6-m/nofp/crti.o
                0x08005240                _fini
 .fini          0x08005244        0x8 C:/ST/STM32CubeIDE_1.16.1/STM32CubeIDE/plugins/com.st.stm32cube.ide.mcu.externaltools.gnu-tools-for-stm32.12.3.rel1.win32_1.0.200.202406191623/tools/bin/../lib/gcc/arm-none-eabi/12.3.1/thumb/v6-m/nofp/crtn.o
                0x0800524c                        . = ALIGN (0x4)
                0x0800524c                        _etext = .

.vfp11_veneer   0x0800524c        0x0
 .vfp11_veneer  0x0800524c        0x0 linker stubs

.v4_bx          0x0800524c        0x0
 .v4_bx         0x0800524c        0x0 linker stubs

.iplt           0x0800524c        0x0
 .iplt          0x0800524c        0x0 C:/ST/STM32CubeIDE_1.16.1/STM32CubeIDE/plugins/com.st.stm32cube.ide.mcu.externaltools.gnu-tools-for-stm32.12.3.rel1.win32_1.0.200.202406191623/tools/bin/../lib/gcc/arm-none-eabi/12.3.1/thumb/v6-m/nofp/crtbegin.o

.rodata         0x0800524c      0x99c
                0x0800524c                        . = ALIGN (0x4)
 *(.rodata)
 *(.rodata*)
 .rodata.sine_wavetable
                0x0800524c      0x400 ./Core/Src/system.o
                0x0800524c                sine_wavetable
 .rodata.tri_wavetable
                0x0800564c      0x400 ./Core/Src/system.o
                0x0800564c                tri_wavetable
 .rodata.TIM16_prescaler_divisors
                0x08005a4c        0xc ./Core/Src/system.o
                0x08005a4c                TIM16_prescaler_divisors
 .rodata.AHBPrescTable
                0x08005a58       0x40 ./Core/Src/system_stm32g0xx.o
                0x08005a58                AHBPrescTable
 .rodata.HAL_TIM_OC_ConfigChannel
                0x08005a98       0x54 ./Drivers/STM32G0xx_HAL_Driver/Src/stm32g0xx_hal_tim.o
 .rodata.HAL_TIM_PWM_ConfigChannel
                0x08005aec       0x54 ./Drivers/STM32G0xx_HAL_Driver/Src/stm32g0xx_hal_tim.o
 .rodata.HAL_TIM_RegisterCallback
                0x08005b40       0xa8 ./Drivers/STM32G0xx_HAL_Driver/Src/stm32g0xx_hal_tim.o
                0x08005be8                        . = ALIGN (0x4)

.ARM.extab      0x08005be8        0x0
                0x08005be8                        . = ALIGN (0x4)
 *(.ARM.extab* .gnu.linkonce.armextab.*)
                0x08005be8                        . = ALIGN (0x4)

.ARM            0x08005be8        0x0
                0x08005be8                        . = ALIGN (0x4)
                0x08005be8                        __exidx_start = .
 *(.ARM.exidx*)
                0x08005be8                        __exidx_end = .
                0x08005be8                        . = ALIGN (0x4)

.preinit_array  0x08005be8        0x0
                0x08005be8                        . = ALIGN (0x4)
                0x08005be8                        PROVIDE (__preinit_array_start = .)
 *(.preinit_array*)
                0x08005be8                        PROVIDE (__preinit_array_end = .)
                0x08005be8                        . = ALIGN (0x4)

.init_array     0x08005be8        0x4
                0x08005be8                        . = ALIGN (0x4)
                0x08005be8                        PROVIDE (__init_array_start = .)
 *(SORT_BY_NAME(.init_array.*))
 *(.init_array*)
 .init_array    0x08005be8        0x4 C:/ST/STM32CubeIDE_1.16.1/STM32CubeIDE/plugins/com.st.stm32cube.ide.mcu.externaltools.gnu-tools-for-stm32.12.3.rel1.win32_1.0.200.202406191623/tools/bin/../lib/gcc/arm-none-eabi/12.3.1/thumb/v6-m/nofp/crtbegin.o
                0x08005bec                        PROVIDE (__init_array_end = .)
                0x08005bec                        . = ALIGN (0x4)

.fini_array     0x08005bec        0x4
                0x08005bec                        . = ALIGN (0x4)
                [!provide]                        PROVIDE (__fini_array_start = .)
 *(SORT_BY_NAME(.fini_array.*))
 *(.fini_array*)
 .fini_array    0x08005bec        0x4 C:/ST/STM32CubeIDE_1.16.1/STM32CubeIDE/plugins/com.st.stm32cube.ide.mcu.externaltools.gnu-tools-for-stm32.12.3.rel1.win32_1.0.200.202406191623/tools/bin/../lib/gcc/arm-none-eabi/12.3.1/thumb/v6-m/nofp/crtbegin.o
                [!provide]                        PROVIDE (__fini_array_end = .)
                0x08005bf0                        . = ALIGN (0x4)
                0x08005bf0                        _sidata = LOADADDR (.data)

.rel.dyn        0x08005bf0        0x0
 .rel.iplt      0x08005bf0        0x0 C:/ST/STM32CubeIDE_1.16.1/STM32CubeIDE/plugins/com.st.stm32cube.ide.mcu.externaltools.gnu-tools-for-stm32.12.3.rel1.win32_1.0.200.202406191623/tools/bin/../lib/gcc/arm-none-eabi/12.3.1/thumb/v6-m/nofp/crtbegin.o

.data           0x20000000       0x10 load address 0x08005bf0
                0x20000000                        . = ALIGN (0x4)
                0x20000000                        _sdata = .
 *(.data)
 *(.data*)
 .data.isr_done
                0x20000000        0x1 ./Core/Src/system.o
                0x20000000                isr_done
 *fill*         0x20000001        0x3 
 .data.SystemCoreClock
                0x20000004        0x4 ./Core/Src/system_stm32g0xx.o
                0x20000004                SystemCoreClock
 .data.uwTickPrio
                0x20000008        0x4 ./Drivers/STM32G0xx_HAL_Driver/Src/stm32g0xx_hal.o
                0x20000008                uwTickPrio
 .data.uwTickFreq
                0x2000000c        0x1 ./Drivers/STM32G0xx_HAL_Driver/Src/stm32g0xx_hal.o
                0x2000000c                uwTickFreq
 *(.RamFunc)
 *(.RamFunc*)
                0x20000010                        . = ALIGN (0x4)
 *fill*         0x2000000d        0x3 
                0x20000010                        _edata = .

.igot.plt       0x20000010        0x0 load address 0x08005c00
 .igot.plt      0x20000010        0x0 C:/ST/STM32CubeIDE_1.16.1/STM32CubeIDE/plugins/com.st.stm32cube.ide.mcu.externaltools.gnu-tools-for-stm32.12.3.rel1.win32_1.0.200.202406191623/tools/bin/../lib/gcc/arm-none-eabi/12.3.1/thumb/v6-m/nofp/crtbegin.o
                0x20000010                        . = ALIGN (0x4)

.bss            0x20000010      0x2b8 load address 0x08005c00
                0x20000010                        _sbss = .
                0x20000010                        __bss_start__ = _sbss
 *(.bss)
 .bss           0x20000010       0x1c C:/ST/STM32CubeIDE_1.16.1/STM32CubeIDE/plugins/com.st.stm32cube.ide.mcu.externaltools.gnu-tools-for-stm32.12.3.rel1.win32_1.0.200.202406191623/tools/bin/../lib/gcc/arm-none-eabi/12.3.1/thumb/v6-m/nofp/crtbegin.o
 *(.bss*)
 .bss.hadc1     0x2000002c       0x88 ./Core/Src/config.o
                0x2000002c                hadc1
 .bss.hdma_adc1
                0x200000b4       0x5c ./Core/Src/config.o
                0x200000b4                hdma_adc1
 .bss.htim14    0x20000110       0xbc ./Core/Src/config.o
                0x20000110                htim14
 .bss.htim16    0x200001cc       0xbc ./Core/Src/config.o
                0x200001cc                htim16
 .bss.ADC_CH_Cfg
                0x20000288        0xc ./Core/Src/custom_callbacks.o
 .bss.ADC_CH_Cfg
                0x20000294        0xc ./Core/Src/main.o
 .bss.current_waveshape
                0x200002a0        0x1 ./Core/Src/system.o
                0x200002a0                current_waveshape
 *fill*         0x200002a1        0x1 
 .bss.current_speed_linear
                0x200002a2        0x2 ./Core/Src/system.o
                0x200002a2                current_speed_linear
 .bss.current_depth
                0x200002a4        0x2 ./Core/Src/system.o
                0x200002a4                current_depth
 *fill*         0x200002a6        0x2 
 .bss.current_symmetry
                0x200002a8        0x4 ./Core/Src/system.o
                0x200002a8                current_symmetry
 .bss.current_index
                0x200002ac        0x2 ./Core/Src/system.o
                0x200002ac                current_index
 .bss.current_halfcycle
                0x200002ae        0x1 ./Core/Src/system.o
                0x200002ae                current_halfcycle
 .bss.current_quadrant
                0x200002af        0x1 ./Core/Src/system.o
                0x200002af                current_quadrant
 .bss.TIM16_final_start_value
                0x200002b0        0x2 ./Core/Src/system.o
                0x200002b0                TIM16_final_start_value
 .bss.TIM16_prescaler_adjust
                0x200002b2        0x1 ./Core/Src/system.o
                0x200002b2                TIM16_prescaler_adjust
 *fill*         0x200002b3        0x1 
 .bss.TIM16_raw_start_value
                0x200002b4        0x2 ./Core/Src/system.o
                0x200002b4                TIM16_raw_start_value
 .bss.TIM16_base_prescaler_divisors_index
                0x200002b6        0x1 ./Core/Src/system.o
                0x200002b6                TIM16_base_prescaler_divisors_index
 *fill*         0x200002b7        0x1 
 .bss.duty      0x200002b8        0x2 ./Core/Src/system.o
                0x200002b8                duty
 .bss.TIM16_prescaler_divisors_final_index
                0x200002ba        0x1 ./Core/Src/system.o
                0x200002ba                TIM16_prescaler_divisors_final_index
 .bss.TIM16_prescaler_divisors_final_index_locked
                0x200002bb        0x1 ./Core/Src/system.o
                0x200002bb                TIM16_prescaler_divisors_final_index_locked
 .bss.TIM16_callback_active
                0x200002bc        0x1 ./Core/Src/system.o
                0x200002bc                TIM16_callback_active
 *fill*         0x200002bd        0x1 
 .bss.TIM16_final_start_value_locked
                0x200002be        0x2 ./Core/Src/system.o
                0x200002be                TIM16_final_start_value_locked
 .bss.prev_duty
                0x200002c0        0x2 ./Core/Src/system.o
                0x200002c0                prev_duty
 .bss.pot_rotation_corrected_global
                0x200002c2        0x1 ./Core/Src/system.o
                0x200002c2                pot_rotation_corrected_global
 *fill*         0x200002c3        0x1 
 .bss.uwTick    0x200002c4        0x4 ./Drivers/STM32G0xx_HAL_Driver/Src/stm32g0xx_hal.o
                0x200002c4                uwTick
 *(COMMON)
                0x200002c8                        . = ALIGN (0x4)
                0x200002c8                        _ebss = .
                0x200002c8                        __bss_end__ = _ebss

._user_heap_stack
                0x200002c8      0x600 load address 0x08005c00
                0x200002c8                        . = ALIGN (0x8)
                [!provide]                        PROVIDE (end = .)
                0x200002c8                        PROVIDE (_end = .)
                0x200004c8                        . = (. + _Min_Heap_Size)
 *fill*         0x200002c8      0x200 
                0x200008c8                        . = (. + _Min_Stack_Size)
 *fill*         0x200004c8      0x400 
                0x200008c8                        . = ALIGN (0x8)

/DISCARD/
 libc.a(*)
 libm.a(*)
 libgcc.a(*)

.ARM.attributes
                0x00000000       0x28
 *(.ARM.attributes)
 .ARM.attributes
                0x00000000       0x1e C:/ST/STM32CubeIDE_1.16.1/STM32CubeIDE/plugins/com.st.stm32cube.ide.mcu.externaltools.gnu-tools-for-stm32.12.3.rel1.win32_1.0.200.202406191623/tools/bin/../lib/gcc/arm-none-eabi/12.3.1/thumb/v6-m/nofp/crti.o
 .ARM.attributes
                0x0000001e       0x2c C:/ST/STM32CubeIDE_1.16.1/STM32CubeIDE/plugins/com.st.stm32cube.ide.mcu.externaltools.gnu-tools-for-stm32.12.3.rel1.win32_1.0.200.202406191623/tools/bin/../lib/gcc/arm-none-eabi/12.3.1/thumb/v6-m/nofp/crtbegin.o
 .ARM.attributes
                0x0000004a       0x2c ./Core/Src/config.o
 .ARM.attributes
                0x00000076       0x2c ./Core/Src/custom_callbacks.o
 .ARM.attributes
                0x000000a2       0x2c ./Core/Src/main.o
 .ARM.attributes
                0x000000ce       0x2c ./Core/Src/stm32g0xx_hal_msp.o
 .ARM.attributes
                0x000000fa       0x2c ./Core/Src/stm32g0xx_it.o
 .ARM.attributes
                0x00000126       0x2c ./Core/Src/system.o
 .ARM.attributes
                0x00000152       0x2c ./Core/Src/system_stm32g0xx.o
 .ARM.attributes
                0x0000017e       0x22 ./Core/Startup/startup_stm32g031k8tx.o
 .ARM.attributes
                0x000001a0       0x2c ./Drivers/STM32G0xx_HAL_Driver/Src/stm32g0xx_hal.o
 .ARM.attributes
                0x000001cc       0x2c ./Drivers/STM32G0xx_HAL_Driver/Src/stm32g0xx_hal_adc.o
 .ARM.attributes
                0x000001f8       0x2c ./Drivers/STM32G0xx_HAL_Driver/Src/stm32g0xx_hal_adc_ex.o
 .ARM.attributes
                0x00000224       0x2c ./Drivers/STM32G0xx_HAL_Driver/Src/stm32g0xx_hal_cortex.o
 .ARM.attributes
                0x00000250       0x2c ./Drivers/STM32G0xx_HAL_Driver/Src/stm32g0xx_hal_dma.o
 .ARM.attributes
                0x0000027c       0x2c ./Drivers/STM32G0xx_HAL_Driver/Src/stm32g0xx_hal_gpio.o
 .ARM.attributes
                0x000002a8       0x2c ./Drivers/STM32G0xx_HAL_Driver/Src/stm32g0xx_hal_pwr_ex.o
 .ARM.attributes
                0x000002d4       0x2c ./Drivers/STM32G0xx_HAL_Driver/Src/stm32g0xx_hal_rcc.o
 .ARM.attributes
                0x00000300       0x2c ./Drivers/STM32G0xx_HAL_Driver/Src/stm32g0xx_hal_tim.o
 .ARM.attributes
                0x0000032c       0x2c ./Drivers/STM32G0xx_HAL_Driver/Src/stm32g0xx_hal_tim_ex.o
 .ARM.attributes
                0x00000358       0x2c C:/ST/STM32CubeIDE_1.16.1/STM32CubeIDE/plugins/com.st.stm32cube.ide.mcu.externaltools.gnu-tools-for-stm32.12.3.rel1.win32_1.0.200.202406191623/tools/bin/../lib/gcc/arm-none-eabi/12.3.1/../../../../arm-none-eabi/lib/thumb/v6-m/nofp\libc_nano.a(libc_a-memset.o)
 .ARM.attributes
                0x00000384       0x2c C:/ST/STM32CubeIDE_1.16.1/STM32CubeIDE/plugins/com.st.stm32cube.ide.mcu.externaltools.gnu-tools-for-stm32.12.3.rel1.win32_1.0.200.202406191623/tools/bin/../lib/gcc/arm-none-eabi/12.3.1/../../../../arm-none-eabi/lib/thumb/v6-m/nofp\libc_nano.a(libc_a-init.o)
 .ARM.attributes
                0x000003b0       0x1e C:/ST/STM32CubeIDE_1.16.1/STM32CubeIDE/plugins/com.st.stm32cube.ide.mcu.externaltools.gnu-tools-for-stm32.12.3.rel1.win32_1.0.200.202406191623/tools/bin/../lib/gcc/arm-none-eabi/12.3.1/thumb/v6-m/nofp\libgcc.a(_udivsi3.o)
 .ARM.attributes
                0x000003ce       0x1e C:/ST/STM32CubeIDE_1.16.1/STM32CubeIDE/plugins/com.st.stm32cube.ide.mcu.externaltools.gnu-tools-for-stm32.12.3.rel1.win32_1.0.200.202406191623/tools/bin/../lib/gcc/arm-none-eabi/12.3.1/thumb/v6-m/nofp\libgcc.a(_dvmd_tls.o)
 .ARM.attributes
                0x000003ec       0x1e C:/ST/STM32CubeIDE_1.16.1/STM32CubeIDE/plugins/com.st.stm32cube.ide.mcu.externaltools.gnu-tools-for-stm32.12.3.rel1.win32_1.0.200.202406191623/tools/bin/../lib/gcc/arm-none-eabi/12.3.1/thumb/v6-m/nofp/crtn.o
OUTPUT(g031k8.elf elf32-littlearm)
LOAD linker stubs
LOAD C:/ST/STM32CubeIDE_1.16.1/STM32CubeIDE/plugins/com.st.stm32cube.ide.mcu.externaltools.gnu-tools-for-stm32.12.3.rel1.win32_1.0.200.202406191623/tools/bin/../lib/gcc/arm-none-eabi/12.3.1/../../../../arm-none-eabi/lib/thumb/v6-m/nofp\libc.a
LOAD C:/ST/STM32CubeIDE_1.16.1/STM32CubeIDE/plugins/com.st.stm32cube.ide.mcu.externaltools.gnu-tools-for-stm32.12.3.rel1.win32_1.0.200.202406191623/tools/bin/../lib/gcc/arm-none-eabi/12.3.1/../../../../arm-none-eabi/lib/thumb/v6-m/nofp\libm.a
LOAD C:/ST/STM32CubeIDE_1.16.1/STM32CubeIDE/plugins/com.st.stm32cube.ide.mcu.externaltools.gnu-tools-for-stm32.12.3.rel1.win32_1.0.200.202406191623/tools/bin/../lib/gcc/arm-none-eabi/12.3.1/thumb/v6-m/nofp\libgcc.a

.debug_info     0x00000000    0x10d1a
 .debug_info    0x00000000     0x1bbc ./Core/Src/config.o
 .debug_info    0x00001bbc     0x108b ./Core/Src/custom_callbacks.o
 .debug_info    0x00002c47      0x91b ./Core/Src/main.o
 .debug_info    0x00003562     0x16bc ./Core/Src/stm32g0xx_hal_msp.o
 .debug_info    0x00004c1e      0xd62 ./Core/Src/stm32g0xx_it.o
 .debug_info    0x00005980     0x1089 ./Core/Src/system.o
 .debug_info    0x00006a09      0x316 ./Core/Src/system_stm32g0xx.o
 .debug_info    0x00006d1f       0x30 ./Core/Startup/startup_stm32g031k8tx.o
 .debug_info    0x00006d4f      0xa2f ./Drivers/STM32G0xx_HAL_Driver/Src/stm32g0xx_hal.o
 .debug_info    0x0000777e     0x1709 ./Drivers/STM32G0xx_HAL_Driver/Src/stm32g0xx_hal_adc.o
 .debug_info    0x00008e87      0xbbc ./Drivers/STM32G0xx_HAL_Driver/Src/stm32g0xx_hal_adc_ex.o
 .debug_info    0x00009a43      0x8c7 ./Drivers/STM32G0xx_HAL_Driver/Src/stm32g0xx_hal_cortex.o
 .debug_info    0x0000a30a      0x86b ./Drivers/STM32G0xx_HAL_Driver/Src/stm32g0xx_hal_dma.o
 .debug_info    0x0000ab75      0x59d ./Drivers/STM32G0xx_HAL_Driver/Src/stm32g0xx_hal_gpio.o
 .debug_info    0x0000b112      0x77d ./Drivers/STM32G0xx_HAL_Driver/Src/stm32g0xx_hal_pwr_ex.o
 .debug_info    0x0000b88f      0xb1b ./Drivers/STM32G0xx_HAL_Driver/Src/stm32g0xx_hal_rcc.o
 .debug_info    0x0000c3aa     0x2f27 ./Drivers/STM32G0xx_HAL_Driver/Src/stm32g0xx_hal_tim.o
 .debug_info    0x0000f2d1     0x1a49 ./Drivers/STM32G0xx_HAL_Driver/Src/stm32g0xx_hal_tim_ex.o

.debug_abbrev   0x00000000     0x266f
 .debug_abbrev  0x00000000      0x266 ./Core/Src/config.o
 .debug_abbrev  0x00000266      0x223 ./Core/Src/custom_callbacks.o
 .debug_abbrev  0x00000489      0x1a4 ./Core/Src/main.o
 .debug_abbrev  0x0000062d      0x270 ./Core/Src/stm32g0xx_hal_msp.o
 .debug_abbrev  0x0000089d      0x1cf ./Core/Src/stm32g0xx_it.o
 .debug_abbrev  0x00000a6c      0x2bf ./Core/Src/system.o
 .debug_abbrev  0x00000d2b      0x119 ./Core/Src/system_stm32g0xx.o
 .debug_abbrev  0x00000e44       0x24 ./Core/Startup/startup_stm32g031k8tx.o
 .debug_abbrev  0x00000e68      0x2b6 ./Drivers/STM32G0xx_HAL_Driver/Src/stm32g0xx_hal.o
 .debug_abbrev  0x0000111e      0x289 ./Drivers/STM32G0xx_HAL_Driver/Src/stm32g0xx_hal_adc.o
 .debug_abbrev  0x000013a7      0x233 ./Drivers/STM32G0xx_HAL_Driver/Src/stm32g0xx_hal_adc_ex.o
 .debug_abbrev  0x000015da      0x2ab ./Drivers/STM32G0xx_HAL_Driver/Src/stm32g0xx_hal_cortex.o
 .debug_abbrev  0x00001885      0x1e1 ./Drivers/STM32G0xx_HAL_Driver/Src/stm32g0xx_hal_dma.o
 .debug_abbrev  0x00001a66      0x1c3 ./Drivers/STM32G0xx_HAL_Driver/Src/stm32g0xx_hal_gpio.o
 .debug_abbrev  0x00001c29      0x237 ./Drivers/STM32G0xx_HAL_Driver/Src/stm32g0xx_hal_pwr_ex.o
 .debug_abbrev  0x00001e60      0x2a9 ./Drivers/STM32G0xx_HAL_Driver/Src/stm32g0xx_hal_rcc.o
 .debug_abbrev  0x00002109      0x2aa ./Drivers/STM32G0xx_HAL_Driver/Src/stm32g0xx_hal_tim.o
 .debug_abbrev  0x000023b3      0x2bc ./Drivers/STM32G0xx_HAL_Driver/Src/stm32g0xx_hal_tim_ex.o

.debug_aranges  0x00000000      0xed8
 .debug_aranges
                0x00000000       0x50 ./Core/Src/config.o
 .debug_aranges
                0x00000050       0x28 ./Core/Src/custom_callbacks.o
 .debug_aranges
                0x00000078       0x20 ./Core/Src/main.o
 .debug_aranges
                0x00000098       0x58 ./Core/Src/stm32g0xx_hal_msp.o
 .debug_aranges
                0x000000f0       0x50 ./Core/Src/stm32g0xx_it.o
 .debug_aranges
                0x00000140       0x78 ./Core/Src/system.o
 .debug_aranges
                0x000001b8       0x28 ./Core/Src/system_stm32g0xx.o
 .debug_aranges
                0x000001e0       0x28 ./Core/Startup/startup_stm32g031k8tx.o
 .debug_aranges
                0x00000208      0x128 ./Drivers/STM32G0xx_HAL_Driver/Src/stm32g0xx_hal.o
 .debug_aranges
                0x00000330      0x200 ./Drivers/STM32G0xx_HAL_Driver/Src/stm32g0xx_hal_adc.o
 .debug_aranges
                0x00000530       0xb0 ./Drivers/STM32G0xx_HAL_Driver/Src/stm32g0xx_hal_adc_ex.o
 .debug_aranges
                0x000005e0       0xe8 ./Drivers/STM32G0xx_HAL_Driver/Src/stm32g0xx_hal_cortex.o
 .debug_aranges
                0x000006c8       0x90 ./Drivers/STM32G0xx_HAL_Driver/Src/stm32g0xx_hal_dma.o
 .debug_aranges
                0x00000758       0x60 ./Drivers/STM32G0xx_HAL_Driver/Src/stm32g0xx_hal_gpio.o
 .debug_aranges
                0x000007b8       0xf0 ./Drivers/STM32G0xx_HAL_Driver/Src/stm32g0xx_hal_pwr_ex.o
 .debug_aranges
                0x000008a8       0xa0 ./Drivers/STM32G0xx_HAL_Driver/Src/stm32g0xx_hal_rcc.o
 .debug_aranges
                0x00000948      0x3f8 ./Drivers/STM32G0xx_HAL_Driver/Src/stm32g0xx_hal_tim.o
 .debug_aranges
                0x00000d40      0x198 ./Drivers/STM32G0xx_HAL_Driver/Src/stm32g0xx_hal_tim_ex.o

.debug_rnglists
                0x00000000      0xb70
 .debug_rnglists
                0x00000000       0x3c ./Core/Src/config.o
 .debug_rnglists
                0x0000003c       0x1a ./Core/Src/custom_callbacks.o
 .debug_rnglists
                0x00000056       0x14 ./Core/Src/main.o
 .debug_rnglists
                0x0000006a       0x41 ./Core/Src/stm32g0xx_hal_msp.o
 .debug_rnglists
                0x000000ab       0x37 ./Core/Src/stm32g0xx_it.o
 .debug_rnglists
                0x000000e2       0x57 ./Core/Src/system.o
 .debug_rnglists
                0x00000139       0x1a ./Core/Src/system_stm32g0xx.o
 .debug_rnglists
                0x00000153       0x19 ./Core/Startup/startup_stm32g031k8tx.o
 .debug_rnglists
                0x0000016c       0xda ./Drivers/STM32G0xx_HAL_Driver/Src/stm32g0xx_hal.o
 .debug_rnglists
                0x00000246      0x18d ./Drivers/STM32G0xx_HAL_Driver/Src/stm32g0xx_hal_adc.o
 .debug_rnglists
                0x000003d3       0x81 ./Drivers/STM32G0xx_HAL_Driver/Src/stm32g0xx_hal_adc_ex.o
 .debug_rnglists
                0x00000454       0xaa ./Drivers/STM32G0xx_HAL_Driver/Src/stm32g0xx_hal_cortex.o
 .debug_rnglists
                0x000004fe       0x72 ./Drivers/STM32G0xx_HAL_Driver/Src/stm32g0xx_hal_dma.o
 .debug_rnglists
                0x00000570       0x45 ./Drivers/STM32G0xx_HAL_Driver/Src/stm32g0xx_hal_gpio.o
 .debug_rnglists
                0x000005b5       0xb5 ./Drivers/STM32G0xx_HAL_Driver/Src/stm32g0xx_hal_pwr_ex.o
 .debug_rnglists
                0x0000066a       0x79 ./Drivers/STM32G0xx_HAL_Driver/Src/stm32g0xx_hal_rcc.o
 .debug_rnglists
                0x000006e3      0x33f ./Drivers/STM32G0xx_HAL_Driver/Src/stm32g0xx_hal_tim.o
 .debug_rnglists
                0x00000a22      0x14e ./Drivers/STM32G0xx_HAL_Driver/Src/stm32g0xx_hal_tim_ex.o

.debug_macro    0x00000000    0x17611
 .debug_macro   0x00000000      0x233 ./Core/Src/config.o
 .debug_macro   0x00000233      0xa8a ./Core/Src/config.o
 .debug_macro   0x00000cbd      0x123 ./Core/Src/config.o
 .debug_macro   0x00000de0       0x2e ./Core/Src/config.o
 .debug_macro   0x00000e0e       0x28 ./Core/Src/config.o
 .debug_macro   0x00000e36       0x22 ./Core/Src/config.o
 .debug_macro   0x00000e58       0x8e ./Core/Src/config.o
 .debug_macro   0x00000ee6       0x51 ./Core/Src/config.o
 .debug_macro   0x00000f37      0x103 ./Core/Src/config.o
 .debug_macro   0x0000103a       0x6a ./Core/Src/config.o
 .debug_macro   0x000010a4      0x1df ./Core/Src/config.o
 .debug_macro   0x00001283       0x1c ./Core/Src/config.o
 .debug_macro   0x0000129f       0x22 ./Core/Src/config.o
 .debug_macro   0x000012c1       0xd1 ./Core/Src/config.o
 .debug_macro   0x00001392      0x4da ./Core/Src/config.o
 .debug_macro   0x0000186c      0x11f ./Core/Src/config.o
 .debug_macro   0x0000198b     0xac2c ./Core/Src/config.o
 .debug_macro   0x0000c5b7       0x66 ./Core/Src/config.o
 .debug_macro   0x0000c61d     0x350e ./Core/Src/config.o
 .debug_macro   0x0000fb2b      0x189 ./Core/Src/config.o
 .debug_macro   0x0000fcb4       0x5c ./Core/Src/config.o
 .debug_macro   0x0000fd10      0x518 ./Core/Src/config.o
 .debug_macro   0x00010228      0xf70 ./Core/Src/config.o
 .debug_macro   0x00011198      0x1d8 ./Core/Src/config.o
 .debug_macro   0x00011370      0x1cf ./Core/Src/config.o
 .debug_macro   0x0001153f      0x122 ./Core/Src/config.o
 .debug_macro   0x00011661      0x390 ./Core/Src/config.o
 .debug_macro   0x000119f1      0x202 ./Core/Src/config.o
 .debug_macro   0x00011bf3      0x2ff ./Core/Src/config.o
 .debug_macro   0x00011ef2      0x1b2 ./Core/Src/config.o
 .debug_macro   0x000120a4       0x43 ./Core/Src/config.o
 .debug_macro   0x000120e7      0x1f1 ./Core/Src/config.o
 .debug_macro   0x000122d8      0x8a8 ./Core/Src/config.o
 .debug_macro   0x00012b80      0x5bb ./Core/Src/config.o
 .debug_macro   0x0001313b       0x2e ./Core/Src/config.o
 .debug_macro   0x00013169      0x1d6 ./Core/Src/config.o
 .debug_macro   0x0001333f      0x38a ./Core/Src/config.o
 .debug_macro   0x000136c9       0x28 ./Core/Src/config.o
 .debug_macro   0x000136f1       0xe4 ./Core/Src/config.o
 .debug_macro   0x000137d5      0x10c ./Core/Src/config.o
 .debug_macro   0x000138e1      0x240 ./Core/Src/config.o
 .debug_macro   0x00013b21      0xac2 ./Core/Src/config.o
 .debug_macro   0x000145e3      0x135 ./Core/Src/config.o
 .debug_macro   0x00014718      0x693 ./Core/Src/config.o
 .debug_macro   0x00014dab       0xa6 ./Core/Src/config.o
 .debug_macro   0x00014e51      0x49d ./Core/Src/config.o
 .debug_macro   0x000152ee       0xa0 ./Core/Src/config.o
 .debug_macro   0x0001538e       0xb2 ./Core/Src/config.o
 .debug_macro   0x00015440      0x22f ./Core/Src/custom_callbacks.o
 .debug_macro   0x0001566f      0x225 ./Core/Src/main.o
 .debug_macro   0x00015894      0x216 ./Core/Src/stm32g0xx_hal_msp.o
 .debug_macro   0x00015aaa      0x220 ./Core/Src/stm32g0xx_it.o
 .debug_macro   0x00015cca      0x225 ./Core/Src/system.o
 .debug_macro   0x00015eef      0x207 ./Core/Src/system_stm32g0xx.o
 .debug_macro   0x000160f6      0x22b ./Drivers/STM32G0xx_HAL_Driver/Src/stm32g0xx_hal.o
 .debug_macro   0x00016321      0x22b ./Drivers/STM32G0xx_HAL_Driver/Src/stm32g0xx_hal_adc.o
 .debug_macro   0x0001654c      0x213 ./Drivers/STM32G0xx_HAL_Driver/Src/stm32g0xx_hal_adc_ex.o
 .debug_macro   0x0001675f      0x207 ./Drivers/STM32G0xx_HAL_Driver/Src/stm32g0xx_hal_cortex.o
 .debug_macro   0x00016966      0x207 ./Drivers/STM32G0xx_HAL_Driver/Src/stm32g0xx_hal_dma.o
 .debug_macro   0x00016b6d      0x20e ./Drivers/STM32G0xx_HAL_Driver/Src/stm32g0xx_hal_gpio.o
 .debug_macro   0x00016d7b      0x231 ./Drivers/STM32G0xx_HAL_Driver/Src/stm32g0xx_hal_pwr_ex.o
 .debug_macro   0x00016fac      0x249 ./Drivers/STM32G0xx_HAL_Driver/Src/stm32g0xx_hal_rcc.o
 .debug_macro   0x000171f5      0x20f ./Drivers/STM32G0xx_HAL_Driver/Src/stm32g0xx_hal_tim.o
 .debug_macro   0x00017404      0x20d ./Drivers/STM32G0xx_HAL_Driver/Src/stm32g0xx_hal_tim_ex.o

.debug_line     0x00000000    0x113c9
 .debug_line    0x00000000      0xa55 ./Core/Src/config.o
 .debug_line    0x00000a55      0x95e ./Core/Src/custom_callbacks.o
 .debug_line    0x000013b3      0x83a ./Core/Src/main.o
 .debug_line    0x00001bed      0x942 ./Core/Src/stm32g0xx_hal_msp.o
 .debug_line    0x0000252f      0x86f ./Core/Src/stm32g0xx_it.o
 .debug_line    0x00002d9e      0xccb ./Core/Src/system.o
 .debug_line    0x00003a69      0x84b ./Core/Src/system_stm32g0xx.o
 .debug_line    0x000042b4       0x7b ./Core/Startup/startup_stm32g031k8tx.o
 .debug_line    0x0000432f      0xb99 ./Drivers/STM32G0xx_HAL_Driver/Src/stm32g0xx_hal.o
 .debug_line    0x00004ec8     0x1b2c ./Drivers/STM32G0xx_HAL_Driver/Src/stm32g0xx_hal_adc.o
 .debug_line    0x000069f4      0xb3f ./Drivers/STM32G0xx_HAL_Driver/Src/stm32g0xx_hal_adc_ex.o
 .debug_line    0x00007533      0xc26 ./Drivers/STM32G0xx_HAL_Driver/Src/stm32g0xx_hal_cortex.o
 .debug_line    0x00008159      0xe28 ./Drivers/STM32G0xx_HAL_Driver/Src/stm32g0xx_hal_dma.o
 .debug_line    0x00008f81      0xc0a ./Drivers/STM32G0xx_HAL_Driver/Src/stm32g0xx_hal_gpio.o
 .debug_line    0x00009b8b      0xb6a ./Drivers/STM32G0xx_HAL_Driver/Src/stm32g0xx_hal_pwr_ex.o
 .debug_line    0x0000a6f5      0xfaa ./Drivers/STM32G0xx_HAL_Driver/Src/stm32g0xx_hal_rcc.o
 .debug_line    0x0000b69f     0x4049 ./Drivers/STM32G0xx_HAL_Driver/Src/stm32g0xx_hal_tim.o
 .debug_line    0x0000f6e8     0x1ce1 ./Drivers/STM32G0xx_HAL_Driver/Src/stm32g0xx_hal_tim_ex.o

.debug_str      0x00000000    0x99fa7
 .debug_str     0x00000000    0x9621c ./Core/Src/config.o
                              0x96bdb (size before relaxing)
 .debug_str     0x0009621c      0x2b2 ./Core/Src/custom_callbacks.o
                              0x96215 (size before relaxing)
 .debug_str     0x000964ce       0x41 ./Core/Src/main.o
                              0x95a79 (size before relaxing)
 .debug_str     0x0009650f       0xf3 ./Core/Src/stm32g0xx_hal_msp.o
                              0x96264 (size before relaxing)
 .debug_str     0x00096602       0xc9 ./Core/Src/stm32g0xx_it.o
                              0x95c63 (size before relaxing)
 .debug_str     0x000966cb      0x4eb ./Core/Src/system.o
                              0x962ab (size before relaxing)
 .debug_str     0x00096bb6       0x8e ./Core/Src/system_stm32g0xx.o
                              0x94ed4 (size before relaxing)
 .debug_str     0x00096c44       0x44 ./Core/Startup/startup_stm32g031k8tx.o
                                 0x73 (size before relaxing)
 .debug_str     0x00096c88      0x571 ./Drivers/STM32G0xx_HAL_Driver/Src/stm32g0xx_hal.o
                              0x956aa (size before relaxing)
 .debug_str     0x000971f9      0xa06 ./Drivers/STM32G0xx_HAL_Driver/Src/stm32g0xx_hal_adc.o
                              0x95ee7 (size before relaxing)
 .debug_str     0x00097bff      0x1fe ./Drivers/STM32G0xx_HAL_Driver/Src/stm32g0xx_hal_adc_ex.o
                              0x95738 (size before relaxing)
 .debug_str     0x00097dfd      0x28b ./Drivers/STM32G0xx_HAL_Driver/Src/stm32g0xx_hal_cortex.o
                              0x9535e (size before relaxing)
 .debug_str     0x00098088      0x279 ./Drivers/STM32G0xx_HAL_Driver/Src/stm32g0xx_hal_dma.o
                              0x9536e (size before relaxing)
 .debug_str     0x00098301      0x13d ./Drivers/STM32G0xx_HAL_Driver/Src/stm32g0xx_hal_gpio.o
                              0x95009 (size before relaxing)
 .debug_str     0x0009843e      0x37b ./Drivers/STM32G0xx_HAL_Driver/Src/stm32g0xx_hal_pwr_ex.o
                              0x9534d (size before relaxing)
 .debug_str     0x000987b9      0x4ae ./Drivers/STM32G0xx_HAL_Driver/Src/stm32g0xx_hal_rcc.o
                              0x9562a (size before relaxing)
 .debug_str     0x00098c67      0xe1b ./Drivers/STM32G0xx_HAL_Driver/Src/stm32g0xx_hal_tim.o
                              0x96aad (size before relaxing)
 .debug_str     0x00099a82      0x525 ./Drivers/STM32G0xx_HAL_Driver/Src/stm32g0xx_hal_tim_ex.o
                              0x9600f (size before relaxing)

.comment        0x00000000       0x43
 .comment       0x00000000       0x43 ./Core/Src/config.o
                                 0x44 (size before relaxing)
 .comment       0x00000043       0x44 ./Core/Src/custom_callbacks.o
 .comment       0x00000043       0x44 ./Core/Src/main.o
 .comment       0x00000043       0x44 ./Core/Src/stm32g0xx_hal_msp.o
 .comment       0x00000043       0x44 ./Core/Src/stm32g0xx_it.o
 .comment       0x00000043       0x44 ./Core/Src/system.o
 .comment       0x00000043       0x44 ./Core/Src/system_stm32g0xx.o
 .comment       0x00000043       0x44 ./Drivers/STM32G0xx_HAL_Driver/Src/stm32g0xx_hal.o
 .comment       0x00000043       0x44 ./Drivers/STM32G0xx_HAL_Driver/Src/stm32g0xx_hal_adc.o
 .comment       0x00000043       0x44 ./Drivers/STM32G0xx_HAL_Driver/Src/stm32g0xx_hal_adc_ex.o
 .comment       0x00000043       0x44 ./Drivers/STM32G0xx_HAL_Driver/Src/stm32g0xx_hal_cortex.o
 .comment       0x00000043       0x44 ./Drivers/STM32G0xx_HAL_Driver/Src/stm32g0xx_hal_dma.o
 .comment       0x00000043       0x44 ./Drivers/STM32G0xx_HAL_Driver/Src/stm32g0xx_hal_gpio.o
 .comment       0x00000043       0x44 ./Drivers/STM32G0xx_HAL_Driver/Src/stm32g0xx_hal_pwr_ex.o
 .comment       0x00000043       0x44 ./Drivers/STM32G0xx_HAL_Driver/Src/stm32g0xx_hal_rcc.o
 .comment       0x00000043       0x44 ./Drivers/STM32G0xx_HAL_Driver/Src/stm32g0xx_hal_tim.o
 .comment       0x00000043       0x44 ./Drivers/STM32G0xx_HAL_Driver/Src/stm32g0xx_hal_tim_ex.o

.debug_frame    0x00000000     0x3530
 .debug_frame   0x00000000       0xe8 ./Core/Src/config.o
 .debug_frame   0x000000e8       0x50 ./Core/Src/custom_callbacks.o
 .debug_frame   0x00000138       0x30 ./Core/Src/main.o
 .debug_frame   0x00000168      0x110 ./Core/Src/stm32g0xx_hal_msp.o
 .debug_frame   0x00000278       0xd4 ./Core/Src/stm32g0xx_it.o
 .debug_frame   0x0000034c      0x198 ./Core/Src/system.o
 .debug_frame   0x000004e4       0x4c ./Core/Src/system_stm32g0xx.o
 .debug_frame   0x00000530      0x3fc ./Drivers/STM32G0xx_HAL_Driver/Src/stm32g0xx_hal.o
 .debug_frame   0x0000092c      0x7cc ./Drivers/STM32G0xx_HAL_Driver/Src/stm32g0xx_hal_adc.o
 .debug_frame   0x000010f8      0x270 ./Drivers/STM32G0xx_HAL_Driver/Src/stm32g0xx_hal_adc_ex.o
 .debug_frame   0x00001368      0x33c ./Drivers/STM32G0xx_HAL_Driver/Src/stm32g0xx_hal_cortex.o
 .debug_frame   0x000016a4      0x1f0 ./Drivers/STM32G0xx_HAL_Driver/Src/stm32g0xx_hal_dma.o
 .debug_frame   0x00001894      0x130 ./Drivers/STM32G0xx_HAL_Driver/Src/stm32g0xx_hal_gpio.o
 .debug_frame   0x000019c4      0x32c ./Drivers/STM32G0xx_HAL_Driver/Src/stm32g0xx_hal_pwr_ex.o
 .debug_frame   0x00001cf0      0x214 ./Drivers/STM32G0xx_HAL_Driver/Src/stm32g0xx_hal_rcc.o
 .debug_frame   0x00001f04      0xfa0 ./Drivers/STM32G0xx_HAL_Driver/Src/stm32g0xx_hal_tim.o
 .debug_frame   0x00002ea4      0x620 ./Drivers/STM32G0xx_HAL_Driver/Src/stm32g0xx_hal_tim_ex.o
 .debug_frame   0x000034c4       0x20 C:/ST/STM32CubeIDE_1.16.1/STM32CubeIDE/plugins/com.st.stm32cube.ide.mcu.externaltools.gnu-tools-for-stm32.12.3.rel1.win32_1.0.200.202406191623/tools/bin/../lib/gcc/arm-none-eabi/12.3.1/../../../../arm-none-eabi/lib/thumb/v6-m/nofp\libc_nano.a(libc_a-memset.o)
 .debug_frame   0x000034e4       0x2c C:/ST/STM32CubeIDE_1.16.1/STM32CubeIDE/plugins/com.st.stm32cube.ide.mcu.externaltools.gnu-tools-for-stm32.12.3.rel1.win32_1.0.200.202406191623/tools/bin/../lib/gcc/arm-none-eabi/12.3.1/../../../../arm-none-eabi/lib/thumb/v6-m/nofp\libc_nano.a(libc_a-init.o)
 .debug_frame   0x00003510       0x20 C:/ST/STM32CubeIDE_1.16.1/STM32CubeIDE/plugins/com.st.stm32cube.ide.mcu.externaltools.gnu-tools-for-stm32.12.3.rel1.win32_1.0.200.202406191623/tools/bin/../lib/gcc/arm-none-eabi/12.3.1/thumb/v6-m/nofp\libgcc.a(_udivsi3.o)

.debug_line_str
                0x00000000       0x57
 .debug_line_str
                0x00000000       0x57 ./Core/Startup/startup_stm32g031k8tx.o
