Archive member included to satisfy reference by file (symbol)

/Applications/STM32CubeIDE.app/Contents/Eclipse/plugins/com.st.stm32cube.ide.mcu.externaltools.gnu-tools-for-stm32.12.3.rel1.macos64_1.1.0.202410301201/tools/bin/../lib/gcc/arm-none-eabi/12.3.1/../../../../arm-none-eabi/lib/thumb/v6-m/nofp/libc_nano.a(libc_a-exit.o)
                              /Applications/STM32CubeIDE.app/Contents/Eclipse/plugins/com.st.stm32cube.ide.mcu.externaltools.gnu-tools-for-stm32.12.3.rel1.macos64_1.1.0.202410301201/tools/bin/../lib/gcc/arm-none-eabi/12.3.1/../../../../arm-none-eabi/lib/thumb/v6-m/nofp/crt0.o (exit)
/Applications/STM32CubeIDE.app/Contents/Eclipse/plugins/com.st.stm32cube.ide.mcu.externaltools.gnu-tools-for-stm32.12.3.rel1.macos64_1.1.0.202410301201/tools/bin/../lib/gcc/arm-none-eabi/12.3.1/../../../../arm-none-eabi/lib/thumb/v6-m/nofp/libc_nano.a(libc_a-findfp.o)
                              /Applications/STM32CubeIDE.app/Contents/Eclipse/plugins/com.st.stm32cube.ide.mcu.externaltools.gnu-tools-for-stm32.12.3.rel1.macos64_1.1.0.202410301201/tools/bin/../lib/gcc/arm-none-eabi/12.3.1/../../../../arm-none-eabi/lib/thumb/v6-m/nofp/libc_nano.a(libc_a-exit.o) (__stdio_exit_handler)
/Applications/STM32CubeIDE.app/Contents/Eclipse/plugins/com.st.stm32cube.ide.mcu.externaltools.gnu-tools-for-stm32.12.3.rel1.macos64_1.1.0.202410301201/tools/bin/../lib/gcc/arm-none-eabi/12.3.1/../../../../arm-none-eabi/lib/thumb/v6-m/nofp/libc_nano.a(libc_a-fwalk.o)
                              /Applications/STM32CubeIDE.app/Contents/Eclipse/plugins/com.st.stm32cube.ide.mcu.externaltools.gnu-tools-for-stm32.12.3.rel1.macos64_1.1.0.202410301201/tools/bin/../lib/gcc/arm-none-eabi/12.3.1/../../../../arm-none-eabi/lib/thumb/v6-m/nofp/libc_nano.a(libc_a-findfp.o) (_fwalk_sglue)
/Applications/STM32CubeIDE.app/Contents/Eclipse/plugins/com.st.stm32cube.ide.mcu.externaltools.gnu-tools-for-stm32.12.3.rel1.macos64_1.1.0.202410301201/tools/bin/../lib/gcc/arm-none-eabi/12.3.1/../../../../arm-none-eabi/lib/thumb/v6-m/nofp/libc_nano.a(libc_a-memset.o)
                              /Applications/STM32CubeIDE.app/Contents/Eclipse/plugins/com.st.stm32cube.ide.mcu.externaltools.gnu-tools-for-stm32.12.3.rel1.macos64_1.1.0.202410301201/tools/bin/../lib/gcc/arm-none-eabi/12.3.1/../../../../arm-none-eabi/lib/thumb/v6-m/nofp/crt0.o (memset)
/Applications/STM32CubeIDE.app/Contents/Eclipse/plugins/com.st.stm32cube.ide.mcu.externaltools.gnu-tools-for-stm32.12.3.rel1.macos64_1.1.0.202410301201/tools/bin/../lib/gcc/arm-none-eabi/12.3.1/../../../../arm-none-eabi/lib/thumb/v6-m/nofp/libc_nano.a(libc_a-impure.o)
                              /Applications/STM32CubeIDE.app/Contents/Eclipse/plugins/com.st.stm32cube.ide.mcu.externaltools.gnu-tools-for-stm32.12.3.rel1.macos64_1.1.0.202410301201/tools/bin/../lib/gcc/arm-none-eabi/12.3.1/../../../../arm-none-eabi/lib/thumb/v6-m/nofp/libc_nano.a(libc_a-findfp.o) (_impure_data)
/Applications/STM32CubeIDE.app/Contents/Eclipse/plugins/com.st.stm32cube.ide.mcu.externaltools.gnu-tools-for-stm32.12.3.rel1.macos64_1.1.0.202410301201/tools/bin/../lib/gcc/arm-none-eabi/12.3.1/../../../../arm-none-eabi/lib/thumb/v6-m/nofp/libc_nano.a(libc_a-errno.o)
                              ./Core/Src/syscalls.o (__errno)
/Applications/STM32CubeIDE.app/Contents/Eclipse/plugins/com.st.stm32cube.ide.mcu.externaltools.gnu-tools-for-stm32.12.3.rel1.macos64_1.1.0.202410301201/tools/bin/../lib/gcc/arm-none-eabi/12.3.1/../../../../arm-none-eabi/lib/thumb/v6-m/nofp/libc_nano.a(libc_a-init.o)
                              /Applications/STM32CubeIDE.app/Contents/Eclipse/plugins/com.st.stm32cube.ide.mcu.externaltools.gnu-tools-for-stm32.12.3.rel1.macos64_1.1.0.202410301201/tools/bin/../lib/gcc/arm-none-eabi/12.3.1/../../../../arm-none-eabi/lib/thumb/v6-m/nofp/crt0.o (__libc_init_array)
/Applications/STM32CubeIDE.app/Contents/Eclipse/plugins/com.st.stm32cube.ide.mcu.externaltools.gnu-tools-for-stm32.12.3.rel1.macos64_1.1.0.202410301201/tools/bin/../lib/gcc/arm-none-eabi/12.3.1/../../../../arm-none-eabi/lib/thumb/v6-m/nofp/libc_nano.a(libc_a-lock.o)
                              /Applications/STM32CubeIDE.app/Contents/Eclipse/plugins/com.st.stm32cube.ide.mcu.externaltools.gnu-tools-for-stm32.12.3.rel1.macos64_1.1.0.202410301201/tools/bin/../lib/gcc/arm-none-eabi/12.3.1/../../../../arm-none-eabi/lib/thumb/v6-m/nofp/libc_nano.a(libc_a-findfp.o) (__retarget_lock_init_recursive)
/Applications/STM32CubeIDE.app/Contents/Eclipse/plugins/com.st.stm32cube.ide.mcu.externaltools.gnu-tools-for-stm32.12.3.rel1.macos64_1.1.0.202410301201/tools/bin/../lib/gcc/arm-none-eabi/12.3.1/../../../../arm-none-eabi/lib/thumb/v6-m/nofp/libc_nano.a(libc_a-memcpy-stub.o)
                              ./Core/Src/input_capture.o (memcpy)
[...]
Memory Configuration

Name             Origin             Length             Attributes
RAM              0x20000000         0x00002000         xrw
FLASH            0x08000000         0x0000f800         xr
*default*        0x00000000         0xffffffff

Linker script and memory map

LOAD /Applications/STM32CubeIDE.app/Contents/Eclipse/plugins/com.st.stm32cube.ide.mcu.externaltools.gnu-tools-for-stm32.12.3.rel1.macos64_1.1.0.202410301201/tools/bin/../lib/gcc/arm-none-eabi/12.3.1/thumb/v6-m/nofp/crti.o
LOAD /Applications/STM32CubeIDE.app/Contents/Eclipse/plugins/com.st.stm32cube.ide.mcu.externaltools.gnu-tools-for-stm32.12.3.rel1.macos64_1.1.0.202410301201/tools/bin/../lib/gcc/arm-none-eabi/12.3.1/thumb/v6-m/nofp/crtbegin.o
LOAD /Applications/STM32CubeIDE.app/Contents/Eclipse/plugins/com.st.stm32cube.ide.mcu.externaltools.gnu-tools-for-stm32.12.3.rel1.macos64_1.1.0.202410301201/tools/bin/../lib/gcc/arm-none-eabi/12.3.1/../../../../arm-none-eabi/lib/thumb/v6-m/nofp/crt0.o
LOAD ./Core/Src/CC_and_PC.o
LOAD ./Core/Src/UART.o
LOAD ./Core/Src/checking_functions.o
LOAD ./Core/Src/config.o
LOAD ./Core/Src/custom_callbacks.o
LOAD ./Core/Src/debug.o
LOAD ./Core/Src/input_capture.o
LOAD ./Core/Src/main.o
LOAD ./Core/Src/oscillator.o
LOAD ./Core/Src/startup.o
LOAD ./Core/Src/state_machine.o
LOAD ./Core/Src/stm32g0xx_hal_msp.o
LOAD ./Core/Src/stm32g0xx_it.o
LOAD ./Core/Src/symmetry_adjustment.o
LOAD ./Core/Src/syscalls.o
LOAD ./Core/Src/sysmem.o
LOAD ./Core/Src/system_stm32g0xx.o
LOAD ./Core/Src/timers.o
LOAD ./Core/Src/utility.o
LOAD ./Core/Startup/startup_stm32g031k8tx.o
LOAD ./Drivers/STM32G0xx_HAL_Driver/Src/stm32g0xx_hal.o
LOAD ./Drivers/STM32G0xx_HAL_Driver/Src/stm32g0xx_hal_adc.o
LOAD ./Drivers/STM32G0xx_HAL_Driver/Src/stm32g0xx_hal_adc_ex.o
LOAD ./Drivers/STM32G0xx_HAL_Driver/Src/stm32g0xx_hal_cortex.o
LOAD ./Drivers/STM32G0xx_HAL_Driver/Src/stm32g0xx_hal_dma.o
LOAD ./Drivers/STM32G0xx_HAL_Driver/Src/stm32g0xx_hal_dma_ex.o
LOAD ./Drivers/STM32G0xx_HAL_Driver/Src/stm32g0xx_hal_exti.o
LOAD ./Drivers/STM32G0xx_HAL_Driver/Src/stm32g0xx_hal_flash.o
LOAD ./Drivers/STM32G0xx_HAL_Driver/Src/stm32g0xx_hal_flash_ex.o
LOAD ./Drivers/STM32G0xx_HAL_Driver/Src/stm32g0xx_hal_gpio.o
LOAD ./Drivers/STM32G0xx_HAL_Driver/Src/stm32g0xx_hal_iwdg.o
LOAD ./Drivers/STM32G0xx_HAL_Driver/Src/stm32g0xx_hal_lptim.o
LOAD ./Drivers/STM32G0xx_HAL_Driver/Src/stm32g0xx_hal_pwr.o
LOAD ./Drivers/STM32G0xx_HAL_Driver/Src/stm32g0xx_hal_pwr_ex.o
LOAD ./Drivers/STM32G0xx_HAL_Driver/Src/stm32g0xx_hal_rcc.o
LOAD ./Drivers/STM32G0xx_HAL_Driver/Src/stm32g0xx_hal_rcc_ex.o
LOAD ./Drivers/STM32G0xx_HAL_Driver/Src/stm32g0xx_hal_tim.o
LOAD ./Drivers/STM32G0xx_HAL_Driver/Src/stm32g0xx_hal_tim_ex.o
LOAD ./Drivers/STM32G0xx_HAL_Driver/Src/stm32g0xx_hal_uart.o
LOAD ./Drivers/STM32G0xx_HAL_Driver/Src/stm32g0xx_hal_uart_ex.o
LOAD ./Drivers/STM32G0xx_HAL_Driver/Src/stm32g0xx_ll_adc.o
LOAD ./Drivers/STM32G0xx_HAL_Driver/Src/stm32g0xx_ll_rcc.o
START GROUP
LOAD /Applications/STM32CubeIDE.app/Contents/Eclipse/plugins/com.st.stm32cube.ide.mcu.externaltools.gnu-tools-for-stm32.12.3.rel1.macos64_1.1.0.202410301201/tools/bin/../lib/gcc/arm-none-eabi/12.3.1/../../../../arm-none-eabi/lib/thumb/v6-m/nofp/libc_nano.a
LOAD /Applications/STM32CubeIDE.app/Contents/Eclipse/plugins/com.st.stm32cube.ide.mcu.externaltools.gnu-tools-for-stm32.12.3.rel1.macos64_1.1.0.202410301201/tools/bin/../lib/gcc/arm-none-eabi/12.3.1/../../../../arm-none-eabi/lib/thumb/v6-m/nofp/libm.a
END GROUP
START GROUP
LOAD /Applications/STM32CubeIDE.app/Contents/Eclipse/plugins/com.st.stm32cube.ide.mcu.externaltools.gnu-tools-for-stm32.12.3.rel1.macos64_1.1.0.202410301201/tools/bin/../lib/gcc/arm-none-eabi/12.3.1/thumb/v6-m/nofp/libgcc.a
LOAD /Applications/STM32CubeIDE.app/Contents/Eclipse/plugins/com.st.stm32cube.ide.mcu.externaltools.gnu-tools-for-stm32.12.3.rel1.macos64_1.1.0.202410301201/tools/bin/../lib/gcc/arm-none-eabi/12.3.1/../../../../arm-none-eabi/lib/thumb/v6-m/nofp/libc_nano.a
END GROUP
START GROUP
LOAD /Applications/STM32CubeIDE.app/Contents/Eclipse/plugins/com.st.stm32cube.ide.mcu.externaltools.gnu-tools-for-stm32.12.3.rel1.macos64_1.1.0.202410301201/tools/bin/../lib/gcc/arm-none-eabi/12.3.1/thumb/v6-m/nofp/libgcc.a
LOAD /Applications/STM32CubeIDE.app/Contents/Eclipse/plugins/com.st.stm32cube.ide.mcu.externaltools.gnu-tools-for-stm32.12.3.rel1.macos64_1.1.0.202410301201/tools/bin/../lib/gcc/arm-none-eabi/12.3.1/../../../../arm-none-eabi/lib/thumb/v6-m/nofp/libc_nano.a
LOAD /Applications/STM32CubeIDE.app/Contents/Eclipse/plugins/com.st.stm32cube.ide.mcu.externaltools.gnu-tools-for-stm32.12.3.rel1.macos64_1.1.0.202410301201/tools/bin/../lib/gcc/arm-none-eabi/12.3.1/../../../../arm-none-eabi/lib/thumb/v6-m/nofp/libnosys.a
END GROUP
START GROUP
LOAD /Applications/STM32CubeIDE.app/Contents/Eclipse/plugins/com.st.stm32cube.ide.mcu.externaltools.gnu-tools-for-stm32.12.3.rel1.macos64_1.1.0.202410301201/tools/bin/../lib/gcc/arm-none-eabi/12.3.1/thumb/v6-m/nofp/libgcc.a
LOAD /Applications/STM32CubeIDE.app/Contents/Eclipse/plugins/com.st.stm32cube.ide.mcu.externaltools.gnu-tools-for-stm32.12.3.rel1.macos64_1.1.0.202410301201/tools/bin/../lib/gcc/arm-none-eabi/12.3.1/../../../../arm-none-eabi/lib/thumb/v6-m/nofp/libc_nano.a
LOAD /Applications/STM32CubeIDE.app/Contents/Eclipse/plugins/com.st.stm32cube.ide.mcu.externaltools.gnu-tools-for-stm32.12.3.rel1.macos64_1.1.0.202410301201/tools/bin/../lib/gcc/arm-none-eabi/12.3.1/../../../../arm-none-eabi/lib/thumb/v6-m/nofp/libnosys.a
END GROUP
LOAD /Applications/STM32CubeIDE.app/Contents/Eclipse/plugins/com.st.stm32cube.ide.mcu.externaltools.gnu-tools-for-stm32.12.3.rel1.macos64_1.1.0.202410301201/tools/bin/../lib/gcc/arm-none-eabi/12.3.1/thumb/v6-m/nofp/crtend.o
LOAD /Applications/STM32CubeIDE.app/Contents/Eclipse/plugins/com.st.stm32cube.ide.mcu.externaltools.gnu-tools-for-stm32.12.3.rel1.macos64_1.1.0.202410301201/tools/bin/../lib/gcc/arm-none-eabi/12.3.1/thumb/v6-m/nofp/crtn.o
                0x20002000                        _estack = (ORIGIN (RAM) + LENGTH (RAM))
                0x00000200                        _Min_Heap_Size = 0x200
                0x00000400                        _Min_Stack_Size = 0x400

.isr_vector     0x08000000       0xbc
                0x08000000                        . = ALIGN (0x4)
 *(.isr_vector)
 .isr_vector    0x08000000       0xbc ./Core/Startup/startup_stm32g031k8tx.o
                0x08000000                g_pfnVectors
                0x080000bc                        . = ALIGN (0x4)

.text           0x080000bc     0x7114
                0x080000bc                        . = ALIGN (0x4)
 *(.text)
 .text          0x080000bc       0x48 /Applications/STM32CubeIDE.app/Contents/Eclipse/plugins/com.st.stm32cube.ide.mcu.externaltools.gnu-tools-for-stm32.12.3.rel1.macos64_1.1.0.202410301201/tools/bin/../lib/gcc/arm-none-eabi/12.3.1/thumb/v6-m/nofp/crtbegin.o
 .text          0x08000104      0x114 /Applications/STM32CubeIDE.app/Contents/Eclipse/plugins/com.st.stm32cube.ide.mcu.externaltools.gnu-tools-for-stm32.12.3.rel1.macos64_1.1.0.202410301201/tools/bin/../lib/gcc/arm-none-eabi/12.3.1/thumb/v6-m/nofp/libgcc.a(_udivsi3.o)
                0x08000104                __udivsi3
                0x08000104                __aeabi_uidiv
                0x08000210                __aeabi_uidivmod
 .text          0x08000218        0x4 /Applications/STM32CubeIDE.app/Contents/Eclipse/plugins/com.st.stm32cube.ide.mcu.externaltools.gnu-tools-for-stm32.12.3.rel1.macos64_1.1.0.202410301201/tools/bin/../lib/gcc/arm-none-eabi/12.3.1/thumb/v6-m/nofp/libgcc.a(_dvmd_tls.o)
                0x08000218                __aeabi_ldiv0
                0x08000218                __aeabi_idiv0
 .text          0x0800021c       0x40 /Applications/STM32CubeIDE.app/Contents/Eclipse/plugins/com.st.stm32cube.ide.mcu.externaltools.gnu-tools-for-stm32.12.3.rel1.macos64_1.1.0.202410301201/tools/bin/../lib/gcc/arm-none-eabi/12.3.1/thumb/v6-m/nofp/libgcc.a(_aeabi_uldivmod.o)
                0x0800021c                __aeabi_uldivmod
 .text          0x0800025c      0x198 /Applications/STM32CubeIDE.app/Contents/Eclipse/plugins/com.st.stm32cube.ide.mcu.externaltools.gnu-tools-for-stm32.12.3.rel1.macos64_1.1.0.202410301201/tools/bin/../lib/gcc/arm-none-eabi/12.3.1/thumb/v6-m/nofp/libgcc.a(_udivmoddi4.o)
                0x0800025c                __udivmoddi4
 .text          0x080003f4       0x18 /Applications/STM32CubeIDE.app/Contents/Eclipse/plugins/com.st.stm32cube.ide.mcu.externaltools.gnu-tools-for-stm32.12.3.rel1.macos64_1.1.0.202410301201/tools/bin/../lib/gcc/arm-none-eabi/12.3.1/thumb/v6-m/nofp/libgcc.a(_clzdi2.o)
                0x080003f4                __clzdi2
 .text          0x0800040c       0x3c /Applications/STM32CubeIDE.app/Contents/Eclipse/plugins/com.st.stm32cube.ide.mcu.externaltools.gnu-tools-for-stm32.12.3.rel1.macos64_1.1.0.202410301201/tools/bin/../lib/gcc/arm-none-eabi/12.3.1/thumb/v6-m/nofp/libgcc.a(_clzsi2.o)
                0x0800040c                __clzsi2
 *(.text*)
 .text.Initialise_Preset_Arrays
                0x08000448       0x50 ./Core/Src/CC_and_PC.o
                0x08000448                Initialise_Preset_Arrays
 .text.Update_Params_If_PC_Mode_Selected
                0x08000498       0xe4 ./Core/Src/CC_and_PC.o
                0x08000498                Update_Params_If_PC_Mode_Selected
 .text.Read_and_Interpret_User_Preset_Used_Bytes_and_Start_Required_Before_MIDI_CLK_Byte_From_Flash
                0x0800057c       0x6c ./Core/Src/CC_and_PC.o
                0x0800057c                Read_and_Interpret_User_Preset_Used_Bytes_and_Start_Required_Before_MIDI_CLK_Byte_From_Flash
 .text.Update_Converted_Preset_Array_with_User_or_Factory_Preset
                0x080005e8       0x58 ./Core/Src/CC_and_PC.o
                0x080005e8                Update_Converted_Preset_Array_with_User_or_Factory_Preset
 .text.Read_User_Presets_From_Flash
                0x08000640       0xe4 ./Core/Src/CC_and_PC.o
                0x08000640                Read_User_Presets_From_Flash
 .text.Start_UART_Receive
                0x08000724       0x18 ./Core/Src/UART.o
                0x08000724                Start_UART_Receive
 .text.Speed_Pot_Check
                0x0800073c       0x8c ./Core/Src/checking_functions.o
                0x0800073c                Speed_Pot_Check
 .text.Check_Tap_Tempo_Switch_State
                0x080007c8       0x64 ./Core/Src/checking_functions.o
                0x080007c8                Check_Tap_Tempo_Switch_State
 .text.SystemClock_Config
                0x0800082c       0x80 ./Core/Src/config.o
                0x0800082c                SystemClock_Config
 .text.MX_ADC1_Init
                0x080008ac       0xf4 ./Core/Src/config.o
                0x080008ac                MX_ADC1_Init
 .text.MX_TIM16_Init
                0x080009a0       0xb0 ./Core/Src/config.o
                0x080009a0                MX_TIM16_Init
 .text.MX_TIM2_Init
                0x08000a50       0xb8 ./Core/Src/config.o
                0x08000a50                MX_TIM2_Init
 .text.MX_TIM3_Init
                0x08000b08       0xc0 ./Core/Src/config.o
                0x08000b08                MX_TIM3_Init
 .text.MX_TIM1_Init
                0x08000bc8      0x128 ./Core/Src/config.o
                0x08000bc8                MX_TIM1_Init
 .text.MX_TIM17_Init
                0x08000cf0       0xb4 ./Core/Src/config.o
                0x08000cf0                MX_TIM17_Init
 .text.MX_TIM14_Init
                0x08000da4       0x70 ./Core/Src/config.o
                0x08000da4                MX_TIM14_Init
 .text.MX_GPIO_Init
                0x08000e14      0x138 ./Core/Src/config.o
                0x08000e14                MX_GPIO_Init
 .text.Error_Handler
                0x08000f4c        0x4 ./Core/Src/config.o
                0x08000f4c                Error_Handler
 .text.System_Init
                0x08000f50      0x1a0 ./Core/Src/config.o
                0x08000f50                System_Init
 .text.TIM16_callback
                0x080010f0       0x3c ./Core/Src/custom_callbacks.o
                0x080010f0                TIM16_callback
 .text.ADC_DMA_conversion_complete_callback
                0x0800112c       0x6c ./Core/Src/custom_callbacks.o
                0x0800112c                ADC_DMA_conversion_complete_callback
 .text.TIM2_ch1_IP_capture_callback
                0x08001198       0xa4 ./Core/Src/custom_callbacks.o
                0x08001198                TIM2_ch1_IP_capture_callback
 .text.TIM2_ch1_overflow_callback
                0x0800123c       0x7c ./Core/Src/custom_callbacks.o
                0x0800123c                TIM2_ch1_overflow_callback
 .text.TIM3_ch1_IP_capture_measurement_reelapse_callback
                0x080012b8       0xe4 ./Core/Src/custom_callbacks.o
                0x080012b8                TIM3_ch1_IP_capture_measurement_reelapse_callback
 .text.UART2_TX_transfer_complete_callback
                0x0800139c        0x4 ./Core/Src/custom_callbacks.o
                0x0800139c                UART2_TX_transfer_complete_callback
 .text.UART2_RX_transfer_complete_callback
                0x080013a0      0x4d4 ./Core/Src/custom_callbacks.o
                0x080013a0                UART2_RX_transfer_complete_callback
 .text.HAL_GPIO_EXTI_Falling_Callback
                0x08001874       0x38 ./Core/Src/custom_callbacks.o
                0x08001874                HAL_GPIO_EXTI_Falling_Callback
 .text.HAL_GPIO_EXTI_Rising_Callback
                0x080018ac      0x108 ./Core/Src/custom_callbacks.o
                0x080018ac                HAL_GPIO_EXTI_Rising_Callback
 .text.LPTIM1_callback
                0x080019b4      0x1f4 ./Core/Src/custom_callbacks.o
                0x080019b4                LPTIM1_callback
 .text.TIM17_callback
                0x08001ba8        0x4 ./Core/Src/custom_callbacks.o
                0x08001ba8                TIM17_callback
 .text.TIM14_callback
                0x08001bac        0x4 ./Core/Src/custom_callbacks.o
                0x08001bac                TIM14_callback
 .text.Input_Capture_Processing
                0x08001bb0       0x7c ./Core/Src/input_capture.o
                0x08001bb0                Input_Capture_Processing
 .text.Start_Input_Capture_Timer
                0x08001c2c       0x30 ./Core/Src/input_capture.o
                0x08001c2c                Start_Input_Capture_Timer
 .text.Copy_Params_Structs
                0x08001c5c       0x14 ./Core/Src/input_capture.o
                0x08001c5c                Copy_Params_Structs
 .text.Start_Measurement_Reelapse_Timer
                0x08001c70       0x30 ./Core/Src/input_capture.o
                0x08001c70                Start_Measurement_Reelapse_Timer
 .text.Begin_Input_Capture_Measurement
                0x08001ca0       0x10 ./Core/Src/input_capture.o
                0x08001ca0                Begin_Input_Capture_Measurement
 .text.startup.main
                0x08001cb0       0xb4 ./Core/Src/main.o
                0x08001cb0                main
 .text.Start_PWM_Gen_Timer_Main_and_Secondary_Oscillators
                0x08001d64       0x34 ./Core/Src/oscillator.o
                0x08001d64                Start_PWM_Gen_Timer_Main_and_Secondary_Oscillators
 .text.Start_Freq_Gen_Timer
                0x08001d98       0x1c ./Core/Src/oscillator.o
                0x08001d98                Start_Freq_Gen_Timer
 .text.Process_TIM16_Raw_Start_Value_and_Raw_Prescaler
                0x08001db4       0x30 ./Core/Src/oscillator.o
                0x08001db4                Process_TIM16_Raw_Start_Value_and_Raw_Prescaler
 .text.Set_Oscillator_Values
                0x08001de4       0x30 ./Core/Src/oscillator.o
                0x08001de4                Set_Oscillator_Values
 .text.Calculate_Next_Main_Oscillator_Values
                0x08001e14      0x11c ./Core/Src/oscillator.o
                0x08001e14                Calculate_Next_Main_Oscillator_Values
 .text.Write_Next_Main_Oscillator_Values_to_Delay_Line
                0x08001f30       0xb8 ./Core/Src/oscillator.o
                0x08001f30                Write_Next_Main_Oscillator_Values_to_Delay_Line
 .text.Process_ADC_Conversion_Values
                0x08001fe8       0x4c ./Core/Src/oscillator.o
                0x08001fe8                Process_ADC_Conversion_Values
 .text.Startup  0x08002034      0x150 ./Core/Src/startup.o
                0x08002034                Startup
 .text.Advance_Pending_States
                0x08002184       0x2c ./Core/Src/state_machine.o
                0x08002184                Advance_Pending_States
 .text.HAL_MspInit
                0x080021b0       0x30 ./Core/Src/stm32g0xx_hal_msp.o
                0x080021b0                HAL_MspInit
 .text.HAL_ADC_MspInit
                0x080021e0       0xa0 ./Core/Src/stm32g0xx_hal_msp.o
                0x080021e0                HAL_ADC_MspInit
 .text.HAL_LPTIM_MspInit
                0x08002280       0xf4 ./Core/Src/stm32g0xx_hal_msp.o
                0x08002280                HAL_LPTIM_MspInit
 .text.HAL_TIM_Base_MspInit
                0x08002374      0x170 ./Core/Src/stm32g0xx_hal_msp.o
                0x08002374                HAL_TIM_Base_MspInit
 .text.HAL_TIM_MspPostInit
                0x080024e4       0x78 ./Core/Src/stm32g0xx_hal_msp.o
                0x080024e4                HAL_TIM_MspPostInit
 .text.HAL_UART_MspInit
                0x0800255c       0xec ./Core/Src/stm32g0xx_hal_msp.o
                0x0800255c                HAL_UART_MspInit
 .text.NMI_Handler
                0x08002648        0x4 ./Core/Src/stm32g0xx_it.o
                0x08002648                NMI_Handler
 .text.HardFault_Handler
                0x0800264c        0x4 ./Core/Src/stm32g0xx_it.o
                0x0800264c                HardFault_Handler
 .text.SVC_Handler
                0x08002650        0x4 ./Core/Src/stm32g0xx_it.o
                0x08002650                SVC_Handler
 .text.PendSV_Handler
                0x08002654        0x4 ./Core/Src/stm32g0xx_it.o
                0x08002654                PendSV_Handler
 .text.SysTick_Handler
                0x08002658        0x8 ./Core/Src/stm32g0xx_it.o
                0x08002658                SysTick_Handler
 .text.EXTI4_15_IRQHandler
                0x08002660        0xc ./Core/Src/stm32g0xx_it.o
                0x08002660                EXTI4_15_IRQHandler
 .text.DMA1_Channel1_IRQHandler
                0x0800266c       0x10 ./Core/Src/stm32g0xx_it.o
                0x0800266c                DMA1_Channel1_IRQHandler
 .text.DMA1_Channel2_3_IRQHandler
                0x0800267c       0x18 ./Core/Src/stm32g0xx_it.o
                0x0800267c                DMA1_Channel2_3_IRQHandler
 .text.TIM2_IRQHandler
                0x08002694       0x10 ./Core/Src/stm32g0xx_it.o
                0x08002694                TIM2_IRQHandler
 .text.TIM3_IRQHandler
                0x080026a4       0x10 ./Core/Src/stm32g0xx_it.o
                0x080026a4                TIM3_IRQHandler
 .text.TIM16_IRQHandler
                0x080026b4       0x10 ./Core/Src/stm32g0xx_it.o
                0x080026b4                TIM16_IRQHandler
 .text.USART2_IRQHandler
                0x080026c4       0x10 ./Core/Src/stm32g0xx_it.o
                0x080026c4                USART2_IRQHandler
 .text.LPTIM1_IRQHandler
                0x080026d4       0x10 ./Core/Src/stm32g0xx_it.o
                0x080026d4                LPTIM1_IRQHandler
 .text.TIM17_IRQHandler
                0x080026e4       0x10 ./Core/Src/stm32g0xx_it.o
                0x080026e4                TIM17_IRQHandler
 .text.TIM14_IRQHandler
                0x080026f4       0x10 ./Core/Src/stm32g0xx_it.o
                0x080026f4                TIM14_IRQHandler
 .text.Process_TIM16_Final_Start_Value_and_Final_Prescaler
                0x08002704      0x2a0 ./Core/Src/symmetry_adjustment.o
                0x08002704                Process_TIM16_Final_Start_Value_and_Final_Prescaler
 .text.SystemInit
                0x080029a4        0x4 ./Core/Src/system_stm32g0xx.o
                0x080029a4                SystemInit
 .text.Start_OC_TIM
                0x080029a8       0x14 ./Core/Src/timers.o
                0x080029a8                Start_OC_TIM
 .text.Stop_OC_TIM
                0x080029bc       0x14 ./Core/Src/timers.o
                0x080029bc                Stop_OC_TIM
 .text.isPrime  0x080029d0       0x34 ./Core/Src/utility.o
                0x080029d0                isPrime
 .text.unsigned_bitwise_modulo
                0x08002a04        0xc ./Core/Src/utility.o
                0x08002a04                unsigned_bitwise_modulo
 .text.Global_Interrupt_Enable
                0x08002a10        0x8 ./Core/Src/utility.o
                0x08002a10                Global_Interrupt_Enable
 .text.Get_Status_Bit
                0x08002a18        0xc ./Core/Src/utility.o
                0x08002a18                Get_Status_Bit
 .text.Set_Status_Bit
                0x08002a24        0x8 ./Core/Src/utility.o
                0x08002a24                Set_Status_Bit
 .text.Clear_Status_Bit
                0x08002a2c        0x8 ./Core/Src/utility.o
                0x08002a2c                Clear_Status_Bit
 .text.Reset_Handler
                0x08002a34       0x50 ./Core/Startup/startup_stm32g031k8tx.o
                0x08002a34                Reset_Handler
 .text.Default_Handler
                0x08002a84        0x2 ./Core/Startup/startup_stm32g031k8tx.o
                0x08002a84                TIM1_BRK_UP_TRG_COM_IRQHandler
                0x08002a84                PVD_IRQHandler
                0x08002a84                I2C1_IRQHandler
                0x08002a84                LPTIM2_IRQHandler
                0x08002a84                RTC_TAMP_IRQHandler
                0x08002a84                SPI1_IRQHandler
                0x08002a84                DMA1_Ch4_5_DMAMUX1_OVR_IRQHandler
                0x08002a84                EXTI2_3_IRQHandler
                0x08002a84                ADC1_IRQHandler
                0x08002a84                I2C2_IRQHandler
                0x08002a84                RCC_IRQHandler
                0x08002a84                Default_Handler
                0x08002a84                EXTI0_1_IRQHandler
                0x08002a84                SPI2_IRQHandler
                0x08002a84                WWDG_IRQHandler
                0x08002a84                LPUART1_IRQHandler
                0x08002a84                FLASH_IRQHandler
                0x08002a84                USART1_IRQHandler
                0x08002a84                TIM1_CC_IRQHandler
 *fill*         0x08002a86        0x2 
 .text.HAL_InitTick
                0x08002a88       0x4c ./Drivers/STM32G0xx_HAL_Driver/Src/stm32g0xx_hal.o
                0x08002a88                HAL_InitTick
 .text.HAL_Init
                0x08002ad4       0x28 ./Drivers/STM32G0xx_HAL_Driver/Src/stm32g0xx_hal.o
                0x08002ad4                HAL_Init
 .text.HAL_IncTick
                0x08002afc       0x18 ./Drivers/STM32G0xx_HAL_Driver/Src/stm32g0xx_hal.o
                0x08002afc                HAL_IncTick
 .text.HAL_GetTick
                0x08002b14        0xc ./Drivers/STM32G0xx_HAL_Driver/Src/stm32g0xx_hal.o
                0x08002b14                HAL_GetTick
 .text.ADC_DMAConvCplt
                0x08002b20       0x80 ./Drivers/STM32G0xx_HAL_Driver/Src/stm32g0xx_hal_adc.o
 .text.ADC_DMAHalfConvCplt
                0x08002ba0        0xc ./Drivers/STM32G0xx_HAL_Driver/Src/stm32g0xx_hal_adc.o
 .text.ADC_DMAError
                0x08002bac       0x1c ./Drivers/STM32G0xx_HAL_Driver/Src/stm32g0xx_hal_adc.o
 .text.HAL_ADC_ErrorCallback
                0x08002bc8        0x4 ./Drivers/STM32G0xx_HAL_Driver/Src/stm32g0xx_hal_adc.o
                0x08002bc8                HAL_ADC_ErrorCallback
 .text.HAL_ADC_ConvCpltCallback
                0x08002bcc        0x4 ./Drivers/STM32G0xx_HAL_Driver/Src/stm32g0xx_hal_adc.o
                0x08002bcc                HAL_ADC_ConvCpltCallback
 .text.HAL_ADC_ConvHalfCpltCallback
                0x08002bd0        0x4 ./Drivers/STM32G0xx_HAL_Driver/Src/stm32g0xx_hal_adc.o
                0x08002bd0                HAL_ADC_ConvHalfCpltCallback
 .text.HAL_ADC_LevelOutOfWindowCallback
                0x08002bd4        0x4 ./Drivers/STM32G0xx_HAL_Driver/Src/stm32g0xx_hal_adc.o
                0x08002bd4                HAL_ADC_LevelOutOfWindowCallback
 .text.HAL_ADC_Init
                0x08002bd8      0x284 ./Drivers/STM32G0xx_HAL_Driver/Src/stm32g0xx_hal_adc.o
                0x08002bd8                HAL_ADC_Init
 .text.HAL_ADC_RegisterCallback
                0x08002e5c       0x70 ./Drivers/STM32G0xx_HAL_Driver/Src/stm32g0xx_hal_adc.o
                0x08002e5c                HAL_ADC_RegisterCallback
 .text.HAL_ADC_ConfigChannel
                0x08002ecc      0x284 ./Drivers/STM32G0xx_HAL_Driver/Src/stm32g0xx_hal_adc.o
                0x08002ecc                HAL_ADC_ConfigChannel
 .text.ADC_ConversionStop
                0x08003150       0x74 ./Drivers/STM32G0xx_HAL_Driver/Src/stm32g0xx_hal_adc.o
                0x08003150                ADC_ConversionStop
 .text.ADC_Enable
                0x080031c4       0xcc ./Drivers/STM32G0xx_HAL_Driver/Src/stm32g0xx_hal_adc.o
                0x080031c4                ADC_Enable
 .text.HAL_ADC_Start_DMA
                0x08003290       0xb4 ./Drivers/STM32G0xx_HAL_Driver/Src/stm32g0xx_hal_adc.o
                0x08003290                HAL_ADC_Start_DMA
 .text.ADC_Disable
                0x08003344       0x88 ./Drivers/STM32G0xx_HAL_Driver/Src/stm32g0xx_hal_adc.o
                0x08003344                ADC_Disable
 .text.HAL_ADC_Stop_DMA
                0x080033cc       0x8c ./Drivers/STM32G0xx_HAL_Driver/Src/stm32g0xx_hal_adc.o
                0x080033cc                HAL_ADC_Stop_DMA
 .text.HAL_ADCEx_Calibration_Start
                0x08003458      0x19c ./Drivers/STM32G0xx_HAL_Driver/Src/stm32g0xx_hal_adc_ex.o
                0x08003458                HAL_ADCEx_Calibration_Start
 .text.HAL_ADCEx_LevelOutOfWindow2Callback
                0x080035f4        0x4 ./Drivers/STM32G0xx_HAL_Driver/Src/stm32g0xx_hal_adc_ex.o
                0x080035f4                HAL_ADCEx_LevelOutOfWindow2Callback
 .text.HAL_ADCEx_LevelOutOfWindow3Callback
                0x080035f8        0x4 ./Drivers/STM32G0xx_HAL_Driver/Src/stm32g0xx_hal_adc_ex.o
                0x080035f8                HAL_ADCEx_LevelOutOfWindow3Callback
 .text.HAL_ADCEx_EndOfSamplingCallback
                0x080035fc        0x4 ./Drivers/STM32G0xx_HAL_Driver/Src/stm32g0xx_hal_adc_ex.o
                0x080035fc                HAL_ADCEx_EndOfSamplingCallback
 .text.HAL_NVIC_SetPriority
                0x08003600       0x54 ./Drivers/STM32G0xx_HAL_Driver/Src/stm32g0xx_hal_cortex.o
                0x08003600                HAL_NVIC_SetPriority
 .text.HAL_NVIC_EnableIRQ
                0x08003654       0x18 ./Drivers/STM32G0xx_HAL_Driver/Src/stm32g0xx_hal_cortex.o
                0x08003654                HAL_NVIC_EnableIRQ
 .text.HAL_NVIC_DisableIRQ
                0x0800366c       0x20 ./Drivers/STM32G0xx_HAL_Driver/Src/stm32g0xx_hal_cortex.o
                0x0800366c                HAL_NVIC_DisableIRQ
 .text.HAL_SYSTICK_Config
                0x0800368c       0x34 ./Drivers/STM32G0xx_HAL_Driver/Src/stm32g0xx_hal_cortex.o
                0x0800368c                HAL_SYSTICK_Config
 .text.HAL_DMA_Init
                0x080036c0       0xec ./Drivers/STM32G0xx_HAL_Driver/Src/stm32g0xx_hal_dma.o
                0x080036c0                HAL_DMA_Init
 .text.HAL_DMA_Start_IT
                0x080037ac       0xd0 ./Drivers/STM32G0xx_HAL_Driver/Src/stm32g0xx_hal_dma.o
                0x080037ac                HAL_DMA_Start_IT
 .text.HAL_DMA_Abort
                0x0800387c       0x78 ./Drivers/STM32G0xx_HAL_Driver/Src/stm32g0xx_hal_dma.o
                0x0800387c                HAL_DMA_Abort
 .text.HAL_DMA_Abort_IT
                0x080038f4       0x78 ./Drivers/STM32G0xx_HAL_Driver/Src/stm32g0xx_hal_dma.o
                0x080038f4                HAL_DMA_Abort_IT
 .text.HAL_DMA_IRQHandler
                0x0800396c       0xb8 ./Drivers/STM32G0xx_HAL_Driver/Src/stm32g0xx_hal_dma.o
                0x0800396c                HAL_DMA_IRQHandler
 .text.HAL_GPIO_Init
                0x08003a24      0x1e4 ./Drivers/STM32G0xx_HAL_Driver/Src/stm32g0xx_hal_gpio.o
                0x08003a24                HAL_GPIO_Init
 .text.HAL_GPIO_ReadPin
                0x08003c08        0xc ./Drivers/STM32G0xx_HAL_Driver/Src/stm32g0xx_hal_gpio.o
                0x08003c08                HAL_GPIO_ReadPin
 .text.HAL_GPIO_WritePin
                0x08003c14        0xc ./Drivers/STM32G0xx_HAL_Driver/Src/stm32g0xx_hal_gpio.o
                0x08003c14                HAL_GPIO_WritePin
 .text.HAL_GPIO_EXTI_IRQHandler
                0x08003c20       0x34 ./Drivers/STM32G0xx_HAL_Driver/Src/stm32g0xx_hal_gpio.o
                0x08003c20                HAL_GPIO_EXTI_IRQHandler
 .text.HAL_LPTIM_DirectionDownCallback
                0x08003c54        0x4 ./Drivers/STM32G0xx_HAL_Driver/Src/stm32g0xx_hal_lptim.o
                0x08003c54                HAL_LPTIM_DirectionDownCallback
 .text.HAL_LPTIM_CompareMatchCallback
                0x08003c58        0x4 ./Drivers/STM32G0xx_HAL_Driver/Src/stm32g0xx_hal_lptim.o
                0x08003c58                HAL_LPTIM_CompareMatchCallback
 .text.HAL_LPTIM_AutoReloadMatchCallback
                0x08003c5c        0x4 ./Drivers/STM32G0xx_HAL_Driver/Src/stm32g0xx_hal_lptim.o
                0x08003c5c                HAL_LPTIM_AutoReloadMatchCallback
 .text.HAL_LPTIM_TriggerCallback
                0x08003c60        0x4 ./Drivers/STM32G0xx_HAL_Driver/Src/stm32g0xx_hal_lptim.o
                0x08003c60                HAL_LPTIM_TriggerCallback
 .text.HAL_LPTIM_CompareWriteCallback
                0x08003c64        0x4 ./Drivers/STM32G0xx_HAL_Driver/Src/stm32g0xx_hal_lptim.o
                0x08003c64                HAL_LPTIM_CompareWriteCallback
 .text.HAL_LPTIM_AutoReloadWriteCallback
                0x08003c68        0x4 ./Drivers/STM32G0xx_HAL_Driver/Src/stm32g0xx_hal_lptim.o
                0x08003c68                HAL_LPTIM_AutoReloadWriteCallback
 .text.HAL_LPTIM_DirectionUpCallback
                0x08003c6c        0x4 ./Drivers/STM32G0xx_HAL_Driver/Src/stm32g0xx_hal_lptim.o
                0x08003c6c                HAL_LPTIM_DirectionUpCallback
 .text.HAL_LPTIM_Init
                0x08003c70      0x108 ./Drivers/STM32G0xx_HAL_Driver/Src/stm32g0xx_hal_lptim.o
                0x08003c70                HAL_LPTIM_Init
 .text.HAL_LPTIM_IRQHandler
                0x08003d78       0xb8 ./Drivers/STM32G0xx_HAL_Driver/Src/stm32g0xx_hal_lptim.o
                0x08003d78                HAL_LPTIM_IRQHandler
 .text.HAL_LPTIM_RegisterCallback
                0x08003e30       0x70 ./Drivers/STM32G0xx_HAL_Driver/Src/stm32g0xx_hal_lptim.o
                0x08003e30                HAL_LPTIM_RegisterCallback
 .text.LPTIM_Disable
                0x08003ea0      0x1c8 ./Drivers/STM32G0xx_HAL_Driver/Src/stm32g0xx_hal_lptim.o
                0x08003ea0                LPTIM_Disable
 .text.HAL_LPTIM_SetOnce_Start_IT
                0x08004068       0xc8 ./Drivers/STM32G0xx_HAL_Driver/Src/stm32g0xx_hal_lptim.o
                0x08004068                HAL_LPTIM_SetOnce_Start_IT
 .text.HAL_PWREx_ControlVoltageScaling
                0x08004130       0x60 ./Drivers/STM32G0xx_HAL_Driver/Src/stm32g0xx_hal_pwr_ex.o
                0x08004130                HAL_PWREx_ControlVoltageScaling
 .text.HAL_RCC_OscConfig
                0x08004190      0x4d0 ./Drivers/STM32G0xx_HAL_Driver/Src/stm32g0xx_hal_rcc.o
                0x08004190                HAL_RCC_OscConfig
 .text.HAL_RCC_GetSysClockFreq
                0x08004660       0x9c ./Drivers/STM32G0xx_HAL_Driver/Src/stm32g0xx_hal_rcc.o
                0x08004660                HAL_RCC_GetSysClockFreq
 .text.HAL_RCC_ClockConfig
                0x080046fc      0x190 ./Drivers/STM32G0xx_HAL_Driver/Src/stm32g0xx_hal_rcc.o
                0x080046fc                HAL_RCC_ClockConfig
 .text.HAL_RCC_GetPCLK1Freq
                0x0800488c       0x28 ./Drivers/STM32G0xx_HAL_Driver/Src/stm32g0xx_hal_rcc.o
                0x0800488c                HAL_RCC_GetPCLK1Freq
 .text.HAL_RCCEx_PeriphCLKConfig
                0x080048b4      0x1f0 ./Drivers/STM32G0xx_HAL_Driver/Src/stm32g0xx_hal_rcc_ex.o
                0x080048b4                HAL_RCCEx_PeriphCLKConfig
 .text.HAL_TIM_OC_MspInit
                0x08004aa4        0x4 ./Drivers/STM32G0xx_HAL_Driver/Src/stm32g0xx_hal_tim.o
                0x08004aa4                HAL_TIM_OC_MspInit
 .text.HAL_TIM_PWM_MspInit
                0x08004aa8        0x4 ./Drivers/STM32G0xx_HAL_Driver/Src/stm32g0xx_hal_tim.o
                0x08004aa8                HAL_TIM_PWM_MspInit
 .text.HAL_TIM_IC_MspInit
                0x08004aac        0x4 ./Drivers/STM32G0xx_HAL_Driver/Src/stm32g0xx_hal_tim.o
                0x08004aac                HAL_TIM_IC_MspInit
 .text.HAL_TIM_PeriodElapsedCallback
                0x08004ab0        0x4 ./Drivers/STM32G0xx_HAL_Driver/Src/stm32g0xx_hal_tim.o
                0x08004ab0                HAL_TIM_PeriodElapsedCallback
 .text.HAL_TIM_PeriodElapsedHalfCpltCallback
                0x08004ab4        0x4 ./Drivers/STM32G0xx_HAL_Driver/Src/stm32g0xx_hal_tim.o
                0x08004ab4                HAL_TIM_PeriodElapsedHalfCpltCallback
 .text.HAL_TIM_OC_DelayElapsedCallback
                0x08004ab8        0x4 ./Drivers/STM32G0xx_HAL_Driver/Src/stm32g0xx_hal_tim.o
                0x08004ab8                HAL_TIM_OC_DelayElapsedCallback
 .text.HAL_TIM_IC_CaptureCallback
                0x08004abc        0x4 ./Drivers/STM32G0xx_HAL_Driver/Src/stm32g0xx_hal_tim.o
                0x08004abc                HAL_TIM_IC_CaptureCallback
 .text.HAL_TIM_IC_CaptureHalfCpltCallback
                0x08004ac0        0x4 ./Drivers/STM32G0xx_HAL_Driver/Src/stm32g0xx_hal_tim.o
                0x08004ac0                HAL_TIM_IC_CaptureHalfCpltCallback
 .text.HAL_TIM_PWM_PulseFinishedCallback
                0x08004ac4        0x4 ./Drivers/STM32G0xx_HAL_Driver/Src/stm32g0xx_hal_tim.o
                0x08004ac4                HAL_TIM_PWM_PulseFinishedCallback
 .text.HAL_TIM_PWM_PulseFinishedHalfCpltCallback
                0x08004ac8        0x4 ./Drivers/STM32G0xx_HAL_Driver/Src/stm32g0xx_hal_tim.o
                0x08004ac8                HAL_TIM_PWM_PulseFinishedHalfCpltCallback
 .text.HAL_TIM_TriggerCallback
                0x08004acc        0x4 ./Drivers/STM32G0xx_HAL_Driver/Src/stm32g0xx_hal_tim.o
                0x08004acc                HAL_TIM_TriggerCallback
 .text.HAL_TIM_TriggerHalfCpltCallback
                0x08004ad0        0x4 ./Drivers/STM32G0xx_HAL_Driver/Src/stm32g0xx_hal_tim.o
                0x08004ad0                HAL_TIM_TriggerHalfCpltCallback
 .text.HAL_TIM_ErrorCallback
                0x08004ad4        0x4 ./Drivers/STM32G0xx_HAL_Driver/Src/stm32g0xx_hal_tim.o
                0x08004ad4                HAL_TIM_ErrorCallback
 .text.HAL_TIM_Base_Init
                0x08004ad8      0x190 ./Drivers/STM32G0xx_HAL_Driver/Src/stm32g0xx_hal_tim.o
                0x08004ad8                HAL_TIM_Base_Init
 .text.HAL_TIM_Base_Start
                0x08004c68       0x5c ./Drivers/STM32G0xx_HAL_Driver/Src/stm32g0xx_hal_tim.o
                0x08004c68                HAL_TIM_Base_Start
 .text.HAL_TIM_Base_Start_IT
                0x08004cc4       0x64 ./Drivers/STM32G0xx_HAL_Driver/Src/stm32g0xx_hal_tim.o
                0x08004cc4                HAL_TIM_Base_Start_IT
 .text.HAL_TIM_OC_Init
                0x08004d28      0x190 ./Drivers/STM32G0xx_HAL_Driver/Src/stm32g0xx_hal_tim.o
                0x08004d28                HAL_TIM_OC_Init
 .text.HAL_TIM_OC_Start_IT
                0x08004eb8      0x104 ./Drivers/STM32G0xx_HAL_Driver/Src/stm32g0xx_hal_tim.o
                0x08004eb8                HAL_TIM_OC_Start_IT
 .text.HAL_TIM_OC_Stop_IT
                0x08004fbc      0x100 ./Drivers/STM32G0xx_HAL_Driver/Src/stm32g0xx_hal_tim.o
                0x08004fbc                HAL_TIM_OC_Stop_IT
 .text.HAL_TIM_PWM_Init
                0x080050bc      0x190 ./Drivers/STM32G0xx_HAL_Driver/Src/stm32g0xx_hal_tim.o
                0x080050bc                HAL_TIM_PWM_Init
 .text.HAL_TIM_PWM_Start
                0x0800524c       0xd0 ./Drivers/STM32G0xx_HAL_Driver/Src/stm32g0xx_hal_tim.o
                0x0800524c                HAL_TIM_PWM_Start
 .text.HAL_TIM_IC_Init
                0x0800531c      0x190 ./Drivers/STM32G0xx_HAL_Driver/Src/stm32g0xx_hal_tim.o
                0x0800531c                HAL_TIM_IC_Init
 .text.HAL_TIM_IC_Start_IT
                0x080054ac      0x168 ./Drivers/STM32G0xx_HAL_Driver/Src/stm32g0xx_hal_tim.o
                0x080054ac                HAL_TIM_IC_Start_IT
 .text.HAL_TIM_IRQHandler
                0x08005614      0x1b4 ./Drivers/STM32G0xx_HAL_Driver/Src/stm32g0xx_hal_tim.o
                0x08005614                HAL_TIM_IRQHandler
 .text.HAL_TIM_OC_ConfigChannel
                0x080057c8      0x2a4 ./Drivers/STM32G0xx_HAL_Driver/Src/stm32g0xx_hal_tim.o
                0x080057c8                HAL_TIM_OC_ConfigChannel
 .text.HAL_TIM_IC_ConfigChannel
                0x08005a6c      0x1bc ./Drivers/STM32G0xx_HAL_Driver/Src/stm32g0xx_hal_tim.o
                0x08005a6c                HAL_TIM_IC_ConfigChannel
 .text.HAL_TIM_PWM_ConfigChannel
                0x08005c28      0x348 ./Drivers/STM32G0xx_HAL_Driver/Src/stm32g0xx_hal_tim.o
                0x08005c28                HAL_TIM_PWM_ConfigChannel
 .text.HAL_TIM_ConfigClockSource
                0x08005f70      0x170 ./Drivers/STM32G0xx_HAL_Driver/Src/stm32g0xx_hal_tim.o
                0x08005f70                HAL_TIM_ConfigClockSource
 .text.HAL_TIM_ReadCapturedValue
                0x080060e0       0x30 ./Drivers/STM32G0xx_HAL_Driver/Src/stm32g0xx_hal_tim.o
                0x080060e0                HAL_TIM_ReadCapturedValue
 .text.HAL_TIM_RegisterCallback
                0x08006110      0x104 ./Drivers/STM32G0xx_HAL_Driver/Src/stm32g0xx_hal_tim.o
                0x08006110                HAL_TIM_RegisterCallback
 .text.HAL_TIMEx_MasterConfigSynchronization
                0x08006214       0x70 ./Drivers/STM32G0xx_HAL_Driver/Src/stm32g0xx_hal_tim_ex.o
                0x08006214                HAL_TIMEx_MasterConfigSynchronization
 .text.HAL_TIMEx_ConfigBreakDeadTime
                0x08006284       0xc0 ./Drivers/STM32G0xx_HAL_Driver/Src/stm32g0xx_hal_tim_ex.o
                0x08006284                HAL_TIMEx_ConfigBreakDeadTime
 .text.HAL_TIMEx_CommutCallback
                0x08006344        0x4 ./Drivers/STM32G0xx_HAL_Driver/Src/stm32g0xx_hal_tim_ex.o
                0x08006344                HAL_TIMEx_CommutCallback
 .text.HAL_TIMEx_CommutHalfCpltCallback
                0x08006348        0x4 ./Drivers/STM32G0xx_HAL_Driver/Src/stm32g0xx_hal_tim_ex.o
                0x08006348                HAL_TIMEx_CommutHalfCpltCallback
 .text.HAL_TIMEx_BreakCallback
                0x0800634c        0x4 ./Drivers/STM32G0xx_HAL_Driver/Src/stm32g0xx_hal_tim_ex.o
                0x0800634c                HAL_TIMEx_BreakCallback
 .text.HAL_TIMEx_Break2Callback
                0x08006350        0x4 ./Drivers/STM32G0xx_HAL_Driver/Src/stm32g0xx_hal_tim_ex.o
                0x08006350                HAL_TIMEx_Break2Callback
 .text.HAL_UARTEx_RxEventCallback
                0x08006354        0x4 ./Drivers/STM32G0xx_HAL_Driver/Src/stm32g0xx_hal_uart.o
                0x08006354                HAL_UARTEx_RxEventCallback
 .text.UART_DMAReceiveCplt
                0x08006358       0xa0 ./Drivers/STM32G0xx_HAL_Driver/Src/stm32g0xx_hal_uart.o
 .text.UART_DMARxHalfCplt
                0x080063f8       0x24 ./Drivers/STM32G0xx_HAL_Driver/Src/stm32g0xx_hal_uart.o
 .text.UART_DMAAbortOnError
                0x0800641c       0x18 ./Drivers/STM32G0xx_HAL_Driver/Src/stm32g0xx_hal_uart.o
 .text.HAL_UART_AbortReceiveCpltCallback
                0x08006434        0x4 ./Drivers/STM32G0xx_HAL_Driver/Src/stm32g0xx_hal_uart.o
                0x08006434                HAL_UART_AbortReceiveCpltCallback
 .text.HAL_UART_TxCpltCallback
                0x08006438        0x4 ./Drivers/STM32G0xx_HAL_Driver/Src/stm32g0xx_hal_uart.o
                0x08006438                HAL_UART_TxCpltCallback
 .text.HAL_UART_TxHalfCpltCallback
                0x0800643c        0x4 ./Drivers/STM32G0xx_HAL_Driver/Src/stm32g0xx_hal_uart.o
                0x0800643c                HAL_UART_TxHalfCpltCallback
 .text.HAL_UART_RxCpltCallback
                0x08006440        0x4 ./Drivers/STM32G0xx_HAL_Driver/Src/stm32g0xx_hal_uart.o
                0x08006440                HAL_UART_RxCpltCallback
 .text.HAL_UART_RxHalfCpltCallback
                0x08006444        0x4 ./Drivers/STM32G0xx_HAL_Driver/Src/stm32g0xx_hal_uart.o
                0x08006444                HAL_UART_RxHalfCpltCallback
 .text.HAL_UART_ErrorCallback
                0x08006448        0x4 ./Drivers/STM32G0xx_HAL_Driver/Src/stm32g0xx_hal_uart.o
                0x08006448                HAL_UART_ErrorCallback
 .text.HAL_UART_AbortCpltCallback
                0x0800644c        0x4 ./Drivers/STM32G0xx_HAL_Driver/Src/stm32g0xx_hal_uart.o
                0x0800644c                HAL_UART_AbortCpltCallback
 .text.HAL_UART_AbortTransmitCpltCallback
                0x08006450        0x4 ./Drivers/STM32G0xx_HAL_Driver/Src/stm32g0xx_hal_uart.o
                0x08006450                HAL_UART_AbortTransmitCpltCallback
 .text.UART_DMAError
                0x08006454       0xdc ./Drivers/STM32G0xx_HAL_Driver/Src/stm32g0xx_hal_uart.o
 .text.HAL_UART_RegisterCallback
                0x08006530       0xa4 ./Drivers/STM32G0xx_HAL_Driver/Src/stm32g0xx_hal_uart.o
                0x08006530                HAL_UART_RegisterCallback
 .text.HAL_UART_Receive_DMA
                0x080065d4      0x100 ./Drivers/STM32G0xx_HAL_Driver/Src/stm32g0xx_hal_uart.o
                0x080065d4                HAL_UART_Receive_DMA
 .text.HAL_UART_IRQHandler
                0x080066d4      0x3cc ./Drivers/STM32G0xx_HAL_Driver/Src/stm32g0xx_hal_uart.o
                0x080066d4                HAL_UART_IRQHandler
 .text.UART_AdvFeatureConfig
                0x08006aa0       0xd0 ./Drivers/STM32G0xx_HAL_Driver/Src/stm32g0xx_hal_uart.o
                0x08006aa0                UART_AdvFeatureConfig
 .text.UART_CheckIdleState
                0x08006b70      0x2ac ./Drivers/STM32G0xx_HAL_Driver/Src/stm32g0xx_hal_uart.o
                0x08006b70                UART_CheckIdleState
 .text.HAL_UART_Init
                0x08006e1c      0x324 ./Drivers/STM32G0xx_HAL_Driver/Src/stm32g0xx_hal_uart.o
                0x08006e1c                HAL_UART_Init
 .text.HAL_UARTEx_WakeupCallback
                0x08007140        0x4 ./Drivers/STM32G0xx_HAL_Driver/Src/stm32g0xx_hal_uart_ex.o
                0x08007140                HAL_UARTEx_WakeupCallback
 .text.HAL_UARTEx_RxFifoFullCallback
                0x08007144        0x4 ./Drivers/STM32G0xx_HAL_Driver/Src/stm32g0xx_hal_uart_ex.o
                0x08007144                HAL_UARTEx_RxFifoFullCallback
 .text.HAL_UARTEx_TxFifoEmptyCallback
                0x08007148        0x4 ./Drivers/STM32G0xx_HAL_Driver/Src/stm32g0xx_hal_uart_ex.o
                0x08007148                HAL_UARTEx_TxFifoEmptyCallback
 .text.memset   0x0800714c       0x10 /Applications/STM32CubeIDE.app/Contents/Eclipse/plugins/com.st.stm32cube.ide.mcu.externaltools.gnu-tools-for-stm32.12.3.rel1.macos64_1.1.0.202410301201/tools/bin/../lib/gcc/arm-none-eabi/12.3.1/../../../../arm-none-eabi/lib/thumb/v6-m/nofp/libc_nano.a(libc_a-memset.o)
                0x0800714c                memset
 .text.__libc_init_array
                0x0800715c       0x48 /Applications/STM32CubeIDE.app/Contents/Eclipse/plugins/com.st.stm32cube.ide.mcu.externaltools.gnu-tools-for-stm32.12.3.rel1.macos64_1.1.0.202410301201/tools/bin/../lib/gcc/arm-none-eabi/12.3.1/../../../../arm-none-eabi/lib/thumb/v6-m/nofp/libc_nano.a(libc_a-init.o)
                0x0800715c                __libc_init_array
 .text.memcpy   0x080071a4       0x12 /Applications/STM32CubeIDE.app/Contents/Eclipse/plugins/com.st.stm32cube.ide.mcu.externaltools.gnu-tools-for-stm32.12.3.rel1.macos64_1.1.0.202410301201/tools/bin/../lib/gcc/arm-none-eabi/12.3.1/../../../../arm-none-eabi/lib/thumb/v6-m/nofp/libc_nano.a(libc_a-memcpy-stub.o)
                0x080071a4                memcpy
 *(.glue_7)
 .glue_7        0x080071b6        0x0 linker stubs
 *(.glue_7t)
 .glue_7t       0x080071b6        0x0 linker stubs
 *(.eh_frame)
 *fill*         0x080071b6        0x2 
 .eh_frame      0x080071b8        0x0 /Applications/STM32CubeIDE.app/Contents/Eclipse/plugins/com.st.stm32cube.ide.mcu.externaltools.gnu-tools-for-stm32.12.3.rel1.macos64_1.1.0.202410301201/tools/bin/../lib/gcc/arm-none-eabi/12.3.1/thumb/v6-m/nofp/crtbegin.o
 *(.init)
 .init          0x080071b8        0x4 /Applications/STM32CubeIDE.app/Contents/Eclipse/plugins/com.st.stm32cube.ide.mcu.externaltools.gnu-tools-for-stm32.12.3.rel1.macos64_1.1.0.202410301201/tools/bin/../lib/gcc/arm-none-eabi/12.3.1/thumb/v6-m/nofp/crti.o
                0x080071b8                _init
 .init          0x080071bc        0x8 /Applications/STM32CubeIDE.app/Contents/Eclipse/plugins/com.st.stm32cube.ide.mcu.externaltools.gnu-tools-for-stm32.12.3.rel1.macos64_1.1.0.202410301201/tools/bin/../lib/gcc/arm-none-eabi/12.3.1/thumb/v6-m/nofp/crtn.o
 *(.fini)
 .fini          0x080071c4        0x4 /Applications/STM32CubeIDE.app/Contents/Eclipse/plugins/com.st.stm32cube.ide.mcu.externaltools.gnu-tools-for-stm32.12.3.rel1.macos64_1.1.0.202410301201/tools/bin/../lib/gcc/arm-none-eabi/12.3.1/thumb/v6-m/nofp/crti.o
                0x080071c4                _fini
 .fini          0x080071c8        0x8 /Applications/STM32CubeIDE.app/Contents/Eclipse/plugins/com.st.stm32cube.ide.mcu.externaltools.gnu-tools-for-stm32.12.3.rel1.macos64_1.1.0.202410301201/tools/bin/../lib/gcc/arm-none-eabi/12.3.1/thumb/v6-m/nofp/crtn.o
                0x080071d0                        . = ALIGN (0x4)
                0x080071d0                        _etext = .

.vfp11_veneer   0x080071d0        0x0
 .vfp11_veneer  0x080071d0        0x0 linker stubs

.v4_bx          0x080071d0        0x0
 .v4_bx         0x080071d0        0x0 linker stubs

.iplt           0x080071d0        0x0
 .iplt          0x080071d0        0x0 /Applications/STM32CubeIDE.app/Contents/Eclipse/plugins/com.st.stm32cube.ide.mcu.externaltools.gnu-tools-for-stm32.12.3.rel1.macos64_1.1.0.202410301201/tools/bin/../lib/gcc/arm-none-eabi/12.3.1/thumb/v6-m/nofp/crtbegin.o

.rodata         0x080071d0      0xb6c
                0x080071d0                        . = ALIGN (0x4)
 *(.rodata)
 *(.rodata*)
 .rodata.factory_preset_3
                0x080071d0        0x5 ./Core/Src/CC_and_PC.o
                0x080071d0                factory_preset_3
 *fill*         0x080071d5        0x3 
 .rodata.factory_preset_2
                0x080071d8        0x5 ./Core/Src/CC_and_PC.o
                0x080071d8                factory_preset_2
 *fill*         0x080071dd        0x3 
 .rodata.factory_preset_1
                0x080071e0        0x5 ./Core/Src/CC_and_PC.o
                0x080071e0                factory_preset_1
 *fill*         0x080071e5        0x3 
 .rodata.factory_preset_0
                0x080071e8        0x5 ./Core/Src/CC_and_PC.o
                0x080071e8                factory_preset_0
 .rodata.num_ADC_conversions
                0x080071ed        0x1 ./Core/Src/oscillator.o
                0x080071ed                num_ADC_conversions
 *fill*         0x080071ee        0x2 
 .rodata.tri_wavetable
                0x080071f0      0x400 ./Core/Src/oscillator.o
                0x080071f0                tri_wavetable
 .rodata.sine_wavetable
                0x080075f0      0x400 ./Core/Src/oscillator.o
                0x080075f0                sine_wavetable
 .rodata.APBPrescTable
                0x080079f0       0x20 ./Core/Src/system_stm32g0xx.o
                0x080079f0                APBPrescTable
 .rodata.AHBPrescTable
                0x08007a10       0x40 ./Core/Src/system_stm32g0xx.o
                0x08007a10                AHBPrescTable
 .rodata.HAL_ADC_RegisterCallback
                0x08007a50       0x2c ./Drivers/STM32G0xx_HAL_Driver/Src/stm32g0xx_hal_adc.o
 .rodata.HAL_LPTIM_RegisterCallback
                0x08007a7c       0x24 ./Drivers/STM32G0xx_HAL_Driver/Src/stm32g0xx_hal_lptim.o
 .rodata.HAL_TIM_OC_Start_IT
                0x08007aa0       0x44 ./Drivers/STM32G0xx_HAL_Driver/Src/stm32g0xx_hal_tim.o
 .rodata.HAL_TIM_PWM_Start
                0x08007ae4       0x44 ./Drivers/STM32G0xx_HAL_Driver/Src/stm32g0xx_hal_tim.o
 .rodata.HAL_TIM_IC_Start_IT
                0x08007b28       0x78 ./Drivers/STM32G0xx_HAL_Driver/Src/stm32g0xx_hal_tim.o
 .rodata.HAL_TIM_OC_ConfigChannel
                0x08007ba0       0x54 ./Drivers/STM32G0xx_HAL_Driver/Src/stm32g0xx_hal_tim.o
 .rodata.HAL_TIM_PWM_ConfigChannel
                0x08007bf4       0x54 ./Drivers/STM32G0xx_HAL_Driver/Src/stm32g0xx_hal_tim.o
 .rodata.HAL_TIM_RegisterCallback
                0x08007c48       0xa8 ./Drivers/STM32G0xx_HAL_Driver/Src/stm32g0xx_hal_tim.o
 .rodata.HAL_UART_RegisterCallback
                0x08007cf0       0x34 ./Drivers/STM32G0xx_HAL_Driver/Src/stm32g0xx_hal_uart.o
 .rodata.UARTPrescTable
                0x08007d24       0x18 ./Drivers/STM32G0xx_HAL_Driver/Src/stm32g0xx_hal_uart.o
                0x08007d24                UARTPrescTable
                0x08007d3c                        . = ALIGN (0x4)

.ARM.extab      0x08007d3c        0x0
                0x08007d3c                        . = ALIGN (0x4)
 *(.ARM.extab* .gnu.linkonce.armextab.*)
                0x08007d3c                        . = ALIGN (0x4)

.ARM            0x08007d3c        0x8
                0x08007d3c                        . = ALIGN (0x4)
                0x08007d3c                        __exidx_start = .
 *(.ARM.exidx*)
 .ARM.exidx     0x08007d3c        0x8 /Applications/STM32CubeIDE.app/Contents/Eclipse/plugins/com.st.stm32cube.ide.mcu.externaltools.gnu-tools-for-stm32.12.3.rel1.macos64_1.1.0.202410301201/tools/bin/../lib/gcc/arm-none-eabi/12.3.1/thumb/v6-m/nofp/libgcc.a(_udivmoddi4.o)
                0x08007d44                        __exidx_end = .
                0x08007d44                        . = ALIGN (0x4)

.preinit_array  0x08007d44        0x0
                0x08007d44                        . = ALIGN (0x4)
                0x08007d44                        PROVIDE (__preinit_array_start = .)
 *(.preinit_array*)
                0x08007d44                        PROVIDE (__preinit_array_end = .)
                0x08007d44                        . = ALIGN (0x4)

.init_array     0x08007d44        0x4
                0x08007d44                        . = ALIGN (0x4)
                0x08007d44                        PROVIDE (__init_array_start = .)
 *(SORT_BY_NAME(.init_array.*))
 *(.init_array*)
 .init_array    0x08007d44        0x4 /Applications/STM32CubeIDE.app/Contents/Eclipse/plugins/com.st.stm32cube.ide.mcu.externaltools.gnu-tools-for-stm32.12.3.rel1.macos64_1.1.0.202410301201/tools/bin/../lib/gcc/arm-none-eabi/12.3.1/thumb/v6-m/nofp/crtbegin.o
                0x08007d48                        PROVIDE (__init_array_end = .)
                0x08007d48                        . = ALIGN (0x4)

.fini_array     0x08007d48        0x4
                0x08007d48                        . = ALIGN (0x4)
                [!provide]                        PROVIDE (__fini_array_start = .)
 *(SORT_BY_NAME(.fini_array.*))
 *(.fini_array*)
 .fini_array    0x08007d48        0x4 /Applications/STM32CubeIDE.app/Contents/Eclipse/plugins/com.st.stm32cube.ide.mcu.externaltools.gnu-tools-for-stm32.12.3.rel1.macos64_1.1.0.202410301201/tools/bin/../lib/gcc/arm-none-eabi/12.3.1/thumb/v6-m/nofp/crtbegin.o
                [!provide]                        PROVIDE (__fini_array_end = .)
                0x08007d4c                        . = ALIGN (0x4)
                0x08007d4c                        _sidata = LOADADDR (.data)

.rel.dyn        0x08007d4c        0x0
 .rel.iplt      0x08007d4c        0x0 /Applications/STM32CubeIDE.app/Contents/Eclipse/plugins/com.st.stm32cube.ide.mcu.externaltools.gnu-tools-for-stm32.12.3.rel1.macos64_1.1.0.202410301201/tools/bin/../lib/gcc/arm-none-eabi/12.3.1/thumb/v6-m/nofp/crtbegin.o

.data           0x20000000      0x44c load address 0x08007d4c
                0x20000000                        . = ALIGN (0x4)
                0x20000000                        _sdata = .
 *(.data)
 *(.data*)
 .data.user_preset_3
                0x20000000        0x5 ./Core/Src/CC_and_PC.o
                0x20000000                user_preset_3
 *fill*         0x20000005        0x3 
 .data.user_preset_2
                0x20000008        0x5 ./Core/Src/CC_and_PC.o
                0x20000008                user_preset_2
 *fill*         0x2000000d        0x3 
 .data.user_preset_1
                0x20000010        0x5 ./Core/Src/CC_and_PC.o
                0x20000010                user_preset_1
 *fill*         0x20000015        0x3 
 .data.user_preset_0
                0x20000018        0x5 ./Core/Src/CC_and_PC.o
                0x20000018                user_preset_0
 .data.tap_tempo_switch_state_counter.1
                0x2000001d        0x1 ./Core/Src/checking_functions.o
 *fill*         0x2000001e        0x2 
 .data.delay_line
                0x20000020      0x408 ./Core/Src/oscillator.o
                0x20000020                delay_line
 .data.IP_CAP_fsm
                0x20000428        0x2 ./Core/Src/state_machine.o
                0x20000428                IP_CAP_fsm
 *fill*         0x2000042a        0x2 
 .data.phase_fsm
                0x2000042c        0x2 ./Core/Src/state_machine.o
                0x2000042c                phase_fsm
 *fill*         0x2000042e        0x2 
 .data.symmetry_fsm
                0x20000430        0x2 ./Core/Src/state_machine.o
                0x20000430                symmetry_fsm
 *fill*         0x20000432        0x2 
 .data.waveshape_fsm
                0x20000434        0x2 ./Core/Src/state_machine.o
                0x20000434                waveshape_fsm
 *fill*         0x20000436        0x2 
 .data.depth_fsm
                0x20000438        0x2 ./Core/Src/state_machine.o
                0x20000438                depth_fsm
 *fill*         0x2000043a        0x2 
 .data.speed_fsm
                0x2000043c        0x2 ./Core/Src/state_machine.o
                0x2000043c                speed_fsm
 *fill*         0x2000043e        0x2 
 .data.SystemCoreClock
                0x20000440        0x4 ./Core/Src/system_stm32g0xx.o
                0x20000440                SystemCoreClock
 .data.uwTickFreq
                0x20000444        0x1 ./Drivers/STM32G0xx_HAL_Driver/Src/stm32g0xx_hal.o
                0x20000444                uwTickFreq
 *fill*         0x20000445        0x3 
 .data.uwTickPrio
                0x20000448        0x4 ./Drivers/STM32G0xx_HAL_Driver/Src/stm32g0xx_hal.o
                0x20000448                uwTickPrio
 *(.RamFunc)
 *(.RamFunc*)
                0x2000044c                        . = ALIGN (0x4)
                0x2000044c                        _edata = .

.igot.plt       0x2000044c        0x0 load address 0x08008198
 .igot.plt      0x2000044c        0x0 /Applications/STM32CubeIDE.app/Contents/Eclipse/plugins/com.st.stm32cube.ide.mcu.externaltools.gnu-tools-for-stm32.12.3.rel1.macos64_1.1.0.202410301201/tools/bin/../lib/gcc/arm-none-eabi/12.3.1/thumb/v6-m/nofp/crtbegin.o
                0x2000044c                        . = ALIGN (0x4)

.bss            0x20000450      0x834 load address 0x08008198
                0x20000450                        _sbss = .
                0x20000450                        __bss_start__ = _sbss
 *(.bss)
 .bss           0x20000450       0x1c /Applications/STM32CubeIDE.app/Contents/Eclipse/plugins/com.st.stm32cube.ide.mcu.externaltools.gnu-tools-for-stm32.12.3.rel1.macos64_1.1.0.202410301201/tools/bin/../lib/gcc/arm-none-eabi/12.3.1/thumb/v6-m/nofp/crtbegin.o
 *(.bss*)
 .bss.user_presets_used_array
                0x2000046c        0x4 ./Core/Src/CC_and_PC.o
                0x2000046c                user_presets_used_array
 .bss.preset_selected
                0x20000470        0x1 ./Core/Src/CC_and_PC.o
                0x20000470                preset_selected
 *fill*         0x20000471        0x3 
 .bss.presets_converted_array
                0x20000474       0x28 ./Core/Src/CC_and_PC.o
                0x20000474                presets_converted_array
 .bss.user_presets_array
                0x2000049c       0x10 ./Core/Src/CC_and_PC.o
                0x2000049c                user_presets_array
 .bss.factory_presets_array
                0x200004ac       0x10 ./Core/Src/CC_and_PC.o
                0x200004ac                factory_presets_array
 .bss.rx_buffer
                0x200004bc        0x1 ./Core/Src/UART.o
                0x200004bc                rx_buffer
 .bss.extend_rising_edge.0
                0x200004bd        0x1 ./Core/Src/checking_functions.o
 .bss.second_speed_measurement.2
                0x200004be        0x2 ./Core/Src/checking_functions.o
 .bss.first_speed_measurement.3
                0x200004c0        0x2 ./Core/Src/checking_functions.o
 .bss.speed_pot_adc_measurement_num
                0x200004c2        0x1 ./Core/Src/checking_functions.o
                0x200004c2                speed_pot_adc_measurement_num
 *fill*         0x200004c3        0x5 
 .bss.hlptim1   0x200004c8       0x5c ./Core/Src/config.o
                0x200004c8                hlptim1
 .bss.hdma_usart2_tx
                0x20000524       0x5c ./Core/Src/config.o
                0x20000524                hdma_usart2_tx
 .bss.hdma_usart2_rx
                0x20000580       0x5c ./Core/Src/config.o
                0x20000580                hdma_usart2_rx
 .bss.huart2    0x200005dc       0xcc ./Core/Src/config.o
                0x200005dc                huart2
 .bss.htim1     0x200006a8       0xbc ./Core/Src/config.o
                0x200006a8                htim1
 .bss.htim3     0x20000764       0xbc ./Core/Src/config.o
                0x20000764                htim3
 .bss.htim2     0x20000820       0xbc ./Core/Src/config.o
                0x20000820                htim2
 .bss.htim16    0x200008dc       0xbc ./Core/Src/config.o
                0x200008dc                htim16
 .bss.htim17    0x20000998       0xbc ./Core/Src/config.o
                0x20000998                htim17
 .bss.htim14    0x20000a54       0xbc ./Core/Src/config.o
                0x20000a54                htim14
 .bss.hdma_adc1
                0x20000b10       0x5c ./Core/Src/config.o
                0x20000b10                hdma_adc1
 .bss.hadc1     0x20000b6c       0x88 ./Core/Src/config.o
                0x20000b6c                hadc1
 .bss.tap_tempo_switch_states.0
                0x20000bf4        0x2 ./Core/Src/custom_callbacks.o
 .bss.MIDI_CLK_tag
                0x20000bf6        0x1 ./Core/Src/input_capture.o
                0x20000bf6                MIDI_CLK_tag
 *fill*         0x20000bf7        0x1 
 .bss.interrupt_period
                0x20000bf8        0x2 ./Core/Src/input_capture.o
                0x20000bf8                interrupt_period
 *fill*         0x20000bfa        0x2 
 .bss.TIM2_ch1_input_capture_value
                0x20000bfc        0x4 ./Core/Src/input_capture.o
                0x20000bfc                TIM2_ch1_input_capture_value
 .bss.idle_counter
                0x20000c00        0x4 ./Core/Src/main.o
                0x20000c00                idle_counter
 .bss.statuses  0x20000c04        0x4 ./Core/Src/main.o
                0x20000c04                statuses
 .bss.params_working
                0x20000c08       0x22 ./Core/Src/oscillator.o
                0x20000c08                params_working
 *fill*         0x20000c2a        0x2 
 .bss.params_to_be_loaded
                0x20000c2c       0x22 ./Core/Src/oscillator.o
                0x20000c2c                params_to_be_loaded
 *fill*         0x20000c4e        0x2 
 .bss.params    0x20000c50       0x22 ./Core/Src/oscillator.o
                0x20000c50                params
 *fill*         0x20000c72        0x2 
 .bss.ADCResultsDMA
                0x20000c74        0xa ./Core/Src/oscillator.o
                0x20000c74                ADCResultsDMA
 .bss.MIDI_CLK_fsm
                0x20000c7e        0x1 ./Core/Src/state_machine.o
                0x20000c7e                MIDI_CLK_fsm
 *fill*         0x20000c7f        0x1 
 .bss.uwTick    0x20000c80        0x4 ./Drivers/STM32G0xx_HAL_Driver/Src/stm32g0xx_hal.o
                0x20000c80                uwTick
 *(COMMON)
                0x20000c84                        . = ALIGN (0x4)
                0x20000c84                        _ebss = .
                0x20000c84                        __bss_end__ = _ebss

._user_heap_stack
                0x20000c84      0x604 load address 0x08008198
                0x20000c88                        . = ALIGN (0x8)
 *fill*         0x20000c84        0x4 
                [!provide]                        PROVIDE (end = .)
                0x20000c88                        PROVIDE (_end = .)
                0x20000e88                        . = (. + _Min_Heap_Size)
 *fill*         0x20000c88      0x200 
                0x20001288                        . = (. + _Min_Stack_Size)
 *fill*         0x20000e88      0x400 
                0x20001288                        . = ALIGN (0x8)

/DISCARD/
 libc.a(*)
 libm.a(*)
 libgcc.a(*)

.ARM.attributes
                0x00000000       0x28
 *(.ARM.attributes)
 .ARM.attributes
                0x00000000       0x1e /Applications/STM32CubeIDE.app/Contents/Eclipse/plugins/com.st.stm32cube.ide.mcu.externaltools.gnu-tools-for-stm32.12.3.rel1.macos64_1.1.0.202410301201/tools/bin/../lib/gcc/arm-none-eabi/12.3.1/thumb/v6-m/nofp/crti.o
 .ARM.attributes
                0x0000001e       0x2c /Applications/STM32CubeIDE.app/Contents/Eclipse/plugins/com.st.stm32cube.ide.mcu.externaltools.gnu-tools-for-stm32.12.3.rel1.macos64_1.1.0.202410301201/tools/bin/../lib/gcc/arm-none-eabi/12.3.1/thumb/v6-m/nofp/crtbegin.o
 .ARM.attributes
                0x0000004a       0x28 ./Core/Src/CC_and_PC.o
 .ARM.attributes
                0x00000072       0x28 ./Core/Src/UART.o
 .ARM.attributes
                0x0000009a       0x28 ./Core/Src/checking_functions.o
 .ARM.attributes
                0x000000c2       0x28 ./Core/Src/config.o
 .ARM.attributes
                0x000000ea       0x28 ./Core/Src/custom_callbacks.o
 .ARM.attributes
                0x00000112       0x28 ./Core/Src/input_capture.o
 .ARM.attributes
                0x0000013a       0x28 ./Core/Src/main.o
 .ARM.attributes
                0x00000162       0x28 ./Core/Src/oscillator.o
 .ARM.attributes
                0x0000018a       0x28 ./Core/Src/startup.o
 .ARM.attributes
                0x000001b2       0x28 ./Core/Src/state_machine.o
 .ARM.attributes
                0x000001da       0x28 ./Core/Src/stm32g0xx_hal_msp.o
 .ARM.attributes
                0x00000202       0x28 ./Core/Src/stm32g0xx_it.o
 .ARM.attributes
                0x0000022a       0x28 ./Core/Src/symmetry_adjustment.o
 .ARM.attributes
                0x00000252       0x28 ./Core/Src/system_stm32g0xx.o
 .ARM.attributes
                0x0000027a       0x28 ./Core/Src/timers.o
 .ARM.attributes
                0x000002a2       0x28 ./Core/Src/utility.o
 .ARM.attributes
                0x000002ca       0x22 ./Core/Startup/startup_stm32g031k8tx.o
 .ARM.attributes
                0x000002ec       0x28 ./Drivers/STM32G0xx_HAL_Driver/Src/stm32g0xx_hal.o
 .ARM.attributes
                0x00000314       0x28 ./Drivers/STM32G0xx_HAL_Driver/Src/stm32g0xx_hal_adc.o
 .ARM.attributes
                0x0000033c       0x28 ./Drivers/STM32G0xx_HAL_Driver/Src/stm32g0xx_hal_adc_ex.o
 .ARM.attributes
                0x00000364       0x28 ./Drivers/STM32G0xx_HAL_Driver/Src/stm32g0xx_hal_cortex.o
 .ARM.attributes
                0x0000038c       0x28 ./Drivers/STM32G0xx_HAL_Driver/Src/stm32g0xx_hal_dma.o
 .ARM.attributes
                0x000003b4       0x28 ./Drivers/STM32G0xx_HAL_Driver/Src/stm32g0xx_hal_gpio.o
 .ARM.attributes
                0x000003dc       0x28 ./Drivers/STM32G0xx_HAL_Driver/Src/stm32g0xx_hal_lptim.o
 .ARM.attributes
                0x00000404       0x28 ./Drivers/STM32G0xx_HAL_Driver/Src/stm32g0xx_hal_pwr_ex.o
 .ARM.attributes
                0x0000042c       0x28 ./Drivers/STM32G0xx_HAL_Driver/Src/stm32g0xx_hal_rcc.o
 .ARM.attributes
                0x00000454       0x28 ./Drivers/STM32G0xx_HAL_Driver/Src/stm32g0xx_hal_rcc_ex.o
 .ARM.attributes
                0x0000047c       0x28 ./Drivers/STM32G0xx_HAL_Driver/Src/stm32g0xx_hal_tim.o
 .ARM.attributes
                0x000004a4       0x28 ./Drivers/STM32G0xx_HAL_Driver/Src/stm32g0xx_hal_tim_ex.o
 .ARM.attributes
                0x000004cc       0x28 ./Drivers/STM32G0xx_HAL_Driver/Src/stm32g0xx_hal_uart.o
 .ARM.attributes
                0x000004f4       0x28 ./Drivers/STM32G0xx_HAL_Driver/Src/stm32g0xx_hal_uart_ex.o
 .ARM.attributes
                0x0000051c       0x2c /Applications/STM32CubeIDE.app/Contents/Eclipse/plugins/com.st.stm32cube.ide.mcu.externaltools.gnu-tools-for-stm32.12.3.rel1.macos64_1.1.0.202410301201/tools/bin/../lib/gcc/arm-none-eabi/12.3.1/../../../../arm-none-eabi/lib/thumb/v6-m/nofp/libc_nano.a(libc_a-memset.o)
 .ARM.attributes
                0x00000548       0x2c /Applications/STM32CubeIDE.app/Contents/Eclipse/plugins/com.st.stm32cube.ide.mcu.externaltools.gnu-tools-for-stm32.12.3.rel1.macos64_1.1.0.202410301201/tools/bin/../lib/gcc/arm-none-eabi/12.3.1/../../../../arm-none-eabi/lib/thumb/v6-m/nofp/libc_nano.a(libc_a-init.o)
 .ARM.attributes
                0x00000574       0x2c /Applications/STM32CubeIDE.app/Contents/Eclipse/plugins/com.st.stm32cube.ide.mcu.externaltools.gnu-tools-for-stm32.12.3.rel1.macos64_1.1.0.202410301201/tools/bin/../lib/gcc/arm-none-eabi/12.3.1/../../../../arm-none-eabi/lib/thumb/v6-m/nofp/libc_nano.a(libc_a-memcpy-stub.o)
 .ARM.attributes
                0x000005a0       0x1e /Applications/STM32CubeIDE.app/Contents/Eclipse/plugins/com.st.stm32cube.ide.mcu.externaltools.gnu-tools-for-stm32.12.3.rel1.macos64_1.1.0.202410301201/tools/bin/../lib/gcc/arm-none-eabi/12.3.1/thumb/v6-m/nofp/libgcc.a(_udivsi3.o)
 .ARM.attributes
                0x000005be       0x1e /Applications/STM32CubeIDE.app/Contents/Eclipse/plugins/com.st.stm32cube.ide.mcu.externaltools.gnu-tools-for-stm32.12.3.rel1.macos64_1.1.0.202410301201/tools/bin/../lib/gcc/arm-none-eabi/12.3.1/thumb/v6-m/nofp/libgcc.a(_dvmd_tls.o)
 .ARM.attributes
                0x000005dc       0x1e /Applications/STM32CubeIDE.app/Contents/Eclipse/plugins/com.st.stm32cube.ide.mcu.externaltools.gnu-tools-for-stm32.12.3.rel1.macos64_1.1.0.202410301201/tools/bin/../lib/gcc/arm-none-eabi/12.3.1/thumb/v6-m/nofp/libgcc.a(_aeabi_uldivmod.o)
 .ARM.attributes
                0x000005fa       0x2c /Applications/STM32CubeIDE.app/Contents/Eclipse/plugins/com.st.stm32cube.ide.mcu.externaltools.gnu-tools-for-stm32.12.3.rel1.macos64_1.1.0.202410301201/tools/bin/../lib/gcc/arm-none-eabi/12.3.1/thumb/v6-m/nofp/libgcc.a(_udivmoddi4.o)
 .ARM.attributes
                0x00000626       0x1e /Applications/STM32CubeIDE.app/Contents/Eclipse/plugins/com.st.stm32cube.ide.mcu.externaltools.gnu-tools-for-stm32.12.3.rel1.macos64_1.1.0.202410301201/tools/bin/../lib/gcc/arm-none-eabi/12.3.1/thumb/v6-m/nofp/libgcc.a(_clzdi2.o)
 .ARM.attributes
                0x00000644       0x1e /Applications/STM32CubeIDE.app/Contents/Eclipse/plugins/com.st.stm32cube.ide.mcu.externaltools.gnu-tools-for-stm32.12.3.rel1.macos64_1.1.0.202410301201/tools/bin/../lib/gcc/arm-none-eabi/12.3.1/thumb/v6-m/nofp/libgcc.a(_clzsi2.o)
 .ARM.attributes
                0x00000662       0x1e /Applications/STM32CubeIDE.app/Contents/Eclipse/plugins/com.st.stm32cube.ide.mcu.externaltools.gnu-tools-for-stm32.12.3.rel1.macos64_1.1.0.202410301201/tools/bin/../lib/gcc/arm-none-eabi/12.3.1/thumb/v6-m/nofp/crtn.o
OUTPUT(g031k8.elf elf32-littlearm)
LOAD linker stubs
LOAD /Applications/STM32CubeIDE.app/Contents/Eclipse/plugins/com.st.stm32cube.ide.mcu.externaltools.gnu-tools-for-stm32.12.3.rel1.macos64_1.1.0.202410301201/tools/bin/../lib/gcc/arm-none-eabi/12.3.1/../../../../arm-none-eabi/lib/thumb/v6-m/nofp/libc.a
LOAD /Applications/STM32CubeIDE.app/Contents/Eclipse/plugins/com.st.stm32cube.ide.mcu.externaltools.gnu-tools-for-stm32.12.3.rel1.macos64_1.1.0.202410301201/tools/bin/../lib/gcc/arm-none-eabi/12.3.1/../../../../arm-none-eabi/lib/thumb/v6-m/nofp/libm.a
LOAD /Applications/STM32CubeIDE.app/Contents/Eclipse/plugins/com.st.stm32cube.ide.mcu.externaltools.gnu-tools-for-stm32.12.3.rel1.macos64_1.1.0.202410301201/tools/bin/../lib/gcc/arm-none-eabi/12.3.1/thumb/v6-m/nofp/libgcc.a

.debug_info     0x00000000    0x2a33e
 .debug_info    0x00000000     0x1038 ./Core/Src/CC_and_PC.o
 .debug_info    0x00001038      0x92c ./Core/Src/UART.o
 .debug_info    0x00001964      0x5ce ./Core/Src/checking_functions.o
 .debug_info    0x00001f32     0x382c ./Core/Src/config.o
 .debug_info    0x0000575e     0x2815 ./Core/Src/custom_callbacks.o
 .debug_info    0x00007f73      0xf13 ./Core/Src/input_capture.o
 .debug_info    0x00008e86      0x498 ./Core/Src/main.o
 .debug_info    0x0000931e      0xf4f ./Core/Src/oscillator.o
 .debug_info    0x0000a26d     0x18ac ./Core/Src/startup.o
 .debug_info    0x0000bb19      0x2cf ./Core/Src/state_machine.o
 .debug_info    0x0000bde8     0x2113 ./Core/Src/stm32g0xx_hal_msp.o
 .debug_info    0x0000defb     0x12d1 ./Core/Src/stm32g0xx_it.o
 .debug_info    0x0000f1cc      0x544 ./Core/Src/symmetry_adjustment.o
 .debug_info    0x0000f710      0x34e ./Core/Src/system_stm32g0xx.o
 .debug_info    0x0000fa5e      0xa48 ./Core/Src/timers.o
 .debug_info    0x000104a6      0x2de ./Core/Src/utility.o
 .debug_info    0x00010784       0x30 ./Core/Startup/startup_stm32g031k8tx.o
 .debug_info    0x000107b4      0xb3c ./Drivers/STM32G0xx_HAL_Driver/Src/stm32g0xx_hal.o
 .debug_info    0x000112f0     0x23a8 ./Drivers/STM32G0xx_HAL_Driver/Src/stm32g0xx_hal_adc.o
 .debug_info    0x00013698      0xd8e ./Drivers/STM32G0xx_HAL_Driver/Src/stm32g0xx_hal_adc_ex.o
 .debug_info    0x00014426      0xa40 ./Drivers/STM32G0xx_HAL_Driver/Src/stm32g0xx_hal_cortex.o
 .debug_info    0x00014e66      0xab0 ./Drivers/STM32G0xx_HAL_Driver/Src/stm32g0xx_hal_dma.o
 .debug_info    0x00015916      0x5ef ./Drivers/STM32G0xx_HAL_Driver/Src/stm32g0xx_hal_gpio.o
 .debug_info    0x00015f05     0x1c86 ./Drivers/STM32G0xx_HAL_Driver/Src/stm32g0xx_hal_lptim.o
 .debug_info    0x00017b8b      0x7ef ./Drivers/STM32G0xx_HAL_Driver/Src/stm32g0xx_hal_pwr_ex.o
 .debug_info    0x0001837a      0xdc8 ./Drivers/STM32G0xx_HAL_Driver/Src/stm32g0xx_hal_rcc.o
 .debug_info    0x00019142      0x854 ./Drivers/STM32G0xx_HAL_Driver/Src/stm32g0xx_hal_rcc_ex.o
 .debug_info    0x00019996     0x5491 ./Drivers/STM32G0xx_HAL_Driver/Src/stm32g0xx_hal_tim.o
 .debug_info    0x0001ee27     0x2151 ./Drivers/STM32G0xx_HAL_Driver/Src/stm32g0xx_hal_tim_ex.o
 .debug_info    0x00020f78     0x7f18 ./Drivers/STM32G0xx_HAL_Driver/Src/stm32g0xx_hal_uart.o
 .debug_info    0x00028e90     0x14ae ./Drivers/STM32G0xx_HAL_Driver/Src/stm32g0xx_hal_uart_ex.o

.debug_abbrev   0x00000000     0x5302
 .debug_abbrev  0x00000000      0x3b3 ./Core/Src/CC_and_PC.o
 .debug_abbrev  0x000003b3      0x1b9 ./Core/Src/UART.o
 .debug_abbrev  0x0000056c      0x1fe ./Core/Src/checking_functions.o
 .debug_abbrev  0x0000076a      0x36b ./Core/Src/config.o
 .debug_abbrev  0x00000ad5      0x395 ./Core/Src/custom_callbacks.o
 .debug_abbrev  0x00000e6a      0x36d ./Core/Src/input_capture.o
 .debug_abbrev  0x000011d7      0x196 ./Core/Src/main.o
 .debug_abbrev  0x0000136d      0x2ca ./Core/Src/oscillator.o
 .debug_abbrev  0x00001637      0x297 ./Core/Src/startup.o
 .debug_abbrev  0x000018ce       0xff ./Core/Src/state_machine.o
 .debug_abbrev  0x000019cd      0x2ae ./Core/Src/stm32g0xx_hal_msp.o
 .debug_abbrev  0x00001c7b      0x23d ./Core/Src/stm32g0xx_it.o
 .debug_abbrev  0x00001eb8      0x1b4 ./Core/Src/symmetry_adjustment.o
 .debug_abbrev  0x0000206c      0x148 ./Core/Src/system_stm32g0xx.o
 .debug_abbrev  0x000021b4      0x21c ./Core/Src/timers.o
 .debug_abbrev  0x000023d0      0x186 ./Core/Src/utility.o
 .debug_abbrev  0x00002556       0x24 ./Core/Startup/startup_stm32g031k8tx.o
 .debug_abbrev  0x0000257a      0x341 ./Drivers/STM32G0xx_HAL_Driver/Src/stm32g0xx_hal.o
 .debug_abbrev  0x000028bb      0x370 ./Drivers/STM32G0xx_HAL_Driver/Src/stm32g0xx_hal_adc.o
 .debug_abbrev  0x00002c2b      0x30f ./Drivers/STM32G0xx_HAL_Driver/Src/stm32g0xx_hal_adc_ex.o
 .debug_abbrev  0x00002f3a      0x2dc ./Drivers/STM32G0xx_HAL_Driver/Src/stm32g0xx_hal_cortex.o
 .debug_abbrev  0x00003216      0x28a ./Drivers/STM32G0xx_HAL_Driver/Src/stm32g0xx_hal_dma.o
 .debug_abbrev  0x000034a0      0x26c ./Drivers/STM32G0xx_HAL_Driver/Src/stm32g0xx_hal_gpio.o
 .debug_abbrev  0x0000370c      0x37c ./Drivers/STM32G0xx_HAL_Driver/Src/stm32g0xx_hal_lptim.o
 .debug_abbrev  0x00003a88      0x28a ./Drivers/STM32G0xx_HAL_Driver/Src/stm32g0xx_hal_pwr_ex.o
 .debug_abbrev  0x00003d12      0x36b ./Drivers/STM32G0xx_HAL_Driver/Src/stm32g0xx_hal_rcc.o
 .debug_abbrev  0x0000407d      0x296 ./Drivers/STM32G0xx_HAL_Driver/Src/stm32g0xx_hal_rcc_ex.o
 .debug_abbrev  0x00004313      0x3e7 ./Drivers/STM32G0xx_HAL_Driver/Src/stm32g0xx_hal_tim.o
 .debug_abbrev  0x000046fa      0x3f8 ./Drivers/STM32G0xx_HAL_Driver/Src/stm32g0xx_hal_tim_ex.o
 .debug_abbrev  0x00004af2      0x4a2 ./Drivers/STM32G0xx_HAL_Driver/Src/stm32g0xx_hal_uart.o
 .debug_abbrev  0x00004f94      0x36e ./Drivers/STM32G0xx_HAL_Driver/Src/stm32g0xx_hal_uart_ex.o

.debug_loclists
                0x00000000     0xfb5c
 .debug_loclists
                0x00000000      0x8e7 ./Core/Src/CC_and_PC.o
 .debug_loclists
                0x000008e7       0x6e ./Core/Src/checking_functions.o
 .debug_loclists
                0x00000955      0x18a ./Core/Src/custom_callbacks.o
 .debug_loclists
                0x00000adf      0x169 ./Core/Src/input_capture.o
 .debug_loclists
                0x00000c48      0x26b ./Core/Src/oscillator.o
 .debug_loclists
                0x00000eb3       0x20 ./Core/Src/startup.o
 .debug_loclists
                0x00000ed3       0x24 ./Core/Src/state_machine.o
 .debug_loclists
                0x00000ef7      0x1c6 ./Core/Src/stm32g0xx_hal_msp.o
 .debug_loclists
                0x000010bd      0x33e ./Core/Src/symmetry_adjustment.o
 .debug_loclists
                0x000013fb       0xa7 ./Core/Src/system_stm32g0xx.o
 .debug_loclists
                0x000014a2       0x90 ./Core/Src/timers.o
 .debug_loclists
                0x00001532       0x84 ./Core/Src/utility.o
 .debug_loclists
                0x000015b6      0x143 ./Drivers/STM32G0xx_HAL_Driver/Src/stm32g0xx_hal.o
 .debug_loclists
                0x000016f9     0x1121 ./Drivers/STM32G0xx_HAL_Driver/Src/stm32g0xx_hal_adc.o
 .debug_loclists
                0x0000281a      0x2a3 ./Drivers/STM32G0xx_HAL_Driver/Src/stm32g0xx_hal_adc_ex.o
 .debug_loclists
                0x00002abd      0x1ef ./Drivers/STM32G0xx_HAL_Driver/Src/stm32g0xx_hal_cortex.o
 .debug_loclists
                0x00002cac      0x747 ./Drivers/STM32G0xx_HAL_Driver/Src/stm32g0xx_hal_dma.o
 .debug_loclists
                0x000033f3      0x372 ./Drivers/STM32G0xx_HAL_Driver/Src/stm32g0xx_hal_gpio.o
 .debug_loclists
                0x00003765     0x1041 ./Drivers/STM32G0xx_HAL_Driver/Src/stm32g0xx_hal_lptim.o
 .debug_loclists
                0x000047a6      0x1b3 ./Drivers/STM32G0xx_HAL_Driver/Src/stm32g0xx_hal_pwr_ex.o
 .debug_loclists
                0x00004959      0x4e1 ./Drivers/STM32G0xx_HAL_Driver/Src/stm32g0xx_hal_rcc.o
 .debug_loclists
                0x00004e3a      0x46c ./Drivers/STM32G0xx_HAL_Driver/Src/stm32g0xx_hal_rcc_ex.o
 .debug_loclists
                0x000052a6     0x4f53 ./Drivers/STM32G0xx_HAL_Driver/Src/stm32g0xx_hal_tim.o
 .debug_loclists
                0x0000a1f9     0x1392 ./Drivers/STM32G0xx_HAL_Driver/Src/stm32g0xx_hal_tim_ex.o
 .debug_loclists
                0x0000b58b     0x3cb5 ./Drivers/STM32G0xx_HAL_Driver/Src/stm32g0xx_hal_uart.o
 .debug_loclists
                0x0000f240      0x91c ./Drivers/STM32G0xx_HAL_Driver/Src/stm32g0xx_hal_uart_ex.o

.debug_aranges  0x00000000     0x1440
 .debug_aranges
                0x00000000       0xb8 ./Core/Src/CC_and_PC.o
 .debug_aranges
                0x000000b8       0x20 ./Core/Src/UART.o
 .debug_aranges
                0x000000d8       0x28 ./Core/Src/checking_functions.o
 .debug_aranges
                0x00000100       0x90 ./Core/Src/config.o
 .debug_aranges
                0x00000190       0x78 ./Core/Src/custom_callbacks.o
 .debug_aranges
                0x00000208       0x48 ./Core/Src/input_capture.o
 .debug_aranges
                0x00000250       0x20 ./Core/Src/main.o
 .debug_aranges
                0x00000270       0x50 ./Core/Src/oscillator.o
 .debug_aranges
                0x000002c0       0x20 ./Core/Src/startup.o
 .debug_aranges
                0x000002e0       0x20 ./Core/Src/state_machine.o
 .debug_aranges
                0x00000300       0x68 ./Core/Src/stm32g0xx_hal_msp.o
 .debug_aranges
                0x00000368       0x90 ./Core/Src/stm32g0xx_it.o
 .debug_aranges
                0x000003f8       0x28 ./Core/Src/symmetry_adjustment.o
 .debug_aranges
                0x00000420       0x28 ./Core/Src/system_stm32g0xx.o
 .debug_aranges
                0x00000448       0x28 ./Core/Src/timers.o
 .debug_aranges
                0x00000470       0x50 ./Core/Src/utility.o
 .debug_aranges
                0x000004c0       0x28 ./Core/Startup/startup_stm32g031k8tx.o
 .debug_aranges
                0x000004e8      0x128 ./Drivers/STM32G0xx_HAL_Driver/Src/stm32g0xx_hal.o
 .debug_aranges
                0x00000610      0x108 ./Drivers/STM32G0xx_HAL_Driver/Src/stm32g0xx_hal_adc.o
 .debug_aranges
                0x00000718       0x58 ./Drivers/STM32G0xx_HAL_Driver/Src/stm32g0xx_hal_adc_ex.o
 .debug_aranges
                0x00000770       0xa0 ./Drivers/STM32G0xx_HAL_Driver/Src/stm32g0xx_hal_cortex.o
 .debug_aranges
                0x00000810       0x78 ./Drivers/STM32G0xx_HAL_Driver/Src/stm32g0xx_hal_dma.o
 .debug_aranges
                0x00000888       0x60 ./Drivers/STM32G0xx_HAL_Driver/Src/stm32g0xx_hal_gpio.o
 .debug_aranges
                0x000008e8      0x170 ./Drivers/STM32G0xx_HAL_Driver/Src/stm32g0xx_hal_lptim.o
 .debug_aranges
                0x00000a58       0xf0 ./Drivers/STM32G0xx_HAL_Driver/Src/stm32g0xx_hal_pwr_ex.o
 .debug_aranges
                0x00000b48       0x98 ./Drivers/STM32G0xx_HAL_Driver/Src/stm32g0xx_hal_rcc.o
 .debug_aranges
                0x00000be0       0x40 ./Drivers/STM32G0xx_HAL_Driver/Src/stm32g0xx_hal_rcc_ex.o
 .debug_aranges
                0x00000c20      0x398 ./Drivers/STM32G0xx_HAL_Driver/Src/stm32g0xx_hal_tim.o
 .debug_aranges
                0x00000fb8      0x190 ./Drivers/STM32G0xx_HAL_Driver/Src/stm32g0xx_hal_tim_ex.o
 .debug_aranges
                0x00001148      0x260 ./Drivers/STM32G0xx_HAL_Driver/Src/stm32g0xx_hal_uart.o
 .debug_aranges
                0x000013a8       0x98 ./Drivers/STM32G0xx_HAL_Driver/Src/stm32g0xx_hal_uart_ex.o

.debug_rnglists
                0x00000000     0x1cd2
 .debug_rnglists
                0x00000000      0x133 ./Core/Src/CC_and_PC.o
 .debug_rnglists
                0x00000133       0x13 ./Core/Src/UART.o
 .debug_rnglists
                0x00000146       0x1a ./Core/Src/checking_functions.o
 .debug_rnglists
                0x00000160       0xe2 ./Core/Src/config.o
 .debug_rnglists
                0x00000242       0x5a ./Core/Src/custom_callbacks.o
 .debug_rnglists
                0x0000029c       0x40 ./Core/Src/input_capture.o
 .debug_rnglists
                0x000002dc       0x14 ./Core/Src/main.o
 .debug_rnglists
                0x000002f0       0x39 ./Core/Src/oscillator.o
 .debug_rnglists
                0x00000329       0x14 ./Core/Src/startup.o
 .debug_rnglists
                0x0000033d       0x13 ./Core/Src/state_machine.o
 .debug_rnglists
                0x00000350      0x165 ./Core/Src/stm32g0xx_hal_msp.o
 .debug_rnglists
                0x000004b5       0x67 ./Core/Src/stm32g0xx_it.o
 .debug_rnglists
                0x0000051c       0x27 ./Core/Src/symmetry_adjustment.o
 .debug_rnglists
                0x00000543       0x1a ./Core/Src/system_stm32g0xx.o
 .debug_rnglists
                0x0000055d       0x19 ./Core/Src/timers.o
 .debug_rnglists
                0x00000576       0x46 ./Core/Src/utility.o
 .debug_rnglists
                0x000005bc       0x19 ./Core/Startup/startup_stm32g031k8tx.o
 .debug_rnglists
                0x000005d5       0xd9 ./Drivers/STM32G0xx_HAL_Driver/Src/stm32g0xx_hal.o
 .debug_rnglists
                0x000006ae      0x26b ./Drivers/STM32G0xx_HAL_Driver/Src/stm32g0xx_hal_adc.o
 .debug_rnglists
                0x00000919       0xb9 ./Drivers/STM32G0xx_HAL_Driver/Src/stm32g0xx_hal_adc_ex.o
 .debug_rnglists
                0x000009d2       0x9d ./Drivers/STM32G0xx_HAL_Driver/Src/stm32g0xx_hal_cortex.o
 .debug_rnglists
                0x00000a6f       0x9e ./Drivers/STM32G0xx_HAL_Driver/Src/stm32g0xx_hal_dma.o
 .debug_rnglists
                0x00000b0d       0x45 ./Drivers/STM32G0xx_HAL_Driver/Src/stm32g0xx_hal_gpio.o
 .debug_rnglists
                0x00000b52      0x256 ./Drivers/STM32G0xx_HAL_Driver/Src/stm32g0xx_hal_lptim.o
 .debug_rnglists
                0x00000da8       0xb0 ./Drivers/STM32G0xx_HAL_Driver/Src/stm32g0xx_hal_pwr_ex.o
 .debug_rnglists
                0x00000e58       0xb4 ./Drivers/STM32G0xx_HAL_Driver/Src/stm32g0xx_hal_rcc.o
 .debug_rnglists
                0x00000f0c       0x71 ./Drivers/STM32G0xx_HAL_Driver/Src/stm32g0xx_hal_rcc_ex.o
 .debug_rnglists
                0x00000f7d      0x72a ./Drivers/STM32G0xx_HAL_Driver/Src/stm32g0xx_hal_tim.o
 .debug_rnglists
                0x000016a7      0x192 ./Drivers/STM32G0xx_HAL_Driver/Src/stm32g0xx_hal_tim_ex.o
 .debug_rnglists
                0x00001839      0x3f0 ./Drivers/STM32G0xx_HAL_Driver/Src/stm32g0xx_hal_uart.o
 .debug_rnglists
                0x00001c29       0xa9 ./Drivers/STM32G0xx_HAL_Driver/Src/stm32g0xx_hal_uart_ex.o

.debug_macro    0x00000000    0x1a186
 .debug_macro   0x00000000      0x2e9 ./Core/Src/CC_and_PC.o
 .debug_macro   0x000002e9      0xaae ./Core/Src/CC_and_PC.o
 .debug_macro   0x00000d97       0xa6 ./Core/Src/CC_and_PC.o
 .debug_macro   0x00000e3d       0x22 ./Core/Src/CC_and_PC.o
 .debug_macro   0x00000e5f       0x8e ./Core/Src/CC_and_PC.o
 .debug_macro   0x00000eed       0x51 ./Core/Src/CC_and_PC.o
 .debug_macro   0x00000f3e      0x103 ./Core/Src/CC_and_PC.o
 .debug_macro   0x00001041       0x6a ./Core/Src/CC_and_PC.o
 .debug_macro   0x000010ab      0x1df ./Core/Src/CC_and_PC.o
 .debug_macro   0x0000128a       0x1c ./Core/Src/CC_and_PC.o
 .debug_macro   0x000012a6       0x1c ./Core/Src/CC_and_PC.o
 .debug_macro   0x000012c2      0x12f ./Core/Src/CC_and_PC.o
 .debug_macro   0x000013f1       0x2e ./Core/Src/CC_and_PC.o
 .debug_macro   0x0000141f       0x28 ./Core/Src/CC_and_PC.o
 .debug_macro   0x00001447       0x1c ./Core/Src/CC_and_PC.o
 .debug_macro   0x00001463       0x22 ./Core/Src/CC_and_PC.o
 .debug_macro   0x00001485       0xd1 ./Core/Src/CC_and_PC.o
 .debug_macro   0x00001556      0x4da ./Core/Src/CC_and_PC.o
 .debug_macro   0x00001a30      0x11f ./Core/Src/CC_and_PC.o
 .debug_macro   0x00001b4f     0xac2c ./Core/Src/CC_and_PC.o
 .debug_macro   0x0000c77b       0x66 ./Core/Src/CC_and_PC.o
 .debug_macro   0x0000c7e1     0x350e ./Core/Src/CC_and_PC.o
 .debug_macro   0x0000fcef      0x189 ./Core/Src/CC_and_PC.o
 .debug_macro   0x0000fe78       0x5c ./Core/Src/CC_and_PC.o
 .debug_macro   0x0000fed4      0x518 ./Core/Src/CC_and_PC.o
 .debug_macro   0x000103ec      0xf70 ./Core/Src/CC_and_PC.o
 .debug_macro   0x0001135c      0x1d8 ./Core/Src/CC_and_PC.o
 .debug_macro   0x00011534      0x1cf ./Core/Src/CC_and_PC.o
 .debug_macro   0x00011703      0x122 ./Core/Src/CC_and_PC.o
 .debug_macro   0x00011825      0x390 ./Core/Src/CC_and_PC.o
 .debug_macro   0x00011bb5      0x202 ./Core/Src/CC_and_PC.o
 .debug_macro   0x00011db7      0x2ff ./Core/Src/CC_and_PC.o
 .debug_macro   0x000120b6      0x1b2 ./Core/Src/CC_and_PC.o
 .debug_macro   0x00012268       0x43 ./Core/Src/CC_and_PC.o
 .debug_macro   0x000122ab      0x1f1 ./Core/Src/CC_and_PC.o
 .debug_macro   0x0001249c      0x8a8 ./Core/Src/CC_and_PC.o
 .debug_macro   0x00012d44      0x5bb ./Core/Src/CC_and_PC.o
 .debug_macro   0x000132ff       0x2e ./Core/Src/CC_and_PC.o
 .debug_macro   0x0001332d      0x1d6 ./Core/Src/CC_and_PC.o
 .debug_macro   0x00013503      0x38a ./Core/Src/CC_and_PC.o
 .debug_macro   0x0001388d       0x28 ./Core/Src/CC_and_PC.o
 .debug_macro   0x000138b5       0xe4 ./Core/Src/CC_and_PC.o
 .debug_macro   0x00013999       0x85 ./Core/Src/CC_and_PC.o
 .debug_macro   0x00013a1e      0x2bd ./Core/Src/CC_and_PC.o
 .debug_macro   0x00013cdb      0x10c ./Core/Src/CC_and_PC.o
 .debug_macro   0x00013de7      0x240 ./Core/Src/CC_and_PC.o
 .debug_macro   0x00014027      0xac2 ./Core/Src/CC_and_PC.o
 .debug_macro   0x00014ae9      0x135 ./Core/Src/CC_and_PC.o
 .debug_macro   0x00014c1e      0x69a ./Core/Src/CC_and_PC.o
 .debug_macro   0x000152b8       0xa6 ./Core/Src/CC_and_PC.o
 .debug_macro   0x0001535e      0x49d ./Core/Src/CC_and_PC.o
 .debug_macro   0x000157fb       0xe8 ./Core/Src/CC_and_PC.o
 .debug_macro   0x000158e3       0x28 ./Core/Src/CC_and_PC.o
 .debug_macro   0x0001590b       0x16 ./Core/Src/CC_and_PC.o
 .debug_macro   0x00015921       0xee ./Core/Src/CC_and_PC.o
 .debug_macro   0x00015a0f       0x46 ./Core/Src/CC_and_PC.o
 .debug_macro   0x00015a55      0x2d4 ./Core/Src/UART.o
 .debug_macro   0x00015d29      0x2d4 ./Core/Src/checking_functions.o
 .debug_macro   0x00015ffd      0x306 ./Core/Src/config.o
 .debug_macro   0x00016303       0x10 ./Core/Src/config.o
 .debug_macro   0x00016313      0x302 ./Core/Src/custom_callbacks.o
 .debug_macro   0x00016615      0x2cc ./Core/Src/input_capture.o
 .debug_macro   0x000168e1      0x2da ./Core/Src/main.o
 .debug_macro   0x00016bbb      0x2d0 ./Core/Src/oscillator.o
 .debug_macro   0x00016e8b      0x2eb ./Core/Src/startup.o
 .debug_macro   0x00017176      0x1f4 ./Core/Src/startup.o
 .debug_macro   0x0001736a       0x6d ./Core/Src/state_machine.o
 .debug_macro   0x000173d7      0x22a ./Core/Src/stm32g0xx_hal_msp.o
 .debug_macro   0x00017601      0x2de ./Core/Src/stm32g0xx_it.o
 .debug_macro   0x000178df      0x2d4 ./Core/Src/symmetry_adjustment.o
 .debug_macro   0x00017bb3      0x21b ./Core/Src/system_stm32g0xx.o
 .debug_macro   0x00017dce      0x234 ./Core/Src/timers.o
 .debug_macro   0x00018002      0x2d0 ./Core/Src/utility.o
 .debug_macro   0x000182d2      0x23f ./Drivers/STM32G0xx_HAL_Driver/Src/stm32g0xx_hal.o
 .debug_macro   0x00018511      0x23f ./Drivers/STM32G0xx_HAL_Driver/Src/stm32g0xx_hal_adc.o
 .debug_macro   0x00018750      0x227 ./Drivers/STM32G0xx_HAL_Driver/Src/stm32g0xx_hal_adc_ex.o
 .debug_macro   0x00018977      0x21b ./Drivers/STM32G0xx_HAL_Driver/Src/stm32g0xx_hal_cortex.o
 .debug_macro   0x00018b92      0x21b ./Drivers/STM32G0xx_HAL_Driver/Src/stm32g0xx_hal_dma.o
 .debug_macro   0x00018dad      0x222 ./Drivers/STM32G0xx_HAL_Driver/Src/stm32g0xx_hal_gpio.o
 .debug_macro   0x00018fcf      0x231 ./Drivers/STM32G0xx_HAL_Driver/Src/stm32g0xx_hal_lptim.o
 .debug_macro   0x00019200      0x245 ./Drivers/STM32G0xx_HAL_Driver/Src/stm32g0xx_hal_pwr_ex.o
 .debug_macro   0x00019445      0x25d ./Drivers/STM32G0xx_HAL_Driver/Src/stm32g0xx_hal_rcc.o
 .debug_macro   0x000196a2      0x233 ./Drivers/STM32G0xx_HAL_Driver/Src/stm32g0xx_hal_rcc_ex.o
 .debug_macro   0x000198d5      0x223 ./Drivers/STM32G0xx_HAL_Driver/Src/stm32g0xx_hal_tim.o
 .debug_macro   0x00019af8      0x221 ./Drivers/STM32G0xx_HAL_Driver/Src/stm32g0xx_hal_tim_ex.o
 .debug_macro   0x00019d19      0x246 ./Drivers/STM32G0xx_HAL_Driver/Src/stm32g0xx_hal_uart.o
 .debug_macro   0x00019f5f      0x227 ./Drivers/STM32G0xx_HAL_Driver/Src/stm32g0xx_hal_uart_ex.o

.debug_line     0x00000000    0x2a15d
 .debug_line    0x00000000     0x12ee ./Core/Src/CC_and_PC.o
 .debug_line    0x000012ee      0x8a6 ./Core/Src/UART.o
 .debug_line    0x00001b94      0x9f7 ./Core/Src/checking_functions.o
 .debug_line    0x0000258b     0x1c69 ./Core/Src/config.o
 .debug_line    0x000041f4     0x14a7 ./Core/Src/custom_callbacks.o
 .debug_line    0x0000569b      0xa69 ./Core/Src/input_capture.o
 .debug_line    0x00006104      0x93b ./Core/Src/main.o
 .debug_line    0x00006a3f      0xd51 ./Core/Src/oscillator.o
 .debug_line    0x00007790      0x980 ./Core/Src/startup.o
 .debug_line    0x00008110      0x402 ./Core/Src/state_machine.o
 .debug_line    0x00008512      0xdf5 ./Core/Src/stm32g0xx_hal_msp.o
 .debug_line    0x00009307      0xa72 ./Core/Src/stm32g0xx_it.o
 .debug_line    0x00009d79      0xd37 ./Core/Src/symmetry_adjustment.o
 .debug_line    0x0000aab0      0x871 ./Core/Src/system_stm32g0xx.o
 .debug_line    0x0000b321      0x7e3 ./Core/Src/timers.o
 .debug_line    0x0000bb04      0x9d1 ./Core/Src/utility.o
 .debug_line    0x0000c4d5       0x7b ./Core/Startup/startup_stm32g031k8tx.o
 .debug_line    0x0000c550      0xce1 ./Drivers/STM32G0xx_HAL_Driver/Src/stm32g0xx_hal.o
 .debug_line    0x0000d231     0x2441 ./Drivers/STM32G0xx_HAL_Driver/Src/stm32g0xx_hal_adc.o
 .debug_line    0x0000f672      0xcaa ./Drivers/STM32G0xx_HAL_Driver/Src/stm32g0xx_hal_adc_ex.o
 .debug_line    0x0001031c      0xca8 ./Drivers/STM32G0xx_HAL_Driver/Src/stm32g0xx_hal_cortex.o
 .debug_line    0x00010fc4     0x12ee ./Drivers/STM32G0xx_HAL_Driver/Src/stm32g0xx_hal_dma.o
 .debug_line    0x000122b2      0xd58 ./Drivers/STM32G0xx_HAL_Driver/Src/stm32g0xx_hal_gpio.o
 .debug_line    0x0001300a     0x2129 ./Drivers/STM32G0xx_HAL_Driver/Src/stm32g0xx_hal_lptim.o
 .debug_line    0x00015133      0xca1 ./Drivers/STM32G0xx_HAL_Driver/Src/stm32g0xx_hal_pwr_ex.o
 .debug_line    0x00015dd4     0x1546 ./Drivers/STM32G0xx_HAL_Driver/Src/stm32g0xx_hal_rcc.o
 .debug_line    0x0001731a      0xed5 ./Drivers/STM32G0xx_HAL_Driver/Src/stm32g0xx_hal_rcc_ex.o
 .debug_line    0x000181ef     0x7638 ./Drivers/STM32G0xx_HAL_Driver/Src/stm32g0xx_hal_tim.o
 .debug_line    0x0001f827     0x233e ./Drivers/STM32G0xx_HAL_Driver/Src/stm32g0xx_hal_tim_ex.o
 .debug_line    0x00021b65     0x708c ./Drivers/STM32G0xx_HAL_Driver/Src/stm32g0xx_hal_uart.o
 .debug_line    0x00028bf1     0x156c ./Drivers/STM32G0xx_HAL_Driver/Src/stm32g0xx_hal_uart_ex.o

.debug_str      0x00000000    0xa0677
 .debug_str     0x00000000    0x9858f ./Core/Src/CC_and_PC.o
                              0x98d7c (size before relaxing)
 .debug_str     0x0009858f      0x55e ./Core/Src/UART.o
                              0x98615 (size before relaxing)
 .debug_str     0x00098aed      0x1ba ./Core/Src/checking_functions.o
                              0x98522 (size before relaxing)
 .debug_str     0x00098ca7     0x19e8 ./Core/Src/config.o
                              0x9a6f9 (size before relaxing)
 .debug_str     0x0009a68f      0x478 ./Core/Src/custom_callbacks.o
                              0x99fc8 (size before relaxing)
 .debug_str     0x0009ab07      0x112 ./Core/Src/input_capture.o
                              0x98c77 (size before relaxing)
 .debug_str     0x0009ac19       0x3f ./Core/Src/main.o
                              0x982a4 (size before relaxing)
 .debug_str     0x0009ac58      0x160 ./Core/Src/oscillator.o
                              0x98c8a (size before relaxing)
 .debug_str     0x0009adb8      0xd8f ./Core/Src/startup.o
                              0x9a5e9 (size before relaxing)
 .debug_str     0x0009bb47       0x1c ./Core/Src/state_machine.o
                               0x3fc4 (size before relaxing)
 .debug_str     0x0009bb63      0x202 ./Core/Src/stm32g0xx_hal_msp.o
                              0x98ce2 (size before relaxing)
 .debug_str     0x0009bd65      0x1a9 ./Core/Src/stm32g0xx_it.o
                              0x98f9a (size before relaxing)
 .debug_str     0x0009bf0e      0x23d ./Core/Src/symmetry_adjustment.o
                              0x982d8 (size before relaxing)
 .debug_str     0x0009c14b       0x8e ./Core/Src/system_stm32g0xx.o
                              0x973a8 (size before relaxing)
 .debug_str     0x0009c1d9       0x4b ./Core/Src/timers.o
                              0x97f36 (size before relaxing)
 .debug_str     0x0009c224       0x55 ./Core/Src/utility.o
                              0x9810b (size before relaxing)
 .debug_str     0x0009c279       0x44 ./Core/Startup/startup_stm32g031k8tx.o
                                 0x70 (size before relaxing)
 .debug_str     0x0009c2bd      0x571 ./Drivers/STM32G0xx_HAL_Driver/Src/stm32g0xx_hal.o
                              0x97b7e (size before relaxing)
 .debug_str     0x0009c82e      0x8d3 ./Drivers/STM32G0xx_HAL_Driver/Src/stm32g0xx_hal_adc.o
                              0x983bb (size before relaxing)
 .debug_str     0x0009d101      0x1e2 ./Drivers/STM32G0xx_HAL_Driver/Src/stm32g0xx_hal_adc_ex.o
                              0x97bfe (size before relaxing)
 .debug_str     0x0009d2e3      0x28b ./Drivers/STM32G0xx_HAL_Driver/Src/stm32g0xx_hal_cortex.o
                              0x97824 (size before relaxing)
 .debug_str     0x0009d56e      0x261 ./Drivers/STM32G0xx_HAL_Driver/Src/stm32g0xx_hal_dma.o
                              0x97842 (size before relaxing)
 .debug_str     0x0009d7cf       0xcd ./Drivers/STM32G0xx_HAL_Driver/Src/stm32g0xx_hal_gpio.o
                              0x974cf (size before relaxing)
 .debug_str     0x0009d89c      0x5a2 ./Drivers/STM32G0xx_HAL_Driver/Src/stm32g0xx_hal_lptim.o
                              0x97e33 (size before relaxing)
 .debug_str     0x0009de3e      0x37b ./Drivers/STM32G0xx_HAL_Driver/Src/stm32g0xx_hal_pwr_ex.o
                              0x97821 (size before relaxing)
 .debug_str     0x0009e1b9      0x4a8 ./Drivers/STM32G0xx_HAL_Driver/Src/stm32g0xx_hal_rcc.o
                              0x97afe (size before relaxing)
 .debug_str     0x0009e661      0x185 ./Drivers/STM32G0xx_HAL_Driver/Src/stm32g0xx_hal_rcc_ex.o
                              0x97737 (size before relaxing)
 .debug_str     0x0009e7e6      0xd1f ./Drivers/STM32G0xx_HAL_Driver/Src/stm32g0xx_hal_tim.o
                              0x98f73 (size before relaxing)
 .debug_str     0x0009f505      0x4a0 ./Drivers/STM32G0xx_HAL_Driver/Src/stm32g0xx_hal_tim_ex.o
                              0x984d5 (size before relaxing)
 .debug_str     0x0009f9a5      0xa0a ./Drivers/STM32G0xx_HAL_Driver/Src/stm32g0xx_hal_uart.o
                              0x986f6 (size before relaxing)