Archive member included to satisfy reference by file (symbol)

/Applications/STM32CubeIDE.app/Contents/Eclipse/plugins/com.st.stm32cube.ide.mcu.externaltools.gnu-tools-for-stm32.12.3.rel1.macos64_1.1.0.202410301201/tools/bin/../lib/gcc/arm-none-eabi/12.3.1/../../../../arm-none-eabi/lib/thumb/v6-m/nofp/libc_nano.a(libc_a-exit.o)
                              /Applications/STM32CubeIDE.app/Contents/Eclipse/plugins/com.st.stm32cube.ide.mcu.externaltools.gnu-tools-for-stm32.12.3.rel1.macos64_1.1.0.202410301201/tools/bin/../lib/gcc/arm-none-eabi/12.3.1/../../../../arm-none-eabi/lib/thumb/v6-m/nofp/crt0.o (exit)
/Applications/STM32CubeIDE.app/Contents/Eclipse/plugins/com.st.stm32cube.ide.mcu.externaltools.gnu-tools-for-stm32.12.3.rel1.macos64_1.1.0.202410301201/tools/bin/../lib/gcc/arm-none-eabi/12.3.1/../../../../arm-none-eabi/lib/thumb/v6-m/nofp/libc_nano.a(libc_a-findfp.o)
                              /Applications/STM32CubeIDE.app/Contents/Eclipse/plugins/com.st.stm32cube.ide.mcu.externaltools.gnu-tools-for-stm32.12.3.rel1.macos64_1.1.0.202410301201/tools/bin/../lib/gcc/arm-none-eabi/12.3.1/../../../../arm-none-eabi/lib/thumb/v6-m/nofp/libc_nano.a(libc_a-exit.o) (__stdio_exit_handler)
/Applications/STM32CubeIDE.app/Contents/Eclipse/plugins/com.st.stm32cube.ide.mcu.externaltools.gnu-tools-for-stm32.12.3.rel1.macos64_1.1.0.202410301201/tools/bin/../lib/gcc/arm-none-eabi/12.3.1/../../../../arm-none-eabi/lib/thumb/v6-m/nofp/libc_nano.a(libc_a-fwalk.o)
                              /Applications/STM32CubeIDE.app/Contents/Eclipse/plugins/com.st.stm32cube.ide.mcu.externaltools.gnu-tools-for-stm32.12.3.rel1.macos64_1.1.0.202410301201/tools/bin/../lib/gcc/arm-none-eabi/12.3.1/../../../../arm-none-eabi/lib/thumb/v6-m/nofp/libc_nano.a(libc_a-findfp.o) (_fwalk_sglue)
/Applications/STM32CubeIDE.app/Contents/Eclipse/plugins/com.st.stm32cube.ide.mcu.externaltools.gnu-tools-for-stm32.12.3.rel1.macos64_1.1.0.202410301201/tools/bin/../lib/gcc/arm-none-eabi/12.3.1/../../../../arm-none-eabi/lib/thumb/v6-m/nofp/libc_nano.a(libc_a-memset.o)
                              /Applications/STM32CubeIDE.app/Contents/Eclipse/plugins/com.st.stm32cube.ide.mcu.externaltools.gnu-tools-for-stm32.12.3.rel1.macos64_1.1.0.202410301201/tools/bin/../lib/gcc/arm-none-eabi/12.3.1/../../../../arm-none-eabi/lib/thumb/v6-m/nofp/crt0.o (memset)
/Applications/STM32CubeIDE.app/Contents/Eclipse/plugins/com.st.stm32cube.ide.mcu.externaltools.gnu-tools-for-stm32.12.3.rel1.macos64_1.1.0.202410301201/tools/bin/../lib/gcc/arm-none-eabi/12.3.1/../../../../arm-none-eabi/lib/thumb/v6-m/nofp/libc_nano.a(libc_a-impure.o)
                              /Applications/STM32CubeIDE.app/Contents/Eclipse/plugins/com.st.stm32cube.ide.mcu.externaltools.gnu-tools-for-stm32.12.3.rel1.macos64_1.1.0.202410301201/tools/bin/../lib/gcc/arm-none-eabi/12.3.1/../../../../arm-none-eabi/lib/thumb/v6-m/nofp/libc_nano.a(libc_a-findfp.o) (_impure_data)
/Applications/STM32CubeIDE.app/Contents/Eclipse/plugins/com.st.stm32cube.ide.mcu.externaltools.gnu-tools-for-stm32.12.3.rel1.macos64_1.1.0.202410301201/tools/bin/../lib/gcc/arm-none-eabi/12.3.1/../../../../arm-none-eabi/lib/thumb/v6-m/nofp/libc_nano.a(libc_a-errno.o)
                              ./Core/Src/syscalls.o (__errno)
/Applications/STM32CubeIDE.app/Contents/Eclipse/plugins/com.st.stm32cube.ide.mcu.externaltools.gnu-tools-for-stm32.12.3.rel1.macos64_1.1.0.202410301201/tools/bin/../lib/gcc/arm-none-eabi/12.3.1/../../../../arm-none-eabi/lib/thumb/v6-m/nofp/libc_nano.a(libc_a-init.o)
                              /Applications/STM32CubeIDE.app/Contents/Eclipse/plugins/com.st.stm32cube.ide.mcu.externaltools.gnu-tools-for-stm32.12.3.rel1.macos64_1.1.0.202410301201/tools/bin/../lib/gcc/arm-none-eabi/12.3.1/../../../../arm-none-eabi/lib/thumb/v6-m/nofp/crt0.o (__libc_init_array)
/Applications/STM32CubeIDE.app/Contents/Eclipse/plugins/com.st.stm32cube.ide.mcu.externaltools.gnu-tools-for-stm32.12.3.rel1.macos64_1.1.0.202410301201/tools/bin/../lib/gcc/arm-none-eabi/12.3.1/../../../../arm-none-eabi/lib/thumb/v6-m/nofp/libc_nano.a(libc_a-lock.o)
                              /Applications/STM32CubeIDE.app/Contents/Eclipse/plugins/com.st.stm32cube.ide.mcu.externaltools.gnu-tools-for-stm32.12.3.rel1.macos64_1.1.0.202410301201/tools/bin/../lib/gcc/arm-none-eabi/12.3.1/../../../../arm-none-eabi/lib/thumb/v6-m/nofp/libc_nano.a(libc_a-findfp.o) (__retarget_lock_init_recursive)
/Applications/STM32CubeIDE.app/Contents/Eclipse/plugins/com.st.stm32cube.ide.mcu.externaltools.gnu-tools-for-stm32.12.3.rel1.macos64_1.1.0.202410301201/tools/bin/../lib/gcc/arm-none-eabi/12.3.1/../../../../arm-none-eabi/lib/thumb/v6-m/nofp/libc_nano.a(libc_a-memcpy-stub.o)
                              ./Core/Src/input_capture.o (memcpy)
[...]
Memory Configuration

Name             Origin             Length             Attributes
RAM              0x20000000         0x00002000         xrw
FLASH            0x08000000         0x00010000         xr
*default*        0x00000000         0xffffffff

Linker script and memory map

LOAD /Applications/STM32CubeIDE.app/Contents/Eclipse/plugins/com.st.stm32cube.ide.mcu.externaltools.gnu-tools-for-stm32.12.3.rel1.macos64_1.1.0.202410301201/tools/bin/../lib/gcc/arm-none-eabi/12.3.1/thumb/v6-m/nofp/crti.o
LOAD /Applications/STM32CubeIDE.app/Contents/Eclipse/plugins/com.st.stm32cube.ide.mcu.externaltools.gnu-tools-for-stm32.12.3.rel1.macos64_1.1.0.202410301201/tools/bin/../lib/gcc/arm-none-eabi/12.3.1/thumb/v6-m/nofp/crtbegin.o
LOAD /Applications/STM32CubeIDE.app/Contents/Eclipse/plugins/com.st.stm32cube.ide.mcu.externaltools.gnu-tools-for-stm32.12.3.rel1.macos64_1.1.0.202410301201/tools/bin/../lib/gcc/arm-none-eabi/12.3.1/../../../../arm-none-eabi/lib/thumb/v6-m/nofp/crt0.o
LOAD ./Core/Src/UART.o
LOAD ./Core/Src/checking_functions.o
LOAD ./Core/Src/config.o
LOAD ./Core/Src/custom_callbacks.o
LOAD ./Core/Src/debug.o
LOAD ./Core/Src/input_capture.o
LOAD ./Core/Src/main.o
LOAD ./Core/Src/oscillator.o
LOAD ./Core/Src/startup.o
LOAD ./Core/Src/state_machine.o
LOAD ./Core/Src/stm32g0xx_hal_msp.o
LOAD ./Core/Src/stm32g0xx_it.o
LOAD ./Core/Src/symmetry_adjustment.o
LOAD ./Core/Src/syscalls.o
LOAD ./Core/Src/sysmem.o
LOAD ./Core/Src/system_stm32g0xx.o
LOAD ./Core/Src/timers.o
LOAD ./Core/Src/utility.o
LOAD ./Core/Startup/startup_stm32g031k8tx.o
LOAD ./Drivers/STM32G0xx_HAL_Driver/Src/stm32g0xx_hal.o
LOAD ./Drivers/STM32G0xx_HAL_Driver/Src/stm32g0xx_hal_adc.o
LOAD ./Drivers/STM32G0xx_HAL_Driver/Src/stm32g0xx_hal_adc_ex.o
LOAD ./Drivers/STM32G0xx_HAL_Driver/Src/stm32g0xx_hal_cortex.o
LOAD ./Drivers/STM32G0xx_HAL_Driver/Src/stm32g0xx_hal_dma.o
LOAD ./Drivers/STM32G0xx_HAL_Driver/Src/stm32g0xx_hal_dma_ex.o
LOAD ./Drivers/STM32G0xx_HAL_Driver/Src/stm32g0xx_hal_exti.o
LOAD ./Drivers/STM32G0xx_HAL_Driver/Src/stm32g0xx_hal_flash.o
LOAD ./Drivers/STM32G0xx_HAL_Driver/Src/stm32g0xx_hal_flash_ex.o
LOAD ./Drivers/STM32G0xx_HAL_Driver/Src/stm32g0xx_hal_gpio.o
LOAD ./Drivers/STM32G0xx_HAL_Driver/Src/stm32g0xx_hal_iwdg.o
LOAD ./Drivers/STM32G0xx_HAL_Driver/Src/stm32g0xx_hal_lptim.o
LOAD ./Drivers/STM32G0xx_HAL_Driver/Src/stm32g0xx_hal_pwr.o
LOAD ./Drivers/STM32G0xx_HAL_Driver/Src/stm32g0xx_hal_pwr_ex.o
LOAD ./Drivers/STM32G0xx_HAL_Driver/Src/stm32g0xx_hal_rcc.o
LOAD ./Drivers/STM32G0xx_HAL_Driver/Src/stm32g0xx_hal_rcc_ex.o
LOAD ./Drivers/STM32G0xx_HAL_Driver/Src/stm32g0xx_hal_tim.o
LOAD ./Drivers/STM32G0xx_HAL_Driver/Src/stm32g0xx_hal_tim_ex.o
LOAD ./Drivers/STM32G0xx_HAL_Driver/Src/stm32g0xx_hal_uart.o
LOAD ./Drivers/STM32G0xx_HAL_Driver/Src/stm32g0xx_hal_uart_ex.o
LOAD ./Drivers/STM32G0xx_HAL_Driver/Src/stm32g0xx_ll_adc.o
LOAD ./Drivers/STM32G0xx_HAL_Driver/Src/stm32g0xx_ll_rcc.o
START GROUP
LOAD /Applications/STM32CubeIDE.app/Contents/Eclipse/plugins/com.st.stm32cube.ide.mcu.externaltools.gnu-tools-for-stm32.12.3.rel1.macos64_1.1.0.202410301201/tools/bin/../lib/gcc/arm-none-eabi/12.3.1/../../../../arm-none-eabi/lib/thumb/v6-m/nofp/libc_nano.a
LOAD /Applications/STM32CubeIDE.app/Contents/Eclipse/plugins/com.st.stm32cube.ide.mcu.externaltools.gnu-tools-for-stm32.12.3.rel1.macos64_1.1.0.202410301201/tools/bin/../lib/gcc/arm-none-eabi/12.3.1/../../../../arm-none-eabi/lib/thumb/v6-m/nofp/libm.a
END GROUP
START GROUP
LOAD /Applications/STM32CubeIDE.app/Contents/Eclipse/plugins/com.st.stm32cube.ide.mcu.externaltools.gnu-tools-for-stm32.12.3.rel1.macos64_1.1.0.202410301201/tools/bin/../lib/gcc/arm-none-eabi/12.3.1/thumb/v6-m/nofp/libgcc.a
LOAD /Applications/STM32CubeIDE.app/Contents/Eclipse/plugins/com.st.stm32cube.ide.mcu.externaltools.gnu-tools-for-stm32.12.3.rel1.macos64_1.1.0.202410301201/tools/bin/../lib/gcc/arm-none-eabi/12.3.1/../../../../arm-none-eabi/lib/thumb/v6-m/nofp/libc_nano.a
END GROUP
START GROUP
LOAD /Applications/STM32CubeIDE.app/Contents/Eclipse/plugins/com.st.stm32cube.ide.mcu.externaltools.gnu-tools-for-stm32.12.3.rel1.macos64_1.1.0.202410301201/tools/bin/../lib/gcc/arm-none-eabi/12.3.1/thumb/v6-m/nofp/libgcc.a
LOAD /Applications/STM32CubeIDE.app/Contents/Eclipse/plugins/com.st.stm32cube.ide.mcu.externaltools.gnu-tools-for-stm32.12.3.rel1.macos64_1.1.0.202410301201/tools/bin/../lib/gcc/arm-none-eabi/12.3.1/../../../../arm-none-eabi/lib/thumb/v6-m/nofp/libc_nano.a
LOAD /Applications/STM32CubeIDE.app/Contents/Eclipse/plugins/com.st.stm32cube.ide.mcu.externaltools.gnu-tools-for-stm32.12.3.rel1.macos64_1.1.0.202410301201/tools/bin/../lib/gcc/arm-none-eabi/12.3.1/../../../../arm-none-eabi/lib/thumb/v6-m/nofp/libnosys.a
END GROUP
START GROUP
LOAD /Applications/STM32CubeIDE.app/Contents/Eclipse/plugins/com.st.stm32cube.ide.mcu.externaltools.gnu-tools-for-stm32.12.3.rel1.macos64_1.1.0.202410301201/tools/bin/../lib/gcc/arm-none-eabi/12.3.1/thumb/v6-m/nofp/libgcc.a
LOAD /Applications/STM32CubeIDE.app/Contents/Eclipse/plugins/com.st.stm32cube.ide.mcu.externaltools.gnu-tools-for-stm32.12.3.rel1.macos64_1.1.0.202410301201/tools/bin/../lib/gcc/arm-none-eabi/12.3.1/../../../../arm-none-eabi/lib/thumb/v6-m/nofp/libc_nano.a
LOAD /Applications/STM32CubeIDE.app/Contents/Eclipse/plugins/com.st.stm32cube.ide.mcu.externaltools.gnu-tools-for-stm32.12.3.rel1.macos64_1.1.0.202410301201/tools/bin/../lib/gcc/arm-none-eabi/12.3.1/../../../../arm-none-eabi/lib/thumb/v6-m/nofp/libnosys.a
END GROUP
LOAD /Applications/STM32CubeIDE.app/Contents/Eclipse/plugins/com.st.stm32cube.ide.mcu.externaltools.gnu-tools-for-stm32.12.3.rel1.macos64_1.1.0.202410301201/tools/bin/../lib/gcc/arm-none-eabi/12.3.1/thumb/v6-m/nofp/crtend.o
LOAD /Applications/STM32CubeIDE.app/Contents/Eclipse/plugins/com.st.stm32cube.ide.mcu.externaltools.gnu-tools-for-stm32.12.3.rel1.macos64_1.1.0.202410301201/tools/bin/../lib/gcc/arm-none-eabi/12.3.1/thumb/v6-m/nofp/crtn.o
                0x20002000                        _estack = (ORIGIN (RAM) + LENGTH (RAM))
                0x00000200                        _Min_Heap_Size = 0x200
                0x00000400                        _Min_Stack_Size = 0x400

.isr_vector     0x08000000       0xbc
                0x08000000                        . = ALIGN (0x4)
 *(.isr_vector)
 .isr_vector    0x08000000       0xbc ./Core/Startup/startup_stm32g031k8tx.o
                0x08000000                g_pfnVectors
                0x080000bc                        . = ALIGN (0x4)

.text           0x080000bc     0x67dc
                0x080000bc                        . = ALIGN (0x4)
 *(.text)
 .text          0x080000bc       0x48 /Applications/STM32CubeIDE.app/Contents/Eclipse/plugins/com.st.stm32cube.ide.mcu.externaltools.gnu-tools-for-stm32.12.3.rel1.macos64_1.1.0.202410301201/tools/bin/../lib/gcc/arm-none-eabi/12.3.1/thumb/v6-m/nofp/crtbegin.o
 .text          0x08000104      0x114 /Applications/STM32CubeIDE.app/Contents/Eclipse/plugins/com.st.stm32cube.ide.mcu.externaltools.gnu-tools-for-stm32.12.3.rel1.macos64_1.1.0.202410301201/tools/bin/../lib/gcc/arm-none-eabi/12.3.1/thumb/v6-m/nofp/libgcc.a(_udivsi3.o)
                0x08000104                __udivsi3
                0x08000104                __aeabi_uidiv
                0x08000210                __aeabi_uidivmod
 .text          0x08000218        0x4 /Applications/STM32CubeIDE.app/Contents/Eclipse/plugins/com.st.stm32cube.ide.mcu.externaltools.gnu-tools-for-stm32.12.3.rel1.macos64_1.1.0.202410301201/tools/bin/../lib/gcc/arm-none-eabi/12.3.1/thumb/v6-m/nofp/libgcc.a(_dvmd_tls.o)
                0x08000218                __aeabi_ldiv0
                0x08000218                __aeabi_idiv0
 .text          0x0800021c       0x40 /Applications/STM32CubeIDE.app/Contents/Eclipse/plugins/com.st.stm32cube.ide.mcu.externaltools.gnu-tools-for-stm32.12.3.rel1.macos64_1.1.0.202410301201/tools/bin/../lib/gcc/arm-none-eabi/12.3.1/thumb/v6-m/nofp/libgcc.a(_aeabi_uldivmod.o)
                0x0800021c                __aeabi_uldivmod
 .text          0x0800025c      0x198 /Applications/STM32CubeIDE.app/Contents/Eclipse/plugins/com.st.stm32cube.ide.mcu.externaltools.gnu-tools-for-stm32.12.3.rel1.macos64_1.1.0.202410301201/tools/bin/../lib/gcc/arm-none-eabi/12.3.1/thumb/v6-m/nofp/libgcc.a(_udivmoddi4.o)
                0x0800025c                __udivmoddi4
 .text          0x080003f4       0x18 /Applications/STM32CubeIDE.app/Contents/Eclipse/plugins/com.st.stm32cube.ide.mcu.externaltools.gnu-tools-for-stm32.12.3.rel1.macos64_1.1.0.202410301201/tools/bin/../lib/gcc/arm-none-eabi/12.3.1/thumb/v6-m/nofp/libgcc.a(_clzdi2.o)
                0x080003f4                __clzdi2
 .text          0x0800040c       0x3c /Applications/STM32CubeIDE.app/Contents/Eclipse/plugins/com.st.stm32cube.ide.mcu.externaltools.gnu-tools-for-stm32.12.3.rel1.macos64_1.1.0.202410301201/tools/bin/../lib/gcc/arm-none-eabi/12.3.1/thumb/v6-m/nofp/libgcc.a(_clzsi2.o)
                0x0800040c                __clzsi2
 *(.text*)
 .text.Start_UART_Receive
                0x08000448       0x18 ./Core/Src/UART.o
                0x08000448                Start_UART_Receive
 .text.Speed_Pot_Check
                0x08000460       0x78 ./Core/Src/checking_functions.o
                0x08000460                Speed_Pot_Check
 .text.Check_Tap_Tempo_Switch_State
                0x080004d8       0x64 ./Core/Src/checking_functions.o
                0x080004d8                Check_Tap_Tempo_Switch_State
 .text.SystemClock_Config
                0x0800053c       0x80 ./Core/Src/config.o
                0x0800053c                SystemClock_Config
 .text.MX_ADC1_Init
                0x080005bc       0xf4 ./Core/Src/config.o
                0x080005bc                MX_ADC1_Init
 .text.MX_TIM16_Init
                0x080006b0       0xb0 ./Core/Src/config.o
                0x080006b0                MX_TIM16_Init
 .text.MX_TIM2_Init
                0x08000760       0xb8 ./Core/Src/config.o
                0x08000760                MX_TIM2_Init
 .text.MX_TIM3_Init
                0x08000818       0xc0 ./Core/Src/config.o
                0x08000818                MX_TIM3_Init
 .text.MX_TIM1_Init
                0x080008d8      0x128 ./Core/Src/config.o
                0x080008d8                MX_TIM1_Init
 .text.MX_TIM17_Init
                0x08000a00       0xb4 ./Core/Src/config.o
                0x08000a00                MX_TIM17_Init
 .text.MX_TIM14_Init
                0x08000ab4       0x78 ./Core/Src/config.o
                0x08000ab4                MX_TIM14_Init
 .text.MX_GPIO_Init
                0x08000b2c      0x138 ./Core/Src/config.o
                0x08000b2c                MX_GPIO_Init
 .text.Error_Handler
                0x08000c64        0x4 ./Core/Src/config.o
                0x08000c64                Error_Handler
 .text.System_Init
                0x08000c68      0x19c ./Core/Src/config.o
                0x08000c68                System_Init
 .text.TIM16_callback
                0x08000e04       0x3c ./Core/Src/custom_callbacks.o
                0x08000e04                TIM16_callback
 .text.ADC_DMA_conversion_complete_callback
                0x08000e40       0x68 ./Core/Src/custom_callbacks.o
                0x08000e40                ADC_DMA_conversion_complete_callback
 .text.TIM2_ch1_IP_capture_callback
                0x08000ea8       0x90 ./Core/Src/custom_callbacks.o
                0x08000ea8                TIM2_ch1_IP_capture_callback
 .text.TIM2_ch1_overflow_callback
                0x08000f38       0x64 ./Core/Src/custom_callbacks.o
                0x08000f38                TIM2_ch1_overflow_callback
 .text.TIM3_ch1_IP_capture_measurement_reelapse_callback
                0x08000f9c       0x9c ./Core/Src/custom_callbacks.o
                0x08000f9c                TIM3_ch1_IP_capture_measurement_reelapse_callback
 .text.UART2_TX_transfer_complete_callback
                0x08001038        0x4 ./Core/Src/custom_callbacks.o
                0x08001038                UART2_TX_transfer_complete_callback
 .text.UART2_RX_transfer_complete_callback
                0x0800103c       0xcc ./Core/Src/custom_callbacks.o
                0x0800103c                UART2_RX_transfer_complete_callback
 .text.HAL_GPIO_EXTI_Falling_Callback
                0x08001108       0x38 ./Core/Src/custom_callbacks.o
                0x08001108                HAL_GPIO_EXTI_Falling_Callback
 .text.HAL_GPIO_EXTI_Rising_Callback
                0x08001140       0xb8 ./Core/Src/custom_callbacks.o
                0x08001140                HAL_GPIO_EXTI_Rising_Callback
 .text.LPTIM1_callback
                0x080011f8      0x150 ./Core/Src/custom_callbacks.o
                0x080011f8                LPTIM1_callback
 .text.TIM17_callback
                0x08001348        0x4 ./Core/Src/custom_callbacks.o
                0x08001348                TIM17_callback
 .text.TIM14_callback
                0x0800134c        0x4 ./Core/Src/custom_callbacks.o
                0x0800134c                TIM14_callback
 .text.Input_Capture_Processing
                0x08001350       0x7c ./Core/Src/input_capture.o
                0x08001350                Input_Capture_Processing
 .text.Start_Input_Capture_Timer
                0x080013cc       0x30 ./Core/Src/input_capture.o
                0x080013cc                Start_Input_Capture_Timer
 .text.Copy_Params_Structs
                0x080013fc       0x14 ./Core/Src/input_capture.o
                0x080013fc                Copy_Params_Structs
 .text.Start_Measurement_Reelapse_Timer
                0x08001410       0x24 ./Core/Src/input_capture.o
                0x08001410                Start_Measurement_Reelapse_Timer
 .text.Begin_Input_Capture_Measurement
                0x08001434       0x10 ./Core/Src/input_capture.o
                0x08001434                Begin_Input_Capture_Measurement
 .text.startup.main
                0x08001444       0x34 ./Core/Src/main.o
                0x08001444                main
 .text.Start_PWM_Gen_Timer_Main_and_Secondary_Oscillators
                0x08001478       0x34 ./Core/Src/oscillator.o
                0x08001478                Start_PWM_Gen_Timer_Main_and_Secondary_Oscillators
 .text.Start_Freq_Gen_Timer
                0x080014ac       0x1c ./Core/Src/oscillator.o
                0x080014ac                Start_Freq_Gen_Timer
 .text.Process_TIM16_Raw_Start_Value_and_Raw_Prescaler
                0x080014c8       0x30 ./Core/Src/oscillator.o
                0x080014c8                Process_TIM16_Raw_Start_Value_and_Raw_Prescaler
 .text.Set_Oscillator_Values
                0x080014f8       0x30 ./Core/Src/oscillator.o
                0x080014f8                Set_Oscillator_Values
 .text.Calculate_Next_Main_Oscillator_Values
                0x08001528      0x118 ./Core/Src/oscillator.o
                0x08001528                Calculate_Next_Main_Oscillator_Values
 .text.Write_Next_Main_Oscillator_Values_to_Delay_Line
                0x08001640       0xb8 ./Core/Src/oscillator.o
                0x08001640                Write_Next_Main_Oscillator_Values_to_Delay_Line
 .text.Process_ADC_Conversion_Values
                0x080016f8       0x4c ./Core/Src/oscillator.o
                0x080016f8                Process_ADC_Conversion_Values
 .text.Startup  0x08001744      0x110 ./Core/Src/startup.o
                0x08001744                Startup
 .text.Advance_Pending_States
                0x08001854       0x24 ./Core/Src/state_machine.o
                0x08001854                Advance_Pending_States
 .text.HAL_MspInit
                0x08001878       0x30 ./Core/Src/stm32g0xx_hal_msp.o
                0x08001878                HAL_MspInit
 .text.HAL_ADC_MspInit
                0x080018a8       0xa0 ./Core/Src/stm32g0xx_hal_msp.o
                0x080018a8                HAL_ADC_MspInit
 .text.HAL_LPTIM_MspInit
                0x08001948       0xf4 ./Core/Src/stm32g0xx_hal_msp.o
                0x08001948                HAL_LPTIM_MspInit
 .text.HAL_TIM_Base_MspInit
                0x08001a3c      0x170 ./Core/Src/stm32g0xx_hal_msp.o
                0x08001a3c                HAL_TIM_Base_MspInit
 .text.HAL_TIM_MspPostInit
                0x08001bac       0x78 ./Core/Src/stm32g0xx_hal_msp.o
                0x08001bac                HAL_TIM_MspPostInit
 .text.HAL_UART_MspInit
                0x08001c24       0xec ./Core/Src/stm32g0xx_hal_msp.o
                0x08001c24                HAL_UART_MspInit
 .text.NMI_Handler
                0x08001d10        0x4 ./Core/Src/stm32g0xx_it.o
                0x08001d10                NMI_Handler
 .text.HardFault_Handler
                0x08001d14        0x4 ./Core/Src/stm32g0xx_it.o
                0x08001d14                HardFault_Handler
 .text.SVC_Handler
                0x08001d18        0x4 ./Core/Src/stm32g0xx_it.o
                0x08001d18                SVC_Handler
 .text.PendSV_Handler
                0x08001d1c        0x4 ./Core/Src/stm32g0xx_it.o
                0x08001d1c                PendSV_Handler
 .text.SysTick_Handler
                0x08001d20        0x8 ./Core/Src/stm32g0xx_it.o
                0x08001d20                SysTick_Handler
 .text.EXTI4_15_IRQHandler
                0x08001d28        0xc ./Core/Src/stm32g0xx_it.o
                0x08001d28                EXTI4_15_IRQHandler
 .text.DMA1_Channel1_IRQHandler
                0x08001d34       0x10 ./Core/Src/stm32g0xx_it.o
                0x08001d34                DMA1_Channel1_IRQHandler
 .text.DMA1_Channel2_3_IRQHandler
                0x08001d44       0x18 ./Core/Src/stm32g0xx_it.o
                0x08001d44                DMA1_Channel2_3_IRQHandler
 .text.TIM2_IRQHandler
                0x08001d5c       0x10 ./Core/Src/stm32g0xx_it.o
                0x08001d5c                TIM2_IRQHandler
 .text.TIM3_IRQHandler
                0x08001d6c       0x10 ./Core/Src/stm32g0xx_it.o
                0x08001d6c                TIM3_IRQHandler
 .text.TIM16_IRQHandler
                0x08001d7c       0x10 ./Core/Src/stm32g0xx_it.o
                0x08001d7c                TIM16_IRQHandler
 .text.USART2_IRQHandler
                0x08001d8c       0x10 ./Core/Src/stm32g0xx_it.o
                0x08001d8c                USART2_IRQHandler
 .text.LPTIM1_IRQHandler
                0x08001d9c       0x10 ./Core/Src/stm32g0xx_it.o
                0x08001d9c                LPTIM1_IRQHandler
 .text.TIM17_IRQHandler
                0x08001dac       0x10 ./Core/Src/stm32g0xx_it.o
                0x08001dac                TIM17_IRQHandler
 .text.TIM14_IRQHandler
                0x08001dbc       0x10 ./Core/Src/stm32g0xx_it.o
                0x08001dbc                TIM14_IRQHandler
 .text.Process_TIM16_Final_Start_Value_and_Final_Prescaler
                0x08001dcc      0x2a0 ./Core/Src/symmetry_adjustment.o
                0x08001dcc                Process_TIM16_Final_Start_Value_and_Final_Prescaler
 .text.SystemInit
                0x0800206c        0x4 ./Core/Src/system_stm32g0xx.o
                0x0800206c                SystemInit
 .text.Start_OC_TIM
                0x08002070       0x14 ./Core/Src/timers.o
                0x08002070                Start_OC_TIM
 .text.Stop_OC_TIM
                0x08002084       0x14 ./Core/Src/timers.o
                0x08002084                Stop_OC_TIM
 .text.isPrime  0x08002098       0x34 ./Core/Src/utility.o
                0x08002098                isPrime
 .text.unsigned_bitwise_modulo
                0x080020cc        0xc ./Core/Src/utility.o
                0x080020cc                unsigned_bitwise_modulo
 .text.Global_Interrupt_Enable
                0x080020d8        0x8 ./Core/Src/utility.o
                0x080020d8                Global_Interrupt_Enable
 .text.Get_Status_Bit
                0x080020e0        0xc ./Core/Src/utility.o
                0x080020e0                Get_Status_Bit
 .text.Set_Status_Bit
                0x080020ec        0x8 ./Core/Src/utility.o
                0x080020ec                Set_Status_Bit
 .text.Clear_Status_Bit
                0x080020f4        0x8 ./Core/Src/utility.o
                0x080020f4                Clear_Status_Bit
 .text.Reset_Handler
                0x080020fc       0x50 ./Core/Startup/startup_stm32g031k8tx.o
                0x080020fc                Reset_Handler
 .text.Default_Handler
                0x0800214c        0x2 ./Core/Startup/startup_stm32g031k8tx.o
                0x0800214c                TIM1_BRK_UP_TRG_COM_IRQHandler
                0x0800214c                PVD_IRQHandler
                0x0800214c                I2C1_IRQHandler
                0x0800214c                LPTIM2_IRQHandler
                0x0800214c                RTC_TAMP_IRQHandler
                0x0800214c                SPI1_IRQHandler
                0x0800214c                DMA1_Ch4_5_DMAMUX1_OVR_IRQHandler
                0x0800214c                EXTI2_3_IRQHandler
                0x0800214c                ADC1_IRQHandler
                0x0800214c                I2C2_IRQHandler
                0x0800214c                RCC_IRQHandler
                0x0800214c                Default_Handler
                0x0800214c                EXTI0_1_IRQHandler
                0x0800214c                SPI2_IRQHandler
                0x0800214c                WWDG_IRQHandler
                0x0800214c                LPUART1_IRQHandler
                0x0800214c                FLASH_IRQHandler
                0x0800214c                USART1_IRQHandler
                0x0800214c                TIM1_CC_IRQHandler
 *fill*         0x0800214e        0x2 
 .text.HAL_InitTick
                0x08002150       0x4c ./Drivers/STM32G0xx_HAL_Driver/Src/stm32g0xx_hal.o
                0x08002150                HAL_InitTick
 .text.HAL_Init
                0x0800219c       0x28 ./Drivers/STM32G0xx_HAL_Driver/Src/stm32g0xx_hal.o
                0x0800219c                HAL_Init
 .text.HAL_IncTick
                0x080021c4       0x18 ./Drivers/STM32G0xx_HAL_Driver/Src/stm32g0xx_hal.o
                0x080021c4                HAL_IncTick
 .text.HAL_GetTick
                0x080021dc        0xc ./Drivers/STM32G0xx_HAL_Driver/Src/stm32g0xx_hal.o
                0x080021dc                HAL_GetTick
 .text.ADC_DMAConvCplt
                0x080021e8       0x80 ./Drivers/STM32G0xx_HAL_Driver/Src/stm32g0xx_hal_adc.o
 .text.ADC_DMAHalfConvCplt
                0x08002268        0xc ./Drivers/STM32G0xx_HAL_Driver/Src/stm32g0xx_hal_adc.o
 .text.ADC_DMAError
                0x08002274       0x1c ./Drivers/STM32G0xx_HAL_Driver/Src/stm32g0xx_hal_adc.o
 .text.HAL_ADC_ErrorCallback
                0x08002290        0x4 ./Drivers/STM32G0xx_HAL_Driver/Src/stm32g0xx_hal_adc.o
                0x08002290                HAL_ADC_ErrorCallback
 .text.HAL_ADC_ConvCpltCallback
                0x08002294        0x4 ./Drivers/STM32G0xx_HAL_Driver/Src/stm32g0xx_hal_adc.o
                0x08002294                HAL_ADC_ConvCpltCallback
 .text.HAL_ADC_ConvHalfCpltCallback
                0x08002298        0x4 ./Drivers/STM32G0xx_HAL_Driver/Src/stm32g0xx_hal_adc.o
                0x08002298                HAL_ADC_ConvHalfCpltCallback
 .text.HAL_ADC_LevelOutOfWindowCallback
                0x0800229c        0x4 ./Drivers/STM32G0xx_HAL_Driver/Src/stm32g0xx_hal_adc.o
                0x0800229c                HAL_ADC_LevelOutOfWindowCallback
 .text.HAL_ADC_Init
                0x080022a0      0x284 ./Drivers/STM32G0xx_HAL_Driver/Src/stm32g0xx_hal_adc.o
                0x080022a0                HAL_ADC_Init
 .text.HAL_ADC_RegisterCallback
                0x08002524       0x70 ./Drivers/STM32G0xx_HAL_Driver/Src/stm32g0xx_hal_adc.o
                0x08002524                HAL_ADC_RegisterCallback
 .text.HAL_ADC_ConfigChannel
                0x08002594      0x284 ./Drivers/STM32G0xx_HAL_Driver/Src/stm32g0xx_hal_adc.o
                0x08002594                HAL_ADC_ConfigChannel
 .text.ADC_ConversionStop
                0x08002818       0x74 ./Drivers/STM32G0xx_HAL_Driver/Src/stm32g0xx_hal_adc.o
                0x08002818                ADC_ConversionStop
 .text.ADC_Enable
                0x0800288c       0xcc ./Drivers/STM32G0xx_HAL_Driver/Src/stm32g0xx_hal_adc.o
                0x0800288c                ADC_Enable
 .text.HAL_ADC_Start_DMA
                0x08002958       0xb4 ./Drivers/STM32G0xx_HAL_Driver/Src/stm32g0xx_hal_adc.o
                0x08002958                HAL_ADC_Start_DMA
 .text.ADC_Disable
                0x08002a0c       0x88 ./Drivers/STM32G0xx_HAL_Driver/Src/stm32g0xx_hal_adc.o
                0x08002a0c                ADC_Disable
 .text.HAL_ADC_Stop_DMA
                0x08002a94       0x8c ./Drivers/STM32G0xx_HAL_Driver/Src/stm32g0xx_hal_adc.o
                0x08002a94                HAL_ADC_Stop_DMA
 .text.HAL_ADCEx_Calibration_Start
                0x08002b20      0x19c ./Drivers/STM32G0xx_HAL_Driver/Src/stm32g0xx_hal_adc_ex.o
                0x08002b20                HAL_ADCEx_Calibration_Start
 .text.HAL_ADCEx_LevelOutOfWindow2Callback
                0x08002cbc        0x4 ./Drivers/STM32G0xx_HAL_Driver/Src/stm32g0xx_hal_adc_ex.o
                0x08002cbc                HAL_ADCEx_LevelOutOfWindow2Callback
 .text.HAL_ADCEx_LevelOutOfWindow3Callback
                0x08002cc0        0x4 ./Drivers/STM32G0xx_HAL_Driver/Src/stm32g0xx_hal_adc_ex.o
                0x08002cc0                HAL_ADCEx_LevelOutOfWindow3Callback
 .text.HAL_ADCEx_EndOfSamplingCallback
                0x08002cc4        0x4 ./Drivers/STM32G0xx_HAL_Driver/Src/stm32g0xx_hal_adc_ex.o
                0x08002cc4                HAL_ADCEx_EndOfSamplingCallback
 .text.HAL_NVIC_SetPriority
                0x08002cc8       0x54 ./Drivers/STM32G0xx_HAL_Driver/Src/stm32g0xx_hal_cortex.o
                0x08002cc8                HAL_NVIC_SetPriority
 .text.HAL_NVIC_EnableIRQ
                0x08002d1c       0x18 ./Drivers/STM32G0xx_HAL_Driver/Src/stm32g0xx_hal_cortex.o
                0x08002d1c                HAL_NVIC_EnableIRQ
 .text.HAL_NVIC_DisableIRQ
                0x08002d34       0x20 ./Drivers/STM32G0xx_HAL_Driver/Src/stm32g0xx_hal_cortex.o
                0x08002d34                HAL_NVIC_DisableIRQ
 .text.HAL_SYSTICK_Config
                0x08002d54       0x34 ./Drivers/STM32G0xx_HAL_Driver/Src/stm32g0xx_hal_cortex.o
                0x08002d54                HAL_SYSTICK_Config
 .text.HAL_DMA_Init
                0x08002d88       0xec ./Drivers/STM32G0xx_HAL_Driver/Src/stm32g0xx_hal_dma.o
                0x08002d88                HAL_DMA_Init
 .text.HAL_DMA_Start_IT
                0x08002e74       0xd0 ./Drivers/STM32G0xx_HAL_Driver/Src/stm32g0xx_hal_dma.o
                0x08002e74                HAL_DMA_Start_IT
 .text.HAL_DMA_Abort
                0x08002f44       0x78 ./Drivers/STM32G0xx_HAL_Driver/Src/stm32g0xx_hal_dma.o
                0x08002f44                HAL_DMA_Abort
 .text.HAL_DMA_Abort_IT
                0x08002fbc       0x78 ./Drivers/STM32G0xx_HAL_Driver/Src/stm32g0xx_hal_dma.o
                0x08002fbc                HAL_DMA_Abort_IT
 .text.HAL_DMA_IRQHandler
                0x08003034       0xb8 ./Drivers/STM32G0xx_HAL_Driver/Src/stm32g0xx_hal_dma.o
                0x08003034                HAL_DMA_IRQHandler
 .text.HAL_GPIO_Init
                0x080030ec      0x1e4 ./Drivers/STM32G0xx_HAL_Driver/Src/stm32g0xx_hal_gpio.o
                0x080030ec                HAL_GPIO_Init
 .text.HAL_GPIO_ReadPin
                0x080032d0        0xc ./Drivers/STM32G0xx_HAL_Driver/Src/stm32g0xx_hal_gpio.o
                0x080032d0                HAL_GPIO_ReadPin
 .text.HAL_GPIO_WritePin
                0x080032dc        0xc ./Drivers/STM32G0xx_HAL_Driver/Src/stm32g0xx_hal_gpio.o
                0x080032dc                HAL_GPIO_WritePin
 .text.HAL_GPIO_EXTI_IRQHandler
                0x080032e8       0x34 ./Drivers/STM32G0xx_HAL_Driver/Src/stm32g0xx_hal_gpio.o
                0x080032e8                HAL_GPIO_EXTI_IRQHandler
 .text.HAL_LPTIM_DirectionDownCallback
                0x0800331c        0x4 ./Drivers/STM32G0xx_HAL_Driver/Src/stm32g0xx_hal_lptim.o
                0x0800331c                HAL_LPTIM_DirectionDownCallback
 .text.HAL_LPTIM_CompareMatchCallback
                0x08003320        0x4 ./Drivers/STM32G0xx_HAL_Driver/Src/stm32g0xx_hal_lptim.o
                0x08003320                HAL_LPTIM_CompareMatchCallback
 .text.HAL_LPTIM_AutoReloadMatchCallback
                0x08003324        0x4 ./Drivers/STM32G0xx_HAL_Driver/Src/stm32g0xx_hal_lptim.o
                0x08003324                HAL_LPTIM_AutoReloadMatchCallback
 .text.HAL_LPTIM_TriggerCallback
                0x08003328        0x4 ./Drivers/STM32G0xx_HAL_Driver/Src/stm32g0xx_hal_lptim.o
                0x08003328                HAL_LPTIM_TriggerCallback
 .text.HAL_LPTIM_CompareWriteCallback
                0x0800332c        0x4 ./Drivers/STM32G0xx_HAL_Driver/Src/stm32g0xx_hal_lptim.o
                0x0800332c                HAL_LPTIM_CompareWriteCallback
 .text.HAL_LPTIM_AutoReloadWriteCallback
                0x08003330        0x4 ./Drivers/STM32G0xx_HAL_Driver/Src/stm32g0xx_hal_lptim.o
                0x08003330                HAL_LPTIM_AutoReloadWriteCallback
 .text.HAL_LPTIM_DirectionUpCallback
                0x08003334        0x4 ./Drivers/STM32G0xx_HAL_Driver/Src/stm32g0xx_hal_lptim.o
                0x08003334                HAL_LPTIM_DirectionUpCallback
 .text.HAL_LPTIM_Init
                0x08003338      0x108 ./Drivers/STM32G0xx_HAL_Driver/Src/stm32g0xx_hal_lptim.o
                0x08003338                HAL_LPTIM_Init
 .text.HAL_LPTIM_IRQHandler
                0x08003440       0xb8 ./Drivers/STM32G0xx_HAL_Driver/Src/stm32g0xx_hal_lptim.o
                0x08003440                HAL_LPTIM_IRQHandler
 .text.HAL_LPTIM_RegisterCallback
                0x080034f8       0x70 ./Drivers/STM32G0xx_HAL_Driver/Src/stm32g0xx_hal_lptim.o
                0x080034f8                HAL_LPTIM_RegisterCallback
 .text.LPTIM_Disable
                0x08003568      0x1c8 ./Drivers/STM32G0xx_HAL_Driver/Src/stm32g0xx_hal_lptim.o
                0x08003568                LPTIM_Disable
 .text.HAL_LPTIM_SetOnce_Start_IT
                0x08003730       0xc8 ./Drivers/STM32G0xx_HAL_Driver/Src/stm32g0xx_hal_lptim.o
                0x08003730                HAL_LPTIM_SetOnce_Start_IT
 .text.HAL_PWREx_ControlVoltageScaling
                0x080037f8       0x60 ./Drivers/STM32G0xx_HAL_Driver/Src/stm32g0xx_hal_pwr_ex.o
                0x080037f8                HAL_PWREx_ControlVoltageScaling
 .text.HAL_RCC_OscConfig
                0x08003858      0x4d0 ./Drivers/STM32G0xx_HAL_Driver/Src/stm32g0xx_hal_rcc.o
                0x08003858                HAL_RCC_OscConfig
 .text.HAL_RCC_GetSysClockFreq
                0x08003d28       0x9c ./Drivers/STM32G0xx_HAL_Driver/Src/stm32g0xx_hal_rcc.o
                0x08003d28                HAL_RCC_GetSysClockFreq
 .text.HAL_RCC_ClockConfig
                0x08003dc4      0x190 ./Drivers/STM32G0xx_HAL_Driver/Src/stm32g0xx_hal_rcc.o
                0x08003dc4                HAL_RCC_ClockConfig
 .text.HAL_RCC_GetPCLK1Freq
                0x08003f54       0x28 ./Drivers/STM32G0xx_HAL_Driver/Src/stm32g0xx_hal_rcc.o
                0x08003f54                HAL_RCC_GetPCLK1Freq
 .text.HAL_RCCEx_PeriphCLKConfig
                0x08003f7c      0x1f0 ./Drivers/STM32G0xx_HAL_Driver/Src/stm32g0xx_hal_rcc_ex.o
                0x08003f7c                HAL_RCCEx_PeriphCLKConfig
 .text.HAL_TIM_OC_MspInit
                0x0800416c        0x4 ./Drivers/STM32G0xx_HAL_Driver/Src/stm32g0xx_hal_tim.o
                0x0800416c                HAL_TIM_OC_MspInit
 .text.HAL_TIM_PWM_MspInit
                0x08004170        0x4 ./Drivers/STM32G0xx_HAL_Driver/Src/stm32g0xx_hal_tim.o
                0x08004170                HAL_TIM_PWM_MspInit
 .text.HAL_TIM_IC_MspInit
                0x08004174        0x4 ./Drivers/STM32G0xx_HAL_Driver/Src/stm32g0xx_hal_tim.o
                0x08004174                HAL_TIM_IC_MspInit
 .text.HAL_TIM_PeriodElapsedCallback
                0x08004178        0x4 ./Drivers/STM32G0xx_HAL_Driver/Src/stm32g0xx_hal_tim.o
                0x08004178                HAL_TIM_PeriodElapsedCallback
 .text.HAL_TIM_PeriodElapsedHalfCpltCallback
                0x0800417c        0x4 ./Drivers/STM32G0xx_HAL_Driver/Src/stm32g0xx_hal_tim.o
                0x0800417c                HAL_TIM_PeriodElapsedHalfCpltCallback
 .text.HAL_TIM_OC_DelayElapsedCallback
                0x08004180        0x4 ./Drivers/STM32G0xx_HAL_Driver/Src/stm32g0xx_hal_tim.o
                0x08004180                HAL_TIM_OC_DelayElapsedCallback
 .text.HAL_TIM_IC_CaptureCallback
                0x08004184        0x4 ./Drivers/STM32G0xx_HAL_Driver/Src/stm32g0xx_hal_tim.o
                0x08004184                HAL_TIM_IC_CaptureCallback
 .text.HAL_TIM_IC_CaptureHalfCpltCallback
                0x08004188        0x4 ./Drivers/STM32G0xx_HAL_Driver/Src/stm32g0xx_hal_tim.o
                0x08004188                HAL_TIM_IC_CaptureHalfCpltCallback
 .text.HAL_TIM_PWM_PulseFinishedCallback
                0x0800418c        0x4 ./Drivers/STM32G0xx_HAL_Driver/Src/stm32g0xx_hal_tim.o
                0x0800418c                HAL_TIM_PWM_PulseFinishedCallback
 .text.HAL_TIM_PWM_PulseFinishedHalfCpltCallback
                0x08004190        0x4 ./Drivers/STM32G0xx_HAL_Driver/Src/stm32g0xx_hal_tim.o
                0x08004190                HAL_TIM_PWM_PulseFinishedHalfCpltCallback
 .text.HAL_TIM_TriggerCallback
                0x08004194        0x4 ./Drivers/STM32G0xx_HAL_Driver/Src/stm32g0xx_hal_tim.o
                0x08004194                HAL_TIM_TriggerCallback
 .text.HAL_TIM_TriggerHalfCpltCallback
                0x08004198        0x4 ./Drivers/STM32G0xx_HAL_Driver/Src/stm32g0xx_hal_tim.o
                0x08004198                HAL_TIM_TriggerHalfCpltCallback
 .text.HAL_TIM_ErrorCallback
                0x0800419c        0x4 ./Drivers/STM32G0xx_HAL_Driver/Src/stm32g0xx_hal_tim.o
                0x0800419c                HAL_TIM_ErrorCallback
 .text.HAL_TIM_Base_Init
                0x080041a0      0x190 ./Drivers/STM32G0xx_HAL_Driver/Src/stm32g0xx_hal_tim.o
                0x080041a0                HAL_TIM_Base_Init
 .text.HAL_TIM_Base_Start
                0x08004330       0x5c ./Drivers/STM32G0xx_HAL_Driver/Src/stm32g0xx_hal_tim.o
                0x08004330                HAL_TIM_Base_Start
 .text.HAL_TIM_Base_Start_IT
                0x0800438c       0x64 ./Drivers/STM32G0xx_HAL_Driver/Src/stm32g0xx_hal_tim.o
                0x0800438c                HAL_TIM_Base_Start_IT
 .text.HAL_TIM_OC_Init
                0x080043f0      0x190 ./Drivers/STM32G0xx_HAL_Driver/Src/stm32g0xx_hal_tim.o
                0x080043f0                HAL_TIM_OC_Init
 .text.HAL_TIM_OC_Start_IT
                0x08004580      0x104 ./Drivers/STM32G0xx_HAL_Driver/Src/stm32g0xx_hal_tim.o
                0x08004580                HAL_TIM_OC_Start_IT
 .text.HAL_TIM_OC_Stop_IT
                0x08004684      0x100 ./Drivers/STM32G0xx_HAL_Driver/Src/stm32g0xx_hal_tim.o
                0x08004684                HAL_TIM_OC_Stop_IT
 .text.HAL_TIM_PWM_Init
                0x08004784      0x190 ./Drivers/STM32G0xx_HAL_Driver/Src/stm32g0xx_hal_tim.o
                0x08004784                HAL_TIM_PWM_Init
 .text.HAL_TIM_PWM_Start
                0x08004914       0xd0 ./Drivers/STM32G0xx_HAL_Driver/Src/stm32g0xx_hal_tim.o
                0x08004914                HAL_TIM_PWM_Start
 .text.HAL_TIM_IC_Init
                0x080049e4      0x190 ./Drivers/STM32G0xx_HAL_Driver/Src/stm32g0xx_hal_tim.o
                0x080049e4                HAL_TIM_IC_Init
 .text.HAL_TIM_IC_Start_IT
                0x08004b74      0x168 ./Drivers/STM32G0xx_HAL_Driver/Src/stm32g0xx_hal_tim.o
                0x08004b74                HAL_TIM_IC_Start_IT
 .text.HAL_TIM_IRQHandler
                0x08004cdc      0x1b4 ./Drivers/STM32G0xx_HAL_Driver/Src/stm32g0xx_hal_tim.o
                0x08004cdc                HAL_TIM_IRQHandler
 .text.HAL_TIM_OC_ConfigChannel
                0x08004e90      0x2a4 ./Drivers/STM32G0xx_HAL_Driver/Src/stm32g0xx_hal_tim.o
                0x08004e90                HAL_TIM_OC_ConfigChannel
 .text.HAL_TIM_IC_ConfigChannel
                0x08005134      0x1bc ./Drivers/STM32G0xx_HAL_Driver/Src/stm32g0xx_hal_tim.o
                0x08005134                HAL_TIM_IC_ConfigChannel
 .text.HAL_TIM_PWM_ConfigChannel
                0x080052f0      0x348 ./Drivers/STM32G0xx_HAL_Driver/Src/stm32g0xx_hal_tim.o
                0x080052f0                HAL_TIM_PWM_ConfigChannel
 .text.HAL_TIM_ConfigClockSource
                0x08005638      0x170 ./Drivers/STM32G0xx_HAL_Driver/Src/stm32g0xx_hal_tim.o
                0x08005638                HAL_TIM_ConfigClockSource
 .text.HAL_TIM_ReadCapturedValue
                0x080057a8       0x30 ./Drivers/STM32G0xx_HAL_Driver/Src/stm32g0xx_hal_tim.o
                0x080057a8                HAL_TIM_ReadCapturedValue
 .text.HAL_TIM_RegisterCallback
                0x080057d8      0x104 ./Drivers/STM32G0xx_HAL_Driver/Src/stm32g0xx_hal_tim.o
                0x080057d8                HAL_TIM_RegisterCallback
 .text.HAL_TIMEx_MasterConfigSynchronization
                0x080058dc       0x70 ./Drivers/STM32G0xx_HAL_Driver/Src/stm32g0xx_hal_tim_ex.o
                0x080058dc                HAL_TIMEx_MasterConfigSynchronization
 .text.HAL_TIMEx_ConfigBreakDeadTime
                0x0800594c       0xc0 ./Drivers/STM32G0xx_HAL_Driver/Src/stm32g0xx_hal_tim_ex.o
                0x0800594c                HAL_TIMEx_ConfigBreakDeadTime
 .text.HAL_TIMEx_CommutCallback
                0x08005a0c        0x4 ./Drivers/STM32G0xx_HAL_Driver/Src/stm32g0xx_hal_tim_ex.o
                0x08005a0c                HAL_TIMEx_CommutCallback
 .text.HAL_TIMEx_CommutHalfCpltCallback
                0x08005a10        0x4 ./Drivers/STM32G0xx_HAL_Driver/Src/stm32g0xx_hal_tim_ex.o
                0x08005a10                HAL_TIMEx_CommutHalfCpltCallback
 .text.HAL_TIMEx_BreakCallback
                0x08005a14        0x4 ./Drivers/STM32G0xx_HAL_Driver/Src/stm32g0xx_hal_tim_ex.o
                0x08005a14                HAL_TIMEx_BreakCallback
 .text.HAL_TIMEx_Break2Callback
                0x08005a18        0x4 ./Drivers/STM32G0xx_HAL_Driver/Src/stm32g0xx_hal_tim_ex.o
                0x08005a18                HAL_TIMEx_Break2Callback
 .text.HAL_UARTEx_RxEventCallback
                0x08005a1c        0x4 ./Drivers/STM32G0xx_HAL_Driver/Src/stm32g0xx_hal_uart.o
                0x08005a1c                HAL_UARTEx_RxEventCallback
 .text.UART_DMAReceiveCplt
                0x08005a20       0xa0 ./Drivers/STM32G0xx_HAL_Driver/Src/stm32g0xx_hal_uart.o
 .text.UART_DMARxHalfCplt
                0x08005ac0       0x24 ./Drivers/STM32G0xx_HAL_Driver/Src/stm32g0xx_hal_uart.o
 .text.UART_DMAAbortOnError
                0x08005ae4       0x18 ./Drivers/STM32G0xx_HAL_Driver/Src/stm32g0xx_hal_uart.o
 .text.HAL_UART_AbortReceiveCpltCallback
                0x08005afc        0x4 ./Drivers/STM32G0xx_HAL_Driver/Src/stm32g0xx_hal_uart.o
                0x08005afc                HAL_UART_AbortReceiveCpltCallback
 .text.HAL_UART_TxCpltCallback
                0x08005b00        0x4 ./Drivers/STM32G0xx_HAL_Driver/Src/stm32g0xx_hal_uart.o
                0x08005b00                HAL_UART_TxCpltCallback
 .text.HAL_UART_TxHalfCpltCallback
                0x08005b04        0x4 ./Drivers/STM32G0xx_HAL_Driver/Src/stm32g0xx_hal_uart.o
                0x08005b04                HAL_UART_TxHalfCpltCallback
 .text.HAL_UART_RxCpltCallback
                0x08005b08        0x4 ./Drivers/STM32G0xx_HAL_Driver/Src/stm32g0xx_hal_uart.o
                0x08005b08                HAL_UART_RxCpltCallback
 .text.HAL_UART_RxHalfCpltCallback
                0x08005b0c        0x4 ./Drivers/STM32G0xx_HAL_Driver/Src/stm32g0xx_hal_uart.o
                0x08005b0c                HAL_UART_RxHalfCpltCallback
 .text.HAL_UART_ErrorCallback
                0x08005b10        0x4 ./Drivers/STM32G0xx_HAL_Driver/Src/stm32g0xx_hal_uart.o
                0x08005b10                HAL_UART_ErrorCallback
 .text.HAL_UART_AbortCpltCallback
                0x08005b14        0x4 ./Drivers/STM32G0xx_HAL_Driver/Src/stm32g0xx_hal_uart.o
                0x08005b14                HAL_UART_AbortCpltCallback
 .text.HAL_UART_AbortTransmitCpltCallback
                0x08005b18        0x4 ./Drivers/STM32G0xx_HAL_Driver/Src/stm32g0xx_hal_uart.o
                0x08005b18                HAL_UART_AbortTransmitCpltCallback
 .text.UART_DMAError
                0x08005b1c       0xdc ./Drivers/STM32G0xx_HAL_Driver/Src/stm32g0xx_hal_uart.o
 .text.HAL_UART_RegisterCallback
                0x08005bf8       0xa4 ./Drivers/STM32G0xx_HAL_Driver/Src/stm32g0xx_hal_uart.o
                0x08005bf8                HAL_UART_RegisterCallback
 .text.HAL_UART_Receive_DMA
                0x08005c9c      0x100 ./Drivers/STM32G0xx_HAL_Driver/Src/stm32g0xx_hal_uart.o
                0x08005c9c                HAL_UART_Receive_DMA
 .text.HAL_UART_IRQHandler
                0x08005d9c      0x3cc ./Drivers/STM32G0xx_HAL_Driver/Src/stm32g0xx_hal_uart.o
                0x08005d9c                HAL_UART_IRQHandler
 .text.UART_AdvFeatureConfig
                0x08006168       0xd0 ./Drivers/STM32G0xx_HAL_Driver/Src/stm32g0xx_hal_uart.o
                0x08006168                UART_AdvFeatureConfig
 .text.UART_CheckIdleState
                0x08006238      0x2ac ./Drivers/STM32G0xx_HAL_Driver/Src/stm32g0xx_hal_uart.o
                0x08006238                UART_CheckIdleState
 .text.HAL_UART_Init
                0x080064e4      0x324 ./Drivers/STM32G0xx_HAL_Driver/Src/stm32g0xx_hal_uart.o
                0x080064e4                HAL_UART_Init
 .text.HAL_UARTEx_WakeupCallback
                0x08006808        0x4 ./Drivers/STM32G0xx_HAL_Driver/Src/stm32g0xx_hal_uart_ex.o
                0x08006808                HAL_UARTEx_WakeupCallback
 .text.HAL_UARTEx_RxFifoFullCallback
                0x0800680c        0x4 ./Drivers/STM32G0xx_HAL_Driver/Src/stm32g0xx_hal_uart_ex.o
                0x0800680c                HAL_UARTEx_RxFifoFullCallback
 .text.HAL_UARTEx_TxFifoEmptyCallback
                0x08006810        0x4 ./Drivers/STM32G0xx_HAL_Driver/Src/stm32g0xx_hal_uart_ex.o
                0x08006810                HAL_UARTEx_TxFifoEmptyCallback
 .text.memset   0x08006814       0x10 /Applications/STM32CubeIDE.app/Contents/Eclipse/plugins/com.st.stm32cube.ide.mcu.externaltools.gnu-tools-for-stm32.12.3.rel1.macos64_1.1.0.202410301201/tools/bin/../lib/gcc/arm-none-eabi/12.3.1/../../../../arm-none-eabi/lib/thumb/v6-m/nofp/libc_nano.a(libc_a-memset.o)
                0x08006814                memset
 .text.__libc_init_array
                0x08006824       0x48 /Applications/STM32CubeIDE.app/Contents/Eclipse/plugins/com.st.stm32cube.ide.mcu.externaltools.gnu-tools-for-stm32.12.3.rel1.macos64_1.1.0.202410301201/tools/bin/../lib/gcc/arm-none-eabi/12.3.1/../../../../arm-none-eabi/lib/thumb/v6-m/nofp/libc_nano.a(libc_a-init.o)
                0x08006824                __libc_init_array
 .text.memcpy   0x0800686c       0x12 /Applications/STM32CubeIDE.app/Contents/Eclipse/plugins/com.st.stm32cube.ide.mcu.externaltools.gnu-tools-for-stm32.12.3.rel1.macos64_1.1.0.202410301201/tools/bin/../lib/gcc/arm-none-eabi/12.3.1/../../../../arm-none-eabi/lib/thumb/v6-m/nofp/libc_nano.a(libc_a-memcpy-stub.o)
                0x0800686c                memcpy
 *(.glue_7)
 .glue_7        0x0800687e        0x0 linker stubs
 *(.glue_7t)
 .glue_7t       0x0800687e        0x0 linker stubs
 *(.eh_frame)
 *fill*         0x0800687e        0x2 
 .eh_frame      0x08006880        0x0 /Applications/STM32CubeIDE.app/Contents/Eclipse/plugins/com.st.stm32cube.ide.mcu.externaltools.gnu-tools-for-stm32.12.3.rel1.macos64_1.1.0.202410301201/tools/bin/../lib/gcc/arm-none-eabi/12.3.1/thumb/v6-m/nofp/crtbegin.o
 *(.init)
 .init          0x08006880        0x4 /Applications/STM32CubeIDE.app/Contents/Eclipse/plugins/com.st.stm32cube.ide.mcu.externaltools.gnu-tools-for-stm32.12.3.rel1.macos64_1.1.0.202410301201/tools/bin/../lib/gcc/arm-none-eabi/12.3.1/thumb/v6-m/nofp/crti.o
                0x08006880                _init
 .init          0x08006884        0x8 /Applications/STM32CubeIDE.app/Contents/Eclipse/plugins/com.st.stm32cube.ide.mcu.externaltools.gnu-tools-for-stm32.12.3.rel1.macos64_1.1.0.202410301201/tools/bin/../lib/gcc/arm-none-eabi/12.3.1/thumb/v6-m/nofp/crtn.o
 *(.fini)
 .fini          0x0800688c        0x4 /Applications/STM32CubeIDE.app/Contents/Eclipse/plugins/com.st.stm32cube.ide.mcu.externaltools.gnu-tools-for-stm32.12.3.rel1.macos64_1.1.0.202410301201/tools/bin/../lib/gcc/arm-none-eabi/12.3.1/thumb/v6-m/nofp/crti.o
                0x0800688c                _fini
 .fini          0x08006890        0x8 /Applications/STM32CubeIDE.app/Contents/Eclipse/plugins/com.st.stm32cube.ide.mcu.externaltools.gnu-tools-for-stm32.12.3.rel1.macos64_1.1.0.202410301201/tools/bin/../lib/gcc/arm-none-eabi/12.3.1/thumb/v6-m/nofp/crtn.o
                0x08006898                        . = ALIGN (0x4)
                0x08006898                        _etext = .

.vfp11_veneer   0x08006898        0x0
 .vfp11_veneer  0x08006898        0x0 linker stubs

.v4_bx          0x08006898        0x0
 .v4_bx         0x08006898        0x0 linker stubs

.iplt           0x08006898        0x0
 .iplt          0x08006898        0x0 /Applications/STM32CubeIDE.app/Contents/Eclipse/plugins/com.st.stm32cube.ide.mcu.externaltools.gnu-tools-for-stm32.12.3.rel1.macos64_1.1.0.202410301201/tools/bin/../lib/gcc/arm-none-eabi/12.3.1/thumb/v6-m/nofp/crtbegin.o

.rodata         0x08006898      0xb50
                0x08006898                        . = ALIGN (0x4)
 *(.rodata)
 *(.rodata*)
 .rodata.num_ADC_conversions
                0x08006898        0x1 ./Core/Src/oscillator.o
                0x08006898                num_ADC_conversions
 *fill*         0x08006899        0x3 
 .rodata.tri_wavetable
                0x0800689c      0x400 ./Core/Src/oscillator.o
                0x0800689c                tri_wavetable
 .rodata.sine_wavetable
                0x08006c9c      0x400 ./Core/Src/oscillator.o
                0x08006c9c                sine_wavetable
 .rodata.APBPrescTable
                0x0800709c       0x20 ./Core/Src/system_stm32g0xx.o
                0x0800709c                APBPrescTable
 .rodata.AHBPrescTable
                0x080070bc       0x40 ./Core/Src/system_stm32g0xx.o
                0x080070bc                AHBPrescTable
 .rodata.HAL_ADC_RegisterCallback
                0x080070fc       0x2c ./Drivers/STM32G0xx_HAL_Driver/Src/stm32g0xx_hal_adc.o
 .rodata.HAL_LPTIM_RegisterCallback
                0x08007128       0x24 ./Drivers/STM32G0xx_HAL_Driver/Src/stm32g0xx_hal_lptim.o
 .rodata.HAL_TIM_OC_Start_IT
                0x0800714c       0x44 ./Drivers/STM32G0xx_HAL_Driver/Src/stm32g0xx_hal_tim.o
 .rodata.HAL_TIM_PWM_Start
                0x08007190       0x44 ./Drivers/STM32G0xx_HAL_Driver/Src/stm32g0xx_hal_tim.o
 .rodata.HAL_TIM_IC_Start_IT
                0x080071d4       0x78 ./Drivers/STM32G0xx_HAL_Driver/Src/stm32g0xx_hal_tim.o
 .rodata.HAL_TIM_OC_ConfigChannel
                0x0800724c       0x54 ./Drivers/STM32G0xx_HAL_Driver/Src/stm32g0xx_hal_tim.o
 .rodata.HAL_TIM_PWM_ConfigChannel
                0x080072a0       0x54 ./Drivers/STM32G0xx_HAL_Driver/Src/stm32g0xx_hal_tim.o
 .rodata.HAL_TIM_RegisterCallback
                0x080072f4       0xa8 ./Drivers/STM32G0xx_HAL_Driver/Src/stm32g0xx_hal_tim.o
 .rodata.HAL_UART_RegisterCallback
                0x0800739c       0x34 ./Drivers/STM32G0xx_HAL_Driver/Src/stm32g0xx_hal_uart.o
 .rodata.UARTPrescTable
                0x080073d0       0x18 ./Drivers/STM32G0xx_HAL_Driver/Src/stm32g0xx_hal_uart.o
                0x080073d0                UARTPrescTable
                0x080073e8                        . = ALIGN (0x4)

.ARM.extab      0x080073e8        0x0
                0x080073e8                        . = ALIGN (0x4)
 *(.ARM.extab* .gnu.linkonce.armextab.*)
                0x080073e8                        . = ALIGN (0x4)

.ARM            0x080073e8        0x8
                0x080073e8                        . = ALIGN (0x4)
                0x080073e8                        __exidx_start = .
 *(.ARM.exidx*)
 .ARM.exidx     0x080073e8        0x8 /Applications/STM32CubeIDE.app/Contents/Eclipse/plugins/com.st.stm32cube.ide.mcu.externaltools.gnu-tools-for-stm32.12.3.rel1.macos64_1.1.0.202410301201/tools/bin/../lib/gcc/arm-none-eabi/12.3.1/thumb/v6-m/nofp/libgcc.a(_udivmoddi4.o)
                0x080073f0                        __exidx_end = .
                0x080073f0                        . = ALIGN (0x4)

.preinit_array  0x080073f0        0x0
                0x080073f0                        . = ALIGN (0x4)
                0x080073f0                        PROVIDE (__preinit_array_start = .)
 *(.preinit_array*)
                0x080073f0                        PROVIDE (__preinit_array_end = .)
                0x080073f0                        . = ALIGN (0x4)

.init_array     0x080073f0        0x4
                0x080073f0                        . = ALIGN (0x4)
                0x080073f0                        PROVIDE (__init_array_start = .)
 *(SORT_BY_NAME(.init_array.*))
 *(.init_array*)
 .init_array    0x080073f0        0x4 /Applications/STM32CubeIDE.app/Contents/Eclipse/plugins/com.st.stm32cube.ide.mcu.externaltools.gnu-tools-for-stm32.12.3.rel1.macos64_1.1.0.202410301201/tools/bin/../lib/gcc/arm-none-eabi/12.3.1/thumb/v6-m/nofp/crtbegin.o
                0x080073f4                        PROVIDE (__init_array_end = .)
                0x080073f4                        . = ALIGN (0x4)

.fini_array     0x080073f4        0x4
                0x080073f4                        . = ALIGN (0x4)
                [!provide]                        PROVIDE (__fini_array_start = .)
 *(SORT_BY_NAME(.fini_array.*))
 *(.fini_array*)
 .fini_array    0x080073f4        0x4 /Applications/STM32CubeIDE.app/Contents/Eclipse/plugins/com.st.stm32cube.ide.mcu.externaltools.gnu-tools-for-stm32.12.3.rel1.macos64_1.1.0.202410301201/tools/bin/../lib/gcc/arm-none-eabi/12.3.1/thumb/v6-m/nofp/crtbegin.o
                [!provide]                        PROVIDE (__fini_array_end = .)
                0x080073f8                        . = ALIGN (0x4)
                0x080073f8                        _sidata = LOADADDR (.data)

.rel.dyn        0x080073f8        0x0
 .rel.iplt      0x080073f8        0x0 /Applications/STM32CubeIDE.app/Contents/Eclipse/plugins/com.st.stm32cube.ide.mcu.externaltools.gnu-tools-for-stm32.12.3.rel1.macos64_1.1.0.202410301201/tools/bin/../lib/gcc/arm-none-eabi/12.3.1/thumb/v6-m/nofp/crtbegin.o

.data           0x20000000      0x420 load address 0x080073f8
                0x20000000                        . = ALIGN (0x4)
                0x20000000                        _sdata = .
 *(.data)
 *(.data*)
 .data.tap_tempo_switch_state_counter.1
                0x20000000        0x1 ./Core/Src/checking_functions.o
 *fill*         0x20000001        0x3 
 .data.delay_line
                0x20000004      0x408 ./Core/Src/oscillator.o
                0x20000004                delay_line
 .data.IP_CAP_fsm
                0x2000040c        0x2 ./Core/Src/state_machine.o
                0x2000040c                IP_CAP_fsm
 *fill*         0x2000040e        0x2 
 .data.speed_fsm
                0x20000410        0x2 ./Core/Src/state_machine.o
                0x20000410                speed_fsm
 *fill*         0x20000412        0x2 
 .data.SystemCoreClock
                0x20000414        0x4 ./Core/Src/system_stm32g0xx.o
                0x20000414                SystemCoreClock
 .data.uwTickFreq
                0x20000418        0x1 ./Drivers/STM32G0xx_HAL_Driver/Src/stm32g0xx_hal.o
                0x20000418                uwTickFreq
 *fill*         0x20000419        0x3 
 .data.uwTickPrio
                0x2000041c        0x4 ./Drivers/STM32G0xx_HAL_Driver/Src/stm32g0xx_hal.o
                0x2000041c                uwTickPrio
 *(.RamFunc)
 *(.RamFunc*)
                0x20000420                        . = ALIGN (0x4)
                0x20000420                        _edata = .

.igot.plt       0x20000420        0x0 load address 0x08007818
 .igot.plt      0x20000420        0x0 /Applications/STM32CubeIDE.app/Contents/Eclipse/plugins/com.st.stm32cube.ide.mcu.externaltools.gnu-tools-for-stm32.12.3.rel1.macos64_1.1.0.202410301201/tools/bin/../lib/gcc/arm-none-eabi/12.3.1/thumb/v6-m/nofp/crtbegin.o
                0x20000420                        . = ALIGN (0x4)

.bss            0x20000420      0x7e0 load address 0x08007818
                0x20000420                        _sbss = .
                0x20000420                        __bss_start__ = _sbss
 *(.bss)
 .bss           0x20000420       0x1c /Applications/STM32CubeIDE.app/Contents/Eclipse/plugins/com.st.stm32cube.ide.mcu.externaltools.gnu-tools-for-stm32.12.3.rel1.macos64_1.1.0.202410301201/tools/bin/../lib/gcc/arm-none-eabi/12.3.1/thumb/v6-m/nofp/crtbegin.o
 *(.bss*)
 .bss.rx_buffer
                0x2000043c        0x1 ./Core/Src/UART.o
                0x2000043c                rx_buffer
 .bss.extend_rising_edge.0
                0x2000043d        0x1 ./Core/Src/checking_functions.o
 .bss.second_speed_measurement.2
                0x2000043e        0x2 ./Core/Src/checking_functions.o
 .bss.first_speed_measurement.3
                0x20000440        0x2 ./Core/Src/checking_functions.o
 .bss.speed_pot_adc_measurement_num.4
                0x20000442        0x1 ./Core/Src/checking_functions.o
 *fill*         0x20000443        0x5 
 .bss.hlptim1   0x20000448       0x5c ./Core/Src/config.o
                0x20000448                hlptim1
 .bss.hdma_usart2_tx
                0x200004a4       0x5c ./Core/Src/config.o
                0x200004a4                hdma_usart2_tx
 .bss.hdma_usart2_rx
                0x20000500       0x5c ./Core/Src/config.o
                0x20000500                hdma_usart2_rx
 .bss.huart2    0x2000055c       0xcc ./Core/Src/config.o
                0x2000055c                huart2
 .bss.htim1     0x20000628       0xbc ./Core/Src/config.o
                0x20000628                htim1
 .bss.htim3     0x200006e4       0xbc ./Core/Src/config.o
                0x200006e4                htim3
 .bss.htim2     0x200007a0       0xbc ./Core/Src/config.o
                0x200007a0                htim2
 .bss.htim16    0x2000085c       0xbc ./Core/Src/config.o
                0x2000085c                htim16
 .bss.htim17    0x20000918       0xbc ./Core/Src/config.o
                0x20000918                htim17
 .bss.htim14    0x200009d4       0xbc ./Core/Src/config.o
                0x200009d4                htim14
 .bss.hdma_adc1
                0x20000a90       0x5c ./Core/Src/config.o
                0x20000a90                hdma_adc1
 .bss.hadc1     0x20000aec       0x88 ./Core/Src/config.o
                0x20000aec                hadc1
 .bss.tap_tempo_switch_states.0
                0x20000b74        0x2 ./Core/Src/custom_callbacks.o
 .bss.MIDI_CLK_tag
                0x20000b76        0x1 ./Core/Src/input_capture.o
                0x20000b76                MIDI_CLK_tag
 *fill*         0x20000b77        0x1 
 .bss.interrupt_period
                0x20000b78        0x2 ./Core/Src/input_capture.o
                0x20000b78                interrupt_period
 *fill*         0x20000b7a        0x2 
 .bss.TIM2_ch1_input_capture_value
                0x20000b7c        0x4 ./Core/Src/input_capture.o
                0x20000b7c                TIM2_ch1_input_capture_value
 .bss.statuses  0x20000b80        0x4 ./Core/Src/main.o
                0x20000b80                statuses
 .bss.params_working
                0x20000b84       0x22 ./Core/Src/oscillator.o
                0x20000b84                params_working
 *fill*         0x20000ba6        0x2 
 .bss.params_to_be_loaded
                0x20000ba8       0x22 ./Core/Src/oscillator.o
                0x20000ba8                params_to_be_loaded
 *fill*         0x20000bca        0x2 
 .bss.params    0x20000bcc       0x22 ./Core/Src/oscillator.o
                0x20000bcc                params
 *fill*         0x20000bee        0x2 
 .bss.ADCResultsDMA
                0x20000bf0        0xa ./Core/Src/oscillator.o
                0x20000bf0                ADCResultsDMA
 .bss.MIDI_CLK_FSM_state
                0x20000bfa        0x1 ./Core/Src/state_machine.o
                0x20000bfa                MIDI_CLK_FSM_state
 *fill*         0x20000bfb        0x1 
 .bss.uwTick    0x20000bfc        0x4 ./Drivers/STM32G0xx_HAL_Driver/Src/stm32g0xx_hal.o
                0x20000bfc                uwTick
 *(COMMON)
                0x20000c00                        . = ALIGN (0x4)
                0x20000c00                        _ebss = .
                0x20000c00                        __bss_end__ = _ebss

._user_heap_stack
                0x20000c00      0x600 load address 0x08007818
                0x20000c00                        . = ALIGN (0x8)
                [!provide]                        PROVIDE (end = .)
                0x20000c00                        PROVIDE (_end = .)
                0x20000e00                        . = (. + _Min_Heap_Size)
 *fill*         0x20000c00      0x200 
                0x20001200                        . = (. + _Min_Stack_Size)
 *fill*         0x20000e00      0x400 
                0x20001200                        . = ALIGN (0x8)

/DISCARD/
 libc.a(*)
 libm.a(*)
 libgcc.a(*)

.ARM.attributes
                0x00000000       0x28
 *(.ARM.attributes)
 .ARM.attributes
                0x00000000       0x1e /Applications/STM32CubeIDE.app/Contents/Eclipse/plugins/com.st.stm32cube.ide.mcu.externaltools.gnu-tools-for-stm32.12.3.rel1.macos64_1.1.0.202410301201/tools/bin/../lib/gcc/arm-none-eabi/12.3.1/thumb/v6-m/nofp/crti.o
 .ARM.attributes
                0x0000001e       0x2c /Applications/STM32CubeIDE.app/Contents/Eclipse/plugins/com.st.stm32cube.ide.mcu.externaltools.gnu-tools-for-stm32.12.3.rel1.macos64_1.1.0.202410301201/tools/bin/../lib/gcc/arm-none-eabi/12.3.1/thumb/v6-m/nofp/crtbegin.o
 .ARM.attributes
                0x0000004a       0x28 ./Core/Src/UART.o
 .ARM.attributes
                0x00000072       0x28 ./Core/Src/checking_functions.o
 .ARM.attributes
                0x0000009a       0x28 ./Core/Src/config.o
 .ARM.attributes
                0x000000c2       0x28 ./Core/Src/custom_callbacks.o
 .ARM.attributes
                0x000000ea       0x28 ./Core/Src/input_capture.o
 .ARM.attributes
                0x00000112       0x28 ./Core/Src/main.o
 .ARM.attributes
                0x0000013a       0x28 ./Core/Src/oscillator.o
 .ARM.attributes
                0x00000162       0x28 ./Core/Src/startup.o
 .ARM.attributes
                0x0000018a       0x28 ./Core/Src/state_machine.o
 .ARM.attributes
                0x000001b2       0x28 ./Core/Src/stm32g0xx_hal_msp.o
 .ARM.attributes
                0x000001da       0x28 ./Core/Src/stm32g0xx_it.o
 .ARM.attributes
                0x00000202       0x28 ./Core/Src/symmetry_adjustment.o
 .ARM.attributes
                0x0000022a       0x28 ./Core/Src/system_stm32g0xx.o
 .ARM.attributes
                0x00000252       0x28 ./Core/Src/timers.o
 .ARM.attributes
                0x0000027a       0x28 ./Core/Src/utility.o
 .ARM.attributes
                0x000002a2       0x22 ./Core/Startup/startup_stm32g031k8tx.o
 .ARM.attributes
                0x000002c4       0x28 ./Drivers/STM32G0xx_HAL_Driver/Src/stm32g0xx_hal.o
 .ARM.attributes
                0x000002ec       0x28 ./Drivers/STM32G0xx_HAL_Driver/Src/stm32g0xx_hal_adc.o
 .ARM.attributes
                0x00000314       0x28 ./Drivers/STM32G0xx_HAL_Driver/Src/stm32g0xx_hal_adc_ex.o
 .ARM.attributes
                0x0000033c       0x28 ./Drivers/STM32G0xx_HAL_Driver/Src/stm32g0xx_hal_cortex.o
 .ARM.attributes
                0x00000364       0x28 ./Drivers/STM32G0xx_HAL_Driver/Src/stm32g0xx_hal_dma.o
 .ARM.attributes
                0x0000038c       0x28 ./Drivers/STM32G0xx_HAL_Driver/Src/stm32g0xx_hal_gpio.o
 .ARM.attributes
                0x000003b4       0x28 ./Drivers/STM32G0xx_HAL_Driver/Src/stm32g0xx_hal_lptim.o
 .ARM.attributes
                0x000003dc       0x28 ./Drivers/STM32G0xx_HAL_Driver/Src/stm32g0xx_hal_pwr_ex.o
 .ARM.attributes
                0x00000404       0x28 ./Drivers/STM32G0xx_HAL_Driver/Src/stm32g0xx_hal_rcc.o
 .ARM.attributes
                0x0000042c       0x28 ./Drivers/STM32G0xx_HAL_Driver/Src/stm32g0xx_hal_rcc_ex.o
 .ARM.attributes
                0x00000454       0x28 ./Drivers/STM32G0xx_HAL_Driver/Src/stm32g0xx_hal_tim.o
 .ARM.attributes
                0x0000047c       0x28 ./Drivers/STM32G0xx_HAL_Driver/Src/stm32g0xx_hal_tim_ex.o
 .ARM.attributes
                0x000004a4       0x28 ./Drivers/STM32G0xx_HAL_Driver/Src/stm32g0xx_hal_uart.o
 .ARM.attributes
                0x000004cc       0x28 ./Drivers/STM32G0xx_HAL_Driver/Src/stm32g0xx_hal_uart_ex.o
 .ARM.attributes
                0x000004f4       0x2c /Applications/STM32CubeIDE.app/Contents/Eclipse/plugins/com.st.stm32cube.ide.mcu.externaltools.gnu-tools-for-stm32.12.3.rel1.macos64_1.1.0.202410301201/tools/bin/../lib/gcc/arm-none-eabi/12.3.1/../../../../arm-none-eabi/lib/thumb/v6-m/nofp/libc_nano.a(libc_a-memset.o)
 .ARM.attributes
                0x00000520       0x2c /Applications/STM32CubeIDE.app/Contents/Eclipse/plugins/com.st.stm32cube.ide.mcu.externaltools.gnu-tools-for-stm32.12.3.rel1.macos64_1.1.0.202410301201/tools/bin/../lib/gcc/arm-none-eabi/12.3.1/../../../../arm-none-eabi/lib/thumb/v6-m/nofp/libc_nano.a(libc_a-init.o)
 .ARM.attributes
                0x0000054c       0x2c /Applications/STM32CubeIDE.app/Contents/Eclipse/plugins/com.st.stm32cube.ide.mcu.externaltools.gnu-tools-for-stm32.12.3.rel1.macos64_1.1.0.202410301201/tools/bin/../lib/gcc/arm-none-eabi/12.3.1/../../../../arm-none-eabi/lib/thumb/v6-m/nofp/libc_nano.a(libc_a-memcpy-stub.o)
 .ARM.attributes
                0x00000578       0x1e /Applications/STM32CubeIDE.app/Contents/Eclipse/plugins/com.st.stm32cube.ide.mcu.externaltools.gnu-tools-for-stm32.12.3.rel1.macos64_1.1.0.202410301201/tools/bin/../lib/gcc/arm-none-eabi/12.3.1/thumb/v6-m/nofp/libgcc.a(_udivsi3.o)
 .ARM.attributes
                0x00000596       0x1e /Applications/STM32CubeIDE.app/Contents/Eclipse/plugins/com.st.stm32cube.ide.mcu.externaltools.gnu-tools-for-stm32.12.3.rel1.macos64_1.1.0.202410301201/tools/bin/../lib/gcc/arm-none-eabi/12.3.1/thumb/v6-m/nofp/libgcc.a(_dvmd_tls.o)
 .ARM.attributes
                0x000005b4       0x1e /Applications/STM32CubeIDE.app/Contents/Eclipse/plugins/com.st.stm32cube.ide.mcu.externaltools.gnu-tools-for-stm32.12.3.rel1.macos64_1.1.0.202410301201/tools/bin/../lib/gcc/arm-none-eabi/12.3.1/thumb/v6-m/nofp/libgcc.a(_aeabi_uldivmod.o)
 .ARM.attributes
                0x000005d2       0x2c /Applications/STM32CubeIDE.app/Contents/Eclipse/plugins/com.st.stm32cube.ide.mcu.externaltools.gnu-tools-for-stm32.12.3.rel1.macos64_1.1.0.202410301201/tools/bin/../lib/gcc/arm-none-eabi/12.3.1/thumb/v6-m/nofp/libgcc.a(_udivmoddi4.o)
 .ARM.attributes
                0x000005fe       0x1e /Applications/STM32CubeIDE.app/Contents/Eclipse/plugins/com.st.stm32cube.ide.mcu.externaltools.gnu-tools-for-stm32.12.3.rel1.macos64_1.1.0.202410301201/tools/bin/../lib/gcc/arm-none-eabi/12.3.1/thumb/v6-m/nofp/libgcc.a(_clzdi2.o)
 .ARM.attributes
                0x0000061c       0x1e /Applications/STM32CubeIDE.app/Contents/Eclipse/plugins/com.st.stm32cube.ide.mcu.externaltools.gnu-tools-for-stm32.12.3.rel1.macos64_1.1.0.202410301201/tools/bin/../lib/gcc/arm-none-eabi/12.3.1/thumb/v6-m/nofp/libgcc.a(_clzsi2.o)
 .ARM.attributes
                0x0000063a       0x1e /Applications/STM32CubeIDE.app/Contents/Eclipse/plugins/com.st.stm32cube.ide.mcu.externaltools.gnu-tools-for-stm32.12.3.rel1.macos64_1.1.0.202410301201/tools/bin/../lib/gcc/arm-none-eabi/12.3.1/thumb/v6-m/nofp/crtn.o
OUTPUT(g031k8.elf elf32-littlearm)
LOAD linker stubs
LOAD /Applications/STM32CubeIDE.app/Contents/Eclipse/plugins/com.st.stm32cube.ide.mcu.externaltools.gnu-tools-for-stm32.12.3.rel1.macos64_1.1.0.202410301201/tools/bin/../lib/gcc/arm-none-eabi/12.3.1/../../../../arm-none-eabi/lib/thumb/v6-m/nofp/libc.a
LOAD /Applications/STM32CubeIDE.app/Contents/Eclipse/plugins/com.st.stm32cube.ide.mcu.externaltools.gnu-tools-for-stm32.12.3.rel1.macos64_1.1.0.202410301201/tools/bin/../lib/gcc/arm-none-eabi/12.3.1/../../../../arm-none-eabi/lib/thumb/v6-m/nofp/libm.a
LOAD /Applications/STM32CubeIDE.app/Contents/Eclipse/plugins/com.st.stm32cube.ide.mcu.externaltools.gnu-tools-for-stm32.12.3.rel1.macos64_1.1.0.202410301201/tools/bin/../lib/gcc/arm-none-eabi/12.3.1/thumb/v6-m/nofp/libgcc.a

.debug_info     0x00000000    0x288bb
 .debug_info    0x00000000      0x92c ./Core/Src/UART.o
 .debug_info    0x0000092c      0x543 ./Core/Src/checking_functions.o
 .debug_info    0x00000e6f     0x382f ./Core/Src/config.o
 .debug_info    0x0000469e     0x227e ./Core/Src/custom_callbacks.o
 .debug_info    0x0000691c      0xec7 ./Core/Src/input_capture.o
 .debug_info    0x000077e3      0x31d ./Core/Src/main.o
 .debug_info    0x00007b00      0xf36 ./Core/Src/oscillator.o
 .debug_info    0x00008a36     0x16b0 ./Core/Src/startup.o
 .debug_info    0x0000a0e6      0x291 ./Core/Src/state_machine.o
 .debug_info    0x0000a377     0x2113 ./Core/Src/stm32g0xx_hal_msp.o
 .debug_info    0x0000c48a     0x12d1 ./Core/Src/stm32g0xx_it.o
 .debug_info    0x0000d75b      0x544 ./Core/Src/symmetry_adjustment.o
 .debug_info    0x0000dc9f      0x34e ./Core/Src/system_stm32g0xx.o
 .debug_info    0x0000dfed      0xa48 ./Core/Src/timers.o
 .debug_info    0x0000ea35      0x2cc ./Core/Src/utility.o
 .debug_info    0x0000ed01       0x30 ./Core/Startup/startup_stm32g031k8tx.o
 .debug_info    0x0000ed31      0xb3c ./Drivers/STM32G0xx_HAL_Driver/Src/stm32g0xx_hal.o
 .debug_info    0x0000f86d     0x23a8 ./Drivers/STM32G0xx_HAL_Driver/Src/stm32g0xx_hal_adc.o
 .debug_info    0x00011c15      0xd8e ./Drivers/STM32G0xx_HAL_Driver/Src/stm32g0xx_hal_adc_ex.o
 .debug_info    0x000129a3      0xa40 ./Drivers/STM32G0xx_HAL_Driver/Src/stm32g0xx_hal_cortex.o
 .debug_info    0x000133e3      0xab0 ./Drivers/STM32G0xx_HAL_Driver/Src/stm32g0xx_hal_dma.o
 .debug_info    0x00013e93      0x5ef ./Drivers/STM32G0xx_HAL_Driver/Src/stm32g0xx_hal_gpio.o
 .debug_info    0x00014482     0x1c86 ./Drivers/STM32G0xx_HAL_Driver/Src/stm32g0xx_hal_lptim.o
 .debug_info    0x00016108      0x7ef ./Drivers/STM32G0xx_HAL_Driver/Src/stm32g0xx_hal_pwr_ex.o
 .debug_info    0x000168f7      0xdc8 ./Drivers/STM32G0xx_HAL_Driver/Src/stm32g0xx_hal_rcc.o
 .debug_info    0x000176bf      0x854 ./Drivers/STM32G0xx_HAL_Driver/Src/stm32g0xx_hal_rcc_ex.o
 .debug_info    0x00017f13     0x5491 ./Drivers/STM32G0xx_HAL_Driver/Src/stm32g0xx_hal_tim.o
 .debug_info    0x0001d3a4     0x2151 ./Drivers/STM32G0xx_HAL_Driver/Src/stm32g0xx_hal_tim_ex.o
 .debug_info    0x0001f4f5     0x7f18 ./Drivers/STM32G0xx_HAL_Driver/Src/stm32g0xx_hal_uart.o
 .debug_info    0x0002740d     0x14ae ./Drivers/STM32G0xx_HAL_Driver/Src/stm32g0xx_hal_uart_ex.o

.debug_abbrev   0x00000000     0x4f06
 .debug_abbrev  0x00000000      0x1b9 ./Core/Src/UART.o
 .debug_abbrev  0x000001b9      0x1e4 ./Core/Src/checking_functions.o
 .debug_abbrev  0x0000039d      0x36b ./Core/Src/config.o
 .debug_abbrev  0x00000708      0x397 ./Core/Src/custom_callbacks.o
 .debug_abbrev  0x00000a9f      0x36d ./Core/Src/input_capture.o
 .debug_abbrev  0x00000e0c      0x16a ./Core/Src/main.o
 .debug_abbrev  0x00000f76      0x2ca ./Core/Src/oscillator.o
 .debug_abbrev  0x00001240      0x297 ./Core/Src/startup.o
 .debug_abbrev  0x000014d7       0xfa ./Core/Src/state_machine.o
 .debug_abbrev  0x000015d1      0x2ae ./Core/Src/stm32g0xx_hal_msp.o
 .debug_abbrev  0x0000187f      0x23d ./Core/Src/stm32g0xx_it.o
 .debug_abbrev  0x00001abc      0x1b4 ./Core/Src/symmetry_adjustment.o
 .debug_abbrev  0x00001c70      0x148 ./Core/Src/system_stm32g0xx.o
 .debug_abbrev  0x00001db8      0x21c ./Core/Src/timers.o
 .debug_abbrev  0x00001fd4      0x186 ./Core/Src/utility.o
 .debug_abbrev  0x0000215a       0x24 ./Core/Startup/startup_stm32g031k8tx.o
 .debug_abbrev  0x0000217e      0x341 ./Drivers/STM32G0xx_HAL_Driver/Src/stm32g0xx_hal.o
 .debug_abbrev  0x000024bf      0x370 ./Drivers/STM32G0xx_HAL_Driver/Src/stm32g0xx_hal_adc.o
 .debug_abbrev  0x0000282f      0x30f ./Drivers/STM32G0xx_HAL_Driver/Src/stm32g0xx_hal_adc_ex.o
 .debug_abbrev  0x00002b3e      0x2dc ./Drivers/STM32G0xx_HAL_Driver/Src/stm32g0xx_hal_cortex.o
 .debug_abbrev  0x00002e1a      0x28a ./Drivers/STM32G0xx_HAL_Driver/Src/stm32g0xx_hal_dma.o
 .debug_abbrev  0x000030a4      0x26c ./Drivers/STM32G0xx_HAL_Driver/Src/stm32g0xx_hal_gpio.o
 .debug_abbrev  0x00003310      0x37c ./Drivers/STM32G0xx_HAL_Driver/Src/stm32g0xx_hal_lptim.o
 .debug_abbrev  0x0000368c      0x28a ./Drivers/STM32G0xx_HAL_Driver/Src/stm32g0xx_hal_pwr_ex.o
 .debug_abbrev  0x00003916      0x36b ./Drivers/STM32G0xx_HAL_Driver/Src/stm32g0xx_hal_rcc.o
 .debug_abbrev  0x00003c81      0x296 ./Drivers/STM32G0xx_HAL_Driver/Src/stm32g0xx_hal_rcc_ex.o
 .debug_abbrev  0x00003f17      0x3e7 ./Drivers/STM32G0xx_HAL_Driver/Src/stm32g0xx_hal_tim.o
 .debug_abbrev  0x000042fe      0x3f8 ./Drivers/STM32G0xx_HAL_Driver/Src/stm32g0xx_hal_tim_ex.o
 .debug_abbrev  0x000046f6      0x4a2 ./Drivers/STM32G0xx_HAL_Driver/Src/stm32g0xx_hal_uart.o
 .debug_abbrev  0x00004b98      0x36e ./Drivers/STM32G0xx_HAL_Driver/Src/stm32g0xx_hal_uart_ex.o

.debug_aranges  0x00000000     0x1388
 .debug_aranges
                0x00000000       0x20 ./Core/Src/UART.o
 .debug_aranges
                0x00000020       0x28 ./Core/Src/checking_functions.o
 .debug_aranges
                0x00000048       0x90 ./Core/Src/config.o
 .debug_aranges
                0x000000d8       0x78 ./Core/Src/custom_callbacks.o
 .debug_aranges
                0x00000150       0x48 ./Core/Src/input_capture.o
 .debug_aranges
                0x00000198       0x20 ./Core/Src/main.o
 .debug_aranges
                0x000001b8       0x50 ./Core/Src/oscillator.o
 .debug_aranges
                0x00000208       0x20 ./Core/Src/startup.o
 .debug_aranges
                0x00000228       0x20 ./Core/Src/state_machine.o
 .debug_aranges
                0x00000248       0x68 ./Core/Src/stm32g0xx_hal_msp.o
 .debug_aranges
                0x000002b0       0x90 ./Core/Src/stm32g0xx_it.o
 .debug_aranges
                0x00000340       0x28 ./Core/Src/symmetry_adjustment.o
 .debug_aranges
                0x00000368       0x28 ./Core/Src/system_stm32g0xx.o
 .debug_aranges
                0x00000390       0x28 ./Core/Src/timers.o
 .debug_aranges
                0x000003b8       0x50 ./Core/Src/utility.o
 .debug_aranges
                0x00000408       0x28 ./Core/Startup/startup_stm32g031k8tx.o
 .debug_aranges
                0x00000430      0x128 ./Drivers/STM32G0xx_HAL_Driver/Src/stm32g0xx_hal.o
 .debug_aranges
                0x00000558      0x108 ./Drivers/STM32G0xx_HAL_Driver/Src/stm32g0xx_hal_adc.o
 .debug_aranges
                0x00000660       0x58 ./Drivers/STM32G0xx_HAL_Driver/Src/stm32g0xx_hal_adc_ex.o
 .debug_aranges
                0x000006b8       0xa0 ./Drivers/STM32G0xx_HAL_Driver/Src/stm32g0xx_hal_cortex.o
 .debug_aranges
                0x00000758       0x78 ./Drivers/STM32G0xx_HAL_Driver/Src/stm32g0xx_hal_dma.o
 .debug_aranges
                0x000007d0       0x60 ./Drivers/STM32G0xx_HAL_Driver/Src/stm32g0xx_hal_gpio.o
 .debug_aranges
                0x00000830      0x170 ./Drivers/STM32G0xx_HAL_Driver/Src/stm32g0xx_hal_lptim.o
 .debug_aranges
                0x000009a0       0xf0 ./Drivers/STM32G0xx_HAL_Driver/Src/stm32g0xx_hal_pwr_ex.o
 .debug_aranges
                0x00000a90       0x98 ./Drivers/STM32G0xx_HAL_Driver/Src/stm32g0xx_hal_rcc.o
 .debug_aranges
                0x00000b28       0x40 ./Drivers/STM32G0xx_HAL_Driver/Src/stm32g0xx_hal_rcc_ex.o
 .debug_aranges
                0x00000b68      0x398 ./Drivers/STM32G0xx_HAL_Driver/Src/stm32g0xx_hal_tim.o
 .debug_aranges
                0x00000f00      0x190 ./Drivers/STM32G0xx_HAL_Driver/Src/stm32g0xx_hal_tim_ex.o
 .debug_aranges
                0x00001090      0x260 ./Drivers/STM32G0xx_HAL_Driver/Src/stm32g0xx_hal_uart.o
 .debug_aranges
                0x000012f0       0x98 ./Drivers/STM32G0xx_HAL_Driver/Src/stm32g0xx_hal_uart_ex.o

.debug_rnglists
                0x00000000     0x1ba9
 .debug_rnglists
                0x00000000       0x13 ./Core/Src/UART.o
 .debug_rnglists
                0x00000013       0x19 ./Core/Src/checking_functions.o
 .debug_rnglists
                0x0000002c       0xe2 ./Core/Src/config.o
 .debug_rnglists
                0x0000010e       0x66 ./Core/Src/custom_callbacks.o
 .debug_rnglists
                0x00000174       0x40 ./Core/Src/input_capture.o
 .debug_rnglists
                0x000001b4       0x13 ./Core/Src/main.o
 .debug_rnglists
                0x000001c7       0x39 ./Core/Src/oscillator.o
 .debug_rnglists
                0x00000200       0x14 ./Core/Src/startup.o
 .debug_rnglists
                0x00000214       0x13 ./Core/Src/state_machine.o
 .debug_rnglists
                0x00000227      0x165 ./Core/Src/stm32g0xx_hal_msp.o
 .debug_rnglists
                0x0000038c       0x67 ./Core/Src/stm32g0xx_it.o
 .debug_rnglists
                0x000003f3       0x27 ./Core/Src/symmetry_adjustment.o
 .debug_rnglists
                0x0000041a       0x1a ./Core/Src/system_stm32g0xx.o
 .debug_rnglists
                0x00000434       0x19 ./Core/Src/timers.o
 .debug_rnglists
                0x0000044d       0x46 ./Core/Src/utility.o
 .debug_rnglists
                0x00000493       0x19 ./Core/Startup/startup_stm32g031k8tx.o
 .debug_rnglists
                0x000004ac       0xd9 ./Drivers/STM32G0xx_HAL_Driver/Src/stm32g0xx_hal.o
 .debug_rnglists
                0x00000585      0x26b ./Drivers/STM32G0xx_HAL_Driver/Src/stm32g0xx_hal_adc.o
 .debug_rnglists
                0x000007f0       0xb9 ./Drivers/STM32G0xx_HAL_Driver/Src/stm32g0xx_hal_adc_ex.o
 .debug_rnglists
                0x000008a9       0x9d ./Drivers/STM32G0xx_HAL_Driver/Src/stm32g0xx_hal_cortex.o
 .debug_rnglists
                0x00000946       0x9e ./Drivers/STM32G0xx_HAL_Driver/Src/stm32g0xx_hal_dma.o
 .debug_rnglists
                0x000009e4       0x45 ./Drivers/STM32G0xx_HAL_Driver/Src/stm32g0xx_hal_gpio.o
 .debug_rnglists
                0x00000a29      0x256 ./Drivers/STM32G0xx_HAL_Driver/Src/stm32g0xx_hal_lptim.o
 .debug_rnglists
                0x00000c7f       0xb0 ./Drivers/STM32G0xx_HAL_Driver/Src/stm32g0xx_hal_pwr_ex.o
 .debug_rnglists
                0x00000d2f       0xb4 ./Drivers/STM32G0xx_HAL_Driver/Src/stm32g0xx_hal_rcc.o
 .debug_rnglists
                0x00000de3       0x71 ./Drivers/STM32G0xx_HAL_Driver/Src/stm32g0xx_hal_rcc_ex.o
 .debug_rnglists
                0x00000e54      0x72a ./Drivers/STM32G0xx_HAL_Driver/Src/stm32g0xx_hal_tim.o
 .debug_rnglists
                0x0000157e      0x192 ./Drivers/STM32G0xx_HAL_Driver/Src/stm32g0xx_hal_tim_ex.o
 .debug_rnglists
                0x00001710      0x3f0 ./Drivers/STM32G0xx_HAL_Driver/Src/stm32g0xx_hal_uart.o
 .debug_rnglists
                0x00001b00       0xa9 ./Drivers/STM32G0xx_HAL_Driver/Src/stm32g0xx_hal_uart_ex.o

.debug_macro    0x00000000    0x19e27
 .debug_macro   0x00000000      0x2dc ./Core/Src/UART.o
 .debug_macro   0x000002dc      0xaae ./Core/Src/UART.o
 .debug_macro   0x00000d8a       0x22 ./Core/Src/UART.o
 .debug_macro   0x00000dac       0x8e ./Core/Src/UART.o
 .debug_macro   0x00000e3a       0x51 ./Core/Src/UART.o
 .debug_macro   0x00000e8b      0x103 ./Core/Src/UART.o
 .debug_macro   0x00000f8e       0x6a ./Core/Src/UART.o
 .debug_macro   0x00000ff8      0x1df ./Core/Src/UART.o
 .debug_macro   0x000011d7      0x12f ./Core/Src/UART.o
 .debug_macro   0x00001306       0x2e ./Core/Src/UART.o
 .debug_macro   0x00001334       0x28 ./Core/Src/UART.o
 .debug_macro   0x0000135c       0x1c ./Core/Src/UART.o
 .debug_macro   0x00001378       0x22 ./Core/Src/UART.o
 .debug_macro   0x0000139a       0xd1 ./Core/Src/UART.o
 .debug_macro   0x0000146b      0x4da ./Core/Src/UART.o
 .debug_macro   0x00001945      0x11f ./Core/Src/UART.o
 .debug_macro   0x00001a64     0xac2c ./Core/Src/UART.o
 .debug_macro   0x0000c690       0x66 ./Core/Src/UART.o
 .debug_macro   0x0000c6f6     0x350e ./Core/Src/UART.o
 .debug_macro   0x0000fc04      0x189 ./Core/Src/UART.o
 .debug_macro   0x0000fd8d       0x5c ./Core/Src/UART.o
 .debug_macro   0x0000fde9      0x518 ./Core/Src/UART.o
 .debug_macro   0x00010301      0xf70 ./Core/Src/UART.o
 .debug_macro   0x00011271      0x1d8 ./Core/Src/UART.o
 .debug_macro   0x00011449      0x1cf ./Core/Src/UART.o
 .debug_macro   0x00011618      0x122 ./Core/Src/UART.o
 .debug_macro   0x0001173a      0x390 ./Core/Src/UART.o
 .debug_macro   0x00011aca      0x202 ./Core/Src/UART.o
 .debug_macro   0x00011ccc      0x2ff ./Core/Src/UART.o
 .debug_macro   0x00011fcb      0x1b2 ./Core/Src/UART.o
 .debug_macro   0x0001217d       0x43 ./Core/Src/UART.o
 .debug_macro   0x000121c0      0x1f1 ./Core/Src/UART.o
 .debug_macro   0x000123b1      0x8a8 ./Core/Src/UART.o
 .debug_macro   0x00012c59      0x5bb ./Core/Src/UART.o
 .debug_macro   0x00013214       0x2e ./Core/Src/UART.o
 .debug_macro   0x00013242      0x1d6 ./Core/Src/UART.o
 .debug_macro   0x00013418      0x38a ./Core/Src/UART.o
 .debug_macro   0x000137a2       0x28 ./Core/Src/UART.o
 .debug_macro   0x000137ca       0xe4 ./Core/Src/UART.o
 .debug_macro   0x000138ae       0x85 ./Core/Src/UART.o
 .debug_macro   0x00013933      0x2bd ./Core/Src/UART.o
 .debug_macro   0x00013bf0      0x10c ./Core/Src/UART.o
 .debug_macro   0x00013cfc      0x240 ./Core/Src/UART.o
 .debug_macro   0x00013f3c      0xac2 ./Core/Src/UART.o
 .debug_macro   0x000149fe      0x135 ./Core/Src/UART.o
 .debug_macro   0x00014b33      0x69a ./Core/Src/UART.o
 .debug_macro   0x000151cd       0xa6 ./Core/Src/UART.o
 .debug_macro   0x00015273      0x49d ./Core/Src/UART.o
 .debug_macro   0x00015710       0xe8 ./Core/Src/UART.o
 .debug_macro   0x000157f8       0x16 ./Core/Src/UART.o
 .debug_macro   0x0001580e       0x10 ./Core/Src/UART.o
 .debug_macro   0x0001581e       0xee ./Core/Src/UART.o
 .debug_macro   0x0001590c       0x4c ./Core/Src/UART.o
 .debug_macro   0x00015958       0x1c ./Core/Src/UART.o
 .debug_macro   0x00015974       0x16 ./Core/Src/UART.o
 .debug_macro   0x0001598a       0x16 ./Core/Src/UART.o
 .debug_macro   0x000159a0       0x10 ./Core/Src/UART.o
 .debug_macro   0x000159b0      0x2dc ./Core/Src/checking_functions.o
 .debug_macro   0x00015c8c      0x301 ./Core/Src/config.o
 .debug_macro   0x00015f8d       0x10 ./Core/Src/config.o
 .debug_macro   0x00015f9d      0x2fd ./Core/Src/custom_callbacks.o
 .debug_macro   0x0001629a      0x2d4 ./Core/Src/input_capture.o
 .debug_macro   0x0001656e      0x2d8 ./Core/Src/main.o
 .debug_macro   0x00016846      0x2d8 ./Core/Src/oscillator.o
 .debug_macro   0x00016b1e      0x2e1 ./Core/Src/startup.o
 .debug_macro   0x00016dff      0x1f4 ./Core/Src/startup.o
 .debug_macro   0x00016ff3       0x6d ./Core/Src/state_machine.o
 .debug_macro   0x00017060      0x22a ./Core/Src/stm32g0xx_hal_msp.o
 .debug_macro   0x0001728a      0x2e6 ./Core/Src/stm32g0xx_it.o
 .debug_macro   0x00017570      0x2dc ./Core/Src/symmetry_adjustment.o
 .debug_macro   0x0001784c      0x21b ./Core/Src/system_stm32g0xx.o
 .debug_macro   0x00017a67      0x234 ./Core/Src/timers.o
 .debug_macro   0x00017c9b      0x2d8 ./Core/Src/utility.o
 .debug_macro   0x00017f73      0x23f ./Drivers/STM32G0xx_HAL_Driver/Src/stm32g0xx_hal.o
 .debug_macro   0x000181b2      0x23f ./Drivers/STM32G0xx_HAL_Driver/Src/stm32g0xx_hal_adc.o
 .debug_macro   0x000183f1      0x227 ./Drivers/STM32G0xx_HAL_Driver/Src/stm32g0xx_hal_adc_ex.o
 .debug_macro   0x00018618      0x21b ./Drivers/STM32G0xx_HAL_Driver/Src/stm32g0xx_hal_cortex.o
 .debug_macro   0x00018833      0x21b ./Drivers/STM32G0xx_HAL_Driver/Src/stm32g0xx_hal_dma.o
 .debug_macro   0x00018a4e      0x222 ./Drivers/STM32G0xx_HAL_Driver/Src/stm32g0xx_hal_gpio.o
 .debug_macro   0x00018c70      0x231 ./Drivers/STM32G0xx_HAL_Driver/Src/stm32g0xx_hal_lptim.o
 .debug_macro   0x00018ea1      0x245 ./Drivers/STM32G0xx_HAL_Driver/Src/stm32g0xx_hal_pwr_ex.o
 .debug_macro   0x000190e6      0x25d ./Drivers/STM32G0xx_HAL_Driver/Src/stm32g0xx_hal_rcc.o
 .debug_macro   0x00019343      0x233 ./Drivers/STM32G0xx_HAL_Driver/Src/stm32g0xx_hal_rcc_ex.o
 .debug_macro   0x00019576      0x223 ./Drivers/STM32G0xx_HAL_Driver/Src/stm32g0xx_hal_tim.o
 .debug_macro   0x00019799      0x221 ./Drivers/STM32G0xx_HAL_Driver/Src/stm32g0xx_hal_tim_ex.o
 .debug_macro   0x000199ba      0x246 ./Drivers/STM32G0xx_HAL_Driver/Src/stm32g0xx_hal_uart.o
 .debug_macro   0x00019c00      0x227 ./Drivers/STM32G0xx_HAL_Driver/Src/stm32g0xx_hal_uart_ex.o

.debug_line     0x00000000    0x28934
 .debug_line    0x00000000      0x8bb ./Core/Src/UART.o
 .debug_line    0x000008bb      0xa05 ./Core/Src/checking_functions.o
 .debug_line    0x000012c0     0x1c59 ./Core/Src/config.o
 .debug_line    0x00002f19      0xf76 ./Core/Src/custom_callbacks.o
 .debug_line    0x00003e8f      0xa74 ./Core/Src/input_capture.o
 .debug_line    0x00004903      0x8c2 ./Core/Src/main.o
 .debug_line    0x000051c5      0xd68 ./Core/Src/oscillator.o
 .debug_line    0x00005f2d      0x97a ./Core/Src/startup.o
 .debug_line    0x000068a7      0x403 ./Core/Src/state_machine.o
 .debug_line    0x00006caa      0xdf5 ./Core/Src/stm32g0xx_hal_msp.o
 .debug_line    0x00007a9f      0xa87 ./Core/Src/stm32g0xx_it.o
 .debug_line    0x00008526      0xd4c ./Core/Src/symmetry_adjustment.o
 .debug_line    0x00009272      0x871 ./Core/Src/system_stm32g0xx.o
 .debug_line    0x00009ae3      0x7e3 ./Core/Src/timers.o
 .debug_line    0x0000a2c6      0x9e6 ./Core/Src/utility.o
 .debug_line    0x0000acac       0x7b ./Core/Startup/startup_stm32g031k8tx.o
 .debug_line    0x0000ad27      0xce1 ./Drivers/STM32G0xx_HAL_Driver/Src/stm32g0xx_hal.o
 .debug_line    0x0000ba08     0x2441 ./Drivers/STM32G0xx_HAL_Driver/Src/stm32g0xx_hal_adc.o
 .debug_line    0x0000de49      0xcaa ./Drivers/STM32G0xx_HAL_Driver/Src/stm32g0xx_hal_adc_ex.o
 .debug_line    0x0000eaf3      0xca8 ./Drivers/STM32G0xx_HAL_Driver/Src/stm32g0xx_hal_cortex.o
 .debug_line    0x0000f79b     0x12ee ./Drivers/STM32G0xx_HAL_Driver/Src/stm32g0xx_hal_dma.o
 .debug_line    0x00010a89      0xd58 ./Drivers/STM32G0xx_HAL_Driver/Src/stm32g0xx_hal_gpio.o
 .debug_line    0x000117e1     0x2129 ./Drivers/STM32G0xx_HAL_Driver/Src/stm32g0xx_hal_lptim.o
 .debug_line    0x0001390a      0xca1 ./Drivers/STM32G0xx_HAL_Driver/Src/stm32g0xx_hal_pwr_ex.o
 .debug_line    0x000145ab     0x1546 ./Drivers/STM32G0xx_HAL_Driver/Src/stm32g0xx_hal_rcc.o
 .debug_line    0x00015af1      0xed5 ./Drivers/STM32G0xx_HAL_Driver/Src/stm32g0xx_hal_rcc_ex.o
 .debug_line    0x000169c6     0x7638 ./Drivers/STM32G0xx_HAL_Driver/Src/stm32g0xx_hal_tim.o
 .debug_line    0x0001dffe     0x233e ./Drivers/STM32G0xx_HAL_Driver/Src/stm32g0xx_hal_tim_ex.o
 .debug_line    0x0002033c     0x708c ./Drivers/STM32G0xx_HAL_Driver/Src/stm32g0xx_hal_uart.o
 .debug_line    0x000273c8     0x156c ./Drivers/STM32G0xx_HAL_Driver/Src/stm32g0xx_hal_uart_ex.o

.debug_str      0x00000000    0x9fc33
 .debug_str     0x00000000    0x97cfc ./Core/Src/UART.o
                              0x985d4 (size before relaxing)
 .debug_str     0x00097cfc      0x405 ./Core/Src/checking_functions.o
                              0x98393 (size before relaxing)
 .debug_str     0x00098101     0x1a0f ./Core/Src/config.o
                              0x9a394 (size before relaxing)
 .debug_str     0x00099b10      0x582 ./Core/Src/custom_callbacks.o
                              0x99b3f (size before relaxing)
 .debug_str     0x0009a092      0x112 ./Core/Src/input_capture.o
                              0x98bbb (size before relaxing)
 .debug_str     0x0009a1a4       0x20 ./Core/Src/main.o
                              0x9810d (size before relaxing)
 .debug_str     0x0009a1c4      0x165 ./Core/Src/oscillator.o
                              0x98c3f (size before relaxing)
 .debug_str     0x0009a329      0xd8f ./Core/Src/startup.o
                              0x9a0aa (size before relaxing)
 .debug_str     0x0009b0b8       0x56 ./Core/Src/state_machine.o
                               0x3eeb (size before relaxing)
 .debug_str     0x0009b10e      0x202 ./Core/Src/stm32g0xx_hal_msp.o
                              0x98ce2 (size before relaxing)
 .debug_str     0x0009b310      0x1a9 ./Core/Src/stm32g0xx_it.o
                              0x98f59 (size before relaxing)
 .debug_str     0x0009b4b9      0x23d ./Core/Src/symmetry_adjustment.o
                              0x98297 (size before relaxing)
 .debug_str     0x0009b6f6       0x8e ./Core/Src/system_stm32g0xx.o
                              0x973a8 (size before relaxing)
 .debug_str     0x0009b784       0x4b ./Core/Src/timers.o
                              0x97f36 (size before relaxing)
 .debug_str     0x0009b7cf       0x55 ./Core/Src/utility.o
                              0x9805b (size before relaxing)
 .debug_str     0x0009b824       0x44 ./Core/Startup/startup_stm32g031k8tx.o
                                 0x70 (size before relaxing)
 .debug_str     0x0009b868      0x571 ./Drivers/STM32G0xx_HAL_Driver/Src/stm32g0xx_hal.o
                              0x97b7e (size before relaxing)
 .debug_str     0x0009bdd9      0x8d3 ./Drivers/STM32G0xx_HAL_Driver/Src/stm32g0xx_hal_adc.o
                              0x983bb (size before relaxing)
 .debug_str     0x0009c6ac      0x1e2 ./Drivers/STM32G0xx_HAL_Driver/Src/stm32g0xx_hal_adc_ex.o
                              0x97bfe (size before relaxing)
 .debug_str     0x0009c88e      0x28b ./Drivers/STM32G0xx_HAL_Driver/Src/stm32g0xx_hal_cortex.o
                              0x97824 (size before relaxing)
 .debug_str     0x0009cb19      0x261 ./Drivers/STM32G0xx_HAL_Driver/Src/stm32g0xx_hal_dma.o
                              0x97842 (size before relaxing)
 .debug_str     0x0009cd7a       0xcd ./Drivers/STM32G0xx_HAL_Driver/Src/stm32g0xx_hal_gpio.o
                              0x974cf (size before relaxing)
 .debug_str     0x0009ce47      0x5a2 ./Drivers/STM32G0xx_HAL_Driver/Src/stm32g0xx_hal_lptim.o
                              0x97e33 (size before relaxing)
 .debug_str     0x0009d3e9      0x37b ./Drivers/STM32G0xx_HAL_Driver/Src/stm32g0xx_hal_pwr_ex.o
                              0x97821 (size before relaxing)
 .debug_str     0x0009d764      0x4ae ./Drivers/STM32G0xx_HAL_Driver/Src/stm32g0xx_hal_rcc.o
                              0x97afe (size before relaxing)
 .debug_str     0x0009dc12      0x185 ./Drivers/STM32G0xx_HAL_Driver/Src/stm32g0xx_hal_rcc_ex.o
                              0x97737 (size before relaxing)
 .debug_str     0x0009dd97      0xd1f ./Drivers/STM32G0xx_HAL_Driver/Src/stm32g0xx_hal_tim.o
                              0x98f73 (size before relaxing)
 .debug_str     0x0009eab6      0x4a0 ./Drivers/STM32G0xx_HAL_Driver/Src/stm32g0xx_hal_tim_ex.o
                              0x984d5 (size before relaxing)
 .debug_str     0x0009ef56      0xa15 ./Drivers/STM32G0xx_HAL_Driver/Src/stm32g0xx_hal_uart.o
                              0x986f6 (size before relaxing)
 .debug_str     0x0009f96b      0x2c8 ./Drivers/STM32G0xx_HAL_Driver/Src/stm32g0xx_hal_uart_ex.o
                              0x97d4c (size before relaxing)

.comment        0x00000000       0x43
 .comment       0x00000000       0x43 ./Core/Src/UART.o
                                 0x44 (size before relaxing)
 .comment       0x00000043       0x44 ./Core/Src/checking_functions.o
 .comment       0x00000043       0x44 ./Core/Src/config.o
 .comment       0x00000043       0x44 ./Core/Src/custom_callbacks.o
 .comment       0x00000043       0x44 ./Core/Src/input_capture.o
 .comment       0x00000043       0x44 ./Core/Src/main.o
 .comment       0x00000043       0x44 ./Core/Src/oscillator.o
 .comment       0x00000043       0x44 ./Core/Src/startup.o
 .comment       0x00000043       0x44 ./Core/Src/state_machine.o
 .comment       0x00000043       0x44 ./Core/Src/stm32g0xx_hal_msp.o
 .comment       0x00000043       0x44 ./Core/Src/stm32g0xx_it.o
 .comment       0x00000043       0x44 ./Core/Src/symmetry_adjustment.o
 .comment       0x00000043       0x44 ./Core/Src/system_stm32g0xx.o
 .comment       0x00000043       0x44 ./Core/Src/timers.o
 .comment       0x00000043       0x44 ./Core/Src/utility.o
 .comment       0x00000043       0x44 ./Drivers/STM32G0xx_HAL_Driver/Src/stm32g0xx_hal.o
 .comment       0x00000043       0x44 ./Drivers/STM32G0xx_HAL_Driver/Src/stm32g0xx_hal_adc.o
 .comment       0x00000043       0x44 ./Drivers/STM32G0xx_HAL_Driver/Src/stm32g0xx_hal_adc_ex.o
 .comment       0x00000043       0x44 ./Drivers/STM32G0xx_HAL_Driver/Src/stm32g0xx_hal_cortex.o
 .comment       0x00000043       0x44 ./Drivers/STM32G0xx_HAL_Driver/Src/stm32g0xx_hal_dma.o
 .comment       0x00000043       0x44 ./Drivers/STM32G0xx_HAL_Driver/Src/stm32g0xx_hal_gpio.o
 .comment       0x00000043       0x44 ./Drivers/STM32G0xx_HAL_Driver/Src/stm32g0xx_hal_lptim.o
 .comment       0x00000043       0x44 ./Drivers/STM32G0xx_HAL_Driver/Src/stm32g0xx_hal_pwr_ex.o
 .comment       0x00000043       0x44 ./Drivers/STM32G0xx_HAL_Driver/Src/stm32g0xx_hal_rcc.o
 .comment       0x00000043       0x44 ./Drivers/STM32G0xx_HAL_Driver/Src/stm32g0xx_hal_rcc_ex.o
 .comment       0x00000043       0x44 ./Drivers/STM32G0xx_HAL_Driver/Src/stm32g0xx_hal_tim.o
 .comment       0x00000043       0x44 ./Drivers/STM32G0xx_HAL_Driver/Src/stm32g0xx_hal_tim_ex.o
 .comment       0x00000043       0x44 ./Drivers/STM32G0xx_HAL_Driver/Src/stm32g0xx_hal_uart.o
 .comment       0x00000043       0x44 ./Drivers/STM32G0xx_HAL_Driver/Src/stm32g0xx_hal_uart_ex.o

.debug_frame    0x00000000     0x33f4
 .debug_frame   0x00000000       0x28 ./Core/Src/UART.o
 .debug_frame   0x00000028       0x40 ./Core/Src/checking_functions.o
 .debug_frame   0x00000068      0x1ac ./Core/Src/config.o
 .debug_frame   0x00000214      0x128 ./Core/Src/custom_callbacks.o
 .debug_frame   0x0000033c       0xa8 ./Core/Src/input_capture.o
 .debug_frame   0x000003e4       0x2c ./Core/Src/main.o
 .debug_frame   0x00000410       0xa4 ./Core/Src/oscillator.o
 .debug_frame   0x000004b4       0x2c ./Core/Src/startup.o
 .debug_frame   0x000004e0       0x20 ./Core/Src/state_machine.o
 .debug_frame   0x00000500      0x110 ./Core/Src/stm32g0xx_hal_msp.o
 .debug_frame   0x00000610      0x158 ./Core/Src/stm32g0xx_it.o
 .debug_frame   0x00000768       0x48 ./Core/Src/symmetry_adjustment.o
 .debug_frame   0x000007b0       0x38 ./Core/Src/system_stm32g0xx.o
 .debug_frame   0x000007e8       0x40 ./Core/Src/timers.o
 .debug_frame   0x00000828       0x8c ./Core/Src/utility.o
 .debug_frame   0x000008b4      0x270 ./Drivers/STM32G0xx_HAL_Driver/Src/stm32g0xx_hal.o
 .debug_frame   0x00000b24      0x318 ./Drivers/STM32G0xx_HAL_Driver/Src/stm32g0xx_hal_adc.o
 .debug_frame   0x00000e3c       0xb8 ./Drivers/STM32G0xx_HAL_Driver/Src/stm32g0xx_hal_adc_ex.o
 .debug_frame   0x00000ef4      0x130 ./Drivers/STM32G0xx_HAL_Driver/Src/stm32g0xx_hal_cortex.o
 .debug_frame   0x00001024      0x168 ./Drivers/STM32G0xx_HAL_Driver/Src/stm32g0xx_hal_dma.o
 .debug_frame   0x0000118c       0xe4 ./Drivers/STM32G0xx_HAL_Driver/Src/stm32g0xx_hal_gpio.o
 .debug_frame   0x00001270      0x438 ./Drivers/STM32G0xx_HAL_Driver/Src/stm32g0xx_hal_lptim.o
 .debug_frame   0x000016a8      0x1e4 ./Drivers/STM32G0xx_HAL_Driver/Src/stm32g0xx_hal_pwr_ex.o
 .debug_frame   0x0000188c      0x184 ./Drivers/STM32G0xx_HAL_Driver/Src/stm32g0xx_hal_rcc.o
 .debug_frame   0x00001a10       0xa8 ./Drivers/STM32G0xx_HAL_Driver/Src/stm32g0xx_hal_rcc_ex.o
 .debug_frame   0x00001ab8      0xa80 ./Drivers/STM32G0xx_HAL_Driver/Src/stm32g0xx_hal_tim.o
 .debug_frame   0x00002538      0x4b4 ./Drivers/STM32G0xx_HAL_Driver/Src/stm32g0xx_hal_tim_ex.o
 .debug_frame   0x000029ec      0x770 ./Drivers/STM32G0xx_HAL_Driver/Src/stm32g0xx_hal_uart.o
 .debug_frame   0x0000315c      0x1c8 ./Drivers/STM32G0xx_HAL_Driver/Src/stm32g0xx_hal_uart_ex.o
 .debug_frame   0x00003324       0x20 /Applications/STM32CubeIDE.app/Contents/Eclipse/plugins/com.st.stm32cube.ide.mcu.externaltools.gnu-tools-for-stm32.12.3.rel1.macos64_1.1.0.202410301201/tools/bin/../lib/gcc/arm-none-eabi/12.3.1/../../../../arm-none-eabi/lib/thumb/v6-m/nofp/libc_nano.a(libc_a-memset.o)
 .debug_frame   0x00003344       0x2c /Applications/STM32CubeIDE.app/Contents/Eclipse/plugins/com.st.stm32cube.ide.mcu.externaltools.gnu-tools-for-stm32.12.3.rel1.macos64_1.1.0.202410301201/tools/bin/../lib/gcc/arm-none-eabi/12.3.1/../../../../arm-none-eabi/lib/thumb/v6-m/nofp/libc_nano.a(libc_a-init.o)
 .debug_frame   0x00003370       0x28 /Applications/STM32CubeIDE.app/Contents/Eclipse/plugins/com.st.stm32cube.ide.mcu.externaltools.gnu-tools-for-stm32.12.3.rel1.macos64_1.1.0.202410301201/tools/bin/../lib/gcc/arm-none-eabi/12.3.1/../../../../arm-none-eabi/lib/thumb/v6-m/nofp/libc_nano.a(libc_a-memcpy-stub.o)
 .debug_frame   0x00003398       0x20 /Applications/STM32CubeIDE.app/Contents/Eclipse/plugins/com.st.stm32cube.ide.mcu.externaltools.gnu-tools-for-stm32.12.3.rel1.macos64_1.1.0.202410301201/tools/bin/../lib/gcc/arm-none-eabi/12.3.1/thumb/v6-m/nofp/libgcc.a(_udivsi3.o)
 .debug_frame   0x000033b8       0x3c /Applications/STM32CubeIDE.app/Contents/Eclipse/plugins/com.st.stm32cube.ide.mcu.externaltools.gnu-tools-for-stm32.12.3.rel1.macos64_1.1.0.202410301201/tools/bin/../lib/gcc/arm-none-eabi/12.3.1/thumb/v6-m/nofp/libgcc.a(_udivmoddi4.o)

.debug_loclists
                0x00000000     0xf283
 .debug_loclists
                0x00000000       0x6d ./Core/Src/checking_functions.o
 .debug_loclists
                0x0000006d      0x1bd ./Core/Src/custom_callbacks.o
 .debug_loclists
                0x0000022a      0x169 ./Core/Src/input_capture.o
 .debug_loclists
                0x00000393      0x26b ./Core/Src/oscillator.o
 .debug_loclists
                0x000005fe       0x20 ./Core/Src/startup.o
 .debug_loclists
                0x0000061e      0x1c6 ./Core/Src/stm32g0xx_hal_msp.o
 .debug_loclists
                0x000007e4      0x33e ./Core/Src/symmetry_adjustment.o
 .debug_loclists
                0x00000b22       0xa7 ./Core/Src/system_stm32g0xx.o
 .debug_loclists
                0x00000bc9       0x90 ./Core/Src/timers.o
 .debug_loclists
                0x00000c59       0x84 ./Core/Src/utility.o
 .debug_loclists
                0x00000cdd      0x143 ./Drivers/STM32G0xx_HAL_Driver/Src/stm32g0xx_hal.o
 .debug_loclists
                0x00000e20     0x1121 ./Drivers/STM32G0xx_HAL_Driver/Src/stm32g0xx_hal_adc.o
 .debug_loclists
                0x00001f41      0x2a3 ./Drivers/STM32G0xx_HAL_Driver/Src/stm32g0xx_hal_adc_ex.o
 .debug_loclists