Archive member included to satisfy reference by file (symbol)

C:/ST/STM32CubeIDE_1.16.1/STM32CubeIDE/plugins/com.st.stm32cube.ide.mcu.externaltools.gnu-tools-for-stm32.12.3.rel1.win32_1.1.0.202410251130/tools/bin/../lib/gcc/arm-none-eabi/12.3.1/../../../../arm-none-eabi/lib/thumb/v6-m/nofp\libc_nano.a(libc_a-exit.o)
                              C:/ST/STM32CubeIDE_1.16.1/STM32CubeIDE/plugins/com.st.stm32cube.ide.mcu.externaltools.gnu-tools-for-stm32.12.3.rel1.win32_1.1.0.202410251130/tools/bin/../lib/gcc/arm-none-eabi/12.3.1/../../../../arm-none-eabi/lib/thumb/v6-m/nofp/crt0.o (exit)
C:/ST/STM32CubeIDE_1.16.1/STM32CubeIDE/plugins/com.st.stm32cube.ide.mcu.externaltools.gnu-tools-for-stm32.12.3.rel1.win32_1.1.0.202410251130/tools/bin/../lib/gcc/arm-none-eabi/12.3.1/../../../../arm-none-eabi/lib/thumb/v6-m/nofp\libc_nano.a(libc_a-findfp.o)
                              C:/ST/STM32CubeIDE_1.16.1/STM32CubeIDE/plugins/com.st.stm32cube.ide.mcu.externaltools.gnu-tools-for-stm32.12.3.rel1.win32_1.1.0.202410251130/tools/bin/../lib/gcc/arm-none-eabi/12.3.1/../../../../arm-none-eabi/lib/thumb/v6-m/nofp\libc_nano.a(libc_a-exit.o) (__stdio_exit_handler)
C:/ST/STM32CubeIDE_1.16.1/STM32CubeIDE/plugins/com.st.stm32cube.ide.mcu.externaltools.gnu-tools-for-stm32.12.3.rel1.win32_1.1.0.202410251130/tools/bin/../lib/gcc/arm-none-eabi/12.3.1/../../../../arm-none-eabi/lib/thumb/v6-m/nofp\libc_nano.a(libc_a-fwalk.o)
                              C:/ST/STM32CubeIDE_1.16.1/STM32CubeIDE/plugins/com.st.stm32cube.ide.mcu.externaltools.gnu-tools-for-stm32.12.3.rel1.win32_1.1.0.202410251130/tools/bin/../lib/gcc/arm-none-eabi/12.3.1/../../../../arm-none-eabi/lib/thumb/v6-m/nofp\libc_nano.a(libc_a-findfp.o) (_fwalk_sglue)
C:/ST/STM32CubeIDE_1.16.1/STM32CubeIDE/plugins/com.st.stm32cube.ide.mcu.externaltools.gnu-tools-for-stm32.12.3.rel1.win32_1.1.0.202410251130/tools/bin/../lib/gcc/arm-none-eabi/12.3.1/../../../../arm-none-eabi/lib/thumb/v6-m/nofp\libc_nano.a(libc_a-stdio.o)
                              C:/ST/STM32CubeIDE_1.16.1/STM32CubeIDE/plugins/com.st.stm32cube.ide.mcu.externaltools.gnu-tools-for-stm32.12.3.rel1.win32_1.1.0.202410251130/tools/bin/../lib/gcc/arm-none-eabi/12.3.1/../../../../arm-none-eabi/lib/thumb/v6-m/nofp\libc_nano.a(libc_a-findfp.o) (__sread)
C:/ST/STM32CubeIDE_1.16.1/STM32CubeIDE/plugins/com.st.stm32cube.ide.mcu.externaltools.gnu-tools-for-stm32.12.3.rel1.win32_1.1.0.202410251130/tools/bin/../lib/gcc/arm-none-eabi/12.3.1/../../../../arm-none-eabi/lib/thumb/v6-m/nofp\libc_nano.a(libc_a-memset.o)
                              C:/ST/STM32CubeIDE_1.16.1/STM32CubeIDE/plugins/com.st.stm32cube.ide.mcu.externaltools.gnu-tools-for-stm32.12.3.rel1.win32_1.1.0.202410251130/tools/bin/../lib/gcc/arm-none-eabi/12.3.1/../../../../arm-none-eabi/lib/thumb/v6-m/nofp/crt0.o (memset)
C:/ST/STM32CubeIDE_1.16.1/STM32CubeIDE/plugins/com.st.stm32cube.ide.mcu.externaltools.gnu-tools-for-stm32.12.3.rel1.win32_1.1.0.202410251130/tools/bin/../lib/gcc/arm-none-eabi/12.3.1/../../../../arm-none-eabi/lib/thumb/v6-m/nofp\libc_nano.a(libc_a-closer.o)
                              C:/ST/STM32CubeIDE_1.16.1/STM32CubeIDE/plugins/com.st.stm32cube.ide.mcu.externaltools.gnu-tools-for-stm32.12.3.rel1.win32_1.1.0.202410251130/tools/bin/../lib/gcc/arm-none-eabi/12.3.1/../../../../arm-none-eabi/lib/thumb/v6-m/nofp\libc_nano.a(libc_a-stdio.o) (_close_r)
C:/ST/STM32CubeIDE_1.16.1/STM32CubeIDE/plugins/com.st.stm32cube.ide.mcu.externaltools.gnu-tools-for-stm32.12.3.rel1.win32_1.1.0.202410251130/tools/bin/../lib/gcc/arm-none-eabi/12.3.1/../../../../arm-none-eabi/lib/thumb/v6-m/nofp\libc_nano.a(libc_a-reent.o)
                              C:/ST/STM32CubeIDE_1.16.1/STM32CubeIDE/plugins/com.st.stm32cube.ide.mcu.externaltools.gnu-tools-for-stm32.12.3.rel1.win32_1.1.0.202410251130/tools/bin/../lib/gcc/arm-none-eabi/12.3.1/../../../../arm-none-eabi/lib/thumb/v6-m/nofp\libc_nano.a(libc_a-closer.o) (errno)
C:/ST/STM32CubeIDE_1.16.1/STM32CubeIDE/plugins/com.st.stm32cube.ide.mcu.externaltools.gnu-tools-for-stm32.12.3.rel1.win32_1.1.0.202410251130/tools/bin/../lib/gcc/arm-none-eabi/12.3.1/../../../../arm-none-eabi/lib/thumb/v6-m/nofp\libc_nano.a(libc_a-impure.o)
                              C:/ST/STM32CubeIDE_1.16.1/STM32CubeIDE/plugins/com.st.stm32cube.ide.mcu.externaltools.gnu-tools-for-stm32.12.3.rel1.win32_1.1.0.202410251130/tools/bin/../lib/gcc/arm-none-eabi/12.3.1/../../../../arm-none-eabi/lib/thumb/v6-m/nofp\libc_nano.a(libc_a-reent.o) (_impure_ptr)
C:/ST/STM32CubeIDE_1.16.1/STM32CubeIDE/plugins/com.st.stm32cube.ide.mcu.externaltools.gnu-tools-for-stm32.12.3.rel1.win32_1.1.0.202410251130/tools/bin/../lib/gcc/arm-none-eabi/12.3.1/../../../../arm-none-eabi/lib/thumb/v6-m/nofp\libc_nano.a(libc_a-lseekr.o)
[...]
Memory Configuration

Name             Origin             Length             Attributes
RAM              0x20000000         0x00002000         xrw
FLASH            0x08000000         0x00010000         xr
*default*        0x00000000         0xffffffff

Linker script and memory map

LOAD C:/ST/STM32CubeIDE_1.16.1/STM32CubeIDE/plugins/com.st.stm32cube.ide.mcu.externaltools.gnu-tools-for-stm32.12.3.rel1.win32_1.1.0.202410251130/tools/bin/../lib/gcc/arm-none-eabi/12.3.1/thumb/v6-m/nofp/crti.o
LOAD C:/ST/STM32CubeIDE_1.16.1/STM32CubeIDE/plugins/com.st.stm32cube.ide.mcu.externaltools.gnu-tools-for-stm32.12.3.rel1.win32_1.1.0.202410251130/tools/bin/../lib/gcc/arm-none-eabi/12.3.1/thumb/v6-m/nofp/crtbegin.o
LOAD C:/ST/STM32CubeIDE_1.16.1/STM32CubeIDE/plugins/com.st.stm32cube.ide.mcu.externaltools.gnu-tools-for-stm32.12.3.rel1.win32_1.1.0.202410251130/tools/bin/../lib/gcc/arm-none-eabi/12.3.1/../../../../arm-none-eabi/lib/thumb/v6-m/nofp/crt0.o
LOAD ./Core/Src/config.o
LOAD ./Core/Src/custom_callbacks.o
LOAD ./Core/Src/main.o
LOAD ./Core/Src/stm32g0xx_hal_msp.o
LOAD ./Core/Src/stm32g0xx_it.o
LOAD ./Core/Src/syscalls.o
LOAD ./Core/Src/sysmem.o
LOAD ./Core/Src/system.o
LOAD ./Core/Src/system_stm32g0xx.o
LOAD ./Core/Startup/startup_stm32g031k8tx.o
LOAD ./Drivers/STM32G0xx_HAL_Driver/Src/stm32g0xx_hal.o
LOAD ./Drivers/STM32G0xx_HAL_Driver/Src/stm32g0xx_hal_adc.o
LOAD ./Drivers/STM32G0xx_HAL_Driver/Src/stm32g0xx_hal_adc_ex.o
LOAD ./Drivers/STM32G0xx_HAL_Driver/Src/stm32g0xx_hal_cortex.o
LOAD ./Drivers/STM32G0xx_HAL_Driver/Src/stm32g0xx_hal_dma.o
LOAD ./Drivers/STM32G0xx_HAL_Driver/Src/stm32g0xx_hal_dma_ex.o
LOAD ./Drivers/STM32G0xx_HAL_Driver/Src/stm32g0xx_hal_exti.o
LOAD ./Drivers/STM32G0xx_HAL_Driver/Src/stm32g0xx_hal_flash.o
LOAD ./Drivers/STM32G0xx_HAL_Driver/Src/stm32g0xx_hal_flash_ex.o
LOAD ./Drivers/STM32G0xx_HAL_Driver/Src/stm32g0xx_hal_gpio.o
LOAD ./Drivers/STM32G0xx_HAL_Driver/Src/stm32g0xx_hal_pwr.o
LOAD ./Drivers/STM32G0xx_HAL_Driver/Src/stm32g0xx_hal_pwr_ex.o
LOAD ./Drivers/STM32G0xx_HAL_Driver/Src/stm32g0xx_hal_rcc.o
LOAD ./Drivers/STM32G0xx_HAL_Driver/Src/stm32g0xx_hal_rcc_ex.o
LOAD ./Drivers/STM32G0xx_HAL_Driver/Src/stm32g0xx_hal_tim.o
LOAD ./Drivers/STM32G0xx_HAL_Driver/Src/stm32g0xx_hal_tim_ex.o
LOAD ./Drivers/STM32G0xx_HAL_Driver/Src/stm32g0xx_hal_uart.o
LOAD ./Drivers/STM32G0xx_HAL_Driver/Src/stm32g0xx_hal_uart_ex.o
LOAD ./Drivers/STM32G0xx_HAL_Driver/Src/stm32g0xx_ll_adc.o
LOAD ./Drivers/STM32G0xx_HAL_Driver/Src/stm32g0xx_ll_rcc.o
START GROUP
LOAD C:/ST/STM32CubeIDE_1.16.1/STM32CubeIDE/plugins/com.st.stm32cube.ide.mcu.externaltools.gnu-tools-for-stm32.12.3.rel1.win32_1.1.0.202410251130/tools/bin/../lib/gcc/arm-none-eabi/12.3.1/../../../../arm-none-eabi/lib/thumb/v6-m/nofp\libc_nano.a
LOAD C:/ST/STM32CubeIDE_1.16.1/STM32CubeIDE/plugins/com.st.stm32cube.ide.mcu.externaltools.gnu-tools-for-stm32.12.3.rel1.win32_1.1.0.202410251130/tools/bin/../lib/gcc/arm-none-eabi/12.3.1/../../../../arm-none-eabi/lib/thumb/v6-m/nofp\libm.a
END GROUP
START GROUP
LOAD C:/ST/STM32CubeIDE_1.16.1/STM32CubeIDE/plugins/com.st.stm32cube.ide.mcu.externaltools.gnu-tools-for-stm32.12.3.rel1.win32_1.1.0.202410251130/tools/bin/../lib/gcc/arm-none-eabi/12.3.1/thumb/v6-m/nofp\libgcc.a
LOAD C:/ST/STM32CubeIDE_1.16.1/STM32CubeIDE/plugins/com.st.stm32cube.ide.mcu.externaltools.gnu-tools-for-stm32.12.3.rel1.win32_1.1.0.202410251130/tools/bin/../lib/gcc/arm-none-eabi/12.3.1/../../../../arm-none-eabi/lib/thumb/v6-m/nofp\libc_nano.a
END GROUP
START GROUP
LOAD C:/ST/STM32CubeIDE_1.16.1/STM32CubeIDE/plugins/com.st.stm32cube.ide.mcu.externaltools.gnu-tools-for-stm32.12.3.rel1.win32_1.1.0.202410251130/tools/bin/../lib/gcc/arm-none-eabi/12.3.1/thumb/v6-m/nofp\libgcc.a
LOAD C:/ST/STM32CubeIDE_1.16.1/STM32CubeIDE/plugins/com.st.stm32cube.ide.mcu.externaltools.gnu-tools-for-stm32.12.3.rel1.win32_1.1.0.202410251130/tools/bin/../lib/gcc/arm-none-eabi/12.3.1/../../../../arm-none-eabi/lib/thumb/v6-m/nofp\libc_nano.a
LOAD C:/ST/STM32CubeIDE_1.16.1/STM32CubeIDE/plugins/com.st.stm32cube.ide.mcu.externaltools.gnu-tools-for-stm32.12.3.rel1.win32_1.1.0.202410251130/tools/bin/../lib/gcc/arm-none-eabi/12.3.1/../../../../arm-none-eabi/lib/thumb/v6-m/nofp\libnosys.a
END GROUP
START GROUP
LOAD C:/ST/STM32CubeIDE_1.16.1/STM32CubeIDE/plugins/com.st.stm32cube.ide.mcu.externaltools.gnu-tools-for-stm32.12.3.rel1.win32_1.1.0.202410251130/tools/bin/../lib/gcc/arm-none-eabi/12.3.1/thumb/v6-m/nofp\libgcc.a
LOAD C:/ST/STM32CubeIDE_1.16.1/STM32CubeIDE/plugins/com.st.stm32cube.ide.mcu.externaltools.gnu-tools-for-stm32.12.3.rel1.win32_1.1.0.202410251130/tools/bin/../lib/gcc/arm-none-eabi/12.3.1/../../../../arm-none-eabi/lib/thumb/v6-m/nofp\libc_nano.a
LOAD C:/ST/STM32CubeIDE_1.16.1/STM32CubeIDE/plugins/com.st.stm32cube.ide.mcu.externaltools.gnu-tools-for-stm32.12.3.rel1.win32_1.1.0.202410251130/tools/bin/../lib/gcc/arm-none-eabi/12.3.1/../../../../arm-none-eabi/lib/thumb/v6-m/nofp\libnosys.a
END GROUP
LOAD C:/ST/STM32CubeIDE_1.16.1/STM32CubeIDE/plugins/com.st.stm32cube.ide.mcu.externaltools.gnu-tools-for-stm32.12.3.rel1.win32_1.1.0.202410251130/tools/bin/../lib/gcc/arm-none-eabi/12.3.1/thumb/v6-m/nofp/crtend.o
LOAD C:/ST/STM32CubeIDE_1.16.1/STM32CubeIDE/plugins/com.st.stm32cube.ide.mcu.externaltools.gnu-tools-for-stm32.12.3.rel1.win32_1.1.0.202410251130/tools/bin/../lib/gcc/arm-none-eabi/12.3.1/thumb/v6-m/nofp/crtn.o
                0x20002000                        _estack = (ORIGIN (RAM) + LENGTH (RAM))
                0x00000200                        _Min_Heap_Size = 0x200
                0x00000400                        _Min_Stack_Size = 0x400

.isr_vector     0x08000000       0xbc
                0x08000000                        . = ALIGN (0x4)
 *(.isr_vector)
 .isr_vector    0x08000000       0xbc ./Core/Startup/startup_stm32g031k8tx.o
                0x08000000                g_pfnVectors
                0x080000bc                        . = ALIGN (0x4)

.text           0x080000bc     0x5850
                0x080000bc                        . = ALIGN (0x4)
 *(.text)
 .text          0x080000bc       0x48 C:/ST/STM32CubeIDE_1.16.1/STM32CubeIDE/plugins/com.st.stm32cube.ide.mcu.externaltools.gnu-tools-for-stm32.12.3.rel1.win32_1.1.0.202410251130/tools/bin/../lib/gcc/arm-none-eabi/12.3.1/thumb/v6-m/nofp/crtbegin.o
 .text          0x08000104      0x114 C:/ST/STM32CubeIDE_1.16.1/STM32CubeIDE/plugins/com.st.stm32cube.ide.mcu.externaltools.gnu-tools-for-stm32.12.3.rel1.win32_1.1.0.202410251130/tools/bin/../lib/gcc/arm-none-eabi/12.3.1/thumb/v6-m/nofp\libgcc.a(_udivsi3.o)
                0x08000104                __aeabi_uidiv
                0x08000104                __udivsi3
                0x08000210                __aeabi_uidivmod
 .text          0x08000218        0x4 C:/ST/STM32CubeIDE_1.16.1/STM32CubeIDE/plugins/com.st.stm32cube.ide.mcu.externaltools.gnu-tools-for-stm32.12.3.rel1.win32_1.1.0.202410251130/tools/bin/../lib/gcc/arm-none-eabi/12.3.1/thumb/v6-m/nofp\libgcc.a(_dvmd_tls.o)
                0x08000218                __aeabi_idiv0
                0x08000218                __aeabi_ldiv0
 .text          0x0800021c       0x40 C:/ST/STM32CubeIDE_1.16.1/STM32CubeIDE/plugins/com.st.stm32cube.ide.mcu.externaltools.gnu-tools-for-stm32.12.3.rel1.win32_1.1.0.202410251130/tools/bin/../lib/gcc/arm-none-eabi/12.3.1/thumb/v6-m/nofp\libgcc.a(_aeabi_uldivmod.o)
                0x0800021c                __aeabi_uldivmod
 .text          0x0800025c      0x198 C:/ST/STM32CubeIDE_1.16.1/STM32CubeIDE/plugins/com.st.stm32cube.ide.mcu.externaltools.gnu-tools-for-stm32.12.3.rel1.win32_1.1.0.202410251130/tools/bin/../lib/gcc/arm-none-eabi/12.3.1/thumb/v6-m/nofp\libgcc.a(_udivmoddi4.o)
                0x0800025c                __udivmoddi4
 .text          0x080003f4       0x18 C:/ST/STM32CubeIDE_1.16.1/STM32CubeIDE/plugins/com.st.stm32cube.ide.mcu.externaltools.gnu-tools-for-stm32.12.3.rel1.win32_1.1.0.202410251130/tools/bin/../lib/gcc/arm-none-eabi/12.3.1/thumb/v6-m/nofp\libgcc.a(_clzdi2.o)
                0x080003f4                __clzdi2
 .text          0x0800040c       0x3c C:/ST/STM32CubeIDE_1.16.1/STM32CubeIDE/plugins/com.st.stm32cube.ide.mcu.externaltools.gnu-tools-for-stm32.12.3.rel1.win32_1.1.0.202410251130/tools/bin/../lib/gcc/arm-none-eabi/12.3.1/thumb/v6-m/nofp\libgcc.a(_clzsi2.o)
                0x0800040c                __clzsi2
 *(.text*)
 .text.SystemClock_Config
                0x08000448       0x80 ./Core/Src/config.o
                0x08000448                SystemClock_Config
 .text.MX_ADC1_Init
                0x080004c8       0xd4 ./Core/Src/config.o
                0x080004c8                MX_ADC1_Init
 .text.MX_TIM14_Init
                0x0800059c       0x78 ./Core/Src/config.o
                0x0800059c                MX_TIM14_Init
 .text.MX_TIM16_Init
                0x08000614       0xc0 ./Core/Src/config.o
                0x08000614                MX_TIM16_Init
 .text.MX_TIM2_Init
                0x080006d4       0xb8 ./Core/Src/config.o
                0x080006d4                MX_TIM2_Init
 .text.MX_TIM3_Init
                0x0800078c       0xb8 ./Core/Src/config.o
                0x0800078c                MX_TIM3_Init
 .text.MX_TIM1_Init
                0x08000844      0x130 ./Core/Src/config.o
                0x08000844                MX_TIM1_Init
 .text.MX_TIM17_Init
                0x08000974       0xb4 ./Core/Src/config.o
                0x08000974                MX_TIM17_Init
 .text.MX_GPIO_Init
                0x08000a28       0xd8 ./Core/Src/config.o
                0x08000a28                MX_GPIO_Init
 .text.Error_Handler
                0x08000b00        0x4 ./Core/Src/config.o
                0x08000b00                Error_Handler
 .text.System_Init
                0x08000b04      0x118 ./Core/Src/config.o
                0x08000b04                System_Init
 .text.TIM16_callback
                0x08000c1c      0x2a8 ./Core/Src/custom_callbacks.o
                0x08000c1c                TIM16_callback
 .text.ADC_DMA_conversion_complete_callback
                0x08000ec4       0xf8 ./Core/Src/custom_callbacks.o
                0x08000ec4                ADC_DMA_conversion_complete_callback
 .text.TIM2_ch1_IP_capture_callback
                0x08000fbc      0x584 ./Core/Src/custom_callbacks.o
                0x08000fbc                TIM2_ch1_IP_capture_callback
 .text.TIM2_ch1_overflow_callback
                0x08001540       0x24 ./Core/Src/custom_callbacks.o
                0x08001540                TIM2_ch1_overflow_callback
 .text.TIM3_ch1_IP_capture_measurement_reelapse_callback
                0x08001564       0xb4 ./Core/Src/custom_callbacks.o
                0x08001564                TIM3_ch1_IP_capture_measurement_reelapse_callback
 .text.TIM17_callback_debounce
                0x08001618       0x30 ./Core/Src/custom_callbacks.o
                0x08001618                TIM17_callback_debounce
 .text.HAL_GPIO_EXTI_Falling_Callback
                0x08001648       0x3c ./Core/Src/custom_callbacks.o
                0x08001648                HAL_GPIO_EXTI_Falling_Callback
 .text.TIM1_ch1_speed_pot_check_callback
                0x08001684       0x7c ./Core/Src/custom_callbacks.o
                0x08001684                TIM1_ch1_speed_pot_check_callback
 .text.startup.main
                0x08001700       0x70 ./Core/Src/main.o
                0x08001700                main
 .text.HAL_MspInit
                0x08001770       0x30 ./Core/Src/stm32g0xx_hal_msp.o
                0x08001770                HAL_MspInit
 .text.HAL_ADC_MspInit
                0x080017a0       0x9c ./Core/Src/stm32g0xx_hal_msp.o
                0x080017a0                HAL_ADC_MspInit
 .text.HAL_TIM_Base_MspInit
                0x0800183c      0x170 ./Core/Src/stm32g0xx_hal_msp.o
                0x0800183c                HAL_TIM_Base_MspInit
 .text.HAL_TIM_MspPostInit
                0x080019ac       0x78 ./Core/Src/stm32g0xx_hal_msp.o
                0x080019ac                HAL_TIM_MspPostInit
 .text.HAL_TIM_PWM_MspInit
                0x08001a24       0x50 ./Core/Src/stm32g0xx_hal_msp.o
                0x08001a24                HAL_TIM_PWM_MspInit
 .text.HAL_UART_MspInit
                0x08001a74       0x60 ./Core/Src/stm32g0xx_hal_msp.o
                0x08001a74                HAL_UART_MspInit
 .text.NMI_Handler
                0x08001ad4        0x4 ./Core/Src/stm32g0xx_it.o
                0x08001ad4                NMI_Handler
 .text.HardFault_Handler
                0x08001ad8        0x4 ./Core/Src/stm32g0xx_it.o
                0x08001ad8                HardFault_Handler
 .text.SVC_Handler
                0x08001adc        0x4 ./Core/Src/stm32g0xx_it.o
                0x08001adc                SVC_Handler
 .text.PendSV_Handler
                0x08001ae0        0x4 ./Core/Src/stm32g0xx_it.o
                0x08001ae0                PendSV_Handler
 .text.SysTick_Handler
                0x08001ae4        0x8 ./Core/Src/stm32g0xx_it.o
                0x08001ae4                SysTick_Handler
 .text.DMA1_Channel1_IRQHandler
                0x08001aec       0x10 ./Core/Src/stm32g0xx_it.o
                0x08001aec                DMA1_Channel1_IRQHandler
 .text.DMA1_Ch4_5_DMAMUX1_OVR_IRQHandler
                0x08001afc        0x4 ./Core/Src/stm32g0xx_it.o
                0x08001afc                DMA1_Ch4_5_DMAMUX1_OVR_IRQHandler
 .text.TIM16_IRQHandler
                0x08001b00       0x10 ./Core/Src/stm32g0xx_it.o
                0x08001b00                TIM16_IRQHandler
 .text.TIM2_IRQHandler
                0x08001b10       0x10 ./Core/Src/stm32g0xx_it.o
                0x08001b10                TIM2_IRQHandler
 .text.TIM3_IRQHandler
                0x08001b20       0x10 ./Core/Src/stm32g0xx_it.o
                0x08001b20                TIM3_IRQHandler
 .text.TIM17_IRQHandler
                0x08001b30       0x10 ./Core/Src/stm32g0xx_it.o
                0x08001b30                TIM17_IRQHandler
 .text.EXTI4_15_IRQHandler
                0x08001b40       0x1c ./Core/Src/stm32g0xx_it.o
                0x08001b40                EXTI4_15_IRQHandler
 .text.Global_Interrupt_Enable
                0x08001b5c        0x8 ./Core/Src/system.o
                0x08001b5c                Global_Interrupt_Enable
 .text.Start_PWM_Gen_Timer_Main_Oscillator
                0x08001b64       0x30 ./Core/Src/system.o
                0x08001b64                Start_PWM_Gen_Timer_Main_Oscillator
 .text.Start_PWM_Gen_Timer_Secondary_Oscillator
                0x08001b94       0x30 ./Core/Src/system.o
                0x08001b94                Start_PWM_Gen_Timer_Secondary_Oscillator
 .text.Start_Freq_Gen_Timer
                0x08001bc4       0x20 ./Core/Src/system.o
                0x08001bc4                Start_Freq_Gen_Timer
 .text.Start_OC_TIM
                0x08001be4       0x14 ./Core/Src/system.o
                0x08001be4                Start_OC_TIM
 .text.Stop_OC_TIM
                0x08001bf8       0x14 ./Core/Src/system.o
                0x08001bf8                Stop_OC_TIM
 .text.Start_Input_Capture_Timer
                0x08001c0c       0x30 ./Core/Src/system.o
                0x08001c0c                Start_Input_Capture_Timer
 .text.Process_TIM16_Raw_Start_Value_and_Raw_Prescaler
                0x08001c3c       0x50 ./Core/Src/system.o
                0x08001c3c                Process_TIM16_Raw_Start_Value_and_Raw_Prescaler
 .text.Process_TIM16_Final_Start_Value_and_Prescaler_Adjust
                0x08001c8c      0x3c4 ./Core/Src/system.o
                0x08001c8c                Process_TIM16_Final_Start_Value_and_Prescaler_Adjust
 .text.unsigned_bitwise_modulo
                0x08002050        0xc ./Core/Src/system.o
                0x08002050                unsigned_bitwise_modulo
 .text.SystemInit
                0x0800205c        0x4 ./Core/Src/system_stm32g0xx.o
                0x0800205c                SystemInit
 .text.Reset_Handler
                0x08002060       0x50 ./Core/Startup/startup_stm32g031k8tx.o
                0x08002060                Reset_Handler
 .text.Default_Handler
                0x080020b0        0x2 ./Core/Startup/startup_stm32g031k8tx.o
                0x080020b0                TIM1_CC_IRQHandler
                0x080020b0                PVD_IRQHandler
                0x080020b0                I2C1_IRQHandler
                0x080020b0                LPTIM2_IRQHandler
                0x080020b0                RTC_TAMP_IRQHandler
                0x080020b0                SPI1_IRQHandler
                0x080020b0                EXTI2_3_IRQHandler
                0x080020b0                ADC1_IRQHandler
                0x080020b0                I2C2_IRQHandler
                0x080020b0                RCC_IRQHandler
                0x080020b0                Default_Handler
                0x080020b0                TIM14_IRQHandler
                0x080020b0                EXTI0_1_IRQHandler
                0x080020b0                SPI2_IRQHandler
                0x080020b0                WWDG_IRQHandler
                0x080020b0                LPUART1_IRQHandler
                0x080020b0                DMA1_Channel2_3_IRQHandler
                0x080020b0                USART2_IRQHandler
                0x080020b0                FLASH_IRQHandler
                0x080020b0                USART1_IRQHandler
                0x080020b0                TIM1_BRK_UP_TRG_COM_IRQHandler
                0x080020b0                LPTIM1_IRQHandler
 *fill*         0x080020b2        0x2 
 .text.HAL_InitTick
                0x080020b4       0x4c ./Drivers/STM32G0xx_HAL_Driver/Src/stm32g0xx_hal.o
                0x080020b4                HAL_InitTick
 .text.HAL_Init
                0x08002100       0x28 ./Drivers/STM32G0xx_HAL_Driver/Src/stm32g0xx_hal.o
                0x08002100                HAL_Init
 .text.HAL_IncTick
                0x08002128       0x18 ./Drivers/STM32G0xx_HAL_Driver/Src/stm32g0xx_hal.o
                0x08002128                HAL_IncTick
 .text.HAL_GetTick
                0x08002140        0xc ./Drivers/STM32G0xx_HAL_Driver/Src/stm32g0xx_hal.o
                0x08002140                HAL_GetTick
 .text.ADC_DMAConvCplt
                0x0800214c       0x80 ./Drivers/STM32G0xx_HAL_Driver/Src/stm32g0xx_hal_adc.o
 .text.ADC_DMAHalfConvCplt
                0x080021cc        0xc ./Drivers/STM32G0xx_HAL_Driver/Src/stm32g0xx_hal_adc.o
 .text.ADC_DMAError
                0x080021d8       0x1c ./Drivers/STM32G0xx_HAL_Driver/Src/stm32g0xx_hal_adc.o
 .text.HAL_ADC_ErrorCallback
                0x080021f4        0x4 ./Drivers/STM32G0xx_HAL_Driver/Src/stm32g0xx_hal_adc.o
                0x080021f4                HAL_ADC_ErrorCallback
 .text.HAL_ADC_ConvCpltCallback
                0x080021f8        0x4 ./Drivers/STM32G0xx_HAL_Driver/Src/stm32g0xx_hal_adc.o
                0x080021f8                HAL_ADC_ConvCpltCallback
 .text.HAL_ADC_ConvHalfCpltCallback
                0x080021fc        0x4 ./Drivers/STM32G0xx_HAL_Driver/Src/stm32g0xx_hal_adc.o
                0x080021fc                HAL_ADC_ConvHalfCpltCallback
 .text.HAL_ADC_LevelOutOfWindowCallback
                0x08002200        0x4 ./Drivers/STM32G0xx_HAL_Driver/Src/stm32g0xx_hal_adc.o
                0x08002200                HAL_ADC_LevelOutOfWindowCallback
 .text.HAL_ADC_Init
                0x08002204      0x284 ./Drivers/STM32G0xx_HAL_Driver/Src/stm32g0xx_hal_adc.o
                0x08002204                HAL_ADC_Init
 .text.HAL_ADC_RegisterCallback
                0x08002488       0x70 ./Drivers/STM32G0xx_HAL_Driver/Src/stm32g0xx_hal_adc.o
                0x08002488                HAL_ADC_RegisterCallback
 .text.HAL_ADC_ConfigChannel
                0x080024f8      0x284 ./Drivers/STM32G0xx_HAL_Driver/Src/stm32g0xx_hal_adc.o
                0x080024f8                HAL_ADC_ConfigChannel
 .text.ADC_ConversionStop
                0x0800277c       0x74 ./Drivers/STM32G0xx_HAL_Driver/Src/stm32g0xx_hal_adc.o
                0x0800277c                ADC_ConversionStop
 .text.ADC_Enable
                0x080027f0       0xcc ./Drivers/STM32G0xx_HAL_Driver/Src/stm32g0xx_hal_adc.o
                0x080027f0                ADC_Enable
 .text.HAL_ADC_Start_DMA
                0x080028bc       0xb4 ./Drivers/STM32G0xx_HAL_Driver/Src/stm32g0xx_hal_adc.o
                0x080028bc                HAL_ADC_Start_DMA
 .text.ADC_Disable
                0x08002970       0x88 ./Drivers/STM32G0xx_HAL_Driver/Src/stm32g0xx_hal_adc.o
                0x08002970                ADC_Disable
 .text.HAL_ADC_Stop_DMA
                0x080029f8       0x8c ./Drivers/STM32G0xx_HAL_Driver/Src/stm32g0xx_hal_adc.o
                0x080029f8                HAL_ADC_Stop_DMA
 .text.HAL_ADCEx_LevelOutOfWindow2Callback
                0x08002a84        0x4 ./Drivers/STM32G0xx_HAL_Driver/Src/stm32g0xx_hal_adc_ex.o
                0x08002a84                HAL_ADCEx_LevelOutOfWindow2Callback
 .text.HAL_ADCEx_LevelOutOfWindow3Callback
                0x08002a88        0x4 ./Drivers/STM32G0xx_HAL_Driver/Src/stm32g0xx_hal_adc_ex.o
                0x08002a88                HAL_ADCEx_LevelOutOfWindow3Callback
 .text.HAL_ADCEx_EndOfSamplingCallback
                0x08002a8c        0x4 ./Drivers/STM32G0xx_HAL_Driver/Src/stm32g0xx_hal_adc_ex.o
                0x08002a8c                HAL_ADCEx_EndOfSamplingCallback
 .text.HAL_NVIC_SetPriority
                0x08002a90       0x54 ./Drivers/STM32G0xx_HAL_Driver/Src/stm32g0xx_hal_cortex.o
                0x08002a90                HAL_NVIC_SetPriority
 .text.HAL_NVIC_EnableIRQ
                0x08002ae4       0x18 ./Drivers/STM32G0xx_HAL_Driver/Src/stm32g0xx_hal_cortex.o
                0x08002ae4                HAL_NVIC_EnableIRQ
 .text.HAL_NVIC_DisableIRQ
                0x08002afc       0x20 ./Drivers/STM32G0xx_HAL_Driver/Src/stm32g0xx_hal_cortex.o
                0x08002afc                HAL_NVIC_DisableIRQ
 .text.HAL_SYSTICK_Config
                0x08002b1c       0x34 ./Drivers/STM32G0xx_HAL_Driver/Src/stm32g0xx_hal_cortex.o
                0x08002b1c                HAL_SYSTICK_Config
 .text.HAL_DMA_Init
                0x08002b50       0xec ./Drivers/STM32G0xx_HAL_Driver/Src/stm32g0xx_hal_dma.o
                0x08002b50                HAL_DMA_Init
 .text.HAL_DMA_Start_IT
                0x08002c3c       0xd0 ./Drivers/STM32G0xx_HAL_Driver/Src/stm32g0xx_hal_dma.o
                0x08002c3c                HAL_DMA_Start_IT
 .text.HAL_DMA_Abort
                0x08002d0c       0x78 ./Drivers/STM32G0xx_HAL_Driver/Src/stm32g0xx_hal_dma.o
                0x08002d0c                HAL_DMA_Abort
 .text.HAL_DMA_IRQHandler
                0x08002d84       0xb8 ./Drivers/STM32G0xx_HAL_Driver/Src/stm32g0xx_hal_dma.o
                0x08002d84                HAL_DMA_IRQHandler
 .text.HAL_GPIO_Init
                0x08002e3c      0x1e4 ./Drivers/STM32G0xx_HAL_Driver/Src/stm32g0xx_hal_gpio.o
                0x08002e3c                HAL_GPIO_Init
 .text.HAL_GPIO_WritePin
                0x08003020        0xc ./Drivers/STM32G0xx_HAL_Driver/Src/stm32g0xx_hal_gpio.o
                0x08003020                HAL_GPIO_WritePin
 .text.HAL_GPIO_EXTI_Rising_Callback
                0x0800302c        0x4 ./Drivers/STM32G0xx_HAL_Driver/Src/stm32g0xx_hal_gpio.o
                0x0800302c                HAL_GPIO_EXTI_Rising_Callback
 .text.HAL_GPIO_EXTI_IRQHandler
                0x08003030       0x34 ./Drivers/STM32G0xx_HAL_Driver/Src/stm32g0xx_hal_gpio.o
                0x08003030                HAL_GPIO_EXTI_IRQHandler
 .text.HAL_PWREx_ControlVoltageScaling
                0x08003064       0x60 ./Drivers/STM32G0xx_HAL_Driver/Src/stm32g0xx_hal_pwr_ex.o
                0x08003064                HAL_PWREx_ControlVoltageScaling
 .text.HAL_RCC_OscConfig
                0x080030c4      0x4d0 ./Drivers/STM32G0xx_HAL_Driver/Src/stm32g0xx_hal_rcc.o
                0x080030c4                HAL_RCC_OscConfig
 .text.HAL_RCC_GetSysClockFreq
                0x08003594       0x9c ./Drivers/STM32G0xx_HAL_Driver/Src/stm32g0xx_hal_rcc.o
                0x08003594                HAL_RCC_GetSysClockFreq
 .text.HAL_RCC_ClockConfig
                0x08003630      0x190 ./Drivers/STM32G0xx_HAL_Driver/Src/stm32g0xx_hal_rcc.o
                0x08003630                HAL_RCC_ClockConfig
 .text.HAL_RCC_GetPCLK1Freq
                0x080037c0       0x28 ./Drivers/STM32G0xx_HAL_Driver/Src/stm32g0xx_hal_rcc.o
                0x080037c0                HAL_RCC_GetPCLK1Freq
 .text.HAL_RCCEx_PeriphCLKConfig
                0x080037e8      0x1f0 ./Drivers/STM32G0xx_HAL_Driver/Src/stm32g0xx_hal_rcc_ex.o
                0x080037e8                HAL_RCCEx_PeriphCLKConfig
 .text.HAL_TIM_OC_MspInit
                0x080039d8        0x4 ./Drivers/STM32G0xx_HAL_Driver/Src/stm32g0xx_hal_tim.o
                0x080039d8                HAL_TIM_OC_MspInit
 .text.HAL_TIM_IC_MspInit
                0x080039dc        0x4 ./Drivers/STM32G0xx_HAL_Driver/Src/stm32g0xx_hal_tim.o
                0x080039dc                HAL_TIM_IC_MspInit
 .text.HAL_TIM_PeriodElapsedCallback
                0x080039e0        0x4 ./Drivers/STM32G0xx_HAL_Driver/Src/stm32g0xx_hal_tim.o
                0x080039e0                HAL_TIM_PeriodElapsedCallback
 .text.HAL_TIM_PeriodElapsedHalfCpltCallback
                0x080039e4        0x4 ./Drivers/STM32G0xx_HAL_Driver/Src/stm32g0xx_hal_tim.o
                0x080039e4                HAL_TIM_PeriodElapsedHalfCpltCallback
 .text.HAL_TIM_OC_DelayElapsedCallback
                0x080039e8        0x4 ./Drivers/STM32G0xx_HAL_Driver/Src/stm32g0xx_hal_tim.o
                0x080039e8                HAL_TIM_OC_DelayElapsedCallback
 .text.HAL_TIM_IC_CaptureCallback
                0x080039ec        0x4 ./Drivers/STM32G0xx_HAL_Driver/Src/stm32g0xx_hal_tim.o
                0x080039ec                HAL_TIM_IC_CaptureCallback
 .text.HAL_TIM_IC_CaptureHalfCpltCallback
                0x080039f0        0x4 ./Drivers/STM32G0xx_HAL_Driver/Src/stm32g0xx_hal_tim.o
                0x080039f0                HAL_TIM_IC_CaptureHalfCpltCallback
 .text.HAL_TIM_PWM_PulseFinishedCallback
                0x080039f4        0x4 ./Drivers/STM32G0xx_HAL_Driver/Src/stm32g0xx_hal_tim.o
                0x080039f4                HAL_TIM_PWM_PulseFinishedCallback
 .text.HAL_TIM_PWM_PulseFinishedHalfCpltCallback
                0x080039f8        0x4 ./Drivers/STM32G0xx_HAL_Driver/Src/stm32g0xx_hal_tim.o
                0x080039f8                HAL_TIM_PWM_PulseFinishedHalfCpltCallback
 .text.HAL_TIM_TriggerCallback
                0x080039fc        0x4 ./Drivers/STM32G0xx_HAL_Driver/Src/stm32g0xx_hal_tim.o
                0x080039fc                HAL_TIM_TriggerCallback
 .text.HAL_TIM_TriggerHalfCpltCallback
                0x08003a00        0x4 ./Drivers/STM32G0xx_HAL_Driver/Src/stm32g0xx_hal_tim.o
                0x08003a00                HAL_TIM_TriggerHalfCpltCallback
 .text.HAL_TIM_ErrorCallback
                0x08003a04        0x4 ./Drivers/STM32G0xx_HAL_Driver/Src/stm32g0xx_hal_tim.o
                0x08003a04                HAL_TIM_ErrorCallback
 .text.HAL_TIM_Base_Init
                0x08003a08      0x190 ./Drivers/STM32G0xx_HAL_Driver/Src/stm32g0xx_hal_tim.o
                0x08003a08                HAL_TIM_Base_Init
 .text.HAL_TIM_Base_Start
                0x08003b98       0x5c ./Drivers/STM32G0xx_HAL_Driver/Src/stm32g0xx_hal_tim.o
                0x08003b98                HAL_TIM_Base_Start
 .text.HAL_TIM_Base_Start_IT
                0x08003bf4       0x64 ./Drivers/STM32G0xx_HAL_Driver/Src/stm32g0xx_hal_tim.o
                0x08003bf4                HAL_TIM_Base_Start_IT
 .text.HAL_TIM_OC_Init
                0x08003c58      0x190 ./Drivers/STM32G0xx_HAL_Driver/Src/stm32g0xx_hal_tim.o
                0x08003c58                HAL_TIM_OC_Init
 .text.HAL_TIM_OC_Start_IT
                0x08003de8      0x104 ./Drivers/STM32G0xx_HAL_Driver/Src/stm32g0xx_hal_tim.o
                0x08003de8                HAL_TIM_OC_Start_IT
 .text.HAL_TIM_OC_Stop_IT
                0x08003eec      0x100 ./Drivers/STM32G0xx_HAL_Driver/Src/stm32g0xx_hal_tim.o
                0x08003eec                HAL_TIM_OC_Stop_IT
 .text.HAL_TIM_PWM_Init
                0x08003fec      0x190 ./Drivers/STM32G0xx_HAL_Driver/Src/stm32g0xx_hal_tim.o
                0x08003fec                HAL_TIM_PWM_Init
 .text.HAL_TIM_PWM_Start
                0x0800417c       0xd0 ./Drivers/STM32G0xx_HAL_Driver/Src/stm32g0xx_hal_tim.o
                0x0800417c                HAL_TIM_PWM_Start
 .text.HAL_TIM_IC_Init
                0x0800424c      0x190 ./Drivers/STM32G0xx_HAL_Driver/Src/stm32g0xx_hal_tim.o
                0x0800424c                HAL_TIM_IC_Init
 .text.HAL_TIM_IC_Start_IT
                0x080043dc      0x168 ./Drivers/STM32G0xx_HAL_Driver/Src/stm32g0xx_hal_tim.o
                0x080043dc                HAL_TIM_IC_Start_IT
 .text.HAL_TIM_IRQHandler
                0x08004544      0x1b4 ./Drivers/STM32G0xx_HAL_Driver/Src/stm32g0xx_hal_tim.o
                0x08004544                HAL_TIM_IRQHandler
 .text.HAL_TIM_OC_ConfigChannel
                0x080046f8      0x2a4 ./Drivers/STM32G0xx_HAL_Driver/Src/stm32g0xx_hal_tim.o
                0x080046f8                HAL_TIM_OC_ConfigChannel
 .text.HAL_TIM_IC_ConfigChannel
                0x0800499c      0x1bc ./Drivers/STM32G0xx_HAL_Driver/Src/stm32g0xx_hal_tim.o
                0x0800499c                HAL_TIM_IC_ConfigChannel
 .text.HAL_TIM_PWM_ConfigChannel
                0x08004b58      0x348 ./Drivers/STM32G0xx_HAL_Driver/Src/stm32g0xx_hal_tim.o
                0x08004b58                HAL_TIM_PWM_ConfigChannel
 .text.HAL_TIM_ConfigClockSource
                0x08004ea0      0x170 ./Drivers/STM32G0xx_HAL_Driver/Src/stm32g0xx_hal_tim.o
                0x08004ea0                HAL_TIM_ConfigClockSource
 .text.HAL_TIM_ReadCapturedValue
                0x08005010       0x30 ./Drivers/STM32G0xx_HAL_Driver/Src/stm32g0xx_hal_tim.o
                0x08005010                HAL_TIM_ReadCapturedValue
 .text.HAL_TIM_RegisterCallback
                0x08005040      0x104 ./Drivers/STM32G0xx_HAL_Driver/Src/stm32g0xx_hal_tim.o
                0x08005040                HAL_TIM_RegisterCallback
 .text.HAL_TIMEx_MasterConfigSynchronization
                0x08005144       0x70 ./Drivers/STM32G0xx_HAL_Driver/Src/stm32g0xx_hal_tim_ex.o
                0x08005144                HAL_TIMEx_MasterConfigSynchronization
 .text.HAL_TIMEx_ConfigBreakDeadTime
                0x080051b4       0xc0 ./Drivers/STM32G0xx_HAL_Driver/Src/stm32g0xx_hal_tim_ex.o
                0x080051b4                HAL_TIMEx_ConfigBreakDeadTime
 .text.HAL_TIMEx_CommutCallback
                0x08005274        0x4 ./Drivers/STM32G0xx_HAL_Driver/Src/stm32g0xx_hal_tim_ex.o
                0x08005274                HAL_TIMEx_CommutCallback
 .text.HAL_TIMEx_CommutHalfCpltCallback
                0x08005278        0x4 ./Drivers/STM32G0xx_HAL_Driver/Src/stm32g0xx_hal_tim_ex.o
                0x08005278                HAL_TIMEx_CommutHalfCpltCallback
 .text.HAL_TIMEx_BreakCallback
                0x0800527c        0x4 ./Drivers/STM32G0xx_HAL_Driver/Src/stm32g0xx_hal_tim_ex.o
                0x0800527c                HAL_TIMEx_BreakCallback
 .text.HAL_TIMEx_Break2Callback
                0x08005280        0x4 ./Drivers/STM32G0xx_HAL_Driver/Src/stm32g0xx_hal_tim_ex.o
                0x08005280                HAL_TIMEx_Break2Callback
 .text.UART_AdvFeatureConfig
                0x08005284       0xd0 ./Drivers/STM32G0xx_HAL_Driver/Src/stm32g0xx_hal_uart.o
                0x08005284                UART_AdvFeatureConfig
 .text.UART_CheckIdleState
                0x08005354      0x2ac ./Drivers/STM32G0xx_HAL_Driver/Src/stm32g0xx_hal_uart.o
                0x08005354                UART_CheckIdleState
 .text.HAL_UART_Init
                0x08005600      0x29c ./Drivers/STM32G0xx_HAL_Driver/Src/stm32g0xx_hal_uart.o
                0x08005600                HAL_UART_Init
 .text.memset   0x0800589c       0x10 C:/ST/STM32CubeIDE_1.16.1/STM32CubeIDE/plugins/com.st.stm32cube.ide.mcu.externaltools.gnu-tools-for-stm32.12.3.rel1.win32_1.1.0.202410251130/tools/bin/../lib/gcc/arm-none-eabi/12.3.1/../../../../arm-none-eabi/lib/thumb/v6-m/nofp\libc_nano.a(libc_a-memset.o)
                0x0800589c                memset
 .text.__libc_init_array
                0x080058ac       0x48 C:/ST/STM32CubeIDE_1.16.1/STM32CubeIDE/plugins/com.st.stm32cube.ide.mcu.externaltools.gnu-tools-for-stm32.12.3.rel1.win32_1.1.0.202410251130/tools/bin/../lib/gcc/arm-none-eabi/12.3.1/../../../../arm-none-eabi/lib/thumb/v6-m/nofp\libc_nano.a(libc_a-init.o)
                0x080058ac                __libc_init_array
 *(.glue_7)
 .glue_7        0x080058f4        0x0 linker stubs
 *(.glue_7t)
 .glue_7t       0x080058f4        0x0 linker stubs
 *(.eh_frame)
 .eh_frame      0x080058f4        0x0 C:/ST/STM32CubeIDE_1.16.1/STM32CubeIDE/plugins/com.st.stm32cube.ide.mcu.externaltools.gnu-tools-for-stm32.12.3.rel1.win32_1.1.0.202410251130/tools/bin/../lib/gcc/arm-none-eabi/12.3.1/thumb/v6-m/nofp/crtbegin.o
 *(.init)
 .init          0x080058f4        0x4 C:/ST/STM32CubeIDE_1.16.1/STM32CubeIDE/plugins/com.st.stm32cube.ide.mcu.externaltools.gnu-tools-for-stm32.12.3.rel1.win32_1.1.0.202410251130/tools/bin/../lib/gcc/arm-none-eabi/12.3.1/thumb/v6-m/nofp/crti.o
                0x080058f4                _init
 .init          0x080058f8        0x8 C:/ST/STM32CubeIDE_1.16.1/STM32CubeIDE/plugins/com.st.stm32cube.ide.mcu.externaltools.gnu-tools-for-stm32.12.3.rel1.win32_1.1.0.202410251130/tools/bin/../lib/gcc/arm-none-eabi/12.3.1/thumb/v6-m/nofp/crtn.o
 *(.fini)
 .fini          0x08005900        0x4 C:/ST/STM32CubeIDE_1.16.1/STM32CubeIDE/plugins/com.st.stm32cube.ide.mcu.externaltools.gnu-tools-for-stm32.12.3.rel1.win32_1.1.0.202410251130/tools/bin/../lib/gcc/arm-none-eabi/12.3.1/thumb/v6-m/nofp/crti.o
                0x08005900                _fini
 .fini          0x08005904        0x8 C:/ST/STM32CubeIDE_1.16.1/STM32CubeIDE/plugins/com.st.stm32cube.ide.mcu.externaltools.gnu-tools-for-stm32.12.3.rel1.win32_1.1.0.202410251130/tools/bin/../lib/gcc/arm-none-eabi/12.3.1/thumb/v6-m/nofp/crtn.o
                0x0800590c                        . = ALIGN (0x4)
                0x0800590c                        _etext = .

.vfp11_veneer   0x0800590c        0x0
 .vfp11_veneer  0x0800590c        0x0 linker stubs

.v4_bx          0x0800590c        0x0
 .v4_bx         0x0800590c        0x0 linker stubs

.iplt           0x0800590c        0x0
 .iplt          0x0800590c        0x0 C:/ST/STM32CubeIDE_1.16.1/STM32CubeIDE/plugins/com.st.stm32cube.ide.mcu.externaltools.gnu-tools-for-stm32.12.3.rel1.win32_1.1.0.202410251130/tools/bin/../lib/gcc/arm-none-eabi/12.3.1/thumb/v6-m/nofp/crtbegin.o

.rodata         0x0800590c      0xb04
                0x0800590c                        . = ALIGN (0x4)
 *(.rodata)
 *(.rodata*)
 .rodata.num_ADC_conversions
                0x0800590c        0x1 ./Core/Src/system.o
                0x0800590c                num_ADC_conversions
 *fill*         0x0800590d        0x3 
 .rodata.TIM16_prescaler_divisors
                0x08005910        0xc ./Core/Src/system.o
                0x08005910                TIM16_prescaler_divisors
 .rodata.tri_wavetable
                0x0800591c      0x400 ./Core/Src/system.o
                0x0800591c                tri_wavetable
 .rodata.sine_wavetable
                0x08005d1c      0x400 ./Core/Src/system.o
                0x08005d1c                sine_wavetable
 .rodata.APBPrescTable
                0x0800611c       0x20 ./Core/Src/system_stm32g0xx.o
                0x0800611c                APBPrescTable
 .rodata.AHBPrescTable
                0x0800613c       0x40 ./Core/Src/system_stm32g0xx.o
                0x0800613c                AHBPrescTable
 .rodata.HAL_ADC_RegisterCallback
                0x0800617c       0x2c ./Drivers/STM32G0xx_HAL_Driver/Src/stm32g0xx_hal_adc.o
 .rodata.HAL_TIM_OC_Start_IT
                0x080061a8       0x44 ./Drivers/STM32G0xx_HAL_Driver/Src/stm32g0xx_hal_tim.o
 .rodata.HAL_TIM_PWM_Start
                0x080061ec       0x44 ./Drivers/STM32G0xx_HAL_Driver/Src/stm32g0xx_hal_tim.o
 .rodata.HAL_TIM_IC_Start_IT
                0x08006230       0x78 ./Drivers/STM32G0xx_HAL_Driver/Src/stm32g0xx_hal_tim.o
 .rodata.HAL_TIM_OC_ConfigChannel
                0x080062a8       0x54 ./Drivers/STM32G0xx_HAL_Driver/Src/stm32g0xx_hal_tim.o
 .rodata.HAL_TIM_PWM_ConfigChannel
                0x080062fc       0x54 ./Drivers/STM32G0xx_HAL_Driver/Src/stm32g0xx_hal_tim.o
 .rodata.HAL_TIM_RegisterCallback
                0x08006350       0xa8 ./Drivers/STM32G0xx_HAL_Driver/Src/stm32g0xx_hal_tim.o
 .rodata.UARTPrescTable
                0x080063f8       0x18 ./Drivers/STM32G0xx_HAL_Driver/Src/stm32g0xx_hal_uart.o
                0x080063f8                UARTPrescTable
                0x08006410                        . = ALIGN (0x4)

.ARM.extab      0x08006410        0x0
                0x08006410                        . = ALIGN (0x4)
 *(.ARM.extab* .gnu.linkonce.armextab.*)
                0x08006410                        . = ALIGN (0x4)

.ARM            0x08006410        0x8
                0x08006410                        . = ALIGN (0x4)
                0x08006410                        __exidx_start = .
 *(.ARM.exidx*)
 .ARM.exidx     0x08006410        0x8 C:/ST/STM32CubeIDE_1.16.1/STM32CubeIDE/plugins/com.st.stm32cube.ide.mcu.externaltools.gnu-tools-for-stm32.12.3.rel1.win32_1.1.0.202410251130/tools/bin/../lib/gcc/arm-none-eabi/12.3.1/thumb/v6-m/nofp\libgcc.a(_udivmoddi4.o)
                0x08006418                        __exidx_end = .
                0x08006418                        . = ALIGN (0x4)

.preinit_array  0x08006418        0x0
                0x08006418                        . = ALIGN (0x4)
                0x08006418                        PROVIDE (__preinit_array_start = .)
 *(.preinit_array*)
                0x08006418                        PROVIDE (__preinit_array_end = .)
                0x08006418                        . = ALIGN (0x4)

.init_array     0x08006418        0x4
                0x08006418                        . = ALIGN (0x4)
                0x08006418                        PROVIDE (__init_array_start = .)
 *(SORT_BY_NAME(.init_array.*))
 *(.init_array*)
 .init_array    0x08006418        0x4 C:/ST/STM32CubeIDE_1.16.1/STM32CubeIDE/plugins/com.st.stm32cube.ide.mcu.externaltools.gnu-tools-for-stm32.12.3.rel1.win32_1.1.0.202410251130/tools/bin/../lib/gcc/arm-none-eabi/12.3.1/thumb/v6-m/nofp/crtbegin.o
                0x0800641c                        PROVIDE (__init_array_end = .)
                0x0800641c                        . = ALIGN (0x4)

.fini_array     0x0800641c        0x4
                0x0800641c                        . = ALIGN (0x4)
                [!provide]                        PROVIDE (__fini_array_start = .)
 *(SORT_BY_NAME(.fini_array.*))
 *(.fini_array*)
 .fini_array    0x0800641c        0x4 C:/ST/STM32CubeIDE_1.16.1/STM32CubeIDE/plugins/com.st.stm32cube.ide.mcu.externaltools.gnu-tools-for-stm32.12.3.rel1.win32_1.1.0.202410251130/tools/bin/../lib/gcc/arm-none-eabi/12.3.1/thumb/v6-m/nofp/crtbegin.o
                [!provide]                        PROVIDE (__fini_array_end = .)
                0x08006420                        . = ALIGN (0x4)
                0x08006420                        _sidata = LOADADDR (.data)

.rel.dyn        0x08006420        0x0
 .rel.iplt      0x08006420        0x0 C:/ST/STM32CubeIDE_1.16.1/STM32CubeIDE/plugins/com.st.stm32cube.ide.mcu.externaltools.gnu-tools-for-stm32.12.3.rel1.win32_1.1.0.202410251130/tools/bin/../lib/gcc/arm-none-eabi/12.3.1/thumb/v6-m/nofp/crtbegin.o

.data           0x20000000       0x10 load address 0x08006420
                0x20000000                        . = ALIGN (0x4)
                0x20000000                        _sdata = .
 *(.data)
 *(.data*)
 .data.duty_delay_line_finish_offset
                0x20000000        0x2 ./Core/Src/system.o
                0x20000000                duty_delay_line_finish_offset
 .data.duty_delay_line_start_offset
                0x20000002        0x2 ./Core/Src/system.o
                0x20000002                duty_delay_line_start_offset
 .data.SystemCoreClock
                0x20000004        0x4 ./Core/Src/system_stm32g0xx.o
                0x20000004                SystemCoreClock
 .data.uwTickFreq
                0x20000008        0x1 ./Drivers/STM32G0xx_HAL_Driver/Src/stm32g0xx_hal.o
                0x20000008                uwTickFreq
 *fill*         0x20000009        0x3 
 .data.uwTickPrio
                0x2000000c        0x4 ./Drivers/STM32G0xx_HAL_Driver/Src/stm32g0xx_hal.o
                0x2000000c                uwTickPrio
 *(.RamFunc)
 *(.RamFunc*)
                0x20000010                        . = ALIGN (0x4)
                0x20000010                        _edata = .

.igot.plt       0x20000010        0x0 load address 0x08006430
 .igot.plt      0x20000010        0x0 C:/ST/STM32CubeIDE_1.16.1/STM32CubeIDE/plugins/com.st.stm32cube.ide.mcu.externaltools.gnu-tools-for-stm32.12.3.rel1.win32_1.1.0.202410251130/tools/bin/../lib/gcc/arm-none-eabi/12.3.1/thumb/v6-m/nofp/crtbegin.o
                0x20000010                        . = ALIGN (0x4)

.bss            0x20000010      0xa58 load address 0x08006430
                0x20000010                        _sbss = .
                0x20000010                        __bss_start__ = _sbss
 *(.bss)
 .bss           0x20000010       0x1c C:/ST/STM32CubeIDE_1.16.1/STM32CubeIDE/plugins/com.st.stm32cube.ide.mcu.externaltools.gnu-tools-for-stm32.12.3.rel1.win32_1.1.0.202410251130/tools/bin/../lib/gcc/arm-none-eabi/12.3.1/thumb/v6-m/nofp/crtbegin.o
 *(.bss*)
 .bss.huart2    0x2000002c       0x94 ./Core/Src/config.o
                0x2000002c                huart2
 .bss.htim17    0x200000c0       0xbc ./Core/Src/config.o
                0x200000c0                htim17
 .bss.htim1     0x2000017c       0xbc ./Core/Src/config.o
                0x2000017c                htim1
 .bss.htim3     0x20000238       0xbc ./Core/Src/config.o
                0x20000238                htim3
 .bss.htim2     0x200002f4       0xbc ./Core/Src/config.o
                0x200002f4                htim2
 .bss.htim16    0x200003b0       0xbc ./Core/Src/config.o
                0x200003b0                htim16
 .bss.htim14    0x2000046c       0xbc ./Core/Src/config.o
                0x2000046c                htim14
 .bss.hdma_adc1
                0x20000528       0x5c ./Core/Src/config.o
                0x20000528                hdma_adc1
 .bss.hadc1     0x20000584       0x88 ./Core/Src/config.o
                0x20000584                hadc1
 .bss.second_speed_measurement.0
                0x2000060c        0x2 ./Core/Src/custom_callbacks.o
 .bss.first_speed_measurement.1
                0x2000060e        0x2 ./Core/Src/custom_callbacks.o
 .bss.speed_pot_adc_measurement_num
                0x20000610        0x1 ./Core/Src/system.o
                0x20000610                speed_pot_adc_measurement_num
 .bss.tap_tempo_mode_is_active
                0x20000611        0x1 ./Core/Src/system.o
                0x20000611                tap_tempo_mode_is_active
 .bss.TAP_TEMPO_EXTI4_15_IRQ_is_disabled
                0x20000612        0x1 ./Core/Src/system.o
                0x20000612                TAP_TEMPO_EXTI4_15_IRQ_is_disabled
 *fill*         0x20000613        0x1 
 .bss.duty_delayed
                0x20000614        0x2 ./Core/Src/system.o
                0x20000614                duty_delayed
 .bss.duty_delay_line_read_pointer_offset
                0x20000616        0x2 ./Core/Src/system.o
                0x20000616                duty_delay_line_read_pointer_offset
 .bss.duty_delay_line_storage_array
                0x20000618      0x402 ./Core/Src/system.o
                0x20000618                duty_delay_line_storage_array
 .bss.current_depth_to_be_loaded
                0x20000a1a        0x2 ./Core/Src/system.o
                0x20000a1a                current_depth_to_be_loaded
 .bss.current_index_to_be_loaded
                0x20000a1c        0x2 ./Core/Src/system.o
                0x20000a1c                current_index_to_be_loaded
 .bss.current_quadrant_to_be_loaded
                0x20000a1e        0x1 ./Core/Src/system.o
                0x20000a1e                current_quadrant_to_be_loaded
 .bss.current_halfcycle_to_be_loaded
                0x20000a1f        0x1 ./Core/Src/system.o
                0x20000a1f                current_halfcycle_to_be_loaded
 .bss.TIM16_prescaler_divisors_final_index_to_be_loaded
                0x20000a20        0x1 ./Core/Src/system.o
                0x20000a20                TIM16_prescaler_divisors_final_index_to_be_loaded
 *fill*         0x20000a21        0x1 
 .bss.duty_to_be_loaded
                0x20000a22        0x2 ./Core/Src/system.o
                0x20000a22                duty_to_be_loaded
 .bss.TIM16_base_prescaler_divisors_index_to_be_loaded
                0x20000a24        0x1 ./Core/Src/system.o
                0x20000a24                TIM16_base_prescaler_divisors_index_to_be_loaded
 *fill*         0x20000a25        0x1 
 .bss.TIM16_final_start_value_to_be_loaded
                0x20000a26        0x2 ./Core/Src/system.o
                0x20000a26                TIM16_final_start_value_to_be_loaded
 .bss.TIM16_raw_start_value_to_be_loaded
                0x20000a28        0x2 ./Core/Src/system.o
                0x20000a28                TIM16_raw_start_value_to_be_loaded
 .bss.TIM16_prescaler_adjust_to_be_loaded
                0x20000a2a        0x1 ./Core/Src/system.o
                0x20000a2a                TIM16_prescaler_adjust_to_be_loaded
 *fill*         0x20000a2b        0x1 
 .bss.interrupt_period
                0x20000a2c        0x2 ./Core/Src/system.o
                0x20000a2c                interrupt_period
 .bss.input_capture_measurement_reelapse_is_ongoing
                0x20000a2e        0x1 ./Core/Src/system.o
                0x20000a2e                input_capture_measurement_reelapse_is_ongoing
 .bss.speed_pot_is_disabled
                0x20000a2f        0x1 ./Core/Src/system.o
                0x20000a2f                speed_pot_is_disabled
 .bss.input_capture_measurement_is_ongoing
                0x20000a30        0x1 ./Core/Src/system.o
                0x20000a30                input_capture_measurement_is_ongoing
 *fill*         0x20000a31        0x3 
 .bss.TIM2_ch1_input_capture_value
                0x20000a34        0x4 ./Core/Src/system.o
                0x20000a34                TIM2_ch1_input_capture_value
 .bss.input_capture_event
                0x20000a38        0x1 ./Core/Src/system.o
                0x20000a38                input_capture_event
 *fill*         0x20000a39        0x1 
 .bss.prev_duty
                0x20000a3a        0x2 ./Core/Src/system.o
                0x20000a3a                prev_duty
 .bss.TIM16_final_start_value_locked
                0x20000a3c        0x2 ./Core/Src/system.o
                0x20000a3c                TIM16_final_start_value_locked
 .bss.TIM16_callback_active
                0x20000a3e        0x1 ./Core/Src/system.o
                0x20000a3e                TIM16_callback_active
 .bss.initial_ADC_conversion_complete
                0x20000a3f        0x1 ./Core/Src/system.o
                0x20000a3f                initial_ADC_conversion_complete
 .bss.ADCResultsDMA
                0x20000a40        0x8 ./Core/Src/system.o
                0x20000a40                ADCResultsDMA
 .bss.TIM16_prescaler_divisors_final_index_locked
                0x20000a48        0x1 ./Core/Src/system.o
                0x20000a48                TIM16_prescaler_divisors_final_index_locked
 .bss.TIM16_prescaler_divisors_final_index
                0x20000a49        0x1 ./Core/Src/system.o
                0x20000a49                TIM16_prescaler_divisors_final_index
 .bss.duty      0x20000a4a        0x2 ./Core/Src/system.o
                0x20000a4a                duty
 .bss.TIM16_base_prescaler_divisors_index
                0x20000a4c        0x1 ./Core/Src/system.o
                0x20000a4c                TIM16_base_prescaler_divisors_index
 *fill*         0x20000a4d        0x1 
 .bss.TIM16_raw_start_value
                0x20000a4e        0x2 ./Core/Src/system.o
                0x20000a4e                TIM16_raw_start_value
 .bss.TIM16_prescaler_adjust
                0x20000a50        0x1 ./Core/Src/system.o
                0x20000a50                TIM16_prescaler_adjust
 *fill*         0x20000a51        0x1 
 .bss.TIM16_final_start_value
                0x20000a52        0x2 ./Core/Src/system.o
                0x20000a52                TIM16_final_start_value
 .bss.current_quadrant
                0x20000a54        0x1 ./Core/Src/system.o
                0x20000a54                current_quadrant
 .bss.current_halfcycle
                0x20000a55        0x1 ./Core/Src/system.o
                0x20000a55                current_halfcycle
 .bss.current_index
                0x20000a56        0x2 ./Core/Src/system.o
                0x20000a56                current_index
 .bss.current_symmetry
                0x20000a58        0x4 ./Core/Src/system.o
                0x20000a58                current_symmetry
 .bss.current_depth
                0x20000a5c        0x2 ./Core/Src/system.o
                0x20000a5c                current_depth
 .bss.current_speed
                0x20000a5e        0x2 ./Core/Src/system.o
                0x20000a5e                current_speed
 .bss.current_waveshape
                0x20000a60        0x1 ./Core/Src/system.o
                0x20000a60                current_waveshape
 *fill*         0x20000a61        0x3 
 .bss.uwTick    0x20000a64        0x4 ./Drivers/STM32G0xx_HAL_Driver/Src/stm32g0xx_hal.o
                0x20000a64                uwTick
 *(COMMON)
                0x20000a68                        . = ALIGN (0x4)
                0x20000a68                        _ebss = .
                0x20000a68                        __bss_end__ = _ebss

._user_heap_stack
                0x20000a68      0x600 load address 0x08006430
                0x20000a68                        . = ALIGN (0x8)
                [!provide]                        PROVIDE (end = .)
                0x20000a68                        PROVIDE (_end = .)
                0x20000c68                        . = (. + _Min_Heap_Size)
 *fill*         0x20000a68      0x200 
                0x20001068                        . = (. + _Min_Stack_Size)
 *fill*         0x20000c68      0x400 
                0x20001068                        . = ALIGN (0x8)

/DISCARD/
 libc.a(*)
 libm.a(*)
 libgcc.a(*)

.ARM.attributes
                0x00000000       0x28
 *(.ARM.attributes)
 .ARM.attributes
                0x00000000       0x1e C:/ST/STM32CubeIDE_1.16.1/STM32CubeIDE/plugins/com.st.stm32cube.ide.mcu.externaltools.gnu-tools-for-stm32.12.3.rel1.win32_1.1.0.202410251130/tools/bin/../lib/gcc/arm-none-eabi/12.3.1/thumb/v6-m/nofp/crti.o
 .ARM.attributes
                0x0000001e       0x2c C:/ST/STM32CubeIDE_1.16.1/STM32CubeIDE/plugins/com.st.stm32cube.ide.mcu.externaltools.gnu-tools-for-stm32.12.3.rel1.win32_1.1.0.202410251130/tools/bin/../lib/gcc/arm-none-eabi/12.3.1/thumb/v6-m/nofp/crtbegin.o
 .ARM.attributes
                0x0000004a       0x28 ./Core/Src/config.o
 .ARM.attributes
                0x00000072       0x28 ./Core/Src/custom_callbacks.o
 .ARM.attributes
                0x0000009a       0x28 ./Core/Src/main.o
 .ARM.attributes
                0x000000c2       0x28 ./Core/Src/stm32g0xx_hal_msp.o
 .ARM.attributes
                0x000000ea       0x28 ./Core/Src/stm32g0xx_it.o
 .ARM.attributes
                0x00000112       0x28 ./Core/Src/system.o
 .ARM.attributes
                0x0000013a       0x28 ./Core/Src/system_stm32g0xx.o
 .ARM.attributes
                0x00000162       0x22 ./Core/Startup/startup_stm32g031k8tx.o
 .ARM.attributes
                0x00000184       0x28 ./Drivers/STM32G0xx_HAL_Driver/Src/stm32g0xx_hal.o
 .ARM.attributes
                0x000001ac       0x28 ./Drivers/STM32G0xx_HAL_Driver/Src/stm32g0xx_hal_adc.o
 .ARM.attributes
                0x000001d4       0x28 ./Drivers/STM32G0xx_HAL_Driver/Src/stm32g0xx_hal_adc_ex.o
 .ARM.attributes
                0x000001fc       0x28 ./Drivers/STM32G0xx_HAL_Driver/Src/stm32g0xx_hal_cortex.o
 .ARM.attributes
                0x00000224       0x28 ./Drivers/STM32G0xx_HAL_Driver/Src/stm32g0xx_hal_dma.o
 .ARM.attributes
                0x0000024c       0x28 ./Drivers/STM32G0xx_HAL_Driver/Src/stm32g0xx_hal_gpio.o
 .ARM.attributes
                0x00000274       0x28 ./Drivers/STM32G0xx_HAL_Driver/Src/stm32g0xx_hal_pwr_ex.o
 .ARM.attributes
                0x0000029c       0x28 ./Drivers/STM32G0xx_HAL_Driver/Src/stm32g0xx_hal_rcc.o
 .ARM.attributes
                0x000002c4       0x28 ./Drivers/STM32G0xx_HAL_Driver/Src/stm32g0xx_hal_rcc_ex.o
 .ARM.attributes
                0x000002ec       0x28 ./Drivers/STM32G0xx_HAL_Driver/Src/stm32g0xx_hal_tim.o
 .ARM.attributes
                0x00000314       0x28 ./Drivers/STM32G0xx_HAL_Driver/Src/stm32g0xx_hal_tim_ex.o
 .ARM.attributes
                0x0000033c       0x28 ./Drivers/STM32G0xx_HAL_Driver/Src/stm32g0xx_hal_uart.o
 .ARM.attributes
                0x00000364       0x2c C:/ST/STM32CubeIDE_1.16.1/STM32CubeIDE/plugins/com.st.stm32cube.ide.mcu.externaltools.gnu-tools-for-stm32.12.3.rel1.win32_1.1.0.202410251130/tools/bin/../lib/gcc/arm-none-eabi/12.3.1/../../../../arm-none-eabi/lib/thumb/v6-m/nofp\libc_nano.a(libc_a-memset.o)
 .ARM.attributes
                0x00000390       0x2c C:/ST/STM32CubeIDE_1.16.1/STM32CubeIDE/plugins/com.st.stm32cube.ide.mcu.externaltools.gnu-tools-for-stm32.12.3.rel1.win32_1.1.0.202410251130/tools/bin/../lib/gcc/arm-none-eabi/12.3.1/../../../../arm-none-eabi/lib/thumb/v6-m/nofp\libc_nano.a(libc_a-init.o)
 .ARM.attributes
                0x000003bc       0x1e C:/ST/STM32CubeIDE_1.16.1/STM32CubeIDE/plugins/com.st.stm32cube.ide.mcu.externaltools.gnu-tools-for-stm32.12.3.rel1.win32_1.1.0.202410251130/tools/bin/../lib/gcc/arm-none-eabi/12.3.1/thumb/v6-m/nofp\libgcc.a(_udivsi3.o)
 .ARM.attributes
                0x000003da       0x1e C:/ST/STM32CubeIDE_1.16.1/STM32CubeIDE/plugins/com.st.stm32cube.ide.mcu.externaltools.gnu-tools-for-stm32.12.3.rel1.win32_1.1.0.202410251130/tools/bin/../lib/gcc/arm-none-eabi/12.3.1/thumb/v6-m/nofp\libgcc.a(_dvmd_tls.o)
 .ARM.attributes
                0x000003f8       0x1e C:/ST/STM32CubeIDE_1.16.1/STM32CubeIDE/plugins/com.st.stm32cube.ide.mcu.externaltools.gnu-tools-for-stm32.12.3.rel1.win32_1.1.0.202410251130/tools/bin/../lib/gcc/arm-none-eabi/12.3.1/thumb/v6-m/nofp\libgcc.a(_aeabi_uldivmod.o)
 .ARM.attributes
                0x00000416       0x2c C:/ST/STM32CubeIDE_1.16.1/STM32CubeIDE/plugins/com.st.stm32cube.ide.mcu.externaltools.gnu-tools-for-stm32.12.3.rel1.win32_1.1.0.202410251130/tools/bin/../lib/gcc/arm-none-eabi/12.3.1/thumb/v6-m/nofp\libgcc.a(_udivmoddi4.o)
 .ARM.attributes
                0x00000442       0x1e C:/ST/STM32CubeIDE_1.16.1/STM32CubeIDE/plugins/com.st.stm32cube.ide.mcu.externaltools.gnu-tools-for-stm32.12.3.rel1.win32_1.1.0.202410251130/tools/bin/../lib/gcc/arm-none-eabi/12.3.1/thumb/v6-m/nofp\libgcc.a(_clzdi2.o)
 .ARM.attributes
                0x00000460       0x1e C:/ST/STM32CubeIDE_1.16.1/STM32CubeIDE/plugins/com.st.stm32cube.ide.mcu.externaltools.gnu-tools-for-stm32.12.3.rel1.win32_1.1.0.202410251130/tools/bin/../lib/gcc/arm-none-eabi/12.3.1/thumb/v6-m/nofp\libgcc.a(_clzsi2.o)
 .ARM.attributes
                0x0000047e       0x1e C:/ST/STM32CubeIDE_1.16.1/STM32CubeIDE/plugins/com.st.stm32cube.ide.mcu.externaltools.gnu-tools-for-stm32.12.3.rel1.win32_1.1.0.202410251130/tools/bin/../lib/gcc/arm-none-eabi/12.3.1/thumb/v6-m/nofp/crtn.o
OUTPUT(g031k8.elf elf32-littlearm)
LOAD linker stubs
LOAD C:/ST/STM32CubeIDE_1.16.1/STM32CubeIDE/plugins/com.st.stm32cube.ide.mcu.externaltools.gnu-tools-for-stm32.12.3.rel1.win32_1.1.0.202410251130/tools/bin/../lib/gcc/arm-none-eabi/12.3.1/../../../../arm-none-eabi/lib/thumb/v6-m/nofp\libc.a
LOAD C:/ST/STM32CubeIDE_1.16.1/STM32CubeIDE/plugins/com.st.stm32cube.ide.mcu.externaltools.gnu-tools-for-stm32.12.3.rel1.win32_1.1.0.202410251130/tools/bin/../lib/gcc/arm-none-eabi/12.3.1/../../../../arm-none-eabi/lib/thumb/v6-m/nofp\libm.a
LOAD C:/ST/STM32CubeIDE_1.16.1/STM32CubeIDE/plugins/com.st.stm32cube.ide.mcu.externaltools.gnu-tools-for-stm32.12.3.rel1.win32_1.1.0.202410251130/tools/bin/../lib/gcc/arm-none-eabi/12.3.1/thumb/v6-m/nofp\libgcc.a

.debug_info     0x00000000    0x201a4
 .debug_info    0x00000000     0x2fc0 ./Core/Src/config.o
 .debug_info    0x00002fc0     0x1989 ./Core/Src/custom_callbacks.o
 .debug_info    0x00004949      0xf72 ./Core/Src/main.o
 .debug_info    0x000058bb     0x1b4e ./Core/Src/stm32g0xx_hal_msp.o
 .debug_info    0x00007409      0xad5 ./Core/Src/stm32g0xx_it.o
 .debug_info    0x00007ede     0x16e2 ./Core/Src/system.o
 .debug_info    0x000095c0      0x34e ./Core/Src/system_stm32g0xx.o
 .debug_info    0x0000990e       0x30 ./Core/Startup/startup_stm32g031k8tx.o
 .debug_info    0x0000993e      0xb3c ./Drivers/STM32G0xx_HAL_Driver/Src/stm32g0xx_hal.o
 .debug_info    0x0000a47a     0x23a8 ./Drivers/STM32G0xx_HAL_Driver/Src/stm32g0xx_hal_adc.o
 .debug_info    0x0000c822      0xd8e ./Drivers/STM32G0xx_HAL_Driver/Src/stm32g0xx_hal_adc_ex.o
 .debug_info    0x0000d5b0      0xa40 ./Drivers/STM32G0xx_HAL_Driver/Src/stm32g0xx_hal_cortex.o
 .debug_info    0x0000dff0      0xab0 ./Drivers/STM32G0xx_HAL_Driver/Src/stm32g0xx_hal_dma.o
 .debug_info    0x0000eaa0      0x5ef ./Drivers/STM32G0xx_HAL_Driver/Src/stm32g0xx_hal_gpio.o
 .debug_info    0x0000f08f      0x7ef ./Drivers/STM32G0xx_HAL_Driver/Src/stm32g0xx_hal_pwr_ex.o
 .debug_info    0x0000f87e      0xdc8 ./Drivers/STM32G0xx_HAL_Driver/Src/stm32g0xx_hal_rcc.o
 .debug_info    0x00010646      0x854 ./Drivers/STM32G0xx_HAL_Driver/Src/stm32g0xx_hal_rcc_ex.o
 .debug_info    0x00010e9a     0x5491 ./Drivers/STM32G0xx_HAL_Driver/Src/stm32g0xx_hal_tim.o
 .debug_info    0x0001632b     0x2151 ./Drivers/STM32G0xx_HAL_Driver/Src/stm32g0xx_hal_tim_ex.o
 .debug_info    0x0001847c     0x7d28 ./Drivers/STM32G0xx_HAL_Driver/Src/stm32g0xx_hal_uart.o

.debug_abbrev   0x00000000     0x399b
 .debug_abbrev  0x00000000      0x368 ./Core/Src/config.o
 .debug_abbrev  0x00000368      0x35e ./Core/Src/custom_callbacks.o
 .debug_abbrev  0x000006c6      0x21f ./Core/Src/main.o
 .debug_abbrev  0x000008e5      0x2ac ./Core/Src/stm32g0xx_hal_msp.o
 .debug_abbrev  0x00000b91      0x23c ./Core/Src/stm32g0xx_it.o
 .debug_abbrev  0x00000dcd      0x3f3 ./Core/Src/system.o
 .debug_abbrev  0x000011c0      0x148 ./Core/Src/system_stm32g0xx.o
 .debug_abbrev  0x00001308       0x24 ./Core/Startup/startup_stm32g031k8tx.o
 .debug_abbrev  0x0000132c      0x341 ./Drivers/STM32G0xx_HAL_Driver/Src/stm32g0xx_hal.o
 .debug_abbrev  0x0000166d      0x370 ./Drivers/STM32G0xx_HAL_Driver/Src/stm32g0xx_hal_adc.o
 .debug_abbrev  0x000019dd      0x30f ./Drivers/STM32G0xx_HAL_Driver/Src/stm32g0xx_hal_adc_ex.o
 .debug_abbrev  0x00001cec      0x2dc ./Drivers/STM32G0xx_HAL_Driver/Src/stm32g0xx_hal_cortex.o
 .debug_abbrev  0x00001fc8      0x28a ./Drivers/STM32G0xx_HAL_Driver/Src/stm32g0xx_hal_dma.o
 .debug_abbrev  0x00002252      0x26c ./Drivers/STM32G0xx_HAL_Driver/Src/stm32g0xx_hal_gpio.o
 .debug_abbrev  0x000024be      0x28a ./Drivers/STM32G0xx_HAL_Driver/Src/stm32g0xx_hal_pwr_ex.o
 .debug_abbrev  0x00002748      0x36b ./Drivers/STM32G0xx_HAL_Driver/Src/stm32g0xx_hal_rcc.o
 .debug_abbrev  0x00002ab3      0x296 ./Drivers/STM32G0xx_HAL_Driver/Src/stm32g0xx_hal_rcc_ex.o
 .debug_abbrev  0x00002d49      0x3e7 ./Drivers/STM32G0xx_HAL_Driver/Src/stm32g0xx_hal_tim.o
 .debug_abbrev  0x00003130      0x3f8 ./Drivers/STM32G0xx_HAL_Driver/Src/stm32g0xx_hal_tim_ex.o
 .debug_abbrev  0x00003528      0x473 ./Drivers/STM32G0xx_HAL_Driver/Src/stm32g0xx_hal_uart.o

.debug_aranges  0x00000000      0xfd8
 .debug_aranges
                0x00000000       0x80 ./Core/Src/config.o
 .debug_aranges
                0x00000080       0x60 ./Core/Src/custom_callbacks.o
 .debug_aranges
                0x000000e0       0x20 ./Core/Src/main.o
 .debug_aranges
                0x00000100       0x60 ./Core/Src/stm32g0xx_hal_msp.o
 .debug_aranges
                0x00000160       0x78 ./Core/Src/stm32g0xx_it.o
 .debug_aranges
                0x000001d8       0x88 ./Core/Src/system.o
 .debug_aranges
                0x00000260       0x28 ./Core/Src/system_stm32g0xx.o
 .debug_aranges
                0x00000288       0x28 ./Core/Startup/startup_stm32g031k8tx.o
 .debug_aranges
                0x000002b0      0x128 ./Drivers/STM32G0xx_HAL_Driver/Src/stm32g0xx_hal.o
 .debug_aranges
                0x000003d8      0x108 ./Drivers/STM32G0xx_HAL_Driver/Src/stm32g0xx_hal_adc.o
 .debug_aranges
                0x000004e0       0x58 ./Drivers/STM32G0xx_HAL_Driver/Src/stm32g0xx_hal_adc_ex.o
 .debug_aranges
                0x00000538       0xa0 ./Drivers/STM32G0xx_HAL_Driver/Src/stm32g0xx_hal_cortex.o
 .debug_aranges
                0x000005d8       0x78 ./Drivers/STM32G0xx_HAL_Driver/Src/stm32g0xx_hal_dma.o
 .debug_aranges
                0x00000650       0x60 ./Drivers/STM32G0xx_HAL_Driver/Src/stm32g0xx_hal_gpio.o
 .debug_aranges
                0x000006b0       0xf0 ./Drivers/STM32G0xx_HAL_Driver/Src/stm32g0xx_hal_pwr_ex.o
 .debug_aranges
                0x000007a0       0x98 ./Drivers/STM32G0xx_HAL_Driver/Src/stm32g0xx_hal_rcc.o
 .debug_aranges
                0x00000838       0x40 ./Drivers/STM32G0xx_HAL_Driver/Src/stm32g0xx_hal_rcc_ex.o
 .debug_aranges
                0x00000878      0x398 ./Drivers/STM32G0xx_HAL_Driver/Src/stm32g0xx_hal_tim.o
 .debug_aranges
                0x00000c10      0x190 ./Drivers/STM32G0xx_HAL_Driver/Src/stm32g0xx_hal_tim_ex.o
 .debug_aranges
                0x00000da0      0x238 ./Drivers/STM32G0xx_HAL_Driver/Src/stm32g0xx_hal_uart.o

.debug_rnglists
                0x00000000     0x1765
 .debug_rnglists
                0x00000000       0xbb ./Core/Src/config.o
 .debug_rnglists
                0x000000bb       0x62 ./Core/Src/custom_callbacks.o
 .debug_rnglists
                0x0000011d       0x13 ./Core/Src/main.o
 .debug_rnglists
                0x00000130      0x115 ./Core/Src/stm32g0xx_hal_msp.o
 .debug_rnglists
                0x00000245       0x55 ./Core/Src/stm32g0xx_it.o
 .debug_rnglists
                0x0000029a       0xaa ./Core/Src/system.o
 .debug_rnglists
                0x00000344       0x1a ./Core/Src/system_stm32g0xx.o
 .debug_rnglists
                0x0000035e       0x19 ./Core/Startup/startup_stm32g031k8tx.o
 .debug_rnglists
                0x00000377       0xd9 ./Drivers/STM32G0xx_HAL_Driver/Src/stm32g0xx_hal.o
 .debug_rnglists
                0x00000450      0x26b ./Drivers/STM32G0xx_HAL_Driver/Src/stm32g0xx_hal_adc.o
 .debug_rnglists
                0x000006bb       0xb9 ./Drivers/STM32G0xx_HAL_Driver/Src/stm32g0xx_hal_adc_ex.o
 .debug_rnglists
                0x00000774       0x9d ./Drivers/STM32G0xx_HAL_Driver/Src/stm32g0xx_hal_cortex.o
 .debug_rnglists
                0x00000811       0x9e ./Drivers/STM32G0xx_HAL_Driver/Src/stm32g0xx_hal_dma.o
 .debug_rnglists
                0x000008af       0x45 ./Drivers/STM32G0xx_HAL_Driver/Src/stm32g0xx_hal_gpio.o
 .debug_rnglists
                0x000008f4       0xb0 ./Drivers/STM32G0xx_HAL_Driver/Src/stm32g0xx_hal_pwr_ex.o
 .debug_rnglists
                0x000009a4       0xb4 ./Drivers/STM32G0xx_HAL_Driver/Src/stm32g0xx_hal_rcc.o
 .debug_rnglists
                0x00000a58       0x71 ./Drivers/STM32G0xx_HAL_Driver/Src/stm32g0xx_hal_rcc_ex.o
 .debug_rnglists
                0x00000ac9      0x72a ./Drivers/STM32G0xx_HAL_Driver/Src/stm32g0xx_hal_tim.o
 .debug_rnglists
                0x000011f3      0x192 ./Drivers/STM32G0xx_HAL_Driver/Src/stm32g0xx_hal_tim_ex.o
 .debug_rnglists
                0x00001385      0x3e0 ./Drivers/STM32G0xx_HAL_Driver/Src/stm32g0xx_hal_uart.o

.debug_macro    0x00000000    0x17b0b
 .debug_macro   0x00000000      0x233 ./Core/Src/config.o
 .debug_macro   0x00000233      0xaae ./Core/Src/config.o
 .debug_macro   0x00000ce1      0x123 ./Core/Src/config.o
 .debug_macro   0x00000e04       0x2e ./Core/Src/config.o
 .debug_macro   0x00000e32       0x28 ./Core/Src/config.o
 .debug_macro   0x00000e5a       0x22 ./Core/Src/config.o
 .debug_macro   0x00000e7c       0x8e ./Core/Src/config.o
 .debug_macro   0x00000f0a       0x51 ./Core/Src/config.o
 .debug_macro   0x00000f5b      0x103 ./Core/Src/config.o
 .debug_macro   0x0000105e       0x6a ./Core/Src/config.o
 .debug_macro   0x000010c8      0x1df ./Core/Src/config.o
 .debug_macro   0x000012a7       0x1c ./Core/Src/config.o
 .debug_macro   0x000012c3       0x22 ./Core/Src/config.o
 .debug_macro   0x000012e5       0xd1 ./Core/Src/config.o
 .debug_macro   0x000013b6      0x4da ./Core/Src/config.o
 .debug_macro   0x00001890      0x11f ./Core/Src/config.o
 .debug_macro   0x000019af     0xac2c ./Core/Src/config.o
 .debug_macro   0x0000c5db       0x66 ./Core/Src/config.o
 .debug_macro   0x0000c641     0x350e ./Core/Src/config.o
 .debug_macro   0x0000fb4f      0x189 ./Core/Src/config.o
 .debug_macro   0x0000fcd8       0x5c ./Core/Src/config.o
 .debug_macro   0x0000fd34      0x518 ./Core/Src/config.o
 .debug_macro   0x0001024c      0xf70 ./Core/Src/config.o
 .debug_macro   0x000111bc      0x1d8 ./Core/Src/config.o
 .debug_macro   0x00011394      0x1cf ./Core/Src/config.o
 .debug_macro   0x00011563      0x122 ./Core/Src/config.o
 .debug_macro   0x00011685      0x390 ./Core/Src/config.o
 .debug_macro   0x00011a15      0x202 ./Core/Src/config.o
 .debug_macro   0x00011c17      0x2ff ./Core/Src/config.o
 .debug_macro   0x00011f16      0x1b2 ./Core/Src/config.o
 .debug_macro   0x000120c8       0x43 ./Core/Src/config.o
 .debug_macro   0x0001210b      0x1f1 ./Core/Src/config.o
 .debug_macro   0x000122fc      0x8a8 ./Core/Src/config.o
 .debug_macro   0x00012ba4      0x5bb ./Core/Src/config.o
 .debug_macro   0x0001315f       0x2e ./Core/Src/config.o
 .debug_macro   0x0001318d      0x1d6 ./Core/Src/config.o
 .debug_macro   0x00013363      0x38a ./Core/Src/config.o
 .debug_macro   0x000136ed       0x28 ./Core/Src/config.o
 .debug_macro   0x00013715       0xe4 ./Core/Src/config.o
 .debug_macro   0x000137f9      0x10c ./Core/Src/config.o
 .debug_macro   0x00013905      0x240 ./Core/Src/config.o
 .debug_macro   0x00013b45      0xac2 ./Core/Src/config.o
 .debug_macro   0x00014607      0x135 ./Core/Src/config.o
 .debug_macro   0x0001473c      0x693 ./Core/Src/config.o
 .debug_macro   0x00014dcf       0xa6 ./Core/Src/config.o
 .debug_macro   0x00014e75      0x49d ./Core/Src/config.o
 .debug_macro   0x00015312       0xb8 ./Core/Src/config.o
 .debug_macro   0x000153ca      0x10c ./Core/Src/config.o
 .debug_macro   0x000154d6      0x22f ./Core/Src/custom_callbacks.o
 .debug_macro   0x00015705      0x225 ./Core/Src/main.o
 .debug_macro   0x0001592a      0x216 ./Core/Src/stm32g0xx_hal_msp.o
 .debug_macro   0x00015b40      0x233 ./Core/Src/stm32g0xx_it.o
 .debug_macro   0x00015d73      0x225 ./Core/Src/system.o
 .debug_macro   0x00015f98      0x207 ./Core/Src/system_stm32g0xx.o
 .debug_macro   0x0001619f      0x22b ./Drivers/STM32G0xx_HAL_Driver/Src/stm32g0xx_hal.o
 .debug_macro   0x000163ca      0x22b ./Drivers/STM32G0xx_HAL_Driver/Src/stm32g0xx_hal_adc.o
 .debug_macro   0x000165f5      0x213 ./Drivers/STM32G0xx_HAL_Driver/Src/stm32g0xx_hal_adc_ex.o
 .debug_macro   0x00016808      0x207 ./Drivers/STM32G0xx_HAL_Driver/Src/stm32g0xx_hal_cortex.o
 .debug_macro   0x00016a0f      0x207 ./Drivers/STM32G0xx_HAL_Driver/Src/stm32g0xx_hal_dma.o
 .debug_macro   0x00016c16      0x20e ./Drivers/STM32G0xx_HAL_Driver/Src/stm32g0xx_hal_gpio.o
 .debug_macro   0x00016e24      0x231 ./Drivers/STM32G0xx_HAL_Driver/Src/stm32g0xx_hal_pwr_ex.o
 .debug_macro   0x00017055      0x249 ./Drivers/STM32G0xx_HAL_Driver/Src/stm32g0xx_hal_rcc.o
 .debug_macro   0x0001729e      0x21f ./Drivers/STM32G0xx_HAL_Driver/Src/stm32g0xx_hal_rcc_ex.o
 .debug_macro   0x000174bd      0x20f ./Drivers/STM32G0xx_HAL_Driver/Src/stm32g0xx_hal_tim.o
 .debug_macro   0x000176cc      0x20d ./Drivers/STM32G0xx_HAL_Driver/Src/stm32g0xx_hal_tim_ex.o
 .debug_macro   0x000178d9      0x232 ./Drivers/STM32G0xx_HAL_Driver/Src/stm32g0xx_hal_uart.o

.debug_line     0x00000000    0x20ae4
 .debug_line    0x00000000     0x192f ./Core/Src/config.o
 .debug_line    0x0000192f     0x14ea ./Core/Src/custom_callbacks.o
 .debug_line    0x00002e19      0x84c ./Core/Src/main.o
 .debug_line    0x00003665      0xc8e ./Core/Src/stm32g0xx_hal_msp.o
 .debug_line    0x000042f3      0x93a ./Core/Src/stm32g0xx_it.o
 .debug_line    0x00004c2d     0x1190 ./Core/Src/system.o
 .debug_line    0x00005dbd      0x8ab ./Core/Src/system_stm32g0xx.o
 .debug_line    0x00006668       0x7b ./Core/Startup/startup_stm32g031k8tx.o
 .debug_line    0x000066e3      0xd1b ./Drivers/STM32G0xx_HAL_Driver/Src/stm32g0xx_hal.o
 .debug_line    0x000073fe     0x247b ./Drivers/STM32G0xx_HAL_Driver/Src/stm32g0xx_hal_adc.o
 .debug_line    0x00009879      0xce4 ./Drivers/STM32G0xx_HAL_Driver/Src/stm32g0xx_hal_adc_ex.o
 .debug_line    0x0000a55d      0xce2 ./Drivers/STM32G0xx_HAL_Driver/Src/stm32g0xx_hal_cortex.o
 .debug_line    0x0000b23f     0x1328 ./Drivers/STM32G0xx_HAL_Driver/Src/stm32g0xx_hal_dma.o
 .debug_line    0x0000c567      0xd92 ./Drivers/STM32G0xx_HAL_Driver/Src/stm32g0xx_hal_gpio.o
 .debug_line    0x0000d2f9      0xcdb ./Drivers/STM32G0xx_HAL_Driver/Src/stm32g0xx_hal_pwr_ex.o
 .debug_line    0x0000dfd4     0x1580 ./Drivers/STM32G0xx_HAL_Driver/Src/stm32g0xx_hal_rcc.o
 .debug_line    0x0000f554      0xf0f ./Drivers/STM32G0xx_HAL_Driver/Src/stm32g0xx_hal_rcc_ex.o
 .debug_line    0x00010463     0x7672 ./Drivers/STM32G0xx_HAL_Driver/Src/stm32g0xx_hal_tim.o
 .debug_line    0x00017ad5     0x2378 ./Drivers/STM32G0xx_HAL_Driver/Src/stm32g0xx_hal_tim_ex.o
 .debug_line    0x00019e4d     0x6c97 ./Drivers/STM32G0xx_HAL_Driver/Src/stm32g0xx_hal_uart.o

.debug_str      0x00000000    0x9b52e
 .debug_str     0x00000000    0x96aa9 ./Core/Src/config.o
                              0x9749b (size before relaxing)
 .debug_str     0x00096aa9      0x883 ./Core/Src/custom_callbacks.o
                              0x96f0d (size before relaxing)
 .debug_str     0x0009732c       0xac ./Core/Src/main.o
                              0x964d1 (size before relaxing)
 .debug_str     0x000973d8      0x1ff ./Core/Src/stm32g0xx_hal_msp.o
                              0x96484 (size before relaxing)
 .debug_str     0x000975d7      0x152 ./Core/Src/stm32g0xx_it.o
                              0x9616d (size before relaxing)
 .debug_str     0x00097729      0x1c2 ./Core/Src/system.o
                              0x96a13 (size before relaxing)
 .debug_str     0x000978eb       0x9c ./Core/Src/system_stm32g0xx.o
                              0x94f62 (size before relaxing)
 .debug_str     0x00097987       0x44 ./Core/Startup/startup_stm32g031k8tx.o
                                 0x73 (size before relaxing)
 .debug_str     0x000979cb      0x571 ./Drivers/STM32G0xx_HAL_Driver/Src/stm32g0xx_hal.o
                              0x95738 (size before relaxing)
 .debug_str     0x00097f3c      0x8d3 ./Drivers/STM32G0xx_HAL_Driver/Src/stm32g0xx_hal_adc.o
                              0x95f75 (size before relaxing)
 .debug_str     0x0009880f      0x1fe ./Drivers/STM32G0xx_HAL_Driver/Src/stm32g0xx_hal_adc_ex.o
                              0x957b8 (size before relaxing)
 .debug_str     0x00098a0d      0x28b ./Drivers/STM32G0xx_HAL_Driver/Src/stm32g0xx_hal_cortex.o
                              0x953de (size before relaxing)
 .debug_str     0x00098c98      0x261 ./Drivers/STM32G0xx_HAL_Driver/Src/stm32g0xx_hal_dma.o
                              0x953fc (size before relaxing)
 .debug_str     0x00098ef9       0xfc ./Drivers/STM32G0xx_HAL_Driver/Src/stm32g0xx_hal_gpio.o
                              0x95089 (size before relaxing)
 .debug_str     0x00098ff5      0x37b ./Drivers/STM32G0xx_HAL_Driver/Src/stm32g0xx_hal_pwr_ex.o
                              0x953db (size before relaxing)
 .debug_str     0x00099370      0x4ae ./Drivers/STM32G0xx_HAL_Driver/Src/stm32g0xx_hal_rcc.o
                              0x956b8 (size before relaxing)
 .debug_str     0x0009981e      0x185 ./Drivers/STM32G0xx_HAL_Driver/Src/stm32g0xx_hal_rcc_ex.o
                              0x952f1 (size before relaxing)
 .debug_str     0x000999a3      0xd1d ./Drivers/STM32G0xx_HAL_Driver/Src/stm32g0xx_hal_tim.o
                              0x96b2d (size before relaxing)
 .debug_str     0x0009a6c0      0x4a0 ./Drivers/STM32G0xx_HAL_Driver/Src/stm32g0xx_hal_tim_ex.o
                              0x9608f (size before relaxing)
 .debug_str     0x0009ab60      0x9ce ./Drivers/STM32G0xx_HAL_Driver/Src/stm32g0xx_hal_uart.o
                              0x95f3e (size before relaxing)

.comment        0x00000000       0x43
 .comment       0x00000000       0x43 ./Core/Src/config.o
                                 0x44 (size before relaxing)
 .comment       0x00000043       0x44 ./Core/Src/custom_callbacks.o
 .comment       0x00000043       0x44 ./Core/Src/main.o
 .comment       0x00000043       0x44 ./Core/Src/stm32g0xx_hal_msp.o
 .comment       0x00000043       0x44 ./Core/Src/stm32g0xx_it.o
 .comment       0x00000043       0x44 ./Core/Src/system.o
 .comment       0x00000043       0x44 ./Core/Src/system_stm32g0xx.o
 .comment       0x00000043       0x44 ./Drivers/STM32G0xx_HAL_Driver/Src/stm32g0xx_hal.o
 .comment       0x00000043       0x44 ./Drivers/STM32G0xx_HAL_Driver/Src/stm32g0xx_hal_adc.o
 .comment       0x00000043       0x44 ./Drivers/STM32G0xx_HAL_Driver/Src/stm32g0xx_hal_adc_ex.o
 .comment       0x00000043       0x44 ./Drivers/STM32G0xx_HAL_Driver/Src/stm32g0xx_hal_cortex.o
 .comment       0x00000043       0x44 ./Drivers/STM32G0xx_HAL_Driver/Src/stm32g0xx_hal_dma.o
 .comment       0x00000043       0x44 ./Drivers/STM32G0xx_HAL_Driver/Src/stm32g0xx_hal_gpio.o
 .comment       0x00000043       0x44 ./Drivers/STM32G0xx_HAL_Driver/Src/stm32g0xx_hal_pwr_ex.o
 .comment       0x00000043       0x44 ./Drivers/STM32G0xx_HAL_Driver/Src/stm32g0xx_hal_rcc.o
 .comment       0x00000043       0x44 ./Drivers/STM32G0xx_HAL_Driver/Src/stm32g0xx_hal_rcc_ex.o
 .comment       0x00000043       0x44 ./Drivers/STM32G0xx_HAL_Driver/Src/stm32g0xx_hal_tim.o
 .comment       0x00000043       0x44 ./Drivers/STM32G0xx_HAL_Driver/Src/stm32g0xx_hal_tim_ex.o
 .comment       0x00000043       0x44 ./Drivers/STM32G0xx_HAL_Driver/Src/stm32g0xx_hal_uart.o

.debug_frame    0x00000000     0x2aec
 .debug_frame   0x00000000      0x174 ./Core/Src/config.o
 .debug_frame   0x00000174       0xf4 ./Core/Src/custom_callbacks.o
 .debug_frame   0x00000268       0x28 ./Core/Src/main.o
 .debug_frame   0x00000290       0xf8 ./Core/Src/stm32g0xx_hal_msp.o
 .debug_frame   0x00000388      0x108 ./Core/Src/stm32g0xx_it.o
 .debug_frame   0x00000490      0x154 ./Core/Src/system.o
 .debug_frame   0x000005e4       0x38 ./Core/Src/system_stm32g0xx.o
 .debug_frame   0x0000061c      0x270 ./Drivers/STM32G0xx_HAL_Driver/Src/stm32g0xx_hal.o
 .debug_frame   0x0000088c      0x318 ./Drivers/STM32G0xx_HAL_Driver/Src/stm32g0xx_hal_adc.o
 .debug_frame   0x00000ba4       0xb8 ./Drivers/STM32G0xx_HAL_Driver/Src/stm32g0xx_hal_adc_ex.o
 .debug_frame   0x00000c5c      0x130 ./Drivers/STM32G0xx_HAL_Driver/Src/stm32g0xx_hal_cortex.o
 .debug_frame   0x00000d8c      0x168 ./Drivers/STM32G0xx_HAL_Driver/Src/stm32g0xx_hal_dma.o
 .debug_frame   0x00000ef4       0xe4 ./Drivers/STM32G0xx_HAL_Driver/Src/stm32g0xx_hal_gpio.o
 .debug_frame   0x00000fd8      0x1e4 ./Drivers/STM32G0xx_HAL_Driver/Src/stm32g0xx_hal_pwr_ex.o
 .debug_frame   0x000011bc      0x184 ./Drivers/STM32G0xx_HAL_Driver/Src/stm32g0xx_hal_rcc.o
 .debug_frame   0x00001340       0xa8 ./Drivers/STM32G0xx_HAL_Driver/Src/stm32g0xx_hal_rcc_ex.o
 .debug_frame   0x000013e8      0xa80 ./Drivers/STM32G0xx_HAL_Driver/Src/stm32g0xx_hal_tim.o
 .debug_frame   0x00001e68      0x4b4 ./Drivers/STM32G0xx_HAL_Driver/Src/stm32g0xx_hal_tim_ex.o
 .debug_frame   0x0000231c      0x728 ./Drivers/STM32G0xx_HAL_Driver/Src/stm32g0xx_hal_uart.o
 .debug_frame   0x00002a44       0x20 C:/ST/STM32CubeIDE_1.16.1/STM32CubeIDE/plugins/com.st.stm32cube.ide.mcu.externaltools.gnu-tools-for-stm32.12.3.rel1.win32_1.1.0.202410251130/tools/bin/../lib/gcc/arm-none-eabi/12.3.1/../../../../arm-none-eabi/lib/thumb/v6-m/nofp\libc_nano.a(libc_a-memset.o)
 .debug_frame   0x00002a64       0x2c C:/ST/STM32CubeIDE_1.16.1/STM32CubeIDE/plugins/com.st.stm32cube.ide.mcu.externaltools.gnu-tools-for-stm32.12.3.rel1.win32_1.1.0.202410251130/tools/bin/../lib/gcc/arm-none-eabi/12.3.1/../../../../arm-none-eabi/lib/thumb/v6-m/nofp\libc_nano.a(libc_a-init.o)
 .debug_frame   0x00002a90       0x20 C:/ST/STM32CubeIDE_1.16.1/STM32CubeIDE/plugins/com.st.stm32cube.ide.mcu.externaltools.gnu-tools-for-stm32.12.3.rel1.win32_1.1.0.202410251130/tools/bin/../lib/gcc/arm-none-eabi/12.3.1/thumb/v6-m/nofp\libgcc.a(_udivsi3.o)
 .debug_frame   0x00002ab0       0x3c C:/ST/STM32CubeIDE_1.16.1/STM32CubeIDE/plugins/com.st.stm32cube.ide.mcu.externaltools.gnu-tools-for-stm32.12.3.rel1.win32_1.1.0.202410251130/tools/bin/../lib/gcc/arm-none-eabi/12.3.1/thumb/v6-m/nofp\libgcc.a(_udivmoddi4.o)

.debug_loclists
                0x00000000     0xd6c5
 .debug_loclists
                0x00000000      0x44c ./Core/Src/custom_callbacks.o
 .debug_loclists
                0x0000044c      0x17b ./Core/Src/stm32g0xx_hal_msp.o
 .debug_loclists
                0x000005c7      0x58c ./Core/Src/system.o
 .debug_loclists
                0x00000b53       0xa7 ./Core/Src/system_stm32g0xx.o
 .debug_loclists
                0x00000bfa      0x143 ./Drivers/STM32G0xx_HAL_Driver/Src/stm32g0xx_hal.o
 .debug_loclists
                0x00000d3d     0x1121 ./Drivers/STM32G0xx_HAL_Driver/Src/stm32g0xx_hal_adc.o
 .debug_loclists
                0x00001e5e      0x2a3 ./Drivers/STM32G0xx_HAL_Driver/Src/stm32g0xx_hal_adc_ex.o
 .debug_loclists
                0x00002101      0x1ef ./Drivers/STM32G0xx_HAL_Driver/Src/stm32g0xx_hal_cortex.o
 .debug_loclists
                0x000022f0      0x747 ./Drivers/STM32G0xx_HAL_Driver/Src/stm32g0xx_hal_dma.o
 .debug_loclists
                0x00002a37      0x372 ./Drivers/STM32G0xx_HAL_Driver/Src/stm32g0xx_hal_gpio.o
 .debug_loclists
                0x00002da9      0x1b3 ./Drivers/STM32G0xx_HAL_Driver/Src/stm32g0xx_hal_pwr_ex.o
 .debug_loclists
                0x00002f5c      0x4e1 ./Drivers/STM32G0xx_HAL_Driver/Src/stm32g0xx_hal_rcc.o
 .debug_loclists
                0x0000343d      0x46c ./Drivers/STM32G0xx_HAL_Driver/Src/stm32g0xx_hal_rcc_ex.o
 .debug_loclists
                0x000038a9     0x4f53 ./Drivers/STM32G0xx_HAL_Driver/Src/stm32g0xx_hal_tim.o
 .debug_loclists
                0x000087fc     0x1392 ./Drivers/STM32G0xx_HAL_Driver/Src/stm32g0xx_hal_tim_ex.o
 .debug_loclists
                0x00009b8e     0x3b37 ./Drivers/STM32G0xx_HAL_Driver/Src/stm32g0xx_hal_uart.o

.debug_line_str
                0x00000000       0x57
 .debug_line_str
                0x00000000       0x57 ./Core/Startup/startup_stm32g031k8tx.o
