Archive member included to satisfy reference by file (symbol)

C:/ST/STM32CubeIDE_1.16.1/STM32CubeIDE/plugins/com.st.stm32cube.ide.mcu.externaltools.gnu-tools-for-stm32.12.3.rel1.win32_1.1.0.202410251130/tools/bin/../lib/gcc/arm-none-eabi/12.3.1/../../../../arm-none-eabi/lib/thumb/v6-m/nofp\libc_nano.a(libc_a-exit.o)
                              C:/ST/STM32CubeIDE_1.16.1/STM32CubeIDE/plugins/com.st.stm32cube.ide.mcu.externaltools.gnu-tools-for-stm32.12.3.rel1.win32_1.1.0.202410251130/tools/bin/../lib/gcc/arm-none-eabi/12.3.1/../../../../arm-none-eabi/lib/thumb/v6-m/nofp/crt0.o (exit)
C:/ST/STM32CubeIDE_1.16.1/STM32CubeIDE/plugins/com.st.stm32cube.ide.mcu.externaltools.gnu-tools-for-stm32.12.3.rel1.win32_1.1.0.202410251130/tools/bin/../lib/gcc/arm-none-eabi/12.3.1/../../../../arm-none-eabi/lib/thumb/v6-m/nofp\libc_nano.a(libc_a-findfp.o)
                              C:/ST/STM32CubeIDE_1.16.1/STM32CubeIDE/plugins/com.st.stm32cube.ide.mcu.externaltools.gnu-tools-for-stm32.12.3.rel1.win32_1.1.0.202410251130/tools/bin/../lib/gcc/arm-none-eabi/12.3.1/../../../../arm-none-eabi/lib/thumb/v6-m/nofp\libc_nano.a(libc_a-exit.o) (__stdio_exit_handler)
C:/ST/STM32CubeIDE_1.16.1/STM32CubeIDE/plugins/com.st.stm32cube.ide.mcu.externaltools.gnu-tools-for-stm32.12.3.rel1.win32_1.1.0.202410251130/tools/bin/../lib/gcc/arm-none-eabi/12.3.1/../../../../arm-none-eabi/lib/thumb/v6-m/nofp\libc_nano.a(libc_a-fwalk.o)
                              C:/ST/STM32CubeIDE_1.16.1/STM32CubeIDE/plugins/com.st.stm32cube.ide.mcu.externaltools.gnu-tools-for-stm32.12.3.rel1.win32_1.1.0.202410251130/tools/bin/../lib/gcc/arm-none-eabi/12.3.1/../../../../arm-none-eabi/lib/thumb/v6-m/nofp\libc_nano.a(libc_a-findfp.o) (_fwalk_sglue)
C:/ST/STM32CubeIDE_1.16.1/STM32CubeIDE/plugins/com.st.stm32cube.ide.mcu.externaltools.gnu-tools-for-stm32.12.3.rel1.win32_1.1.0.202410251130/tools/bin/../lib/gcc/arm-none-eabi/12.3.1/../../../../arm-none-eabi/lib/thumb/v6-m/nofp\libc_nano.a(libc_a-stdio.o)
                              C:/ST/STM32CubeIDE_1.16.1/STM32CubeIDE/plugins/com.st.stm32cube.ide.mcu.externaltools.gnu-tools-for-stm32.12.3.rel1.win32_1.1.0.202410251130/tools/bin/../lib/gcc/arm-none-eabi/12.3.1/../../../../arm-none-eabi/lib/thumb/v6-m/nofp\libc_nano.a(libc_a-findfp.o) (__sread)
C:/ST/STM32CubeIDE_1.16.1/STM32CubeIDE/plugins/com.st.stm32cube.ide.mcu.externaltools.gnu-tools-for-stm32.12.3.rel1.win32_1.1.0.202410251130/tools/bin/../lib/gcc/arm-none-eabi/12.3.1/../../../../arm-none-eabi/lib/thumb/v6-m/nofp\libc_nano.a(libc_a-memset.o)
                              C:/ST/STM32CubeIDE_1.16.1/STM32CubeIDE/plugins/com.st.stm32cube.ide.mcu.externaltools.gnu-tools-for-stm32.12.3.rel1.win32_1.1.0.202410251130/tools/bin/../lib/gcc/arm-none-eabi/12.3.1/../../../../arm-none-eabi/lib/thumb/v6-m/nofp/crt0.o (memset)
C:/ST/STM32CubeIDE_1.16.1/STM32CubeIDE/plugins/com.st.stm32cube.ide.mcu.externaltools.gnu-tools-for-stm32.12.3.rel1.win32_1.1.0.202410251130/tools/bin/../lib/gcc/arm-none-eabi/12.3.1/../../../../arm-none-eabi/lib/thumb/v6-m/nofp\libc_nano.a(libc_a-closer.o)
                              C:/ST/STM32CubeIDE_1.16.1/STM32CubeIDE/plugins/com.st.stm32cube.ide.mcu.externaltools.gnu-tools-for-stm32.12.3.rel1.win32_1.1.0.202410251130/tools/bin/../lib/gcc/arm-none-eabi/12.3.1/../../../../arm-none-eabi/lib/thumb/v6-m/nofp\libc_nano.a(libc_a-stdio.o) (_close_r)
C:/ST/STM32CubeIDE_1.16.1/STM32CubeIDE/plugins/com.st.stm32cube.ide.mcu.externaltools.gnu-tools-for-stm32.12.3.rel1.win32_1.1.0.202410251130/tools/bin/../lib/gcc/arm-none-eabi/12.3.1/../../../../arm-none-eabi/lib/thumb/v6-m/nofp\libc_nano.a(libc_a-reent.o)
                              C:/ST/STM32CubeIDE_1.16.1/STM32CubeIDE/plugins/com.st.stm32cube.ide.mcu.externaltools.gnu-tools-for-stm32.12.3.rel1.win32_1.1.0.202410251130/tools/bin/../lib/gcc/arm-none-eabi/12.3.1/../../../../arm-none-eabi/lib/thumb/v6-m/nofp\libc_nano.a(libc_a-closer.o) (errno)
C:/ST/STM32CubeIDE_1.16.1/STM32CubeIDE/plugins/com.st.stm32cube.ide.mcu.externaltools.gnu-tools-for-stm32.12.3.rel1.win32_1.1.0.202410251130/tools/bin/../lib/gcc/arm-none-eabi/12.3.1/../../../../arm-none-eabi/lib/thumb/v6-m/nofp\libc_nano.a(libc_a-impure.o)
                              C:/ST/STM32CubeIDE_1.16.1/STM32CubeIDE/plugins/com.st.stm32cube.ide.mcu.externaltools.gnu-tools-for-stm32.12.3.rel1.win32_1.1.0.202410251130/tools/bin/../lib/gcc/arm-none-eabi/12.3.1/../../../../arm-none-eabi/lib/thumb/v6-m/nofp\libc_nano.a(libc_a-reent.o) (_impure_ptr)
C:/ST/STM32CubeIDE_1.16.1/STM32CubeIDE/plugins/com.st.stm32cube.ide.mcu.externaltools.gnu-tools-for-stm32.12.3.rel1.win32_1.1.0.202410251130/tools/bin/../lib/gcc/arm-none-eabi/12.3.1/../../../../arm-none-eabi/lib/thumb/v6-m/nofp\libc_nano.a(libc_a-lseekr.o)
[...]
Memory Configuration

Name             Origin             Length             Attributes
RAM              0x20000000         0x00002000         xrw
FLASH            0x08000000         0x00010000         xr
*default*        0x00000000         0xffffffff

Linker script and memory map

LOAD C:/ST/STM32CubeIDE_1.16.1/STM32CubeIDE/plugins/com.st.stm32cube.ide.mcu.externaltools.gnu-tools-for-stm32.12.3.rel1.win32_1.1.0.202410251130/tools/bin/../lib/gcc/arm-none-eabi/12.3.1/thumb/v6-m/nofp/crti.o
LOAD C:/ST/STM32CubeIDE_1.16.1/STM32CubeIDE/plugins/com.st.stm32cube.ide.mcu.externaltools.gnu-tools-for-stm32.12.3.rel1.win32_1.1.0.202410251130/tools/bin/../lib/gcc/arm-none-eabi/12.3.1/thumb/v6-m/nofp/crtbegin.o
LOAD C:/ST/STM32CubeIDE_1.16.1/STM32CubeIDE/plugins/com.st.stm32cube.ide.mcu.externaltools.gnu-tools-for-stm32.12.3.rel1.win32_1.1.0.202410251130/tools/bin/../lib/gcc/arm-none-eabi/12.3.1/../../../../arm-none-eabi/lib/thumb/v6-m/nofp/crt0.o
LOAD ./Core/Src/UART.o
LOAD ./Core/Src/checking_functions.o
LOAD ./Core/Src/config.o
LOAD ./Core/Src/custom_callbacks.o
LOAD ./Core/Src/input_capture.o
LOAD ./Core/Src/main.o
LOAD ./Core/Src/oscillator.o
LOAD ./Core/Src/startup.o
LOAD ./Core/Src/stm32g0xx_hal_msp.o
LOAD ./Core/Src/stm32g0xx_it.o
LOAD ./Core/Src/symmetry_adjustment.o
LOAD ./Core/Src/syscalls.o
LOAD ./Core/Src/sysmem.o
LOAD ./Core/Src/system_stm32g0xx.o
LOAD ./Core/Src/timers.o
LOAD ./Core/Src/utility.o
LOAD ./Core/Startup/startup_stm32g031k8tx.o
LOAD ./Drivers/STM32G0xx_HAL_Driver/Src/stm32g0xx_hal.o
LOAD ./Drivers/STM32G0xx_HAL_Driver/Src/stm32g0xx_hal_adc.o
LOAD ./Drivers/STM32G0xx_HAL_Driver/Src/stm32g0xx_hal_adc_ex.o
LOAD ./Drivers/STM32G0xx_HAL_Driver/Src/stm32g0xx_hal_cortex.o
LOAD ./Drivers/STM32G0xx_HAL_Driver/Src/stm32g0xx_hal_dma.o
LOAD ./Drivers/STM32G0xx_HAL_Driver/Src/stm32g0xx_hal_dma_ex.o
LOAD ./Drivers/STM32G0xx_HAL_Driver/Src/stm32g0xx_hal_exti.o
LOAD ./Drivers/STM32G0xx_HAL_Driver/Src/stm32g0xx_hal_flash.o
LOAD ./Drivers/STM32G0xx_HAL_Driver/Src/stm32g0xx_hal_flash_ex.o
LOAD ./Drivers/STM32G0xx_HAL_Driver/Src/stm32g0xx_hal_gpio.o
LOAD ./Drivers/STM32G0xx_HAL_Driver/Src/stm32g0xx_hal_iwdg.o
LOAD ./Drivers/STM32G0xx_HAL_Driver/Src/stm32g0xx_hal_lptim.o
LOAD ./Drivers/STM32G0xx_HAL_Driver/Src/stm32g0xx_hal_pwr.o
LOAD ./Drivers/STM32G0xx_HAL_Driver/Src/stm32g0xx_hal_pwr_ex.o
LOAD ./Drivers/STM32G0xx_HAL_Driver/Src/stm32g0xx_hal_rcc.o
LOAD ./Drivers/STM32G0xx_HAL_Driver/Src/stm32g0xx_hal_rcc_ex.o
LOAD ./Drivers/STM32G0xx_HAL_Driver/Src/stm32g0xx_hal_tim.o
LOAD ./Drivers/STM32G0xx_HAL_Driver/Src/stm32g0xx_hal_tim_ex.o
LOAD ./Drivers/STM32G0xx_HAL_Driver/Src/stm32g0xx_hal_uart.o
LOAD ./Drivers/STM32G0xx_HAL_Driver/Src/stm32g0xx_hal_uart_ex.o
LOAD ./Drivers/STM32G0xx_HAL_Driver/Src/stm32g0xx_ll_adc.o
LOAD ./Drivers/STM32G0xx_HAL_Driver/Src/stm32g0xx_ll_rcc.o
START GROUP
LOAD C:/ST/STM32CubeIDE_1.16.1/STM32CubeIDE/plugins/com.st.stm32cube.ide.mcu.externaltools.gnu-tools-for-stm32.12.3.rel1.win32_1.1.0.202410251130/tools/bin/../lib/gcc/arm-none-eabi/12.3.1/../../../../arm-none-eabi/lib/thumb/v6-m/nofp\libc_nano.a
LOAD C:/ST/STM32CubeIDE_1.16.1/STM32CubeIDE/plugins/com.st.stm32cube.ide.mcu.externaltools.gnu-tools-for-stm32.12.3.rel1.win32_1.1.0.202410251130/tools/bin/../lib/gcc/arm-none-eabi/12.3.1/../../../../arm-none-eabi/lib/thumb/v6-m/nofp\libm.a
END GROUP
START GROUP
LOAD C:/ST/STM32CubeIDE_1.16.1/STM32CubeIDE/plugins/com.st.stm32cube.ide.mcu.externaltools.gnu-tools-for-stm32.12.3.rel1.win32_1.1.0.202410251130/tools/bin/../lib/gcc/arm-none-eabi/12.3.1/thumb/v6-m/nofp\libgcc.a
LOAD C:/ST/STM32CubeIDE_1.16.1/STM32CubeIDE/plugins/com.st.stm32cube.ide.mcu.externaltools.gnu-tools-for-stm32.12.3.rel1.win32_1.1.0.202410251130/tools/bin/../lib/gcc/arm-none-eabi/12.3.1/../../../../arm-none-eabi/lib/thumb/v6-m/nofp\libc_nano.a
END GROUP
START GROUP
LOAD C:/ST/STM32CubeIDE_1.16.1/STM32CubeIDE/plugins/com.st.stm32cube.ide.mcu.externaltools.gnu-tools-for-stm32.12.3.rel1.win32_1.1.0.202410251130/tools/bin/../lib/gcc/arm-none-eabi/12.3.1/thumb/v6-m/nofp\libgcc.a
LOAD C:/ST/STM32CubeIDE_1.16.1/STM32CubeIDE/plugins/com.st.stm32cube.ide.mcu.externaltools.gnu-tools-for-stm32.12.3.rel1.win32_1.1.0.202410251130/tools/bin/../lib/gcc/arm-none-eabi/12.3.1/../../../../arm-none-eabi/lib/thumb/v6-m/nofp\libc_nano.a
LOAD C:/ST/STM32CubeIDE_1.16.1/STM32CubeIDE/plugins/com.st.stm32cube.ide.mcu.externaltools.gnu-tools-for-stm32.12.3.rel1.win32_1.1.0.202410251130/tools/bin/../lib/gcc/arm-none-eabi/12.3.1/../../../../arm-none-eabi/lib/thumb/v6-m/nofp\libnosys.a
END GROUP
START GROUP
LOAD C:/ST/STM32CubeIDE_1.16.1/STM32CubeIDE/plugins/com.st.stm32cube.ide.mcu.externaltools.gnu-tools-for-stm32.12.3.rel1.win32_1.1.0.202410251130/tools/bin/../lib/gcc/arm-none-eabi/12.3.1/thumb/v6-m/nofp\libgcc.a
LOAD C:/ST/STM32CubeIDE_1.16.1/STM32CubeIDE/plugins/com.st.stm32cube.ide.mcu.externaltools.gnu-tools-for-stm32.12.3.rel1.win32_1.1.0.202410251130/tools/bin/../lib/gcc/arm-none-eabi/12.3.1/../../../../arm-none-eabi/lib/thumb/v6-m/nofp\libc_nano.a
LOAD C:/ST/STM32CubeIDE_1.16.1/STM32CubeIDE/plugins/com.st.stm32cube.ide.mcu.externaltools.gnu-tools-for-stm32.12.3.rel1.win32_1.1.0.202410251130/tools/bin/../lib/gcc/arm-none-eabi/12.3.1/../../../../arm-none-eabi/lib/thumb/v6-m/nofp\libnosys.a
END GROUP
LOAD C:/ST/STM32CubeIDE_1.16.1/STM32CubeIDE/plugins/com.st.stm32cube.ide.mcu.externaltools.gnu-tools-for-stm32.12.3.rel1.win32_1.1.0.202410251130/tools/bin/../lib/gcc/arm-none-eabi/12.3.1/thumb/v6-m/nofp/crtend.o
LOAD C:/ST/STM32CubeIDE_1.16.1/STM32CubeIDE/plugins/com.st.stm32cube.ide.mcu.externaltools.gnu-tools-for-stm32.12.3.rel1.win32_1.1.0.202410251130/tools/bin/../lib/gcc/arm-none-eabi/12.3.1/thumb/v6-m/nofp/crtn.o
                0x20002000                        _estack = (ORIGIN (RAM) + LENGTH (RAM))
                0x00000200                        _Min_Heap_Size = 0x200
                0x00000400                        _Min_Stack_Size = 0x400

.isr_vector     0x08000000       0xbc
                0x08000000                        . = ALIGN (0x4)
 *(.isr_vector)
 .isr_vector    0x08000000       0xbc ./Core/Startup/startup_stm32g031k8tx.o
                0x08000000                g_pfnVectors
                0x080000bc                        . = ALIGN (0x4)

.text           0x080000bc     0x6498
                0x080000bc                        . = ALIGN (0x4)
 *(.text)
 .text          0x080000bc       0x48 C:/ST/STM32CubeIDE_1.16.1/STM32CubeIDE/plugins/com.st.stm32cube.ide.mcu.externaltools.gnu-tools-for-stm32.12.3.rel1.win32_1.1.0.202410251130/tools/bin/../lib/gcc/arm-none-eabi/12.3.1/thumb/v6-m/nofp/crtbegin.o
 .text          0x08000104      0x114 C:/ST/STM32CubeIDE_1.16.1/STM32CubeIDE/plugins/com.st.stm32cube.ide.mcu.externaltools.gnu-tools-for-stm32.12.3.rel1.win32_1.1.0.202410251130/tools/bin/../lib/gcc/arm-none-eabi/12.3.1/thumb/v6-m/nofp\libgcc.a(_udivsi3.o)
                0x08000104                __aeabi_uidiv
                0x08000104                __udivsi3
                0x08000210                __aeabi_uidivmod
 .text          0x08000218        0x4 C:/ST/STM32CubeIDE_1.16.1/STM32CubeIDE/plugins/com.st.stm32cube.ide.mcu.externaltools.gnu-tools-for-stm32.12.3.rel1.win32_1.1.0.202410251130/tools/bin/../lib/gcc/arm-none-eabi/12.3.1/thumb/v6-m/nofp\libgcc.a(_dvmd_tls.o)
                0x08000218                __aeabi_idiv0
                0x08000218                __aeabi_ldiv0
 .text          0x0800021c       0x40 C:/ST/STM32CubeIDE_1.16.1/STM32CubeIDE/plugins/com.st.stm32cube.ide.mcu.externaltools.gnu-tools-for-stm32.12.3.rel1.win32_1.1.0.202410251130/tools/bin/../lib/gcc/arm-none-eabi/12.3.1/thumb/v6-m/nofp\libgcc.a(_aeabi_uldivmod.o)
                0x0800021c                __aeabi_uldivmod
 .text          0x0800025c      0x198 C:/ST/STM32CubeIDE_1.16.1/STM32CubeIDE/plugins/com.st.stm32cube.ide.mcu.externaltools.gnu-tools-for-stm32.12.3.rel1.win32_1.1.0.202410251130/tools/bin/../lib/gcc/arm-none-eabi/12.3.1/thumb/v6-m/nofp\libgcc.a(_udivmoddi4.o)
                0x0800025c                __udivmoddi4
 .text          0x080003f4       0x18 C:/ST/STM32CubeIDE_1.16.1/STM32CubeIDE/plugins/com.st.stm32cube.ide.mcu.externaltools.gnu-tools-for-stm32.12.3.rel1.win32_1.1.0.202410251130/tools/bin/../lib/gcc/arm-none-eabi/12.3.1/thumb/v6-m/nofp\libgcc.a(_clzdi2.o)
                0x080003f4                __clzdi2
 .text          0x0800040c       0x3c C:/ST/STM32CubeIDE_1.16.1/STM32CubeIDE/plugins/com.st.stm32cube.ide.mcu.externaltools.gnu-tools-for-stm32.12.3.rel1.win32_1.1.0.202410251130/tools/bin/../lib/gcc/arm-none-eabi/12.3.1/thumb/v6-m/nofp\libgcc.a(_clzsi2.o)
                0x0800040c                __clzsi2
 *(.text*)
 .text.Start_UART_Receive
                0x08000448       0x18 ./Core/Src/UART.o
                0x08000448                Start_UART_Receive
 .text.Speed_Pot_Check
                0x08000460       0x8c ./Core/Src/checking_functions.o
                0x08000460                Speed_Pot_Check
 .text.Check_Tap_Tempo_Switch_State
                0x080004ec       0x68 ./Core/Src/checking_functions.o
                0x080004ec                Check_Tap_Tempo_Switch_State
 .text.SystemClock_Config
                0x08000554       0x80 ./Core/Src/config.o
                0x08000554                SystemClock_Config
 .text.MX_ADC1_Init
                0x080005d4       0xf4 ./Core/Src/config.o
                0x080005d4                MX_ADC1_Init
 .text.MX_TIM16_Init
                0x080006c8       0xc0 ./Core/Src/config.o
                0x080006c8                MX_TIM16_Init
 .text.MX_TIM2_Init
                0x08000788       0xb8 ./Core/Src/config.o
                0x08000788                MX_TIM2_Init
 .text.MX_TIM3_Init
                0x08000840       0xc0 ./Core/Src/config.o
                0x08000840                MX_TIM3_Init
 .text.MX_TIM1_Init
                0x08000900      0x128 ./Core/Src/config.o
                0x08000900                MX_TIM1_Init
 .text.MX_TIM17_Init
                0x08000a28       0xb4 ./Core/Src/config.o
                0x08000a28                MX_TIM17_Init
 .text.MX_GPIO_Init
                0x08000adc      0x130 ./Core/Src/config.o
                0x08000adc                MX_GPIO_Init
 .text.Error_Handler
                0x08000c0c        0x4 ./Core/Src/config.o
                0x08000c0c                Error_Handler
 .text.System_Init
                0x08000c10      0x188 ./Core/Src/config.o
                0x08000c10                System_Init
 .text.TIM16_callback
                0x08000d98       0x3c ./Core/Src/custom_callbacks.o
                0x08000d98                TIM16_callback
 .text.ADC_DMA_conversion_complete_callback
                0x08000dd4       0x70 ./Core/Src/custom_callbacks.o
                0x08000dd4                ADC_DMA_conversion_complete_callback
 .text.TIM2_ch1_IP_capture_callback
                0x08000e44       0xd4 ./Core/Src/custom_callbacks.o
                0x08000e44                TIM2_ch1_IP_capture_callback
 .text.TIM2_ch1_overflow_callback
                0x08000f18       0x24 ./Core/Src/custom_callbacks.o
                0x08000f18                TIM2_ch1_overflow_callback
 .text.TIM3_ch1_IP_capture_measurement_reelapse_callback
                0x08000f3c       0x6c ./Core/Src/custom_callbacks.o
                0x08000f3c                TIM3_ch1_IP_capture_measurement_reelapse_callback
 .text.HAL_GPIO_EXTI_Falling_Callback
                0x08000fa8       0xa0 ./Core/Src/custom_callbacks.o
                0x08000fa8                HAL_GPIO_EXTI_Falling_Callback
 .text.HAL_GPIO_EXTI_Rising_Callback
                0x08001048       0x28 ./Core/Src/custom_callbacks.o
                0x08001048                HAL_GPIO_EXTI_Rising_Callback
 .text.UART2_TX_transfer_complete_callback
                0x08001070        0xc ./Core/Src/custom_callbacks.o
                0x08001070                UART2_TX_transfer_complete_callback
 .text.UART2_RX_transfer_complete_callback
                0x0800107c       0x30 ./Core/Src/custom_callbacks.o
                0x0800107c                UART2_RX_transfer_complete_callback
 .text.LPTIM1_callback
                0x080010ac       0x6c ./Core/Src/custom_callbacks.o
                0x080010ac                LPTIM1_callback
 .text.TIM17_callback_speed_pot_check
                0x08001118       0x2c ./Core/Src/custom_callbacks.o
                0x08001118                TIM17_callback_speed_pot_check
 .text.Input_Capture_Processing
                0x08001144       0x7c ./Core/Src/input_capture.o
                0x08001144                Input_Capture_Processing
 .text.Start_Input_Capture_Timer
                0x080011c0       0x30 ./Core/Src/input_capture.o
                0x080011c0                Start_Input_Capture_Timer
 .text.startup.main
                0x080011f0       0x4c ./Core/Src/main.o
                0x080011f0                main
 .text.Start_PWM_Gen_Timer_Main_and_Secondary_Oscillators
                0x0800123c       0x38 ./Core/Src/oscillator.o
                0x0800123c                Start_PWM_Gen_Timer_Main_and_Secondary_Oscillators
 .text.Start_Freq_Gen_Timer
                0x08001274       0x1c ./Core/Src/oscillator.o
                0x08001274                Start_Freq_Gen_Timer
 .text.Process_TIM16_Raw_Start_Value_and_Raw_Prescaler
                0x08001290       0x2c ./Core/Src/oscillator.o
                0x08001290                Process_TIM16_Raw_Start_Value_and_Raw_Prescaler
 .text.Set_Oscillator_Values
                0x080012bc       0x30 ./Core/Src/oscillator.o
                0x080012bc                Set_Oscillator_Values
 .text.Calculate_Next_Main_Oscillator_Values
                0x080012ec      0x10c ./Core/Src/oscillator.o
                0x080012ec                Calculate_Next_Main_Oscillator_Values
 .text.Write_Next_Main_Oscillator_Values_to_Delay_Line
                0x080013f8       0xb8 ./Core/Src/oscillator.o
                0x080013f8                Write_Next_Main_Oscillator_Values_to_Delay_Line
 .text.Process_ADC_Conversion_Values
                0x080014b0       0x5c ./Core/Src/oscillator.o
                0x080014b0                Process_ADC_Conversion_Values
 .text.Startup  0x0800150c       0xa0 ./Core/Src/startup.o
                0x0800150c                Startup
 .text.HAL_MspInit
                0x080015ac       0x30 ./Core/Src/stm32g0xx_hal_msp.o
                0x080015ac                HAL_MspInit
 .text.HAL_ADC_MspInit
                0x080015dc       0xa0 ./Core/Src/stm32g0xx_hal_msp.o
                0x080015dc                HAL_ADC_MspInit
 .text.HAL_LPTIM_MspInit
                0x0800167c       0x8c ./Core/Src/stm32g0xx_hal_msp.o
                0x0800167c                HAL_LPTIM_MspInit
 .text.HAL_TIM_Base_MspInit
                0x08001708      0x13c ./Core/Src/stm32g0xx_hal_msp.o
                0x08001708                HAL_TIM_Base_MspInit
 .text.HAL_TIM_MspPostInit
                0x08001844       0x78 ./Core/Src/stm32g0xx_hal_msp.o
                0x08001844                HAL_TIM_MspPostInit
 .text.HAL_UART_MspInit
                0x080018bc       0xec ./Core/Src/stm32g0xx_hal_msp.o
                0x080018bc                HAL_UART_MspInit
 .text.NMI_Handler
                0x080019a8        0x4 ./Core/Src/stm32g0xx_it.o
                0x080019a8                NMI_Handler
 .text.HardFault_Handler
                0x080019ac        0x4 ./Core/Src/stm32g0xx_it.o
                0x080019ac                HardFault_Handler
 .text.SVC_Handler
                0x080019b0        0x4 ./Core/Src/stm32g0xx_it.o
                0x080019b0                SVC_Handler
 .text.PendSV_Handler
                0x080019b4        0x4 ./Core/Src/stm32g0xx_it.o
                0x080019b4                PendSV_Handler
 .text.SysTick_Handler
                0x080019b8        0x8 ./Core/Src/stm32g0xx_it.o
                0x080019b8                SysTick_Handler
 .text.EXTI4_15_IRQHandler
                0x080019c0       0x18 ./Core/Src/stm32g0xx_it.o
                0x080019c0                EXTI4_15_IRQHandler
 .text.DMA1_Channel1_IRQHandler
                0x080019d8       0x10 ./Core/Src/stm32g0xx_it.o
                0x080019d8                DMA1_Channel1_IRQHandler
 .text.DMA1_Channel2_3_IRQHandler
                0x080019e8       0x18 ./Core/Src/stm32g0xx_it.o
                0x080019e8                DMA1_Channel2_3_IRQHandler
 .text.TIM2_IRQHandler
                0x08001a00       0x10 ./Core/Src/stm32g0xx_it.o
                0x08001a00                TIM2_IRQHandler
 .text.TIM3_IRQHandler
                0x08001a10       0x10 ./Core/Src/stm32g0xx_it.o
                0x08001a10                TIM3_IRQHandler
 .text.TIM16_IRQHandler
                0x08001a20       0x10 ./Core/Src/stm32g0xx_it.o
                0x08001a20                TIM16_IRQHandler
 .text.TIM17_IRQHandler
                0x08001a30       0x10 ./Core/Src/stm32g0xx_it.o
                0x08001a30                TIM17_IRQHandler
 .text.USART2_IRQHandler
                0x08001a40       0x10 ./Core/Src/stm32g0xx_it.o
                0x08001a40                USART2_IRQHandler
 .text.LPTIM1_IRQHandler
                0x08001a50       0x10 ./Core/Src/stm32g0xx_it.o
                0x08001a50                LPTIM1_IRQHandler
 .text.Process_TIM16_Final_Start_Value_and_Final_Prescaler
                0x08001a60      0x2a4 ./Core/Src/symmetry_adjustment.o
                0x08001a60                Process_TIM16_Final_Start_Value_and_Final_Prescaler
 .text.SystemInit
                0x08001d04        0x4 ./Core/Src/system_stm32g0xx.o
                0x08001d04                SystemInit
 .text.Start_OC_TIM
                0x08001d08       0x14 ./Core/Src/timers.o
                0x08001d08                Start_OC_TIM
 .text.Stop_OC_TIM
                0x08001d1c       0x14 ./Core/Src/timers.o
                0x08001d1c                Stop_OC_TIM
 .text.isPrime  0x08001d30       0x34 ./Core/Src/utility.o
                0x08001d30                isPrime
 .text.unsigned_bitwise_modulo
                0x08001d64        0xc ./Core/Src/utility.o
                0x08001d64                unsigned_bitwise_modulo
 .text.Global_Interrupt_Enable
                0x08001d70        0x8 ./Core/Src/utility.o
                0x08001d70                Global_Interrupt_Enable
 .text.Reset_Handler
                0x08001d78       0x50 ./Core/Startup/startup_stm32g031k8tx.o
                0x08001d78                Reset_Handler
 .text.Default_Handler
                0x08001dc8        0x2 ./Core/Startup/startup_stm32g031k8tx.o
                0x08001dc8                TIM1_CC_IRQHandler
                0x08001dc8                PVD_IRQHandler
                0x08001dc8                I2C1_IRQHandler
                0x08001dc8                LPTIM2_IRQHandler
                0x08001dc8                RTC_TAMP_IRQHandler
                0x08001dc8                SPI1_IRQHandler
                0x08001dc8                DMA1_Ch4_5_DMAMUX1_OVR_IRQHandler
                0x08001dc8                EXTI2_3_IRQHandler
                0x08001dc8                ADC1_IRQHandler
                0x08001dc8                I2C2_IRQHandler
                0x08001dc8                RCC_IRQHandler
                0x08001dc8                Default_Handler
                0x08001dc8                TIM14_IRQHandler
                0x08001dc8                EXTI0_1_IRQHandler
                0x08001dc8                SPI2_IRQHandler
                0x08001dc8                WWDG_IRQHandler
                0x08001dc8                LPUART1_IRQHandler
                0x08001dc8                FLASH_IRQHandler
                0x08001dc8                USART1_IRQHandler
                0x08001dc8                TIM1_BRK_UP_TRG_COM_IRQHandler
 *fill*         0x08001dca        0x2 
 .text.HAL_InitTick
                0x08001dcc       0x4c ./Drivers/STM32G0xx_HAL_Driver/Src/stm32g0xx_hal.o
                0x08001dcc                HAL_InitTick
 .text.HAL_Init
                0x08001e18       0x28 ./Drivers/STM32G0xx_HAL_Driver/Src/stm32g0xx_hal.o
                0x08001e18                HAL_Init
 .text.HAL_IncTick
                0x08001e40       0x18 ./Drivers/STM32G0xx_HAL_Driver/Src/stm32g0xx_hal.o
                0x08001e40                HAL_IncTick
 .text.HAL_GetTick
                0x08001e58        0xc ./Drivers/STM32G0xx_HAL_Driver/Src/stm32g0xx_hal.o
                0x08001e58                HAL_GetTick
 .text.ADC_DMAConvCplt
                0x08001e64       0x80 ./Drivers/STM32G0xx_HAL_Driver/Src/stm32g0xx_hal_adc.o
 .text.ADC_DMAHalfConvCplt
                0x08001ee4        0xc ./Drivers/STM32G0xx_HAL_Driver/Src/stm32g0xx_hal_adc.o
 .text.ADC_DMAError
                0x08001ef0       0x1c ./Drivers/STM32G0xx_HAL_Driver/Src/stm32g0xx_hal_adc.o
 .text.HAL_ADC_ErrorCallback
                0x08001f0c        0x4 ./Drivers/STM32G0xx_HAL_Driver/Src/stm32g0xx_hal_adc.o
                0x08001f0c                HAL_ADC_ErrorCallback
 .text.HAL_ADC_ConvCpltCallback
                0x08001f10        0x4 ./Drivers/STM32G0xx_HAL_Driver/Src/stm32g0xx_hal_adc.o
                0x08001f10                HAL_ADC_ConvCpltCallback
 .text.HAL_ADC_ConvHalfCpltCallback
                0x08001f14        0x4 ./Drivers/STM32G0xx_HAL_Driver/Src/stm32g0xx_hal_adc.o
                0x08001f14                HAL_ADC_ConvHalfCpltCallback
 .text.HAL_ADC_LevelOutOfWindowCallback
                0x08001f18        0x4 ./Drivers/STM32G0xx_HAL_Driver/Src/stm32g0xx_hal_adc.o
                0x08001f18                HAL_ADC_LevelOutOfWindowCallback
 .text.HAL_ADC_Init
                0x08001f1c      0x284 ./Drivers/STM32G0xx_HAL_Driver/Src/stm32g0xx_hal_adc.o
                0x08001f1c                HAL_ADC_Init
 .text.HAL_ADC_RegisterCallback
                0x080021a0       0x70 ./Drivers/STM32G0xx_HAL_Driver/Src/stm32g0xx_hal_adc.o
                0x080021a0                HAL_ADC_RegisterCallback
 .text.HAL_ADC_ConfigChannel
                0x08002210      0x284 ./Drivers/STM32G0xx_HAL_Driver/Src/stm32g0xx_hal_adc.o
                0x08002210                HAL_ADC_ConfigChannel
 .text.ADC_ConversionStop
                0x08002494       0x74 ./Drivers/STM32G0xx_HAL_Driver/Src/stm32g0xx_hal_adc.o
                0x08002494                ADC_ConversionStop
 .text.ADC_Enable
                0x08002508       0xcc ./Drivers/STM32G0xx_HAL_Driver/Src/stm32g0xx_hal_adc.o
                0x08002508                ADC_Enable
 .text.HAL_ADC_Start_DMA
                0x080025d4       0xb4 ./Drivers/STM32G0xx_HAL_Driver/Src/stm32g0xx_hal_adc.o
                0x080025d4                HAL_ADC_Start_DMA
 .text.ADC_Disable
                0x08002688       0x88 ./Drivers/STM32G0xx_HAL_Driver/Src/stm32g0xx_hal_adc.o
                0x08002688                ADC_Disable
 .text.HAL_ADC_Stop_DMA
                0x08002710       0x8c ./Drivers/STM32G0xx_HAL_Driver/Src/stm32g0xx_hal_adc.o
                0x08002710                HAL_ADC_Stop_DMA
 .text.HAL_ADCEx_Calibration_Start
                0x0800279c      0x19c ./Drivers/STM32G0xx_HAL_Driver/Src/stm32g0xx_hal_adc_ex.o
                0x0800279c                HAL_ADCEx_Calibration_Start
 .text.HAL_ADCEx_LevelOutOfWindow2Callback
                0x08002938        0x4 ./Drivers/STM32G0xx_HAL_Driver/Src/stm32g0xx_hal_adc_ex.o
                0x08002938                HAL_ADCEx_LevelOutOfWindow2Callback
 .text.HAL_ADCEx_LevelOutOfWindow3Callback
                0x0800293c        0x4 ./Drivers/STM32G0xx_HAL_Driver/Src/stm32g0xx_hal_adc_ex.o
                0x0800293c                HAL_ADCEx_LevelOutOfWindow3Callback
 .text.HAL_ADCEx_EndOfSamplingCallback
                0x08002940        0x4 ./Drivers/STM32G0xx_HAL_Driver/Src/stm32g0xx_hal_adc_ex.o
                0x08002940                HAL_ADCEx_EndOfSamplingCallback
 .text.HAL_NVIC_SetPriority
                0x08002944       0x54 ./Drivers/STM32G0xx_HAL_Driver/Src/stm32g0xx_hal_cortex.o
                0x08002944                HAL_NVIC_SetPriority
 .text.HAL_NVIC_EnableIRQ
                0x08002998       0x18 ./Drivers/STM32G0xx_HAL_Driver/Src/stm32g0xx_hal_cortex.o
                0x08002998                HAL_NVIC_EnableIRQ
 .text.HAL_NVIC_DisableIRQ
                0x080029b0       0x20 ./Drivers/STM32G0xx_HAL_Driver/Src/stm32g0xx_hal_cortex.o
                0x080029b0                HAL_NVIC_DisableIRQ
 .text.HAL_SYSTICK_Config
                0x080029d0       0x34 ./Drivers/STM32G0xx_HAL_Driver/Src/stm32g0xx_hal_cortex.o
                0x080029d0                HAL_SYSTICK_Config
 .text.HAL_DMA_Init
                0x08002a04       0xec ./Drivers/STM32G0xx_HAL_Driver/Src/stm32g0xx_hal_dma.o
                0x08002a04                HAL_DMA_Init
 .text.HAL_DMA_Start_IT
                0x08002af0       0xd0 ./Drivers/STM32G0xx_HAL_Driver/Src/stm32g0xx_hal_dma.o
                0x08002af0                HAL_DMA_Start_IT
 .text.HAL_DMA_Abort
                0x08002bc0       0x78 ./Drivers/STM32G0xx_HAL_Driver/Src/stm32g0xx_hal_dma.o
                0x08002bc0                HAL_DMA_Abort
 .text.HAL_DMA_Abort_IT
                0x08002c38       0x78 ./Drivers/STM32G0xx_HAL_Driver/Src/stm32g0xx_hal_dma.o
                0x08002c38                HAL_DMA_Abort_IT
 .text.HAL_DMA_IRQHandler
                0x08002cb0       0xb8 ./Drivers/STM32G0xx_HAL_Driver/Src/stm32g0xx_hal_dma.o
                0x08002cb0                HAL_DMA_IRQHandler
 .text.HAL_GPIO_Init
                0x08002d68      0x1e4 ./Drivers/STM32G0xx_HAL_Driver/Src/stm32g0xx_hal_gpio.o
                0x08002d68                HAL_GPIO_Init
 .text.HAL_GPIO_ReadPin
                0x08002f4c        0xc ./Drivers/STM32G0xx_HAL_Driver/Src/stm32g0xx_hal_gpio.o
                0x08002f4c                HAL_GPIO_ReadPin
 .text.HAL_GPIO_WritePin
                0x08002f58        0xc ./Drivers/STM32G0xx_HAL_Driver/Src/stm32g0xx_hal_gpio.o
                0x08002f58                HAL_GPIO_WritePin
 .text.HAL_GPIO_EXTI_IRQHandler
                0x08002f64       0x34 ./Drivers/STM32G0xx_HAL_Driver/Src/stm32g0xx_hal_gpio.o
                0x08002f64                HAL_GPIO_EXTI_IRQHandler
 .text.HAL_LPTIM_DirectionDownCallback
                0x08002f98        0x4 ./Drivers/STM32G0xx_HAL_Driver/Src/stm32g0xx_hal_lptim.o
                0x08002f98                HAL_LPTIM_DirectionDownCallback
 .text.HAL_LPTIM_CompareMatchCallback
                0x08002f9c        0x4 ./Drivers/STM32G0xx_HAL_Driver/Src/stm32g0xx_hal_lptim.o
                0x08002f9c                HAL_LPTIM_CompareMatchCallback
 .text.HAL_LPTIM_AutoReloadMatchCallback
                0x08002fa0        0x4 ./Drivers/STM32G0xx_HAL_Driver/Src/stm32g0xx_hal_lptim.o
                0x08002fa0                HAL_LPTIM_AutoReloadMatchCallback
 .text.HAL_LPTIM_TriggerCallback
                0x08002fa4        0x4 ./Drivers/STM32G0xx_HAL_Driver/Src/stm32g0xx_hal_lptim.o
                0x08002fa4                HAL_LPTIM_TriggerCallback
 .text.HAL_LPTIM_CompareWriteCallback
                0x08002fa8        0x4 ./Drivers/STM32G0xx_HAL_Driver/Src/stm32g0xx_hal_lptim.o
                0x08002fa8                HAL_LPTIM_CompareWriteCallback
 .text.HAL_LPTIM_AutoReloadWriteCallback
                0x08002fac        0x4 ./Drivers/STM32G0xx_HAL_Driver/Src/stm32g0xx_hal_lptim.o
                0x08002fac                HAL_LPTIM_AutoReloadWriteCallback
 .text.HAL_LPTIM_DirectionUpCallback
                0x08002fb0        0x4 ./Drivers/STM32G0xx_HAL_Driver/Src/stm32g0xx_hal_lptim.o
                0x08002fb0                HAL_LPTIM_DirectionUpCallback
 .text.HAL_LPTIM_Init
                0x08002fb4      0x108 ./Drivers/STM32G0xx_HAL_Driver/Src/stm32g0xx_hal_lptim.o
                0x08002fb4                HAL_LPTIM_Init
 .text.HAL_LPTIM_IRQHandler
                0x080030bc       0xb8 ./Drivers/STM32G0xx_HAL_Driver/Src/stm32g0xx_hal_lptim.o
                0x080030bc                HAL_LPTIM_IRQHandler
 .text.HAL_LPTIM_RegisterCallback
                0x08003174       0x70 ./Drivers/STM32G0xx_HAL_Driver/Src/stm32g0xx_hal_lptim.o
                0x08003174                HAL_LPTIM_RegisterCallback
 .text.LPTIM_Disable
                0x080031e4      0x1c8 ./Drivers/STM32G0xx_HAL_Driver/Src/stm32g0xx_hal_lptim.o
                0x080031e4                LPTIM_Disable
 .text.HAL_LPTIM_SetOnce_Start_IT
                0x080033ac       0xc8 ./Drivers/STM32G0xx_HAL_Driver/Src/stm32g0xx_hal_lptim.o
                0x080033ac                HAL_LPTIM_SetOnce_Start_IT
 .text.HAL_LPTIM_SetOnce_Stop_IT
                0x08003474       0x54 ./Drivers/STM32G0xx_HAL_Driver/Src/stm32g0xx_hal_lptim.o
                0x08003474                HAL_LPTIM_SetOnce_Stop_IT
 .text.HAL_PWREx_ControlVoltageScaling
                0x080034c8       0x60 ./Drivers/STM32G0xx_HAL_Driver/Src/stm32g0xx_hal_pwr_ex.o
                0x080034c8                HAL_PWREx_ControlVoltageScaling
 .text.HAL_RCC_OscConfig
                0x08003528      0x4d0 ./Drivers/STM32G0xx_HAL_Driver/Src/stm32g0xx_hal_rcc.o
                0x08003528                HAL_RCC_OscConfig
 .text.HAL_RCC_GetSysClockFreq
                0x080039f8       0x9c ./Drivers/STM32G0xx_HAL_Driver/Src/stm32g0xx_hal_rcc.o
                0x080039f8                HAL_RCC_GetSysClockFreq
 .text.HAL_RCC_ClockConfig
                0x08003a94      0x190 ./Drivers/STM32G0xx_HAL_Driver/Src/stm32g0xx_hal_rcc.o
                0x08003a94                HAL_RCC_ClockConfig
 .text.HAL_RCC_GetPCLK1Freq
                0x08003c24       0x28 ./Drivers/STM32G0xx_HAL_Driver/Src/stm32g0xx_hal_rcc.o
                0x08003c24                HAL_RCC_GetPCLK1Freq
 .text.HAL_RCCEx_PeriphCLKConfig
                0x08003c4c      0x1f0 ./Drivers/STM32G0xx_HAL_Driver/Src/stm32g0xx_hal_rcc_ex.o
                0x08003c4c                HAL_RCCEx_PeriphCLKConfig
 .text.HAL_TIM_OC_MspInit
                0x08003e3c        0x4 ./Drivers/STM32G0xx_HAL_Driver/Src/stm32g0xx_hal_tim.o
                0x08003e3c                HAL_TIM_OC_MspInit
 .text.HAL_TIM_PWM_MspInit
                0x08003e40        0x4 ./Drivers/STM32G0xx_HAL_Driver/Src/stm32g0xx_hal_tim.o
                0x08003e40                HAL_TIM_PWM_MspInit
 .text.HAL_TIM_IC_MspInit
                0x08003e44        0x4 ./Drivers/STM32G0xx_HAL_Driver/Src/stm32g0xx_hal_tim.o
                0x08003e44                HAL_TIM_IC_MspInit
 .text.HAL_TIM_PeriodElapsedCallback
                0x08003e48        0x4 ./Drivers/STM32G0xx_HAL_Driver/Src/stm32g0xx_hal_tim.o
                0x08003e48                HAL_TIM_PeriodElapsedCallback
 .text.HAL_TIM_PeriodElapsedHalfCpltCallback
                0x08003e4c        0x4 ./Drivers/STM32G0xx_HAL_Driver/Src/stm32g0xx_hal_tim.o
                0x08003e4c                HAL_TIM_PeriodElapsedHalfCpltCallback
 .text.HAL_TIM_OC_DelayElapsedCallback
                0x08003e50        0x4 ./Drivers/STM32G0xx_HAL_Driver/Src/stm32g0xx_hal_tim.o
                0x08003e50                HAL_TIM_OC_DelayElapsedCallback
 .text.HAL_TIM_IC_CaptureCallback
                0x08003e54        0x4 ./Drivers/STM32G0xx_HAL_Driver/Src/stm32g0xx_hal_tim.o
                0x08003e54                HAL_TIM_IC_CaptureCallback
 .text.HAL_TIM_IC_CaptureHalfCpltCallback
                0x08003e58        0x4 ./Drivers/STM32G0xx_HAL_Driver/Src/stm32g0xx_hal_tim.o
                0x08003e58                HAL_TIM_IC_CaptureHalfCpltCallback
 .text.HAL_TIM_PWM_PulseFinishedCallback
                0x08003e5c        0x4 ./Drivers/STM32G0xx_HAL_Driver/Src/stm32g0xx_hal_tim.o
                0x08003e5c                HAL_TIM_PWM_PulseFinishedCallback
 .text.HAL_TIM_PWM_PulseFinishedHalfCpltCallback
                0x08003e60        0x4 ./Drivers/STM32G0xx_HAL_Driver/Src/stm32g0xx_hal_tim.o
                0x08003e60                HAL_TIM_PWM_PulseFinishedHalfCpltCallback
 .text.HAL_TIM_TriggerCallback
                0x08003e64        0x4 ./Drivers/STM32G0xx_HAL_Driver/Src/stm32g0xx_hal_tim.o
                0x08003e64                HAL_TIM_TriggerCallback
 .text.HAL_TIM_TriggerHalfCpltCallback
                0x08003e68        0x4 ./Drivers/STM32G0xx_HAL_Driver/Src/stm32g0xx_hal_tim.o
                0x08003e68                HAL_TIM_TriggerHalfCpltCallback
 .text.HAL_TIM_ErrorCallback
                0x08003e6c        0x4 ./Drivers/STM32G0xx_HAL_Driver/Src/stm32g0xx_hal_tim.o
                0x08003e6c                HAL_TIM_ErrorCallback
 .text.HAL_TIM_Base_Init
                0x08003e70      0x190 ./Drivers/STM32G0xx_HAL_Driver/Src/stm32g0xx_hal_tim.o
                0x08003e70                HAL_TIM_Base_Init
 .text.HAL_TIM_Base_Start
                0x08004000       0x5c ./Drivers/STM32G0xx_HAL_Driver/Src/stm32g0xx_hal_tim.o
                0x08004000                HAL_TIM_Base_Start
 .text.HAL_TIM_Base_Start_IT
                0x0800405c       0x64 ./Drivers/STM32G0xx_HAL_Driver/Src/stm32g0xx_hal_tim.o
                0x0800405c                HAL_TIM_Base_Start_IT
 .text.HAL_TIM_OC_Init
                0x080040c0      0x190 ./Drivers/STM32G0xx_HAL_Driver/Src/stm32g0xx_hal_tim.o
                0x080040c0                HAL_TIM_OC_Init
 .text.HAL_TIM_OC_Start_IT
                0x08004250      0x104 ./Drivers/STM32G0xx_HAL_Driver/Src/stm32g0xx_hal_tim.o
                0x08004250                HAL_TIM_OC_Start_IT
 .text.HAL_TIM_OC_Stop_IT
                0x08004354      0x100 ./Drivers/STM32G0xx_HAL_Driver/Src/stm32g0xx_hal_tim.o
                0x08004354                HAL_TIM_OC_Stop_IT
 .text.HAL_TIM_PWM_Init
                0x08004454      0x190 ./Drivers/STM32G0xx_HAL_Driver/Src/stm32g0xx_hal_tim.o
                0x08004454                HAL_TIM_PWM_Init
 .text.HAL_TIM_PWM_Start
                0x080045e4       0xd0 ./Drivers/STM32G0xx_HAL_Driver/Src/stm32g0xx_hal_tim.o
                0x080045e4                HAL_TIM_PWM_Start
 .text.HAL_TIM_IC_Init
                0x080046b4      0x190 ./Drivers/STM32G0xx_HAL_Driver/Src/stm32g0xx_hal_tim.o
                0x080046b4                HAL_TIM_IC_Init
 .text.HAL_TIM_IC_Start_IT
                0x08004844      0x168 ./Drivers/STM32G0xx_HAL_Driver/Src/stm32g0xx_hal_tim.o
                0x08004844                HAL_TIM_IC_Start_IT
 .text.HAL_TIM_IRQHandler
                0x080049ac      0x1b4 ./Drivers/STM32G0xx_HAL_Driver/Src/stm32g0xx_hal_tim.o
                0x080049ac                HAL_TIM_IRQHandler
 .text.HAL_TIM_OC_ConfigChannel
                0x08004b60      0x2a4 ./Drivers/STM32G0xx_HAL_Driver/Src/stm32g0xx_hal_tim.o
                0x08004b60                HAL_TIM_OC_ConfigChannel
 .text.HAL_TIM_IC_ConfigChannel
                0x08004e04      0x1bc ./Drivers/STM32G0xx_HAL_Driver/Src/stm32g0xx_hal_tim.o
                0x08004e04                HAL_TIM_IC_ConfigChannel
 .text.HAL_TIM_PWM_ConfigChannel
                0x08004fc0      0x348 ./Drivers/STM32G0xx_HAL_Driver/Src/stm32g0xx_hal_tim.o
                0x08004fc0                HAL_TIM_PWM_ConfigChannel
 .text.HAL_TIM_ConfigClockSource
                0x08005308      0x170 ./Drivers/STM32G0xx_HAL_Driver/Src/stm32g0xx_hal_tim.o
                0x08005308                HAL_TIM_ConfigClockSource
 .text.HAL_TIM_ReadCapturedValue
                0x08005478       0x30 ./Drivers/STM32G0xx_HAL_Driver/Src/stm32g0xx_hal_tim.o
                0x08005478                HAL_TIM_ReadCapturedValue
 .text.HAL_TIM_RegisterCallback
                0x080054a8      0x104 ./Drivers/STM32G0xx_HAL_Driver/Src/stm32g0xx_hal_tim.o
                0x080054a8                HAL_TIM_RegisterCallback
 .text.HAL_TIMEx_MasterConfigSynchronization
                0x080055ac       0x70 ./Drivers/STM32G0xx_HAL_Driver/Src/stm32g0xx_hal_tim_ex.o
                0x080055ac                HAL_TIMEx_MasterConfigSynchronization
 .text.HAL_TIMEx_ConfigBreakDeadTime
                0x0800561c       0xc0 ./Drivers/STM32G0xx_HAL_Driver/Src/stm32g0xx_hal_tim_ex.o
                0x0800561c                HAL_TIMEx_ConfigBreakDeadTime
 .text.HAL_TIMEx_CommutCallback
                0x080056dc        0x4 ./Drivers/STM32G0xx_HAL_Driver/Src/stm32g0xx_hal_tim_ex.o
                0x080056dc                HAL_TIMEx_CommutCallback
 .text.HAL_TIMEx_CommutHalfCpltCallback
                0x080056e0        0x4 ./Drivers/STM32G0xx_HAL_Driver/Src/stm32g0xx_hal_tim_ex.o
                0x080056e0                HAL_TIMEx_CommutHalfCpltCallback
 .text.HAL_TIMEx_BreakCallback
                0x080056e4        0x4 ./Drivers/STM32G0xx_HAL_Driver/Src/stm32g0xx_hal_tim_ex.o
                0x080056e4                HAL_TIMEx_BreakCallback
 .text.HAL_TIMEx_Break2Callback
                0x080056e8        0x4 ./Drivers/STM32G0xx_HAL_Driver/Src/stm32g0xx_hal_tim_ex.o
                0x080056e8                HAL_TIMEx_Break2Callback
 .text.HAL_UARTEx_RxEventCallback
                0x080056ec        0x4 ./Drivers/STM32G0xx_HAL_Driver/Src/stm32g0xx_hal_uart.o
                0x080056ec                HAL_UARTEx_RxEventCallback
 .text.UART_DMAReceiveCplt
                0x080056f0       0xa0 ./Drivers/STM32G0xx_HAL_Driver/Src/stm32g0xx_hal_uart.o
 .text.UART_DMARxHalfCplt
                0x08005790       0x24 ./Drivers/STM32G0xx_HAL_Driver/Src/stm32g0xx_hal_uart.o
 .text.UART_DMAAbortOnError
                0x080057b4       0x18 ./Drivers/STM32G0xx_HAL_Driver/Src/stm32g0xx_hal_uart.o
 .text.HAL_UART_AbortReceiveCpltCallback
                0x080057cc        0x4 ./Drivers/STM32G0xx_HAL_Driver/Src/stm32g0xx_hal_uart.o
                0x080057cc                HAL_UART_AbortReceiveCpltCallback
 .text.HAL_UART_TxCpltCallback
                0x080057d0        0x4 ./Drivers/STM32G0xx_HAL_Driver/Src/stm32g0xx_hal_uart.o
                0x080057d0                HAL_UART_TxCpltCallback
 .text.HAL_UART_TxHalfCpltCallback
                0x080057d4        0x4 ./Drivers/STM32G0xx_HAL_Driver/Src/stm32g0xx_hal_uart.o
                0x080057d4                HAL_UART_TxHalfCpltCallback
 .text.HAL_UART_RxCpltCallback
                0x080057d8        0x4 ./Drivers/STM32G0xx_HAL_Driver/Src/stm32g0xx_hal_uart.o
                0x080057d8                HAL_UART_RxCpltCallback
 .text.HAL_UART_RxHalfCpltCallback
                0x080057dc        0x4 ./Drivers/STM32G0xx_HAL_Driver/Src/stm32g0xx_hal_uart.o
                0x080057dc                HAL_UART_RxHalfCpltCallback
 .text.HAL_UART_ErrorCallback
                0x080057e0        0x4 ./Drivers/STM32G0xx_HAL_Driver/Src/stm32g0xx_hal_uart.o
                0x080057e0                HAL_UART_ErrorCallback
 .text.HAL_UART_AbortCpltCallback
                0x080057e4        0x4 ./Drivers/STM32G0xx_HAL_Driver/Src/stm32g0xx_hal_uart.o
                0x080057e4                HAL_UART_AbortCpltCallback
 .text.HAL_UART_AbortTransmitCpltCallback
                0x080057e8        0x4 ./Drivers/STM32G0xx_HAL_Driver/Src/stm32g0xx_hal_uart.o
                0x080057e8                HAL_UART_AbortTransmitCpltCallback
 .text.UART_DMAError
                0x080057ec       0xdc ./Drivers/STM32G0xx_HAL_Driver/Src/stm32g0xx_hal_uart.o
 .text.HAL_UART_RegisterCallback
                0x080058c8       0xa4 ./Drivers/STM32G0xx_HAL_Driver/Src/stm32g0xx_hal_uart.o
                0x080058c8                HAL_UART_RegisterCallback
 .text.HAL_UART_Receive_DMA
                0x0800596c      0x100 ./Drivers/STM32G0xx_HAL_Driver/Src/stm32g0xx_hal_uart.o
                0x0800596c                HAL_UART_Receive_DMA
 .text.HAL_UART_IRQHandler
                0x08005a6c      0x3cc ./Drivers/STM32G0xx_HAL_Driver/Src/stm32g0xx_hal_uart.o
                0x08005a6c                HAL_UART_IRQHandler
 .text.UART_AdvFeatureConfig
                0x08005e38       0xd0 ./Drivers/STM32G0xx_HAL_Driver/Src/stm32g0xx_hal_uart.o
                0x08005e38                UART_AdvFeatureConfig
 .text.UART_CheckIdleState
                0x08005f08      0x2ac ./Drivers/STM32G0xx_HAL_Driver/Src/stm32g0xx_hal_uart.o
                0x08005f08                UART_CheckIdleState
 .text.HAL_UART_Init
                0x080061b4      0x324 ./Drivers/STM32G0xx_HAL_Driver/Src/stm32g0xx_hal_uart.o
                0x080061b4                HAL_UART_Init
 .text.HAL_UARTEx_WakeupCallback
                0x080064d8        0x4 ./Drivers/STM32G0xx_HAL_Driver/Src/stm32g0xx_hal_uart_ex.o
                0x080064d8                HAL_UARTEx_WakeupCallback
 .text.HAL_UARTEx_RxFifoFullCallback
                0x080064dc        0x4 ./Drivers/STM32G0xx_HAL_Driver/Src/stm32g0xx_hal_uart_ex.o
                0x080064dc                HAL_UARTEx_RxFifoFullCallback
 .text.HAL_UARTEx_TxFifoEmptyCallback
                0x080064e0        0x4 ./Drivers/STM32G0xx_HAL_Driver/Src/stm32g0xx_hal_uart_ex.o
                0x080064e0                HAL_UARTEx_TxFifoEmptyCallback
 .text.memset   0x080064e4       0x10 C:/ST/STM32CubeIDE_1.16.1/STM32CubeIDE/plugins/com.st.stm32cube.ide.mcu.externaltools.gnu-tools-for-stm32.12.3.rel1.win32_1.1.0.202410251130/tools/bin/../lib/gcc/arm-none-eabi/12.3.1/../../../../arm-none-eabi/lib/thumb/v6-m/nofp\libc_nano.a(libc_a-memset.o)
                0x080064e4                memset
 .text.__libc_init_array
                0x080064f4       0x48 C:/ST/STM32CubeIDE_1.16.1/STM32CubeIDE/plugins/com.st.stm32cube.ide.mcu.externaltools.gnu-tools-for-stm32.12.3.rel1.win32_1.1.0.202410251130/tools/bin/../lib/gcc/arm-none-eabi/12.3.1/../../../../arm-none-eabi/lib/thumb/v6-m/nofp\libc_nano.a(libc_a-init.o)
                0x080064f4                __libc_init_array
 *(.glue_7)
 .glue_7        0x0800653c        0x0 linker stubs
 *(.glue_7t)
 .glue_7t       0x0800653c        0x0 linker stubs
 *(.eh_frame)
 .eh_frame      0x0800653c        0x0 C:/ST/STM32CubeIDE_1.16.1/STM32CubeIDE/plugins/com.st.stm32cube.ide.mcu.externaltools.gnu-tools-for-stm32.12.3.rel1.win32_1.1.0.202410251130/tools/bin/../lib/gcc/arm-none-eabi/12.3.1/thumb/v6-m/nofp/crtbegin.o
 *(.init)
 .init          0x0800653c        0x4 C:/ST/STM32CubeIDE_1.16.1/STM32CubeIDE/plugins/com.st.stm32cube.ide.mcu.externaltools.gnu-tools-for-stm32.12.3.rel1.win32_1.1.0.202410251130/tools/bin/../lib/gcc/arm-none-eabi/12.3.1/thumb/v6-m/nofp/crti.o
                0x0800653c                _init
 .init          0x08006540        0x8 C:/ST/STM32CubeIDE_1.16.1/STM32CubeIDE/plugins/com.st.stm32cube.ide.mcu.externaltools.gnu-tools-for-stm32.12.3.rel1.win32_1.1.0.202410251130/tools/bin/../lib/gcc/arm-none-eabi/12.3.1/thumb/v6-m/nofp/crtn.o
 *(.fini)
 .fini          0x08006548        0x4 C:/ST/STM32CubeIDE_1.16.1/STM32CubeIDE/plugins/com.st.stm32cube.ide.mcu.externaltools.gnu-tools-for-stm32.12.3.rel1.win32_1.1.0.202410251130/tools/bin/../lib/gcc/arm-none-eabi/12.3.1/thumb/v6-m/nofp/crti.o
                0x08006548                _fini
 .fini          0x0800654c        0x8 C:/ST/STM32CubeIDE_1.16.1/STM32CubeIDE/plugins/com.st.stm32cube.ide.mcu.externaltools.gnu-tools-for-stm32.12.3.rel1.win32_1.1.0.202410251130/tools/bin/../lib/gcc/arm-none-eabi/12.3.1/thumb/v6-m/nofp/crtn.o
                0x08006554                        . = ALIGN (0x4)
                0x08006554                        _etext = .

.vfp11_veneer   0x08006554        0x0
 .vfp11_veneer  0x08006554        0x0 linker stubs

.v4_bx          0x08006554        0x0
 .v4_bx         0x08006554        0x0 linker stubs

.iplt           0x08006554        0x0
 .iplt          0x08006554        0x0 C:/ST/STM32CubeIDE_1.16.1/STM32CubeIDE/plugins/com.st.stm32cube.ide.mcu.externaltools.gnu-tools-for-stm32.12.3.rel1.win32_1.1.0.202410251130/tools/bin/../lib/gcc/arm-none-eabi/12.3.1/thumb/v6-m/nofp/crtbegin.o

.rodata         0x08006554      0xb50
                0x08006554                        . = ALIGN (0x4)
 *(.rodata)
 *(.rodata*)
 .rodata.num_ADC_conversions
                0x08006554        0x1 ./Core/Src/oscillator.o
                0x08006554                num_ADC_conversions
 *fill*         0x08006555        0x3 
 .rodata.tri_wavetable
                0x08006558      0x400 ./Core/Src/oscillator.o
                0x08006558                tri_wavetable
 .rodata.sine_wavetable
                0x08006958      0x400 ./Core/Src/oscillator.o
                0x08006958                sine_wavetable
 .rodata.APBPrescTable
                0x08006d58       0x20 ./Core/Src/system_stm32g0xx.o
                0x08006d58                APBPrescTable
 .rodata.AHBPrescTable
                0x08006d78       0x40 ./Core/Src/system_stm32g0xx.o
                0x08006d78                AHBPrescTable
 .rodata.HAL_ADC_RegisterCallback
                0x08006db8       0x2c ./Drivers/STM32G0xx_HAL_Driver/Src/stm32g0xx_hal_adc.o
 .rodata.HAL_LPTIM_RegisterCallback
                0x08006de4       0x24 ./Drivers/STM32G0xx_HAL_Driver/Src/stm32g0xx_hal_lptim.o
 .rodata.HAL_TIM_OC_Start_IT
                0x08006e08       0x44 ./Drivers/STM32G0xx_HAL_Driver/Src/stm32g0xx_hal_tim.o
 .rodata.HAL_TIM_PWM_Start
                0x08006e4c       0x44 ./Drivers/STM32G0xx_HAL_Driver/Src/stm32g0xx_hal_tim.o
 .rodata.HAL_TIM_IC_Start_IT
                0x08006e90       0x78 ./Drivers/STM32G0xx_HAL_Driver/Src/stm32g0xx_hal_tim.o
 .rodata.HAL_TIM_OC_ConfigChannel
                0x08006f08       0x54 ./Drivers/STM32G0xx_HAL_Driver/Src/stm32g0xx_hal_tim.o
 .rodata.HAL_TIM_PWM_ConfigChannel
                0x08006f5c       0x54 ./Drivers/STM32G0xx_HAL_Driver/Src/stm32g0xx_hal_tim.o
 .rodata.HAL_TIM_RegisterCallback
                0x08006fb0       0xa8 ./Drivers/STM32G0xx_HAL_Driver/Src/stm32g0xx_hal_tim.o
 .rodata.HAL_UART_RegisterCallback
                0x08007058       0x34 ./Drivers/STM32G0xx_HAL_Driver/Src/stm32g0xx_hal_uart.o
 .rodata.UARTPrescTable
                0x0800708c       0x18 ./Drivers/STM32G0xx_HAL_Driver/Src/stm32g0xx_hal_uart.o
                0x0800708c                UARTPrescTable
                0x080070a4                        . = ALIGN (0x4)

.ARM.extab      0x080070a4        0x0
                0x080070a4                        . = ALIGN (0x4)
 *(.ARM.extab* .gnu.linkonce.armextab.*)
                0x080070a4                        . = ALIGN (0x4)

.ARM            0x080070a4        0x8
                0x080070a4                        . = ALIGN (0x4)
                0x080070a4                        __exidx_start = .
 *(.ARM.exidx*)
 .ARM.exidx     0x080070a4        0x8 C:/ST/STM32CubeIDE_1.16.1/STM32CubeIDE/plugins/com.st.stm32cube.ide.mcu.externaltools.gnu-tools-for-stm32.12.3.rel1.win32_1.1.0.202410251130/tools/bin/../lib/gcc/arm-none-eabi/12.3.1/thumb/v6-m/nofp\libgcc.a(_udivmoddi4.o)
                0x080070ac                        __exidx_end = .
                0x080070ac                        . = ALIGN (0x4)

.preinit_array  0x080070ac        0x0
                0x080070ac                        . = ALIGN (0x4)
                0x080070ac                        PROVIDE (__preinit_array_start = .)
 *(.preinit_array*)
                0x080070ac                        PROVIDE (__preinit_array_end = .)
                0x080070ac                        . = ALIGN (0x4)

.init_array     0x080070ac        0x4
                0x080070ac                        . = ALIGN (0x4)
                0x080070ac                        PROVIDE (__init_array_start = .)
 *(SORT_BY_NAME(.init_array.*))
 *(.init_array*)
 .init_array    0x080070ac        0x4 C:/ST/STM32CubeIDE_1.16.1/STM32CubeIDE/plugins/com.st.stm32cube.ide.mcu.externaltools.gnu-tools-for-stm32.12.3.rel1.win32_1.1.0.202410251130/tools/bin/../lib/gcc/arm-none-eabi/12.3.1/thumb/v6-m/nofp/crtbegin.o
                0x080070b0                        PROVIDE (__init_array_end = .)
                0x080070b0                        . = ALIGN (0x4)

.fini_array     0x080070b0        0x4
                0x080070b0                        . = ALIGN (0x4)
                [!provide]                        PROVIDE (__fini_array_start = .)
 *(SORT_BY_NAME(.fini_array.*))
 *(.fini_array*)
 .fini_array    0x080070b0        0x4 C:/ST/STM32CubeIDE_1.16.1/STM32CubeIDE/plugins/com.st.stm32cube.ide.mcu.externaltools.gnu-tools-for-stm32.12.3.rel1.win32_1.1.0.202410251130/tools/bin/../lib/gcc/arm-none-eabi/12.3.1/thumb/v6-m/nofp/crtbegin.o
                [!provide]                        PROVIDE (__fini_array_end = .)
                0x080070b4                        . = ALIGN (0x4)
                0x080070b4                        _sidata = LOADADDR (.data)

.rel.dyn        0x080070b4        0x0
 .rel.iplt      0x080070b4        0x0 C:/ST/STM32CubeIDE_1.16.1/STM32CubeIDE/plugins/com.st.stm32cube.ide.mcu.externaltools.gnu-tools-for-stm32.12.3.rel1.win32_1.1.0.202410251130/tools/bin/../lib/gcc/arm-none-eabi/12.3.1/thumb/v6-m/nofp/crtbegin.o

.data           0x20000000      0x418 load address 0x080070b4
                0x20000000                        . = ALIGN (0x4)
                0x20000000                        _sdata = .
 *(.data)
 *(.data*)
 .data.UART_DMA_TX_is_complete
                0x20000000        0x1 ./Core/Src/UART.o
                0x20000000                UART_DMA_TX_is_complete
 .data.tap_tempo_switch_state_counter
                0x20000001        0x1 ./Core/Src/checking_functions.o
                0x20000001                tap_tempo_switch_state_counter
 *fill*         0x20000002        0x2 
 .data.delay_line
                0x20000004      0x408 ./Core/Src/oscillator.o
                0x20000004                delay_line
 .data.SystemCoreClock
                0x2000040c        0x4 ./Core/Src/system_stm32g0xx.o
                0x2000040c                SystemCoreClock
 .data.uwTickFreq
                0x20000410        0x1 ./Drivers/STM32G0xx_HAL_Driver/Src/stm32g0xx_hal.o
                0x20000410                uwTickFreq
 *fill*         0x20000411        0x3 
 .data.uwTickPrio
                0x20000414        0x4 ./Drivers/STM32G0xx_HAL_Driver/Src/stm32g0xx_hal.o
                0x20000414                uwTickPrio
 *(.RamFunc)
 *(.RamFunc*)
                0x20000418                        . = ALIGN (0x4)
                0x20000418                        _edata = .

.igot.plt       0x20000418        0x0 load address 0x080074cc
 .igot.plt      0x20000418        0x0 C:/ST/STM32CubeIDE_1.16.1/STM32CubeIDE/plugins/com.st.stm32cube.ide.mcu.externaltools.gnu-tools-for-stm32.12.3.rel1.win32_1.1.0.202410251130/tools/bin/../lib/gcc/arm-none-eabi/12.3.1/thumb/v6-m/nofp/crtbegin.o
                0x20000418                        . = ALIGN (0x4)

.bss            0x20000418      0x700 load address 0x080074cc
                0x20000418                        _sbss = .
                0x20000418                        __bss_start__ = _sbss
 *(.bss)
 .bss           0x20000418       0x1c C:/ST/STM32CubeIDE_1.16.1/STM32CubeIDE/plugins/com.st.stm32cube.ide.mcu.externaltools.gnu-tools-for-stm32.12.3.rel1.win32_1.1.0.202410251130/tools/bin/../lib/gcc/arm-none-eabi/12.3.1/thumb/v6-m/nofp/crtbegin.o
 *(.bss*)
 .bss.rx_buffer
                0x20000434        0x1 ./Core/Src/UART.o
                0x20000434                rx_buffer
 .bss.extend_rising_edge.0
                0x20000435        0x1 ./Core/Src/checking_functions.o
 .bss.second_speed_measurement.1
                0x20000436        0x2 ./Core/Src/checking_functions.o
 .bss.first_speed_measurement.2
                0x20000438        0x2 ./Core/Src/checking_functions.o
 .bss.speed_pot_adc_measurement_num
                0x2000043a        0x1 ./Core/Src/checking_functions.o
                0x2000043a                speed_pot_adc_measurement_num
 .bss.tap_tempo_mode_is_active
                0x2000043b        0x1 ./Core/Src/checking_functions.o
                0x2000043b                tap_tempo_mode_is_active
 .bss.external_clock_mode_is_active
                0x2000043c        0x1 ./Core/Src/checking_functions.o
                0x2000043c                external_clock_mode_is_active
 .bss.tap_tempo_switch_state
                0x2000043d        0x1 ./Core/Src/checking_functions.o
                0x2000043d                tap_tempo_switch_state
 *fill*         0x2000043e        0x2 
 .bss.hlptim1   0x20000440       0x5c ./Core/Src/config.o
                0x20000440                hlptim1
 .bss.hdma_usart2_tx
                0x2000049c       0x5c ./Core/Src/config.o
                0x2000049c                hdma_usart2_tx
 .bss.hdma_usart2_rx
                0x200004f8       0x5c ./Core/Src/config.o
                0x200004f8                hdma_usart2_rx
 .bss.huart2    0x20000554       0xcc ./Core/Src/config.o
                0x20000554                huart2
 .bss.htim17    0x20000620       0xbc ./Core/Src/config.o
                0x20000620                htim17
 .bss.htim1     0x200006dc       0xbc ./Core/Src/config.o
                0x200006dc                htim1
 .bss.htim3     0x20000798       0xbc ./Core/Src/config.o
                0x20000798                htim3
 .bss.htim2     0x20000854       0xbc ./Core/Src/config.o
                0x20000854                htim2
 .bss.htim16    0x20000910       0xbc ./Core/Src/config.o
                0x20000910                htim16
 .bss.hdma_adc1
                0x200009cc       0x5c ./Core/Src/config.o
                0x200009cc                hdma_adc1
 .bss.hadc1     0x20000a28       0x88 ./Core/Src/config.o
                0x20000a28                hadc1
 .bss.interrupt_period
                0x20000ab0        0x2 ./Core/Src/input_capture.o
                0x20000ab0                interrupt_period
 .bss.input_capture_processing_can_be_started
                0x20000ab2        0x1 ./Core/Src/input_capture.o
                0x20000ab2                input_capture_processing_can_be_started
 .bss.input_capture_measurement_reelapse_is_ongoing
                0x20000ab3        0x1 ./Core/Src/input_capture.o
                0x20000ab3                input_capture_measurement_reelapse_is_ongoing
 .bss.input_capture_measurement_is_ongoing
                0x20000ab4        0x1 ./Core/Src/input_capture.o
                0x20000ab4                input_capture_measurement_is_ongoing
 *fill*         0x20000ab5        0x3 
 .bss.TIM2_ch1_input_capture_value
                0x20000ab8        0x4 ./Core/Src/input_capture.o
                0x20000ab8                TIM2_ch1_input_capture_value
 .bss.input_capture_event
                0x20000abc        0x1 ./Core/Src/input_capture.o
                0x20000abc                input_capture_event
 *fill*         0x20000abd        0x3 
 .bss.params_to_be_loaded
                0x20000ac0       0x22 ./Core/Src/oscillator.o
                0x20000ac0                params_to_be_loaded
 *fill*         0x20000ae2        0x2 
 .bss.params    0x20000ae4       0x22 ./Core/Src/oscillator.o
                0x20000ae4                params
 .bss.initial_ADC_conversion_complete
                0x20000b06        0x1 ./Core/Src/oscillator.o
                0x20000b06                initial_ADC_conversion_complete
 *fill*         0x20000b07        0x1 
 .bss.ADCResultsDMA
                0x20000b08        0xa ./Core/Src/oscillator.o
                0x20000b08                ADCResultsDMA
 *fill*         0x20000b12        0x2 
 .bss.uwTick    0x20000b14        0x4 ./Drivers/STM32G0xx_HAL_Driver/Src/stm32g0xx_hal.o
                0x20000b14                uwTick
 *(COMMON)
                0x20000b18                        . = ALIGN (0x4)
                0x20000b18                        _ebss = .
                0x20000b18                        __bss_end__ = _ebss

._user_heap_stack
                0x20000b18      0x600 load address 0x080074cc
                0x20000b18                        . = ALIGN (0x8)
                [!provide]                        PROVIDE (end = .)
                0x20000b18                        PROVIDE (_end = .)
                0x20000d18                        . = (. + _Min_Heap_Size)
 *fill*         0x20000b18      0x200 
                0x20001118                        . = (. + _Min_Stack_Size)
 *fill*         0x20000d18      0x400 
                0x20001118                        . = ALIGN (0x8)

/DISCARD/
 libc.a(*)
 libm.a(*)
 libgcc.a(*)

.ARM.attributes
                0x00000000       0x28
 *(.ARM.attributes)
 .ARM.attributes
                0x00000000       0x1e C:/ST/STM32CubeIDE_1.16.1/STM32CubeIDE/plugins/com.st.stm32cube.ide.mcu.externaltools.gnu-tools-for-stm32.12.3.rel1.win32_1.1.0.202410251130/tools/bin/../lib/gcc/arm-none-eabi/12.3.1/thumb/v6-m/nofp/crti.o
 .ARM.attributes
                0x0000001e       0x2c C:/ST/STM32CubeIDE_1.16.1/STM32CubeIDE/plugins/com.st.stm32cube.ide.mcu.externaltools.gnu-tools-for-stm32.12.3.rel1.win32_1.1.0.202410251130/tools/bin/../lib/gcc/arm-none-eabi/12.3.1/thumb/v6-m/nofp/crtbegin.o
 .ARM.attributes
                0x0000004a       0x28 ./Core/Src/UART.o
 .ARM.attributes
                0x00000072       0x28 ./Core/Src/checking_functions.o
 .ARM.attributes
                0x0000009a       0x28 ./Core/Src/config.o
 .ARM.attributes
                0x000000c2       0x28 ./Core/Src/custom_callbacks.o
 .ARM.attributes
                0x000000ea       0x28 ./Core/Src/input_capture.o
 .ARM.attributes
                0x00000112       0x28 ./Core/Src/main.o
 .ARM.attributes
                0x0000013a       0x28 ./Core/Src/oscillator.o
 .ARM.attributes
                0x00000162       0x28 ./Core/Src/startup.o
 .ARM.attributes
                0x0000018a       0x28 ./Core/Src/stm32g0xx_hal_msp.o
 .ARM.attributes
                0x000001b2       0x28 ./Core/Src/stm32g0xx_it.o
 .ARM.attributes
                0x000001da       0x28 ./Core/Src/symmetry_adjustment.o
 .ARM.attributes
                0x00000202       0x28 ./Core/Src/system_stm32g0xx.o
 .ARM.attributes
                0x0000022a       0x28 ./Core/Src/timers.o
 .ARM.attributes
                0x00000252       0x28 ./Core/Src/utility.o
 .ARM.attributes
                0x0000027a       0x22 ./Core/Startup/startup_stm32g031k8tx.o
 .ARM.attributes
                0x0000029c       0x28 ./Drivers/STM32G0xx_HAL_Driver/Src/stm32g0xx_hal.o
 .ARM.attributes
                0x000002c4       0x28 ./Drivers/STM32G0xx_HAL_Driver/Src/stm32g0xx_hal_adc.o
 .ARM.attributes
                0x000002ec       0x28 ./Drivers/STM32G0xx_HAL_Driver/Src/stm32g0xx_hal_adc_ex.o
 .ARM.attributes
                0x00000314       0x28 ./Drivers/STM32G0xx_HAL_Driver/Src/stm32g0xx_hal_cortex.o
 .ARM.attributes
                0x0000033c       0x28 ./Drivers/STM32G0xx_HAL_Driver/Src/stm32g0xx_hal_dma.o
 .ARM.attributes
                0x00000364       0x28 ./Drivers/STM32G0xx_HAL_Driver/Src/stm32g0xx_hal_gpio.o
 .ARM.attributes
                0x0000038c       0x28 ./Drivers/STM32G0xx_HAL_Driver/Src/stm32g0xx_hal_lptim.o
 .ARM.attributes
                0x000003b4       0x28 ./Drivers/STM32G0xx_HAL_Driver/Src/stm32g0xx_hal_pwr_ex.o
 .ARM.attributes
                0x000003dc       0x28 ./Drivers/STM32G0xx_HAL_Driver/Src/stm32g0xx_hal_rcc.o
 .ARM.attributes
                0x00000404       0x28 ./Drivers/STM32G0xx_HAL_Driver/Src/stm32g0xx_hal_rcc_ex.o
 .ARM.attributes
                0x0000042c       0x28 ./Drivers/STM32G0xx_HAL_Driver/Src/stm32g0xx_hal_tim.o
 .ARM.attributes
                0x00000454       0x28 ./Drivers/STM32G0xx_HAL_Driver/Src/stm32g0xx_hal_tim_ex.o
 .ARM.attributes
                0x0000047c       0x28 ./Drivers/STM32G0xx_HAL_Driver/Src/stm32g0xx_hal_uart.o
 .ARM.attributes
                0x000004a4       0x28 ./Drivers/STM32G0xx_HAL_Driver/Src/stm32g0xx_hal_uart_ex.o
 .ARM.attributes
                0x000004cc       0x2c C:/ST/STM32CubeIDE_1.16.1/STM32CubeIDE/plugins/com.st.stm32cube.ide.mcu.externaltools.gnu-tools-for-stm32.12.3.rel1.win32_1.1.0.202410251130/tools/bin/../lib/gcc/arm-none-eabi/12.3.1/../../../../arm-none-eabi/lib/thumb/v6-m/nofp\libc_nano.a(libc_a-memset.o)
 .ARM.attributes
                0x000004f8       0x2c C:/ST/STM32CubeIDE_1.16.1/STM32CubeIDE/plugins/com.st.stm32cube.ide.mcu.externaltools.gnu-tools-for-stm32.12.3.rel1.win32_1.1.0.202410251130/tools/bin/../lib/gcc/arm-none-eabi/12.3.1/../../../../arm-none-eabi/lib/thumb/v6-m/nofp\libc_nano.a(libc_a-init.o)
 .ARM.attributes
                0x00000524       0x1e C:/ST/STM32CubeIDE_1.16.1/STM32CubeIDE/plugins/com.st.stm32cube.ide.mcu.externaltools.gnu-tools-for-stm32.12.3.rel1.win32_1.1.0.202410251130/tools/bin/../lib/gcc/arm-none-eabi/12.3.1/thumb/v6-m/nofp\libgcc.a(_udivsi3.o)
 .ARM.attributes
                0x00000542       0x1e C:/ST/STM32CubeIDE_1.16.1/STM32CubeIDE/plugins/com.st.stm32cube.ide.mcu.externaltools.gnu-tools-for-stm32.12.3.rel1.win32_1.1.0.202410251130/tools/bin/../lib/gcc/arm-none-eabi/12.3.1/thumb/v6-m/nofp\libgcc.a(_dvmd_tls.o)
 .ARM.attributes
                0x00000560       0x1e C:/ST/STM32CubeIDE_1.16.1/STM32CubeIDE/plugins/com.st.stm32cube.ide.mcu.externaltools.gnu-tools-for-stm32.12.3.rel1.win32_1.1.0.202410251130/tools/bin/../lib/gcc/arm-none-eabi/12.3.1/thumb/v6-m/nofp\libgcc.a(_aeabi_uldivmod.o)
 .ARM.attributes
                0x0000057e       0x2c C:/ST/STM32CubeIDE_1.16.1/STM32CubeIDE/plugins/com.st.stm32cube.ide.mcu.externaltools.gnu-tools-for-stm32.12.3.rel1.win32_1.1.0.202410251130/tools/bin/../lib/gcc/arm-none-eabi/12.3.1/thumb/v6-m/nofp\libgcc.a(_udivmoddi4.o)
 .ARM.attributes
                0x000005aa       0x1e C:/ST/STM32CubeIDE_1.16.1/STM32CubeIDE/plugins/com.st.stm32cube.ide.mcu.externaltools.gnu-tools-for-stm32.12.3.rel1.win32_1.1.0.202410251130/tools/bin/../lib/gcc/arm-none-eabi/12.3.1/thumb/v6-m/nofp\libgcc.a(_clzdi2.o)
 .ARM.attributes
                0x000005c8       0x1e C:/ST/STM32CubeIDE_1.16.1/STM32CubeIDE/plugins/com.st.stm32cube.ide.mcu.externaltools.gnu-tools-for-stm32.12.3.rel1.win32_1.1.0.202410251130/tools/bin/../lib/gcc/arm-none-eabi/12.3.1/thumb/v6-m/nofp\libgcc.a(_clzsi2.o)
 .ARM.attributes
                0x000005e6       0x1e C:/ST/STM32CubeIDE_1.16.1/STM32CubeIDE/plugins/com.st.stm32cube.ide.mcu.externaltools.gnu-tools-for-stm32.12.3.rel1.win32_1.1.0.202410251130/tools/bin/../lib/gcc/arm-none-eabi/12.3.1/thumb/v6-m/nofp/crtn.o
OUTPUT(g031k8.elf elf32-littlearm)
LOAD linker stubs
LOAD C:/ST/STM32CubeIDE_1.16.1/STM32CubeIDE/plugins/com.st.stm32cube.ide.mcu.externaltools.gnu-tools-for-stm32.12.3.rel1.win32_1.1.0.202410251130/tools/bin/../lib/gcc/arm-none-eabi/12.3.1/../../../../arm-none-eabi/lib/thumb/v6-m/nofp\libc.a
LOAD C:/ST/STM32CubeIDE_1.16.1/STM32CubeIDE/plugins/com.st.stm32cube.ide.mcu.externaltools.gnu-tools-for-stm32.12.3.rel1.win32_1.1.0.202410251130/tools/bin/../lib/gcc/arm-none-eabi/12.3.1/../../../../arm-none-eabi/lib/thumb/v6-m/nofp\libm.a
LOAD C:/ST/STM32CubeIDE_1.16.1/STM32CubeIDE/plugins/com.st.stm32cube.ide.mcu.externaltools.gnu-tools-for-stm32.12.3.rel1.win32_1.1.0.202410251130/tools/bin/../lib/gcc/arm-none-eabi/12.3.1/thumb/v6-m/nofp\libgcc.a

.debug_info     0x00000000    0x28b75
 .debug_info    0x00000000      0x92c ./Core/Src/UART.o
 .debug_info    0x0000092c      0xcdd ./Core/Src/checking_functions.o
 .debug_info    0x00001609     0x3717 ./Core/Src/config.o
 .debug_info    0x00004d20     0x208a ./Core/Src/custom_callbacks.o
 .debug_info    0x00006daa      0xe0d ./Core/Src/input_capture.o
 .debug_info    0x00007bb7      0xb76 ./Core/Src/main.o
 .debug_info    0x0000872d      0xefd ./Core/Src/oscillator.o
 .debug_info    0x0000962a     0x10b6 ./Core/Src/startup.o
 .debug_info    0x0000a6e0     0x2047 ./Core/Src/stm32g0xx_hal_msp.o
 .debug_info    0x0000c727     0x13bf ./Core/Src/stm32g0xx_it.o
 .debug_info    0x0000dae6      0x53d ./Core/Src/symmetry_adjustment.o
 .debug_info    0x0000e023      0x34e ./Core/Src/system_stm32g0xx.o
 .debug_info    0x0000e371      0xa48 ./Core/Src/timers.o
 .debug_info    0x0000edb9      0x202 ./Core/Src/utility.o
 .debug_info    0x0000efbb       0x30 ./Core/Startup/startup_stm32g031k8tx.o
 .debug_info    0x0000efeb      0xb3c ./Drivers/STM32G0xx_HAL_Driver/Src/stm32g0xx_hal.o
 .debug_info    0x0000fb27     0x23a8 ./Drivers/STM32G0xx_HAL_Driver/Src/stm32g0xx_hal_adc.o
 .debug_info    0x00011ecf      0xd8e ./Drivers/STM32G0xx_HAL_Driver/Src/stm32g0xx_hal_adc_ex.o
 .debug_info    0x00012c5d      0xa40 ./Drivers/STM32G0xx_HAL_Driver/Src/stm32g0xx_hal_cortex.o
 .debug_info    0x0001369d      0xab0 ./Drivers/STM32G0xx_HAL_Driver/Src/stm32g0xx_hal_dma.o
 .debug_info    0x0001414d      0x5ef ./Drivers/STM32G0xx_HAL_Driver/Src/stm32g0xx_hal_gpio.o
 .debug_info    0x0001473c     0x1c86 ./Drivers/STM32G0xx_HAL_Driver/Src/stm32g0xx_hal_lptim.o
 .debug_info    0x000163c2      0x7ef ./Drivers/STM32G0xx_HAL_Driver/Src/stm32g0xx_hal_pwr_ex.o
 .debug_info    0x00016bb1      0xdc8 ./Drivers/STM32G0xx_HAL_Driver/Src/stm32g0xx_hal_rcc.o
 .debug_info    0x00017979      0x854 ./Drivers/STM32G0xx_HAL_Driver/Src/stm32g0xx_hal_rcc_ex.o
 .debug_info    0x000181cd     0x5491 ./Drivers/STM32G0xx_HAL_Driver/Src/stm32g0xx_hal_tim.o
 .debug_info    0x0001d65e     0x2151 ./Drivers/STM32G0xx_HAL_Driver/Src/stm32g0xx_hal_tim_ex.o
 .debug_info    0x0001f7af     0x7f18 ./Drivers/STM32G0xx_HAL_Driver/Src/stm32g0xx_hal_uart.o
 .debug_info    0x000276c7     0x14ae ./Drivers/STM32G0xx_HAL_Driver/Src/stm32g0xx_hal_uart_ex.o

.debug_abbrev   0x00000000     0x4d73
 .debug_abbrev  0x00000000      0x1b9 ./Core/Src/UART.o
 .debug_abbrev  0x000001b9      0x244 ./Core/Src/checking_functions.o
 .debug_abbrev  0x000003fd      0x37e ./Core/Src/config.o
 .debug_abbrev  0x0000077b      0x2a5 ./Core/Src/custom_callbacks.o
 .debug_abbrev  0x00000a20      0x318 ./Core/Src/input_capture.o
 .debug_abbrev  0x00000d38      0x211 ./Core/Src/main.o
 .debug_abbrev  0x00000f49      0x2d3 ./Core/Src/oscillator.o
 .debug_abbrev  0x0000121c      0x24b ./Core/Src/startup.o
 .debug_abbrev  0x00001467      0x2ae ./Core/Src/stm32g0xx_hal_msp.o
 .debug_abbrev  0x00001715      0x263 ./Core/Src/stm32g0xx_it.o
 .debug_abbrev  0x00001978      0x1b4 ./Core/Src/symmetry_adjustment.o
 .debug_abbrev  0x00001b2c      0x148 ./Core/Src/system_stm32g0xx.o
 .debug_abbrev  0x00001c74      0x21c ./Core/Src/timers.o
 .debug_abbrev  0x00001e90      0x137 ./Core/Src/utility.o
 .debug_abbrev  0x00001fc7       0x24 ./Core/Startup/startup_stm32g031k8tx.o
 .debug_abbrev  0x00001feb      0x341 ./Drivers/STM32G0xx_HAL_Driver/Src/stm32g0xx_hal.o
 .debug_abbrev  0x0000232c      0x370 ./Drivers/STM32G0xx_HAL_Driver/Src/stm32g0xx_hal_adc.o
 .debug_abbrev  0x0000269c      0x30f ./Drivers/STM32G0xx_HAL_Driver/Src/stm32g0xx_hal_adc_ex.o
 .debug_abbrev  0x000029ab      0x2dc ./Drivers/STM32G0xx_HAL_Driver/Src/stm32g0xx_hal_cortex.o
 .debug_abbrev  0x00002c87      0x28a ./Drivers/STM32G0xx_HAL_Driver/Src/stm32g0xx_hal_dma.o
 .debug_abbrev  0x00002f11      0x26c ./Drivers/STM32G0xx_HAL_Driver/Src/stm32g0xx_hal_gpio.o
 .debug_abbrev  0x0000317d      0x37c ./Drivers/STM32G0xx_HAL_Driver/Src/stm32g0xx_hal_lptim.o
 .debug_abbrev  0x000034f9      0x28a ./Drivers/STM32G0xx_HAL_Driver/Src/stm32g0xx_hal_pwr_ex.o
 .debug_abbrev  0x00003783      0x36b ./Drivers/STM32G0xx_HAL_Driver/Src/stm32g0xx_hal_rcc.o
 .debug_abbrev  0x00003aee      0x296 ./Drivers/STM32G0xx_HAL_Driver/Src/stm32g0xx_hal_rcc_ex.o
 .debug_abbrev  0x00003d84      0x3e7 ./Drivers/STM32G0xx_HAL_Driver/Src/stm32g0xx_hal_tim.o
 .debug_abbrev  0x0000416b      0x3f8 ./Drivers/STM32G0xx_HAL_Driver/Src/stm32g0xx_hal_tim_ex.o
 .debug_abbrev  0x00004563      0x4a2 ./Drivers/STM32G0xx_HAL_Driver/Src/stm32g0xx_hal_uart.o
 .debug_abbrev  0x00004a05      0x36e ./Drivers/STM32G0xx_HAL_Driver/Src/stm32g0xx_hal_uart_ex.o

.debug_aranges  0x00000000     0x1320
 .debug_aranges
                0x00000000       0x20 ./Core/Src/UART.o
 .debug_aranges
                0x00000020       0x28 ./Core/Src/checking_functions.o
 .debug_aranges
                0x00000048       0x88 ./Core/Src/config.o
 .debug_aranges
                0x000000d0       0x70 ./Core/Src/custom_callbacks.o
 .debug_aranges
                0x00000140       0x30 ./Core/Src/input_capture.o
 .debug_aranges
                0x00000170       0x20 ./Core/Src/main.o
 .debug_aranges
                0x00000190       0x50 ./Core/Src/oscillator.o
 .debug_aranges
                0x000001e0       0x20 ./Core/Src/startup.o
 .debug_aranges
                0x00000200       0x68 ./Core/Src/stm32g0xx_hal_msp.o
 .debug_aranges
                0x00000268       0x88 ./Core/Src/stm32g0xx_it.o
 .debug_aranges
                0x000002f0       0x28 ./Core/Src/symmetry_adjustment.o
 .debug_aranges
                0x00000318       0x28 ./Core/Src/system_stm32g0xx.o
 .debug_aranges
                0x00000340       0x28 ./Core/Src/timers.o
 .debug_aranges
                0x00000368       0x38 ./Core/Src/utility.o
 .debug_aranges
                0x000003a0       0x28 ./Core/Startup/startup_stm32g031k8tx.o
 .debug_aranges
                0x000003c8      0x128 ./Drivers/STM32G0xx_HAL_Driver/Src/stm32g0xx_hal.o
 .debug_aranges
                0x000004f0      0x108 ./Drivers/STM32G0xx_HAL_Driver/Src/stm32g0xx_hal_adc.o
 .debug_aranges
                0x000005f8       0x58 ./Drivers/STM32G0xx_HAL_Driver/Src/stm32g0xx_hal_adc_ex.o
 .debug_aranges
                0x00000650       0xa0 ./Drivers/STM32G0xx_HAL_Driver/Src/stm32g0xx_hal_cortex.o
 .debug_aranges
                0x000006f0       0x78 ./Drivers/STM32G0xx_HAL_Driver/Src/stm32g0xx_hal_dma.o
 .debug_aranges
                0x00000768       0x60 ./Drivers/STM32G0xx_HAL_Driver/Src/stm32g0xx_hal_gpio.o
 .debug_aranges
                0x000007c8      0x170 ./Drivers/STM32G0xx_HAL_Driver/Src/stm32g0xx_hal_lptim.o
 .debug_aranges
                0x00000938       0xf0 ./Drivers/STM32G0xx_HAL_Driver/Src/stm32g0xx_hal_pwr_ex.o
 .debug_aranges
                0x00000a28       0x98 ./Drivers/STM32G0xx_HAL_Driver/Src/stm32g0xx_hal_rcc.o
 .debug_aranges
                0x00000ac0       0x40 ./Drivers/STM32G0xx_HAL_Driver/Src/stm32g0xx_hal_rcc_ex.o
 .debug_aranges
                0x00000b00      0x398 ./Drivers/STM32G0xx_HAL_Driver/Src/stm32g0xx_hal_tim.o
 .debug_aranges
                0x00000e98      0x190 ./Drivers/STM32G0xx_HAL_Driver/Src/stm32g0xx_hal_tim_ex.o
 .debug_aranges
                0x00001028      0x260 ./Drivers/STM32G0xx_HAL_Driver/Src/stm32g0xx_hal_uart.o
 .debug_aranges
                0x00001288       0x98 ./Drivers/STM32G0xx_HAL_Driver/Src/stm32g0xx_hal_uart_ex.o

.debug_rnglists
                0x00000000     0x1b1c
 .debug_rnglists
                0x00000000       0x13 ./Core/Src/UART.o
 .debug_rnglists
                0x00000013       0x1a ./Core/Src/checking_functions.o
 .debug_rnglists
                0x0000002d       0xd6 ./Core/Src/config.o
 .debug_rnglists
                0x00000103       0x51 ./Core/Src/custom_callbacks.o
 .debug_rnglists
                0x00000154       0x2e ./Core/Src/input_capture.o
 .debug_rnglists
                0x00000182       0x13 ./Core/Src/main.o
 .debug_rnglists
                0x00000195       0x39 ./Core/Src/oscillator.o
 .debug_rnglists
                0x000001ce       0x14 ./Core/Src/startup.o
 .debug_rnglists
                0x000001e2      0x135 ./Core/Src/stm32g0xx_hal_msp.o
 .debug_rnglists
                0x00000317       0x61 ./Core/Src/stm32g0xx_it.o
 .debug_rnglists
                0x00000378       0x27 ./Core/Src/symmetry_adjustment.o
 .debug_rnglists
                0x0000039f       0x1a ./Core/Src/system_stm32g0xx.o
 .debug_rnglists
                0x000003b9       0x19 ./Core/Src/timers.o
 .debug_rnglists
                0x000003d2       0x34 ./Core/Src/utility.o
 .debug_rnglists
                0x00000406       0x19 ./Core/Startup/startup_stm32g031k8tx.o
 .debug_rnglists
                0x0000041f       0xd9 ./Drivers/STM32G0xx_HAL_Driver/Src/stm32g0xx_hal.o
 .debug_rnglists
                0x000004f8      0x26b ./Drivers/STM32G0xx_HAL_Driver/Src/stm32g0xx_hal_adc.o
 .debug_rnglists
                0x00000763       0xb9 ./Drivers/STM32G0xx_HAL_Driver/Src/stm32g0xx_hal_adc_ex.o
 .debug_rnglists
                0x0000081c       0x9d ./Drivers/STM32G0xx_HAL_Driver/Src/stm32g0xx_hal_cortex.o
 .debug_rnglists
                0x000008b9       0x9e ./Drivers/STM32G0xx_HAL_Driver/Src/stm32g0xx_hal_dma.o
 .debug_rnglists
                0x00000957       0x45 ./Drivers/STM32G0xx_HAL_Driver/Src/stm32g0xx_hal_gpio.o
 .debug_rnglists
                0x0000099c      0x256 ./Drivers/STM32G0xx_HAL_Driver/Src/stm32g0xx_hal_lptim.o
 .debug_rnglists
                0x00000bf2       0xb0 ./Drivers/STM32G0xx_HAL_Driver/Src/stm32g0xx_hal_pwr_ex.o
 .debug_rnglists
                0x00000ca2       0xb4 ./Drivers/STM32G0xx_HAL_Driver/Src/stm32g0xx_hal_rcc.o
 .debug_rnglists
                0x00000d56       0x71 ./Drivers/STM32G0xx_HAL_Driver/Src/stm32g0xx_hal_rcc_ex.o
 .debug_rnglists
                0x00000dc7      0x72a ./Drivers/STM32G0xx_HAL_Driver/Src/stm32g0xx_hal_tim.o
 .debug_rnglists
                0x000014f1      0x192 ./Drivers/STM32G0xx_HAL_Driver/Src/stm32g0xx_hal_tim_ex.o
 .debug_rnglists
                0x00001683      0x3f0 ./Drivers/STM32G0xx_HAL_Driver/Src/stm32g0xx_hal_uart.o
 .debug_rnglists
                0x00001a73       0xa9 ./Drivers/STM32G0xx_HAL_Driver/Src/stm32g0xx_hal_uart_ex.o

.debug_macro    0x00000000    0x1971f
 .debug_macro   0x00000000      0x23d ./Core/Src/UART.o
 .debug_macro   0x0000023d      0xaae ./Core/Src/UART.o
 .debug_macro   0x00000ceb       0x22 ./Core/Src/UART.o
 .debug_macro   0x00000d0d       0x8e ./Core/Src/UART.o
 .debug_macro   0x00000d9b       0x51 ./Core/Src/UART.o
 .debug_macro   0x00000dec      0x103 ./Core/Src/UART.o
 .debug_macro   0x00000eef       0x6a ./Core/Src/UART.o
 .debug_macro   0x00000f59      0x1df ./Core/Src/UART.o
 .debug_macro   0x00001138      0x12f ./Core/Src/UART.o
 .debug_macro   0x00001267       0x2e ./Core/Src/UART.o
 .debug_macro   0x00001295       0x28 ./Core/Src/UART.o
 .debug_macro   0x000012bd       0x1c ./Core/Src/UART.o
 .debug_macro   0x000012d9       0x22 ./Core/Src/UART.o
 .debug_macro   0x000012fb       0xd1 ./Core/Src/UART.o
 .debug_macro   0x000013cc      0x4da ./Core/Src/UART.o
 .debug_macro   0x000018a6      0x11f ./Core/Src/UART.o
 .debug_macro   0x000019c5     0xac2c ./Core/Src/UART.o
 .debug_macro   0x0000c5f1       0x66 ./Core/Src/UART.o
 .debug_macro   0x0000c657     0x350e ./Core/Src/UART.o
 .debug_macro   0x0000fb65      0x189 ./Core/Src/UART.o
 .debug_macro   0x0000fcee       0x5c ./Core/Src/UART.o
 .debug_macro   0x0000fd4a      0x518 ./Core/Src/UART.o
 .debug_macro   0x00010262      0xf70 ./Core/Src/UART.o
 .debug_macro   0x000111d2      0x1d8 ./Core/Src/UART.o
 .debug_macro   0x000113aa      0x1cf ./Core/Src/UART.o
 .debug_macro   0x00011579      0x122 ./Core/Src/UART.o
 .debug_macro   0x0001169b      0x390 ./Core/Src/UART.o
 .debug_macro   0x00011a2b      0x202 ./Core/Src/UART.o
 .debug_macro   0x00011c2d      0x2ff ./Core/Src/UART.o
 .debug_macro   0x00011f2c      0x1b2 ./Core/Src/UART.o
 .debug_macro   0x000120de       0x43 ./Core/Src/UART.o
 .debug_macro   0x00012121      0x1f1 ./Core/Src/UART.o
 .debug_macro   0x00012312      0x8a8 ./Core/Src/UART.o
 .debug_macro   0x00012bba      0x5bb ./Core/Src/UART.o
 .debug_macro   0x00013175       0x2e ./Core/Src/UART.o
 .debug_macro   0x000131a3      0x1d6 ./Core/Src/UART.o
 .debug_macro   0x00013379      0x38a ./Core/Src/UART.o
 .debug_macro   0x00013703       0x28 ./Core/Src/UART.o
 .debug_macro   0x0001372b       0xe4 ./Core/Src/UART.o
 .debug_macro   0x0001380f       0x85 ./Core/Src/UART.o
 .debug_macro   0x00013894      0x2bd ./Core/Src/UART.o
 .debug_macro   0x00013b51      0x10c ./Core/Src/UART.o
 .debug_macro   0x00013c5d      0x240 ./Core/Src/UART.o
 .debug_macro   0x00013e9d      0xac2 ./Core/Src/UART.o
 .debug_macro   0x0001495f      0x135 ./Core/Src/UART.o
 .debug_macro   0x00014a94      0x69a ./Core/Src/UART.o
 .debug_macro   0x0001512e       0xa6 ./Core/Src/UART.o
 .debug_macro   0x000151d4      0x49d ./Core/Src/UART.o
 .debug_macro   0x00015671       0xe8 ./Core/Src/UART.o
 .debug_macro   0x00015759       0x16 ./Core/Src/UART.o
 .debug_macro   0x0001576f      0x284 ./Core/Src/checking_functions.o
 .debug_macro   0x000159f3       0x28 ./Core/Src/checking_functions.o
 .debug_macro   0x00015a1b       0xe2 ./Core/Src/checking_functions.o
 .debug_macro   0x00015afd       0x46 ./Core/Src/checking_functions.o
 .debug_macro   0x00015b43      0x2aa ./Core/Src/config.o
 .debug_macro   0x00015ded      0x2a6 ./Core/Src/custom_callbacks.o
 .debug_macro   0x00016093      0x285 ./Core/Src/input_capture.o
 .debug_macro   0x00016318      0x2a3 ./Core/Src/main.o
 .debug_macro   0x000165bb      0x27b ./Core/Src/oscillator.o
 .debug_macro   0x00016836      0x285 ./Core/Src/startup.o
 .debug_macro   0x00016abb      0x22a ./Core/Src/stm32g0xx_hal_msp.o
 .debug_macro   0x00016ce5      0x289 ./Core/Src/stm32g0xx_it.o
 .debug_macro   0x00016f6e      0x27b ./Core/Src/symmetry_adjustment.o
 .debug_macro   0x000171e9      0x21b ./Core/Src/system_stm32g0xx.o
 .debug_macro   0x00017404      0x234 ./Core/Src/timers.o
 .debug_macro   0x00017638      0x233 ./Core/Src/utility.o
 .debug_macro   0x0001786b      0x23f ./Drivers/STM32G0xx_HAL_Driver/Src/stm32g0xx_hal.o
 .debug_macro   0x00017aaa      0x23f ./Drivers/STM32G0xx_HAL_Driver/Src/stm32g0xx_hal_adc.o
 .debug_macro   0x00017ce9      0x227 ./Drivers/STM32G0xx_HAL_Driver/Src/stm32g0xx_hal_adc_ex.o
 .debug_macro   0x00017f10      0x21b ./Drivers/STM32G0xx_HAL_Driver/Src/stm32g0xx_hal_cortex.o
 .debug_macro   0x0001812b      0x21b ./Drivers/STM32G0xx_HAL_Driver/Src/stm32g0xx_hal_dma.o
 .debug_macro   0x00018346      0x222 ./Drivers/STM32G0xx_HAL_Driver/Src/stm32g0xx_hal_gpio.o
 .debug_macro   0x00018568      0x231 ./Drivers/STM32G0xx_HAL_Driver/Src/stm32g0xx_hal_lptim.o
 .debug_macro   0x00018799      0x245 ./Drivers/STM32G0xx_HAL_Driver/Src/stm32g0xx_hal_pwr_ex.o
 .debug_macro   0x000189de      0x25d ./Drivers/STM32G0xx_HAL_Driver/Src/stm32g0xx_hal_rcc.o
 .debug_macro   0x00018c3b      0x233 ./Drivers/STM32G0xx_HAL_Driver/Src/stm32g0xx_hal_rcc_ex.o
 .debug_macro   0x00018e6e      0x223 ./Drivers/STM32G0xx_HAL_Driver/Src/stm32g0xx_hal_tim.o
 .debug_macro   0x00019091      0x221 ./Drivers/STM32G0xx_HAL_Driver/Src/stm32g0xx_hal_tim_ex.o
 .debug_macro   0x000192b2      0x246 ./Drivers/STM32G0xx_HAL_Driver/Src/stm32g0xx_hal_uart.o
 .debug_macro   0x000194f8      0x227 ./Drivers/STM32G0xx_HAL_Driver/Src/stm32g0xx_hal_uart_ex.o

.debug_line     0x00000000    0x2846f
 .debug_line    0x00000000      0x81a ./Core/Src/UART.o
 .debug_line    0x0000081a      0xa0a ./Core/Src/checking_functions.o
 .debug_line    0x00001224     0x1b30 ./Core/Src/config.o
 .debug_line    0x00002d54      0xc9f ./Core/Src/custom_callbacks.o
 .debug_line    0x000039f3      0x9e9 ./Core/Src/input_capture.o
 .debug_line    0x000043dc      0x8d7 ./Core/Src/main.o
 .debug_line    0x00004cb3      0xd0a ./Core/Src/oscillator.o
 .debug_line    0x000059bd      0x919 ./Core/Src/startup.o
 .debug_line    0x000062d6      0xdbe ./Core/Src/stm32g0xx_hal_msp.o
 .debug_line    0x00007094      0xa4c ./Core/Src/stm32g0xx_it.o
 .debug_line    0x00007ae0      0xd2f ./Core/Src/symmetry_adjustment.o
 .debug_line    0x0000880f      0x8dc ./Core/Src/system_stm32g0xx.o
 .debug_line    0x000090eb      0x84e ./Core/Src/timers.o
 .debug_line    0x00009939      0x8d4 ./Core/Src/utility.o
 .debug_line    0x0000a20d       0x7b ./Core/Startup/startup_stm32g031k8tx.o
 .debug_line    0x0000a288      0xd4c ./Drivers/STM32G0xx_HAL_Driver/Src/stm32g0xx_hal.o
 .debug_line    0x0000afd4     0x24ac ./Drivers/STM32G0xx_HAL_Driver/Src/stm32g0xx_hal_adc.o
 .debug_line    0x0000d480      0xd15 ./Drivers/STM32G0xx_HAL_Driver/Src/stm32g0xx_hal_adc_ex.o
 .debug_line    0x0000e195      0xd13 ./Drivers/STM32G0xx_HAL_Driver/Src/stm32g0xx_hal_cortex.o
 .debug_line    0x0000eea8     0x1359 ./Drivers/STM32G0xx_HAL_Driver/Src/stm32g0xx_hal_dma.o
 .debug_line    0x00010201      0xdc3 ./Drivers/STM32G0xx_HAL_Driver/Src/stm32g0xx_hal_gpio.o
 .debug_line    0x00010fc4     0x2194 ./Drivers/STM32G0xx_HAL_Driver/Src/stm32g0xx_hal_lptim.o
 .debug_line    0x00013158      0xd0c ./Drivers/STM32G0xx_HAL_Driver/Src/stm32g0xx_hal_pwr_ex.o
 .debug_line    0x00013e64     0x15b1 ./Drivers/STM32G0xx_HAL_Driver/Src/stm32g0xx_hal_rcc.o
 .debug_line    0x00015415      0xf40 ./Drivers/STM32G0xx_HAL_Driver/Src/stm32g0xx_hal_rcc_ex.o
 .debug_line    0x00016355     0x76a3 ./Drivers/STM32G0xx_HAL_Driver/Src/stm32g0xx_hal_tim.o
 .debug_line    0x0001d9f8     0x23a9 ./Drivers/STM32G0xx_HAL_Driver/Src/stm32g0xx_hal_tim_ex.o
 .debug_line    0x0001fda1     0x70f7 ./Drivers/STM32G0xx_HAL_Driver/Src/stm32g0xx_hal_uart.o
 .debug_line    0x00026e98     0x15d7 ./Drivers/STM32G0xx_HAL_Driver/Src/stm32g0xx_hal_uart_ex.o

.debug_str      0x00000000    0x9ea74
 .debug_str     0x00000000    0x974ff ./Core/Src/UART.o
                              0x97d15 (size before relaxing)
 .debug_str     0x000974ff      0xe38 ./Core/Src/checking_functions.o
                              0x9893e (size before relaxing)
 .debug_str     0x00098337     0x15d1 ./Core/Src/config.o
                              0x9a220 (size before relaxing)
 .debug_str     0x00099908      0x3f3 ./Core/Src/custom_callbacks.o
                              0x998b4 (size before relaxing)
 .debug_str     0x00099cfb       0xe4 ./Core/Src/input_capture.o
                              0x9893d (size before relaxing)
 .debug_str     0x00099ddf       0x9d ./Core/Src/main.o
                              0x987e0 (size before relaxing)
 .debug_str     0x00099e7c       0xe8 ./Core/Src/oscillator.o
                              0x98a05 (size before relaxing)
 .debug_str     0x00099f64       0x16 ./Core/Src/startup.o
                              0x98b70 (size before relaxing)
 .debug_str     0x00099f7a      0x202 ./Core/Src/stm32g0xx_hal_msp.o
                              0x98ce5 (size before relaxing)
 .debug_str     0x0009a17c      0x198 ./Core/Src/stm32g0xx_it.o
                              0x98ef9 (size before relaxing)
 .debug_str     0x0009a314      0x23d ./Core/Src/symmetry_adjustment.o
                              0x9807e (size before relaxing)
 .debug_str     0x0009a551       0x8e ./Core/Src/system_stm32g0xx.o
                              0x973ab (size before relaxing)
 .debug_str     0x0009a5df       0x4b ./Core/Src/timers.o
                              0x97f39 (size before relaxing)
 .debug_str     0x0009a62a       0x55 ./Core/Src/utility.o
                              0x976f4 (size before relaxing)
 .debug_str     0x0009a67f       0x44 ./Core/Startup/startup_stm32g031k8tx.o
                                 0x73 (size before relaxing)
 .debug_str     0x0009a6c3      0x571 ./Drivers/STM32G0xx_HAL_Driver/Src/stm32g0xx_hal.o
                              0x97b81 (size before relaxing)
 .debug_str     0x0009ac34      0x8d3 ./Drivers/STM32G0xx_HAL_Driver/Src/stm32g0xx_hal_adc.o
                              0x983be (size before relaxing)
 .debug_str     0x0009b507      0x1e2 ./Drivers/STM32G0xx_HAL_Driver/Src/stm32g0xx_hal_adc_ex.o
                              0x97c01 (size before relaxing)
 .debug_str     0x0009b6e9      0x28b ./Drivers/STM32G0xx_HAL_Driver/Src/stm32g0xx_hal_cortex.o
                              0x97827 (size before relaxing)
 .debug_str     0x0009b974      0x261 ./Drivers/STM32G0xx_HAL_Driver/Src/stm32g0xx_hal_dma.o
                              0x97845 (size before relaxing)
 .debug_str     0x0009bbd5       0xcd ./Drivers/STM32G0xx_HAL_Driver/Src/stm32g0xx_hal_gpio.o
                              0x974d2 (size before relaxing)
 .debug_str     0x0009bca2      0x588 ./Drivers/STM32G0xx_HAL_Driver/Src/stm32g0xx_hal_lptim.o
                              0x97e36 (size before relaxing)
 .debug_str     0x0009c22a      0x37b ./Drivers/STM32G0xx_HAL_Driver/Src/stm32g0xx_hal_pwr_ex.o
                              0x97824 (size before relaxing)
 .debug_str     0x0009c5a5      0x4ae ./Drivers/STM32G0xx_HAL_Driver/Src/stm32g0xx_hal_rcc.o
                              0x97b01 (size before relaxing)
 .debug_str     0x0009ca53      0x185 ./Drivers/STM32G0xx_HAL_Driver/Src/stm32g0xx_hal_rcc_ex.o
                              0x9773a (size before relaxing)
 .debug_str     0x0009cbd8      0xd1f ./Drivers/STM32G0xx_HAL_Driver/Src/stm32g0xx_hal_tim.o
                              0x98f76 (size before relaxing)
 .debug_str     0x0009d8f7      0x4a0 ./Drivers/STM32G0xx_HAL_Driver/Src/stm32g0xx_hal_tim_ex.o
                              0x984d8 (size before relaxing)
 .debug_str     0x0009dd97      0xa15 ./Drivers/STM32G0xx_HAL_Driver/Src/stm32g0xx_hal_uart.o
                              0x986f9 (size before relaxing)
 .debug_str     0x0009e7ac      0x2c8 ./Drivers/STM32G0xx_HAL_Driver/Src/stm32g0xx_hal_uart_ex.o
                              0x97d4f (size before relaxing)

.comment        0x00000000       0x43
 .comment       0x00000000       0x43 ./Core/Src/UART.o
                                 0x44 (size before relaxing)
 .comment       0x00000043       0x44 ./Core/Src/checking_functions.o
 .comment       0x00000043       0x44 ./Core/Src/config.o
 .comment       0x00000043       0x44 ./Core/Src/custom_callbacks.o
 .comment       0x00000043       0x44 ./Core/Src/input_capture.o
 .comment       0x00000043       0x44 ./Core/Src/main.o
 .comment       0x00000043       0x44 ./Core/Src/oscillator.o
 .comment       0x00000043       0x44 ./Core/Src/startup.o
 .comment       0x00000043       0x44 ./Core/Src/stm32g0xx_hal_msp.o
 .comment       0x00000043       0x44 ./Core/Src/stm32g0xx_it.o
 .comment       0x00000043       0x44 ./Core/Src/symmetry_adjustment.o
 .comment       0x00000043       0x44 ./Core/Src/system_stm32g0xx.o
 .comment       0x00000043       0x44 ./Core/Src/timers.o
 .comment       0x00000043       0x44 ./Core/Src/utility.o
 .comment       0x00000043       0x44 ./Drivers/STM32G0xx_HAL_Driver/Src/stm32g0xx_hal.o
 .comment       0x00000043       0x44 ./Drivers/STM32G0xx_HAL_Driver/Src/stm32g0xx_hal_adc.o
 .comment       0x00000043       0x44 ./Drivers/STM32G0xx_HAL_Driver/Src/stm32g0xx_hal_adc_ex.o
 .comment       0x00000043       0x44 ./Drivers/STM32G0xx_HAL_Driver/Src/stm32g0xx_hal_cortex.o
 .comment       0x00000043       0x44 ./Drivers/STM32G0xx_HAL_Driver/Src/stm32g0xx_hal_dma.o
 .comment       0x00000043       0x44 ./Drivers/STM32G0xx_HAL_Driver/Src/stm32g0xx_hal_gpio.o
 .comment       0x00000043       0x44 ./Drivers/STM32G0xx_HAL_Driver/Src/stm32g0xx_hal_lptim.o
 .comment       0x00000043       0x44 ./Drivers/STM32G0xx_HAL_Driver/Src/stm32g0xx_hal_pwr_ex.o
 .comment       0x00000043       0x44 ./Drivers/STM32G0xx_HAL_Driver/Src/stm32g0xx_hal_rcc.o
 .comment       0x00000043       0x44 ./Drivers/STM32G0xx_HAL_Driver/Src/stm32g0xx_hal_rcc_ex.o
 .comment       0x00000043       0x44 ./Drivers/STM32G0xx_HAL_Driver/Src/stm32g0xx_hal_tim.o
 .comment       0x00000043       0x44 ./Drivers/STM32G0xx_HAL_Driver/Src/stm32g0xx_hal_tim_ex.o
 .comment       0x00000043       0x44 ./Drivers/STM32G0xx_HAL_Driver/Src/stm32g0xx_hal_uart.o
 .comment       0x00000043       0x44 ./Drivers/STM32G0xx_HAL_Driver/Src/stm32g0xx_hal_uart_ex.o

.debug_frame    0x00000000     0x32ec
 .debug_frame   0x00000000       0x28 ./Core/Src/UART.o
 .debug_frame   0x00000028       0x40 ./Core/Src/checking_functions.o
 .debug_frame   0x00000068      0x190 ./Core/Src/config.o
 .debug_frame   0x000001f8      0x10c ./Core/Src/custom_callbacks.o
 .debug_frame   0x00000304       0x68 ./Core/Src/input_capture.o
 .debug_frame   0x0000036c       0x2c ./Core/Src/main.o
 .debug_frame   0x00000398       0xa4 ./Core/Src/oscillator.o
 .debug_frame   0x0000043c       0x2c ./Core/Src/startup.o
 .debug_frame   0x00000468      0x110 ./Core/Src/stm32g0xx_hal_msp.o
 .debug_frame   0x00000578      0x140 ./Core/Src/stm32g0xx_it.o
 .debug_frame   0x000006b8       0x48 ./Core/Src/symmetry_adjustment.o
 .debug_frame   0x00000700       0x38 ./Core/Src/system_stm32g0xx.o
 .debug_frame   0x00000738       0x40 ./Core/Src/timers.o
 .debug_frame   0x00000778       0x5c ./Core/Src/utility.o
 .debug_frame   0x000007d4      0x270 ./Drivers/STM32G0xx_HAL_Driver/Src/stm32g0xx_hal.o
 .debug_frame   0x00000a44      0x318 ./Drivers/STM32G0xx_HAL_Driver/Src/stm32g0xx_hal_adc.o
 .debug_frame   0x00000d5c       0xb8 ./Drivers/STM32G0xx_HAL_Driver/Src/stm32g0xx_hal_adc_ex.o
 .debug_frame   0x00000e14      0x130 ./Drivers/STM32G0xx_HAL_Driver/Src/stm32g0xx_hal_cortex.o
 .debug_frame   0x00000f44      0x168 ./Drivers/STM32G0xx_HAL_Driver/Src/stm32g0xx_hal_dma.o
 .debug_frame   0x000010ac       0xe4 ./Drivers/STM32G0xx_HAL_Driver/Src/stm32g0xx_hal_gpio.o
 .debug_frame   0x00001190      0x438 ./Drivers/STM32G0xx_HAL_Driver/Src/stm32g0xx_hal_lptim.o
 .debug_frame   0x000015c8      0x1e4 ./Drivers/STM32G0xx_HAL_Driver/Src/stm32g0xx_hal_pwr_ex.o
 .debug_frame   0x000017ac      0x184 ./Drivers/STM32G0xx_HAL_Driver/Src/stm32g0xx_hal_rcc.o
 .debug_frame   0x00001930       0xa8 ./Drivers/STM32G0xx_HAL_Driver/Src/stm32g0xx_hal_rcc_ex.o
 .debug_frame   0x000019d8      0xa80 ./Drivers/STM32G0xx_HAL_Driver/Src/stm32g0xx_hal_tim.o
 .debug_frame   0x00002458      0x4b4 ./Drivers/STM32G0xx_HAL_Driver/Src/stm32g0xx_hal_tim_ex.o
 .debug_frame   0x0000290c      0x770 ./Drivers/STM32G0xx_HAL_Driver/Src/stm32g0xx_hal_uart.o
 .debug_frame   0x0000307c      0x1c8 ./Drivers/STM32G0xx_HAL_Driver/Src/stm32g0xx_hal_uart_ex.o
 .debug_frame   0x00003244       0x20 C:/ST/STM32CubeIDE_1.16.1/STM32CubeIDE/plugins/com.st.stm32cube.ide.mcu.externaltools.gnu-tools-for-stm32.12.3.rel1.win32_1.1.0.202410251130/tools/bin/../lib/gcc/arm-none-eabi/12.3.1/../../../../arm-none-eabi/lib/thumb/v6-m/nofp\libc_nano.a(libc_a-memset.o)
 .debug_frame   0x00003264       0x2c C:/ST/STM32CubeIDE_1.16.1/STM32CubeIDE/plugins/com.st.stm32cube.ide.mcu.externaltools.gnu-tools-for-stm32.12.3.rel1.win32_1.1.0.202410251130/tools/bin/../lib/gcc/arm-none-eabi/12.3.1/../../../../arm-none-eabi/lib/thumb/v6-m/nofp\libc_nano.a(libc_a-init.o)
 .debug_frame   0x00003290       0x20 C:/ST/STM32CubeIDE_1.16.1/STM32CubeIDE/plugins/com.st.stm32cube.ide.mcu.externaltools.gnu-tools-for-stm32.12.3.rel1.win32_1.1.0.202410251130/tools/bin/../lib/gcc/arm-none-eabi/12.3.1/thumb/v6-m/nofp\libgcc.a(_udivsi3.o)
 .debug_frame   0x000032b0       0x3c C:/ST/STM32CubeIDE_1.16.1/STM32CubeIDE/plugins/com.st.stm32cube.ide.mcu.externaltools.gnu-tools-for-stm32.12.3.rel1.win32_1.1.0.202410251130/tools/bin/../lib/gcc/arm-none-eabi/12.3.1/thumb/v6-m/nofp\libgcc.a(_udivmoddi4.o)

.debug_loclists
                0x00000000     0xf15b
 .debug_loclists
                0x00000000       0x7f ./Core/Src/checking_functions.o
 .debug_loclists
                0x0000007f      0x110 ./Core/Src/custom_callbacks.o
 .debug_loclists
                0x0000018f      0x11b ./Core/Src/input_capture.o
 .debug_loclists
                0x000002aa      0x210 ./Core/Src/oscillator.o
 .debug_loclists
                0x000004ba       0x17 ./Core/Src/startup.o
 .debug_loclists
                0x000004d1      0x1af ./Core/Src/stm32g0xx_hal_msp.o
 .debug_loclists
                0x00000680      0x3a8 ./Core/Src/symmetry_adjustment.o
 .debug_loclists
                0x00000a28       0xa7 ./Core/Src/system_stm32g0xx.o
 .debug_loclists
                0x00000acf       0x90 ./Core/Src/timers.o
 .debug_loclists
                0x00000b5f       0x56 ./Core/Src/utility.o
 .debug_loclists
                0x00000bb5      0x143 ./Drivers/STM32G0xx_HAL_Driver/Src/stm32g0xx_hal.o
 .debug_loclists
                0x00000cf8     0x1121 ./Drivers/STM32G0xx_HAL_Driver/Src/stm32g0xx_hal_adc.o
 .debug_loclists
                0x00001e19      0x2a3 ./Drivers/STM32G0xx_HAL_Driver/Src/stm32g0xx_hal_adc_ex.o
 .debug_loclists
                0x000020bc      0x1ef ./Drivers/STM32G0xx_HAL_Driver/Src/stm32g0xx_hal_cortex.o
 .debug_loclists
                0x000022ab      0x747 ./Drivers/STM32G0xx_HAL_Driver/Src/stm32g0xx_hal_dma.o
 .debug_loclists
                0x000029f2      0x372 ./Drivers/STM32G0xx_HAL_Driver/Src/stm32g0xx_hal_gpio.o
 .debug_loclists
                0x00002d64     0x1041 ./Drivers/STM32G0xx_HAL_Driver/Src/stm32g0xx_hal_lptim.o
 .debug_loclists
                0x00003da5      0x1b3 ./Drivers/STM32G0xx_HAL_Driver/Src/stm32g0xx_hal_pwr_ex.o
 .debug_loclists
                0x00003f58      0x4e1 ./Drivers/STM32G0xx_HAL_Driver/Src/stm32g0xx_hal_rcc.o
 .debug_loclists
                0x00004439      0x46c ./Drivers/STM32G0xx_HAL_Driver/Src/stm32g0xx_hal_rcc_ex.o
 .debug_loclists
                0x000048a5     0x4f53 ./Drivers/STM32G0xx_HAL_Driver/Src/stm32g0xx_hal_tim.o
 .debug_loclists
                0x000097f8     0x1392 ./Drivers/STM32G0xx_HAL_Driver/Src/stm32g0xx_hal_tim_ex.o
 .debug_loclists
                0x0000ab8a     0x3cb5 ./Drivers/STM32G0xx_HAL_Driver/Src/stm32g0xx_hal_uart.o
 .debug_loclists
                0x0000e83f      0x91c ./Drivers/STM32G0xx_HAL_Driver/Src/stm32g0xx_hal_uart_ex.o

.debug_line_str
                0x00000000       0x57
 .debug_line_str
                0x00000000       0x57 ./Core/Startup/startup_stm32g031k8tx.o
