Archive member included to satisfy reference by file (symbol)

C:/ST/STM32CubeIDE_1.16.1/STM32CubeIDE/plugins/com.st.stm32cube.ide.mcu.externaltools.gnu-tools-for-stm32.12.3.rel1.win32_1.1.0.202410251130/tools/bin/../lib/gcc/arm-none-eabi/12.3.1/../../../../arm-none-eabi/lib/thumb/v6-m/nofp\libc_nano.a(libc_a-exit.o)
                              C:/ST/STM32CubeIDE_1.16.1/STM32CubeIDE/plugins/com.st.stm32cube.ide.mcu.externaltools.gnu-tools-for-stm32.12.3.rel1.win32_1.1.0.202410251130/tools/bin/../lib/gcc/arm-none-eabi/12.3.1/../../../../arm-none-eabi/lib/thumb/v6-m/nofp/crt0.o (exit)
C:/ST/STM32CubeIDE_1.16.1/STM32CubeIDE/plugins/com.st.stm32cube.ide.mcu.externaltools.gnu-tools-for-stm32.12.3.rel1.win32_1.1.0.202410251130/tools/bin/../lib/gcc/arm-none-eabi/12.3.1/../../../../arm-none-eabi/lib/thumb/v6-m/nofp\libc_nano.a(libc_a-findfp.o)
                              C:/ST/STM32CubeIDE_1.16.1/STM32CubeIDE/plugins/com.st.stm32cube.ide.mcu.externaltools.gnu-tools-for-stm32.12.3.rel1.win32_1.1.0.202410251130/tools/bin/../lib/gcc/arm-none-eabi/12.3.1/../../../../arm-none-eabi/lib/thumb/v6-m/nofp\libc_nano.a(libc_a-exit.o) (__stdio_exit_handler)
C:/ST/STM32CubeIDE_1.16.1/STM32CubeIDE/plugins/com.st.stm32cube.ide.mcu.externaltools.gnu-tools-for-stm32.12.3.rel1.win32_1.1.0.202410251130/tools/bin/../lib/gcc/arm-none-eabi/12.3.1/../../../../arm-none-eabi/lib/thumb/v6-m/nofp\libc_nano.a(libc_a-fwalk.o)
                              C:/ST/STM32CubeIDE_1.16.1/STM32CubeIDE/plugins/com.st.stm32cube.ide.mcu.externaltools.gnu-tools-for-stm32.12.3.rel1.win32_1.1.0.202410251130/tools/bin/../lib/gcc/arm-none-eabi/12.3.1/../../../../arm-none-eabi/lib/thumb/v6-m/nofp\libc_nano.a(libc_a-findfp.o) (_fwalk_sglue)
C:/ST/STM32CubeIDE_1.16.1/STM32CubeIDE/plugins/com.st.stm32cube.ide.mcu.externaltools.gnu-tools-for-stm32.12.3.rel1.win32_1.1.0.202410251130/tools/bin/../lib/gcc/arm-none-eabi/12.3.1/../../../../arm-none-eabi/lib/thumb/v6-m/nofp\libc_nano.a(libc_a-stdio.o)
                              C:/ST/STM32CubeIDE_1.16.1/STM32CubeIDE/plugins/com.st.stm32cube.ide.mcu.externaltools.gnu-tools-for-stm32.12.3.rel1.win32_1.1.0.202410251130/tools/bin/../lib/gcc/arm-none-eabi/12.3.1/../../../../arm-none-eabi/lib/thumb/v6-m/nofp\libc_nano.a(libc_a-findfp.o) (__sread)
C:/ST/STM32CubeIDE_1.16.1/STM32CubeIDE/plugins/com.st.stm32cube.ide.mcu.externaltools.gnu-tools-for-stm32.12.3.rel1.win32_1.1.0.202410251130/tools/bin/../lib/gcc/arm-none-eabi/12.3.1/../../../../arm-none-eabi/lib/thumb/v6-m/nofp\libc_nano.a(libc_a-memset.o)
                              C:/ST/STM32CubeIDE_1.16.1/STM32CubeIDE/plugins/com.st.stm32cube.ide.mcu.externaltools.gnu-tools-for-stm32.12.3.rel1.win32_1.1.0.202410251130/tools/bin/../lib/gcc/arm-none-eabi/12.3.1/../../../../arm-none-eabi/lib/thumb/v6-m/nofp/crt0.o (memset)
C:/ST/STM32CubeIDE_1.16.1/STM32CubeIDE/plugins/com.st.stm32cube.ide.mcu.externaltools.gnu-tools-for-stm32.12.3.rel1.win32_1.1.0.202410251130/tools/bin/../lib/gcc/arm-none-eabi/12.3.1/../../../../arm-none-eabi/lib/thumb/v6-m/nofp\libc_nano.a(libc_a-closer.o)
                              C:/ST/STM32CubeIDE_1.16.1/STM32CubeIDE/plugins/com.st.stm32cube.ide.mcu.externaltools.gnu-tools-for-stm32.12.3.rel1.win32_1.1.0.202410251130/tools/bin/../lib/gcc/arm-none-eabi/12.3.1/../../../../arm-none-eabi/lib/thumb/v6-m/nofp\libc_nano.a(libc_a-stdio.o) (_close_r)
C:/ST/STM32CubeIDE_1.16.1/STM32CubeIDE/plugins/com.st.stm32cube.ide.mcu.externaltools.gnu-tools-for-stm32.12.3.rel1.win32_1.1.0.202410251130/tools/bin/../lib/gcc/arm-none-eabi/12.3.1/../../../../arm-none-eabi/lib/thumb/v6-m/nofp\libc_nano.a(libc_a-reent.o)
                              C:/ST/STM32CubeIDE_1.16.1/STM32CubeIDE/plugins/com.st.stm32cube.ide.mcu.externaltools.gnu-tools-for-stm32.12.3.rel1.win32_1.1.0.202410251130/tools/bin/../lib/gcc/arm-none-eabi/12.3.1/../../../../arm-none-eabi/lib/thumb/v6-m/nofp\libc_nano.a(libc_a-closer.o) (errno)
C:/ST/STM32CubeIDE_1.16.1/STM32CubeIDE/plugins/com.st.stm32cube.ide.mcu.externaltools.gnu-tools-for-stm32.12.3.rel1.win32_1.1.0.202410251130/tools/bin/../lib/gcc/arm-none-eabi/12.3.1/../../../../arm-none-eabi/lib/thumb/v6-m/nofp\libc_nano.a(libc_a-impure.o)
                              C:/ST/STM32CubeIDE_1.16.1/STM32CubeIDE/plugins/com.st.stm32cube.ide.mcu.externaltools.gnu-tools-for-stm32.12.3.rel1.win32_1.1.0.202410251130/tools/bin/../lib/gcc/arm-none-eabi/12.3.1/../../../../arm-none-eabi/lib/thumb/v6-m/nofp\libc_nano.a(libc_a-reent.o) (_impure_ptr)
C:/ST/STM32CubeIDE_1.16.1/STM32CubeIDE/plugins/com.st.stm32cube.ide.mcu.externaltools.gnu-tools-for-stm32.12.3.rel1.win32_1.1.0.202410251130/tools/bin/../lib/gcc/arm-none-eabi/12.3.1/../../../../arm-none-eabi/lib/thumb/v6-m/nofp\libc_nano.a(libc_a-lseekr.o)
[...]
Memory Configuration

Name             Origin             Length             Attributes
RAM              0x20000000         0x00002000         xrw
FLASH            0x08000000         0x00010000         xr
*default*        0x00000000         0xffffffff

Linker script and memory map

LOAD C:/ST/STM32CubeIDE_1.16.1/STM32CubeIDE/plugins/com.st.stm32cube.ide.mcu.externaltools.gnu-tools-for-stm32.12.3.rel1.win32_1.1.0.202410251130/tools/bin/../lib/gcc/arm-none-eabi/12.3.1/thumb/v6-m/nofp/crti.o
LOAD C:/ST/STM32CubeIDE_1.16.1/STM32CubeIDE/plugins/com.st.stm32cube.ide.mcu.externaltools.gnu-tools-for-stm32.12.3.rel1.win32_1.1.0.202410251130/tools/bin/../lib/gcc/arm-none-eabi/12.3.1/thumb/v6-m/nofp/crtbegin.o
LOAD C:/ST/STM32CubeIDE_1.16.1/STM32CubeIDE/plugins/com.st.stm32cube.ide.mcu.externaltools.gnu-tools-for-stm32.12.3.rel1.win32_1.1.0.202410251130/tools/bin/../lib/gcc/arm-none-eabi/12.3.1/../../../../arm-none-eabi/lib/thumb/v6-m/nofp/crt0.o
LOAD ./Core/Src/MIDI_defines.o
LOAD ./Core/Src/config.o
LOAD ./Core/Src/custom_callbacks.o
LOAD ./Core/Src/main.o
LOAD ./Core/Src/stm32g0xx_hal_msp.o
LOAD ./Core/Src/stm32g0xx_it.o
LOAD ./Core/Src/syscalls.o
LOAD ./Core/Src/sysmem.o
LOAD ./Core/Src/system.o
LOAD ./Core/Src/system_stm32g0xx.o
LOAD ./Core/Startup/startup_stm32g031k8tx.o
LOAD ./Drivers/STM32G0xx_HAL_Driver/Src/stm32g0xx_hal.o
LOAD ./Drivers/STM32G0xx_HAL_Driver/Src/stm32g0xx_hal_adc.o
LOAD ./Drivers/STM32G0xx_HAL_Driver/Src/stm32g0xx_hal_adc_ex.o
LOAD ./Drivers/STM32G0xx_HAL_Driver/Src/stm32g0xx_hal_cortex.o
LOAD ./Drivers/STM32G0xx_HAL_Driver/Src/stm32g0xx_hal_dma.o
LOAD ./Drivers/STM32G0xx_HAL_Driver/Src/stm32g0xx_hal_dma_ex.o
LOAD ./Drivers/STM32G0xx_HAL_Driver/Src/stm32g0xx_hal_exti.o
LOAD ./Drivers/STM32G0xx_HAL_Driver/Src/stm32g0xx_hal_flash.o
LOAD ./Drivers/STM32G0xx_HAL_Driver/Src/stm32g0xx_hal_flash_ex.o
LOAD ./Drivers/STM32G0xx_HAL_Driver/Src/stm32g0xx_hal_gpio.o
LOAD ./Drivers/STM32G0xx_HAL_Driver/Src/stm32g0xx_hal_iwdg.o
LOAD ./Drivers/STM32G0xx_HAL_Driver/Src/stm32g0xx_hal_lptim.o
LOAD ./Drivers/STM32G0xx_HAL_Driver/Src/stm32g0xx_hal_pwr.o
LOAD ./Drivers/STM32G0xx_HAL_Driver/Src/stm32g0xx_hal_pwr_ex.o
LOAD ./Drivers/STM32G0xx_HAL_Driver/Src/stm32g0xx_hal_rcc.o
LOAD ./Drivers/STM32G0xx_HAL_Driver/Src/stm32g0xx_hal_rcc_ex.o
LOAD ./Drivers/STM32G0xx_HAL_Driver/Src/stm32g0xx_hal_tim.o
LOAD ./Drivers/STM32G0xx_HAL_Driver/Src/stm32g0xx_hal_tim_ex.o
LOAD ./Drivers/STM32G0xx_HAL_Driver/Src/stm32g0xx_hal_uart.o
LOAD ./Drivers/STM32G0xx_HAL_Driver/Src/stm32g0xx_hal_uart_ex.o
LOAD ./Drivers/STM32G0xx_HAL_Driver/Src/stm32g0xx_ll_adc.o
LOAD ./Drivers/STM32G0xx_HAL_Driver/Src/stm32g0xx_ll_rcc.o
START GROUP
LOAD C:/ST/STM32CubeIDE_1.16.1/STM32CubeIDE/plugins/com.st.stm32cube.ide.mcu.externaltools.gnu-tools-for-stm32.12.3.rel1.win32_1.1.0.202410251130/tools/bin/../lib/gcc/arm-none-eabi/12.3.1/../../../../arm-none-eabi/lib/thumb/v6-m/nofp\libc_nano.a
LOAD C:/ST/STM32CubeIDE_1.16.1/STM32CubeIDE/plugins/com.st.stm32cube.ide.mcu.externaltools.gnu-tools-for-stm32.12.3.rel1.win32_1.1.0.202410251130/tools/bin/../lib/gcc/arm-none-eabi/12.3.1/../../../../arm-none-eabi/lib/thumb/v6-m/nofp\libm.a
END GROUP
START GROUP
LOAD C:/ST/STM32CubeIDE_1.16.1/STM32CubeIDE/plugins/com.st.stm32cube.ide.mcu.externaltools.gnu-tools-for-stm32.12.3.rel1.win32_1.1.0.202410251130/tools/bin/../lib/gcc/arm-none-eabi/12.3.1/thumb/v6-m/nofp\libgcc.a
LOAD C:/ST/STM32CubeIDE_1.16.1/STM32CubeIDE/plugins/com.st.stm32cube.ide.mcu.externaltools.gnu-tools-for-stm32.12.3.rel1.win32_1.1.0.202410251130/tools/bin/../lib/gcc/arm-none-eabi/12.3.1/../../../../arm-none-eabi/lib/thumb/v6-m/nofp\libc_nano.a
END GROUP
START GROUP
LOAD C:/ST/STM32CubeIDE_1.16.1/STM32CubeIDE/plugins/com.st.stm32cube.ide.mcu.externaltools.gnu-tools-for-stm32.12.3.rel1.win32_1.1.0.202410251130/tools/bin/../lib/gcc/arm-none-eabi/12.3.1/thumb/v6-m/nofp\libgcc.a
LOAD C:/ST/STM32CubeIDE_1.16.1/STM32CubeIDE/plugins/com.st.stm32cube.ide.mcu.externaltools.gnu-tools-for-stm32.12.3.rel1.win32_1.1.0.202410251130/tools/bin/../lib/gcc/arm-none-eabi/12.3.1/../../../../arm-none-eabi/lib/thumb/v6-m/nofp\libc_nano.a
LOAD C:/ST/STM32CubeIDE_1.16.1/STM32CubeIDE/plugins/com.st.stm32cube.ide.mcu.externaltools.gnu-tools-for-stm32.12.3.rel1.win32_1.1.0.202410251130/tools/bin/../lib/gcc/arm-none-eabi/12.3.1/../../../../arm-none-eabi/lib/thumb/v6-m/nofp\libnosys.a
END GROUP
START GROUP
LOAD C:/ST/STM32CubeIDE_1.16.1/STM32CubeIDE/plugins/com.st.stm32cube.ide.mcu.externaltools.gnu-tools-for-stm32.12.3.rel1.win32_1.1.0.202410251130/tools/bin/../lib/gcc/arm-none-eabi/12.3.1/thumb/v6-m/nofp\libgcc.a
LOAD C:/ST/STM32CubeIDE_1.16.1/STM32CubeIDE/plugins/com.st.stm32cube.ide.mcu.externaltools.gnu-tools-for-stm32.12.3.rel1.win32_1.1.0.202410251130/tools/bin/../lib/gcc/arm-none-eabi/12.3.1/../../../../arm-none-eabi/lib/thumb/v6-m/nofp\libc_nano.a
LOAD C:/ST/STM32CubeIDE_1.16.1/STM32CubeIDE/plugins/com.st.stm32cube.ide.mcu.externaltools.gnu-tools-for-stm32.12.3.rel1.win32_1.1.0.202410251130/tools/bin/../lib/gcc/arm-none-eabi/12.3.1/../../../../arm-none-eabi/lib/thumb/v6-m/nofp\libnosys.a
END GROUP
LOAD C:/ST/STM32CubeIDE_1.16.1/STM32CubeIDE/plugins/com.st.stm32cube.ide.mcu.externaltools.gnu-tools-for-stm32.12.3.rel1.win32_1.1.0.202410251130/tools/bin/../lib/gcc/arm-none-eabi/12.3.1/thumb/v6-m/nofp/crtend.o
LOAD C:/ST/STM32CubeIDE_1.16.1/STM32CubeIDE/plugins/com.st.stm32cube.ide.mcu.externaltools.gnu-tools-for-stm32.12.3.rel1.win32_1.1.0.202410251130/tools/bin/../lib/gcc/arm-none-eabi/12.3.1/thumb/v6-m/nofp/crtn.o
                0x20002000                        _estack = (ORIGIN (RAM) + LENGTH (RAM))
                0x00000200                        _Min_Heap_Size = 0x200
                0x00000400                        _Min_Stack_Size = 0x400

.isr_vector     0x08000000       0xbc
                0x08000000                        . = ALIGN (0x4)
 *(.isr_vector)
 .isr_vector    0x08000000       0xbc ./Core/Startup/startup_stm32g031k8tx.o
                0x08000000                g_pfnVectors
                0x080000bc                        . = ALIGN (0x4)

.text           0x080000bc     0x6584
                0x080000bc                        . = ALIGN (0x4)
 *(.text)
 .text          0x080000bc       0x48 C:/ST/STM32CubeIDE_1.16.1/STM32CubeIDE/plugins/com.st.stm32cube.ide.mcu.externaltools.gnu-tools-for-stm32.12.3.rel1.win32_1.1.0.202410251130/tools/bin/../lib/gcc/arm-none-eabi/12.3.1/thumb/v6-m/nofp/crtbegin.o
 .text          0x08000104      0x114 C:/ST/STM32CubeIDE_1.16.1/STM32CubeIDE/plugins/com.st.stm32cube.ide.mcu.externaltools.gnu-tools-for-stm32.12.3.rel1.win32_1.1.0.202410251130/tools/bin/../lib/gcc/arm-none-eabi/12.3.1/thumb/v6-m/nofp\libgcc.a(_udivsi3.o)
                0x08000104                __aeabi_uidiv
                0x08000104                __udivsi3
                0x08000210                __aeabi_uidivmod
 .text          0x08000218      0x1d4 C:/ST/STM32CubeIDE_1.16.1/STM32CubeIDE/plugins/com.st.stm32cube.ide.mcu.externaltools.gnu-tools-for-stm32.12.3.rel1.win32_1.1.0.202410251130/tools/bin/../lib/gcc/arm-none-eabi/12.3.1/thumb/v6-m/nofp\libgcc.a(_divsi3.o)
                0x08000218                __divsi3
                0x08000218                __aeabi_idiv
                0x080003e4                __aeabi_idivmod
 .text          0x080003ec        0x4 C:/ST/STM32CubeIDE_1.16.1/STM32CubeIDE/plugins/com.st.stm32cube.ide.mcu.externaltools.gnu-tools-for-stm32.12.3.rel1.win32_1.1.0.202410251130/tools/bin/../lib/gcc/arm-none-eabi/12.3.1/thumb/v6-m/nofp\libgcc.a(_dvmd_tls.o)
                0x080003ec                __aeabi_idiv0
                0x080003ec                __aeabi_ldiv0
 .text          0x080003f0       0x40 C:/ST/STM32CubeIDE_1.16.1/STM32CubeIDE/plugins/com.st.stm32cube.ide.mcu.externaltools.gnu-tools-for-stm32.12.3.rel1.win32_1.1.0.202410251130/tools/bin/../lib/gcc/arm-none-eabi/12.3.1/thumb/v6-m/nofp\libgcc.a(_aeabi_uldivmod.o)
                0x080003f0                __aeabi_uldivmod
 .text          0x08000430      0x198 C:/ST/STM32CubeIDE_1.16.1/STM32CubeIDE/plugins/com.st.stm32cube.ide.mcu.externaltools.gnu-tools-for-stm32.12.3.rel1.win32_1.1.0.202410251130/tools/bin/../lib/gcc/arm-none-eabi/12.3.1/thumb/v6-m/nofp\libgcc.a(_udivmoddi4.o)
                0x08000430                __udivmoddi4
 .text          0x080005c8       0x18 C:/ST/STM32CubeIDE_1.16.1/STM32CubeIDE/plugins/com.st.stm32cube.ide.mcu.externaltools.gnu-tools-for-stm32.12.3.rel1.win32_1.1.0.202410251130/tools/bin/../lib/gcc/arm-none-eabi/12.3.1/thumb/v6-m/nofp\libgcc.a(_clzdi2.o)
                0x080005c8                __clzdi2
 .text          0x080005e0       0x3c C:/ST/STM32CubeIDE_1.16.1/STM32CubeIDE/plugins/com.st.stm32cube.ide.mcu.externaltools.gnu-tools-for-stm32.12.3.rel1.win32_1.1.0.202410251130/tools/bin/../lib/gcc/arm-none-eabi/12.3.1/thumb/v6-m/nofp\libgcc.a(_clzsi2.o)
                0x080005e0                __clzsi2
 *(.text*)
 .text.SystemClock_Config
                0x0800061c       0x80 ./Core/Src/config.o
                0x0800061c                SystemClock_Config
 .text.MX_ADC1_Init
                0x0800069c       0xf4 ./Core/Src/config.o
                0x0800069c                MX_ADC1_Init
 .text.MX_TIM16_Init
                0x08000790       0xc0 ./Core/Src/config.o
                0x08000790                MX_TIM16_Init
 .text.MX_TIM2_Init
                0x08000850       0xb8 ./Core/Src/config.o
                0x08000850                MX_TIM2_Init
 .text.MX_TIM3_Init
                0x08000908       0xc0 ./Core/Src/config.o
                0x08000908                MX_TIM3_Init
 .text.MX_TIM1_Init
                0x080009c8      0x114 ./Core/Src/config.o
                0x080009c8                MX_TIM1_Init
 .text.MX_TIM17_Init
                0x08000adc       0xb4 ./Core/Src/config.o
                0x08000adc                MX_TIM17_Init
 .text.MX_GPIO_Init
                0x08000b90      0x130 ./Core/Src/config.o
                0x08000b90                MX_GPIO_Init
 .text.Error_Handler
                0x08000cc0        0x4 ./Core/Src/config.o
                0x08000cc0                Error_Handler
 .text.System_Init
                0x08000cc4      0x188 ./Core/Src/config.o
                0x08000cc4                System_Init
 .text.TIM16_callback
                0x08000e4c       0x3c ./Core/Src/custom_callbacks.o
                0x08000e4c                TIM16_callback
 .text.ADC_DMA_conversion_complete_callback
                0x08000e88       0x74 ./Core/Src/custom_callbacks.o
                0x08000e88                ADC_DMA_conversion_complete_callback
 .text.TIM2_ch1_IP_capture_callback
                0x08000efc       0xd4 ./Core/Src/custom_callbacks.o
                0x08000efc                TIM2_ch1_IP_capture_callback
 .text.TIM2_ch1_overflow_callback
                0x08000fd0       0x24 ./Core/Src/custom_callbacks.o
                0x08000fd0                TIM2_ch1_overflow_callback
 .text.TIM3_ch1_IP_capture_measurement_reelapse_callback
                0x08000ff4       0x6c ./Core/Src/custom_callbacks.o
                0x08000ff4                TIM3_ch1_IP_capture_measurement_reelapse_callback
 .text.HAL_GPIO_EXTI_Falling_Callback
                0x08001060       0x90 ./Core/Src/custom_callbacks.o
                0x08001060                HAL_GPIO_EXTI_Falling_Callback
 .text.HAL_GPIO_EXTI_Rising_Callback
                0x080010f0       0x28 ./Core/Src/custom_callbacks.o
                0x080010f0                HAL_GPIO_EXTI_Rising_Callback
 .text.UART2_TX_transfer_complete_callback
                0x08001118        0xc ./Core/Src/custom_callbacks.o
                0x08001118                UART2_TX_transfer_complete_callback
 .text.UART2_RX_transfer_complete_callback
                0x08001124       0x30 ./Core/Src/custom_callbacks.o
                0x08001124                UART2_RX_transfer_complete_callback
 .text.LPTIM1_callback
                0x08001154       0x64 ./Core/Src/custom_callbacks.o
                0x08001154                LPTIM1_callback
 .text.TIM17_callback_speed_pot_check
                0x080011b8       0x2c ./Core/Src/custom_callbacks.o
                0x080011b8                TIM17_callback_speed_pot_check
 .text.startup.main
                0x080011e4       0x4c ./Core/Src/main.o
                0x080011e4                main
 .text.HAL_MspInit
                0x08001230       0x30 ./Core/Src/stm32g0xx_hal_msp.o
                0x08001230                HAL_MspInit
 .text.HAL_ADC_MspInit
                0x08001260       0xa0 ./Core/Src/stm32g0xx_hal_msp.o
                0x08001260                HAL_ADC_MspInit
 .text.HAL_LPTIM_MspInit
                0x08001300       0x8c ./Core/Src/stm32g0xx_hal_msp.o
                0x08001300                HAL_LPTIM_MspInit
 .text.HAL_TIM_Base_MspInit
                0x0800138c      0x13c ./Core/Src/stm32g0xx_hal_msp.o
                0x0800138c                HAL_TIM_Base_MspInit
 .text.HAL_TIM_MspPostInit
                0x080014c8       0x78 ./Core/Src/stm32g0xx_hal_msp.o
                0x080014c8                HAL_TIM_MspPostInit
 .text.HAL_UART_MspInit
                0x08001540       0xec ./Core/Src/stm32g0xx_hal_msp.o
                0x08001540                HAL_UART_MspInit
 .text.NMI_Handler
                0x0800162c        0x4 ./Core/Src/stm32g0xx_it.o
                0x0800162c                NMI_Handler
 .text.HardFault_Handler
                0x08001630        0x4 ./Core/Src/stm32g0xx_it.o
                0x08001630                HardFault_Handler
 .text.SVC_Handler
                0x08001634        0x4 ./Core/Src/stm32g0xx_it.o
                0x08001634                SVC_Handler
 .text.PendSV_Handler
                0x08001638        0x4 ./Core/Src/stm32g0xx_it.o
                0x08001638                PendSV_Handler
 .text.SysTick_Handler
                0x0800163c        0x8 ./Core/Src/stm32g0xx_it.o
                0x0800163c                SysTick_Handler
 .text.EXTI4_15_IRQHandler
                0x08001644        0xc ./Core/Src/stm32g0xx_it.o
                0x08001644                EXTI4_15_IRQHandler
 .text.DMA1_Channel1_IRQHandler
                0x08001650       0x10 ./Core/Src/stm32g0xx_it.o
                0x08001650                DMA1_Channel1_IRQHandler
 .text.DMA1_Channel2_3_IRQHandler
                0x08001660       0x18 ./Core/Src/stm32g0xx_it.o
                0x08001660                DMA1_Channel2_3_IRQHandler
 .text.TIM2_IRQHandler
                0x08001678       0x10 ./Core/Src/stm32g0xx_it.o
                0x08001678                TIM2_IRQHandler
 .text.TIM3_IRQHandler
                0x08001688       0x10 ./Core/Src/stm32g0xx_it.o
                0x08001688                TIM3_IRQHandler
 .text.TIM16_IRQHandler
                0x08001698       0x10 ./Core/Src/stm32g0xx_it.o
                0x08001698                TIM16_IRQHandler
 .text.TIM17_IRQHandler
                0x080016a8       0x10 ./Core/Src/stm32g0xx_it.o
                0x080016a8                TIM17_IRQHandler
 .text.USART2_IRQHandler
                0x080016b8       0x10 ./Core/Src/stm32g0xx_it.o
                0x080016b8                USART2_IRQHandler
 .text.LPTIM1_IRQHandler
                0x080016c8       0x10 ./Core/Src/stm32g0xx_it.o
                0x080016c8                LPTIM1_IRQHandler
 .text.Global_Interrupt_Enable
                0x080016d8        0x8 ./Core/Src/system.o
                0x080016d8                Global_Interrupt_Enable
 .text.Startup  0x080016e0       0x7c ./Core/Src/system.o
                0x080016e0                Startup
 .text.Start_PWM_Gen_Timer_Main_and_Secondary_Oscillators
                0x0800175c       0x38 ./Core/Src/system.o
                0x0800175c                Start_PWM_Gen_Timer_Main_and_Secondary_Oscillators
 .text.Start_Freq_Gen_Timer
                0x08001794       0x20 ./Core/Src/system.o
                0x08001794                Start_Freq_Gen_Timer
 .text.Start_OC_TIM
                0x080017b4       0x14 ./Core/Src/system.o
                0x080017b4                Start_OC_TIM
 .text.Stop_OC_TIM
                0x080017c8       0x14 ./Core/Src/system.o
                0x080017c8                Stop_OC_TIM
 .text.Start_Input_Capture_Timer
                0x080017dc       0x30 ./Core/Src/system.o
                0x080017dc                Start_Input_Capture_Timer
 .text.Process_TIM16_Raw_Start_Value_and_Raw_Prescaler
                0x0800180c       0x24 ./Core/Src/system.o
                0x0800180c                Process_TIM16_Raw_Start_Value_and_Raw_Prescaler
 .text.Process_TIM16_Final_Start_Value_and_Final_Prescaler
                0x08001830      0x208 ./Core/Src/system.o
                0x08001830                Process_TIM16_Final_Start_Value_and_Final_Prescaler
 .text.Speed_Pot_Check
                0x08001a38       0x94 ./Core/Src/system.o
                0x08001a38                Speed_Pot_Check
 .text.Check_Tap_Tempo_Switch_State
                0x08001acc       0x64 ./Core/Src/system.o
                0x08001acc                Check_Tap_Tempo_Switch_State
 .text.Start_UART_Receive
                0x08001b30       0x18 ./Core/Src/system.o
                0x08001b30                Start_UART_Receive
 .text.Calculate_Next_Main_Oscillator_Values
                0x08001b48      0x10c ./Core/Src/system.o
                0x08001b48                Calculate_Next_Main_Oscillator_Values
 .text.Input_Capture_Processing
                0x08001c54       0xb0 ./Core/Src/system.o
                0x08001c54                Input_Capture_Processing
 .text.Write_Next_Main_Oscillator_Values_to_Delay_Line
                0x08001d04       0xb8 ./Core/Src/system.o
                0x08001d04                Write_Next_Main_Oscillator_Values_to_Delay_Line
 .text.Process_ADC_Conversion_Values
                0x08001dbc       0x5c ./Core/Src/system.o
                0x08001dbc                Process_ADC_Conversion_Values
 .text.Set_Oscillator_Values
                0x08001e18       0x48 ./Core/Src/system.o
                0x08001e18                Set_Oscillator_Values
 .text.SystemInit
                0x08001e60        0x4 ./Core/Src/system_stm32g0xx.o
                0x08001e60                SystemInit
 .text.Reset_Handler
                0x08001e64       0x50 ./Core/Startup/startup_stm32g031k8tx.o
                0x08001e64                Reset_Handler
 .text.Default_Handler
                0x08001eb4        0x2 ./Core/Startup/startup_stm32g031k8tx.o
                0x08001eb4                TIM1_CC_IRQHandler
                0x08001eb4                PVD_IRQHandler
                0x08001eb4                I2C1_IRQHandler
                0x08001eb4                LPTIM2_IRQHandler
                0x08001eb4                RTC_TAMP_IRQHandler
                0x08001eb4                SPI1_IRQHandler
                0x08001eb4                DMA1_Ch4_5_DMAMUX1_OVR_IRQHandler
                0x08001eb4                EXTI2_3_IRQHandler
                0x08001eb4                ADC1_IRQHandler
                0x08001eb4                I2C2_IRQHandler
                0x08001eb4                RCC_IRQHandler
                0x08001eb4                Default_Handler
                0x08001eb4                TIM14_IRQHandler
                0x08001eb4                EXTI0_1_IRQHandler
                0x08001eb4                SPI2_IRQHandler
                0x08001eb4                WWDG_IRQHandler
                0x08001eb4                LPUART1_IRQHandler
                0x08001eb4                FLASH_IRQHandler
                0x08001eb4                USART1_IRQHandler
                0x08001eb4                TIM1_BRK_UP_TRG_COM_IRQHandler
 *fill*         0x08001eb6        0x2 
 .text.HAL_InitTick
                0x08001eb8       0x4c ./Drivers/STM32G0xx_HAL_Driver/Src/stm32g0xx_hal.o
                0x08001eb8                HAL_InitTick
 .text.HAL_Init
                0x08001f04       0x28 ./Drivers/STM32G0xx_HAL_Driver/Src/stm32g0xx_hal.o
                0x08001f04                HAL_Init
 .text.HAL_IncTick
                0x08001f2c       0x18 ./Drivers/STM32G0xx_HAL_Driver/Src/stm32g0xx_hal.o
                0x08001f2c                HAL_IncTick
 .text.HAL_GetTick
                0x08001f44        0xc ./Drivers/STM32G0xx_HAL_Driver/Src/stm32g0xx_hal.o
                0x08001f44                HAL_GetTick
 .text.ADC_DMAConvCplt
                0x08001f50       0x80 ./Drivers/STM32G0xx_HAL_Driver/Src/stm32g0xx_hal_adc.o
 .text.ADC_DMAHalfConvCplt
                0x08001fd0        0xc ./Drivers/STM32G0xx_HAL_Driver/Src/stm32g0xx_hal_adc.o
 .text.ADC_DMAError
                0x08001fdc       0x1c ./Drivers/STM32G0xx_HAL_Driver/Src/stm32g0xx_hal_adc.o
 .text.HAL_ADC_ErrorCallback
                0x08001ff8        0x4 ./Drivers/STM32G0xx_HAL_Driver/Src/stm32g0xx_hal_adc.o
                0x08001ff8                HAL_ADC_ErrorCallback
 .text.HAL_ADC_ConvCpltCallback
                0x08001ffc        0x4 ./Drivers/STM32G0xx_HAL_Driver/Src/stm32g0xx_hal_adc.o
                0x08001ffc                HAL_ADC_ConvCpltCallback
 .text.HAL_ADC_ConvHalfCpltCallback
                0x08002000        0x4 ./Drivers/STM32G0xx_HAL_Driver/Src/stm32g0xx_hal_adc.o
                0x08002000                HAL_ADC_ConvHalfCpltCallback
 .text.HAL_ADC_LevelOutOfWindowCallback
                0x08002004        0x4 ./Drivers/STM32G0xx_HAL_Driver/Src/stm32g0xx_hal_adc.o
                0x08002004                HAL_ADC_LevelOutOfWindowCallback
 .text.HAL_ADC_Init
                0x08002008      0x284 ./Drivers/STM32G0xx_HAL_Driver/Src/stm32g0xx_hal_adc.o
                0x08002008                HAL_ADC_Init
 .text.HAL_ADC_RegisterCallback
                0x0800228c       0x70 ./Drivers/STM32G0xx_HAL_Driver/Src/stm32g0xx_hal_adc.o
                0x0800228c                HAL_ADC_RegisterCallback
 .text.HAL_ADC_ConfigChannel
                0x080022fc      0x284 ./Drivers/STM32G0xx_HAL_Driver/Src/stm32g0xx_hal_adc.o
                0x080022fc                HAL_ADC_ConfigChannel
 .text.ADC_ConversionStop
                0x08002580       0x74 ./Drivers/STM32G0xx_HAL_Driver/Src/stm32g0xx_hal_adc.o
                0x08002580                ADC_ConversionStop
 .text.ADC_Enable
                0x080025f4       0xcc ./Drivers/STM32G0xx_HAL_Driver/Src/stm32g0xx_hal_adc.o
                0x080025f4                ADC_Enable
 .text.HAL_ADC_Start_DMA
                0x080026c0       0xb4 ./Drivers/STM32G0xx_HAL_Driver/Src/stm32g0xx_hal_adc.o
                0x080026c0                HAL_ADC_Start_DMA
 .text.ADC_Disable
                0x08002774       0x88 ./Drivers/STM32G0xx_HAL_Driver/Src/stm32g0xx_hal_adc.o
                0x08002774                ADC_Disable
 .text.HAL_ADC_Stop_DMA
                0x080027fc       0x8c ./Drivers/STM32G0xx_HAL_Driver/Src/stm32g0xx_hal_adc.o
                0x080027fc                HAL_ADC_Stop_DMA
 .text.HAL_ADCEx_Calibration_Start
                0x08002888      0x19c ./Drivers/STM32G0xx_HAL_Driver/Src/stm32g0xx_hal_adc_ex.o
                0x08002888                HAL_ADCEx_Calibration_Start
 .text.HAL_ADCEx_LevelOutOfWindow2Callback
                0x08002a24        0x4 ./Drivers/STM32G0xx_HAL_Driver/Src/stm32g0xx_hal_adc_ex.o
                0x08002a24                HAL_ADCEx_LevelOutOfWindow2Callback
 .text.HAL_ADCEx_LevelOutOfWindow3Callback
                0x08002a28        0x4 ./Drivers/STM32G0xx_HAL_Driver/Src/stm32g0xx_hal_adc_ex.o
                0x08002a28                HAL_ADCEx_LevelOutOfWindow3Callback
 .text.HAL_ADCEx_EndOfSamplingCallback
                0x08002a2c        0x4 ./Drivers/STM32G0xx_HAL_Driver/Src/stm32g0xx_hal_adc_ex.o
                0x08002a2c                HAL_ADCEx_EndOfSamplingCallback
 .text.HAL_NVIC_SetPriority
                0x08002a30       0x54 ./Drivers/STM32G0xx_HAL_Driver/Src/stm32g0xx_hal_cortex.o
                0x08002a30                HAL_NVIC_SetPriority
 .text.HAL_NVIC_EnableIRQ
                0x08002a84       0x18 ./Drivers/STM32G0xx_HAL_Driver/Src/stm32g0xx_hal_cortex.o
                0x08002a84                HAL_NVIC_EnableIRQ
 .text.HAL_NVIC_DisableIRQ
                0x08002a9c       0x20 ./Drivers/STM32G0xx_HAL_Driver/Src/stm32g0xx_hal_cortex.o
                0x08002a9c                HAL_NVIC_DisableIRQ
 .text.HAL_SYSTICK_Config
                0x08002abc       0x34 ./Drivers/STM32G0xx_HAL_Driver/Src/stm32g0xx_hal_cortex.o
                0x08002abc                HAL_SYSTICK_Config
 .text.HAL_DMA_Init
                0x08002af0       0xec ./Drivers/STM32G0xx_HAL_Driver/Src/stm32g0xx_hal_dma.o
                0x08002af0                HAL_DMA_Init
 .text.HAL_DMA_Start_IT
                0x08002bdc       0xd0 ./Drivers/STM32G0xx_HAL_Driver/Src/stm32g0xx_hal_dma.o
                0x08002bdc                HAL_DMA_Start_IT
 .text.HAL_DMA_Abort
                0x08002cac       0x78 ./Drivers/STM32G0xx_HAL_Driver/Src/stm32g0xx_hal_dma.o
                0x08002cac                HAL_DMA_Abort
 .text.HAL_DMA_Abort_IT
                0x08002d24       0x78 ./Drivers/STM32G0xx_HAL_Driver/Src/stm32g0xx_hal_dma.o
                0x08002d24                HAL_DMA_Abort_IT
 .text.HAL_DMA_IRQHandler
                0x08002d9c       0xb8 ./Drivers/STM32G0xx_HAL_Driver/Src/stm32g0xx_hal_dma.o
                0x08002d9c                HAL_DMA_IRQHandler
 .text.HAL_GPIO_Init
                0x08002e54      0x1e4 ./Drivers/STM32G0xx_HAL_Driver/Src/stm32g0xx_hal_gpio.o
                0x08002e54                HAL_GPIO_Init
 .text.HAL_GPIO_ReadPin
                0x08003038        0xc ./Drivers/STM32G0xx_HAL_Driver/Src/stm32g0xx_hal_gpio.o
                0x08003038                HAL_GPIO_ReadPin
 .text.HAL_GPIO_WritePin
                0x08003044        0xc ./Drivers/STM32G0xx_HAL_Driver/Src/stm32g0xx_hal_gpio.o
                0x08003044                HAL_GPIO_WritePin
 .text.HAL_GPIO_EXTI_IRQHandler
                0x08003050       0x34 ./Drivers/STM32G0xx_HAL_Driver/Src/stm32g0xx_hal_gpio.o
                0x08003050                HAL_GPIO_EXTI_IRQHandler
 .text.HAL_LPTIM_DirectionDownCallback
                0x08003084        0x4 ./Drivers/STM32G0xx_HAL_Driver/Src/stm32g0xx_hal_lptim.o
                0x08003084                HAL_LPTIM_DirectionDownCallback
 .text.HAL_LPTIM_CompareMatchCallback
                0x08003088        0x4 ./Drivers/STM32G0xx_HAL_Driver/Src/stm32g0xx_hal_lptim.o
                0x08003088                HAL_LPTIM_CompareMatchCallback
 .text.HAL_LPTIM_AutoReloadMatchCallback
                0x0800308c        0x4 ./Drivers/STM32G0xx_HAL_Driver/Src/stm32g0xx_hal_lptim.o
                0x0800308c                HAL_LPTIM_AutoReloadMatchCallback
 .text.HAL_LPTIM_TriggerCallback
                0x08003090        0x4 ./Drivers/STM32G0xx_HAL_Driver/Src/stm32g0xx_hal_lptim.o
                0x08003090                HAL_LPTIM_TriggerCallback
 .text.HAL_LPTIM_CompareWriteCallback
                0x08003094        0x4 ./Drivers/STM32G0xx_HAL_Driver/Src/stm32g0xx_hal_lptim.o
                0x08003094                HAL_LPTIM_CompareWriteCallback
 .text.HAL_LPTIM_AutoReloadWriteCallback
                0x08003098        0x4 ./Drivers/STM32G0xx_HAL_Driver/Src/stm32g0xx_hal_lptim.o
                0x08003098                HAL_LPTIM_AutoReloadWriteCallback
 .text.HAL_LPTIM_DirectionUpCallback
                0x0800309c        0x4 ./Drivers/STM32G0xx_HAL_Driver/Src/stm32g0xx_hal_lptim.o
                0x0800309c                HAL_LPTIM_DirectionUpCallback
 .text.HAL_LPTIM_Init
                0x080030a0      0x108 ./Drivers/STM32G0xx_HAL_Driver/Src/stm32g0xx_hal_lptim.o
                0x080030a0                HAL_LPTIM_Init
 .text.HAL_LPTIM_IRQHandler
                0x080031a8       0xb8 ./Drivers/STM32G0xx_HAL_Driver/Src/stm32g0xx_hal_lptim.o
                0x080031a8                HAL_LPTIM_IRQHandler
 .text.HAL_LPTIM_RegisterCallback
                0x08003260       0x70 ./Drivers/STM32G0xx_HAL_Driver/Src/stm32g0xx_hal_lptim.o
                0x08003260                HAL_LPTIM_RegisterCallback
 .text.LPTIM_Disable
                0x080032d0      0x1c8 ./Drivers/STM32G0xx_HAL_Driver/Src/stm32g0xx_hal_lptim.o
                0x080032d0                LPTIM_Disable
 .text.HAL_LPTIM_SetOnce_Start_IT
                0x08003498       0xc8 ./Drivers/STM32G0xx_HAL_Driver/Src/stm32g0xx_hal_lptim.o
                0x08003498                HAL_LPTIM_SetOnce_Start_IT
 .text.HAL_LPTIM_SetOnce_Stop_IT
                0x08003560       0x54 ./Drivers/STM32G0xx_HAL_Driver/Src/stm32g0xx_hal_lptim.o
                0x08003560                HAL_LPTIM_SetOnce_Stop_IT
 .text.HAL_PWREx_ControlVoltageScaling
                0x080035b4       0x60 ./Drivers/STM32G0xx_HAL_Driver/Src/stm32g0xx_hal_pwr_ex.o
                0x080035b4                HAL_PWREx_ControlVoltageScaling
 .text.HAL_RCC_OscConfig
                0x08003614      0x4d0 ./Drivers/STM32G0xx_HAL_Driver/Src/stm32g0xx_hal_rcc.o
                0x08003614                HAL_RCC_OscConfig
 .text.HAL_RCC_GetSysClockFreq
                0x08003ae4       0x9c ./Drivers/STM32G0xx_HAL_Driver/Src/stm32g0xx_hal_rcc.o
                0x08003ae4                HAL_RCC_GetSysClockFreq
 .text.HAL_RCC_ClockConfig
                0x08003b80      0x190 ./Drivers/STM32G0xx_HAL_Driver/Src/stm32g0xx_hal_rcc.o
                0x08003b80                HAL_RCC_ClockConfig
 .text.HAL_RCC_GetPCLK1Freq
                0x08003d10       0x28 ./Drivers/STM32G0xx_HAL_Driver/Src/stm32g0xx_hal_rcc.o
                0x08003d10                HAL_RCC_GetPCLK1Freq
 .text.HAL_RCCEx_PeriphCLKConfig
                0x08003d38      0x1f0 ./Drivers/STM32G0xx_HAL_Driver/Src/stm32g0xx_hal_rcc_ex.o
                0x08003d38                HAL_RCCEx_PeriphCLKConfig
 .text.HAL_TIM_OC_MspInit
                0x08003f28        0x4 ./Drivers/STM32G0xx_HAL_Driver/Src/stm32g0xx_hal_tim.o
                0x08003f28                HAL_TIM_OC_MspInit
 .text.HAL_TIM_PWM_MspInit
                0x08003f2c        0x4 ./Drivers/STM32G0xx_HAL_Driver/Src/stm32g0xx_hal_tim.o
                0x08003f2c                HAL_TIM_PWM_MspInit
 .text.HAL_TIM_IC_MspInit
                0x08003f30        0x4 ./Drivers/STM32G0xx_HAL_Driver/Src/stm32g0xx_hal_tim.o
                0x08003f30                HAL_TIM_IC_MspInit
 .text.HAL_TIM_PeriodElapsedCallback
                0x08003f34        0x4 ./Drivers/STM32G0xx_HAL_Driver/Src/stm32g0xx_hal_tim.o
                0x08003f34                HAL_TIM_PeriodElapsedCallback
 .text.HAL_TIM_PeriodElapsedHalfCpltCallback
                0x08003f38        0x4 ./Drivers/STM32G0xx_HAL_Driver/Src/stm32g0xx_hal_tim.o
                0x08003f38                HAL_TIM_PeriodElapsedHalfCpltCallback
 .text.HAL_TIM_OC_DelayElapsedCallback
                0x08003f3c        0x4 ./Drivers/STM32G0xx_HAL_Driver/Src/stm32g0xx_hal_tim.o
                0x08003f3c                HAL_TIM_OC_DelayElapsedCallback
 .text.HAL_TIM_IC_CaptureCallback
                0x08003f40        0x4 ./Drivers/STM32G0xx_HAL_Driver/Src/stm32g0xx_hal_tim.o
                0x08003f40                HAL_TIM_IC_CaptureCallback
 .text.HAL_TIM_IC_CaptureHalfCpltCallback
                0x08003f44        0x4 ./Drivers/STM32G0xx_HAL_Driver/Src/stm32g0xx_hal_tim.o
                0x08003f44                HAL_TIM_IC_CaptureHalfCpltCallback
 .text.HAL_TIM_PWM_PulseFinishedCallback
                0x08003f48        0x4 ./Drivers/STM32G0xx_HAL_Driver/Src/stm32g0xx_hal_tim.o
                0x08003f48                HAL_TIM_PWM_PulseFinishedCallback
 .text.HAL_TIM_PWM_PulseFinishedHalfCpltCallback
                0x08003f4c        0x4 ./Drivers/STM32G0xx_HAL_Driver/Src/stm32g0xx_hal_tim.o
                0x08003f4c                HAL_TIM_PWM_PulseFinishedHalfCpltCallback
 .text.HAL_TIM_TriggerCallback
                0x08003f50        0x4 ./Drivers/STM32G0xx_HAL_Driver/Src/stm32g0xx_hal_tim.o
                0x08003f50                HAL_TIM_TriggerCallback
 .text.HAL_TIM_TriggerHalfCpltCallback
                0x08003f54        0x4 ./Drivers/STM32G0xx_HAL_Driver/Src/stm32g0xx_hal_tim.o
                0x08003f54                HAL_TIM_TriggerHalfCpltCallback
 .text.HAL_TIM_ErrorCallback
                0x08003f58        0x4 ./Drivers/STM32G0xx_HAL_Driver/Src/stm32g0xx_hal_tim.o
                0x08003f58                HAL_TIM_ErrorCallback
 .text.HAL_TIM_Base_Init
                0x08003f5c      0x190 ./Drivers/STM32G0xx_HAL_Driver/Src/stm32g0xx_hal_tim.o
                0x08003f5c                HAL_TIM_Base_Init
 .text.HAL_TIM_Base_Start
                0x080040ec       0x5c ./Drivers/STM32G0xx_HAL_Driver/Src/stm32g0xx_hal_tim.o
                0x080040ec                HAL_TIM_Base_Start
 .text.HAL_TIM_Base_Start_IT
                0x08004148       0x64 ./Drivers/STM32G0xx_HAL_Driver/Src/stm32g0xx_hal_tim.o
                0x08004148                HAL_TIM_Base_Start_IT
 .text.HAL_TIM_OC_Init
                0x080041ac      0x190 ./Drivers/STM32G0xx_HAL_Driver/Src/stm32g0xx_hal_tim.o
                0x080041ac                HAL_TIM_OC_Init
 .text.HAL_TIM_OC_Start_IT
                0x0800433c      0x104 ./Drivers/STM32G0xx_HAL_Driver/Src/stm32g0xx_hal_tim.o
                0x0800433c                HAL_TIM_OC_Start_IT
 .text.HAL_TIM_OC_Stop_IT
                0x08004440      0x100 ./Drivers/STM32G0xx_HAL_Driver/Src/stm32g0xx_hal_tim.o
                0x08004440                HAL_TIM_OC_Stop_IT
 .text.HAL_TIM_PWM_Init
                0x08004540      0x190 ./Drivers/STM32G0xx_HAL_Driver/Src/stm32g0xx_hal_tim.o
                0x08004540                HAL_TIM_PWM_Init
 .text.HAL_TIM_PWM_Start
                0x080046d0       0xd0 ./Drivers/STM32G0xx_HAL_Driver/Src/stm32g0xx_hal_tim.o
                0x080046d0                HAL_TIM_PWM_Start
 .text.HAL_TIM_IC_Init
                0x080047a0      0x190 ./Drivers/STM32G0xx_HAL_Driver/Src/stm32g0xx_hal_tim.o
                0x080047a0                HAL_TIM_IC_Init
 .text.HAL_TIM_IC_Start_IT
                0x08004930      0x168 ./Drivers/STM32G0xx_HAL_Driver/Src/stm32g0xx_hal_tim.o
                0x08004930                HAL_TIM_IC_Start_IT
 .text.HAL_TIM_IRQHandler
                0x08004a98      0x1b4 ./Drivers/STM32G0xx_HAL_Driver/Src/stm32g0xx_hal_tim.o
                0x08004a98                HAL_TIM_IRQHandler
 .text.HAL_TIM_OC_ConfigChannel
                0x08004c4c      0x2a4 ./Drivers/STM32G0xx_HAL_Driver/Src/stm32g0xx_hal_tim.o
                0x08004c4c                HAL_TIM_OC_ConfigChannel
 .text.HAL_TIM_IC_ConfigChannel
                0x08004ef0      0x1bc ./Drivers/STM32G0xx_HAL_Driver/Src/stm32g0xx_hal_tim.o
                0x08004ef0                HAL_TIM_IC_ConfigChannel
 .text.HAL_TIM_PWM_ConfigChannel
                0x080050ac      0x348 ./Drivers/STM32G0xx_HAL_Driver/Src/stm32g0xx_hal_tim.o
                0x080050ac                HAL_TIM_PWM_ConfigChannel
 .text.HAL_TIM_ConfigClockSource
                0x080053f4      0x170 ./Drivers/STM32G0xx_HAL_Driver/Src/stm32g0xx_hal_tim.o
                0x080053f4                HAL_TIM_ConfigClockSource
 .text.HAL_TIM_ReadCapturedValue
                0x08005564       0x30 ./Drivers/STM32G0xx_HAL_Driver/Src/stm32g0xx_hal_tim.o
                0x08005564                HAL_TIM_ReadCapturedValue
 .text.HAL_TIM_RegisterCallback
                0x08005594      0x104 ./Drivers/STM32G0xx_HAL_Driver/Src/stm32g0xx_hal_tim.o
                0x08005594                HAL_TIM_RegisterCallback
 .text.HAL_TIMEx_MasterConfigSynchronization
                0x08005698       0x70 ./Drivers/STM32G0xx_HAL_Driver/Src/stm32g0xx_hal_tim_ex.o
                0x08005698                HAL_TIMEx_MasterConfigSynchronization
 .text.HAL_TIMEx_ConfigBreakDeadTime
                0x08005708       0xc0 ./Drivers/STM32G0xx_HAL_Driver/Src/stm32g0xx_hal_tim_ex.o
                0x08005708                HAL_TIMEx_ConfigBreakDeadTime
 .text.HAL_TIMEx_CommutCallback
                0x080057c8        0x4 ./Drivers/STM32G0xx_HAL_Driver/Src/stm32g0xx_hal_tim_ex.o
                0x080057c8                HAL_TIMEx_CommutCallback
 .text.HAL_TIMEx_CommutHalfCpltCallback
                0x080057cc        0x4 ./Drivers/STM32G0xx_HAL_Driver/Src/stm32g0xx_hal_tim_ex.o
                0x080057cc                HAL_TIMEx_CommutHalfCpltCallback
 .text.HAL_TIMEx_BreakCallback
                0x080057d0        0x4 ./Drivers/STM32G0xx_HAL_Driver/Src/stm32g0xx_hal_tim_ex.o
                0x080057d0                HAL_TIMEx_BreakCallback
 .text.HAL_TIMEx_Break2Callback
                0x080057d4        0x4 ./Drivers/STM32G0xx_HAL_Driver/Src/stm32g0xx_hal_tim_ex.o
                0x080057d4                HAL_TIMEx_Break2Callback
 .text.HAL_UARTEx_RxEventCallback
                0x080057d8        0x4 ./Drivers/STM32G0xx_HAL_Driver/Src/stm32g0xx_hal_uart.o
                0x080057d8                HAL_UARTEx_RxEventCallback
 .text.UART_DMAReceiveCplt
                0x080057dc       0xa0 ./Drivers/STM32G0xx_HAL_Driver/Src/stm32g0xx_hal_uart.o
 .text.UART_DMARxHalfCplt
                0x0800587c       0x24 ./Drivers/STM32G0xx_HAL_Driver/Src/stm32g0xx_hal_uart.o
 .text.UART_DMAAbortOnError
                0x080058a0       0x18 ./Drivers/STM32G0xx_HAL_Driver/Src/stm32g0xx_hal_uart.o
 .text.HAL_UART_AbortReceiveCpltCallback
                0x080058b8        0x4 ./Drivers/STM32G0xx_HAL_Driver/Src/stm32g0xx_hal_uart.o
                0x080058b8                HAL_UART_AbortReceiveCpltCallback
 .text.HAL_UART_TxCpltCallback
                0x080058bc        0x4 ./Drivers/STM32G0xx_HAL_Driver/Src/stm32g0xx_hal_uart.o
                0x080058bc                HAL_UART_TxCpltCallback
 .text.HAL_UART_TxHalfCpltCallback
                0x080058c0        0x4 ./Drivers/STM32G0xx_HAL_Driver/Src/stm32g0xx_hal_uart.o
                0x080058c0                HAL_UART_TxHalfCpltCallback
 .text.HAL_UART_RxCpltCallback
                0x080058c4        0x4 ./Drivers/STM32G0xx_HAL_Driver/Src/stm32g0xx_hal_uart.o
                0x080058c4                HAL_UART_RxCpltCallback
 .text.HAL_UART_RxHalfCpltCallback
                0x080058c8        0x4 ./Drivers/STM32G0xx_HAL_Driver/Src/stm32g0xx_hal_uart.o
                0x080058c8                HAL_UART_RxHalfCpltCallback
 .text.HAL_UART_ErrorCallback
                0x080058cc        0x4 ./Drivers/STM32G0xx_HAL_Driver/Src/stm32g0xx_hal_uart.o
                0x080058cc                HAL_UART_ErrorCallback
 .text.HAL_UART_AbortCpltCallback
                0x080058d0        0x4 ./Drivers/STM32G0xx_HAL_Driver/Src/stm32g0xx_hal_uart.o
                0x080058d0                HAL_UART_AbortCpltCallback
 .text.HAL_UART_AbortTransmitCpltCallback
                0x080058d4        0x4 ./Drivers/STM32G0xx_HAL_Driver/Src/stm32g0xx_hal_uart.o
                0x080058d4                HAL_UART_AbortTransmitCpltCallback
 .text.UART_DMAError
                0x080058d8       0xdc ./Drivers/STM32G0xx_HAL_Driver/Src/stm32g0xx_hal_uart.o
 .text.HAL_UART_RegisterCallback
                0x080059b4       0xa4 ./Drivers/STM32G0xx_HAL_Driver/Src/stm32g0xx_hal_uart.o
                0x080059b4                HAL_UART_RegisterCallback
 .text.HAL_UART_Receive_DMA
                0x08005a58      0x100 ./Drivers/STM32G0xx_HAL_Driver/Src/stm32g0xx_hal_uart.o
                0x08005a58                HAL_UART_Receive_DMA
 .text.HAL_UART_IRQHandler
                0x08005b58      0x3cc ./Drivers/STM32G0xx_HAL_Driver/Src/stm32g0xx_hal_uart.o
                0x08005b58                HAL_UART_IRQHandler
 .text.UART_AdvFeatureConfig
                0x08005f24       0xd0 ./Drivers/STM32G0xx_HAL_Driver/Src/stm32g0xx_hal_uart.o
                0x08005f24                UART_AdvFeatureConfig
 .text.UART_CheckIdleState
                0x08005ff4      0x2ac ./Drivers/STM32G0xx_HAL_Driver/Src/stm32g0xx_hal_uart.o
                0x08005ff4                UART_CheckIdleState
 .text.HAL_UART_Init
                0x080062a0      0x324 ./Drivers/STM32G0xx_HAL_Driver/Src/stm32g0xx_hal_uart.o
                0x080062a0                HAL_UART_Init
 .text.HAL_UARTEx_WakeupCallback
                0x080065c4        0x4 ./Drivers/STM32G0xx_HAL_Driver/Src/stm32g0xx_hal_uart_ex.o
                0x080065c4                HAL_UARTEx_WakeupCallback
 .text.HAL_UARTEx_RxFifoFullCallback
                0x080065c8        0x4 ./Drivers/STM32G0xx_HAL_Driver/Src/stm32g0xx_hal_uart_ex.o
                0x080065c8                HAL_UARTEx_RxFifoFullCallback
 .text.HAL_UARTEx_TxFifoEmptyCallback
                0x080065cc        0x4 ./Drivers/STM32G0xx_HAL_Driver/Src/stm32g0xx_hal_uart_ex.o
                0x080065cc                HAL_UARTEx_TxFifoEmptyCallback
 .text.memset   0x080065d0       0x10 C:/ST/STM32CubeIDE_1.16.1/STM32CubeIDE/plugins/com.st.stm32cube.ide.mcu.externaltools.gnu-tools-for-stm32.12.3.rel1.win32_1.1.0.202410251130/tools/bin/../lib/gcc/arm-none-eabi/12.3.1/../../../../arm-none-eabi/lib/thumb/v6-m/nofp\libc_nano.a(libc_a-memset.o)
                0x080065d0                memset
 .text.__libc_init_array
                0x080065e0       0x48 C:/ST/STM32CubeIDE_1.16.1/STM32CubeIDE/plugins/com.st.stm32cube.ide.mcu.externaltools.gnu-tools-for-stm32.12.3.rel1.win32_1.1.0.202410251130/tools/bin/../lib/gcc/arm-none-eabi/12.3.1/../../../../arm-none-eabi/lib/thumb/v6-m/nofp\libc_nano.a(libc_a-init.o)
                0x080065e0                __libc_init_array
 *(.glue_7)
 .glue_7        0x08006628        0x0 linker stubs
 *(.glue_7t)
 .glue_7t       0x08006628        0x0 linker stubs
 *(.eh_frame)
 .eh_frame      0x08006628        0x0 C:/ST/STM32CubeIDE_1.16.1/STM32CubeIDE/plugins/com.st.stm32cube.ide.mcu.externaltools.gnu-tools-for-stm32.12.3.rel1.win32_1.1.0.202410251130/tools/bin/../lib/gcc/arm-none-eabi/12.3.1/thumb/v6-m/nofp/crtbegin.o
 *(.init)
 .init          0x08006628        0x4 C:/ST/STM32CubeIDE_1.16.1/STM32CubeIDE/plugins/com.st.stm32cube.ide.mcu.externaltools.gnu-tools-for-stm32.12.3.rel1.win32_1.1.0.202410251130/tools/bin/../lib/gcc/arm-none-eabi/12.3.1/thumb/v6-m/nofp/crti.o
                0x08006628                _init
 .init          0x0800662c        0x8 C:/ST/STM32CubeIDE_1.16.1/STM32CubeIDE/plugins/com.st.stm32cube.ide.mcu.externaltools.gnu-tools-for-stm32.12.3.rel1.win32_1.1.0.202410251130/tools/bin/../lib/gcc/arm-none-eabi/12.3.1/thumb/v6-m/nofp/crtn.o
 *(.fini)
 .fini          0x08006634        0x4 C:/ST/STM32CubeIDE_1.16.1/STM32CubeIDE/plugins/com.st.stm32cube.ide.mcu.externaltools.gnu-tools-for-stm32.12.3.rel1.win32_1.1.0.202410251130/tools/bin/../lib/gcc/arm-none-eabi/12.3.1/thumb/v6-m/nofp/crti.o
                0x08006634                _fini
 .fini          0x08006638        0x8 C:/ST/STM32CubeIDE_1.16.1/STM32CubeIDE/plugins/com.st.stm32cube.ide.mcu.externaltools.gnu-tools-for-stm32.12.3.rel1.win32_1.1.0.202410251130/tools/bin/../lib/gcc/arm-none-eabi/12.3.1/thumb/v6-m/nofp/crtn.o
                0x08006640                        . = ALIGN (0x4)
                0x08006640                        _etext = .

.vfp11_veneer   0x08006640        0x0
 .vfp11_veneer  0x08006640        0x0 linker stubs

.v4_bx          0x08006640        0x0
 .v4_bx         0x08006640        0x0 linker stubs

.iplt           0x08006640        0x0
 .iplt          0x08006640        0x0 C:/ST/STM32CubeIDE_1.16.1/STM32CubeIDE/plugins/com.st.stm32cube.ide.mcu.externaltools.gnu-tools-for-stm32.12.3.rel1.win32_1.1.0.202410251130/tools/bin/../lib/gcc/arm-none-eabi/12.3.1/thumb/v6-m/nofp/crtbegin.o

.rodata         0x08006640      0xb50
                0x08006640                        . = ALIGN (0x4)
 *(.rodata)
 *(.rodata*)
 .rodata.num_ADC_conversions
                0x08006640        0x1 ./Core/Src/system.o
                0x08006640                num_ADC_conversions
 *fill*         0x08006641        0x3 
 .rodata.tri_wavetable
                0x08006644      0x400 ./Core/Src/system.o
                0x08006644                tri_wavetable
 .rodata.sine_wavetable
                0x08006a44      0x400 ./Core/Src/system.o
                0x08006a44                sine_wavetable
 .rodata.APBPrescTable
                0x08006e44       0x20 ./Core/Src/system_stm32g0xx.o
                0x08006e44                APBPrescTable
 .rodata.AHBPrescTable
                0x08006e64       0x40 ./Core/Src/system_stm32g0xx.o
                0x08006e64                AHBPrescTable
 .rodata.HAL_ADC_RegisterCallback
                0x08006ea4       0x2c ./Drivers/STM32G0xx_HAL_Driver/Src/stm32g0xx_hal_adc.o
 .rodata.HAL_LPTIM_RegisterCallback
                0x08006ed0       0x24 ./Drivers/STM32G0xx_HAL_Driver/Src/stm32g0xx_hal_lptim.o
 .rodata.HAL_TIM_OC_Start_IT
                0x08006ef4       0x44 ./Drivers/STM32G0xx_HAL_Driver/Src/stm32g0xx_hal_tim.o
 .rodata.HAL_TIM_PWM_Start
                0x08006f38       0x44 ./Drivers/STM32G0xx_HAL_Driver/Src/stm32g0xx_hal_tim.o
 .rodata.HAL_TIM_IC_Start_IT
                0x08006f7c       0x78 ./Drivers/STM32G0xx_HAL_Driver/Src/stm32g0xx_hal_tim.o
 .rodata.HAL_TIM_OC_ConfigChannel
                0x08006ff4       0x54 ./Drivers/STM32G0xx_HAL_Driver/Src/stm32g0xx_hal_tim.o
 .rodata.HAL_TIM_PWM_ConfigChannel
                0x08007048       0x54 ./Drivers/STM32G0xx_HAL_Driver/Src/stm32g0xx_hal_tim.o
 .rodata.HAL_TIM_RegisterCallback
                0x0800709c       0xa8 ./Drivers/STM32G0xx_HAL_Driver/Src/stm32g0xx_hal_tim.o
 .rodata.HAL_UART_RegisterCallback
                0x08007144       0x34 ./Drivers/STM32G0xx_HAL_Driver/Src/stm32g0xx_hal_uart.o
 .rodata.UARTPrescTable
                0x08007178       0x18 ./Drivers/STM32G0xx_HAL_Driver/Src/stm32g0xx_hal_uart.o
                0x08007178                UARTPrescTable
                0x08007190                        . = ALIGN (0x4)

.ARM.extab      0x08007190        0x0
                0x08007190                        . = ALIGN (0x4)
 *(.ARM.extab* .gnu.linkonce.armextab.*)
                0x08007190                        . = ALIGN (0x4)

.ARM            0x08007190        0x8
                0x08007190                        . = ALIGN (0x4)
                0x08007190                        __exidx_start = .
 *(.ARM.exidx*)
 .ARM.exidx     0x08007190        0x8 C:/ST/STM32CubeIDE_1.16.1/STM32CubeIDE/plugins/com.st.stm32cube.ide.mcu.externaltools.gnu-tools-for-stm32.12.3.rel1.win32_1.1.0.202410251130/tools/bin/../lib/gcc/arm-none-eabi/12.3.1/thumb/v6-m/nofp\libgcc.a(_udivmoddi4.o)
                0x08007198                        __exidx_end = .
                0x08007198                        . = ALIGN (0x4)

.preinit_array  0x08007198        0x0
                0x08007198                        . = ALIGN (0x4)
                0x08007198                        PROVIDE (__preinit_array_start = .)
 *(.preinit_array*)
                0x08007198                        PROVIDE (__preinit_array_end = .)
                0x08007198                        . = ALIGN (0x4)

.init_array     0x08007198        0x4
                0x08007198                        . = ALIGN (0x4)
                0x08007198                        PROVIDE (__init_array_start = .)
 *(SORT_BY_NAME(.init_array.*))
 *(.init_array*)
 .init_array    0x08007198        0x4 C:/ST/STM32CubeIDE_1.16.1/STM32CubeIDE/plugins/com.st.stm32cube.ide.mcu.externaltools.gnu-tools-for-stm32.12.3.rel1.win32_1.1.0.202410251130/tools/bin/../lib/gcc/arm-none-eabi/12.3.1/thumb/v6-m/nofp/crtbegin.o
                0x0800719c                        PROVIDE (__init_array_end = .)
                0x0800719c                        . = ALIGN (0x4)

.fini_array     0x0800719c        0x4
                0x0800719c                        . = ALIGN (0x4)
                [!provide]                        PROVIDE (__fini_array_start = .)
 *(SORT_BY_NAME(.fini_array.*))
 *(.fini_array*)
 .fini_array    0x0800719c        0x4 C:/ST/STM32CubeIDE_1.16.1/STM32CubeIDE/plugins/com.st.stm32cube.ide.mcu.externaltools.gnu-tools-for-stm32.12.3.rel1.win32_1.1.0.202410251130/tools/bin/../lib/gcc/arm-none-eabi/12.3.1/thumb/v6-m/nofp/crtbegin.o
                [!provide]                        PROVIDE (__fini_array_end = .)
                0x080071a0                        . = ALIGN (0x4)
                0x080071a0                        _sidata = LOADADDR (.data)

.rel.dyn        0x080071a0        0x0
 .rel.iplt      0x080071a0        0x0 C:/ST/STM32CubeIDE_1.16.1/STM32CubeIDE/plugins/com.st.stm32cube.ide.mcu.externaltools.gnu-tools-for-stm32.12.3.rel1.win32_1.1.0.202410251130/tools/bin/../lib/gcc/arm-none-eabi/12.3.1/thumb/v6-m/nofp/crtbegin.o

.data           0x20000000      0x418 load address 0x080071a0
                0x20000000                        . = ALIGN (0x4)
                0x20000000                        _sdata = .
 *(.data)
 *(.data*)
 .data.delay_line
                0x20000000      0x408 ./Core/Src/system.o
                0x20000000                delay_line
 .data.tap_tempo_switch_state_counter
                0x20000408        0x1 ./Core/Src/system.o
                0x20000408                tap_tempo_switch_state_counter
 .data.UART_DMA_TX_is_complete
                0x20000409        0x1 ./Core/Src/system.o
                0x20000409                UART_DMA_TX_is_complete
 *fill*         0x2000040a        0x2 
 .data.SystemCoreClock
                0x2000040c        0x4 ./Core/Src/system_stm32g0xx.o
                0x2000040c                SystemCoreClock
 .data.uwTickFreq
                0x20000410        0x1 ./Drivers/STM32G0xx_HAL_Driver/Src/stm32g0xx_hal.o
                0x20000410                uwTickFreq
 *fill*         0x20000411        0x3 
 .data.uwTickPrio
                0x20000414        0x4 ./Drivers/STM32G0xx_HAL_Driver/Src/stm32g0xx_hal.o
                0x20000414                uwTickPrio
 *(.RamFunc)
 *(.RamFunc*)
                0x20000418                        . = ALIGN (0x4)
                0x20000418                        _edata = .

.igot.plt       0x20000418        0x0 load address 0x080075b8
 .igot.plt      0x20000418        0x0 C:/ST/STM32CubeIDE_1.16.1/STM32CubeIDE/plugins/com.st.stm32cube.ide.mcu.externaltools.gnu-tools-for-stm32.12.3.rel1.win32_1.1.0.202410251130/tools/bin/../lib/gcc/arm-none-eabi/12.3.1/thumb/v6-m/nofp/crtbegin.o
                0x20000418                        . = ALIGN (0x4)

.bss            0x20000418      0x6f4 load address 0x080075b8
                0x20000418                        _sbss = .
                0x20000418                        __bss_start__ = _sbss
 *(.bss)
 .bss           0x20000418       0x1c C:/ST/STM32CubeIDE_1.16.1/STM32CubeIDE/plugins/com.st.stm32cube.ide.mcu.externaltools.gnu-tools-for-stm32.12.3.rel1.win32_1.1.0.202410251130/tools/bin/../lib/gcc/arm-none-eabi/12.3.1/thumb/v6-m/nofp/crtbegin.o
 *(.bss*)
 *fill*         0x20000434        0x4 
 .bss.hlptim1   0x20000438       0x5c ./Core/Src/config.o
                0x20000438                hlptim1
 .bss.hdma_usart2_tx
                0x20000494       0x5c ./Core/Src/config.o
                0x20000494                hdma_usart2_tx
 .bss.hdma_usart2_rx
                0x200004f0       0x5c ./Core/Src/config.o
                0x200004f0                hdma_usart2_rx
 .bss.huart2    0x2000054c       0xcc ./Core/Src/config.o
                0x2000054c                huart2
 .bss.htim17    0x20000618       0xbc ./Core/Src/config.o
                0x20000618                htim17
 .bss.htim1     0x200006d4       0xbc ./Core/Src/config.o
                0x200006d4                htim1
 .bss.htim3     0x20000790       0xbc ./Core/Src/config.o
                0x20000790                htim3
 .bss.htim2     0x2000084c       0xbc ./Core/Src/config.o
                0x2000084c                htim2
 .bss.htim16    0x20000908       0xbc ./Core/Src/config.o
                0x20000908                htim16
 .bss.hdma_adc1
                0x200009c4       0x5c ./Core/Src/config.o
                0x200009c4                hdma_adc1
 .bss.hadc1     0x20000a20       0x88 ./Core/Src/config.o
                0x20000a20                hadc1
 .bss.rx_buffer
                0x20000aa8        0x1 ./Core/Src/main.o
                0x20000aa8                rx_buffer
 .bss.extend_rising_edge.0
                0x20000aa9        0x1 ./Core/Src/system.o
 .bss.second_speed_measurement.1
                0x20000aaa        0x2 ./Core/Src/system.o
 .bss.first_speed_measurement.2
                0x20000aac        0x2 ./Core/Src/system.o
 *fill*         0x20000aae        0x2 
 .bss.params_to_be_loaded
                0x20000ab0       0x1c ./Core/Src/system.o
                0x20000ab0                params_to_be_loaded
 .bss.params    0x20000acc       0x1c ./Core/Src/system.o
                0x20000acc                params
 .bss.tap_tempo_mode_is_active
                0x20000ae8        0x1 ./Core/Src/system.o
                0x20000ae8                tap_tempo_mode_is_active
 .bss.external_clock_mode_is_active
                0x20000ae9        0x1 ./Core/Src/system.o
                0x20000ae9                external_clock_mode_is_active
 .bss.input_capture_processing_can_be_started
                0x20000aea        0x1 ./Core/Src/system.o
                0x20000aea                input_capture_processing_can_be_started
 .bss.tap_tempo_switch_state
                0x20000aeb        0x1 ./Core/Src/system.o
                0x20000aeb                tap_tempo_switch_state
 .bss.speed_pot_adc_measurement_num
                0x20000aec        0x1 ./Core/Src/system.o
                0x20000aec                speed_pot_adc_measurement_num
 *fill*         0x20000aed        0x1 
 .bss.interrupt_period
                0x20000aee        0x2 ./Core/Src/system.o
                0x20000aee                interrupt_period
 .bss.input_capture_measurement_reelapse_is_ongoing
                0x20000af0        0x1 ./Core/Src/system.o
                0x20000af0                input_capture_measurement_reelapse_is_ongoing
 .bss.input_capture_measurement_is_ongoing
                0x20000af1        0x1 ./Core/Src/system.o
                0x20000af1                input_capture_measurement_is_ongoing
 *fill*         0x20000af2        0x2 
 .bss.TIM2_ch1_input_capture_value
                0x20000af4        0x4 ./Core/Src/system.o
                0x20000af4                TIM2_ch1_input_capture_value
 .bss.input_capture_event
                0x20000af8        0x1 ./Core/Src/system.o
                0x20000af8                input_capture_event
 .bss.initial_ADC_conversion_complete
                0x20000af9        0x1 ./Core/Src/system.o
                0x20000af9                initial_ADC_conversion_complete
 *fill*         0x20000afa        0x2 
 .bss.ADCResultsDMA
                0x20000afc        0xa ./Core/Src/system.o
                0x20000afc                ADCResultsDMA
 *fill*         0x20000b06        0x2 
 .bss.uwTick    0x20000b08        0x4 ./Drivers/STM32G0xx_HAL_Driver/Src/stm32g0xx_hal.o
                0x20000b08                uwTick
 *(COMMON)
                0x20000b0c                        . = ALIGN (0x4)
                0x20000b0c                        _ebss = .
                0x20000b0c                        __bss_end__ = _ebss

._user_heap_stack
                0x20000b0c      0x604 load address 0x080075b8
                0x20000b10                        . = ALIGN (0x8)
 *fill*         0x20000b0c        0x4 
                [!provide]                        PROVIDE (end = .)
                0x20000b10                        PROVIDE (_end = .)
                0x20000d10                        . = (. + _Min_Heap_Size)
 *fill*         0x20000b10      0x200 
                0x20001110                        . = (. + _Min_Stack_Size)
 *fill*         0x20000d10      0x400 
                0x20001110                        . = ALIGN (0x8)

/DISCARD/
 libc.a(*)
 libm.a(*)
 libgcc.a(*)

.ARM.attributes
                0x00000000       0x28
 *(.ARM.attributes)
 .ARM.attributes
                0x00000000       0x1e C:/ST/STM32CubeIDE_1.16.1/STM32CubeIDE/plugins/com.st.stm32cube.ide.mcu.externaltools.gnu-tools-for-stm32.12.3.rel1.win32_1.1.0.202410251130/tools/bin/../lib/gcc/arm-none-eabi/12.3.1/thumb/v6-m/nofp/crti.o
 .ARM.attributes
                0x0000001e       0x2c C:/ST/STM32CubeIDE_1.16.1/STM32CubeIDE/plugins/com.st.stm32cube.ide.mcu.externaltools.gnu-tools-for-stm32.12.3.rel1.win32_1.1.0.202410251130/tools/bin/../lib/gcc/arm-none-eabi/12.3.1/thumb/v6-m/nofp/crtbegin.o
 .ARM.attributes
                0x0000004a       0x28 ./Core/Src/config.o
 .ARM.attributes
                0x00000072       0x28 ./Core/Src/custom_callbacks.o
 .ARM.attributes
                0x0000009a       0x28 ./Core/Src/main.o
 .ARM.attributes
                0x000000c2       0x28 ./Core/Src/stm32g0xx_hal_msp.o
 .ARM.attributes
                0x000000ea       0x28 ./Core/Src/stm32g0xx_it.o
 .ARM.attributes
                0x00000112       0x28 ./Core/Src/system.o
 .ARM.attributes
                0x0000013a       0x28 ./Core/Src/system_stm32g0xx.o
 .ARM.attributes
                0x00000162       0x22 ./Core/Startup/startup_stm32g031k8tx.o
 .ARM.attributes
                0x00000184       0x28 ./Drivers/STM32G0xx_HAL_Driver/Src/stm32g0xx_hal.o
 .ARM.attributes
                0x000001ac       0x28 ./Drivers/STM32G0xx_HAL_Driver/Src/stm32g0xx_hal_adc.o
 .ARM.attributes
                0x000001d4       0x28 ./Drivers/STM32G0xx_HAL_Driver/Src/stm32g0xx_hal_adc_ex.o
 .ARM.attributes
                0x000001fc       0x28 ./Drivers/STM32G0xx_HAL_Driver/Src/stm32g0xx_hal_cortex.o
 .ARM.attributes
                0x00000224       0x28 ./Drivers/STM32G0xx_HAL_Driver/Src/stm32g0xx_hal_dma.o
 .ARM.attributes
                0x0000024c       0x28 ./Drivers/STM32G0xx_HAL_Driver/Src/stm32g0xx_hal_gpio.o
 .ARM.attributes
                0x00000274       0x28 ./Drivers/STM32G0xx_HAL_Driver/Src/stm32g0xx_hal_lptim.o
 .ARM.attributes
                0x0000029c       0x28 ./Drivers/STM32G0xx_HAL_Driver/Src/stm32g0xx_hal_pwr_ex.o
 .ARM.attributes
                0x000002c4       0x28 ./Drivers/STM32G0xx_HAL_Driver/Src/stm32g0xx_hal_rcc.o
 .ARM.attributes
                0x000002ec       0x28 ./Drivers/STM32G0xx_HAL_Driver/Src/stm32g0xx_hal_rcc_ex.o
 .ARM.attributes
                0x00000314       0x28 ./Drivers/STM32G0xx_HAL_Driver/Src/stm32g0xx_hal_tim.o
 .ARM.attributes
                0x0000033c       0x28 ./Drivers/STM32G0xx_HAL_Driver/Src/stm32g0xx_hal_tim_ex.o
 .ARM.attributes
                0x00000364       0x28 ./Drivers/STM32G0xx_HAL_Driver/Src/stm32g0xx_hal_uart.o
 .ARM.attributes
                0x0000038c       0x28 ./Drivers/STM32G0xx_HAL_Driver/Src/stm32g0xx_hal_uart_ex.o
 .ARM.attributes
                0x000003b4       0x2c C:/ST/STM32CubeIDE_1.16.1/STM32CubeIDE/plugins/com.st.stm32cube.ide.mcu.externaltools.gnu-tools-for-stm32.12.3.rel1.win32_1.1.0.202410251130/tools/bin/../lib/gcc/arm-none-eabi/12.3.1/../../../../arm-none-eabi/lib/thumb/v6-m/nofp\libc_nano.a(libc_a-memset.o)
 .ARM.attributes
                0x000003e0       0x2c C:/ST/STM32CubeIDE_1.16.1/STM32CubeIDE/plugins/com.st.stm32cube.ide.mcu.externaltools.gnu-tools-for-stm32.12.3.rel1.win32_1.1.0.202410251130/tools/bin/../lib/gcc/arm-none-eabi/12.3.1/../../../../arm-none-eabi/lib/thumb/v6-m/nofp\libc_nano.a(libc_a-init.o)
 .ARM.attributes
                0x0000040c       0x1e C:/ST/STM32CubeIDE_1.16.1/STM32CubeIDE/plugins/com.st.stm32cube.ide.mcu.externaltools.gnu-tools-for-stm32.12.3.rel1.win32_1.1.0.202410251130/tools/bin/../lib/gcc/arm-none-eabi/12.3.1/thumb/v6-m/nofp\libgcc.a(_udivsi3.o)
 .ARM.attributes
                0x0000042a       0x1e C:/ST/STM32CubeIDE_1.16.1/STM32CubeIDE/plugins/com.st.stm32cube.ide.mcu.externaltools.gnu-tools-for-stm32.12.3.rel1.win32_1.1.0.202410251130/tools/bin/../lib/gcc/arm-none-eabi/12.3.1/thumb/v6-m/nofp\libgcc.a(_divsi3.o)
 .ARM.attributes
                0x00000448       0x1e C:/ST/STM32CubeIDE_1.16.1/STM32CubeIDE/plugins/com.st.stm32cube.ide.mcu.externaltools.gnu-tools-for-stm32.12.3.rel1.win32_1.1.0.202410251130/tools/bin/../lib/gcc/arm-none-eabi/12.3.1/thumb/v6-m/nofp\libgcc.a(_dvmd_tls.o)
 .ARM.attributes
                0x00000466       0x1e C:/ST/STM32CubeIDE_1.16.1/STM32CubeIDE/plugins/com.st.stm32cube.ide.mcu.externaltools.gnu-tools-for-stm32.12.3.rel1.win32_1.1.0.202410251130/tools/bin/../lib/gcc/arm-none-eabi/12.3.1/thumb/v6-m/nofp\libgcc.a(_aeabi_uldivmod.o)
 .ARM.attributes
                0x00000484       0x2c C:/ST/STM32CubeIDE_1.16.1/STM32CubeIDE/plugins/com.st.stm32cube.ide.mcu.externaltools.gnu-tools-for-stm32.12.3.rel1.win32_1.1.0.202410251130/tools/bin/../lib/gcc/arm-none-eabi/12.3.1/thumb/v6-m/nofp\libgcc.a(_udivmoddi4.o)
 .ARM.attributes
                0x000004b0       0x1e C:/ST/STM32CubeIDE_1.16.1/STM32CubeIDE/plugins/com.st.stm32cube.ide.mcu.externaltools.gnu-tools-for-stm32.12.3.rel1.win32_1.1.0.202410251130/tools/bin/../lib/gcc/arm-none-eabi/12.3.1/thumb/v6-m/nofp\libgcc.a(_clzdi2.o)
 .ARM.attributes
                0x000004ce       0x1e C:/ST/STM32CubeIDE_1.16.1/STM32CubeIDE/plugins/com.st.stm32cube.ide.mcu.externaltools.gnu-tools-for-stm32.12.3.rel1.win32_1.1.0.202410251130/tools/bin/../lib/gcc/arm-none-eabi/12.3.1/thumb/v6-m/nofp\libgcc.a(_clzsi2.o)
 .ARM.attributes
                0x000004ec       0x1e C:/ST/STM32CubeIDE_1.16.1/STM32CubeIDE/plugins/com.st.stm32cube.ide.mcu.externaltools.gnu-tools-for-stm32.12.3.rel1.win32_1.1.0.202410251130/tools/bin/../lib/gcc/arm-none-eabi/12.3.1/thumb/v6-m/nofp/crtn.o
OUTPUT(g031k8.elf elf32-littlearm)
LOAD linker stubs
LOAD C:/ST/STM32CubeIDE_1.16.1/STM32CubeIDE/plugins/com.st.stm32cube.ide.mcu.externaltools.gnu-tools-for-stm32.12.3.rel1.win32_1.1.0.202410251130/tools/bin/../lib/gcc/arm-none-eabi/12.3.1/../../../../arm-none-eabi/lib/thumb/v6-m/nofp\libc.a
LOAD C:/ST/STM32CubeIDE_1.16.1/STM32CubeIDE/plugins/com.st.stm32cube.ide.mcu.externaltools.gnu-tools-for-stm32.12.3.rel1.win32_1.1.0.202410251130/tools/bin/../lib/gcc/arm-none-eabi/12.3.1/../../../../arm-none-eabi/lib/thumb/v6-m/nofp\libm.a
LOAD C:/ST/STM32CubeIDE_1.16.1/STM32CubeIDE/plugins/com.st.stm32cube.ide.mcu.externaltools.gnu-tools-for-stm32.12.3.rel1.win32_1.1.0.202410251130/tools/bin/../lib/gcc/arm-none-eabi/12.3.1/thumb/v6-m/nofp\libgcc.a

.debug_info     0x00000000    0x25893
 .debug_info    0x00000000     0x3717 ./Core/Src/config.o
 .debug_info    0x00003717     0x202c ./Core/Src/custom_callbacks.o
 .debug_info    0x00005743      0xb91 ./Core/Src/main.o
 .debug_info    0x000062d4     0x2047 ./Core/Src/stm32g0xx_hal_msp.o
 .debug_info    0x0000831b     0x12a9 ./Core/Src/stm32g0xx_it.o
 .debug_info    0x000095c4     0x23c7 ./Core/Src/system.o
 .debug_info    0x0000b98b      0x34e ./Core/Src/system_stm32g0xx.o
 .debug_info    0x0000bcd9       0x30 ./Core/Startup/startup_stm32g031k8tx.o
 .debug_info    0x0000bd09      0xb3c ./Drivers/STM32G0xx_HAL_Driver/Src/stm32g0xx_hal.o
 .debug_info    0x0000c845     0x23a8 ./Drivers/STM32G0xx_HAL_Driver/Src/stm32g0xx_hal_adc.o
 .debug_info    0x0000ebed      0xd8e ./Drivers/STM32G0xx_HAL_Driver/Src/stm32g0xx_hal_adc_ex.o
 .debug_info    0x0000f97b      0xa40 ./Drivers/STM32G0xx_HAL_Driver/Src/stm32g0xx_hal_cortex.o
 .debug_info    0x000103bb      0xab0 ./Drivers/STM32G0xx_HAL_Driver/Src/stm32g0xx_hal_dma.o
 .debug_info    0x00010e6b      0x5ef ./Drivers/STM32G0xx_HAL_Driver/Src/stm32g0xx_hal_gpio.o
 .debug_info    0x0001145a     0x1c86 ./Drivers/STM32G0xx_HAL_Driver/Src/stm32g0xx_hal_lptim.o
 .debug_info    0x000130e0      0x7ef ./Drivers/STM32G0xx_HAL_Driver/Src/stm32g0xx_hal_pwr_ex.o
 .debug_info    0x000138cf      0xdc8 ./Drivers/STM32G0xx_HAL_Driver/Src/stm32g0xx_hal_rcc.o
 .debug_info    0x00014697      0x854 ./Drivers/STM32G0xx_HAL_Driver/Src/stm32g0xx_hal_rcc_ex.o
 .debug_info    0x00014eeb     0x5491 ./Drivers/STM32G0xx_HAL_Driver/Src/stm32g0xx_hal_tim.o
 .debug_info    0x0001a37c     0x2151 ./Drivers/STM32G0xx_HAL_Driver/Src/stm32g0xx_hal_tim_ex.o
 .debug_info    0x0001c4cd     0x7f18 ./Drivers/STM32G0xx_HAL_Driver/Src/stm32g0xx_hal_uart.o
 .debug_info    0x000243e5     0x14ae ./Drivers/STM32G0xx_HAL_Driver/Src/stm32g0xx_hal_uart_ex.o

.debug_abbrev   0x00000000     0x4121
 .debug_abbrev  0x00000000      0x37e ./Core/Src/config.o
 .debug_abbrev  0x0000037e      0x2a7 ./Core/Src/custom_callbacks.o
 .debug_abbrev  0x00000625      0x236 ./Core/Src/main.o
 .debug_abbrev  0x0000085b      0x2ae ./Core/Src/stm32g0xx_hal_msp.o
 .debug_abbrev  0x00000b09      0x23b ./Core/Src/stm32g0xx_it.o
 .debug_abbrev  0x00000d44      0x4e9 ./Core/Src/system.o
 .debug_abbrev  0x0000122d      0x148 ./Core/Src/system_stm32g0xx.o
 .debug_abbrev  0x00001375       0x24 ./Core/Startup/startup_stm32g031k8tx.o
 .debug_abbrev  0x00001399      0x341 ./Drivers/STM32G0xx_HAL_Driver/Src/stm32g0xx_hal.o
 .debug_abbrev  0x000016da      0x370 ./Drivers/STM32G0xx_HAL_Driver/Src/stm32g0xx_hal_adc.o
 .debug_abbrev  0x00001a4a      0x30f ./Drivers/STM32G0xx_HAL_Driver/Src/stm32g0xx_hal_adc_ex.o
 .debug_abbrev  0x00001d59      0x2dc ./Drivers/STM32G0xx_HAL_Driver/Src/stm32g0xx_hal_cortex.o
 .debug_abbrev  0x00002035      0x28a ./Drivers/STM32G0xx_HAL_Driver/Src/stm32g0xx_hal_dma.o
 .debug_abbrev  0x000022bf      0x26c ./Drivers/STM32G0xx_HAL_Driver/Src/stm32g0xx_hal_gpio.o
 .debug_abbrev  0x0000252b      0x37c ./Drivers/STM32G0xx_HAL_Driver/Src/stm32g0xx_hal_lptim.o
 .debug_abbrev  0x000028a7      0x28a ./Drivers/STM32G0xx_HAL_Driver/Src/stm32g0xx_hal_pwr_ex.o
 .debug_abbrev  0x00002b31      0x36b ./Drivers/STM32G0xx_HAL_Driver/Src/stm32g0xx_hal_rcc.o
 .debug_abbrev  0x00002e9c      0x296 ./Drivers/STM32G0xx_HAL_Driver/Src/stm32g0xx_hal_rcc_ex.o
 .debug_abbrev  0x00003132      0x3e7 ./Drivers/STM32G0xx_HAL_Driver/Src/stm32g0xx_hal_tim.o
 .debug_abbrev  0x00003519      0x3f8 ./Drivers/STM32G0xx_HAL_Driver/Src/stm32g0xx_hal_tim_ex.o
 .debug_abbrev  0x00003911      0x4a2 ./Drivers/STM32G0xx_HAL_Driver/Src/stm32g0xx_hal_uart.o
 .debug_abbrev  0x00003db3      0x36e ./Drivers/STM32G0xx_HAL_Driver/Src/stm32g0xx_hal_uart_ex.o

.debug_aranges  0x00000000     0x1278
 .debug_aranges
                0x00000000       0x88 ./Core/Src/config.o
 .debug_aranges
                0x00000088       0x70 ./Core/Src/custom_callbacks.o
 .debug_aranges
                0x000000f8       0x20 ./Core/Src/main.o
 .debug_aranges
                0x00000118       0x68 ./Core/Src/stm32g0xx_hal_msp.o
 .debug_aranges
                0x00000180       0x88 ./Core/Src/stm32g0xx_it.o
 .debug_aranges
                0x00000208       0xc8 ./Core/Src/system.o
 .debug_aranges
                0x000002d0       0x28 ./Core/Src/system_stm32g0xx.o
 .debug_aranges
                0x000002f8       0x28 ./Core/Startup/startup_stm32g031k8tx.o
 .debug_aranges
                0x00000320      0x128 ./Drivers/STM32G0xx_HAL_Driver/Src/stm32g0xx_hal.o
 .debug_aranges
                0x00000448      0x108 ./Drivers/STM32G0xx_HAL_Driver/Src/stm32g0xx_hal_adc.o
 .debug_aranges
                0x00000550       0x58 ./Drivers/STM32G0xx_HAL_Driver/Src/stm32g0xx_hal_adc_ex.o
 .debug_aranges
                0x000005a8       0xa0 ./Drivers/STM32G0xx_HAL_Driver/Src/stm32g0xx_hal_cortex.o
 .debug_aranges
                0x00000648       0x78 ./Drivers/STM32G0xx_HAL_Driver/Src/stm32g0xx_hal_dma.o
 .debug_aranges
                0x000006c0       0x60 ./Drivers/STM32G0xx_HAL_Driver/Src/stm32g0xx_hal_gpio.o
 .debug_aranges
                0x00000720      0x170 ./Drivers/STM32G0xx_HAL_Driver/Src/stm32g0xx_hal_lptim.o
 .debug_aranges
                0x00000890       0xf0 ./Drivers/STM32G0xx_HAL_Driver/Src/stm32g0xx_hal_pwr_ex.o
 .debug_aranges
                0x00000980       0x98 ./Drivers/STM32G0xx_HAL_Driver/Src/stm32g0xx_hal_rcc.o
 .debug_aranges
                0x00000a18       0x40 ./Drivers/STM32G0xx_HAL_Driver/Src/stm32g0xx_hal_rcc_ex.o
 .debug_aranges
                0x00000a58      0x398 ./Drivers/STM32G0xx_HAL_Driver/Src/stm32g0xx_hal_tim.o
 .debug_aranges
                0x00000df0      0x190 ./Drivers/STM32G0xx_HAL_Driver/Src/stm32g0xx_hal_tim_ex.o
 .debug_aranges
                0x00000f80      0x260 ./Drivers/STM32G0xx_HAL_Driver/Src/stm32g0xx_hal_uart.o
 .debug_aranges
                0x000011e0       0x98 ./Drivers/STM32G0xx_HAL_Driver/Src/stm32g0xx_hal_uart_ex.o

.debug_rnglists
                0x00000000     0x1ae7
 .debug_rnglists
                0x00000000       0xd6 ./Core/Src/config.o
 .debug_rnglists
                0x000000d6       0x51 ./Core/Src/custom_callbacks.o
 .debug_rnglists
                0x00000127       0x13 ./Core/Src/main.o
 .debug_rnglists
                0x0000013a      0x135 ./Core/Src/stm32g0xx_hal_msp.o
 .debug_rnglists
                0x0000026f       0x61 ./Core/Src/stm32g0xx_it.o
 .debug_rnglists
                0x000002d0       0xe7 ./Core/Src/system.o
 .debug_rnglists
                0x000003b7       0x1a ./Core/Src/system_stm32g0xx.o
 .debug_rnglists
                0x000003d1       0x19 ./Core/Startup/startup_stm32g031k8tx.o
 .debug_rnglists
                0x000003ea       0xd9 ./Drivers/STM32G0xx_HAL_Driver/Src/stm32g0xx_hal.o
 .debug_rnglists
                0x000004c3      0x26b ./Drivers/STM32G0xx_HAL_Driver/Src/stm32g0xx_hal_adc.o
 .debug_rnglists
                0x0000072e       0xb9 ./Drivers/STM32G0xx_HAL_Driver/Src/stm32g0xx_hal_adc_ex.o
 .debug_rnglists
                0x000007e7       0x9d ./Drivers/STM32G0xx_HAL_Driver/Src/stm32g0xx_hal_cortex.o
 .debug_rnglists
                0x00000884       0x9e ./Drivers/STM32G0xx_HAL_Driver/Src/stm32g0xx_hal_dma.o
 .debug_rnglists
                0x00000922       0x45 ./Drivers/STM32G0xx_HAL_Driver/Src/stm32g0xx_hal_gpio.o
 .debug_rnglists
                0x00000967      0x256 ./Drivers/STM32G0xx_HAL_Driver/Src/stm32g0xx_hal_lptim.o
 .debug_rnglists
                0x00000bbd       0xb0 ./Drivers/STM32G0xx_HAL_Driver/Src/stm32g0xx_hal_pwr_ex.o
 .debug_rnglists
                0x00000c6d       0xb4 ./Drivers/STM32G0xx_HAL_Driver/Src/stm32g0xx_hal_rcc.o
 .debug_rnglists
                0x00000d21       0x71 ./Drivers/STM32G0xx_HAL_Driver/Src/stm32g0xx_hal_rcc_ex.o
 .debug_rnglists
                0x00000d92      0x72a ./Drivers/STM32G0xx_HAL_Driver/Src/stm32g0xx_hal_tim.o
 .debug_rnglists
                0x000014bc      0x192 ./Drivers/STM32G0xx_HAL_Driver/Src/stm32g0xx_hal_tim_ex.o
 .debug_rnglists
                0x0000164e      0x3f0 ./Drivers/STM32G0xx_HAL_Driver/Src/stm32g0xx_hal_uart.o
 .debug_rnglists
                0x00001a3e       0xa9 ./Drivers/STM32G0xx_HAL_Driver/Src/stm32g0xx_hal_uart_ex.o

.debug_macro    0x00000000     0x2e40
 .debug_macro   0x00000000      0x24b ./Core/Src/config.o
 .debug_macro   0x0000024b      0x243 ./Core/Src/custom_callbacks.o
 .debug_macro   0x0000048e      0x239 ./Core/Src/main.o
 .debug_macro   0x000006c7      0x22a ./Core/Src/stm32g0xx_hal_msp.o
 .debug_macro   0x000008f1      0x247 ./Core/Src/stm32g0xx_it.o
 .debug_macro   0x00000b38      0x239 ./Core/Src/system.o
 .debug_macro   0x00000d71      0x21b ./Core/Src/system_stm32g0xx.o
 .debug_macro   0x00000f8c      0x23f ./Drivers/STM32G0xx_HAL_Driver/Src/stm32g0xx_hal.o
 .debug_macro   0x000011cb      0x23f ./Drivers/STM32G0xx_HAL_Driver/Src/stm32g0xx_hal_adc.o
 .debug_macro   0x0000140a      0x227 ./Drivers/STM32G0xx_HAL_Driver/Src/stm32g0xx_hal_adc_ex.o
 .debug_macro   0x00001631      0x21b ./Drivers/STM32G0xx_HAL_Driver/Src/stm32g0xx_hal_cortex.o
 .debug_macro   0x0000184c      0x21b ./Drivers/STM32G0xx_HAL_Driver/Src/stm32g0xx_hal_dma.o
 .debug_macro   0x00001a67      0x222 ./Drivers/STM32G0xx_HAL_Driver/Src/stm32g0xx_hal_gpio.o
 .debug_macro   0x00001c89      0x231 ./Drivers/STM32G0xx_HAL_Driver/Src/stm32g0xx_hal_lptim.o
 .debug_macro   0x00001eba      0x245 ./Drivers/STM32G0xx_HAL_Driver/Src/stm32g0xx_hal_pwr_ex.o
 .debug_macro   0x000020ff      0x25d ./Drivers/STM32G0xx_HAL_Driver/Src/stm32g0xx_hal_rcc.o
 .debug_macro   0x0000235c      0x233 ./Drivers/STM32G0xx_HAL_Driver/Src/stm32g0xx_hal_rcc_ex.o
 .debug_macro   0x0000258f      0x223 ./Drivers/STM32G0xx_HAL_Driver/Src/stm32g0xx_hal_tim.o
 .debug_macro   0x000027b2      0x221 ./Drivers/STM32G0xx_HAL_Driver/Src/stm32g0xx_hal_tim_ex.o
 .debug_macro   0x000029d3      0x246 ./Drivers/STM32G0xx_HAL_Driver/Src/stm32g0xx_hal_uart.o
 .debug_macro   0x00002c19      0x227 ./Drivers/STM32G0xx_HAL_Driver/Src/stm32g0xx_hal_uart_ex.o

.debug_line     0x00000000    0x247f0
 .debug_line    0x00000000     0x1a6d ./Core/Src/config.o
 .debug_line    0x00001a6d      0xbd4 ./Core/Src/custom_callbacks.o
 .debug_line    0x00002641      0x81b ./Core/Src/main.o
 .debug_line    0x00002e5c      0xdbe ./Core/Src/stm32g0xx_hal_msp.o
 .debug_line    0x00003c1a      0x9ba ./Core/Src/stm32g0xx_it.o
 .debug_line    0x000045d4     0x16de ./Core/Src/system.o
 .debug_line    0x00005cb2      0x8dc ./Core/Src/system_stm32g0xx.o
 .debug_line    0x0000658e       0x7b ./Core/Startup/startup_stm32g031k8tx.o
 .debug_line    0x00006609      0xd4c ./Drivers/STM32G0xx_HAL_Driver/Src/stm32g0xx_hal.o
 .debug_line    0x00007355     0x24ac ./Drivers/STM32G0xx_HAL_Driver/Src/stm32g0xx_hal_adc.o
 .debug_line    0x00009801      0xd15 ./Drivers/STM32G0xx_HAL_Driver/Src/stm32g0xx_hal_adc_ex.o
 .debug_line    0x0000a516      0xd13 ./Drivers/STM32G0xx_HAL_Driver/Src/stm32g0xx_hal_cortex.o
 .debug_line    0x0000b229     0x1359 ./Drivers/STM32G0xx_HAL_Driver/Src/stm32g0xx_hal_dma.o
 .debug_line    0x0000c582      0xdc3 ./Drivers/STM32G0xx_HAL_Driver/Src/stm32g0xx_hal_gpio.o
 .debug_line    0x0000d345     0x2194 ./Drivers/STM32G0xx_HAL_Driver/Src/stm32g0xx_hal_lptim.o
 .debug_line    0x0000f4d9      0xd0c ./Drivers/STM32G0xx_HAL_Driver/Src/stm32g0xx_hal_pwr_ex.o
 .debug_line    0x000101e5     0x15b1 ./Drivers/STM32G0xx_HAL_Driver/Src/stm32g0xx_hal_rcc.o
 .debug_line    0x00011796      0xf40 ./Drivers/STM32G0xx_HAL_Driver/Src/stm32g0xx_hal_rcc_ex.o
 .debug_line    0x000126d6     0x76a3 ./Drivers/STM32G0xx_HAL_Driver/Src/stm32g0xx_hal_tim.o
 .debug_line    0x00019d79     0x23a9 ./Drivers/STM32G0xx_HAL_Driver/Src/stm32g0xx_hal_tim_ex.o
 .debug_line    0x0001c122     0x70f7 ./Drivers/STM32G0xx_HAL_Driver/Src/stm32g0xx_hal_uart.o
 .debug_line    0x00023219     0x15d7 ./Drivers/STM32G0xx_HAL_Driver/Src/stm32g0xx_hal_uart_ex.o

.debug_str      0x00000000    0x9e913
 .debug_str     0x00000000    0x9959b ./Core/Src/config.o
                              0x9a16c (size before relaxing)
 .debug_str     0x0009959b      0x58d ./Core/Src/custom_callbacks.o
                              0x997cf (size before relaxing)
 .debug_str     0x00099b28       0xd4 ./Core/Src/main.o
                              0x987ba (size before relaxing)
 .debug_str     0x00099bfc      0x202 ./Core/Src/stm32g0xx_hal_msp.o
                              0x98d17 (size before relaxing)
 .debug_str     0x00099dfe      0x198 ./Core/Src/stm32g0xx_it.o
                              0x98d5b (size before relaxing)
 .debug_str     0x00099f96      0x4fa ./Core/Src/system.o
                              0x9978e (size before relaxing)
 .debug_str     0x0009a490       0x8e ./Core/Src/system_stm32g0xx.o
                              0x973ab (size before relaxing)
 .debug_str     0x0009a51e       0x44 ./Core/Startup/startup_stm32g031k8tx.o
                                 0x73 (size before relaxing)
 .debug_str     0x0009a562      0x571 ./Drivers/STM32G0xx_HAL_Driver/Src/stm32g0xx_hal.o
                              0x97b81 (size before relaxing)
 .debug_str     0x0009aad3      0x8d3 ./Drivers/STM32G0xx_HAL_Driver/Src/stm32g0xx_hal_adc.o
                              0x983be (size before relaxing)
 .debug_str     0x0009b3a6      0x1e2 ./Drivers/STM32G0xx_HAL_Driver/Src/stm32g0xx_hal_adc_ex.o
                              0x97c01 (size before relaxing)
 .debug_str     0x0009b588      0x28b ./Drivers/STM32G0xx_HAL_Driver/Src/stm32g0xx_hal_cortex.o
                              0x97827 (size before relaxing)
 .debug_str     0x0009b813      0x261 ./Drivers/STM32G0xx_HAL_Driver/Src/stm32g0xx_hal_dma.o
                              0x97845 (size before relaxing)
 .debug_str     0x0009ba74       0xcd ./Drivers/STM32G0xx_HAL_Driver/Src/stm32g0xx_hal_gpio.o
                              0x974d2 (size before relaxing)
 .debug_str     0x0009bb41      0x588 ./Drivers/STM32G0xx_HAL_Driver/Src/stm32g0xx_hal_lptim.o
                              0x97e36 (size before relaxing)
 .debug_str     0x0009c0c9      0x37b ./Drivers/STM32G0xx_HAL_Driver/Src/stm32g0xx_hal_pwr_ex.o
                              0x97824 (size before relaxing)
 .debug_str     0x0009c444      0x4ae ./Drivers/STM32G0xx_HAL_Driver/Src/stm32g0xx_hal_rcc.o
                              0x97b01 (size before relaxing)
 .debug_str     0x0009c8f2      0x185 ./Drivers/STM32G0xx_HAL_Driver/Src/stm32g0xx_hal_rcc_ex.o
                              0x9773a (size before relaxing)
 .debug_str     0x0009ca77      0xd1f ./Drivers/STM32G0xx_HAL_Driver/Src/stm32g0xx_hal_tim.o
                              0x98f76 (size before relaxing)
 .debug_str     0x0009d796      0x4a0 ./Drivers/STM32G0xx_HAL_Driver/Src/stm32g0xx_hal_tim_ex.o
                              0x984d8 (size before relaxing)
 .debug_str     0x0009dc36      0xa15 ./Drivers/STM32G0xx_HAL_Driver/Src/stm32g0xx_hal_uart.o
                              0x986f9 (size before relaxing)
 .debug_str     0x0009e64b      0x2c8 ./Drivers/STM32G0xx_HAL_Driver/Src/stm32g0xx_hal_uart_ex.o
                              0x97d4f (size before relaxing)

.comment        0x00000000       0x43
 .comment       0x00000000       0x43 ./Core/Src/config.o
                                 0x44 (size before relaxing)
 .comment       0x00000043       0x44 ./Core/Src/custom_callbacks.o
 .comment       0x00000043       0x44 ./Core/Src/main.o
 .comment       0x00000043       0x44 ./Core/Src/stm32g0xx_hal_msp.o
 .comment       0x00000043       0x44 ./Core/Src/stm32g0xx_it.o
 .comment       0x00000043       0x44 ./Core/Src/system.o
 .comment       0x00000043       0x44 ./Core/Src/system_stm32g0xx.o
 .comment       0x00000043       0x44 ./Drivers/STM32G0xx_HAL_Driver/Src/stm32g0xx_hal.o
 .comment       0x00000043       0x44 ./Drivers/STM32G0xx_HAL_Driver/Src/stm32g0xx_hal_adc.o
 .comment       0x00000043       0x44 ./Drivers/STM32G0xx_HAL_Driver/Src/stm32g0xx_hal_adc_ex.o
 .comment       0x00000043       0x44 ./Drivers/STM32G0xx_HAL_Driver/Src/stm32g0xx_hal_cortex.o
 .comment       0x00000043       0x44 ./Drivers/STM32G0xx_HAL_Driver/Src/stm32g0xx_hal_dma.o
 .comment       0x00000043       0x44 ./Drivers/STM32G0xx_HAL_Driver/Src/stm32g0xx_hal_gpio.o
 .comment       0x00000043       0x44 ./Drivers/STM32G0xx_HAL_Driver/Src/stm32g0xx_hal_lptim.o
 .comment       0x00000043       0x44 ./Drivers/STM32G0xx_HAL_Driver/Src/stm32g0xx_hal_pwr_ex.o
 .comment       0x00000043       0x44 ./Drivers/STM32G0xx_HAL_Driver/Src/stm32g0xx_hal_rcc.o
 .comment       0x00000043       0x44 ./Drivers/STM32G0xx_HAL_Driver/Src/stm32g0xx_hal_rcc_ex.o
 .comment       0x00000043       0x44 ./Drivers/STM32G0xx_HAL_Driver/Src/stm32g0xx_hal_tim.o
 .comment       0x00000043       0x44 ./Drivers/STM32G0xx_HAL_Driver/Src/stm32g0xx_hal_tim_ex.o
 .comment       0x00000043       0x44 ./Drivers/STM32G0xx_HAL_Driver/Src/stm32g0xx_hal_uart.o
 .comment       0x00000043       0x44 ./Drivers/STM32G0xx_HAL_Driver/Src/stm32g0xx_hal_uart_ex.o

.debug_frame    0x00000000     0x329c
 .debug_frame   0x00000000      0x190 ./Core/Src/config.o
 .debug_frame   0x00000190      0x10c ./Core/Src/custom_callbacks.o
 .debug_frame   0x0000029c       0x2c ./Core/Src/main.o
 .debug_frame   0x000002c8      0x110 ./Core/Src/stm32g0xx_hal_msp.o
 .debug_frame   0x000003d8      0x140 ./Core/Src/stm32g0xx_it.o
 .debug_frame   0x00000518      0x214 ./Core/Src/system.o
 .debug_frame   0x0000072c       0x38 ./Core/Src/system_stm32g0xx.o
 .debug_frame   0x00000764      0x270 ./Drivers/STM32G0xx_HAL_Driver/Src/stm32g0xx_hal.o
 .debug_frame   0x000009d4      0x318 ./Drivers/STM32G0xx_HAL_Driver/Src/stm32g0xx_hal_adc.o
 .debug_frame   0x00000cec       0xb8 ./Drivers/STM32G0xx_HAL_Driver/Src/stm32g0xx_hal_adc_ex.o
 .debug_frame   0x00000da4      0x130 ./Drivers/STM32G0xx_HAL_Driver/Src/stm32g0xx_hal_cortex.o
 .debug_frame   0x00000ed4      0x168 ./Drivers/STM32G0xx_HAL_Driver/Src/stm32g0xx_hal_dma.o
 .debug_frame   0x0000103c       0xe4 ./Drivers/STM32G0xx_HAL_Driver/Src/stm32g0xx_hal_gpio.o
 .debug_frame   0x00001120      0x438 ./Drivers/STM32G0xx_HAL_Driver/Src/stm32g0xx_hal_lptim.o
 .debug_frame   0x00001558      0x1e4 ./Drivers/STM32G0xx_HAL_Driver/Src/stm32g0xx_hal_pwr_ex.o
 .debug_frame   0x0000173c      0x184 ./Drivers/STM32G0xx_HAL_Driver/Src/stm32g0xx_hal_rcc.o
 .debug_frame   0x000018c0       0xa8 ./Drivers/STM32G0xx_HAL_Driver/Src/stm32g0xx_hal_rcc_ex.o
 .debug_frame   0x00001968      0xa80 ./Drivers/STM32G0xx_HAL_Driver/Src/stm32g0xx_hal_tim.o
 .debug_frame   0x000023e8      0x4b4 ./Drivers/STM32G0xx_HAL_Driver/Src/stm32g0xx_hal_tim_ex.o
 .debug_frame   0x0000289c      0x770 ./Drivers/STM32G0xx_HAL_Driver/Src/stm32g0xx_hal_uart.o
 .debug_frame   0x0000300c      0x1c8 ./Drivers/STM32G0xx_HAL_Driver/Src/stm32g0xx_hal_uart_ex.o
 .debug_frame   0x000031d4       0x20 C:/ST/STM32CubeIDE_1.16.1/STM32CubeIDE/plugins/com.st.stm32cube.ide.mcu.externaltools.gnu-tools-for-stm32.12.3.rel1.win32_1.1.0.202410251130/tools/bin/../lib/gcc/arm-none-eabi/12.3.1/../../../../arm-none-eabi/lib/thumb/v6-m/nofp\libc_nano.a(libc_a-memset.o)
 .debug_frame   0x000031f4       0x2c C:/ST/STM32CubeIDE_1.16.1/STM32CubeIDE/plugins/com.st.stm32cube.ide.mcu.externaltools.gnu-tools-for-stm32.12.3.rel1.win32_1.1.0.202410251130/tools/bin/../lib/gcc/arm-none-eabi/12.3.1/../../../../arm-none-eabi/lib/thumb/v6-m/nofp\libc_nano.a(libc_a-init.o)
 .debug_frame   0x00003220       0x20 C:/ST/STM32CubeIDE_1.16.1/STM32CubeIDE/plugins/com.st.stm32cube.ide.mcu.externaltools.gnu-tools-for-stm32.12.3.rel1.win32_1.1.0.202410251130/tools/bin/../lib/gcc/arm-none-eabi/12.3.1/thumb/v6-m/nofp\libgcc.a(_udivsi3.o)
 .debug_frame   0x00003240       0x20 C:/ST/STM32CubeIDE_1.16.1/STM32CubeIDE/plugins/com.st.stm32cube.ide.mcu.externaltools.gnu-tools-for-stm32.12.3.rel1.win32_1.1.0.202410251130/tools/bin/../lib/gcc/arm-none-eabi/12.3.1/thumb/v6-m/nofp\libgcc.a(_divsi3.o)
 .debug_frame   0x00003260       0x3c C:/ST/STM32CubeIDE_1.16.1/STM32CubeIDE/plugins/com.st.stm32cube.ide.mcu.externaltools.gnu-tools-for-stm32.12.3.rel1.win32_1.1.0.202410251130/tools/bin/../lib/gcc/arm-none-eabi/12.3.1/thumb/v6-m/nofp\libgcc.a(_udivmoddi4.o)

.debug_loclists
                0x00000000     0xf19e
 .debug_loclists
                0x00000000      0x110 ./Core/Src/custom_callbacks.o
 .debug_loclists
                0x00000110      0x1af ./Core/Src/stm32g0xx_hal_msp.o
 .debug_loclists
                0x000002bf      0x892 ./Core/Src/system.o
 .debug_loclists
                0x00000b51       0xa7 ./Core/Src/system_stm32g0xx.o
 .debug_loclists
                0x00000bf8      0x143 ./Drivers/STM32G0xx_HAL_Driver/Src/stm32g0xx_hal.o
 .debug_loclists
                0x00000d3b     0x1121 ./Drivers/STM32G0xx_HAL_Driver/Src/stm32g0xx_hal_adc.o
 .debug_loclists
                0x00001e5c      0x2a3 ./Drivers/STM32G0xx_HAL_Driver/Src/stm32g0xx_hal_adc_ex.o
 .debug_loclists
                0x000020ff      0x1ef ./Drivers/STM32G0xx_HAL_Driver/Src/stm32g0xx_hal_cortex.o
 .debug_loclists
                0x000022ee      0x747 ./Drivers/STM32G0xx_HAL_Driver/Src/stm32g0xx_hal_dma.o
 .debug_loclists
                0x00002a35      0x372 ./Drivers/STM32G0xx_HAL_Driver/Src/stm32g0xx_hal_gpio.o
 .debug_loclists
                0x00002da7     0x1041 ./Drivers/STM32G0xx_HAL_Driver/Src/stm32g0xx_hal_lptim.o
 .debug_loclists
                0x00003de8      0x1b3 ./Drivers/STM32G0xx_HAL_Driver/Src/stm32g0xx_hal_pwr_ex.o
 .debug_loclists
                0x00003f9b      0x4e1 ./Drivers/STM32G0xx_HAL_Driver/Src/stm32g0xx_hal_rcc.o
 .debug_loclists
                0x0000447c      0x46c ./Drivers/STM32G0xx_HAL_Driver/Src/stm32g0xx_hal_rcc_ex.o
 .debug_loclists
                0x000048e8     0x4f53 ./Drivers/STM32G0xx_HAL_Driver/Src/stm32g0xx_hal_tim.o
 .debug_loclists
                0x0000983b     0x1392 ./Drivers/STM32G0xx_HAL_Driver/Src/stm32g0xx_hal_tim_ex.o
 .debug_loclists
                0x0000abcd     0x3cb5 ./Drivers/STM32G0xx_HAL_Driver/Src/stm32g0xx_hal_uart.o
 .debug_loclists
                0x0000e882      0x91c ./Drivers/STM32G0xx_HAL_Driver/Src/stm32g0xx_hal_uart_ex.o

.debug_line_str
                0x00000000       0x57
 .debug_line_str
                0x00000000       0x57 ./Core/Startup/startup_stm32g031k8tx.o
