Archive member included to satisfy reference by file (symbol)

C:/ST/STM32CubeIDE_1.16.1/STM32CubeIDE/plugins/com.st.stm32cube.ide.mcu.externaltools.gnu-tools-for-stm32.12.3.rel1.win32_1.1.0.202410251130/tools/bin/../lib/gcc/arm-none-eabi/12.3.1/../../../../arm-none-eabi/lib/thumb/v6-m/nofp\libc_nano.a(libc_a-exit.o)
                              C:/ST/STM32CubeIDE_1.16.1/STM32CubeIDE/plugins/com.st.stm32cube.ide.mcu.externaltools.gnu-tools-for-stm32.12.3.rel1.win32_1.1.0.202410251130/tools/bin/../lib/gcc/arm-none-eabi/12.3.1/../../../../arm-none-eabi/lib/thumb/v6-m/nofp/crt0.o (exit)
C:/ST/STM32CubeIDE_1.16.1/STM32CubeIDE/plugins/com.st.stm32cube.ide.mcu.externaltools.gnu-tools-for-stm32.12.3.rel1.win32_1.1.0.202410251130/tools/bin/../lib/gcc/arm-none-eabi/12.3.1/../../../../arm-none-eabi/lib/thumb/v6-m/nofp\libc_nano.a(libc_a-findfp.o)
                              C:/ST/STM32CubeIDE_1.16.1/STM32CubeIDE/plugins/com.st.stm32cube.ide.mcu.externaltools.gnu-tools-for-stm32.12.3.rel1.win32_1.1.0.202410251130/tools/bin/../lib/gcc/arm-none-eabi/12.3.1/../../../../arm-none-eabi/lib/thumb/v6-m/nofp\libc_nano.a(libc_a-exit.o) (__stdio_exit_handler)
C:/ST/STM32CubeIDE_1.16.1/STM32CubeIDE/plugins/com.st.stm32cube.ide.mcu.externaltools.gnu-tools-for-stm32.12.3.rel1.win32_1.1.0.202410251130/tools/bin/../lib/gcc/arm-none-eabi/12.3.1/../../../../arm-none-eabi/lib/thumb/v6-m/nofp\libc_nano.a(libc_a-fwalk.o)
                              C:/ST/STM32CubeIDE_1.16.1/STM32CubeIDE/plugins/com.st.stm32cube.ide.mcu.externaltools.gnu-tools-for-stm32.12.3.rel1.win32_1.1.0.202410251130/tools/bin/../lib/gcc/arm-none-eabi/12.3.1/../../../../arm-none-eabi/lib/thumb/v6-m/nofp\libc_nano.a(libc_a-findfp.o) (_fwalk_sglue)
C:/ST/STM32CubeIDE_1.16.1/STM32CubeIDE/plugins/com.st.stm32cube.ide.mcu.externaltools.gnu-tools-for-stm32.12.3.rel1.win32_1.1.0.202410251130/tools/bin/../lib/gcc/arm-none-eabi/12.3.1/../../../../arm-none-eabi/lib/thumb/v6-m/nofp\libc_nano.a(libc_a-stdio.o)
                              C:/ST/STM32CubeIDE_1.16.1/STM32CubeIDE/plugins/com.st.stm32cube.ide.mcu.externaltools.gnu-tools-for-stm32.12.3.rel1.win32_1.1.0.202410251130/tools/bin/../lib/gcc/arm-none-eabi/12.3.1/../../../../arm-none-eabi/lib/thumb/v6-m/nofp\libc_nano.a(libc_a-findfp.o) (__sread)
C:/ST/STM32CubeIDE_1.16.1/STM32CubeIDE/plugins/com.st.stm32cube.ide.mcu.externaltools.gnu-tools-for-stm32.12.3.rel1.win32_1.1.0.202410251130/tools/bin/../lib/gcc/arm-none-eabi/12.3.1/../../../../arm-none-eabi/lib/thumb/v6-m/nofp\libc_nano.a(libc_a-memset.o)
                              C:/ST/STM32CubeIDE_1.16.1/STM32CubeIDE/plugins/com.st.stm32cube.ide.mcu.externaltools.gnu-tools-for-stm32.12.3.rel1.win32_1.1.0.202410251130/tools/bin/../lib/gcc/arm-none-eabi/12.3.1/../../../../arm-none-eabi/lib/thumb/v6-m/nofp/crt0.o (memset)
C:/ST/STM32CubeIDE_1.16.1/STM32CubeIDE/plugins/com.st.stm32cube.ide.mcu.externaltools.gnu-tools-for-stm32.12.3.rel1.win32_1.1.0.202410251130/tools/bin/../lib/gcc/arm-none-eabi/12.3.1/../../../../arm-none-eabi/lib/thumb/v6-m/nofp\libc_nano.a(libc_a-closer.o)
                              C:/ST/STM32CubeIDE_1.16.1/STM32CubeIDE/plugins/com.st.stm32cube.ide.mcu.externaltools.gnu-tools-for-stm32.12.3.rel1.win32_1.1.0.202410251130/tools/bin/../lib/gcc/arm-none-eabi/12.3.1/../../../../arm-none-eabi/lib/thumb/v6-m/nofp\libc_nano.a(libc_a-stdio.o) (_close_r)
C:/ST/STM32CubeIDE_1.16.1/STM32CubeIDE/plugins/com.st.stm32cube.ide.mcu.externaltools.gnu-tools-for-stm32.12.3.rel1.win32_1.1.0.202410251130/tools/bin/../lib/gcc/arm-none-eabi/12.3.1/../../../../arm-none-eabi/lib/thumb/v6-m/nofp\libc_nano.a(libc_a-reent.o)
                              C:/ST/STM32CubeIDE_1.16.1/STM32CubeIDE/plugins/com.st.stm32cube.ide.mcu.externaltools.gnu-tools-for-stm32.12.3.rel1.win32_1.1.0.202410251130/tools/bin/../lib/gcc/arm-none-eabi/12.3.1/../../../../arm-none-eabi/lib/thumb/v6-m/nofp\libc_nano.a(libc_a-closer.o) (errno)
C:/ST/STM32CubeIDE_1.16.1/STM32CubeIDE/plugins/com.st.stm32cube.ide.mcu.externaltools.gnu-tools-for-stm32.12.3.rel1.win32_1.1.0.202410251130/tools/bin/../lib/gcc/arm-none-eabi/12.3.1/../../../../arm-none-eabi/lib/thumb/v6-m/nofp\libc_nano.a(libc_a-impure.o)
                              C:/ST/STM32CubeIDE_1.16.1/STM32CubeIDE/plugins/com.st.stm32cube.ide.mcu.externaltools.gnu-tools-for-stm32.12.3.rel1.win32_1.1.0.202410251130/tools/bin/../lib/gcc/arm-none-eabi/12.3.1/../../../../arm-none-eabi/lib/thumb/v6-m/nofp\libc_nano.a(libc_a-reent.o) (_impure_ptr)
C:/ST/STM32CubeIDE_1.16.1/STM32CubeIDE/plugins/com.st.stm32cube.ide.mcu.externaltools.gnu-tools-for-stm32.12.3.rel1.win32_1.1.0.202410251130/tools/bin/../lib/gcc/arm-none-eabi/12.3.1/../../../../arm-none-eabi/lib/thumb/v6-m/nofp\libc_nano.a(libc_a-lseekr.o)
[...]
Memory Configuration

Name             Origin             Length             Attributes
RAM              0x20000000         0x00002000         xrw
FLASH            0x08000000         0x00010000         xr
*default*        0x00000000         0xffffffff

Linker script and memory map

LOAD C:/ST/STM32CubeIDE_1.16.1/STM32CubeIDE/plugins/com.st.stm32cube.ide.mcu.externaltools.gnu-tools-for-stm32.12.3.rel1.win32_1.1.0.202410251130/tools/bin/../lib/gcc/arm-none-eabi/12.3.1/thumb/v6-m/nofp/crti.o
LOAD C:/ST/STM32CubeIDE_1.16.1/STM32CubeIDE/plugins/com.st.stm32cube.ide.mcu.externaltools.gnu-tools-for-stm32.12.3.rel1.win32_1.1.0.202410251130/tools/bin/../lib/gcc/arm-none-eabi/12.3.1/thumb/v6-m/nofp/crtbegin.o
LOAD C:/ST/STM32CubeIDE_1.16.1/STM32CubeIDE/plugins/com.st.stm32cube.ide.mcu.externaltools.gnu-tools-for-stm32.12.3.rel1.win32_1.1.0.202410251130/tools/bin/../lib/gcc/arm-none-eabi/12.3.1/../../../../arm-none-eabi/lib/thumb/v6-m/nofp/crt0.o
LOAD ./Core/Src/MIDI_defines.o
LOAD ./Core/Src/config.o
LOAD ./Core/Src/custom_callbacks.o
LOAD ./Core/Src/main.o
LOAD ./Core/Src/stm32g0xx_hal_msp.o
LOAD ./Core/Src/stm32g0xx_it.o
LOAD ./Core/Src/syscalls.o
LOAD ./Core/Src/sysmem.o
LOAD ./Core/Src/system.o
LOAD ./Core/Src/system_stm32g0xx.o
LOAD ./Core/Startup/startup_stm32g031k8tx.o
LOAD ./Drivers/STM32G0xx_HAL_Driver/Src/stm32g0xx_hal.o
LOAD ./Drivers/STM32G0xx_HAL_Driver/Src/stm32g0xx_hal_adc.o
LOAD ./Drivers/STM32G0xx_HAL_Driver/Src/stm32g0xx_hal_adc_ex.o
LOAD ./Drivers/STM32G0xx_HAL_Driver/Src/stm32g0xx_hal_cortex.o
LOAD ./Drivers/STM32G0xx_HAL_Driver/Src/stm32g0xx_hal_dma.o
LOAD ./Drivers/STM32G0xx_HAL_Driver/Src/stm32g0xx_hal_dma_ex.o
LOAD ./Drivers/STM32G0xx_HAL_Driver/Src/stm32g0xx_hal_exti.o
LOAD ./Drivers/STM32G0xx_HAL_Driver/Src/stm32g0xx_hal_flash.o
LOAD ./Drivers/STM32G0xx_HAL_Driver/Src/stm32g0xx_hal_flash_ex.o
LOAD ./Drivers/STM32G0xx_HAL_Driver/Src/stm32g0xx_hal_gpio.o
LOAD ./Drivers/STM32G0xx_HAL_Driver/Src/stm32g0xx_hal_iwdg.o
LOAD ./Drivers/STM32G0xx_HAL_Driver/Src/stm32g0xx_hal_lptim.o
LOAD ./Drivers/STM32G0xx_HAL_Driver/Src/stm32g0xx_hal_pwr.o
LOAD ./Drivers/STM32G0xx_HAL_Driver/Src/stm32g0xx_hal_pwr_ex.o
LOAD ./Drivers/STM32G0xx_HAL_Driver/Src/stm32g0xx_hal_rcc.o
LOAD ./Drivers/STM32G0xx_HAL_Driver/Src/stm32g0xx_hal_rcc_ex.o
LOAD ./Drivers/STM32G0xx_HAL_Driver/Src/stm32g0xx_hal_tim.o
LOAD ./Drivers/STM32G0xx_HAL_Driver/Src/stm32g0xx_hal_tim_ex.o
LOAD ./Drivers/STM32G0xx_HAL_Driver/Src/stm32g0xx_hal_uart.o
LOAD ./Drivers/STM32G0xx_HAL_Driver/Src/stm32g0xx_hal_uart_ex.o
LOAD ./Drivers/STM32G0xx_HAL_Driver/Src/stm32g0xx_ll_adc.o
LOAD ./Drivers/STM32G0xx_HAL_Driver/Src/stm32g0xx_ll_rcc.o
START GROUP
LOAD C:/ST/STM32CubeIDE_1.16.1/STM32CubeIDE/plugins/com.st.stm32cube.ide.mcu.externaltools.gnu-tools-for-stm32.12.3.rel1.win32_1.1.0.202410251130/tools/bin/../lib/gcc/arm-none-eabi/12.3.1/../../../../arm-none-eabi/lib/thumb/v6-m/nofp\libc_nano.a
LOAD C:/ST/STM32CubeIDE_1.16.1/STM32CubeIDE/plugins/com.st.stm32cube.ide.mcu.externaltools.gnu-tools-for-stm32.12.3.rel1.win32_1.1.0.202410251130/tools/bin/../lib/gcc/arm-none-eabi/12.3.1/../../../../arm-none-eabi/lib/thumb/v6-m/nofp\libm.a
END GROUP
START GROUP
LOAD C:/ST/STM32CubeIDE_1.16.1/STM32CubeIDE/plugins/com.st.stm32cube.ide.mcu.externaltools.gnu-tools-for-stm32.12.3.rel1.win32_1.1.0.202410251130/tools/bin/../lib/gcc/arm-none-eabi/12.3.1/thumb/v6-m/nofp\libgcc.a
LOAD C:/ST/STM32CubeIDE_1.16.1/STM32CubeIDE/plugins/com.st.stm32cube.ide.mcu.externaltools.gnu-tools-for-stm32.12.3.rel1.win32_1.1.0.202410251130/tools/bin/../lib/gcc/arm-none-eabi/12.3.1/../../../../arm-none-eabi/lib/thumb/v6-m/nofp\libc_nano.a
END GROUP
START GROUP
LOAD C:/ST/STM32CubeIDE_1.16.1/STM32CubeIDE/plugins/com.st.stm32cube.ide.mcu.externaltools.gnu-tools-for-stm32.12.3.rel1.win32_1.1.0.202410251130/tools/bin/../lib/gcc/arm-none-eabi/12.3.1/thumb/v6-m/nofp\libgcc.a
LOAD C:/ST/STM32CubeIDE_1.16.1/STM32CubeIDE/plugins/com.st.stm32cube.ide.mcu.externaltools.gnu-tools-for-stm32.12.3.rel1.win32_1.1.0.202410251130/tools/bin/../lib/gcc/arm-none-eabi/12.3.1/../../../../arm-none-eabi/lib/thumb/v6-m/nofp\libc_nano.a
LOAD C:/ST/STM32CubeIDE_1.16.1/STM32CubeIDE/plugins/com.st.stm32cube.ide.mcu.externaltools.gnu-tools-for-stm32.12.3.rel1.win32_1.1.0.202410251130/tools/bin/../lib/gcc/arm-none-eabi/12.3.1/../../../../arm-none-eabi/lib/thumb/v6-m/nofp\libnosys.a
END GROUP
START GROUP
LOAD C:/ST/STM32CubeIDE_1.16.1/STM32CubeIDE/plugins/com.st.stm32cube.ide.mcu.externaltools.gnu-tools-for-stm32.12.3.rel1.win32_1.1.0.202410251130/tools/bin/../lib/gcc/arm-none-eabi/12.3.1/thumb/v6-m/nofp\libgcc.a
LOAD C:/ST/STM32CubeIDE_1.16.1/STM32CubeIDE/plugins/com.st.stm32cube.ide.mcu.externaltools.gnu-tools-for-stm32.12.3.rel1.win32_1.1.0.202410251130/tools/bin/../lib/gcc/arm-none-eabi/12.3.1/../../../../arm-none-eabi/lib/thumb/v6-m/nofp\libc_nano.a
LOAD C:/ST/STM32CubeIDE_1.16.1/STM32CubeIDE/plugins/com.st.stm32cube.ide.mcu.externaltools.gnu-tools-for-stm32.12.3.rel1.win32_1.1.0.202410251130/tools/bin/../lib/gcc/arm-none-eabi/12.3.1/../../../../arm-none-eabi/lib/thumb/v6-m/nofp\libnosys.a
END GROUP
LOAD C:/ST/STM32CubeIDE_1.16.1/STM32CubeIDE/plugins/com.st.stm32cube.ide.mcu.externaltools.gnu-tools-for-stm32.12.3.rel1.win32_1.1.0.202410251130/tools/bin/../lib/gcc/arm-none-eabi/12.3.1/thumb/v6-m/nofp/crtend.o
LOAD C:/ST/STM32CubeIDE_1.16.1/STM32CubeIDE/plugins/com.st.stm32cube.ide.mcu.externaltools.gnu-tools-for-stm32.12.3.rel1.win32_1.1.0.202410251130/tools/bin/../lib/gcc/arm-none-eabi/12.3.1/thumb/v6-m/nofp/crtn.o
                0x20002000                        _estack = (ORIGIN (RAM) + LENGTH (RAM))
                0x00000200                        _Min_Heap_Size = 0x200
                0x00000400                        _Min_Stack_Size = 0x400

.isr_vector     0x08000000       0xbc
                0x08000000                        . = ALIGN (0x4)
 *(.isr_vector)
 .isr_vector    0x08000000       0xbc ./Core/Startup/startup_stm32g031k8tx.o
                0x08000000                g_pfnVectors
                0x080000bc                        . = ALIGN (0x4)

.text           0x080000bc     0x660c
                0x080000bc                        . = ALIGN (0x4)
 *(.text)
 .text          0x080000bc       0x48 C:/ST/STM32CubeIDE_1.16.1/STM32CubeIDE/plugins/com.st.stm32cube.ide.mcu.externaltools.gnu-tools-for-stm32.12.3.rel1.win32_1.1.0.202410251130/tools/bin/../lib/gcc/arm-none-eabi/12.3.1/thumb/v6-m/nofp/crtbegin.o
 .text          0x08000104      0x114 C:/ST/STM32CubeIDE_1.16.1/STM32CubeIDE/plugins/com.st.stm32cube.ide.mcu.externaltools.gnu-tools-for-stm32.12.3.rel1.win32_1.1.0.202410251130/tools/bin/../lib/gcc/arm-none-eabi/12.3.1/thumb/v6-m/nofp\libgcc.a(_udivsi3.o)
                0x08000104                __aeabi_uidiv
                0x08000104                __udivsi3
                0x08000210                __aeabi_uidivmod
 .text          0x08000218      0x1d4 C:/ST/STM32CubeIDE_1.16.1/STM32CubeIDE/plugins/com.st.stm32cube.ide.mcu.externaltools.gnu-tools-for-stm32.12.3.rel1.win32_1.1.0.202410251130/tools/bin/../lib/gcc/arm-none-eabi/12.3.1/thumb/v6-m/nofp\libgcc.a(_divsi3.o)
                0x08000218                __divsi3
                0x08000218                __aeabi_idiv
                0x080003e4                __aeabi_idivmod
 .text          0x080003ec        0x4 C:/ST/STM32CubeIDE_1.16.1/STM32CubeIDE/plugins/com.st.stm32cube.ide.mcu.externaltools.gnu-tools-for-stm32.12.3.rel1.win32_1.1.0.202410251130/tools/bin/../lib/gcc/arm-none-eabi/12.3.1/thumb/v6-m/nofp\libgcc.a(_dvmd_tls.o)
                0x080003ec                __aeabi_idiv0
                0x080003ec                __aeabi_ldiv0
 .text          0x080003f0       0x40 C:/ST/STM32CubeIDE_1.16.1/STM32CubeIDE/plugins/com.st.stm32cube.ide.mcu.externaltools.gnu-tools-for-stm32.12.3.rel1.win32_1.1.0.202410251130/tools/bin/../lib/gcc/arm-none-eabi/12.3.1/thumb/v6-m/nofp\libgcc.a(_aeabi_uldivmod.o)
                0x080003f0                __aeabi_uldivmod
 .text          0x08000430      0x198 C:/ST/STM32CubeIDE_1.16.1/STM32CubeIDE/plugins/com.st.stm32cube.ide.mcu.externaltools.gnu-tools-for-stm32.12.3.rel1.win32_1.1.0.202410251130/tools/bin/../lib/gcc/arm-none-eabi/12.3.1/thumb/v6-m/nofp\libgcc.a(_udivmoddi4.o)
                0x08000430                __udivmoddi4
 .text          0x080005c8       0x18 C:/ST/STM32CubeIDE_1.16.1/STM32CubeIDE/plugins/com.st.stm32cube.ide.mcu.externaltools.gnu-tools-for-stm32.12.3.rel1.win32_1.1.0.202410251130/tools/bin/../lib/gcc/arm-none-eabi/12.3.1/thumb/v6-m/nofp\libgcc.a(_clzdi2.o)
                0x080005c8                __clzdi2
 .text          0x080005e0       0x3c C:/ST/STM32CubeIDE_1.16.1/STM32CubeIDE/plugins/com.st.stm32cube.ide.mcu.externaltools.gnu-tools-for-stm32.12.3.rel1.win32_1.1.0.202410251130/tools/bin/../lib/gcc/arm-none-eabi/12.3.1/thumb/v6-m/nofp\libgcc.a(_clzsi2.o)
                0x080005e0                __clzsi2
 *(.text*)
 .text.SystemClock_Config
                0x0800061c       0x80 ./Core/Src/config.o
                0x0800061c                SystemClock_Config
 .text.MX_ADC1_Init
                0x0800069c       0xf4 ./Core/Src/config.o
                0x0800069c                MX_ADC1_Init
 .text.MX_TIM16_Init
                0x08000790       0xc0 ./Core/Src/config.o
                0x08000790                MX_TIM16_Init
 .text.MX_TIM2_Init
                0x08000850       0xb8 ./Core/Src/config.o
                0x08000850                MX_TIM2_Init
 .text.MX_TIM3_Init
                0x08000908       0xc0 ./Core/Src/config.o
                0x08000908                MX_TIM3_Init
 .text.MX_TIM1_Init
                0x080009c8      0x12c ./Core/Src/config.o
                0x080009c8                MX_TIM1_Init
 .text.MX_TIM17_Init
                0x08000af4       0xb4 ./Core/Src/config.o
                0x08000af4                MX_TIM17_Init
 .text.MX_GPIO_Init
                0x08000ba8      0x130 ./Core/Src/config.o
                0x08000ba8                MX_GPIO_Init
 .text.Error_Handler
                0x08000cd8        0x4 ./Core/Src/config.o
                0x08000cd8                Error_Handler
 .text.System_Init
                0x08000cdc      0x188 ./Core/Src/config.o
                0x08000cdc                System_Init
 .text.TIM16_callback
                0x08000e64       0x3c ./Core/Src/custom_callbacks.o
                0x08000e64                TIM16_callback
 .text.ADC_DMA_conversion_complete_callback
                0x08000ea0       0x70 ./Core/Src/custom_callbacks.o
                0x08000ea0                ADC_DMA_conversion_complete_callback
 .text.TIM2_ch1_IP_capture_callback
                0x08000f10       0xd4 ./Core/Src/custom_callbacks.o
                0x08000f10                TIM2_ch1_IP_capture_callback
 .text.TIM2_ch1_overflow_callback
                0x08000fe4       0x24 ./Core/Src/custom_callbacks.o
                0x08000fe4                TIM2_ch1_overflow_callback
 .text.TIM3_ch1_IP_capture_measurement_reelapse_callback
                0x08001008       0x6c ./Core/Src/custom_callbacks.o
                0x08001008                TIM3_ch1_IP_capture_measurement_reelapse_callback
 .text.HAL_GPIO_EXTI_Falling_Callback
                0x08001074       0x90 ./Core/Src/custom_callbacks.o
                0x08001074                HAL_GPIO_EXTI_Falling_Callback
 .text.HAL_GPIO_EXTI_Rising_Callback
                0x08001104       0x28 ./Core/Src/custom_callbacks.o
                0x08001104                HAL_GPIO_EXTI_Rising_Callback
 .text.UART2_TX_transfer_complete_callback
                0x0800112c        0xc ./Core/Src/custom_callbacks.o
                0x0800112c                UART2_TX_transfer_complete_callback
 .text.UART2_RX_transfer_complete_callback
                0x08001138       0x30 ./Core/Src/custom_callbacks.o
                0x08001138                UART2_RX_transfer_complete_callback
 .text.LPTIM1_callback
                0x08001168       0x64 ./Core/Src/custom_callbacks.o
                0x08001168                LPTIM1_callback
 .text.TIM17_callback_speed_pot_check
                0x080011cc       0x2c ./Core/Src/custom_callbacks.o
                0x080011cc                TIM17_callback_speed_pot_check
 .text.startup.main
                0x080011f8       0x58 ./Core/Src/main.o
                0x080011f8                main
 .text.HAL_MspInit
                0x08001250       0x30 ./Core/Src/stm32g0xx_hal_msp.o
                0x08001250                HAL_MspInit
 .text.HAL_ADC_MspInit
                0x08001280       0xa0 ./Core/Src/stm32g0xx_hal_msp.o
                0x08001280                HAL_ADC_MspInit
 .text.HAL_LPTIM_MspInit
                0x08001320       0x8c ./Core/Src/stm32g0xx_hal_msp.o
                0x08001320                HAL_LPTIM_MspInit
 .text.HAL_TIM_Base_MspInit
                0x080013ac      0x13c ./Core/Src/stm32g0xx_hal_msp.o
                0x080013ac                HAL_TIM_Base_MspInit
 .text.HAL_TIM_MspPostInit
                0x080014e8       0x78 ./Core/Src/stm32g0xx_hal_msp.o
                0x080014e8                HAL_TIM_MspPostInit
 .text.HAL_UART_MspInit
                0x08001560       0xec ./Core/Src/stm32g0xx_hal_msp.o
                0x08001560                HAL_UART_MspInit
 .text.NMI_Handler
                0x0800164c        0x4 ./Core/Src/stm32g0xx_it.o
                0x0800164c                NMI_Handler
 .text.HardFault_Handler
                0x08001650        0x4 ./Core/Src/stm32g0xx_it.o
                0x08001650                HardFault_Handler
 .text.SVC_Handler
                0x08001654        0x4 ./Core/Src/stm32g0xx_it.o
                0x08001654                SVC_Handler
 .text.PendSV_Handler
                0x08001658        0x4 ./Core/Src/stm32g0xx_it.o
                0x08001658                PendSV_Handler
 .text.SysTick_Handler
                0x0800165c        0x8 ./Core/Src/stm32g0xx_it.o
                0x0800165c                SysTick_Handler
 .text.EXTI4_15_IRQHandler
                0x08001664        0xc ./Core/Src/stm32g0xx_it.o
                0x08001664                EXTI4_15_IRQHandler
 .text.DMA1_Channel1_IRQHandler
                0x08001670       0x10 ./Core/Src/stm32g0xx_it.o
                0x08001670                DMA1_Channel1_IRQHandler
 .text.DMA1_Channel2_3_IRQHandler
                0x08001680       0x18 ./Core/Src/stm32g0xx_it.o
                0x08001680                DMA1_Channel2_3_IRQHandler
 .text.TIM2_IRQHandler
                0x08001698       0x10 ./Core/Src/stm32g0xx_it.o
                0x08001698                TIM2_IRQHandler
 .text.TIM3_IRQHandler
                0x080016a8       0x10 ./Core/Src/stm32g0xx_it.o
                0x080016a8                TIM3_IRQHandler
 .text.TIM16_IRQHandler
                0x080016b8       0x10 ./Core/Src/stm32g0xx_it.o
                0x080016b8                TIM16_IRQHandler
 .text.TIM17_IRQHandler
                0x080016c8       0x10 ./Core/Src/stm32g0xx_it.o
                0x080016c8                TIM17_IRQHandler
 .text.USART2_IRQHandler
                0x080016d8       0x10 ./Core/Src/stm32g0xx_it.o
                0x080016d8                USART2_IRQHandler
 .text.LPTIM1_IRQHandler
                0x080016e8       0x10 ./Core/Src/stm32g0xx_it.o
                0x080016e8                LPTIM1_IRQHandler
 .text.Global_Interrupt_Enable
                0x080016f8        0x8 ./Core/Src/system.o
                0x080016f8                Global_Interrupt_Enable
 .text.Startup  0x08001700       0x7c ./Core/Src/system.o
                0x08001700                Startup
 .text.Start_PWM_Gen_Timer_Main_and_Secondary_Oscillators
                0x0800177c       0x38 ./Core/Src/system.o
                0x0800177c                Start_PWM_Gen_Timer_Main_and_Secondary_Oscillators
 .text.Start_Freq_Gen_Timer
                0x080017b4       0x20 ./Core/Src/system.o
                0x080017b4                Start_Freq_Gen_Timer
 .text.Start_OC_TIM
                0x080017d4       0x14 ./Core/Src/system.o
                0x080017d4                Start_OC_TIM
 .text.Stop_OC_TIM
                0x080017e8       0x14 ./Core/Src/system.o
                0x080017e8                Stop_OC_TIM
 .text.Start_Input_Capture_Timer
                0x080017fc       0x30 ./Core/Src/system.o
                0x080017fc                Start_Input_Capture_Timer
 .text.Process_TIM16_Raw_Start_Value_and_Raw_Prescaler
                0x0800182c       0x2c ./Core/Src/system.o
                0x0800182c                Process_TIM16_Raw_Start_Value_and_Raw_Prescaler
 .text.Process_TIM16_Final_Start_Value_and_Final_Prescaler
                0x08001858      0x25c ./Core/Src/system.o
                0x08001858                Process_TIM16_Final_Start_Value_and_Final_Prescaler
 .text.Speed_Pot_Check
                0x08001ab4       0x94 ./Core/Src/system.o
                0x08001ab4                Speed_Pot_Check
 .text.Check_Tap_Tempo_Switch_State
                0x08001b48       0x64 ./Core/Src/system.o
                0x08001b48                Check_Tap_Tempo_Switch_State
 .text.Start_UART_Receive
                0x08001bac       0x18 ./Core/Src/system.o
                0x08001bac                Start_UART_Receive
 .text.Calculate_Next_Main_Oscillator_Values
                0x08001bc4      0x10c ./Core/Src/system.o
                0x08001bc4                Calculate_Next_Main_Oscillator_Values
 .text.Input_Capture_Processing
                0x08001cd0       0xb0 ./Core/Src/system.o
                0x08001cd0                Input_Capture_Processing
 .text.Write_Next_Main_Oscillator_Values_to_Delay_Line
                0x08001d80       0xb8 ./Core/Src/system.o
                0x08001d80                Write_Next_Main_Oscillator_Values_to_Delay_Line
 .text.Process_ADC_Conversion_Values
                0x08001e38       0x68 ./Core/Src/system.o
                0x08001e38                Process_ADC_Conversion_Values
 .text.Set_Oscillator_Values
                0x08001ea0       0x48 ./Core/Src/system.o
                0x08001ea0                Set_Oscillator_Values
 .text.SystemInit
                0x08001ee8        0x4 ./Core/Src/system_stm32g0xx.o
                0x08001ee8                SystemInit
 .text.Reset_Handler
                0x08001eec       0x50 ./Core/Startup/startup_stm32g031k8tx.o
                0x08001eec                Reset_Handler
 .text.Default_Handler
                0x08001f3c        0x2 ./Core/Startup/startup_stm32g031k8tx.o
                0x08001f3c                TIM1_CC_IRQHandler
                0x08001f3c                PVD_IRQHandler
                0x08001f3c                I2C1_IRQHandler
                0x08001f3c                LPTIM2_IRQHandler
                0x08001f3c                RTC_TAMP_IRQHandler
                0x08001f3c                SPI1_IRQHandler
                0x08001f3c                DMA1_Ch4_5_DMAMUX1_OVR_IRQHandler
                0x08001f3c                EXTI2_3_IRQHandler
                0x08001f3c                ADC1_IRQHandler
                0x08001f3c                I2C2_IRQHandler
                0x08001f3c                RCC_IRQHandler
                0x08001f3c                Default_Handler
                0x08001f3c                TIM14_IRQHandler
                0x08001f3c                EXTI0_1_IRQHandler
                0x08001f3c                SPI2_IRQHandler
                0x08001f3c                WWDG_IRQHandler
                0x08001f3c                LPUART1_IRQHandler
                0x08001f3c                FLASH_IRQHandler
                0x08001f3c                USART1_IRQHandler
                0x08001f3c                TIM1_BRK_UP_TRG_COM_IRQHandler
 *fill*         0x08001f3e        0x2 
 .text.HAL_InitTick
                0x08001f40       0x4c ./Drivers/STM32G0xx_HAL_Driver/Src/stm32g0xx_hal.o
                0x08001f40                HAL_InitTick
 .text.HAL_Init
                0x08001f8c       0x28 ./Drivers/STM32G0xx_HAL_Driver/Src/stm32g0xx_hal.o
                0x08001f8c                HAL_Init
 .text.HAL_IncTick
                0x08001fb4       0x18 ./Drivers/STM32G0xx_HAL_Driver/Src/stm32g0xx_hal.o
                0x08001fb4                HAL_IncTick
 .text.HAL_GetTick
                0x08001fcc        0xc ./Drivers/STM32G0xx_HAL_Driver/Src/stm32g0xx_hal.o
                0x08001fcc                HAL_GetTick
 .text.ADC_DMAConvCplt
                0x08001fd8       0x80 ./Drivers/STM32G0xx_HAL_Driver/Src/stm32g0xx_hal_adc.o
 .text.ADC_DMAHalfConvCplt
                0x08002058        0xc ./Drivers/STM32G0xx_HAL_Driver/Src/stm32g0xx_hal_adc.o
 .text.ADC_DMAError
                0x08002064       0x1c ./Drivers/STM32G0xx_HAL_Driver/Src/stm32g0xx_hal_adc.o
 .text.HAL_ADC_ErrorCallback
                0x08002080        0x4 ./Drivers/STM32G0xx_HAL_Driver/Src/stm32g0xx_hal_adc.o
                0x08002080                HAL_ADC_ErrorCallback
 .text.HAL_ADC_ConvCpltCallback
                0x08002084        0x4 ./Drivers/STM32G0xx_HAL_Driver/Src/stm32g0xx_hal_adc.o
                0x08002084                HAL_ADC_ConvCpltCallback
 .text.HAL_ADC_ConvHalfCpltCallback
                0x08002088        0x4 ./Drivers/STM32G0xx_HAL_Driver/Src/stm32g0xx_hal_adc.o
                0x08002088                HAL_ADC_ConvHalfCpltCallback
 .text.HAL_ADC_LevelOutOfWindowCallback
                0x0800208c        0x4 ./Drivers/STM32G0xx_HAL_Driver/Src/stm32g0xx_hal_adc.o
                0x0800208c                HAL_ADC_LevelOutOfWindowCallback
 .text.HAL_ADC_Init
                0x08002090      0x284 ./Drivers/STM32G0xx_HAL_Driver/Src/stm32g0xx_hal_adc.o
                0x08002090                HAL_ADC_Init
 .text.HAL_ADC_RegisterCallback
                0x08002314       0x70 ./Drivers/STM32G0xx_HAL_Driver/Src/stm32g0xx_hal_adc.o
                0x08002314                HAL_ADC_RegisterCallback
 .text.HAL_ADC_ConfigChannel
                0x08002384      0x284 ./Drivers/STM32G0xx_HAL_Driver/Src/stm32g0xx_hal_adc.o
                0x08002384                HAL_ADC_ConfigChannel
 .text.ADC_ConversionStop
                0x08002608       0x74 ./Drivers/STM32G0xx_HAL_Driver/Src/stm32g0xx_hal_adc.o
                0x08002608                ADC_ConversionStop
 .text.ADC_Enable
                0x0800267c       0xcc ./Drivers/STM32G0xx_HAL_Driver/Src/stm32g0xx_hal_adc.o
                0x0800267c                ADC_Enable
 .text.HAL_ADC_Start_DMA
                0x08002748       0xb4 ./Drivers/STM32G0xx_HAL_Driver/Src/stm32g0xx_hal_adc.o
                0x08002748                HAL_ADC_Start_DMA
 .text.ADC_Disable
                0x080027fc       0x88 ./Drivers/STM32G0xx_HAL_Driver/Src/stm32g0xx_hal_adc.o
                0x080027fc                ADC_Disable
 .text.HAL_ADC_Stop_DMA
                0x08002884       0x8c ./Drivers/STM32G0xx_HAL_Driver/Src/stm32g0xx_hal_adc.o
                0x08002884                HAL_ADC_Stop_DMA
 .text.HAL_ADCEx_Calibration_Start
                0x08002910      0x19c ./Drivers/STM32G0xx_HAL_Driver/Src/stm32g0xx_hal_adc_ex.o
                0x08002910                HAL_ADCEx_Calibration_Start
 .text.HAL_ADCEx_LevelOutOfWindow2Callback
                0x08002aac        0x4 ./Drivers/STM32G0xx_HAL_Driver/Src/stm32g0xx_hal_adc_ex.o
                0x08002aac                HAL_ADCEx_LevelOutOfWindow2Callback
 .text.HAL_ADCEx_LevelOutOfWindow3Callback
                0x08002ab0        0x4 ./Drivers/STM32G0xx_HAL_Driver/Src/stm32g0xx_hal_adc_ex.o
                0x08002ab0                HAL_ADCEx_LevelOutOfWindow3Callback
 .text.HAL_ADCEx_EndOfSamplingCallback
                0x08002ab4        0x4 ./Drivers/STM32G0xx_HAL_Driver/Src/stm32g0xx_hal_adc_ex.o
                0x08002ab4                HAL_ADCEx_EndOfSamplingCallback
 .text.HAL_NVIC_SetPriority
                0x08002ab8       0x54 ./Drivers/STM32G0xx_HAL_Driver/Src/stm32g0xx_hal_cortex.o
                0x08002ab8                HAL_NVIC_SetPriority
 .text.HAL_NVIC_EnableIRQ
                0x08002b0c       0x18 ./Drivers/STM32G0xx_HAL_Driver/Src/stm32g0xx_hal_cortex.o
                0x08002b0c                HAL_NVIC_EnableIRQ
 .text.HAL_NVIC_DisableIRQ
                0x08002b24       0x20 ./Drivers/STM32G0xx_HAL_Driver/Src/stm32g0xx_hal_cortex.o
                0x08002b24                HAL_NVIC_DisableIRQ
 .text.HAL_SYSTICK_Config
                0x08002b44       0x34 ./Drivers/STM32G0xx_HAL_Driver/Src/stm32g0xx_hal_cortex.o
                0x08002b44                HAL_SYSTICK_Config
 .text.HAL_DMA_Init
                0x08002b78       0xec ./Drivers/STM32G0xx_HAL_Driver/Src/stm32g0xx_hal_dma.o
                0x08002b78                HAL_DMA_Init
 .text.HAL_DMA_Start_IT
                0x08002c64       0xd0 ./Drivers/STM32G0xx_HAL_Driver/Src/stm32g0xx_hal_dma.o
                0x08002c64                HAL_DMA_Start_IT
 .text.HAL_DMA_Abort
                0x08002d34       0x78 ./Drivers/STM32G0xx_HAL_Driver/Src/stm32g0xx_hal_dma.o
                0x08002d34                HAL_DMA_Abort
 .text.HAL_DMA_Abort_IT
                0x08002dac       0x78 ./Drivers/STM32G0xx_HAL_Driver/Src/stm32g0xx_hal_dma.o
                0x08002dac                HAL_DMA_Abort_IT
 .text.HAL_DMA_IRQHandler
                0x08002e24       0xb8 ./Drivers/STM32G0xx_HAL_Driver/Src/stm32g0xx_hal_dma.o
                0x08002e24                HAL_DMA_IRQHandler
 .text.HAL_GPIO_Init
                0x08002edc      0x1e4 ./Drivers/STM32G0xx_HAL_Driver/Src/stm32g0xx_hal_gpio.o
                0x08002edc                HAL_GPIO_Init
 .text.HAL_GPIO_ReadPin
                0x080030c0        0xc ./Drivers/STM32G0xx_HAL_Driver/Src/stm32g0xx_hal_gpio.o
                0x080030c0                HAL_GPIO_ReadPin
 .text.HAL_GPIO_WritePin
                0x080030cc        0xc ./Drivers/STM32G0xx_HAL_Driver/Src/stm32g0xx_hal_gpio.o
                0x080030cc                HAL_GPIO_WritePin
 .text.HAL_GPIO_EXTI_IRQHandler
                0x080030d8       0x34 ./Drivers/STM32G0xx_HAL_Driver/Src/stm32g0xx_hal_gpio.o
                0x080030d8                HAL_GPIO_EXTI_IRQHandler
 .text.HAL_LPTIM_DirectionDownCallback
                0x0800310c        0x4 ./Drivers/STM32G0xx_HAL_Driver/Src/stm32g0xx_hal_lptim.o
                0x0800310c                HAL_LPTIM_DirectionDownCallback
 .text.HAL_LPTIM_CompareMatchCallback
                0x08003110        0x4 ./Drivers/STM32G0xx_HAL_Driver/Src/stm32g0xx_hal_lptim.o
                0x08003110                HAL_LPTIM_CompareMatchCallback
 .text.HAL_LPTIM_AutoReloadMatchCallback
                0x08003114        0x4 ./Drivers/STM32G0xx_HAL_Driver/Src/stm32g0xx_hal_lptim.o
                0x08003114                HAL_LPTIM_AutoReloadMatchCallback
 .text.HAL_LPTIM_TriggerCallback
                0x08003118        0x4 ./Drivers/STM32G0xx_HAL_Driver/Src/stm32g0xx_hal_lptim.o
                0x08003118                HAL_LPTIM_TriggerCallback
 .text.HAL_LPTIM_CompareWriteCallback
                0x0800311c        0x4 ./Drivers/STM32G0xx_HAL_Driver/Src/stm32g0xx_hal_lptim.o
                0x0800311c                HAL_LPTIM_CompareWriteCallback
 .text.HAL_LPTIM_AutoReloadWriteCallback
                0x08003120        0x4 ./Drivers/STM32G0xx_HAL_Driver/Src/stm32g0xx_hal_lptim.o
                0x08003120                HAL_LPTIM_AutoReloadWriteCallback
 .text.HAL_LPTIM_DirectionUpCallback
                0x08003124        0x4 ./Drivers/STM32G0xx_HAL_Driver/Src/stm32g0xx_hal_lptim.o
                0x08003124                HAL_LPTIM_DirectionUpCallback
 .text.HAL_LPTIM_Init
                0x08003128      0x108 ./Drivers/STM32G0xx_HAL_Driver/Src/stm32g0xx_hal_lptim.o
                0x08003128                HAL_LPTIM_Init
 .text.HAL_LPTIM_IRQHandler
                0x08003230       0xb8 ./Drivers/STM32G0xx_HAL_Driver/Src/stm32g0xx_hal_lptim.o
                0x08003230                HAL_LPTIM_IRQHandler
 .text.HAL_LPTIM_RegisterCallback
                0x080032e8       0x70 ./Drivers/STM32G0xx_HAL_Driver/Src/stm32g0xx_hal_lptim.o
                0x080032e8                HAL_LPTIM_RegisterCallback
 .text.LPTIM_Disable
                0x08003358      0x1c8 ./Drivers/STM32G0xx_HAL_Driver/Src/stm32g0xx_hal_lptim.o
                0x08003358                LPTIM_Disable
 .text.HAL_LPTIM_SetOnce_Start_IT
                0x08003520       0xc8 ./Drivers/STM32G0xx_HAL_Driver/Src/stm32g0xx_hal_lptim.o
                0x08003520                HAL_LPTIM_SetOnce_Start_IT
 .text.HAL_LPTIM_SetOnce_Stop_IT
                0x080035e8       0x54 ./Drivers/STM32G0xx_HAL_Driver/Src/stm32g0xx_hal_lptim.o
                0x080035e8                HAL_LPTIM_SetOnce_Stop_IT
 .text.HAL_PWREx_ControlVoltageScaling
                0x0800363c       0x60 ./Drivers/STM32G0xx_HAL_Driver/Src/stm32g0xx_hal_pwr_ex.o
                0x0800363c                HAL_PWREx_ControlVoltageScaling
 .text.HAL_RCC_OscConfig
                0x0800369c      0x4d0 ./Drivers/STM32G0xx_HAL_Driver/Src/stm32g0xx_hal_rcc.o
                0x0800369c                HAL_RCC_OscConfig
 .text.HAL_RCC_GetSysClockFreq
                0x08003b6c       0x9c ./Drivers/STM32G0xx_HAL_Driver/Src/stm32g0xx_hal_rcc.o
                0x08003b6c                HAL_RCC_GetSysClockFreq
 .text.HAL_RCC_ClockConfig
                0x08003c08      0x190 ./Drivers/STM32G0xx_HAL_Driver/Src/stm32g0xx_hal_rcc.o
                0x08003c08                HAL_RCC_ClockConfig
 .text.HAL_RCC_GetPCLK1Freq
                0x08003d98       0x28 ./Drivers/STM32G0xx_HAL_Driver/Src/stm32g0xx_hal_rcc.o
                0x08003d98                HAL_RCC_GetPCLK1Freq
 .text.HAL_RCCEx_PeriphCLKConfig
                0x08003dc0      0x1f0 ./Drivers/STM32G0xx_HAL_Driver/Src/stm32g0xx_hal_rcc_ex.o
                0x08003dc0                HAL_RCCEx_PeriphCLKConfig
 .text.HAL_TIM_OC_MspInit
                0x08003fb0        0x4 ./Drivers/STM32G0xx_HAL_Driver/Src/stm32g0xx_hal_tim.o
                0x08003fb0                HAL_TIM_OC_MspInit
 .text.HAL_TIM_PWM_MspInit
                0x08003fb4        0x4 ./Drivers/STM32G0xx_HAL_Driver/Src/stm32g0xx_hal_tim.o
                0x08003fb4                HAL_TIM_PWM_MspInit
 .text.HAL_TIM_IC_MspInit
                0x08003fb8        0x4 ./Drivers/STM32G0xx_HAL_Driver/Src/stm32g0xx_hal_tim.o
                0x08003fb8                HAL_TIM_IC_MspInit
 .text.HAL_TIM_PeriodElapsedCallback
                0x08003fbc        0x4 ./Drivers/STM32G0xx_HAL_Driver/Src/stm32g0xx_hal_tim.o
                0x08003fbc                HAL_TIM_PeriodElapsedCallback
 .text.HAL_TIM_PeriodElapsedHalfCpltCallback
                0x08003fc0        0x4 ./Drivers/STM32G0xx_HAL_Driver/Src/stm32g0xx_hal_tim.o
                0x08003fc0                HAL_TIM_PeriodElapsedHalfCpltCallback
 .text.HAL_TIM_OC_DelayElapsedCallback
                0x08003fc4        0x4 ./Drivers/STM32G0xx_HAL_Driver/Src/stm32g0xx_hal_tim.o
                0x08003fc4                HAL_TIM_OC_DelayElapsedCallback
 .text.HAL_TIM_IC_CaptureCallback
                0x08003fc8        0x4 ./Drivers/STM32G0xx_HAL_Driver/Src/stm32g0xx_hal_tim.o
                0x08003fc8                HAL_TIM_IC_CaptureCallback
 .text.HAL_TIM_IC_CaptureHalfCpltCallback
                0x08003fcc        0x4 ./Drivers/STM32G0xx_HAL_Driver/Src/stm32g0xx_hal_tim.o
                0x08003fcc                HAL_TIM_IC_CaptureHalfCpltCallback
 .text.HAL_TIM_PWM_PulseFinishedCallback
                0x08003fd0        0x4 ./Drivers/STM32G0xx_HAL_Driver/Src/stm32g0xx_hal_tim.o
                0x08003fd0                HAL_TIM_PWM_PulseFinishedCallback
 .text.HAL_TIM_PWM_PulseFinishedHalfCpltCallback
                0x08003fd4        0x4 ./Drivers/STM32G0xx_HAL_Driver/Src/stm32g0xx_hal_tim.o
                0x08003fd4                HAL_TIM_PWM_PulseFinishedHalfCpltCallback
 .text.HAL_TIM_TriggerCallback
                0x08003fd8        0x4 ./Drivers/STM32G0xx_HAL_Driver/Src/stm32g0xx_hal_tim.o
                0x08003fd8                HAL_TIM_TriggerCallback
 .text.HAL_TIM_TriggerHalfCpltCallback
                0x08003fdc        0x4 ./Drivers/STM32G0xx_HAL_Driver/Src/stm32g0xx_hal_tim.o
                0x08003fdc                HAL_TIM_TriggerHalfCpltCallback
 .text.HAL_TIM_ErrorCallback
                0x08003fe0        0x4 ./Drivers/STM32G0xx_HAL_Driver/Src/stm32g0xx_hal_tim.o
                0x08003fe0                HAL_TIM_ErrorCallback
 .text.HAL_TIM_Base_Init
                0x08003fe4      0x190 ./Drivers/STM32G0xx_HAL_Driver/Src/stm32g0xx_hal_tim.o
                0x08003fe4                HAL_TIM_Base_Init
 .text.HAL_TIM_Base_Start
                0x08004174       0x5c ./Drivers/STM32G0xx_HAL_Driver/Src/stm32g0xx_hal_tim.o
                0x08004174                HAL_TIM_Base_Start
 .text.HAL_TIM_Base_Start_IT
                0x080041d0       0x64 ./Drivers/STM32G0xx_HAL_Driver/Src/stm32g0xx_hal_tim.o
                0x080041d0                HAL_TIM_Base_Start_IT
 .text.HAL_TIM_OC_Init
                0x08004234      0x190 ./Drivers/STM32G0xx_HAL_Driver/Src/stm32g0xx_hal_tim.o
                0x08004234                HAL_TIM_OC_Init
 .text.HAL_TIM_OC_Start_IT
                0x080043c4      0x104 ./Drivers/STM32G0xx_HAL_Driver/Src/stm32g0xx_hal_tim.o
                0x080043c4                HAL_TIM_OC_Start_IT
 .text.HAL_TIM_OC_Stop_IT
                0x080044c8      0x100 ./Drivers/STM32G0xx_HAL_Driver/Src/stm32g0xx_hal_tim.o
                0x080044c8                HAL_TIM_OC_Stop_IT
 .text.HAL_TIM_PWM_Init
                0x080045c8      0x190 ./Drivers/STM32G0xx_HAL_Driver/Src/stm32g0xx_hal_tim.o
                0x080045c8                HAL_TIM_PWM_Init
 .text.HAL_TIM_PWM_Start
                0x08004758       0xd0 ./Drivers/STM32G0xx_HAL_Driver/Src/stm32g0xx_hal_tim.o
                0x08004758                HAL_TIM_PWM_Start
 .text.HAL_TIM_IC_Init
                0x08004828      0x190 ./Drivers/STM32G0xx_HAL_Driver/Src/stm32g0xx_hal_tim.o
                0x08004828                HAL_TIM_IC_Init
 .text.HAL_TIM_IC_Start_IT
                0x080049b8      0x168 ./Drivers/STM32G0xx_HAL_Driver/Src/stm32g0xx_hal_tim.o
                0x080049b8                HAL_TIM_IC_Start_IT
 .text.HAL_TIM_IRQHandler
                0x08004b20      0x1b4 ./Drivers/STM32G0xx_HAL_Driver/Src/stm32g0xx_hal_tim.o
                0x08004b20                HAL_TIM_IRQHandler
 .text.HAL_TIM_OC_ConfigChannel
                0x08004cd4      0x2a4 ./Drivers/STM32G0xx_HAL_Driver/Src/stm32g0xx_hal_tim.o
                0x08004cd4                HAL_TIM_OC_ConfigChannel
 .text.HAL_TIM_IC_ConfigChannel
                0x08004f78      0x1bc ./Drivers/STM32G0xx_HAL_Driver/Src/stm32g0xx_hal_tim.o
                0x08004f78                HAL_TIM_IC_ConfigChannel
 .text.HAL_TIM_PWM_ConfigChannel
                0x08005134      0x348 ./Drivers/STM32G0xx_HAL_Driver/Src/stm32g0xx_hal_tim.o
                0x08005134                HAL_TIM_PWM_ConfigChannel
 .text.HAL_TIM_ConfigClockSource
                0x0800547c      0x170 ./Drivers/STM32G0xx_HAL_Driver/Src/stm32g0xx_hal_tim.o
                0x0800547c                HAL_TIM_ConfigClockSource
 .text.HAL_TIM_ReadCapturedValue
                0x080055ec       0x30 ./Drivers/STM32G0xx_HAL_Driver/Src/stm32g0xx_hal_tim.o
                0x080055ec                HAL_TIM_ReadCapturedValue
 .text.HAL_TIM_RegisterCallback
                0x0800561c      0x104 ./Drivers/STM32G0xx_HAL_Driver/Src/stm32g0xx_hal_tim.o
                0x0800561c                HAL_TIM_RegisterCallback
 .text.HAL_TIMEx_MasterConfigSynchronization
                0x08005720       0x70 ./Drivers/STM32G0xx_HAL_Driver/Src/stm32g0xx_hal_tim_ex.o
                0x08005720                HAL_TIMEx_MasterConfigSynchronization
 .text.HAL_TIMEx_ConfigBreakDeadTime
                0x08005790       0xc0 ./Drivers/STM32G0xx_HAL_Driver/Src/stm32g0xx_hal_tim_ex.o
                0x08005790                HAL_TIMEx_ConfigBreakDeadTime
 .text.HAL_TIMEx_CommutCallback
                0x08005850        0x4 ./Drivers/STM32G0xx_HAL_Driver/Src/stm32g0xx_hal_tim_ex.o
                0x08005850                HAL_TIMEx_CommutCallback
 .text.HAL_TIMEx_CommutHalfCpltCallback
                0x08005854        0x4 ./Drivers/STM32G0xx_HAL_Driver/Src/stm32g0xx_hal_tim_ex.o
                0x08005854                HAL_TIMEx_CommutHalfCpltCallback
 .text.HAL_TIMEx_BreakCallback
                0x08005858        0x4 ./Drivers/STM32G0xx_HAL_Driver/Src/stm32g0xx_hal_tim_ex.o
                0x08005858                HAL_TIMEx_BreakCallback
 .text.HAL_TIMEx_Break2Callback
                0x0800585c        0x4 ./Drivers/STM32G0xx_HAL_Driver/Src/stm32g0xx_hal_tim_ex.o
                0x0800585c                HAL_TIMEx_Break2Callback
 .text.HAL_UARTEx_RxEventCallback
                0x08005860        0x4 ./Drivers/STM32G0xx_HAL_Driver/Src/stm32g0xx_hal_uart.o
                0x08005860                HAL_UARTEx_RxEventCallback
 .text.UART_DMAReceiveCplt
                0x08005864       0xa0 ./Drivers/STM32G0xx_HAL_Driver/Src/stm32g0xx_hal_uart.o
 .text.UART_DMARxHalfCplt
                0x08005904       0x24 ./Drivers/STM32G0xx_HAL_Driver/Src/stm32g0xx_hal_uart.o
 .text.UART_DMAAbortOnError
                0x08005928       0x18 ./Drivers/STM32G0xx_HAL_Driver/Src/stm32g0xx_hal_uart.o
 .text.HAL_UART_AbortReceiveCpltCallback
                0x08005940        0x4 ./Drivers/STM32G0xx_HAL_Driver/Src/stm32g0xx_hal_uart.o
                0x08005940                HAL_UART_AbortReceiveCpltCallback
 .text.HAL_UART_TxCpltCallback
                0x08005944        0x4 ./Drivers/STM32G0xx_HAL_Driver/Src/stm32g0xx_hal_uart.o
                0x08005944                HAL_UART_TxCpltCallback
 .text.HAL_UART_TxHalfCpltCallback
                0x08005948        0x4 ./Drivers/STM32G0xx_HAL_Driver/Src/stm32g0xx_hal_uart.o
                0x08005948                HAL_UART_TxHalfCpltCallback
 .text.HAL_UART_RxCpltCallback
                0x0800594c        0x4 ./Drivers/STM32G0xx_HAL_Driver/Src/stm32g0xx_hal_uart.o
                0x0800594c                HAL_UART_RxCpltCallback
 .text.HAL_UART_RxHalfCpltCallback
                0x08005950        0x4 ./Drivers/STM32G0xx_HAL_Driver/Src/stm32g0xx_hal_uart.o
                0x08005950                HAL_UART_RxHalfCpltCallback
 .text.HAL_UART_ErrorCallback
                0x08005954        0x4 ./Drivers/STM32G0xx_HAL_Driver/Src/stm32g0xx_hal_uart.o
                0x08005954                HAL_UART_ErrorCallback
 .text.HAL_UART_AbortCpltCallback
                0x08005958        0x4 ./Drivers/STM32G0xx_HAL_Driver/Src/stm32g0xx_hal_uart.o
                0x08005958                HAL_UART_AbortCpltCallback
 .text.HAL_UART_AbortTransmitCpltCallback
                0x0800595c        0x4 ./Drivers/STM32G0xx_HAL_Driver/Src/stm32g0xx_hal_uart.o
                0x0800595c                HAL_UART_AbortTransmitCpltCallback
 .text.UART_DMAError
                0x08005960       0xdc ./Drivers/STM32G0xx_HAL_Driver/Src/stm32g0xx_hal_uart.o
 .text.HAL_UART_RegisterCallback
                0x08005a3c       0xa4 ./Drivers/STM32G0xx_HAL_Driver/Src/stm32g0xx_hal_uart.o
                0x08005a3c                HAL_UART_RegisterCallback
 .text.HAL_UART_Receive_DMA
                0x08005ae0      0x100 ./Drivers/STM32G0xx_HAL_Driver/Src/stm32g0xx_hal_uart.o
                0x08005ae0                HAL_UART_Receive_DMA
 .text.HAL_UART_IRQHandler
                0x08005be0      0x3cc ./Drivers/STM32G0xx_HAL_Driver/Src/stm32g0xx_hal_uart.o
                0x08005be0                HAL_UART_IRQHandler
 .text.UART_AdvFeatureConfig
                0x08005fac       0xd0 ./Drivers/STM32G0xx_HAL_Driver/Src/stm32g0xx_hal_uart.o
                0x08005fac                UART_AdvFeatureConfig
 .text.UART_CheckIdleState
                0x0800607c      0x2ac ./Drivers/STM32G0xx_HAL_Driver/Src/stm32g0xx_hal_uart.o
                0x0800607c                UART_CheckIdleState
 .text.HAL_UART_Init
                0x08006328      0x324 ./Drivers/STM32G0xx_HAL_Driver/Src/stm32g0xx_hal_uart.o
                0x08006328                HAL_UART_Init
 .text.HAL_UARTEx_WakeupCallback
                0x0800664c        0x4 ./Drivers/STM32G0xx_HAL_Driver/Src/stm32g0xx_hal_uart_ex.o
                0x0800664c                HAL_UARTEx_WakeupCallback
 .text.HAL_UARTEx_RxFifoFullCallback
                0x08006650        0x4 ./Drivers/STM32G0xx_HAL_Driver/Src/stm32g0xx_hal_uart_ex.o
                0x08006650                HAL_UARTEx_RxFifoFullCallback
 .text.HAL_UARTEx_TxFifoEmptyCallback
                0x08006654        0x4 ./Drivers/STM32G0xx_HAL_Driver/Src/stm32g0xx_hal_uart_ex.o
                0x08006654                HAL_UARTEx_TxFifoEmptyCallback
 .text.memset   0x08006658       0x10 C:/ST/STM32CubeIDE_1.16.1/STM32CubeIDE/plugins/com.st.stm32cube.ide.mcu.externaltools.gnu-tools-for-stm32.12.3.rel1.win32_1.1.0.202410251130/tools/bin/../lib/gcc/arm-none-eabi/12.3.1/../../../../arm-none-eabi/lib/thumb/v6-m/nofp\libc_nano.a(libc_a-memset.o)
                0x08006658                memset
 .text.__libc_init_array
                0x08006668       0x48 C:/ST/STM32CubeIDE_1.16.1/STM32CubeIDE/plugins/com.st.stm32cube.ide.mcu.externaltools.gnu-tools-for-stm32.12.3.rel1.win32_1.1.0.202410251130/tools/bin/../lib/gcc/arm-none-eabi/12.3.1/../../../../arm-none-eabi/lib/thumb/v6-m/nofp\libc_nano.a(libc_a-init.o)
                0x08006668                __libc_init_array
 *(.glue_7)
 .glue_7        0x080066b0        0x0 linker stubs
 *(.glue_7t)
 .glue_7t       0x080066b0        0x0 linker stubs
 *(.eh_frame)
 .eh_frame      0x080066b0        0x0 C:/ST/STM32CubeIDE_1.16.1/STM32CubeIDE/plugins/com.st.stm32cube.ide.mcu.externaltools.gnu-tools-for-stm32.12.3.rel1.win32_1.1.0.202410251130/tools/bin/../lib/gcc/arm-none-eabi/12.3.1/thumb/v6-m/nofp/crtbegin.o
 *(.init)
 .init          0x080066b0        0x4 C:/ST/STM32CubeIDE_1.16.1/STM32CubeIDE/plugins/com.st.stm32cube.ide.mcu.externaltools.gnu-tools-for-stm32.12.3.rel1.win32_1.1.0.202410251130/tools/bin/../lib/gcc/arm-none-eabi/12.3.1/thumb/v6-m/nofp/crti.o
                0x080066b0                _init
 .init          0x080066b4        0x8 C:/ST/STM32CubeIDE_1.16.1/STM32CubeIDE/plugins/com.st.stm32cube.ide.mcu.externaltools.gnu-tools-for-stm32.12.3.rel1.win32_1.1.0.202410251130/tools/bin/../lib/gcc/arm-none-eabi/12.3.1/thumb/v6-m/nofp/crtn.o
 *(.fini)
 .fini          0x080066bc        0x4 C:/ST/STM32CubeIDE_1.16.1/STM32CubeIDE/plugins/com.st.stm32cube.ide.mcu.externaltools.gnu-tools-for-stm32.12.3.rel1.win32_1.1.0.202410251130/tools/bin/../lib/gcc/arm-none-eabi/12.3.1/thumb/v6-m/nofp/crti.o
                0x080066bc                _fini
 .fini          0x080066c0        0x8 C:/ST/STM32CubeIDE_1.16.1/STM32CubeIDE/plugins/com.st.stm32cube.ide.mcu.externaltools.gnu-tools-for-stm32.12.3.rel1.win32_1.1.0.202410251130/tools/bin/../lib/gcc/arm-none-eabi/12.3.1/thumb/v6-m/nofp/crtn.o
                0x080066c8                        . = ALIGN (0x4)
                0x080066c8                        _etext = .

.vfp11_veneer   0x080066c8        0x0
 .vfp11_veneer  0x080066c8        0x0 linker stubs

.v4_bx          0x080066c8        0x0
 .v4_bx         0x080066c8        0x0 linker stubs

.iplt           0x080066c8        0x0
 .iplt          0x080066c8        0x0 C:/ST/STM32CubeIDE_1.16.1/STM32CubeIDE/plugins/com.st.stm32cube.ide.mcu.externaltools.gnu-tools-for-stm32.12.3.rel1.win32_1.1.0.202410251130/tools/bin/../lib/gcc/arm-none-eabi/12.3.1/thumb/v6-m/nofp/crtbegin.o

.rodata         0x080066c8      0xb50
                0x080066c8                        . = ALIGN (0x4)
 *(.rodata)
 *(.rodata*)
 .rodata.num_ADC_conversions
                0x080066c8        0x1 ./Core/Src/system.o
                0x080066c8                num_ADC_conversions
 *fill*         0x080066c9        0x3 
 .rodata.tri_wavetable
                0x080066cc      0x400 ./Core/Src/system.o
                0x080066cc                tri_wavetable
 .rodata.sine_wavetable
                0x08006acc      0x400 ./Core/Src/system.o
                0x08006acc                sine_wavetable
 .rodata.APBPrescTable
                0x08006ecc       0x20 ./Core/Src/system_stm32g0xx.o
                0x08006ecc                APBPrescTable
 .rodata.AHBPrescTable
                0x08006eec       0x40 ./Core/Src/system_stm32g0xx.o
                0x08006eec                AHBPrescTable
 .rodata.HAL_ADC_RegisterCallback
                0x08006f2c       0x2c ./Drivers/STM32G0xx_HAL_Driver/Src/stm32g0xx_hal_adc.o
 .rodata.HAL_LPTIM_RegisterCallback
                0x08006f58       0x24 ./Drivers/STM32G0xx_HAL_Driver/Src/stm32g0xx_hal_lptim.o
 .rodata.HAL_TIM_OC_Start_IT
                0x08006f7c       0x44 ./Drivers/STM32G0xx_HAL_Driver/Src/stm32g0xx_hal_tim.o
 .rodata.HAL_TIM_PWM_Start
                0x08006fc0       0x44 ./Drivers/STM32G0xx_HAL_Driver/Src/stm32g0xx_hal_tim.o
 .rodata.HAL_TIM_IC_Start_IT
                0x08007004       0x78 ./Drivers/STM32G0xx_HAL_Driver/Src/stm32g0xx_hal_tim.o
 .rodata.HAL_TIM_OC_ConfigChannel
                0x0800707c       0x54 ./Drivers/STM32G0xx_HAL_Driver/Src/stm32g0xx_hal_tim.o
 .rodata.HAL_TIM_PWM_ConfigChannel
                0x080070d0       0x54 ./Drivers/STM32G0xx_HAL_Driver/Src/stm32g0xx_hal_tim.o
 .rodata.HAL_TIM_RegisterCallback
                0x08007124       0xa8 ./Drivers/STM32G0xx_HAL_Driver/Src/stm32g0xx_hal_tim.o
 .rodata.HAL_UART_RegisterCallback
                0x080071cc       0x34 ./Drivers/STM32G0xx_HAL_Driver/Src/stm32g0xx_hal_uart.o
 .rodata.UARTPrescTable
                0x08007200       0x18 ./Drivers/STM32G0xx_HAL_Driver/Src/stm32g0xx_hal_uart.o
                0x08007200                UARTPrescTable
                0x08007218                        . = ALIGN (0x4)

.ARM.extab      0x08007218        0x0
                0x08007218                        . = ALIGN (0x4)
 *(.ARM.extab* .gnu.linkonce.armextab.*)
                0x08007218                        . = ALIGN (0x4)

.ARM            0x08007218        0x8
                0x08007218                        . = ALIGN (0x4)
                0x08007218                        __exidx_start = .
 *(.ARM.exidx*)
 .ARM.exidx     0x08007218        0x8 C:/ST/STM32CubeIDE_1.16.1/STM32CubeIDE/plugins/com.st.stm32cube.ide.mcu.externaltools.gnu-tools-for-stm32.12.3.rel1.win32_1.1.0.202410251130/tools/bin/../lib/gcc/arm-none-eabi/12.3.1/thumb/v6-m/nofp\libgcc.a(_udivmoddi4.o)
                0x08007220                        __exidx_end = .
                0x08007220                        . = ALIGN (0x4)

.preinit_array  0x08007220        0x0
                0x08007220                        . = ALIGN (0x4)
                0x08007220                        PROVIDE (__preinit_array_start = .)
 *(.preinit_array*)
                0x08007220                        PROVIDE (__preinit_array_end = .)
                0x08007220                        . = ALIGN (0x4)

.init_array     0x08007220        0x4
                0x08007220                        . = ALIGN (0x4)
                0x08007220                        PROVIDE (__init_array_start = .)
 *(SORT_BY_NAME(.init_array.*))
 *(.init_array*)
 .init_array    0x08007220        0x4 C:/ST/STM32CubeIDE_1.16.1/STM32CubeIDE/plugins/com.st.stm32cube.ide.mcu.externaltools.gnu-tools-for-stm32.12.3.rel1.win32_1.1.0.202410251130/tools/bin/../lib/gcc/arm-none-eabi/12.3.1/thumb/v6-m/nofp/crtbegin.o
                0x08007224                        PROVIDE (__init_array_end = .)
                0x08007224                        . = ALIGN (0x4)

.fini_array     0x08007224        0x4
                0x08007224                        . = ALIGN (0x4)
                [!provide]                        PROVIDE (__fini_array_start = .)
 *(SORT_BY_NAME(.fini_array.*))
 *(.fini_array*)
 .fini_array    0x08007224        0x4 C:/ST/STM32CubeIDE_1.16.1/STM32CubeIDE/plugins/com.st.stm32cube.ide.mcu.externaltools.gnu-tools-for-stm32.12.3.rel1.win32_1.1.0.202410251130/tools/bin/../lib/gcc/arm-none-eabi/12.3.1/thumb/v6-m/nofp/crtbegin.o
                [!provide]                        PROVIDE (__fini_array_end = .)
                0x08007228                        . = ALIGN (0x4)
                0x08007228                        _sidata = LOADADDR (.data)

.rel.dyn        0x08007228        0x0
 .rel.iplt      0x08007228        0x0 C:/ST/STM32CubeIDE_1.16.1/STM32CubeIDE/plugins/com.st.stm32cube.ide.mcu.externaltools.gnu-tools-for-stm32.12.3.rel1.win32_1.1.0.202410251130/tools/bin/../lib/gcc/arm-none-eabi/12.3.1/thumb/v6-m/nofp/crtbegin.o

.data           0x20000000      0x418 load address 0x08007228
                0x20000000                        . = ALIGN (0x4)
                0x20000000                        _sdata = .
 *(.data)
 *(.data*)
 .data.delay_line
                0x20000000      0x408 ./Core/Src/system.o
                0x20000000                delay_line
 .data.tap_tempo_switch_state_counter
                0x20000408        0x1 ./Core/Src/system.o
                0x20000408                tap_tempo_switch_state_counter
 .data.UART_DMA_TX_is_complete
                0x20000409        0x1 ./Core/Src/system.o
                0x20000409                UART_DMA_TX_is_complete
 *fill*         0x2000040a        0x2 
 .data.SystemCoreClock
                0x2000040c        0x4 ./Core/Src/system_stm32g0xx.o
                0x2000040c                SystemCoreClock
 .data.uwTickFreq
                0x20000410        0x1 ./Drivers/STM32G0xx_HAL_Driver/Src/stm32g0xx_hal.o
                0x20000410                uwTickFreq
 *fill*         0x20000411        0x3 
 .data.uwTickPrio
                0x20000414        0x4 ./Drivers/STM32G0xx_HAL_Driver/Src/stm32g0xx_hal.o
                0x20000414                uwTickPrio
 *(.RamFunc)
 *(.RamFunc*)
                0x20000418                        . = ALIGN (0x4)
                0x20000418                        _edata = .

.igot.plt       0x20000418        0x0 load address 0x08007640
 .igot.plt      0x20000418        0x0 C:/ST/STM32CubeIDE_1.16.1/STM32CubeIDE/plugins/com.st.stm32cube.ide.mcu.externaltools.gnu-tools-for-stm32.12.3.rel1.win32_1.1.0.202410251130/tools/bin/../lib/gcc/arm-none-eabi/12.3.1/thumb/v6-m/nofp/crtbegin.o
                0x20000418                        . = ALIGN (0x4)

.bss            0x20000418      0x6f8 load address 0x08007640
                0x20000418                        _sbss = .
                0x20000418                        __bss_start__ = _sbss
 *(.bss)
 .bss           0x20000418       0x1c C:/ST/STM32CubeIDE_1.16.1/STM32CubeIDE/plugins/com.st.stm32cube.ide.mcu.externaltools.gnu-tools-for-stm32.12.3.rel1.win32_1.1.0.202410251130/tools/bin/../lib/gcc/arm-none-eabi/12.3.1/thumb/v6-m/nofp/crtbegin.o
 *(.bss*)
 *fill*         0x20000434        0x4 
 .bss.hlptim1   0x20000438       0x5c ./Core/Src/config.o
                0x20000438                hlptim1
 .bss.hdma_usart2_tx
                0x20000494       0x5c ./Core/Src/config.o
                0x20000494                hdma_usart2_tx
 .bss.hdma_usart2_rx
                0x200004f0       0x5c ./Core/Src/config.o
                0x200004f0                hdma_usart2_rx
 .bss.huart2    0x2000054c       0xcc ./Core/Src/config.o
                0x2000054c                huart2
 .bss.htim17    0x20000618       0xbc ./Core/Src/config.o
                0x20000618                htim17
 .bss.htim1     0x200006d4       0xbc ./Core/Src/config.o
                0x200006d4                htim1
 .bss.htim3     0x20000790       0xbc ./Core/Src/config.o
                0x20000790                htim3
 .bss.htim2     0x2000084c       0xbc ./Core/Src/config.o
                0x2000084c                htim2
 .bss.htim16    0x20000908       0xbc ./Core/Src/config.o
                0x20000908                htim16
 .bss.hdma_adc1
                0x200009c4       0x5c ./Core/Src/config.o
                0x200009c4                hdma_adc1
 .bss.hadc1     0x20000a20       0x88 ./Core/Src/config.o
                0x20000a20                hadc1
 .bss.rx_buffer
                0x20000aa8        0x1 ./Core/Src/main.o
                0x20000aa8                rx_buffer
 .bss.extend_rising_edge.0
                0x20000aa9        0x1 ./Core/Src/system.o
 .bss.second_speed_measurement.1
                0x20000aaa        0x2 ./Core/Src/system.o
 .bss.first_speed_measurement.2
                0x20000aac        0x2 ./Core/Src/system.o
 *fill*         0x20000aae        0x2 
 .bss.params_to_be_loaded
                0x20000ab0       0x1c ./Core/Src/system.o
                0x20000ab0                params_to_be_loaded
 .bss.params    0x20000acc       0x1c ./Core/Src/system.o
                0x20000acc                params
 .bss.cycles_of_delay2
                0x20000ae8        0x2 ./Core/Src/system.o
                0x20000ae8                cycles_of_delay2
 .bss.cycles_of_delay
                0x20000aea        0x2 ./Core/Src/system.o
                0x20000aea                cycles_of_delay
 .bss.tap_tempo_mode_is_active
                0x20000aec        0x1 ./Core/Src/system.o
                0x20000aec                tap_tempo_mode_is_active
 .bss.external_clock_mode_is_active
                0x20000aed        0x1 ./Core/Src/system.o
                0x20000aed                external_clock_mode_is_active
 .bss.input_capture_processing_can_be_started
                0x20000aee        0x1 ./Core/Src/system.o
                0x20000aee                input_capture_processing_can_be_started
 .bss.tap_tempo_switch_state
                0x20000aef        0x1 ./Core/Src/system.o
                0x20000aef                tap_tempo_switch_state
 .bss.speed_pot_adc_measurement_num
                0x20000af0        0x1 ./Core/Src/system.o
                0x20000af0                speed_pot_adc_measurement_num
 *fill*         0x20000af1        0x1 
 .bss.interrupt_period
                0x20000af2        0x2 ./Core/Src/system.o
                0x20000af2                interrupt_period
 .bss.input_capture_measurement_reelapse_is_ongoing
                0x20000af4        0x1 ./Core/Src/system.o
                0x20000af4                input_capture_measurement_reelapse_is_ongoing
 .bss.input_capture_measurement_is_ongoing
                0x20000af5        0x1 ./Core/Src/system.o
                0x20000af5                input_capture_measurement_is_ongoing
 *fill*         0x20000af6        0x2 
 .bss.TIM2_ch1_input_capture_value
                0x20000af8        0x4 ./Core/Src/system.o
                0x20000af8                TIM2_ch1_input_capture_value
 .bss.input_capture_event
                0x20000afc        0x1 ./Core/Src/system.o
                0x20000afc                input_capture_event
 .bss.initial_ADC_conversion_complete
                0x20000afd        0x1 ./Core/Src/system.o
                0x20000afd                initial_ADC_conversion_complete
 *fill*         0x20000afe        0x2 
 .bss.ADCResultsDMA
                0x20000b00        0xa ./Core/Src/system.o
                0x20000b00                ADCResultsDMA
 *fill*         0x20000b0a        0x2 
 .bss.uwTick    0x20000b0c        0x4 ./Drivers/STM32G0xx_HAL_Driver/Src/stm32g0xx_hal.o
                0x20000b0c                uwTick
 *(COMMON)
                0x20000b10                        . = ALIGN (0x4)
                0x20000b10                        _ebss = .
                0x20000b10                        __bss_end__ = _ebss

._user_heap_stack
                0x20000b10      0x600 load address 0x08007640
                0x20000b10                        . = ALIGN (0x8)
                [!provide]                        PROVIDE (end = .)
                0x20000b10                        PROVIDE (_end = .)
                0x20000d10                        . = (. + _Min_Heap_Size)
 *fill*         0x20000b10      0x200 
                0x20001110                        . = (. + _Min_Stack_Size)
 *fill*         0x20000d10      0x400 
                0x20001110                        . = ALIGN (0x8)

/DISCARD/
 libc.a(*)
 libm.a(*)
 libgcc.a(*)

.ARM.attributes
                0x00000000       0x28
 *(.ARM.attributes)
 .ARM.attributes
                0x00000000       0x1e C:/ST/STM32CubeIDE_1.16.1/STM32CubeIDE/plugins/com.st.stm32cube.ide.mcu.externaltools.gnu-tools-for-stm32.12.3.rel1.win32_1.1.0.202410251130/tools/bin/../lib/gcc/arm-none-eabi/12.3.1/thumb/v6-m/nofp/crti.o
 .ARM.attributes
                0x0000001e       0x2c C:/ST/STM32CubeIDE_1.16.1/STM32CubeIDE/plugins/com.st.stm32cube.ide.mcu.externaltools.gnu-tools-for-stm32.12.3.rel1.win32_1.1.0.202410251130/tools/bin/../lib/gcc/arm-none-eabi/12.3.1/thumb/v6-m/nofp/crtbegin.o
 .ARM.attributes
                0x0000004a       0x28 ./Core/Src/config.o
 .ARM.attributes
                0x00000072       0x28 ./Core/Src/custom_callbacks.o
 .ARM.attributes
                0x0000009a       0x28 ./Core/Src/main.o
 .ARM.attributes
                0x000000c2       0x28 ./Core/Src/stm32g0xx_hal_msp.o
 .ARM.attributes
                0x000000ea       0x28 ./Core/Src/stm32g0xx_it.o
 .ARM.attributes
                0x00000112       0x28 ./Core/Src/system.o
 .ARM.attributes
                0x0000013a       0x28 ./Core/Src/system_stm32g0xx.o
 .ARM.attributes
                0x00000162       0x22 ./Core/Startup/startup_stm32g031k8tx.o
 .ARM.attributes
                0x00000184       0x28 ./Drivers/STM32G0xx_HAL_Driver/Src/stm32g0xx_hal.o
 .ARM.attributes
                0x000001ac       0x28 ./Drivers/STM32G0xx_HAL_Driver/Src/stm32g0xx_hal_adc.o
 .ARM.attributes
                0x000001d4       0x28 ./Drivers/STM32G0xx_HAL_Driver/Src/stm32g0xx_hal_adc_ex.o
 .ARM.attributes
                0x000001fc       0x28 ./Drivers/STM32G0xx_HAL_Driver/Src/stm32g0xx_hal_cortex.o
 .ARM.attributes
                0x00000224       0x28 ./Drivers/STM32G0xx_HAL_Driver/Src/stm32g0xx_hal_dma.o
 .ARM.attributes
                0x0000024c       0x28 ./Drivers/STM32G0xx_HAL_Driver/Src/stm32g0xx_hal_gpio.o
 .ARM.attributes
                0x00000274       0x28 ./Drivers/STM32G0xx_HAL_Driver/Src/stm32g0xx_hal_lptim.o
 .ARM.attributes
                0x0000029c       0x28 ./Drivers/STM32G0xx_HAL_Driver/Src/stm32g0xx_hal_pwr_ex.o
 .ARM.attributes
                0x000002c4       0x28 ./Drivers/STM32G0xx_HAL_Driver/Src/stm32g0xx_hal_rcc.o
 .ARM.attributes
                0x000002ec       0x28 ./Drivers/STM32G0xx_HAL_Driver/Src/stm32g0xx_hal_rcc_ex.o
 .ARM.attributes
                0x00000314       0x28 ./Drivers/STM32G0xx_HAL_Driver/Src/stm32g0xx_hal_tim.o
 .ARM.attributes
                0x0000033c       0x28 ./Drivers/STM32G0xx_HAL_Driver/Src/stm32g0xx_hal_tim_ex.o
 .ARM.attributes
                0x00000364       0x28 ./Drivers/STM32G0xx_HAL_Driver/Src/stm32g0xx_hal_uart.o
 .ARM.attributes
                0x0000038c       0x28 ./Drivers/STM32G0xx_HAL_Driver/Src/stm32g0xx_hal_uart_ex.o
 .ARM.attributes
                0x000003b4       0x2c C:/ST/STM32CubeIDE_1.16.1/STM32CubeIDE/plugins/com.st.stm32cube.ide.mcu.externaltools.gnu-tools-for-stm32.12.3.rel1.win32_1.1.0.202410251130/tools/bin/../lib/gcc/arm-none-eabi/12.3.1/../../../../arm-none-eabi/lib/thumb/v6-m/nofp\libc_nano.a(libc_a-memset.o)
 .ARM.attributes
                0x000003e0       0x2c C:/ST/STM32CubeIDE_1.16.1/STM32CubeIDE/plugins/com.st.stm32cube.ide.mcu.externaltools.gnu-tools-for-stm32.12.3.rel1.win32_1.1.0.202410251130/tools/bin/../lib/gcc/arm-none-eabi/12.3.1/../../../../arm-none-eabi/lib/thumb/v6-m/nofp\libc_nano.a(libc_a-init.o)
 .ARM.attributes
                0x0000040c       0x1e C:/ST/STM32CubeIDE_1.16.1/STM32CubeIDE/plugins/com.st.stm32cube.ide.mcu.externaltools.gnu-tools-for-stm32.12.3.rel1.win32_1.1.0.202410251130/tools/bin/../lib/gcc/arm-none-eabi/12.3.1/thumb/v6-m/nofp\libgcc.a(_udivsi3.o)
 .ARM.attributes
                0x0000042a       0x1e C:/ST/STM32CubeIDE_1.16.1/STM32CubeIDE/plugins/com.st.stm32cube.ide.mcu.externaltools.gnu-tools-for-stm32.12.3.rel1.win32_1.1.0.202410251130/tools/bin/../lib/gcc/arm-none-eabi/12.3.1/thumb/v6-m/nofp\libgcc.a(_divsi3.o)
 .ARM.attributes
                0x00000448       0x1e C:/ST/STM32CubeIDE_1.16.1/STM32CubeIDE/plugins/com.st.stm32cube.ide.mcu.externaltools.gnu-tools-for-stm32.12.3.rel1.win32_1.1.0.202410251130/tools/bin/../lib/gcc/arm-none-eabi/12.3.1/thumb/v6-m/nofp\libgcc.a(_dvmd_tls.o)
 .ARM.attributes
                0x00000466       0x1e C:/ST/STM32CubeIDE_1.16.1/STM32CubeIDE/plugins/com.st.stm32cube.ide.mcu.externaltools.gnu-tools-for-stm32.12.3.rel1.win32_1.1.0.202410251130/tools/bin/../lib/gcc/arm-none-eabi/12.3.1/thumb/v6-m/nofp\libgcc.a(_aeabi_uldivmod.o)
 .ARM.attributes
                0x00000484       0x2c C:/ST/STM32CubeIDE_1.16.1/STM32CubeIDE/plugins/com.st.stm32cube.ide.mcu.externaltools.gnu-tools-for-stm32.12.3.rel1.win32_1.1.0.202410251130/tools/bin/../lib/gcc/arm-none-eabi/12.3.1/thumb/v6-m/nofp\libgcc.a(_udivmoddi4.o)
 .ARM.attributes
                0x000004b0       0x1e C:/ST/STM32CubeIDE_1.16.1/STM32CubeIDE/plugins/com.st.stm32cube.ide.mcu.externaltools.gnu-tools-for-stm32.12.3.rel1.win32_1.1.0.202410251130/tools/bin/../lib/gcc/arm-none-eabi/12.3.1/thumb/v6-m/nofp\libgcc.a(_clzdi2.o)
 .ARM.attributes
                0x000004ce       0x1e C:/ST/STM32CubeIDE_1.16.1/STM32CubeIDE/plugins/com.st.stm32cube.ide.mcu.externaltools.gnu-tools-for-stm32.12.3.rel1.win32_1.1.0.202410251130/tools/bin/../lib/gcc/arm-none-eabi/12.3.1/thumb/v6-m/nofp\libgcc.a(_clzsi2.o)
 .ARM.attributes
                0x000004ec       0x1e C:/ST/STM32CubeIDE_1.16.1/STM32CubeIDE/plugins/com.st.stm32cube.ide.mcu.externaltools.gnu-tools-for-stm32.12.3.rel1.win32_1.1.0.202410251130/tools/bin/../lib/gcc/arm-none-eabi/12.3.1/thumb/v6-m/nofp/crtn.o
OUTPUT(g031k8.elf elf32-littlearm)
LOAD linker stubs
LOAD C:/ST/STM32CubeIDE_1.16.1/STM32CubeIDE/plugins/com.st.stm32cube.ide.mcu.externaltools.gnu-tools-for-stm32.12.3.rel1.win32_1.1.0.202410251130/tools/bin/../lib/gcc/arm-none-eabi/12.3.1/../../../../arm-none-eabi/lib/thumb/v6-m/nofp\libc.a
LOAD C:/ST/STM32CubeIDE_1.16.1/STM32CubeIDE/plugins/com.st.stm32cube.ide.mcu.externaltools.gnu-tools-for-stm32.12.3.rel1.win32_1.1.0.202410251130/tools/bin/../lib/gcc/arm-none-eabi/12.3.1/../../../../arm-none-eabi/lib/thumb/v6-m/nofp\libm.a
LOAD C:/ST/STM32CubeIDE_1.16.1/STM32CubeIDE/plugins/com.st.stm32cube.ide.mcu.externaltools.gnu-tools-for-stm32.12.3.rel1.win32_1.1.0.202410251130/tools/bin/../lib/gcc/arm-none-eabi/12.3.1/thumb/v6-m/nofp\libgcc.a

.debug_info     0x00000000    0x25906
 .debug_info    0x00000000     0x3717 ./Core/Src/config.o
 .debug_info    0x00003717     0x2016 ./Core/Src/custom_callbacks.o
 .debug_info    0x0000572d      0xb9d ./Core/Src/main.o
 .debug_info    0x000062ca     0x2047 ./Core/Src/stm32g0xx_hal_msp.o
 .debug_info    0x00008311     0x12a9 ./Core/Src/stm32g0xx_it.o
 .debug_info    0x000095ba     0x2444 ./Core/Src/system.o
 .debug_info    0x0000b9fe      0x34e ./Core/Src/system_stm32g0xx.o
 .debug_info    0x0000bd4c       0x30 ./Core/Startup/startup_stm32g031k8tx.o
 .debug_info    0x0000bd7c      0xb3c ./Drivers/STM32G0xx_HAL_Driver/Src/stm32g0xx_hal.o
 .debug_info    0x0000c8b8     0x23a8 ./Drivers/STM32G0xx_HAL_Driver/Src/stm32g0xx_hal_adc.o
 .debug_info    0x0000ec60      0xd8e ./Drivers/STM32G0xx_HAL_Driver/Src/stm32g0xx_hal_adc_ex.o
 .debug_info    0x0000f9ee      0xa40 ./Drivers/STM32G0xx_HAL_Driver/Src/stm32g0xx_hal_cortex.o
 .debug_info    0x0001042e      0xab0 ./Drivers/STM32G0xx_HAL_Driver/Src/stm32g0xx_hal_dma.o
 .debug_info    0x00010ede      0x5ef ./Drivers/STM32G0xx_HAL_Driver/Src/stm32g0xx_hal_gpio.o
 .debug_info    0x000114cd     0x1c86 ./Drivers/STM32G0xx_HAL_Driver/Src/stm32g0xx_hal_lptim.o
 .debug_info    0x00013153      0x7ef ./Drivers/STM32G0xx_HAL_Driver/Src/stm32g0xx_hal_pwr_ex.o
 .debug_info    0x00013942      0xdc8 ./Drivers/STM32G0xx_HAL_Driver/Src/stm32g0xx_hal_rcc.o
 .debug_info    0x0001470a      0x854 ./Drivers/STM32G0xx_HAL_Driver/Src/stm32g0xx_hal_rcc_ex.o
 .debug_info    0x00014f5e     0x5491 ./Drivers/STM32G0xx_HAL_Driver/Src/stm32g0xx_hal_tim.o
 .debug_info    0x0001a3ef     0x2151 ./Drivers/STM32G0xx_HAL_Driver/Src/stm32g0xx_hal_tim_ex.o
 .debug_info    0x0001c540     0x7f18 ./Drivers/STM32G0xx_HAL_Driver/Src/stm32g0xx_hal_uart.o
 .debug_info    0x00024458     0x14ae ./Drivers/STM32G0xx_HAL_Driver/Src/stm32g0xx_hal_uart_ex.o

.debug_abbrev   0x00000000     0x4110
 .debug_abbrev  0x00000000      0x37e ./Core/Src/config.o
 .debug_abbrev  0x0000037e      0x2a7 ./Core/Src/custom_callbacks.o
 .debug_abbrev  0x00000625      0x236 ./Core/Src/main.o
 .debug_abbrev  0x0000085b      0x2ae ./Core/Src/stm32g0xx_hal_msp.o
 .debug_abbrev  0x00000b09      0x23b ./Core/Src/stm32g0xx_it.o
 .debug_abbrev  0x00000d44      0x4d8 ./Core/Src/system.o
 .debug_abbrev  0x0000121c      0x148 ./Core/Src/system_stm32g0xx.o
 .debug_abbrev  0x00001364       0x24 ./Core/Startup/startup_stm32g031k8tx.o
 .debug_abbrev  0x00001388      0x341 ./Drivers/STM32G0xx_HAL_Driver/Src/stm32g0xx_hal.o
 .debug_abbrev  0x000016c9      0x370 ./Drivers/STM32G0xx_HAL_Driver/Src/stm32g0xx_hal_adc.o
 .debug_abbrev  0x00001a39      0x30f ./Drivers/STM32G0xx_HAL_Driver/Src/stm32g0xx_hal_adc_ex.o
 .debug_abbrev  0x00001d48      0x2dc ./Drivers/STM32G0xx_HAL_Driver/Src/stm32g0xx_hal_cortex.o
 .debug_abbrev  0x00002024      0x28a ./Drivers/STM32G0xx_HAL_Driver/Src/stm32g0xx_hal_dma.o
 .debug_abbrev  0x000022ae      0x26c ./Drivers/STM32G0xx_HAL_Driver/Src/stm32g0xx_hal_gpio.o
 .debug_abbrev  0x0000251a      0x37c ./Drivers/STM32G0xx_HAL_Driver/Src/stm32g0xx_hal_lptim.o
 .debug_abbrev  0x00002896      0x28a ./Drivers/STM32G0xx_HAL_Driver/Src/stm32g0xx_hal_pwr_ex.o
 .debug_abbrev  0x00002b20      0x36b ./Drivers/STM32G0xx_HAL_Driver/Src/stm32g0xx_hal_rcc.o
 .debug_abbrev  0x00002e8b      0x296 ./Drivers/STM32G0xx_HAL_Driver/Src/stm32g0xx_hal_rcc_ex.o
 .debug_abbrev  0x00003121      0x3e7 ./Drivers/STM32G0xx_HAL_Driver/Src/stm32g0xx_hal_tim.o
 .debug_abbrev  0x00003508      0x3f8 ./Drivers/STM32G0xx_HAL_Driver/Src/stm32g0xx_hal_tim_ex.o
 .debug_abbrev  0x00003900      0x4a2 ./Drivers/STM32G0xx_HAL_Driver/Src/stm32g0xx_hal_uart.o
 .debug_abbrev  0x00003da2      0x36e ./Drivers/STM32G0xx_HAL_Driver/Src/stm32g0xx_hal_uart_ex.o

.debug_aranges  0x00000000     0x1278
 .debug_aranges
                0x00000000       0x88 ./Core/Src/config.o
 .debug_aranges
                0x00000088       0x70 ./Core/Src/custom_callbacks.o
 .debug_aranges
                0x000000f8       0x20 ./Core/Src/main.o
 .debug_aranges
                0x00000118       0x68 ./Core/Src/stm32g0xx_hal_msp.o
 .debug_aranges
                0x00000180       0x88 ./Core/Src/stm32g0xx_it.o
 .debug_aranges
                0x00000208       0xc8 ./Core/Src/system.o
 .debug_aranges
                0x000002d0       0x28 ./Core/Src/system_stm32g0xx.o
 .debug_aranges
                0x000002f8       0x28 ./Core/Startup/startup_stm32g031k8tx.o
 .debug_aranges
                0x00000320      0x128 ./Drivers/STM32G0xx_HAL_Driver/Src/stm32g0xx_hal.o
 .debug_aranges
                0x00000448      0x108 ./Drivers/STM32G0xx_HAL_Driver/Src/stm32g0xx_hal_adc.o
 .debug_aranges
                0x00000550       0x58 ./Drivers/STM32G0xx_HAL_Driver/Src/stm32g0xx_hal_adc_ex.o
 .debug_aranges
                0x000005a8       0xa0 ./Drivers/STM32G0xx_HAL_Driver/Src/stm32g0xx_hal_cortex.o
 .debug_aranges
                0x00000648       0x78 ./Drivers/STM32G0xx_HAL_Driver/Src/stm32g0xx_hal_dma.o
 .debug_aranges
                0x000006c0       0x60 ./Drivers/STM32G0xx_HAL_Driver/Src/stm32g0xx_hal_gpio.o
 .debug_aranges
                0x00000720      0x170 ./Drivers/STM32G0xx_HAL_Driver/Src/stm32g0xx_hal_lptim.o
 .debug_aranges
                0x00000890       0xf0 ./Drivers/STM32G0xx_HAL_Driver/Src/stm32g0xx_hal_pwr_ex.o
 .debug_aranges
                0x00000980       0x98 ./Drivers/STM32G0xx_HAL_Driver/Src/stm32g0xx_hal_rcc.o
 .debug_aranges
                0x00000a18       0x40 ./Drivers/STM32G0xx_HAL_Driver/Src/stm32g0xx_hal_rcc_ex.o
 .debug_aranges
                0x00000a58      0x398 ./Drivers/STM32G0xx_HAL_Driver/Src/stm32g0xx_hal_tim.o
 .debug_aranges
                0x00000df0      0x190 ./Drivers/STM32G0xx_HAL_Driver/Src/stm32g0xx_hal_tim_ex.o
 .debug_aranges
                0x00000f80      0x260 ./Drivers/STM32G0xx_HAL_Driver/Src/stm32g0xx_hal_uart.o
 .debug_aranges
                0x000011e0       0x98 ./Drivers/STM32G0xx_HAL_Driver/Src/stm32g0xx_hal_uart_ex.o

.debug_rnglists
                0x00000000     0x1ae7
 .debug_rnglists
                0x00000000       0xd6 ./Core/Src/config.o
 .debug_rnglists
                0x000000d6       0x51 ./Core/Src/custom_callbacks.o
 .debug_rnglists
                0x00000127       0x13 ./Core/Src/main.o
 .debug_rnglists
                0x0000013a      0x135 ./Core/Src/stm32g0xx_hal_msp.o
 .debug_rnglists
                0x0000026f       0x61 ./Core/Src/stm32g0xx_it.o
 .debug_rnglists
                0x000002d0       0xe7 ./Core/Src/system.o
 .debug_rnglists
                0x000003b7       0x1a ./Core/Src/system_stm32g0xx.o
 .debug_rnglists
                0x000003d1       0x19 ./Core/Startup/startup_stm32g031k8tx.o
 .debug_rnglists
                0x000003ea       0xd9 ./Drivers/STM32G0xx_HAL_Driver/Src/stm32g0xx_hal.o
 .debug_rnglists
                0x000004c3      0x26b ./Drivers/STM32G0xx_HAL_Driver/Src/stm32g0xx_hal_adc.o
 .debug_rnglists
                0x0000072e       0xb9 ./Drivers/STM32G0xx_HAL_Driver/Src/stm32g0xx_hal_adc_ex.o
 .debug_rnglists
                0x000007e7       0x9d ./Drivers/STM32G0xx_HAL_Driver/Src/stm32g0xx_hal_cortex.o
 .debug_rnglists
                0x00000884       0x9e ./Drivers/STM32G0xx_HAL_Driver/Src/stm32g0xx_hal_dma.o
 .debug_rnglists
                0x00000922       0x45 ./Drivers/STM32G0xx_HAL_Driver/Src/stm32g0xx_hal_gpio.o
 .debug_rnglists
                0x00000967      0x256 ./Drivers/STM32G0xx_HAL_Driver/Src/stm32g0xx_hal_lptim.o
 .debug_rnglists
                0x00000bbd       0xb0 ./Drivers/STM32G0xx_HAL_Driver/Src/stm32g0xx_hal_pwr_ex.o
 .debug_rnglists
                0x00000c6d       0xb4 ./Drivers/STM32G0xx_HAL_Driver/Src/stm32g0xx_hal_rcc.o
 .debug_rnglists
                0x00000d21       0x71 ./Drivers/STM32G0xx_HAL_Driver/Src/stm32g0xx_hal_rcc_ex.o
 .debug_rnglists
                0x00000d92      0x72a ./Drivers/STM32G0xx_HAL_Driver/Src/stm32g0xx_hal_tim.o
 .debug_rnglists
                0x000014bc      0x192 ./Drivers/STM32G0xx_HAL_Driver/Src/stm32g0xx_hal_tim_ex.o
 .debug_rnglists
                0x0000164e      0x3f0 ./Drivers/STM32G0xx_HAL_Driver/Src/stm32g0xx_hal_uart.o
 .debug_rnglists
                0x00001a3e       0xa9 ./Drivers/STM32G0xx_HAL_Driver/Src/stm32g0xx_hal_uart_ex.o

.debug_macro    0x00000000     0x2e40
 .debug_macro   0x00000000      0x24b ./Core/Src/config.o
 .debug_macro   0x0000024b      0x243 ./Core/Src/custom_callbacks.o
 .debug_macro   0x0000048e      0x239 ./Core/Src/main.o
 .debug_macro   0x000006c7      0x22a ./Core/Src/stm32g0xx_hal_msp.o
 .debug_macro   0x000008f1      0x247 ./Core/Src/stm32g0xx_it.o
 .debug_macro   0x00000b38      0x239 ./Core/Src/system.o
 .debug_macro   0x00000d71      0x21b ./Core/Src/system_stm32g0xx.o
 .debug_macro   0x00000f8c      0x23f ./Drivers/STM32G0xx_HAL_Driver/Src/stm32g0xx_hal.o
 .debug_macro   0x000011cb      0x23f ./Drivers/STM32G0xx_HAL_Driver/Src/stm32g0xx_hal_adc.o
 .debug_macro   0x0000140a      0x227 ./Drivers/STM32G0xx_HAL_Driver/Src/stm32g0xx_hal_adc_ex.o
 .debug_macro   0x00001631      0x21b ./Drivers/STM32G0xx_HAL_Driver/Src/stm32g0xx_hal_cortex.o
 .debug_macro   0x0000184c      0x21b ./Drivers/STM32G0xx_HAL_Driver/Src/stm32g0xx_hal_dma.o
 .debug_macro   0x00001a67      0x222 ./Drivers/STM32G0xx_HAL_Driver/Src/stm32g0xx_hal_gpio.o
 .debug_macro   0x00001c89      0x231 ./Drivers/STM32G0xx_HAL_Driver/Src/stm32g0xx_hal_lptim.o
 .debug_macro   0x00001eba      0x245 ./Drivers/STM32G0xx_HAL_Driver/Src/stm32g0xx_hal_pwr_ex.o
 .debug_macro   0x000020ff      0x25d ./Drivers/STM32G0xx_HAL_Driver/Src/stm32g0xx_hal_rcc.o
 .debug_macro   0x0000235c      0x233 ./Drivers/STM32G0xx_HAL_Driver/Src/stm32g0xx_hal_rcc_ex.o
 .debug_macro   0x0000258f      0x223 ./Drivers/STM32G0xx_HAL_Driver/Src/stm32g0xx_hal_tim.o
 .debug_macro   0x000027b2      0x221 ./Drivers/STM32G0xx_HAL_Driver/Src/stm32g0xx_hal_tim_ex.o
 .debug_macro   0x000029d3      0x246 ./Drivers/STM32G0xx_HAL_Driver/Src/stm32g0xx_hal_uart.o
 .debug_macro   0x00002c19      0x227 ./Drivers/STM32G0xx_HAL_Driver/Src/stm32g0xx_hal_uart_ex.o

.debug_line     0x00000000    0x24872
 .debug_line    0x00000000     0x1a77 ./Core/Src/config.o
 .debug_line    0x00001a77      0xbd6 ./Core/Src/custom_callbacks.o
 .debug_line    0x0000264d      0x828 ./Core/Src/main.o
 .debug_line    0x00002e75      0xdbe ./Core/Src/stm32g0xx_hal_msp.o
 .debug_line    0x00003c33      0x9ba ./Core/Src/stm32g0xx_it.o
 .debug_line    0x000045ed     0x1747 ./Core/Src/system.o
 .debug_line    0x00005d34      0x8dc ./Core/Src/system_stm32g0xx.o
 .debug_line    0x00006610       0x7b ./Core/Startup/startup_stm32g031k8tx.o
 .debug_line    0x0000668b      0xd4c ./Drivers/STM32G0xx_HAL_Driver/Src/stm32g0xx_hal.o
 .debug_line    0x000073d7     0x24ac ./Drivers/STM32G0xx_HAL_Driver/Src/stm32g0xx_hal_adc.o
 .debug_line    0x00009883      0xd15 ./Drivers/STM32G0xx_HAL_Driver/Src/stm32g0xx_hal_adc_ex.o
 .debug_line    0x0000a598      0xd13 ./Drivers/STM32G0xx_HAL_Driver/Src/stm32g0xx_hal_cortex.o
 .debug_line    0x0000b2ab     0x1359 ./Drivers/STM32G0xx_HAL_Driver/Src/stm32g0xx_hal_dma.o
 .debug_line    0x0000c604      0xdc3 ./Drivers/STM32G0xx_HAL_Driver/Src/stm32g0xx_hal_gpio.o
 .debug_line    0x0000d3c7     0x2194 ./Drivers/STM32G0xx_HAL_Driver/Src/stm32g0xx_hal_lptim.o
 .debug_line    0x0000f55b      0xd0c ./Drivers/STM32G0xx_HAL_Driver/Src/stm32g0xx_hal_pwr_ex.o
 .debug_line    0x00010267     0x15b1 ./Drivers/STM32G0xx_HAL_Driver/Src/stm32g0xx_hal_rcc.o
 .debug_line    0x00011818      0xf40 ./Drivers/STM32G0xx_HAL_Driver/Src/stm32g0xx_hal_rcc_ex.o
 .debug_line    0x00012758     0x76a3 ./Drivers/STM32G0xx_HAL_Driver/Src/stm32g0xx_hal_tim.o
 .debug_line    0x00019dfb     0x23a9 ./Drivers/STM32G0xx_HAL_Driver/Src/stm32g0xx_hal_tim_ex.o
 .debug_line    0x0001c1a4     0x70f7 ./Drivers/STM32G0xx_HAL_Driver/Src/stm32g0xx_hal_uart.o
 .debug_line    0x0002329b     0x15d7 ./Drivers/STM32G0xx_HAL_Driver/Src/stm32g0xx_hal_uart_ex.o

.debug_str      0x00000000    0x9e96a
 .debug_str     0x00000000    0x995d9 ./Core/Src/config.o
                              0x9a1aa (size before relaxing)
 .debug_str     0x000995d9      0x58d ./Core/Src/custom_callbacks.o
                              0x9980d (size before relaxing)
 .debug_str     0x00099b66       0xe5 ./Core/Src/main.o
                              0x98809 (size before relaxing)
 .debug_str     0x00099c4b      0x202 ./Core/Src/stm32g0xx_hal_msp.o
                              0x98d17 (size before relaxing)
 .debug_str     0x00099e4d      0x198 ./Core/Src/stm32g0xx_it.o
                              0x98d99 (size before relaxing)
 .debug_str     0x00099fe5      0x518 ./Core/Src/system.o
                              0x99802 (size before relaxing)
 .debug_str     0x0009a4fd       0x8e ./Core/Src/system_stm32g0xx.o
                              0x973ab (size before relaxing)
 .debug_str     0x0009a58b       0x44 ./Core/Startup/startup_stm32g031k8tx.o
                                 0x73 (size before relaxing)
 .debug_str     0x0009a5cf      0x571 ./Drivers/STM32G0xx_HAL_Driver/Src/stm32g0xx_hal.o
                              0x97b81 (size before relaxing)
 .debug_str     0x0009ab40      0x8d3 ./Drivers/STM32G0xx_HAL_Driver/Src/stm32g0xx_hal_adc.o
                              0x983be (size before relaxing)
 .debug_str     0x0009b413      0x1e2 ./Drivers/STM32G0xx_HAL_Driver/Src/stm32g0xx_hal_adc_ex.o
                              0x97c01 (size before relaxing)
 .debug_str     0x0009b5f5      0x28b ./Drivers/STM32G0xx_HAL_Driver/Src/stm32g0xx_hal_cortex.o
                              0x97827 (size before relaxing)
 .debug_str     0x0009b880      0x261 ./Drivers/STM32G0xx_HAL_Driver/Src/stm32g0xx_hal_dma.o
                              0x97845 (size before relaxing)
 .debug_str     0x0009bae1       0xcd ./Drivers/STM32G0xx_HAL_Driver/Src/stm32g0xx_hal_gpio.o
                              0x974d2 (size before relaxing)
 .debug_str     0x0009bbae      0x588 ./Drivers/STM32G0xx_HAL_Driver/Src/stm32g0xx_hal_lptim.o
                              0x97e36 (size before relaxing)
 .debug_str     0x0009c136      0x37b ./Drivers/STM32G0xx_HAL_Driver/Src/stm32g0xx_hal_pwr_ex.o
                              0x97824 (size before relaxing)
 .debug_str     0x0009c4b1      0x4ae ./Drivers/STM32G0xx_HAL_Driver/Src/stm32g0xx_hal_rcc.o
                              0x97b01 (size before relaxing)
 .debug_str     0x0009c95f      0x185 ./Drivers/STM32G0xx_HAL_Driver/Src/stm32g0xx_hal_rcc_ex.o
                              0x9773a (size before relaxing)
 .debug_str     0x0009cae4      0xd1f ./Drivers/STM32G0xx_HAL_Driver/Src/stm32g0xx_hal_tim.o
                              0x98f76 (size before relaxing)
 .debug_str     0x0009d803      0x4a0 ./Drivers/STM32G0xx_HAL_Driver/Src/stm32g0xx_hal_tim_ex.o
                              0x984d8 (size before relaxing)
 .debug_str     0x0009dca3      0xa15 ./Drivers/STM32G0xx_HAL_Driver/Src/stm32g0xx_hal_uart.o
                              0x986f9 (size before relaxing)
 .debug_str     0x0009e6b8      0x2b2 ./Drivers/STM32G0xx_HAL_Driver/Src/stm32g0xx_hal_uart_ex.o
                              0x97d4f (size before relaxing)

.comment        0x00000000       0x43
 .comment       0x00000000       0x43 ./Core/Src/config.o
                                 0x44 (size before relaxing)
 .comment       0x00000043       0x44 ./Core/Src/custom_callbacks.o
 .comment       0x00000043       0x44 ./Core/Src/main.o
 .comment       0x00000043       0x44 ./Core/Src/stm32g0xx_hal_msp.o
 .comment       0x00000043       0x44 ./Core/Src/stm32g0xx_it.o
 .comment       0x00000043       0x44 ./Core/Src/system.o
 .comment       0x00000043       0x44 ./Core/Src/system_stm32g0xx.o
 .comment       0x00000043       0x44 ./Drivers/STM32G0xx_HAL_Driver/Src/stm32g0xx_hal.o
 .comment       0x00000043       0x44 ./Drivers/STM32G0xx_HAL_Driver/Src/stm32g0xx_hal_adc.o
 .comment       0x00000043       0x44 ./Drivers/STM32G0xx_HAL_Driver/Src/stm32g0xx_hal_adc_ex.o
 .comment       0x00000043       0x44 ./Drivers/STM32G0xx_HAL_Driver/Src/stm32g0xx_hal_cortex.o
 .comment       0x00000043       0x44 ./Drivers/STM32G0xx_HAL_Driver/Src/stm32g0xx_hal_dma.o
 .comment       0x00000043       0x44 ./Drivers/STM32G0xx_HAL_Driver/Src/stm32g0xx_hal_gpio.o
 .comment       0x00000043       0x44 ./Drivers/STM32G0xx_HAL_Driver/Src/stm32g0xx_hal_lptim.o
 .comment       0x00000043       0x44 ./Drivers/STM32G0xx_HAL_Driver/Src/stm32g0xx_hal_pwr_ex.o
 .comment       0x00000043       0x44 ./Drivers/STM32G0xx_HAL_Driver/Src/stm32g0xx_hal_rcc.o
 .comment       0x00000043       0x44 ./Drivers/STM32G0xx_HAL_Driver/Src/stm32g0xx_hal_rcc_ex.o
 .comment       0x00000043       0x44 ./Drivers/STM32G0xx_HAL_Driver/Src/stm32g0xx_hal_tim.o
 .comment       0x00000043       0x44 ./Drivers/STM32G0xx_HAL_Driver/Src/stm32g0xx_hal_tim_ex.o
 .comment       0x00000043       0x44 ./Drivers/STM32G0xx_HAL_Driver/Src/stm32g0xx_hal_uart.o
 .comment       0x00000043       0x44 ./Drivers/STM32G0xx_HAL_Driver/Src/stm32g0xx_hal_uart_ex.o

.debug_frame    0x00000000     0x32a0
 .debug_frame   0x00000000      0x190 ./Core/Src/config.o
 .debug_frame   0x00000190      0x10c ./Core/Src/custom_callbacks.o
 .debug_frame   0x0000029c       0x2c ./Core/Src/main.o
 .debug_frame   0x000002c8      0x110 ./Core/Src/stm32g0xx_hal_msp.o
 .debug_frame   0x000003d8      0x140 ./Core/Src/stm32g0xx_it.o
 .debug_frame   0x00000518      0x218 ./Core/Src/system.o
 .debug_frame   0x00000730       0x38 ./Core/Src/system_stm32g0xx.o
 .debug_frame   0x00000768      0x270 ./Drivers/STM32G0xx_HAL_Driver/Src/stm32g0xx_hal.o
 .debug_frame   0x000009d8      0x318 ./Drivers/STM32G0xx_HAL_Driver/Src/stm32g0xx_hal_adc.o
 .debug_frame   0x00000cf0       0xb8 ./Drivers/STM32G0xx_HAL_Driver/Src/stm32g0xx_hal_adc_ex.o
 .debug_frame   0x00000da8      0x130 ./Drivers/STM32G0xx_HAL_Driver/Src/stm32g0xx_hal_cortex.o
 .debug_frame   0x00000ed8      0x168 ./Drivers/STM32G0xx_HAL_Driver/Src/stm32g0xx_hal_dma.o
 .debug_frame   0x00001040       0xe4 ./Drivers/STM32G0xx_HAL_Driver/Src/stm32g0xx_hal_gpio.o
 .debug_frame   0x00001124      0x438 ./Drivers/STM32G0xx_HAL_Driver/Src/stm32g0xx_hal_lptim.o
 .debug_frame   0x0000155c      0x1e4 ./Drivers/STM32G0xx_HAL_Driver/Src/stm32g0xx_hal_pwr_ex.o
 .debug_frame   0x00001740      0x184 ./Drivers/STM32G0xx_HAL_Driver/Src/stm32g0xx_hal_rcc.o
 .debug_frame   0x000018c4       0xa8 ./Drivers/STM32G0xx_HAL_Driver/Src/stm32g0xx_hal_rcc_ex.o
 .debug_frame   0x0000196c      0xa80 ./Drivers/STM32G0xx_HAL_Driver/Src/stm32g0xx_hal_tim.o
 .debug_frame   0x000023ec      0x4b4 ./Drivers/STM32G0xx_HAL_Driver/Src/stm32g0xx_hal_tim_ex.o
 .debug_frame   0x000028a0      0x770 ./Drivers/STM32G0xx_HAL_Driver/Src/stm32g0xx_hal_uart.o
 .debug_frame   0x00003010      0x1c8 ./Drivers/STM32G0xx_HAL_Driver/Src/stm32g0xx_hal_uart_ex.o
 .debug_frame   0x000031d8       0x20 C:/ST/STM32CubeIDE_1.16.1/STM32CubeIDE/plugins/com.st.stm32cube.ide.mcu.externaltools.gnu-tools-for-stm32.12.3.rel1.win32_1.1.0.202410251130/tools/bin/../lib/gcc/arm-none-eabi/12.3.1/../../../../arm-none-eabi/lib/thumb/v6-m/nofp\libc_nano.a(libc_a-memset.o)
 .debug_frame   0x000031f8       0x2c C:/ST/STM32CubeIDE_1.16.1/STM32CubeIDE/plugins/com.st.stm32cube.ide.mcu.externaltools.gnu-tools-for-stm32.12.3.rel1.win32_1.1.0.202410251130/tools/bin/../lib/gcc/arm-none-eabi/12.3.1/../../../../arm-none-eabi/lib/thumb/v6-m/nofp\libc_nano.a(libc_a-init.o)
 .debug_frame   0x00003224       0x20 C:/ST/STM32CubeIDE_1.16.1/STM32CubeIDE/plugins/com.st.stm32cube.ide.mcu.externaltools.gnu-tools-for-stm32.12.3.rel1.win32_1.1.0.202410251130/tools/bin/../lib/gcc/arm-none-eabi/12.3.1/thumb/v6-m/nofp\libgcc.a(_udivsi3.o)
 .debug_frame   0x00003244       0x20 C:/ST/STM32CubeIDE_1.16.1/STM32CubeIDE/plugins/com.st.stm32cube.ide.mcu.externaltools.gnu-tools-for-stm32.12.3.rel1.win32_1.1.0.202410251130/tools/bin/../lib/gcc/arm-none-eabi/12.3.1/thumb/v6-m/nofp\libgcc.a(_divsi3.o)
 .debug_frame   0x00003264       0x3c C:/ST/STM32CubeIDE_1.16.1/STM32CubeIDE/plugins/com.st.stm32cube.ide.mcu.externaltools.gnu-tools-for-stm32.12.3.rel1.win32_1.1.0.202410251130/tools/bin/../lib/gcc/arm-none-eabi/12.3.1/thumb/v6-m/nofp\libgcc.a(_udivmoddi4.o)

.debug_loclists
                0x00000000     0xf1dc
 .debug_loclists
                0x00000000      0x110 ./Core/Src/custom_callbacks.o
 .debug_loclists
                0x00000110      0x1af ./Core/Src/stm32g0xx_hal_msp.o
 .debug_loclists
                0x000002bf      0x8d0 ./Core/Src/system.o
 .debug_loclists
                0x00000b8f       0xa7 ./Core/Src/system_stm32g0xx.o
 .debug_loclists
                0x00000c36      0x143 ./Drivers/STM32G0xx_HAL_Driver/Src/stm32g0xx_hal.o
 .debug_loclists
                0x00000d79     0x1121 ./Drivers/STM32G0xx_HAL_Driver/Src/stm32g0xx_hal_adc.o
 .debug_loclists
                0x00001e9a      0x2a3 ./Drivers/STM32G0xx_HAL_Driver/Src/stm32g0xx_hal_adc_ex.o
 .debug_loclists
                0x0000213d      0x1ef ./Drivers/STM32G0xx_HAL_Driver/Src/stm32g0xx_hal_cortex.o
 .debug_loclists
                0x0000232c      0x747 ./Drivers/STM32G0xx_HAL_Driver/Src/stm32g0xx_hal_dma.o
 .debug_loclists
                0x00002a73      0x372 ./Drivers/STM32G0xx_HAL_Driver/Src/stm32g0xx_hal_gpio.o
 .debug_loclists
                0x00002de5     0x1041 ./Drivers/STM32G0xx_HAL_Driver/Src/stm32g0xx_hal_lptim.o
 .debug_loclists
                0x00003e26      0x1b3 ./Drivers/STM32G0xx_HAL_Driver/Src/stm32g0xx_hal_pwr_ex.o
 .debug_loclists
                0x00003fd9      0x4e1 ./Drivers/STM32G0xx_HAL_Driver/Src/stm32g0xx_hal_rcc.o
 .debug_loclists
                0x000044ba      0x46c ./Drivers/STM32G0xx_HAL_Driver/Src/stm32g0xx_hal_rcc_ex.o
 .debug_loclists
                0x00004926     0x4f53 ./Drivers/STM32G0xx_HAL_Driver/Src/stm32g0xx_hal_tim.o
 .debug_loclists
                0x00009879     0x1392 ./Drivers/STM32G0xx_HAL_Driver/Src/stm32g0xx_hal_tim_ex.o
 .debug_loclists
                0x0000ac0b     0x3cb5 ./Drivers/STM32G0xx_HAL_Driver/Src/stm32g0xx_hal_uart.o
 .debug_loclists
                0x0000e8c0      0x91c ./Drivers/STM32G0xx_HAL_Driver/Src/stm32g0xx_hal_uart_ex.o

.debug_line_str
                0x00000000       0x57
 .debug_line_str
                0x00000000       0x57 ./Core/Startup/startup_stm32g031k8tx.o
