Archive member included to satisfy reference by file (symbol)

C:/ST/STM32CubeIDE_1.18.1/STM32CubeIDE/plugins/com.st.stm32cube.ide.mcu.externaltools.gnu-tools-for-stm32.13.3.rel1.win32_1.0.0.202411081344/tools/bin/../lib/gcc/arm-none-eabi/13.3.1/../../../../arm-none-eabi/lib/thumb/v6-m/nofp\libc_nano.a(libc_a-exit.o)
                              C:/ST/STM32CubeIDE_1.18.1/STM32CubeIDE/plugins/com.st.stm32cube.ide.mcu.externaltools.gnu-tools-for-stm32.13.3.rel1.win32_1.0.0.202411081344/tools/bin/../lib/gcc/arm-none-eabi/13.3.1/../../../../arm-none-eabi/lib/thumb/v6-m/nofp/crt0.o (exit)
C:/ST/STM32CubeIDE_1.18.1/STM32CubeIDE/plugins/com.st.stm32cube.ide.mcu.externaltools.gnu-tools-for-stm32.13.3.rel1.win32_1.0.0.202411081344/tools/bin/../lib/gcc/arm-none-eabi/13.3.1/../../../../arm-none-eabi/lib/thumb/v6-m/nofp\libc_nano.a(libc_a-findfp.o)
                              C:/ST/STM32CubeIDE_1.18.1/STM32CubeIDE/plugins/com.st.stm32cube.ide.mcu.externaltools.gnu-tools-for-stm32.13.3.rel1.win32_1.0.0.202411081344/tools/bin/../lib/gcc/arm-none-eabi/13.3.1/../../../../arm-none-eabi/lib/thumb/v6-m/nofp\libc_nano.a(libc_a-exit.o) (__stdio_exit_handler)
C:/ST/STM32CubeIDE_1.18.1/STM32CubeIDE/plugins/com.st.stm32cube.ide.mcu.externaltools.gnu-tools-for-stm32.13.3.rel1.win32_1.0.0.202411081344/tools/bin/../lib/gcc/arm-none-eabi/13.3.1/../../../../arm-none-eabi/lib/thumb/v6-m/nofp\libc_nano.a(libc_a-fwalk.o)
                              C:/ST/STM32CubeIDE_1.18.1/STM32CubeIDE/plugins/com.st.stm32cube.ide.mcu.externaltools.gnu-tools-for-stm32.13.3.rel1.win32_1.0.0.202411081344/tools/bin/../lib/gcc/arm-none-eabi/13.3.1/../../../../arm-none-eabi/lib/thumb/v6-m/nofp\libc_nano.a(libc_a-findfp.o) (_fwalk_sglue)
C:/ST/STM32CubeIDE_1.18.1/STM32CubeIDE/plugins/com.st.stm32cube.ide.mcu.externaltools.gnu-tools-for-stm32.13.3.rel1.win32_1.0.0.202411081344/tools/bin/../lib/gcc/arm-none-eabi/13.3.1/../../../../arm-none-eabi/lib/thumb/v6-m/nofp\libc_nano.a(libc_a-stdio.o)
                              C:/ST/STM32CubeIDE_1.18.1/STM32CubeIDE/plugins/com.st.stm32cube.ide.mcu.externaltools.gnu-tools-for-stm32.13.3.rel1.win32_1.0.0.202411081344/tools/bin/../lib/gcc/arm-none-eabi/13.3.1/../../../../arm-none-eabi/lib/thumb/v6-m/nofp\libc_nano.a(libc_a-findfp.o) (__sread)
C:/ST/STM32CubeIDE_1.18.1/STM32CubeIDE/plugins/com.st.stm32cube.ide.mcu.externaltools.gnu-tools-for-stm32.13.3.rel1.win32_1.0.0.202411081344/tools/bin/../lib/gcc/arm-none-eabi/13.3.1/../../../../arm-none-eabi/lib/thumb/v6-m/nofp\libc_nano.a(libc_a-memset.o)
                              C:/ST/STM32CubeIDE_1.18.1/STM32CubeIDE/plugins/com.st.stm32cube.ide.mcu.externaltools.gnu-tools-for-stm32.13.3.rel1.win32_1.0.0.202411081344/tools/bin/../lib/gcc/arm-none-eabi/13.3.1/../../../../arm-none-eabi/lib/thumb/v6-m/nofp/crt0.o (memset)
C:/ST/STM32CubeIDE_1.18.1/STM32CubeIDE/plugins/com.st.stm32cube.ide.mcu.externaltools.gnu-tools-for-stm32.13.3.rel1.win32_1.0.0.202411081344/tools/bin/../lib/gcc/arm-none-eabi/13.3.1/../../../../arm-none-eabi/lib/thumb/v6-m/nofp\libc_nano.a(libc_a-closer.o)
                              C:/ST/STM32CubeIDE_1.18.1/STM32CubeIDE/plugins/com.st.stm32cube.ide.mcu.externaltools.gnu-tools-for-stm32.13.3.rel1.win32_1.0.0.202411081344/tools/bin/../lib/gcc/arm-none-eabi/13.3.1/../../../../arm-none-eabi/lib/thumb/v6-m/nofp\libc_nano.a(libc_a-stdio.o) (_close_r)
C:/ST/STM32CubeIDE_1.18.1/STM32CubeIDE/plugins/com.st.stm32cube.ide.mcu.externaltools.gnu-tools-for-stm32.13.3.rel1.win32_1.0.0.202411081344/tools/bin/../lib/gcc/arm-none-eabi/13.3.1/../../../../arm-none-eabi/lib/thumb/v6-m/nofp\libc_nano.a(libc_a-reent.o)
                              C:/ST/STM32CubeIDE_1.18.1/STM32CubeIDE/plugins/com.st.stm32cube.ide.mcu.externaltools.gnu-tools-for-stm32.13.3.rel1.win32_1.0.0.202411081344/tools/bin/../lib/gcc/arm-none-eabi/13.3.1/../../../../arm-none-eabi/lib/thumb/v6-m/nofp\libc_nano.a(libc_a-closer.o) (errno)
C:/ST/STM32CubeIDE_1.18.1/STM32CubeIDE/plugins/com.st.stm32cube.ide.mcu.externaltools.gnu-tools-for-stm32.13.3.rel1.win32_1.0.0.202411081344/tools/bin/../lib/gcc/arm-none-eabi/13.3.1/../../../../arm-none-eabi/lib/thumb/v6-m/nofp\libc_nano.a(libc_a-impure.o)
                              C:/ST/STM32CubeIDE_1.18.1/STM32CubeIDE/plugins/com.st.stm32cube.ide.mcu.externaltools.gnu-tools-for-stm32.13.3.rel1.win32_1.0.0.202411081344/tools/bin/../lib/gcc/arm-none-eabi/13.3.1/../../../../arm-none-eabi/lib/thumb/v6-m/nofp\libc_nano.a(libc_a-reent.o) (_impure_ptr)
C:/ST/STM32CubeIDE_1.18.1/STM32CubeIDE/plugins/com.st.stm32cube.ide.mcu.externaltools.gnu-tools-for-stm32.13.3.rel1.win32_1.0.0.202411081344/tools/bin/../lib/gcc/arm-none-eabi/13.3.1/../../../../arm-none-eabi/lib/thumb/v6-m/nofp\libc_nano.a(libc_a-lseekr.o)
[...]
Memory Configuration

Name             Origin             Length             Attributes
RAM              0x20000000         0x00002000         xrw
FLASH            0x08000000         0x0000f800         xr
*default*        0x00000000         0xffffffff

Linker script and memory map

LOAD C:/ST/STM32CubeIDE_1.18.1/STM32CubeIDE/plugins/com.st.stm32cube.ide.mcu.externaltools.gnu-tools-for-stm32.13.3.rel1.win32_1.0.0.202411081344/tools/bin/../lib/gcc/arm-none-eabi/13.3.1/thumb/v6-m/nofp/crti.o
LOAD C:/ST/STM32CubeIDE_1.18.1/STM32CubeIDE/plugins/com.st.stm32cube.ide.mcu.externaltools.gnu-tools-for-stm32.13.3.rel1.win32_1.0.0.202411081344/tools/bin/../lib/gcc/arm-none-eabi/13.3.1/thumb/v6-m/nofp/crtbegin.o
LOAD C:/ST/STM32CubeIDE_1.18.1/STM32CubeIDE/plugins/com.st.stm32cube.ide.mcu.externaltools.gnu-tools-for-stm32.13.3.rel1.win32_1.0.0.202411081344/tools/bin/../lib/gcc/arm-none-eabi/13.3.1/../../../../arm-none-eabi/lib/thumb/v6-m/nofp/crt0.o
LOAD ./Core/Src/CC_and_PC.o
LOAD ./Core/Src/MIDI.o
LOAD ./Core/Src/UART.o
LOAD ./Core/Src/checking_functions.o
LOAD ./Core/Src/config.o
LOAD ./Core/Src/custom_callbacks.o
LOAD ./Core/Src/debug.o
LOAD ./Core/Src/input_capture.o
LOAD ./Core/Src/main.o
LOAD ./Core/Src/oscillator.o
LOAD ./Core/Src/startup.o
LOAD ./Core/Src/state_machine.o
LOAD ./Core/Src/stm32g0xx_hal_msp.o
LOAD ./Core/Src/stm32g0xx_it.o
LOAD ./Core/Src/symmetry_adjustment.o
LOAD ./Core/Src/syscalls.o
LOAD ./Core/Src/sysmem.o
LOAD ./Core/Src/system_stm32g0xx.o
LOAD ./Core/Src/timers.o
LOAD ./Core/Src/utility.o
LOAD ./Core/Startup/startup_stm32g031k8tx.o
LOAD ./Drivers/STM32G0xx_HAL_Driver/Src/stm32g0xx_hal.o
LOAD ./Drivers/STM32G0xx_HAL_Driver/Src/stm32g0xx_hal_adc.o
LOAD ./Drivers/STM32G0xx_HAL_Driver/Src/stm32g0xx_hal_adc_ex.o
LOAD ./Drivers/STM32G0xx_HAL_Driver/Src/stm32g0xx_hal_cortex.o
LOAD ./Drivers/STM32G0xx_HAL_Driver/Src/stm32g0xx_hal_dma.o
LOAD ./Drivers/STM32G0xx_HAL_Driver/Src/stm32g0xx_hal_dma_ex.o
LOAD ./Drivers/STM32G0xx_HAL_Driver/Src/stm32g0xx_hal_exti.o
LOAD ./Drivers/STM32G0xx_HAL_Driver/Src/stm32g0xx_hal_flash.o
LOAD ./Drivers/STM32G0xx_HAL_Driver/Src/stm32g0xx_hal_flash_ex.o
LOAD ./Drivers/STM32G0xx_HAL_Driver/Src/stm32g0xx_hal_gpio.o
LOAD ./Drivers/STM32G0xx_HAL_Driver/Src/stm32g0xx_hal_iwdg.o
LOAD ./Drivers/STM32G0xx_HAL_Driver/Src/stm32g0xx_hal_lptim.o
LOAD ./Drivers/STM32G0xx_HAL_Driver/Src/stm32g0xx_hal_pwr.o
LOAD ./Drivers/STM32G0xx_HAL_Driver/Src/stm32g0xx_hal_pwr_ex.o
LOAD ./Drivers/STM32G0xx_HAL_Driver/Src/stm32g0xx_hal_rcc.o
LOAD ./Drivers/STM32G0xx_HAL_Driver/Src/stm32g0xx_hal_rcc_ex.o
LOAD ./Drivers/STM32G0xx_HAL_Driver/Src/stm32g0xx_hal_tim.o
LOAD ./Drivers/STM32G0xx_HAL_Driver/Src/stm32g0xx_hal_tim_ex.o
LOAD ./Drivers/STM32G0xx_HAL_Driver/Src/stm32g0xx_hal_uart.o
LOAD ./Drivers/STM32G0xx_HAL_Driver/Src/stm32g0xx_hal_uart_ex.o
LOAD ./Drivers/STM32G0xx_HAL_Driver/Src/stm32g0xx_ll_adc.o
LOAD ./Drivers/STM32G0xx_HAL_Driver/Src/stm32g0xx_ll_rcc.o
START GROUP
LOAD C:/ST/STM32CubeIDE_1.18.1/STM32CubeIDE/plugins/com.st.stm32cube.ide.mcu.externaltools.gnu-tools-for-stm32.13.3.rel1.win32_1.0.0.202411081344/tools/bin/../lib/gcc/arm-none-eabi/13.3.1/../../../../arm-none-eabi/lib/thumb/v6-m/nofp\libc_nano.a
LOAD C:/ST/STM32CubeIDE_1.18.1/STM32CubeIDE/plugins/com.st.stm32cube.ide.mcu.externaltools.gnu-tools-for-stm32.13.3.rel1.win32_1.0.0.202411081344/tools/bin/../lib/gcc/arm-none-eabi/13.3.1/../../../../arm-none-eabi/lib/thumb/v6-m/nofp\libm.a
END GROUP
START GROUP
LOAD C:/ST/STM32CubeIDE_1.18.1/STM32CubeIDE/plugins/com.st.stm32cube.ide.mcu.externaltools.gnu-tools-for-stm32.13.3.rel1.win32_1.0.0.202411081344/tools/bin/../lib/gcc/arm-none-eabi/13.3.1/thumb/v6-m/nofp\libgcc.a
LOAD C:/ST/STM32CubeIDE_1.18.1/STM32CubeIDE/plugins/com.st.stm32cube.ide.mcu.externaltools.gnu-tools-for-stm32.13.3.rel1.win32_1.0.0.202411081344/tools/bin/../lib/gcc/arm-none-eabi/13.3.1/../../../../arm-none-eabi/lib/thumb/v6-m/nofp\libc_nano.a
END GROUP
START GROUP
LOAD C:/ST/STM32CubeIDE_1.18.1/STM32CubeIDE/plugins/com.st.stm32cube.ide.mcu.externaltools.gnu-tools-for-stm32.13.3.rel1.win32_1.0.0.202411081344/tools/bin/../lib/gcc/arm-none-eabi/13.3.1/thumb/v6-m/nofp\libgcc.a
LOAD C:/ST/STM32CubeIDE_1.18.1/STM32CubeIDE/plugins/com.st.stm32cube.ide.mcu.externaltools.gnu-tools-for-stm32.13.3.rel1.win32_1.0.0.202411081344/tools/bin/../lib/gcc/arm-none-eabi/13.3.1/../../../../arm-none-eabi/lib/thumb/v6-m/nofp\libc_nano.a
LOAD C:/ST/STM32CubeIDE_1.18.1/STM32CubeIDE/plugins/com.st.stm32cube.ide.mcu.externaltools.gnu-tools-for-stm32.13.3.rel1.win32_1.0.0.202411081344/tools/bin/../lib/gcc/arm-none-eabi/13.3.1/../../../../arm-none-eabi/lib/thumb/v6-m/nofp\libnosys.a
END GROUP
START GROUP
LOAD C:/ST/STM32CubeIDE_1.18.1/STM32CubeIDE/plugins/com.st.stm32cube.ide.mcu.externaltools.gnu-tools-for-stm32.13.3.rel1.win32_1.0.0.202411081344/tools/bin/../lib/gcc/arm-none-eabi/13.3.1/thumb/v6-m/nofp\libgcc.a
LOAD C:/ST/STM32CubeIDE_1.18.1/STM32CubeIDE/plugins/com.st.stm32cube.ide.mcu.externaltools.gnu-tools-for-stm32.13.3.rel1.win32_1.0.0.202411081344/tools/bin/../lib/gcc/arm-none-eabi/13.3.1/../../../../arm-none-eabi/lib/thumb/v6-m/nofp\libc_nano.a
LOAD C:/ST/STM32CubeIDE_1.18.1/STM32CubeIDE/plugins/com.st.stm32cube.ide.mcu.externaltools.gnu-tools-for-stm32.13.3.rel1.win32_1.0.0.202411081344/tools/bin/../lib/gcc/arm-none-eabi/13.3.1/../../../../arm-none-eabi/lib/thumb/v6-m/nofp\libnosys.a
END GROUP
LOAD C:/ST/STM32CubeIDE_1.18.1/STM32CubeIDE/plugins/com.st.stm32cube.ide.mcu.externaltools.gnu-tools-for-stm32.13.3.rel1.win32_1.0.0.202411081344/tools/bin/../lib/gcc/arm-none-eabi/13.3.1/thumb/v6-m/nofp/crtend.o
LOAD C:/ST/STM32CubeIDE_1.18.1/STM32CubeIDE/plugins/com.st.stm32cube.ide.mcu.externaltools.gnu-tools-for-stm32.13.3.rel1.win32_1.0.0.202411081344/tools/bin/../lib/gcc/arm-none-eabi/13.3.1/thumb/v6-m/nofp/crtn.o
                0x20002000                        _estack = (ORIGIN (RAM) + LENGTH (RAM))
                0x00000200                        _Min_Heap_Size = 0x200
                0x00000400                        _Min_Stack_Size = 0x400

.isr_vector     0x08000000       0xbc
                0x08000000                        . = ALIGN (0x4)
 *(.isr_vector)
 .isr_vector    0x08000000       0xbc ./Core/Startup/startup_stm32g031k8tx.o
                0x08000000                g_pfnVectors
                0x080000bc                        . = ALIGN (0x4)

.text           0x080000bc     0xce40
                0x080000bc                        . = ALIGN (0x4)
 *(.text)
 .text          0x080000bc       0x48 C:/ST/STM32CubeIDE_1.18.1/STM32CubeIDE/plugins/com.st.stm32cube.ide.mcu.externaltools.gnu-tools-for-stm32.13.3.rel1.win32_1.0.0.202411081344/tools/bin/../lib/gcc/arm-none-eabi/13.3.1/thumb/v6-m/nofp/crtbegin.o
 .text          0x08000104      0x114 C:/ST/STM32CubeIDE_1.18.1/STM32CubeIDE/plugins/com.st.stm32cube.ide.mcu.externaltools.gnu-tools-for-stm32.13.3.rel1.win32_1.0.0.202411081344/tools/bin/../lib/gcc/arm-none-eabi/13.3.1/thumb/v6-m/nofp\libgcc.a(_udivsi3.o)
                0x08000104                __aeabi_uidiv
                0x08000104                __udivsi3
                0x08000210                __aeabi_uidivmod
 .text          0x08000218        0x4 C:/ST/STM32CubeIDE_1.18.1/STM32CubeIDE/plugins/com.st.stm32cube.ide.mcu.externaltools.gnu-tools-for-stm32.13.3.rel1.win32_1.0.0.202411081344/tools/bin/../lib/gcc/arm-none-eabi/13.3.1/thumb/v6-m/nofp\libgcc.a(_dvmd_tls.o)
                0x08000218                __aeabi_idiv0
                0x08000218                __aeabi_ldiv0
 .text          0x0800021c       0x40 C:/ST/STM32CubeIDE_1.18.1/STM32CubeIDE/plugins/com.st.stm32cube.ide.mcu.externaltools.gnu-tools-for-stm32.13.3.rel1.win32_1.0.0.202411081344/tools/bin/../lib/gcc/arm-none-eabi/13.3.1/thumb/v6-m/nofp\libgcc.a(_aeabi_uldivmod.o)
                0x0800021c                __aeabi_uldivmod
 .text          0x0800025c      0x198 C:/ST/STM32CubeIDE_1.18.1/STM32CubeIDE/plugins/com.st.stm32cube.ide.mcu.externaltools.gnu-tools-for-stm32.13.3.rel1.win32_1.0.0.202411081344/tools/bin/../lib/gcc/arm-none-eabi/13.3.1/thumb/v6-m/nofp\libgcc.a(_udivmoddi4.o)
                0x0800025c                __udivmoddi4
 .text          0x080003f4       0x18 C:/ST/STM32CubeIDE_1.18.1/STM32CubeIDE/plugins/com.st.stm32cube.ide.mcu.externaltools.gnu-tools-for-stm32.13.3.rel1.win32_1.0.0.202411081344/tools/bin/../lib/gcc/arm-none-eabi/13.3.1/thumb/v6-m/nofp\libgcc.a(_clzdi2.o)
                0x080003f4                __clzdi2
 .text          0x0800040c       0x3c C:/ST/STM32CubeIDE_1.18.1/STM32CubeIDE/plugins/com.st.stm32cube.ide.mcu.externaltools.gnu-tools-for-stm32.13.3.rel1.win32_1.0.0.202411081344/tools/bin/../lib/gcc/arm-none-eabi/13.3.1/thumb/v6-m/nofp\libgcc.a(_clzsi2.o)
                0x0800040c                __clzsi2
 *(.text*)
 .text.Initialise_Preset_Arrays
                0x08000448       0xd8 ./Core/Src/CC_and_PC.o
                0x08000448                Initialise_Preset_Arrays
 .text.Update_Params_Based_On_Mode_Selected
                0x08000520      0x1e0 ./Core/Src/CC_and_PC.o
                0x08000520                Update_Params_Based_On_Mode_Selected
 .text.Convert_All_Preset_Values
                0x08000700       0x52 ./Core/Src/CC_and_PC.o
                0x08000700                Convert_All_Preset_Values
 .text.Update_Waveshape_with_Converted_Preset_Value
                0x08000752       0x52 ./Core/Src/CC_and_PC.o
                0x08000752                Update_Waveshape_with_Converted_Preset_Value
 .text.Update_Speed_with_Converted_Preset_Value
                0x080007a4       0x1e ./Core/Src/CC_and_PC.o
                0x080007a4                Update_Speed_with_Converted_Preset_Value
 .text.Update_Depth_with_Converted_Preset_Value
                0x080007c2       0x1e ./Core/Src/CC_and_PC.o
                0x080007c2                Update_Depth_with_Converted_Preset_Value
 .text.Update_Symmetry_with_Converted_Preset_Value
                0x080007e0       0x1e ./Core/Src/CC_and_PC.o
                0x080007e0                Update_Symmetry_with_Converted_Preset_Value
 .text.Update_Phase_with_Converted_Preset_Value
                0x080007fe       0x1e ./Core/Src/CC_and_PC.o
                0x080007fe                Update_Phase_with_Converted_Preset_Value
 .text.Read_and_Interpret_Preset_From_Flash
                0x0800081c       0x72 ./Core/Src/CC_and_PC.o
                0x0800081c                Read_and_Interpret_Preset_From_Flash
 .text.Read_and_Interpret_Misc_From_Flash
                0x0800088e      0x16c ./Core/Src/CC_and_PC.o
                0x0800088e                Read_and_Interpret_Misc_From_Flash
 .text.Update_Converted_Preset_Array_with_User_or_Factory_Presets
                0x080009fa       0xac ./Core/Src/CC_and_PC.o
                0x080009fa                Update_Converted_Preset_Array_with_User_or_Factory_Presets
 *fill*         0x08000aa6        0x2 
 .text.Read_and_Interpret_User_Presets_From_Flash
                0x08000aa8       0x5c ./Core/Src/CC_and_PC.o
                0x08000aa8                Read_and_Interpret_User_Presets_From_Flash
 .text.Update_Waveshape_with_CC_Value
                0x08000b04       0x4a ./Core/Src/CC_and_PC.o
                0x08000b04                Update_Waveshape_with_CC_Value
 .text.Update_Speed_with_CC_Value
                0x08000b4e       0x32 ./Core/Src/CC_and_PC.o
                0x08000b4e                Update_Speed_with_CC_Value
 .text.Update_Depth_with_CC_Value
                0x08000b80       0x26 ./Core/Src/CC_and_PC.o
                0x08000b80                Update_Depth_with_CC_Value
 .text.Update_Symmetry_with_CC_Value
                0x08000ba6       0x32 ./Core/Src/CC_and_PC.o
                0x08000ba6                Update_Symmetry_with_CC_Value
 .text.Update_Phase_with_CC_Value
                0x08000bd8       0x32 ./Core/Src/CC_and_PC.o
                0x08000bd8                Update_Phase_with_CC_Value
 *fill*         0x08000c0a        0x2 
 .text.Set_Waveshape_to_CC_Mode_and_Value
                0x08000c0c       0x34 ./Core/Src/CC_and_PC.o
                0x08000c0c                Set_Waveshape_to_CC_Mode_and_Value
 .text.Set_Speed_to_CC_Mode_and_Value
                0x08000c40       0x34 ./Core/Src/CC_and_PC.o
                0x08000c40                Set_Speed_to_CC_Mode_and_Value
 .text.Set_Depth_to_CC_Mode_and_Value
                0x08000c74       0x34 ./Core/Src/CC_and_PC.o
                0x08000c74                Set_Depth_to_CC_Mode_and_Value
 .text.Set_Symmetry_to_CC_Mode_and_Value
                0x08000ca8       0x34 ./Core/Src/CC_and_PC.o
                0x08000ca8                Set_Symmetry_to_CC_Mode_and_Value
 .text.Set_Phase_to_CC_Mode_and_Value
                0x08000cdc       0x34 ./Core/Src/CC_and_PC.o
                0x08000cdc                Set_Phase_to_CC_Mode_and_Value
 .text.Set_All_Pots_to_PC_Mode
                0x08000d10       0x70 ./Core/Src/CC_and_PC.o
                0x08000d10                Set_All_Pots_to_PC_Mode
 .text.Is_Status_Byte
                0x08000d80       0x32 ./Core/Src/MIDI.o
                0x08000d80                Is_Status_Byte
 .text.Is_Data_Byte
                0x08000db2       0x32 ./Core/Src/MIDI.o
                0x08000db2                Is_Data_Byte
 .text.Is_PC_Status_Byte
                0x08000de4       0x38 ./Core/Src/MIDI.o
                0x08000de4                Is_PC_Status_Byte
 .text.Is_CC_Status_Byte
                0x08000e1c       0x38 ./Core/Src/MIDI.o
                0x08000e1c                Is_CC_Status_Byte
 .text.Is_Utilised_Channel_Mode_CC_First_Data_Byte
                0x08000e54       0x58 ./Core/Src/MIDI.o
                0x08000e54                Is_Utilised_Channel_Mode_CC_First_Data_Byte
 .text.Is_Utilised_CC_First_Data_Byte
                0x08000eac       0x66 ./Core/Src/MIDI.o
                0x08000eac                Is_Utilised_CC_First_Data_Byte
 .text.Channel_Mode_CC_Second_Data_Byte_Is_Valid_Given_Utilised_First_Data_Byte
                0x08000f12       0x8e ./Core/Src/MIDI.o
                0x08000f12                Channel_Mode_CC_Second_Data_Byte_Is_Valid_Given_Utilised_First_Data_Byte
 .text.Is_Sysex_Start_Status_Byte
                0x08000fa0       0x20 ./Core/Src/MIDI.o
                0x08000fa0                Is_Sysex_Start_Status_Byte
 .text.Is_Channelised_Status_Byte_On_Basic_Channel
                0x08000fc0       0x42 ./Core/Src/MIDI.o
                0x08000fc0                Is_Channelised_Status_Byte_On_Basic_Channel
 .text.Is_Data_Buffer_Empty
                0x08001002       0x60 ./Core/Src/MIDI.o
                0x08001002                Is_Data_Buffer_Empty
 .text.Clear_Data_Buffer
                0x08001062       0x3c ./Core/Src/MIDI.o
                0x08001062                Clear_Data_Buffer
 .text.Is_Program_Change_Data_Byte_In_Range
                0x0800109e       0x2a ./Core/Src/MIDI.o
                0x0800109e                Is_Program_Change_Data_Byte_In_Range
 .text.Is_System_Real_Time_Status_Byte
                0x080010c8       0x66 ./Core/Src/MIDI.o
                0x080010c8                Is_System_Real_Time_Status_Byte
 .text.Is_OMNI_On
                0x0800112e       0x34 ./Core/Src/MIDI.o
                0x0800112e                Is_OMNI_On
 .text.Reset_and_Stop_MIDI_Software_Timer
                0x08001162       0x36 ./Core/Src/MIDI.o
                0x08001162                Reset_and_Stop_MIDI_Software_Timer
 .text.Reset_All_Controllers
                0x08001198       0xb4 ./Core/Src/MIDI.o
                0x08001198                Reset_All_Controllers
 .text.Set_Local_Control
                0x0800124c       0x70 ./Core/Src/MIDI.o
                0x0800124c                Set_Local_Control
 .text.Set_OMNI_Off
                0x080012bc       0x20 ./Core/Src/MIDI.o
                0x080012bc                Set_OMNI_Off
 .text.Set_OMNI_On
                0x080012dc       0x20 ./Core/Src/MIDI.o
                0x080012dc                Set_OMNI_On
 .text.Start_UART_Receive
                0x080012fc       0x20 ./Core/Src/UART.o
                0x080012fc                Start_UART_Receive
 .text.Pot_Check
                0x0800131c      0x240 ./Core/Src/checking_functions.o
                0x0800131c                Pot_Check
 .text.Check_Tap_Tempo_Switch_State
                0x0800155c       0xa0 ./Core/Src/checking_functions.o
                0x0800155c                Check_Tap_Tempo_Switch_State
 .text.SystemClock_Config
                0x080015fc       0xbc ./Core/Src/config.o
                0x080015fc                SystemClock_Config
 .text.MX_ADC1_Init
                0x080016b8      0x180 ./Core/Src/config.o
                0x080016b8                MX_ADC1_Init
 .text.MX_TIM16_Init
                0x08001838      0x118 ./Core/Src/config.o
                0x08001838                MX_TIM16_Init
 .text.MX_TIM2_Init
                0x08001950       0xf8 ./Core/Src/config.o
                0x08001950                MX_TIM2_Init
 .text.MX_TIM3_Init
                0x08001a48      0x110 ./Core/Src/config.o
                0x08001a48                MX_TIM3_Init
 .text.MX_TIM1_Init
                0x08001b58      0x1d4 ./Core/Src/config.o
                0x08001b58                MX_TIM1_Init
 .text.MX_TIM17_Init
                0x08001d2c      0x11c ./Core/Src/config.o
                0x08001d2c                MX_TIM17_Init
 .text.MX_LPTIM1_Init
                0x08001e48       0x70 ./Core/Src/config.o
                0x08001e48                MX_LPTIM1_Init
 .text.MX_TIM14_Init
                0x08001eb8       0x9c ./Core/Src/config.o
                0x08001eb8                MX_TIM14_Init
 .text.MX_USART2_UART_Init
                0x08001f54       0x68 ./Core/Src/config.o
                0x08001f54                MX_USART2_UART_Init
 .text.MX_DMA_Init
                0x08001fbc       0x4c ./Core/Src/config.o
                0x08001fbc                MX_DMA_Init
 .text.MX_GPIO_Init
                0x08002008      0x1e0 ./Core/Src/config.o
                0x08002008                MX_GPIO_Init
 .text.Error_Handler
                0x080021e8        0xc ./Core/Src/config.o
                0x080021e8                Error_Handler
 .text.System_Init
                0x080021f4      0x108 ./Core/Src/config.o
                0x080021f4                System_Init
 .text.TIM16_callback
                0x080022fc       0x54 ./Core/Src/custom_callbacks.o
                0x080022fc                TIM16_callback
 .text.ADC_DMA_conversion_complete_callback
                0x08002350       0x94 ./Core/Src/custom_callbacks.o
                0x08002350                ADC_DMA_conversion_complete_callback
 .text.TIM2_ch1_IP_capture_callback
                0x080023e4      0x11c ./Core/Src/custom_callbacks.o
                0x080023e4                TIM2_ch1_IP_capture_callback
 .text.TIM2_ch1_overflow_callback
                0x08002500      0x10c ./Core/Src/custom_callbacks.o
                0x08002500                TIM2_ch1_overflow_callback
 .text.TIM3_ch1_IP_capture_measurement_reelapse_callback
                0x0800260c      0x13c ./Core/Src/custom_callbacks.o
                0x0800260c                TIM3_ch1_IP_capture_measurement_reelapse_callback
 .text.UART2_TX_transfer_complete_callback
                0x08002748       0x10 ./Core/Src/custom_callbacks.o
                0x08002748                UART2_TX_transfer_complete_callback
 .text.UART2_RX_transfer_complete_callback
                0x08002758     0x1140 ./Core/Src/custom_callbacks.o
                0x08002758                UART2_RX_transfer_complete_callback
 .text.HAL_GPIO_EXTI_Falling_Callback
                0x08003898       0x54 ./Core/Src/custom_callbacks.o
                0x08003898                HAL_GPIO_EXTI_Falling_Callback
 .text.HAL_GPIO_EXTI_Rising_Callback
                0x080038ec      0x1ec ./Core/Src/custom_callbacks.o
                0x080038ec                HAL_GPIO_EXTI_Rising_Callback
 .text.LPTIM1_callback
                0x08003ad8      0x3a0 ./Core/Src/custom_callbacks.o
                0x08003ad8                LPTIM1_callback
 .text.TIM17_callback
                0x08003e78       0x10 ./Core/Src/custom_callbacks.o
                0x08003e78                TIM17_callback
 .text.TIM14_callback
                0x08003e88       0x10 ./Core/Src/custom_callbacks.o
                0x08003e88                TIM14_callback
 .text.Input_Capture_Processing
                0x08003e98       0xe4 ./Core/Src/input_capture.o
                0x08003e98                Input_Capture_Processing
 .text.Start_Input_Capture_Timer
                0x08003f7c       0x34 ./Core/Src/input_capture.o
                0x08003f7c                Start_Input_Capture_Timer
 .text.Start_IC_TIM
                0x08003fb0       0x54 ./Core/Src/input_capture.o
                0x08003fb0                Start_IC_TIM
 .text.Copy_Params_Structs
                0x08004004       0x24 ./Core/Src/input_capture.o
                0x08004004                Copy_Params_Structs
 .text.Start_Measurement_Reelapse_Timer
                0x08004028       0x3c ./Core/Src/input_capture.o
                0x08004028                Start_Measurement_Reelapse_Timer
 .text.Begin_Input_Capture_Measurement
                0x08004064       0x18 ./Core/Src/input_capture.o
                0x08004064                Begin_Input_Capture_Measurement
 .text.main     0x0800407c      0x114 ./Core/Src/main.o
                0x0800407c                main
 .text.Start_PWM_Gen_Timer_Main_and_Secondary_Oscillators
                0x08004190       0x78 ./Core/Src/oscillator.o
                0x08004190                Start_PWM_Gen_Timer_Main_and_Secondary_Oscillators
 .text.Start_Freq_Gen_Timer
                0x08004208       0x34 ./Core/Src/oscillator.o
                0x08004208                Start_Freq_Gen_Timer
 .text.Process_TIM16_Raw_Start_Value_and_Raw_Prescaler
                0x0800423c       0x6c ./Core/Src/oscillator.o
                0x0800423c                Process_TIM16_Raw_Start_Value_and_Raw_Prescaler
 .text.Set_Oscillator_Values
                0x080042a8       0x58 ./Core/Src/oscillator.o
                0x080042a8                Set_Oscillator_Values
 .text.Calculate_Next_Main_Oscillator_Values
                0x08004300      0x1ec ./Core/Src/oscillator.o
                0x08004300                Calculate_Next_Main_Oscillator_Values
 .text.Write_Next_Main_Oscillator_Values_to_Delay_Line
                0x080044ec      0x12c ./Core/Src/oscillator.o
                0x080044ec                Write_Next_Main_Oscillator_Values_to_Delay_Line
 .text.Process_ADC_Conversion_Values
                0x08004618       0xd4 ./Core/Src/oscillator.o
                0x08004618                Process_ADC_Conversion_Values
 .text.Startup  0x080046ec      0x1ac ./Core/Src/startup.o
                0x080046ec                Startup
 .text.Advance_Pending_States
                0x08004898       0x58 ./Core/Src/state_machine.o
                0x08004898                Advance_Pending_States
 .text.HAL_MspInit
                0x080048f0       0x48 ./Core/Src/stm32g0xx_hal_msp.o
                0x080048f0                HAL_MspInit
 .text.HAL_ADC_MspInit
                0x08004938       0xe8 ./Core/Src/stm32g0xx_hal_msp.o
                0x08004938                HAL_ADC_MspInit
 .text.HAL_LPTIM_MspInit
                0x08004a20      0x158 ./Core/Src/stm32g0xx_hal_msp.o
                0x08004a20                HAL_LPTIM_MspInit
 .text.HAL_TIM_Base_MspInit
                0x08004b78      0x1e8 ./Core/Src/stm32g0xx_hal_msp.o
                0x08004b78                HAL_TIM_Base_MspInit
 .text.HAL_TIM_MspPostInit
                0x08004d60       0xc0 ./Core/Src/stm32g0xx_hal_msp.o
                0x08004d60                HAL_TIM_MspPostInit
 .text.HAL_UART_MspInit
                0x08004e20      0x160 ./Core/Src/stm32g0xx_hal_msp.o
                0x08004e20                HAL_UART_MspInit
 .text.NMI_Handler
                0x08004f80        0x8 ./Core/Src/stm32g0xx_it.o
                0x08004f80                NMI_Handler
 .text.HardFault_Handler
                0x08004f88        0x8 ./Core/Src/stm32g0xx_it.o
                0x08004f88                HardFault_Handler
 .text.SVC_Handler
                0x08004f90        0xa ./Core/Src/stm32g0xx_it.o
                0x08004f90                SVC_Handler
 .text.PendSV_Handler
                0x08004f9a        0xa ./Core/Src/stm32g0xx_it.o
                0x08004f9a                PendSV_Handler
 .text.SysTick_Handler
                0x08004fa4        0xe ./Core/Src/stm32g0xx_it.o
                0x08004fa4                SysTick_Handler
 .text.EXTI4_15_IRQHandler
                0x08004fb2       0x10 ./Core/Src/stm32g0xx_it.o
                0x08004fb2                EXTI4_15_IRQHandler
 *fill*         0x08004fc2        0x2 
 .text.DMA1_Channel1_IRQHandler
                0x08004fc4       0x18 ./Core/Src/stm32g0xx_it.o
                0x08004fc4                DMA1_Channel1_IRQHandler
 .text.DMA1_Channel2_3_IRQHandler
                0x08004fdc       0x24 ./Core/Src/stm32g0xx_it.o
                0x08004fdc                DMA1_Channel2_3_IRQHandler
 .text.TIM2_IRQHandler
                0x08005000       0x18 ./Core/Src/stm32g0xx_it.o
                0x08005000                TIM2_IRQHandler
 .text.TIM3_IRQHandler
                0x08005018       0x18 ./Core/Src/stm32g0xx_it.o
                0x08005018                TIM3_IRQHandler
 .text.TIM16_IRQHandler
                0x08005030       0x18 ./Core/Src/stm32g0xx_it.o
                0x08005030                TIM16_IRQHandler
 .text.USART2_IRQHandler
                0x08005048       0x18 ./Core/Src/stm32g0xx_it.o
                0x08005048                USART2_IRQHandler
 .text.LPTIM1_IRQHandler
                0x08005060       0x18 ./Core/Src/stm32g0xx_it.o
                0x08005060                LPTIM1_IRQHandler
 .text.TIM17_IRQHandler
                0x08005078       0x18 ./Core/Src/stm32g0xx_it.o
                0x08005078                TIM17_IRQHandler
 .text.TIM14_IRQHandler
                0x08005090       0x18 ./Core/Src/stm32g0xx_it.o
                0x08005090                TIM14_IRQHandler
 .text.Adjust_TIM16_Prescaler
                0x080050a8       0x44 ./Core/Src/symmetry_adjustment.o
                0x080050a8                Adjust_TIM16_Prescaler
 .text.Process_TIM16_Final_Start_Value_and_Final_Prescaler
                0x080050ec      0x80c ./Core/Src/symmetry_adjustment.o
                0x080050ec                Process_TIM16_Final_Start_Value_and_Final_Prescaler
 .text.SystemInit
                0x080058f8        0xa ./Core/Src/system_stm32g0xx.o
                0x080058f8                SystemInit
 .text.Start_OC_TIM
                0x08005902       0x38 ./Core/Src/timers.o
                0x08005902                Start_OC_TIM
 .text.Stop_OC_TIM
                0x0800593a       0x38 ./Core/Src/timers.o
                0x0800593a                Stop_OC_TIM
 .text.isPrime  0x08005972       0x5e ./Core/Src/utility.o
                0x08005972                isPrime
 .text.unsigned_bitwise_modulo
                0x080059d0       0x28 ./Core/Src/utility.o
                0x080059d0                unsigned_bitwise_modulo
 .text.Global_Interrupt_Enable
                0x080059f8       0x10 ./Core/Src/utility.o
                0x080059f8                Global_Interrupt_Enable
 .text.Get_Status_Bit
                0x08005a08       0x28 ./Core/Src/utility.o
                0x08005a08                Get_Status_Bit
 .text.Set_Status_Bit
                0x08005a30       0x24 ./Core/Src/utility.o
                0x08005a30                Set_Status_Bit
 .text.Clear_Status_Bit
                0x08005a54       0x26 ./Core/Src/utility.o
                0x08005a54                Clear_Status_Bit
 *fill*         0x08005a7a        0x2 
 .text.Reset_Handler
                0x08005a7c       0x50 ./Core/Startup/startup_stm32g031k8tx.o
                0x08005a7c                Reset_Handler
 .text.Default_Handler
                0x08005acc        0x2 ./Core/Startup/startup_stm32g031k8tx.o
                0x08005acc                TIM1_CC_IRQHandler
                0x08005acc                PVD_IRQHandler
                0x08005acc                I2C1_IRQHandler
                0x08005acc                LPTIM2_IRQHandler
                0x08005acc                RTC_TAMP_IRQHandler
                0x08005acc                SPI1_IRQHandler
                0x08005acc                DMA1_Ch4_5_DMAMUX1_OVR_IRQHandler
                0x08005acc                EXTI2_3_IRQHandler
                0x08005acc                ADC1_IRQHandler
                0x08005acc                I2C2_IRQHandler
                0x08005acc                RCC_IRQHandler
                0x08005acc                Default_Handler
                0x08005acc                EXTI0_1_IRQHandler
                0x08005acc                SPI2_IRQHandler
                0x08005acc                WWDG_IRQHandler
                0x08005acc                LPUART1_IRQHandler
                0x08005acc                FLASH_IRQHandler
                0x08005acc                USART1_IRQHandler
                0x08005acc                TIM1_BRK_UP_TRG_COM_IRQHandler
 *fill*         0x08005ace        0x2 
 .text.HAL_Init
                0x08005ad0       0x40 ./Drivers/STM32G0xx_HAL_Driver/Src/stm32g0xx_hal.o
                0x08005ad0                HAL_Init
 .text.HAL_InitTick
                0x08005b10       0x94 ./Drivers/STM32G0xx_HAL_Driver/Src/stm32g0xx_hal.o
                0x08005b10                HAL_InitTick
 .text.HAL_IncTick
                0x08005ba4       0x24 ./Drivers/STM32G0xx_HAL_Driver/Src/stm32g0xx_hal.o
                0x08005ba4                HAL_IncTick
 .text.HAL_GetTick
                0x08005bc8       0x14 ./Drivers/STM32G0xx_HAL_Driver/Src/stm32g0xx_hal.o
                0x08005bc8                HAL_GetTick
 .text.LL_ADC_SetCommonPathInternalCh
                0x08005bdc       0x28 ./Drivers/STM32G0xx_HAL_Driver/Src/stm32g0xx_hal_adc.o
 .text.LL_ADC_GetCommonPathInternalCh
                0x08005c04       0x1a ./Drivers/STM32G0xx_HAL_Driver/Src/stm32g0xx_hal_adc.o
 .text.LL_ADC_SetSamplingTimeCommonChannels
                0x08005c1e       0x3a ./Drivers/STM32G0xx_HAL_Driver/Src/stm32g0xx_hal_adc.o
 .text.LL_ADC_GetSamplingTimeCommonChannels
                0x08005c58       0x2e ./Drivers/STM32G0xx_HAL_Driver/Src/stm32g0xx_hal_adc.o
 .text.LL_ADC_REG_IsTriggerSourceSWStart
                0x08005c86       0x22 ./Drivers/STM32G0xx_HAL_Driver/Src/stm32g0xx_hal_adc.o
 .text.LL_ADC_REG_SetSequencerRanks
                0x08005ca8       0x40 ./Drivers/STM32G0xx_HAL_Driver/Src/stm32g0xx_hal_adc.o
 .text.LL_ADC_REG_SetSequencerChAdd
                0x08005ce8       0x22 ./Drivers/STM32G0xx_HAL_Driver/Src/stm32g0xx_hal_adc.o
 .text.LL_ADC_REG_SetSequencerChRem
                0x08005d0a       0x24 ./Drivers/STM32G0xx_HAL_Driver/Src/stm32g0xx_hal_adc.o
 *fill*         0x08005d2e        0x2 
 .text.LL_ADC_SetChannelSamplingTime
                0x08005d30       0x38 ./Drivers/STM32G0xx_HAL_Driver/Src/stm32g0xx_hal_adc.o
 .text.LL_ADC_EnableInternalRegulator
                0x08005d68       0x28 ./Drivers/STM32G0xx_HAL_Driver/Src/stm32g0xx_hal_adc.o
 .text.LL_ADC_IsInternalRegulatorEnabled
                0x08005d90       0x28 ./Drivers/STM32G0xx_HAL_Driver/Src/stm32g0xx_hal_adc.o
 .text.LL_ADC_Enable
                0x08005db8       0x24 ./Drivers/STM32G0xx_HAL_Driver/Src/stm32g0xx_hal_adc.o
 .text.LL_ADC_Disable
                0x08005ddc       0x24 ./Drivers/STM32G0xx_HAL_Driver/Src/stm32g0xx_hal_adc.o
 .text.LL_ADC_IsEnabled
                0x08005e00       0x22 ./Drivers/STM32G0xx_HAL_Driver/Src/stm32g0xx_hal_adc.o
 .text.LL_ADC_IsDisableOngoing
                0x08005e22       0x22 ./Drivers/STM32G0xx_HAL_Driver/Src/stm32g0xx_hal_adc.o
 .text.LL_ADC_REG_StartConversion
                0x08005e44       0x24 ./Drivers/STM32G0xx_HAL_Driver/Src/stm32g0xx_hal_adc.o
 .text.LL_ADC_REG_StopConversion
                0x08005e68       0x24 ./Drivers/STM32G0xx_HAL_Driver/Src/stm32g0xx_hal_adc.o
 .text.LL_ADC_REG_IsConversionOngoing
                0x08005e8c       0x22 ./Drivers/STM32G0xx_HAL_Driver/Src/stm32g0xx_hal_adc.o
 *fill*         0x08005eae        0x2 
 .text.HAL_ADC_Init
                0x08005eb0      0x3b0 ./Drivers/STM32G0xx_HAL_Driver/Src/stm32g0xx_hal_adc.o
                0x08005eb0                HAL_ADC_Init
 .text.HAL_ADC_RegisterCallback
                0x08006260      0x118 ./Drivers/STM32G0xx_HAL_Driver/Src/stm32g0xx_hal_adc.o
                0x08006260                HAL_ADC_RegisterCallback
 .text.HAL_ADC_Start_DMA
                0x08006378      0x11c ./Drivers/STM32G0xx_HAL_Driver/Src/stm32g0xx_hal_adc.o
                0x08006378                HAL_ADC_Start_DMA
 .text.HAL_ADC_Stop_DMA
                0x08006494       0xe4 ./Drivers/STM32G0xx_HAL_Driver/Src/stm32g0xx_hal_adc.o
                0x08006494                HAL_ADC_Stop_DMA
 .text.HAL_ADC_ConvCpltCallback
                0x08006578       0x10 ./Drivers/STM32G0xx_HAL_Driver/Src/stm32g0xx_hal_adc.o
                0x08006578                HAL_ADC_ConvCpltCallback
 .text.HAL_ADC_ConvHalfCpltCallback
                0x08006588       0x10 ./Drivers/STM32G0xx_HAL_Driver/Src/stm32g0xx_hal_adc.o
                0x08006588                HAL_ADC_ConvHalfCpltCallback
 .text.HAL_ADC_LevelOutOfWindowCallback
                0x08006598       0x10 ./Drivers/STM32G0xx_HAL_Driver/Src/stm32g0xx_hal_adc.o
                0x08006598                HAL_ADC_LevelOutOfWindowCallback
 .text.HAL_ADC_ErrorCallback
                0x080065a8       0x10 ./Drivers/STM32G0xx_HAL_Driver/Src/stm32g0xx_hal_adc.o
                0x080065a8                HAL_ADC_ErrorCallback
 .text.HAL_ADC_ConfigChannel
                0x080065b8      0x3b0 ./Drivers/STM32G0xx_HAL_Driver/Src/stm32g0xx_hal_adc.o
                0x080065b8                HAL_ADC_ConfigChannel
 .text.ADC_ConversionStop
                0x08006968       0x84 ./Drivers/STM32G0xx_HAL_Driver/Src/stm32g0xx_hal_adc.o
                0x08006968                ADC_ConversionStop
 .text.ADC_Enable
                0x080069ec      0x10c ./Drivers/STM32G0xx_HAL_Driver/Src/stm32g0xx_hal_adc.o
                0x080069ec                ADC_Enable
 .text.ADC_Disable
                0x08006af8       0xbc ./Drivers/STM32G0xx_HAL_Driver/Src/stm32g0xx_hal_adc.o
                0x08006af8                ADC_Disable
 .text.ADC_DMAConvCplt
                0x08006bb4       0xcc ./Drivers/STM32G0xx_HAL_Driver/Src/stm32g0xx_hal_adc.o
 .text.ADC_DMAHalfConvCplt
                0x08006c80       0x20 ./Drivers/STM32G0xx_HAL_Driver/Src/stm32g0xx_hal_adc.o
 .text.ADC_DMAError
                0x08006ca0       0x38 ./Drivers/STM32G0xx_HAL_Driver/Src/stm32g0xx_hal_adc.o
 .text.LL_ADC_GetCommonClock
                0x08006cd8       0x1a ./Drivers/STM32G0xx_HAL_Driver/Src/stm32g0xx_hal_adc_ex.o
 .text.LL_ADC_GetClock
                0x08006cf2       0x18 ./Drivers/STM32G0xx_HAL_Driver/Src/stm32g0xx_hal_adc_ex.o
 .text.LL_ADC_SetCalibrationFactor
                0x08006d0a       0x28 ./Drivers/STM32G0xx_HAL_Driver/Src/stm32g0xx_hal_adc_ex.o
 .text.LL_ADC_GetCalibrationFactor
                0x08006d32       0x1a ./Drivers/STM32G0xx_HAL_Driver/Src/stm32g0xx_hal_adc_ex.o
 .text.LL_ADC_Enable
                0x08006d4c       0x24 ./Drivers/STM32G0xx_HAL_Driver/Src/stm32g0xx_hal_adc_ex.o
 .text.LL_ADC_Disable
                0x08006d70       0x24 ./Drivers/STM32G0xx_HAL_Driver/Src/stm32g0xx_hal_adc_ex.o
 .text.LL_ADC_IsEnabled
                0x08006d94       0x22 ./Drivers/STM32G0xx_HAL_Driver/Src/stm32g0xx_hal_adc_ex.o
 *fill*         0x08006db6        0x2 
 .text.LL_ADC_StartCalibration
                0x08006db8       0x28 ./Drivers/STM32G0xx_HAL_Driver/Src/stm32g0xx_hal_adc_ex.o
 .text.LL_ADC_IsCalibrationOnGoing
                0x08006de0       0x26 ./Drivers/STM32G0xx_HAL_Driver/Src/stm32g0xx_hal_adc_ex.o
 *fill*         0x08006e06        0x2 
 .text.HAL_ADCEx_Calibration_Start
                0x08006e08      0x1f8 ./Drivers/STM32G0xx_HAL_Driver/Src/stm32g0xx_hal_adc_ex.o
                0x08006e08                HAL_ADCEx_Calibration_Start
 .text.HAL_ADCEx_LevelOutOfWindow2Callback
                0x08007000       0x10 ./Drivers/STM32G0xx_HAL_Driver/Src/stm32g0xx_hal_adc_ex.o
                0x08007000                HAL_ADCEx_LevelOutOfWindow2Callback
 .text.HAL_ADCEx_LevelOutOfWindow3Callback
                0x08007010       0x10 ./Drivers/STM32G0xx_HAL_Driver/Src/stm32g0xx_hal_adc_ex.o
                0x08007010                HAL_ADCEx_LevelOutOfWindow3Callback
 .text.HAL_ADCEx_EndOfSamplingCallback
                0x08007020       0x10 ./Drivers/STM32G0xx_HAL_Driver/Src/stm32g0xx_hal_adc_ex.o
                0x08007020                HAL_ADCEx_EndOfSamplingCallback
 .text.__NVIC_EnableIRQ
                0x08007030       0x34 ./Drivers/STM32G0xx_HAL_Driver/Src/stm32g0xx_hal_cortex.o
 .text.__NVIC_DisableIRQ
                0x08007064       0x44 ./Drivers/STM32G0xx_HAL_Driver/Src/stm32g0xx_hal_cortex.o
 .text.__NVIC_SetPriority
                0x080070a8       0xdc ./Drivers/STM32G0xx_HAL_Driver/Src/stm32g0xx_hal_cortex.o
 .text.SysTick_Config
                0x08007184       0x48 ./Drivers/STM32G0xx_HAL_Driver/Src/stm32g0xx_hal_cortex.o
 .text.HAL_NVIC_SetPriority
                0x080071cc       0x2a ./Drivers/STM32G0xx_HAL_Driver/Src/stm32g0xx_hal_cortex.o
                0x080071cc                HAL_NVIC_SetPriority
 .text.HAL_NVIC_EnableIRQ
                0x080071f6       0x20 ./Drivers/STM32G0xx_HAL_Driver/Src/stm32g0xx_hal_cortex.o
                0x080071f6                HAL_NVIC_EnableIRQ
 .text.HAL_NVIC_DisableIRQ
                0x08007216       0x20 ./Drivers/STM32G0xx_HAL_Driver/Src/stm32g0xx_hal_cortex.o
                0x08007216                HAL_NVIC_DisableIRQ
 .text.HAL_SYSTICK_Config
                0x08007236       0x1a ./Drivers/STM32G0xx_HAL_Driver/Src/stm32g0xx_hal_cortex.o
                0x08007236                HAL_SYSTICK_Config
 .text.HAL_DMA_Init
                0x08007250      0x114 ./Drivers/STM32G0xx_HAL_Driver/Src/stm32g0xx_hal_dma.o
                0x08007250                HAL_DMA_Init
 .text.HAL_DMA_Start_IT
                0x08007364      0x10c ./Drivers/STM32G0xx_HAL_Driver/Src/stm32g0xx_hal_dma.o
                0x08007364                HAL_DMA_Start_IT
 .text.HAL_DMA_Abort
                0x08007470       0xc4 ./Drivers/STM32G0xx_HAL_Driver/Src/stm32g0xx_hal_dma.o
                0x08007470                HAL_DMA_Abort
 .text.HAL_DMA_Abort_IT
                0x08007534       0xd4 ./Drivers/STM32G0xx_HAL_Driver/Src/stm32g0xx_hal_dma.o
                0x08007534                HAL_DMA_Abort_IT
 .text.HAL_DMA_IRQHandler
                0x08007608      0x164 ./Drivers/STM32G0xx_HAL_Driver/Src/stm32g0xx_hal_dma.o
                0x08007608                HAL_DMA_IRQHandler
 .text.DMA_SetConfig
                0x0800776c       0x80 ./Drivers/STM32G0xx_HAL_Driver/Src/stm32g0xx_hal_dma.o
 .text.DMA_CalcDMAMUXChannelBaseAndMask
                0x080077ec       0x58 ./Drivers/STM32G0xx_HAL_Driver/Src/stm32g0xx_hal_dma.o
 .text.DMA_CalcDMAMUXRequestGenBaseAndMask
                0x08007844       0x48 ./Drivers/STM32G0xx_HAL_Driver/Src/stm32g0xx_hal_dma.o
 .text.HAL_GPIO_Init
                0x0800788c      0x2c8 ./Drivers/STM32G0xx_HAL_Driver/Src/stm32g0xx_hal_gpio.o
                0x0800788c                HAL_GPIO_Init
 .text.HAL_GPIO_ReadPin
                0x08007b54       0x3a ./Drivers/STM32G0xx_HAL_Driver/Src/stm32g0xx_hal_gpio.o
                0x08007b54                HAL_GPIO_ReadPin
 .text.HAL_GPIO_WritePin
                0x08007b8e       0x3a ./Drivers/STM32G0xx_HAL_Driver/Src/stm32g0xx_hal_gpio.o
                0x08007b8e                HAL_GPIO_WritePin
 .text.HAL_GPIO_EXTI_IRQHandler
                0x08007bc8       0x54 ./Drivers/STM32G0xx_HAL_Driver/Src/stm32g0xx_hal_gpio.o
                0x08007bc8                HAL_GPIO_EXTI_IRQHandler
 .text.HAL_LPTIM_Init
                0x08007c1c      0x160 ./Drivers/STM32G0xx_HAL_Driver/Src/stm32g0xx_hal_lptim.o
                0x08007c1c                HAL_LPTIM_Init
 .text.HAL_LPTIM_SetOnce_Start_IT
                0x08007d7c      0x128 ./Drivers/STM32G0xx_HAL_Driver/Src/stm32g0xx_hal_lptim.o
                0x08007d7c                HAL_LPTIM_SetOnce_Start_IT
 .text.HAL_LPTIM_IRQHandler
                0x08007ea4      0x152 ./Drivers/STM32G0xx_HAL_Driver/Src/stm32g0xx_hal_lptim.o
                0x08007ea4                HAL_LPTIM_IRQHandler
 .text.HAL_LPTIM_CompareMatchCallback
                0x08007ff6       0x10 ./Drivers/STM32G0xx_HAL_Driver/Src/stm32g0xx_hal_lptim.o
                0x08007ff6                HAL_LPTIM_CompareMatchCallback
 .text.HAL_LPTIM_AutoReloadMatchCallback
                0x08008006       0x10 ./Drivers/STM32G0xx_HAL_Driver/Src/stm32g0xx_hal_lptim.o
                0x08008006                HAL_LPTIM_AutoReloadMatchCallback
 .text.HAL_LPTIM_TriggerCallback
                0x08008016       0x10 ./Drivers/STM32G0xx_HAL_Driver/Src/stm32g0xx_hal_lptim.o
                0x08008016                HAL_LPTIM_TriggerCallback
 .text.HAL_LPTIM_CompareWriteCallback
                0x08008026       0x10 ./Drivers/STM32G0xx_HAL_Driver/Src/stm32g0xx_hal_lptim.o
                0x08008026                HAL_LPTIM_CompareWriteCallback
 .text.HAL_LPTIM_AutoReloadWriteCallback
                0x08008036       0x10 ./Drivers/STM32G0xx_HAL_Driver/Src/stm32g0xx_hal_lptim.o
                0x08008036                HAL_LPTIM_AutoReloadWriteCallback
 .text.HAL_LPTIM_DirectionUpCallback
                0x08008046       0x10 ./Drivers/STM32G0xx_HAL_Driver/Src/stm32g0xx_hal_lptim.o
                0x08008046                HAL_LPTIM_DirectionUpCallback
 .text.HAL_LPTIM_DirectionDownCallback
                0x08008056       0x10 ./Drivers/STM32G0xx_HAL_Driver/Src/stm32g0xx_hal_lptim.o
                0x08008056                HAL_LPTIM_DirectionDownCallback
 *fill*         0x08008066        0x2 
 .text.HAL_LPTIM_RegisterCallback
                0x08008068       0xe8 ./Drivers/STM32G0xx_HAL_Driver/Src/stm32g0xx_hal_lptim.o
                0x08008068                HAL_LPTIM_RegisterCallback
 .text.HAL_LPTIM_GetState
                0x08008150       0x18 ./Drivers/STM32G0xx_HAL_Driver/Src/stm32g0xx_hal_lptim.o
                0x08008150                HAL_LPTIM_GetState
 .text.LPTIM_ResetCallback
                0x08008168       0x58 ./Drivers/STM32G0xx_HAL_Driver/Src/stm32g0xx_hal_lptim.o
 .text.LPTIM_WaitForFlag
                0x080081c0       0x70 ./Drivers/STM32G0xx_HAL_Driver/Src/stm32g0xx_hal_lptim.o
 .text.LPTIM_Disable
                0x08008230      0x208 ./Drivers/STM32G0xx_HAL_Driver/Src/stm32g0xx_hal_lptim.o
                0x08008230                LPTIM_Disable
 .text.HAL_PWREx_ControlVoltageScaling
                0x08008438       0x80 ./Drivers/STM32G0xx_HAL_Driver/Src/stm32g0xx_hal_pwr_ex.o
                0x08008438                HAL_PWREx_ControlVoltageScaling
 .text.LL_RCC_GetAPB1Prescaler
                0x080084b8       0x18 ./Drivers/STM32G0xx_HAL_Driver/Src/stm32g0xx_hal_rcc.o
 .text.HAL_RCC_OscConfig
                0x080084d0      0x634 ./Drivers/STM32G0xx_HAL_Driver/Src/stm32g0xx_hal_rcc.o
                0x080084d0                HAL_RCC_OscConfig
 .text.HAL_RCC_ClockConfig
                0x08008b04      0x210 ./Drivers/STM32G0xx_HAL_Driver/Src/stm32g0xx_hal_rcc.o
                0x08008b04                HAL_RCC_ClockConfig
 .text.HAL_RCC_GetSysClockFreq
                0x08008d14      0x104 ./Drivers/STM32G0xx_HAL_Driver/Src/stm32g0xx_hal_rcc.o
                0x08008d14                HAL_RCC_GetSysClockFreq
 .text.HAL_RCC_GetHCLKFreq
                0x08008e18       0x14 ./Drivers/STM32G0xx_HAL_Driver/Src/stm32g0xx_hal_rcc.o
                0x08008e18                HAL_RCC_GetHCLKFreq
 .text.HAL_RCC_GetPCLK1Freq
                0x08008e2c       0x2c ./Drivers/STM32G0xx_HAL_Driver/Src/stm32g0xx_hal_rcc.o
                0x08008e2c                HAL_RCC_GetPCLK1Freq
 .text.HAL_RCCEx_PeriphCLKConfig
                0x08008e58      0x2f4 ./Drivers/STM32G0xx_HAL_Driver/Src/stm32g0xx_hal_rcc_ex.o
                0x08008e58                HAL_RCCEx_PeriphCLKConfig
 .text.HAL_TIM_Base_Init
                0x0800914c       0xcc ./Drivers/STM32G0xx_HAL_Driver/Src/stm32g0xx_hal_tim.o
                0x0800914c                HAL_TIM_Base_Init
 .text.HAL_TIM_Base_Start
                0x08009218       0x98 ./Drivers/STM32G0xx_HAL_Driver/Src/stm32g0xx_hal_tim.o
                0x08009218                HAL_TIM_Base_Start
 .text.HAL_TIM_Base_Start_IT
                0x080092b0       0xa8 ./Drivers/STM32G0xx_HAL_Driver/Src/stm32g0xx_hal_tim.o
                0x080092b0                HAL_TIM_Base_Start_IT
 .text.HAL_TIM_OC_Init
                0x08009358       0xcc ./Drivers/STM32G0xx_HAL_Driver/Src/stm32g0xx_hal_tim.o
                0x08009358                HAL_TIM_OC_Init
 .text.HAL_TIM_OC_MspInit
                0x08009424       0x10 ./Drivers/STM32G0xx_HAL_Driver/Src/stm32g0xx_hal_tim.o
                0x08009424                HAL_TIM_OC_MspInit
 .text.HAL_TIM_OC_Start_IT
                0x08009434      0x248 ./Drivers/STM32G0xx_HAL_Driver/Src/stm32g0xx_hal_tim.o
                0x08009434                HAL_TIM_OC_Start_IT
 .text.HAL_TIM_OC_Stop_IT
                0x0800967c      0x19c ./Drivers/STM32G0xx_HAL_Driver/Src/stm32g0xx_hal_tim.o
                0x0800967c                HAL_TIM_OC_Stop_IT
 .text.HAL_TIM_PWM_Init
                0x08009818       0xcc ./Drivers/STM32G0xx_HAL_Driver/Src/stm32g0xx_hal_tim.o
                0x08009818                HAL_TIM_PWM_Init
 .text.HAL_TIM_PWM_MspInit
                0x080098e4       0x10 ./Drivers/STM32G0xx_HAL_Driver/Src/stm32g0xx_hal_tim.o
                0x080098e4                HAL_TIM_PWM_MspInit
 .text.HAL_TIM_PWM_Start
                0x080098f4      0x1bc ./Drivers/STM32G0xx_HAL_Driver/Src/stm32g0xx_hal_tim.o
                0x080098f4                HAL_TIM_PWM_Start
 .text.HAL_TIM_IC_Init
                0x08009ab0       0xcc ./Drivers/STM32G0xx_HAL_Driver/Src/stm32g0xx_hal_tim.o
                0x08009ab0                HAL_TIM_IC_Init
 .text.HAL_TIM_IC_MspInit
                0x08009b7c       0x10 ./Drivers/STM32G0xx_HAL_Driver/Src/stm32g0xx_hal_tim.o
                0x08009b7c                HAL_TIM_IC_MspInit
 .text.HAL_TIM_IC_Start_IT
                0x08009b8c      0x260 ./Drivers/STM32G0xx_HAL_Driver/Src/stm32g0xx_hal_tim.o
                0x08009b8c                HAL_TIM_IC_Start_IT
 .text.HAL_TIM_IRQHandler
                0x08009dec      0x254 ./Drivers/STM32G0xx_HAL_Driver/Src/stm32g0xx_hal_tim.o
                0x08009dec                HAL_TIM_IRQHandler
 .text.HAL_TIM_OC_ConfigChannel
                0x0800a040       0xc0 ./Drivers/STM32G0xx_HAL_Driver/Src/stm32g0xx_hal_tim.o
                0x0800a040                HAL_TIM_OC_ConfigChannel
 .text.HAL_TIM_IC_ConfigChannel
                0x0800a100      0x148 ./Drivers/STM32G0xx_HAL_Driver/Src/stm32g0xx_hal_tim.o
                0x0800a100                HAL_TIM_IC_ConfigChannel
 .text.HAL_TIM_PWM_ConfigChannel
                0x0800a248      0x200 ./Drivers/STM32G0xx_HAL_Driver/Src/stm32g0xx_hal_tim.o
                0x0800a248                HAL_TIM_PWM_ConfigChannel
 .text.HAL_TIM_ConfigClockSource
                0x0800a448      0x1ac ./Drivers/STM32G0xx_HAL_Driver/Src/stm32g0xx_hal_tim.o
                0x0800a448                HAL_TIM_ConfigClockSource
 .text.HAL_TIM_ReadCapturedValue
                0x0800a5f4       0x68 ./Drivers/STM32G0xx_HAL_Driver/Src/stm32g0xx_hal_tim.o
                0x0800a5f4                HAL_TIM_ReadCapturedValue
 .text.HAL_TIM_PeriodElapsedCallback
                0x0800a65c       0x10 ./Drivers/STM32G0xx_HAL_Driver/Src/stm32g0xx_hal_tim.o
                0x0800a65c                HAL_TIM_PeriodElapsedCallback
 .text.HAL_TIM_PeriodElapsedHalfCpltCallback
                0x0800a66c       0x10 ./Drivers/STM32G0xx_HAL_Driver/Src/stm32g0xx_hal_tim.o
                0x0800a66c                HAL_TIM_PeriodElapsedHalfCpltCallback
 .text.HAL_TIM_OC_DelayElapsedCallback
                0x0800a67c       0x10 ./Drivers/STM32G0xx_HAL_Driver/Src/stm32g0xx_hal_tim.o
                0x0800a67c                HAL_TIM_OC_DelayElapsedCallback
 .text.HAL_TIM_IC_CaptureCallback
                0x0800a68c       0x10 ./Drivers/STM32G0xx_HAL_Driver/Src/stm32g0xx_hal_tim.o
                0x0800a68c                HAL_TIM_IC_CaptureCallback
 .text.HAL_TIM_IC_CaptureHalfCpltCallback
                0x0800a69c       0x10 ./Drivers/STM32G0xx_HAL_Driver/Src/stm32g0xx_hal_tim.o
                0x0800a69c                HAL_TIM_IC_CaptureHalfCpltCallback
 .text.HAL_TIM_PWM_PulseFinishedCallback
                0x0800a6ac       0x10 ./Drivers/STM32G0xx_HAL_Driver/Src/stm32g0xx_hal_tim.o
                0x0800a6ac                HAL_TIM_PWM_PulseFinishedCallback
 .text.HAL_TIM_PWM_PulseFinishedHalfCpltCallback
                0x0800a6bc       0x10 ./Drivers/STM32G0xx_HAL_Driver/Src/stm32g0xx_hal_tim.o
                0x0800a6bc                HAL_TIM_PWM_PulseFinishedHalfCpltCallback
 .text.HAL_TIM_TriggerCallback
                0x0800a6cc       0x10 ./Drivers/STM32G0xx_HAL_Driver/Src/stm32g0xx_hal_tim.o
                0x0800a6cc                HAL_TIM_TriggerCallback
 .text.HAL_TIM_TriggerHalfCpltCallback
                0x0800a6dc       0x10 ./Drivers/STM32G0xx_HAL_Driver/Src/stm32g0xx_hal_tim.o
                0x0800a6dc                HAL_TIM_TriggerHalfCpltCallback
 .text.HAL_TIM_ErrorCallback
                0x0800a6ec       0x10 ./Drivers/STM32G0xx_HAL_Driver/Src/stm32g0xx_hal_tim.o
                0x0800a6ec                HAL_TIM_ErrorCallback
 .text.HAL_TIM_RegisterCallback
                0x0800a6fc      0x20c ./Drivers/STM32G0xx_HAL_Driver/Src/stm32g0xx_hal_tim.o
                0x0800a6fc                HAL_TIM_RegisterCallback
 .text.TIM_Base_SetConfig
                0x0800a908      0x108 ./Drivers/STM32G0xx_HAL_Driver/Src/stm32g0xx_hal_tim.o
                0x0800a908                TIM_Base_SetConfig
 .text.TIM_OC1_SetConfig
                0x0800aa10      0x100 ./Drivers/STM32G0xx_HAL_Driver/Src/stm32g0xx_hal_tim.o
 .text.TIM_OC2_SetConfig
                0x0800ab10       0xfc ./Drivers/STM32G0xx_HAL_Driver/Src/stm32g0xx_hal_tim.o
                0x0800ab10                TIM_OC2_SetConfig
 .text.TIM_OC3_SetConfig
                0x0800ac0c      0x104 ./Drivers/STM32G0xx_HAL_Driver/Src/stm32g0xx_hal_tim.o
 .text.TIM_OC4_SetConfig
                0x0800ad10       0xc8 ./Drivers/STM32G0xx_HAL_Driver/Src/stm32g0xx_hal_tim.o
 .text.TIM_OC5_SetConfig
                0x0800add8       0xb4 ./Drivers/STM32G0xx_HAL_Driver/Src/stm32g0xx_hal_tim.o
 .text.TIM_OC6_SetConfig
                0x0800ae8c       0xbc ./Drivers/STM32G0xx_HAL_Driver/Src/stm32g0xx_hal_tim.o
 .text.TIM_TI1_SetConfig
                0x0800af48       0xac ./Drivers/STM32G0xx_HAL_Driver/Src/stm32g0xx_hal_tim.o
                0x0800af48                TIM_TI1_SetConfig
 .text.TIM_TI1_ConfigInputStage
                0x0800aff4       0x5c ./Drivers/STM32G0xx_HAL_Driver/Src/stm32g0xx_hal_tim.o
 .text.TIM_TI2_SetConfig
                0x0800b050       0x84 ./Drivers/STM32G0xx_HAL_Driver/Src/stm32g0xx_hal_tim.o
 .text.TIM_TI2_ConfigInputStage
                0x0800b0d4       0x64 ./Drivers/STM32G0xx_HAL_Driver/Src/stm32g0xx_hal_tim.o
 .text.TIM_TI3_SetConfig
                0x0800b138       0x80 ./Drivers/STM32G0xx_HAL_Driver/Src/stm32g0xx_hal_tim.o
 .text.TIM_TI4_SetConfig
                0x0800b1b8       0x8c ./Drivers/STM32G0xx_HAL_Driver/Src/stm32g0xx_hal_tim.o
 .text.TIM_ITRx_SetConfig
                0x0800b244       0x38 ./Drivers/STM32G0xx_HAL_Driver/Src/stm32g0xx_hal_tim.o
 .text.TIM_ETR_SetConfig
                0x0800b27c       0x40 ./Drivers/STM32G0xx_HAL_Driver/Src/stm32g0xx_hal_tim.o
                0x0800b27c                TIM_ETR_SetConfig
 .text.TIM_CCxChannelCmd
                0x0800b2bc       0x46 ./Drivers/STM32G0xx_HAL_Driver/Src/stm32g0xx_hal_tim.o
                0x0800b2bc                TIM_CCxChannelCmd
 *fill*         0x0800b302        0x2 
 .text.TIM_ResetCallback
                0x0800b304       0xb8 ./Drivers/STM32G0xx_HAL_Driver/Src/stm32g0xx_hal_tim.o
                0x0800b304                TIM_ResetCallback
 .text.HAL_TIMEx_MasterConfigSynchronization
                0x0800b3bc       0xd0 ./Drivers/STM32G0xx_HAL_Driver/Src/stm32g0xx_hal_tim_ex.o
                0x0800b3bc                HAL_TIMEx_MasterConfigSynchronization
 .text.HAL_TIMEx_ConfigBreakDeadTime
                0x0800b48c      0x138 ./Drivers/STM32G0xx_HAL_Driver/Src/stm32g0xx_hal_tim_ex.o
                0x0800b48c                HAL_TIMEx_ConfigBreakDeadTime
 .text.HAL_TIMEx_CommutCallback
                0x0800b5c4       0x10 ./Drivers/STM32G0xx_HAL_Driver/Src/stm32g0xx_hal_tim_ex.o
                0x0800b5c4                HAL_TIMEx_CommutCallback
 .text.HAL_TIMEx_CommutHalfCpltCallback
                0x0800b5d4       0x10 ./Drivers/STM32G0xx_HAL_Driver/Src/stm32g0xx_hal_tim_ex.o
                0x0800b5d4                HAL_TIMEx_CommutHalfCpltCallback
 .text.HAL_TIMEx_BreakCallback
                0x0800b5e4       0x10 ./Drivers/STM32G0xx_HAL_Driver/Src/stm32g0xx_hal_tim_ex.o
                0x0800b5e4                HAL_TIMEx_BreakCallback
 .text.HAL_TIMEx_Break2Callback
                0x0800b5f4       0x10 ./Drivers/STM32G0xx_HAL_Driver/Src/stm32g0xx_hal_tim_ex.o
                0x0800b5f4                HAL_TIMEx_Break2Callback
 .text.HAL_UART_Init
                0x0800b604       0xd0 ./Drivers/STM32G0xx_HAL_Driver/Src/stm32g0xx_hal_uart.o
                0x0800b604                HAL_UART_Init
 .text.HAL_UART_RegisterCallback
                0x0800b6d4      0x160 ./Drivers/STM32G0xx_HAL_Driver/Src/stm32g0xx_hal_uart.o
                0x0800b6d4                HAL_UART_RegisterCallback
 .text.HAL_UART_Receive_DMA
                0x0800b834       0xbc ./Drivers/STM32G0xx_HAL_Driver/Src/stm32g0xx_hal_uart.o
                0x0800b834                HAL_UART_Receive_DMA
 .text.HAL_UART_IRQHandler
                0x0800b8f0      0x668 ./Drivers/STM32G0xx_HAL_Driver/Src/stm32g0xx_hal_uart.o
                0x0800b8f0                HAL_UART_IRQHandler
 .text.HAL_UART_TxCpltCallback
                0x0800bf58       0x10 ./Drivers/STM32G0xx_HAL_Driver/Src/stm32g0xx_hal_uart.o
                0x0800bf58                HAL_UART_TxCpltCallback
 .text.HAL_UART_TxHalfCpltCallback
                0x0800bf68       0x10 ./Drivers/STM32G0xx_HAL_Driver/Src/stm32g0xx_hal_uart.o
                0x0800bf68                HAL_UART_TxHalfCpltCallback
 .text.HAL_UART_RxCpltCallback
                0x0800bf78       0x10 ./Drivers/STM32G0xx_HAL_Driver/Src/stm32g0xx_hal_uart.o
                0x0800bf78                HAL_UART_RxCpltCallback
 .text.HAL_UART_RxHalfCpltCallback
                0x0800bf88       0x10 ./Drivers/STM32G0xx_HAL_Driver/Src/stm32g0xx_hal_uart.o
                0x0800bf88                HAL_UART_RxHalfCpltCallback
 .text.HAL_UART_ErrorCallback
                0x0800bf98       0x10 ./Drivers/STM32G0xx_HAL_Driver/Src/stm32g0xx_hal_uart.o
                0x0800bf98                HAL_UART_ErrorCallback
 .text.HAL_UART_AbortCpltCallback
                0x0800bfa8       0x10 ./Drivers/STM32G0xx_HAL_Driver/Src/stm32g0xx_hal_uart.o
                0x0800bfa8                HAL_UART_AbortCpltCallback
 .text.HAL_UART_AbortTransmitCpltCallback
                0x0800bfb8       0x10 ./Drivers/STM32G0xx_HAL_Driver/Src/stm32g0xx_hal_uart.o
                0x0800bfb8                HAL_UART_AbortTransmitCpltCallback
 .text.HAL_UART_AbortReceiveCpltCallback
                0x0800bfc8       0x10 ./Drivers/STM32G0xx_HAL_Driver/Src/stm32g0xx_hal_uart.o
                0x0800bfc8                HAL_UART_AbortReceiveCpltCallback
 .text.HAL_UARTEx_RxEventCallback
                0x0800bfd8       0x16 ./Drivers/STM32G0xx_HAL_Driver/Src/stm32g0xx_hal_uart.o
                0x0800bfd8                HAL_UARTEx_RxEventCallback
 *fill*         0x0800bfee        0x2 
 .text.UART_InitCallbacksToDefault
                0x0800bff0       0xa0 ./Drivers/STM32G0xx_HAL_Driver/Src/stm32g0xx_hal_uart.o
                0x0800bff0                UART_InitCallbacksToDefault
 .text.UART_SetConfig
                0x0800c090      0x4f0 ./Drivers/STM32G0xx_HAL_Driver/Src/stm32g0xx_hal_uart.o
                0x0800c090                UART_SetConfig
 .text.UART_AdvFeatureConfig
                0x0800c580      0x168 ./Drivers/STM32G0xx_HAL_Driver/Src/stm32g0xx_hal_uart.o
                0x0800c580                UART_AdvFeatureConfig
 .text.UART_CheckIdleState
                0x0800c6e8      0x154 ./Drivers/STM32G0xx_HAL_Driver/Src/stm32g0xx_hal_uart.o
                0x0800c6e8                UART_CheckIdleState
 .text.UART_WaitOnFlagUntilTimeout
                0x0800c83c       0xde ./Drivers/STM32G0xx_HAL_Driver/Src/stm32g0xx_hal_uart.o
                0x0800c83c                UART_WaitOnFlagUntilTimeout
 *fill*         0x0800c91a        0x2 
 .text.UART_Start_Receive_DMA
                0x0800c91c      0x14c ./Drivers/STM32G0xx_HAL_Driver/Src/stm32g0xx_hal_uart.o
                0x0800c91c                UART_Start_Receive_DMA
 .text.UART_EndTxTransfer
                0x0800ca68       0x80 ./Drivers/STM32G0xx_HAL_Driver/Src/stm32g0xx_hal_uart.o
 .text.UART_EndRxTransfer
                0x0800cae8       0xcc ./Drivers/STM32G0xx_HAL_Driver/Src/stm32g0xx_hal_uart.o
 .text.UART_DMAReceiveCplt
                0x0800cbb4      0x134 ./Drivers/STM32G0xx_HAL_Driver/Src/stm32g0xx_hal_uart.o
 .text.UART_DMARxHalfCplt
                0x0800cce8       0x48 ./Drivers/STM32G0xx_HAL_Driver/Src/stm32g0xx_hal_uart.o
 .text.UART_DMAError
                0x0800cd30       0x8a ./Drivers/STM32G0xx_HAL_Driver/Src/stm32g0xx_hal_uart.o
 .text.UART_DMAAbortOnError
                0x0800cdba       0x32 ./Drivers/STM32G0xx_HAL_Driver/Src/stm32g0xx_hal_uart.o
 .text.UART_EndTransmit_IT
                0x0800cdec       0x5c ./Drivers/STM32G0xx_HAL_Driver/Src/stm32g0xx_hal_uart.o
 .text.HAL_UARTEx_WakeupCallback
                0x0800ce48       0x10 ./Drivers/STM32G0xx_HAL_Driver/Src/stm32g0xx_hal_uart_ex.o
                0x0800ce48                HAL_UARTEx_WakeupCallback
 .text.HAL_UARTEx_RxFifoFullCallback
                0x0800ce58       0x10 ./Drivers/STM32G0xx_HAL_Driver/Src/stm32g0xx_hal_uart_ex.o
                0x0800ce58                HAL_UARTEx_RxFifoFullCallback
 .text.HAL_UARTEx_TxFifoEmptyCallback
                0x0800ce68       0x10 ./Drivers/STM32G0xx_HAL_Driver/Src/stm32g0xx_hal_uart_ex.o
                0x0800ce68                HAL_UARTEx_TxFifoEmptyCallback
 .text.memset   0x0800ce78       0x10 C:/ST/STM32CubeIDE_1.18.1/STM32CubeIDE/plugins/com.st.stm32cube.ide.mcu.externaltools.gnu-tools-for-stm32.13.3.rel1.win32_1.0.0.202411081344/tools/bin/../lib/gcc/arm-none-eabi/13.3.1/../../../../arm-none-eabi/lib/thumb/v6-m/nofp\libc_nano.a(libc_a-memset.o)
                0x0800ce78                memset
 .text.__libc_init_array
                0x0800ce88       0x48 C:/ST/STM32CubeIDE_1.18.1/STM32CubeIDE/plugins/com.st.stm32cube.ide.mcu.externaltools.gnu-tools-for-stm32.13.3.rel1.win32_1.0.0.202411081344/tools/bin/../lib/gcc/arm-none-eabi/13.3.1/../../../../arm-none-eabi/lib/thumb/v6-m/nofp\libc_nano.a(libc_a-init.o)
                0x0800ce88                __libc_init_array
 .text.memcpy   0x0800ced0       0x12 C:/ST/STM32CubeIDE_1.18.1/STM32CubeIDE/plugins/com.st.stm32cube.ide.mcu.externaltools.gnu-tools-for-stm32.13.3.rel1.win32_1.0.0.202411081344/tools/bin/../lib/gcc/arm-none-eabi/13.3.1/../../../../arm-none-eabi/lib/thumb/v6-m/nofp\libc_nano.a(libc_a-memcpy-stub.o)
                0x0800ced0                memcpy
 *(.glue_7)
 .glue_7        0x0800cee2        0x0 linker stubs
 *(.glue_7t)
 .glue_7t       0x0800cee2        0x0 linker stubs
 *(.eh_frame)
 *fill*         0x0800cee2        0x2 
 .eh_frame      0x0800cee4        0x0 C:/ST/STM32CubeIDE_1.18.1/STM32CubeIDE/plugins/com.st.stm32cube.ide.mcu.externaltools.gnu-tools-for-stm32.13.3.rel1.win32_1.0.0.202411081344/tools/bin/../lib/gcc/arm-none-eabi/13.3.1/thumb/v6-m/nofp/crtbegin.o
 *(.init)
 .init          0x0800cee4        0x4 C:/ST/STM32CubeIDE_1.18.1/STM32CubeIDE/plugins/com.st.stm32cube.ide.mcu.externaltools.gnu-tools-for-stm32.13.3.rel1.win32_1.0.0.202411081344/tools/bin/../lib/gcc/arm-none-eabi/13.3.1/thumb/v6-m/nofp/crti.o
                0x0800cee4                _init
 .init          0x0800cee8        0x8 C:/ST/STM32CubeIDE_1.18.1/STM32CubeIDE/plugins/com.st.stm32cube.ide.mcu.externaltools.gnu-tools-for-stm32.13.3.rel1.win32_1.0.0.202411081344/tools/bin/../lib/gcc/arm-none-eabi/13.3.1/thumb/v6-m/nofp/crtn.o
 *(.fini)
 .fini          0x0800cef0        0x4 C:/ST/STM32CubeIDE_1.18.1/STM32CubeIDE/plugins/com.st.stm32cube.ide.mcu.externaltools.gnu-tools-for-stm32.13.3.rel1.win32_1.0.0.202411081344/tools/bin/../lib/gcc/arm-none-eabi/13.3.1/thumb/v6-m/nofp/crti.o
                0x0800cef0                _fini
 .fini          0x0800cef4        0x8 C:/ST/STM32CubeIDE_1.18.1/STM32CubeIDE/plugins/com.st.stm32cube.ide.mcu.externaltools.gnu-tools-for-stm32.13.3.rel1.win32_1.0.0.202411081344/tools/bin/../lib/gcc/arm-none-eabi/13.3.1/thumb/v6-m/nofp/crtn.o
                0x0800cefc                        . = ALIGN (0x4)
                0x0800cefc                        _etext = .

.vfp11_veneer   0x0800cefc        0x0
 .vfp11_veneer  0x0800cefc        0x0 linker stubs

.v4_bx          0x0800cefc        0x0
 .v4_bx         0x0800cefc        0x0 linker stubs

.iplt           0x0800cefc        0x0
 .iplt          0x0800cefc        0x0 C:/ST/STM32CubeIDE_1.18.1/STM32CubeIDE/plugins/com.st.stm32cube.ide.mcu.externaltools.gnu-tools-for-stm32.13.3.rel1.win32_1.0.0.202411081344/tools/bin/../lib/gcc/arm-none-eabi/13.3.1/thumb/v6-m/nofp/crtbegin.o

.rodata         0x0800cefc      0xa70
                0x0800cefc                        . = ALIGN (0x4)
 *(.rodata)
 *(.rodata*)
 .rodata.factory_preset_0
                0x0800cefc        0x5 ./Core/Src/CC_and_PC.o
                0x0800cefc                factory_preset_0
 *fill*         0x0800cf01        0x3 
 .rodata.factory_preset_1
                0x0800cf04        0x5 ./Core/Src/CC_and_PC.o
                0x0800cf04                factory_preset_1
 *fill*         0x0800cf09        0x3 
 .rodata.factory_preset_2
                0x0800cf0c        0x5 ./Core/Src/CC_and_PC.o
                0x0800cf0c                factory_preset_2
 *fill*         0x0800cf11        0x3 
 .rodata.factory_preset_3
                0x0800cf14        0x5 ./Core/Src/CC_and_PC.o
                0x0800cf14                factory_preset_3
 *fill*         0x0800cf19        0x3 
 .rodata.sine_wavetable
                0x0800cf1c      0x400 ./Core/Src/oscillator.o
                0x0800cf1c                sine_wavetable
 .rodata.tri_wavetable
                0x0800d31c      0x400 ./Core/Src/oscillator.o
                0x0800d31c                tri_wavetable
 .rodata.num_ADC_conversions
                0x0800d71c        0x1 ./Core/Src/oscillator.o
                0x0800d71c                num_ADC_conversions
 *fill*         0x0800d71d        0x3 
 .rodata.AHBPrescTable
                0x0800d720       0x40 ./Core/Src/system_stm32g0xx.o
                0x0800d720                AHBPrescTable
 .rodata.APBPrescTable
                0x0800d760       0x20 ./Core/Src/system_stm32g0xx.o
                0x0800d760                APBPrescTable
 .rodata.HAL_ADC_RegisterCallback
                0x0800d780       0x2c ./Drivers/STM32G0xx_HAL_Driver/Src/stm32g0xx_hal_adc.o
 .rodata.HAL_LPTIM_RegisterCallback
                0x0800d7ac       0x24 ./Drivers/STM32G0xx_HAL_Driver/Src/stm32g0xx_hal_lptim.o
 .rodata.HAL_TIM_OC_ConfigChannel
                0x0800d7d0       0x54 ./Drivers/STM32G0xx_HAL_Driver/Src/stm32g0xx_hal_tim.o
 .rodata.HAL_TIM_PWM_ConfigChannel
                0x0800d824       0x54 ./Drivers/STM32G0xx_HAL_Driver/Src/stm32g0xx_hal_tim.o
 .rodata.HAL_TIM_RegisterCallback
                0x0800d878       0xa8 ./Drivers/STM32G0xx_HAL_Driver/Src/stm32g0xx_hal_tim.o
 .rodata.UARTPrescTable
                0x0800d920       0x18 ./Drivers/STM32G0xx_HAL_Driver/Src/stm32g0xx_hal_uart.o
                0x0800d920                UARTPrescTable
 .rodata.HAL_UART_RegisterCallback
                0x0800d938       0x34 ./Drivers/STM32G0xx_HAL_Driver/Src/stm32g0xx_hal_uart.o
                0x0800d96c                        . = ALIGN (0x4)

.ARM.extab      0x0800d96c        0x0
                0x0800d96c                        . = ALIGN (0x4)
 *(.ARM.extab* .gnu.linkonce.armextab.*)
                0x0800d96c                        . = ALIGN (0x4)

.ARM            0x0800d96c        0x8
                0x0800d96c                        . = ALIGN (0x4)
                0x0800d96c                        __exidx_start = .
 *(.ARM.exidx*)
 .ARM.exidx     0x0800d96c        0x8 C:/ST/STM32CubeIDE_1.18.1/STM32CubeIDE/plugins/com.st.stm32cube.ide.mcu.externaltools.gnu-tools-for-stm32.13.3.rel1.win32_1.0.0.202411081344/tools/bin/../lib/gcc/arm-none-eabi/13.3.1/thumb/v6-m/nofp\libgcc.a(_udivmoddi4.o)
                0x0800d974                        __exidx_end = .
                0x0800d974                        . = ALIGN (0x4)

.preinit_array  0x0800d974        0x0
                0x0800d974                        . = ALIGN (0x4)
                0x0800d974                        PROVIDE (__preinit_array_start = .)
 *(.preinit_array*)
                0x0800d974                        PROVIDE (__preinit_array_end = .)
                0x0800d974                        . = ALIGN (0x4)

.init_array     0x0800d974        0x4
                0x0800d974                        . = ALIGN (0x4)
                0x0800d974                        PROVIDE (__init_array_start = .)
 *(SORT_BY_NAME(.init_array.*))
 *(.init_array*)
 .init_array    0x0800d974        0x4 C:/ST/STM32CubeIDE_1.18.1/STM32CubeIDE/plugins/com.st.stm32cube.ide.mcu.externaltools.gnu-tools-for-stm32.13.3.rel1.win32_1.0.0.202411081344/tools/bin/../lib/gcc/arm-none-eabi/13.3.1/thumb/v6-m/nofp/crtbegin.o
                0x0800d978                        PROVIDE (__init_array_end = .)
                0x0800d978                        . = ALIGN (0x4)

.fini_array     0x0800d978        0x4
                0x0800d978                        . = ALIGN (0x4)
                [!provide]                        PROVIDE (__fini_array_start = .)
 *(SORT_BY_NAME(.fini_array.*))
 *(.fini_array*)
 .fini_array    0x0800d978        0x4 C:/ST/STM32CubeIDE_1.18.1/STM32CubeIDE/plugins/com.st.stm32cube.ide.mcu.externaltools.gnu-tools-for-stm32.13.3.rel1.win32_1.0.0.202411081344/tools/bin/../lib/gcc/arm-none-eabi/13.3.1/thumb/v6-m/nofp/crtbegin.o
                [!provide]                        PROVIDE (__fini_array_end = .)
                0x0800d97c                        . = ALIGN (0x4)
                0x0800d97c                        _sidata = LOADADDR (.data)

.rel.dyn        0x0800d97c        0x0
 .rel.iplt      0x0800d97c        0x0 C:/ST/STM32CubeIDE_1.18.1/STM32CubeIDE/plugins/com.st.stm32cube.ide.mcu.externaltools.gnu-tools-for-stm32.13.3.rel1.win32_1.0.0.202411081344/tools/bin/../lib/gcc/arm-none-eabi/13.3.1/thumb/v6-m/nofp/crtbegin.o

.data           0x20000000      0x44c load address 0x0800d97c
                0x20000000                        . = ALIGN (0x4)
                0x20000000                        _sdata = .
 *(.data)
 *(.data*)
 .data.user_preset_0
                0x20000000        0x5 ./Core/Src/CC_and_PC.o
                0x20000000                user_preset_0
 *fill*         0x20000005        0x3 
 .data.user_preset_1
                0x20000008        0x5 ./Core/Src/CC_and_PC.o
                0x20000008                user_preset_1
 *fill*         0x2000000d        0x3 
 .data.user_preset_2
                0x20000010        0x5 ./Core/Src/CC_and_PC.o
                0x20000010                user_preset_2
 *fill*         0x20000015        0x3 
 .data.user_preset_3
                0x20000018        0x5 ./Core/Src/CC_and_PC.o
                0x20000018                user_preset_3
 .data.tap_tempo_switch_state_counter.1
                0x2000001d        0x1 ./Core/Src/checking_functions.o
 *fill*         0x2000001e        0x2 
 .data.delay_line
                0x20000020      0x406 ./Core/Src/oscillator.o
                0x20000020                delay_line
 *fill*         0x20000426        0x2 
 .data.speed_fsm
                0x20000428        0x2 ./Core/Src/state_machine.o
                0x20000428                speed_fsm
 *fill*         0x2000042a        0x2 
 .data.depth_fsm
                0x2000042c        0x2 ./Core/Src/state_machine.o
                0x2000042c                depth_fsm
 *fill*         0x2000042e        0x2 
 .data.waveshape_fsm
                0x20000430        0x2 ./Core/Src/state_machine.o
                0x20000430                waveshape_fsm
 *fill*         0x20000432        0x2 
 .data.symmetry_fsm
                0x20000434        0x2 ./Core/Src/state_machine.o
                0x20000434                symmetry_fsm
 *fill*         0x20000436        0x2 
 .data.phase_fsm
                0x20000438        0x2 ./Core/Src/state_machine.o
                0x20000438                phase_fsm
 *fill*         0x2000043a        0x2 
 .data.IP_CAP_fsm
                0x2000043c        0x2 ./Core/Src/state_machine.o
                0x2000043c                IP_CAP_fsm
 *fill*         0x2000043e        0x2 
 .data.SystemCoreClock
                0x20000440        0x4 ./Core/Src/system_stm32g0xx.o
                0x20000440                SystemCoreClock
 .data.uwTickPrio
                0x20000444        0x4 ./Drivers/STM32G0xx_HAL_Driver/Src/stm32g0xx_hal.o
                0x20000444                uwTickPrio
 .data.uwTickFreq
                0x20000448        0x1 ./Drivers/STM32G0xx_HAL_Driver/Src/stm32g0xx_hal.o
                0x20000448                uwTickFreq
 *(.RamFunc)
 *(.RamFunc*)
                0x2000044c                        . = ALIGN (0x4)
 *fill*         0x20000449        0x3 
                0x2000044c                        _edata = .

.igot.plt       0x2000044c        0x0 load address 0x0800ddc8
 .igot.plt      0x2000044c        0x0 C:/ST/STM32CubeIDE_1.18.1/STM32CubeIDE/plugins/com.st.stm32cube.ide.mcu.externaltools.gnu-tools-for-stm32.13.3.rel1.win32_1.0.0.202411081344/tools/bin/../lib/gcc/arm-none-eabi/13.3.1/thumb/v6-m/nofp/crtbegin.o
                0x2000044c                        . = ALIGN (0x4)

.bss            0x2000044c      0x888 load address 0x0800ddc8
                0x2000044c                        _sbss = .
                0x2000044c                        __bss_start__ = _sbss
 *(.bss)
 .bss           0x2000044c       0x1c C:/ST/STM32CubeIDE_1.18.1/STM32CubeIDE/plugins/com.st.stm32cube.ide.mcu.externaltools.gnu-tools-for-stm32.13.3.rel1.win32_1.0.0.202411081344/tools/bin/../lib/gcc/arm-none-eabi/13.3.1/thumb/v6-m/nofp/crtbegin.o
 *(.bss*)
 .bss.factory_presets_array
                0x20000468       0x10 ./Core/Src/CC_and_PC.o
                0x20000468                factory_presets_array
 .bss.user_presets_array
                0x20000478       0x10 ./Core/Src/CC_and_PC.o
                0x20000478                user_presets_array
 .bss.presets_converted_array
                0x20000488       0x28 ./Core/Src/CC_and_PC.o
                0x20000488                presets_converted_array
 .bss.preset_selected
                0x200004b0        0x1 ./Core/Src/CC_and_PC.o
                0x200004b0                preset_selected
 *fill*         0x200004b1        0x3 
 .bss.user_presets_used_array
                0x200004b4        0x4 ./Core/Src/CC_and_PC.o
                0x200004b4                user_presets_used_array
 .bss.CC_array  0x200004b8        0x5 ./Core/Src/CC_and_PC.o
                0x200004b8                CC_array
 .bss.MIDI_basic_channel
                0x200004bd        0x1 ./Core/Src/MIDI.o
                0x200004bd                MIDI_basic_channel
 .bss.active_status_byte
                0x200004be        0x1 ./Core/Src/MIDI.o
                0x200004be                active_status_byte
 .bss.running_status_byte
                0x200004bf        0x1 ./Core/Src/MIDI.o
                0x200004bf                running_status_byte
 .bss.MIDI_data
                0x200004c0        0xa ./Core/Src/MIDI.o
                0x200004c0                MIDI_data
 *fill*         0x200004ca        0x2 
 .bss.rx_buffer
                0x200004cc        0x1 ./Core/Src/UART.o
                0x200004cc                rx_buffer
 .bss.waveshape_pot_adc_measurement_num
                0x200004cd        0x1 ./Core/Src/checking_functions.o
                0x200004cd                waveshape_pot_adc_measurement_num
 .bss.speed_pot_adc_measurement_num
                0x200004ce        0x1 ./Core/Src/checking_functions.o
                0x200004ce                speed_pot_adc_measurement_num
 .bss.depth_pot_adc_measurement_num
                0x200004cf        0x1 ./Core/Src/checking_functions.o
                0x200004cf                depth_pot_adc_measurement_num
 .bss.symmetry_pot_adc_measurement_num
                0x200004d0        0x1 ./Core/Src/checking_functions.o
                0x200004d0                symmetry_pot_adc_measurement_num
 .bss.phase_pot_adc_measurement_num
                0x200004d1        0x1 ./Core/Src/checking_functions.o
                0x200004d1                phase_pot_adc_measurement_num
 .bss.pots_counter
                0x200004d2        0x1 ./Core/Src/checking_functions.o
                0x200004d2                pots_counter
 *fill*         0x200004d3        0x1 
 .bss.first_waveshape_measurement.11
                0x200004d4        0x2 ./Core/Src/checking_functions.o
 .bss.second_waveshape_measurement.10
                0x200004d6        0x2 ./Core/Src/checking_functions.o
 .bss.first_speed_measurement.9
                0x200004d8        0x2 ./Core/Src/checking_functions.o
 .bss.second_speed_measurement.8
                0x200004da        0x2 ./Core/Src/checking_functions.o
 .bss.first_depth_measurement.7
                0x200004dc        0x2 ./Core/Src/checking_functions.o
 .bss.second_depth_measurement.6
                0x200004de        0x2 ./Core/Src/checking_functions.o
 .bss.first_symmetry_measurement.5
                0x200004e0        0x2 ./Core/Src/checking_functions.o
 .bss.second_symmetry_measurement.4
                0x200004e2        0x2 ./Core/Src/checking_functions.o
 .bss.first_phase_measurement.3
                0x200004e4        0x2 ./Core/Src/checking_functions.o
 .bss.second_phase_measurement.2
                0x200004e6        0x2 ./Core/Src/checking_functions.o
 .bss.extend_rising_edge.0
                0x200004e8        0x1 ./Core/Src/checking_functions.o
 *fill*         0x200004e9        0x3 
 .bss.hadc1     0x200004ec       0x88 ./Core/Src/config.o
                0x200004ec                hadc1
 .bss.hdma_adc1
                0x20000574       0x5c ./Core/Src/config.o
                0x20000574                hdma_adc1
 .bss.htim14    0x200005d0       0xbc ./Core/Src/config.o
                0x200005d0                htim14
 .bss.htim17    0x2000068c       0xbc ./Core/Src/config.o
                0x2000068c                htim17
 .bss.htim16    0x20000748       0xbc ./Core/Src/config.o
                0x20000748                htim16
 .bss.htim2     0x20000804       0xbc ./Core/Src/config.o
                0x20000804                htim2
 .bss.htim3     0x200008c0       0xbc ./Core/Src/config.o
                0x200008c0                htim3
 .bss.htim1     0x2000097c       0xbc ./Core/Src/config.o
                0x2000097c                htim1
 .bss.huart2    0x20000a38       0xcc ./Core/Src/config.o
                0x20000a38                huart2
 .bss.hdma_usart2_rx
                0x20000b04       0x5c ./Core/Src/config.o
                0x20000b04                hdma_usart2_rx
 .bss.hdma_usart2_tx
                0x20000b60       0x5c ./Core/Src/config.o
                0x20000b60                hdma_usart2_tx
 .bss.hlptim1   0x20000bbc       0x5c ./Core/Src/config.o
                0x20000bbc                hlptim1
 .bss.tap_tempo_switch_states.0
                0x20000c18        0x2 ./Core/Src/custom_callbacks.o
 *fill*         0x20000c1a        0x2 
 .bss.TIM2_ch1_input_capture_value
                0x20000c1c        0x4 ./Core/Src/input_capture.o
                0x20000c1c                TIM2_ch1_input_capture_value
 .bss.interrupt_period
                0x20000c20        0x2 ./Core/Src/input_capture.o
                0x20000c20                interrupt_period
 .bss.MIDI_CLK_tag
                0x20000c22        0x1 ./Core/Src/input_capture.o
                0x20000c22                MIDI_CLK_tag
 *fill*         0x20000c23        0x1 
 .bss.statuses  0x20000c24        0x4 ./Core/Src/main.o
                0x20000c24                statuses
 .bss.idle_counter
                0x20000c28        0x4 ./Core/Src/main.o
                0x20000c28                idle_counter
 .bss.midi_counter
                0x20000c2c        0x4 ./Core/Src/main.o
                0x20000c2c                midi_counter
 .bss.ADCResultsDMA
                0x20000c30        0xa ./Core/Src/oscillator.o
                0x20000c30                ADCResultsDMA
 *fill*         0x20000c3a        0x2 
 .bss.params    0x20000c3c       0x24 ./Core/Src/oscillator.o
                0x20000c3c                params
 .bss.params_manual
                0x20000c60       0x24 ./Core/Src/oscillator.o
                0x20000c60                params_manual
 .bss.params_to_be_loaded
                0x20000c84       0x24 ./Core/Src/oscillator.o
                0x20000c84                params_to_be_loaded
 .bss.params_working
                0x20000ca8       0x24 ./Core/Src/oscillator.o
                0x20000ca8                params_working
 .bss.MIDI_CLK_fsm
                0x20000ccc        0x1 ./Core/Src/state_machine.o
                0x20000ccc                MIDI_CLK_fsm
 *fill*         0x20000ccd        0x3 
 .bss.uwTick    0x20000cd0        0x4 ./Drivers/STM32G0xx_HAL_Driver/Src/stm32g0xx_hal.o
                0x20000cd0                uwTick
 *(COMMON)
                0x20000cd4                        . = ALIGN (0x4)
                0x20000cd4                        _ebss = .
                0x20000cd4                        __bss_end__ = _ebss

._user_heap_stack
                0x20000cd4      0x604 load address 0x0800ddc8
                0x20000cd8                        . = ALIGN (0x8)
 *fill*         0x20000cd4        0x4 
                [!provide]                        PROVIDE (end = .)
                0x20000cd8                        PROVIDE (_end = .)
                0x20000ed8                        . = (. + _Min_Heap_Size)
 *fill*         0x20000cd8      0x200 
                0x200012d8                        . = (. + _Min_Stack_Size)
 *fill*         0x20000ed8      0x400 
                0x200012d8                        . = ALIGN (0x8)

/DISCARD/
 libc.a(*)
 libm.a(*)
 libgcc.a(*)

.ARM.attributes
                0x00000000       0x28
 *(.ARM.attributes)
 .ARM.attributes
                0x00000000       0x1e C:/ST/STM32CubeIDE_1.18.1/STM32CubeIDE/plugins/com.st.stm32cube.ide.mcu.externaltools.gnu-tools-for-stm32.13.3.rel1.win32_1.0.0.202411081344/tools/bin/../lib/gcc/arm-none-eabi/13.3.1/thumb/v6-m/nofp/crti.o
 .ARM.attributes
                0x0000001e       0x2c C:/ST/STM32CubeIDE_1.18.1/STM32CubeIDE/plugins/com.st.stm32cube.ide.mcu.externaltools.gnu-tools-for-stm32.13.3.rel1.win32_1.0.0.202411081344/tools/bin/../lib/gcc/arm-none-eabi/13.3.1/thumb/v6-m/nofp/crtbegin.o
 .ARM.attributes
                0x0000004a       0x2c ./Core/Src/CC_and_PC.o
 .ARM.attributes
                0x00000076       0x2c ./Core/Src/MIDI.o
 .ARM.attributes
                0x000000a2       0x2c ./Core/Src/UART.o
 .ARM.attributes
                0x000000ce       0x2c ./Core/Src/checking_functions.o
 .ARM.attributes
                0x000000fa       0x2c ./Core/Src/config.o
 .ARM.attributes
                0x00000126       0x2c ./Core/Src/custom_callbacks.o
 .ARM.attributes
                0x00000152       0x2c ./Core/Src/input_capture.o
 .ARM.attributes
                0x0000017e       0x2c ./Core/Src/main.o
 .ARM.attributes
                0x000001aa       0x2c ./Core/Src/oscillator.o
 .ARM.attributes
                0x000001d6       0x2c ./Core/Src/startup.o
 .ARM.attributes
                0x00000202       0x2c ./Core/Src/state_machine.o
 .ARM.attributes
                0x0000022e       0x2c ./Core/Src/stm32g0xx_hal_msp.o
 .ARM.attributes
                0x0000025a       0x2c ./Core/Src/stm32g0xx_it.o
 .ARM.attributes
                0x00000286       0x2c ./Core/Src/symmetry_adjustment.o
 .ARM.attributes
                0x000002b2       0x2c ./Core/Src/system_stm32g0xx.o
 .ARM.attributes
                0x000002de       0x2c ./Core/Src/timers.o
 .ARM.attributes
                0x0000030a       0x2c ./Core/Src/utility.o
 .ARM.attributes
                0x00000336       0x22 ./Core/Startup/startup_stm32g031k8tx.o
 .ARM.attributes
                0x00000358       0x2c ./Drivers/STM32G0xx_HAL_Driver/Src/stm32g0xx_hal.o
 .ARM.attributes
                0x00000384       0x2c ./Drivers/STM32G0xx_HAL_Driver/Src/stm32g0xx_hal_adc.o
 .ARM.attributes
                0x000003b0       0x2c ./Drivers/STM32G0xx_HAL_Driver/Src/stm32g0xx_hal_adc_ex.o
 .ARM.attributes
                0x000003dc       0x2c ./Drivers/STM32G0xx_HAL_Driver/Src/stm32g0xx_hal_cortex.o
 .ARM.attributes
                0x00000408       0x2c ./Drivers/STM32G0xx_HAL_Driver/Src/stm32g0xx_hal_dma.o
 .ARM.attributes
                0x00000434       0x2c ./Drivers/STM32G0xx_HAL_Driver/Src/stm32g0xx_hal_gpio.o
 .ARM.attributes
                0x00000460       0x2c ./Drivers/STM32G0xx_HAL_Driver/Src/stm32g0xx_hal_lptim.o
 .ARM.attributes
                0x0000048c       0x2c ./Drivers/STM32G0xx_HAL_Driver/Src/stm32g0xx_hal_pwr_ex.o
 .ARM.attributes
                0x000004b8       0x2c ./Drivers/STM32G0xx_HAL_Driver/Src/stm32g0xx_hal_rcc.o
 .ARM.attributes
                0x000004e4       0x2c ./Drivers/STM32G0xx_HAL_Driver/Src/stm32g0xx_hal_rcc_ex.o
 .ARM.attributes
                0x00000510       0x2c ./Drivers/STM32G0xx_HAL_Driver/Src/stm32g0xx_hal_tim.o
 .ARM.attributes
                0x0000053c       0x2c ./Drivers/STM32G0xx_HAL_Driver/Src/stm32g0xx_hal_tim_ex.o
 .ARM.attributes
                0x00000568       0x2c ./Drivers/STM32G0xx_HAL_Driver/Src/stm32g0xx_hal_uart.o
 .ARM.attributes
                0x00000594       0x2c ./Drivers/STM32G0xx_HAL_Driver/Src/stm32g0xx_hal_uart_ex.o
 .ARM.attributes
                0x000005c0       0x2c C:/ST/STM32CubeIDE_1.18.1/STM32CubeIDE/plugins/com.st.stm32cube.ide.mcu.externaltools.gnu-tools-for-stm32.13.3.rel1.win32_1.0.0.202411081344/tools/bin/../lib/gcc/arm-none-eabi/13.3.1/../../../../arm-none-eabi/lib/thumb/v6-m/nofp\libc_nano.a(libc_a-memset.o)
 .ARM.attributes
                0x000005ec       0x2c C:/ST/STM32CubeIDE_1.18.1/STM32CubeIDE/plugins/com.st.stm32cube.ide.mcu.externaltools.gnu-tools-for-stm32.13.3.rel1.win32_1.0.0.202411081344/tools/bin/../lib/gcc/arm-none-eabi/13.3.1/../../../../arm-none-eabi/lib/thumb/v6-m/nofp\libc_nano.a(libc_a-init.o)
 .ARM.attributes
                0x00000618       0x2c C:/ST/STM32CubeIDE_1.18.1/STM32CubeIDE/plugins/com.st.stm32cube.ide.mcu.externaltools.gnu-tools-for-stm32.13.3.rel1.win32_1.0.0.202411081344/tools/bin/../lib/gcc/arm-none-eabi/13.3.1/../../../../arm-none-eabi/lib/thumb/v6-m/nofp\libc_nano.a(libc_a-memcpy-stub.o)
 .ARM.attributes
                0x00000644       0x1e C:/ST/STM32CubeIDE_1.18.1/STM32CubeIDE/plugins/com.st.stm32cube.ide.mcu.externaltools.gnu-tools-for-stm32.13.3.rel1.win32_1.0.0.202411081344/tools/bin/../lib/gcc/arm-none-eabi/13.3.1/thumb/v6-m/nofp\libgcc.a(_udivsi3.o)
 .ARM.attributes
                0x00000662       0x1e C:/ST/STM32CubeIDE_1.18.1/STM32CubeIDE/plugins/com.st.stm32cube.ide.mcu.externaltools.gnu-tools-for-stm32.13.3.rel1.win32_1.0.0.202411081344/tools/bin/../lib/gcc/arm-none-eabi/13.3.1/thumb/v6-m/nofp\libgcc.a(_dvmd_tls.o)
 .ARM.attributes
                0x00000680       0x1e C:/ST/STM32CubeIDE_1.18.1/STM32CubeIDE/plugins/com.st.stm32cube.ide.mcu.externaltools.gnu-tools-for-stm32.13.3.rel1.win32_1.0.0.202411081344/tools/bin/../lib/gcc/arm-none-eabi/13.3.1/thumb/v6-m/nofp\libgcc.a(_aeabi_uldivmod.o)
 .ARM.attributes
                0x0000069e       0x2c C:/ST/STM32CubeIDE_1.18.1/STM32CubeIDE/plugins/com.st.stm32cube.ide.mcu.externaltools.gnu-tools-for-stm32.13.3.rel1.win32_1.0.0.202411081344/tools/bin/../lib/gcc/arm-none-eabi/13.3.1/thumb/v6-m/nofp\libgcc.a(_udivmoddi4.o)
 .ARM.attributes
                0x000006ca       0x1e C:/ST/STM32CubeIDE_1.18.1/STM32CubeIDE/plugins/com.st.stm32cube.ide.mcu.externaltools.gnu-tools-for-stm32.13.3.rel1.win32_1.0.0.202411081344/tools/bin/../lib/gcc/arm-none-eabi/13.3.1/thumb/v6-m/nofp\libgcc.a(_clzdi2.o)
 .ARM.attributes
                0x000006e8       0x1e C:/ST/STM32CubeIDE_1.18.1/STM32CubeIDE/plugins/com.st.stm32cube.ide.mcu.externaltools.gnu-tools-for-stm32.13.3.rel1.win32_1.0.0.202411081344/tools/bin/../lib/gcc/arm-none-eabi/13.3.1/thumb/v6-m/nofp\libgcc.a(_clzsi2.o)
 .ARM.attributes
                0x00000706       0x1e C:/ST/STM32CubeIDE_1.18.1/STM32CubeIDE/plugins/com.st.stm32cube.ide.mcu.externaltools.gnu-tools-for-stm32.13.3.rel1.win32_1.0.0.202411081344/tools/bin/../lib/gcc/arm-none-eabi/13.3.1/thumb/v6-m/nofp/crtn.o
OUTPUT(g031k8.elf elf32-littlearm)
LOAD linker stubs
LOAD C:/ST/STM32CubeIDE_1.18.1/STM32CubeIDE/plugins/com.st.stm32cube.ide.mcu.externaltools.gnu-tools-for-stm32.13.3.rel1.win32_1.0.0.202411081344/tools/bin/../lib/gcc/arm-none-eabi/13.3.1/../../../../arm-none-eabi/lib/thumb/v6-m/nofp\libc.a
LOAD C:/ST/STM32CubeIDE_1.18.1/STM32CubeIDE/plugins/com.st.stm32cube.ide.mcu.externaltools.gnu-tools-for-stm32.13.3.rel1.win32_1.0.0.202411081344/tools/bin/../lib/gcc/arm-none-eabi/13.3.1/../../../../arm-none-eabi/lib/thumb/v6-m/nofp\libm.a
LOAD C:/ST/STM32CubeIDE_1.18.1/STM32CubeIDE/plugins/com.st.stm32cube.ide.mcu.externaltools.gnu-tools-for-stm32.13.3.rel1.win32_1.0.0.202411081344/tools/bin/../lib/gcc/arm-none-eabi/13.3.1/thumb/v6-m/nofp\libgcc.a

.debug_info     0x00000000    0x20283
 .debug_info    0x00000000      0xf7d ./Core/Src/CC_and_PC.o
 .debug_info    0x00000f7d      0xaa5 ./Core/Src/MIDI.o
 .debug_info    0x00001a22      0x908 ./Core/Src/UART.o
 .debug_info    0x0000232a      0x693 ./Core/Src/checking_functions.o
 .debug_info    0x000029bd     0x26a8 ./Core/Src/config.o
 .debug_info    0x00005065     0x223c ./Core/Src/custom_callbacks.o
 .debug_info    0x000072a1      0xd75 ./Core/Src/input_capture.o
 .debug_info    0x00008016      0x448 ./Core/Src/main.o
 .debug_info    0x0000845e      0xe73 ./Core/Src/oscillator.o
 .debug_info    0x000092d1     0x17c7 ./Core/Src/startup.o
 .debug_info    0x0000aa98      0x2c6 ./Core/Src/state_machine.o
 .debug_info    0x0000ad5e     0x1cc4 ./Core/Src/stm32g0xx_hal_msp.o
 .debug_info    0x0000ca22     0x121c ./Core/Src/stm32g0xx_it.o
 .debug_info    0x0000dc3e      0x350 ./Core/Src/symmetry_adjustment.o
 .debug_info    0x0000df8e      0x312 ./Core/Src/system_stm32g0xx.o
 .debug_info    0x0000e2a0      0x9dc ./Core/Src/timers.o
 .debug_info    0x0000ec7c      0x2c6 ./Core/Src/utility.o
 .debug_info    0x0000ef42       0x30 ./Core/Startup/startup_stm32g031k8tx.o
 .debug_info    0x0000ef72      0xa2b ./Drivers/STM32G0xx_HAL_Driver/Src/stm32g0xx_hal.o
 .debug_info    0x0000f99d     0x1705 ./Drivers/STM32G0xx_HAL_Driver/Src/stm32g0xx_hal_adc.o
 .debug_info    0x000110a2      0xbb8 ./Drivers/STM32G0xx_HAL_Driver/Src/stm32g0xx_hal_adc_ex.o
 .debug_info    0x00011c5a      0x8c3 ./Drivers/STM32G0xx_HAL_Driver/Src/stm32g0xx_hal_cortex.o
 .debug_info    0x0001251d      0x867 ./Drivers/STM32G0xx_HAL_Driver/Src/stm32g0xx_hal_dma.o
 .debug_info    0x00012d84      0x599 ./Drivers/STM32G0xx_HAL_Driver/Src/stm32g0xx_hal_gpio.o
 .debug_info    0x0001331d     0x10a8 ./Drivers/STM32G0xx_HAL_Driver/Src/stm32g0xx_hal_lptim.o
 .debug_info    0x000143c5      0x779 ./Drivers/STM32G0xx_HAL_Driver/Src/stm32g0xx_hal_pwr_ex.o
 .debug_info    0x00014b3e      0xb17 ./Drivers/STM32G0xx_HAL_Driver/Src/stm32g0xx_hal_rcc.o
 .debug_info    0x00015655      0x757 ./Drivers/STM32G0xx_HAL_Driver/Src/stm32g0xx_hal_rcc_ex.o
 .debug_info    0x00015dac     0x2f23 ./Drivers/STM32G0xx_HAL_Driver/Src/stm32g0xx_hal_tim.o
 .debug_info    0x00018ccf     0x1a45 ./Drivers/STM32G0xx_HAL_Driver/Src/stm32g0xx_hal_tim_ex.o
 .debug_info    0x0001a714     0x4af3 ./Drivers/STM32G0xx_HAL_Driver/Src/stm32g0xx_hal_uart.o
 .debug_info    0x0001f207     0x107c ./Drivers/STM32G0xx_HAL_Driver/Src/stm32g0xx_hal_uart_ex.o

.debug_abbrev   0x00000000     0x4586
 .debug_abbrev  0x00000000      0x298 ./Core/Src/CC_and_PC.o
 .debug_abbrev  0x00000298      0x27f ./Core/Src/MIDI.o
 .debug_abbrev  0x00000517      0x1a5 ./Core/Src/UART.o
 .debug_abbrev  0x000006bc      0x1d1 ./Core/Src/checking_functions.o
 .debug_abbrev  0x0000088d      0x2ab ./Core/Src/config.o
 .debug_abbrev  0x00000b38      0x332 ./Core/Src/custom_callbacks.o
 .debug_abbrev  0x00000e6a      0x2ab ./Core/Src/input_capture.o
 .debug_abbrev  0x00001115      0x177 ./Core/Src/main.o
 .debug_abbrev  0x0000128c      0x298 ./Core/Src/oscillator.o
 .debug_abbrev  0x00001524      0x272 ./Core/Src/startup.o
 .debug_abbrev  0x00001796       0xfa ./Core/Src/state_machine.o
 .debug_abbrev  0x00001890      0x26f ./Core/Src/stm32g0xx_hal_msp.o
 .debug_abbrev  0x00001aff      0x1e9 ./Core/Src/stm32g0xx_it.o
 .debug_abbrev  0x00001ce8      0x129 ./Core/Src/symmetry_adjustment.o
 .debug_abbrev  0x00001e11      0x117 ./Core/Src/system_stm32g0xx.o
 .debug_abbrev  0x00001f28      0x1f4 ./Core/Src/timers.o
 .debug_abbrev  0x0000211c      0x163 ./Core/Src/utility.o
 .debug_abbrev  0x0000227f       0x24 ./Core/Startup/startup_stm32g031k8tx.o
 .debug_abbrev  0x000022a3      0x2b4 ./Drivers/STM32G0xx_HAL_Driver/Src/stm32g0xx_hal.o
 .debug_abbrev  0x00002557      0x287 ./Drivers/STM32G0xx_HAL_Driver/Src/stm32g0xx_hal_adc.o
 .debug_abbrev  0x000027de      0x231 ./Drivers/STM32G0xx_HAL_Driver/Src/stm32g0xx_hal_adc_ex.o
 .debug_abbrev  0x00002a0f      0x2a9 ./Drivers/STM32G0xx_HAL_Driver/Src/stm32g0xx_hal_cortex.o
 .debug_abbrev  0x00002cb8      0x1df ./Drivers/STM32G0xx_HAL_Driver/Src/stm32g0xx_hal_dma.o
 .debug_abbrev  0x00002e97      0x1c1 ./Drivers/STM32G0xx_HAL_Driver/Src/stm32g0xx_hal_gpio.o
 .debug_abbrev  0x00003058      0x2b1 ./Drivers/STM32G0xx_HAL_Driver/Src/stm32g0xx_hal_lptim.o
 .debug_abbrev  0x00003309      0x235 ./Drivers/STM32G0xx_HAL_Driver/Src/stm32g0xx_hal_pwr_ex.o
 .debug_abbrev  0x0000353e      0x2a7 ./Drivers/STM32G0xx_HAL_Driver/Src/stm32g0xx_hal_rcc.o
 .debug_abbrev  0x000037e5      0x227 ./Drivers/STM32G0xx_HAL_Driver/Src/stm32g0xx_hal_rcc_ex.o
 .debug_abbrev  0x00003a0c      0x2a8 ./Drivers/STM32G0xx_HAL_Driver/Src/stm32g0xx_hal_tim.o
 .debug_abbrev  0x00003cb4      0x2ba ./Drivers/STM32G0xx_HAL_Driver/Src/stm32g0xx_hal_tim_ex.o
 .debug_abbrev  0x00003f6e      0x335 ./Drivers/STM32G0xx_HAL_Driver/Src/stm32g0xx_hal_uart.o
 .debug_abbrev  0x000042a3      0x2e3 ./Drivers/STM32G0xx_HAL_Driver/Src/stm32g0xx_hal_uart_ex.o

.debug_aranges  0x00000000     0x17b0
 .debug_aranges
                0x00000000      0x110 ./Core/Src/CC_and_PC.o
 .debug_aranges
                0x00000110       0xc8 ./Core/Src/MIDI.o
 .debug_aranges
                0x000001d8       0x20 ./Core/Src/UART.o
 .debug_aranges
                0x000001f8       0x28 ./Core/Src/checking_functions.o
 .debug_aranges
                0x00000220       0x90 ./Core/Src/config.o
 .debug_aranges
                0x000002b0       0x78 ./Core/Src/custom_callbacks.o
 .debug_aranges
                0x00000328       0x48 ./Core/Src/input_capture.o
 .debug_aranges
                0x00000370       0x20 ./Core/Src/main.o
 .debug_aranges
                0x00000390       0x50 ./Core/Src/oscillator.o
 .debug_aranges
                0x000003e0       0x20 ./Core/Src/startup.o
 .debug_aranges
                0x00000400       0x20 ./Core/Src/state_machine.o
 .debug_aranges
                0x00000420       0x68 ./Core/Src/stm32g0xx_hal_msp.o
 .debug_aranges
                0x00000488       0x90 ./Core/Src/stm32g0xx_it.o
 .debug_aranges
                0x00000518       0x28 ./Core/Src/symmetry_adjustment.o
 .debug_aranges
                0x00000540       0x28 ./Core/Src/system_stm32g0xx.o
 .debug_aranges
                0x00000568       0x28 ./Core/Src/timers.o
 .debug_aranges
                0x00000590       0x50 ./Core/Src/utility.o
 .debug_aranges
                0x000005e0       0x28 ./Core/Startup/startup_stm32g031k8tx.o
 .debug_aranges
                0x00000608      0x128 ./Drivers/STM32G0xx_HAL_Driver/Src/stm32g0xx_hal.o
 .debug_aranges
                0x00000730      0x200 ./Drivers/STM32G0xx_HAL_Driver/Src/stm32g0xx_hal_adc.o
 .debug_aranges
                0x00000930       0xb0 ./Drivers/STM32G0xx_HAL_Driver/Src/stm32g0xx_hal_adc_ex.o
 .debug_aranges
                0x000009e0       0xe8 ./Drivers/STM32G0xx_HAL_Driver/Src/stm32g0xx_hal_cortex.o
 .debug_aranges
                0x00000ac8       0x90 ./Drivers/STM32G0xx_HAL_Driver/Src/stm32g0xx_hal_dma.o
 .debug_aranges
                0x00000b58       0x60 ./Drivers/STM32G0xx_HAL_Driver/Src/stm32g0xx_hal_gpio.o
 .debug_aranges
                0x00000bb8      0x180 ./Drivers/STM32G0xx_HAL_Driver/Src/stm32g0xx_hal_lptim.o
 .debug_aranges
                0x00000d38       0xf0 ./Drivers/STM32G0xx_HAL_Driver/Src/stm32g0xx_hal_pwr_ex.o
 .debug_aranges
                0x00000e28       0xa0 ./Drivers/STM32G0xx_HAL_Driver/Src/stm32g0xx_hal_rcc.o
 .debug_aranges
                0x00000ec8       0x40 ./Drivers/STM32G0xx_HAL_Driver/Src/stm32g0xx_hal_rcc_ex.o
 .debug_aranges
                0x00000f08      0x3f8 ./Drivers/STM32G0xx_HAL_Driver/Src/stm32g0xx_hal_tim.o
 .debug_aranges
                0x00001300      0x198 ./Drivers/STM32G0xx_HAL_Driver/Src/stm32g0xx_hal_tim_ex.o
 .debug_aranges
                0x00001498      0x270 ./Drivers/STM32G0xx_HAL_Driver/Src/stm32g0xx_hal_uart.o
 .debug_aranges
                0x00001708       0xa8 ./Drivers/STM32G0xx_HAL_Driver/Src/stm32g0xx_hal_uart_ex.o

.debug_rnglists
                0x00000000     0x1257
 .debug_rnglists
                0x00000000       0xcd ./Core/Src/CC_and_PC.o
 .debug_rnglists
                0x000000cd       0x94 ./Core/Src/MIDI.o
 .debug_rnglists