Archive member included to satisfy reference by file (symbol)

/Applications/STM32CubeIDE.app/Contents/Eclipse/plugins/com.st.stm32cube.ide.mcu.externaltools.gnu-tools-for-stm32.13.3.rel1.macos64_1.0.0.202411102158/tools/bin/../lib/gcc/arm-none-eabi/13.3.1/../../../../arm-none-eabi/lib/thumb/v6-m/nofp/libc_nano.a(libc_a-exit.o)
                              /Applications/STM32CubeIDE.app/Contents/Eclipse/plugins/com.st.stm32cube.ide.mcu.externaltools.gnu-tools-for-stm32.13.3.rel1.macos64_1.0.0.202411102158/tools/bin/../lib/gcc/arm-none-eabi/13.3.1/../../../../arm-none-eabi/lib/thumb/v6-m/nofp/crt0.o (exit)
/Applications/STM32CubeIDE.app/Contents/Eclipse/plugins/com.st.stm32cube.ide.mcu.externaltools.gnu-tools-for-stm32.13.3.rel1.macos64_1.0.0.202411102158/tools/bin/../lib/gcc/arm-none-eabi/13.3.1/../../../../arm-none-eabi/lib/thumb/v6-m/nofp/libc_nano.a(libc_a-findfp.o)
                              /Applications/STM32CubeIDE.app/Contents/Eclipse/plugins/com.st.stm32cube.ide.mcu.externaltools.gnu-tools-for-stm32.13.3.rel1.macos64_1.0.0.202411102158/tools/bin/../lib/gcc/arm-none-eabi/13.3.1/../../../../arm-none-eabi/lib/thumb/v6-m/nofp/libc_nano.a(libc_a-exit.o) (__stdio_exit_handler)
/Applications/STM32CubeIDE.app/Contents/Eclipse/plugins/com.st.stm32cube.ide.mcu.externaltools.gnu-tools-for-stm32.13.3.rel1.macos64_1.0.0.202411102158/tools/bin/../lib/gcc/arm-none-eabi/13.3.1/../../../../arm-none-eabi/lib/thumb/v6-m/nofp/libc_nano.a(libc_a-fwalk.o)
                              /Applications/STM32CubeIDE.app/Contents/Eclipse/plugins/com.st.stm32cube.ide.mcu.externaltools.gnu-tools-for-stm32.13.3.rel1.macos64_1.0.0.202411102158/tools/bin/../lib/gcc/arm-none-eabi/13.3.1/../../../../arm-none-eabi/lib/thumb/v6-m/nofp/libc_nano.a(libc_a-findfp.o) (_fwalk_sglue)
/Applications/STM32CubeIDE.app/Contents/Eclipse/plugins/com.st.stm32cube.ide.mcu.externaltools.gnu-tools-for-stm32.13.3.rel1.macos64_1.0.0.202411102158/tools/bin/../lib/gcc/arm-none-eabi/13.3.1/../../../../arm-none-eabi/lib/thumb/v6-m/nofp/libc_nano.a(libc_a-memset.o)
                              /Applications/STM32CubeIDE.app/Contents/Eclipse/plugins/com.st.stm32cube.ide.mcu.externaltools.gnu-tools-for-stm32.13.3.rel1.macos64_1.0.0.202411102158/tools/bin/../lib/gcc/arm-none-eabi/13.3.1/../../../../arm-none-eabi/lib/thumb/v6-m/nofp/crt0.o (memset)
/Applications/STM32CubeIDE.app/Contents/Eclipse/plugins/com.st.stm32cube.ide.mcu.externaltools.gnu-tools-for-stm32.13.3.rel1.macos64_1.0.0.202411102158/tools/bin/../lib/gcc/arm-none-eabi/13.3.1/../../../../arm-none-eabi/lib/thumb/v6-m/nofp/libc_nano.a(libc_a-errno.o)
                              ./Core/Src/syscalls.o (__errno)
/Applications/STM32CubeIDE.app/Contents/Eclipse/plugins/com.st.stm32cube.ide.mcu.externaltools.gnu-tools-for-stm32.13.3.rel1.macos64_1.0.0.202411102158/tools/bin/../lib/gcc/arm-none-eabi/13.3.1/../../../../arm-none-eabi/lib/thumb/v6-m/nofp/libc_nano.a(libc_a-init.o)
                              /Applications/STM32CubeIDE.app/Contents/Eclipse/plugins/com.st.stm32cube.ide.mcu.externaltools.gnu-tools-for-stm32.13.3.rel1.macos64_1.0.0.202411102158/tools/bin/../lib/gcc/arm-none-eabi/13.3.1/../../../../arm-none-eabi/lib/thumb/v6-m/nofp/crt0.o (__libc_init_array)
/Applications/STM32CubeIDE.app/Contents/Eclipse/plugins/com.st.stm32cube.ide.mcu.externaltools.gnu-tools-for-stm32.13.3.rel1.macos64_1.0.0.202411102158/tools/bin/../lib/gcc/arm-none-eabi/13.3.1/../../../../arm-none-eabi/lib/thumb/v6-m/nofp/libc_nano.a(libc_a-lock.o)
                              /Applications/STM32CubeIDE.app/Contents/Eclipse/plugins/com.st.stm32cube.ide.mcu.externaltools.gnu-tools-for-stm32.13.3.rel1.macos64_1.0.0.202411102158/tools/bin/../lib/gcc/arm-none-eabi/13.3.1/../../../../arm-none-eabi/lib/thumb/v6-m/nofp/libc_nano.a(libc_a-findfp.o) (__retarget_lock_init_recursive)
/Applications/STM32CubeIDE.app/Contents/Eclipse/plugins/com.st.stm32cube.ide.mcu.externaltools.gnu-tools-for-stm32.13.3.rel1.macos64_1.0.0.202411102158/tools/bin/../lib/gcc/arm-none-eabi/13.3.1/../../../../arm-none-eabi/lib/thumb/v6-m/nofp/libc_nano.a(libc_a-impure.o)
                              /Applications/STM32CubeIDE.app/Contents/Eclipse/plugins/com.st.stm32cube.ide.mcu.externaltools.gnu-tools-for-stm32.13.3.rel1.macos64_1.0.0.202411102158/tools/bin/../lib/gcc/arm-none-eabi/13.3.1/../../../../arm-none-eabi/lib/thumb/v6-m/nofp/libc_nano.a(libc_a-errno.o) (_impure_ptr)
/Applications/STM32CubeIDE.app/Contents/Eclipse/plugins/com.st.stm32cube.ide.mcu.externaltools.gnu-tools-for-stm32.13.3.rel1.macos64_1.0.0.202411102158/tools/bin/../lib/gcc/arm-none-eabi/13.3.1/../../../../arm-none-eabi/lib/thumb/v6-m/nofp/libc_nano.a(libc_a-memcpy-stub.o)
                              ./Core/Src/input_capture.o (memcpy)
[...]
Memory Configuration

Name             Origin             Length             Attributes
RAM              0x20000000         0x00002000         xrw
FLASH            0x08000000         0x0000f800         xr
*default*        0x00000000         0xffffffff

Linker script and memory map

LOAD /Applications/STM32CubeIDE.app/Contents/Eclipse/plugins/com.st.stm32cube.ide.mcu.externaltools.gnu-tools-for-stm32.13.3.rel1.macos64_1.0.0.202411102158/tools/bin/../lib/gcc/arm-none-eabi/13.3.1/thumb/v6-m/nofp/crti.o
LOAD /Applications/STM32CubeIDE.app/Contents/Eclipse/plugins/com.st.stm32cube.ide.mcu.externaltools.gnu-tools-for-stm32.13.3.rel1.macos64_1.0.0.202411102158/tools/bin/../lib/gcc/arm-none-eabi/13.3.1/thumb/v6-m/nofp/crtbegin.o
LOAD /Applications/STM32CubeIDE.app/Contents/Eclipse/plugins/com.st.stm32cube.ide.mcu.externaltools.gnu-tools-for-stm32.13.3.rel1.macos64_1.0.0.202411102158/tools/bin/../lib/gcc/arm-none-eabi/13.3.1/../../../../arm-none-eabi/lib/thumb/v6-m/nofp/crt0.o
LOAD ./Core/Src/CC_and_PC.o
LOAD ./Core/Src/MIDI.o
LOAD ./Core/Src/UART.o
LOAD ./Core/Src/checking_functions.o
LOAD ./Core/Src/config.o
LOAD ./Core/Src/custom_callbacks.o
LOAD ./Core/Src/debug.o
LOAD ./Core/Src/input_capture.o
LOAD ./Core/Src/main.o
LOAD ./Core/Src/oscillator.o
LOAD ./Core/Src/startup.o
LOAD ./Core/Src/state_machine.o
LOAD ./Core/Src/stm32g0xx_hal_msp.o
LOAD ./Core/Src/stm32g0xx_it.o
LOAD ./Core/Src/symmetry_adjustment.o
LOAD ./Core/Src/syscalls.o
LOAD ./Core/Src/sysmem.o
LOAD ./Core/Src/system_stm32g0xx.o
LOAD ./Core/Src/timers.o
LOAD ./Core/Src/utility.o
LOAD ./Core/Startup/startup_stm32g031k8tx.o
LOAD ./Drivers/STM32G0xx_HAL_Driver/Src/stm32g0xx_hal.o
LOAD ./Drivers/STM32G0xx_HAL_Driver/Src/stm32g0xx_hal_adc.o
LOAD ./Drivers/STM32G0xx_HAL_Driver/Src/stm32g0xx_hal_adc_ex.o
LOAD ./Drivers/STM32G0xx_HAL_Driver/Src/stm32g0xx_hal_cortex.o
LOAD ./Drivers/STM32G0xx_HAL_Driver/Src/stm32g0xx_hal_dma.o
LOAD ./Drivers/STM32G0xx_HAL_Driver/Src/stm32g0xx_hal_dma_ex.o
LOAD ./Drivers/STM32G0xx_HAL_Driver/Src/stm32g0xx_hal_exti.o
LOAD ./Drivers/STM32G0xx_HAL_Driver/Src/stm32g0xx_hal_flash.o
LOAD ./Drivers/STM32G0xx_HAL_Driver/Src/stm32g0xx_hal_flash_ex.o
LOAD ./Drivers/STM32G0xx_HAL_Driver/Src/stm32g0xx_hal_gpio.o
LOAD ./Drivers/STM32G0xx_HAL_Driver/Src/stm32g0xx_hal_iwdg.o
LOAD ./Drivers/STM32G0xx_HAL_Driver/Src/stm32g0xx_hal_lptim.o
LOAD ./Drivers/STM32G0xx_HAL_Driver/Src/stm32g0xx_hal_pwr.o
LOAD ./Drivers/STM32G0xx_HAL_Driver/Src/stm32g0xx_hal_pwr_ex.o
LOAD ./Drivers/STM32G0xx_HAL_Driver/Src/stm32g0xx_hal_rcc.o
LOAD ./Drivers/STM32G0xx_HAL_Driver/Src/stm32g0xx_hal_rcc_ex.o
LOAD ./Drivers/STM32G0xx_HAL_Driver/Src/stm32g0xx_hal_tim.o
LOAD ./Drivers/STM32G0xx_HAL_Driver/Src/stm32g0xx_hal_tim_ex.o
LOAD ./Drivers/STM32G0xx_HAL_Driver/Src/stm32g0xx_hal_uart.o
LOAD ./Drivers/STM32G0xx_HAL_Driver/Src/stm32g0xx_hal_uart_ex.o
LOAD ./Drivers/STM32G0xx_HAL_Driver/Src/stm32g0xx_ll_adc.o
LOAD ./Drivers/STM32G0xx_HAL_Driver/Src/stm32g0xx_ll_rcc.o
START GROUP
LOAD /Applications/STM32CubeIDE.app/Contents/Eclipse/plugins/com.st.stm32cube.ide.mcu.externaltools.gnu-tools-for-stm32.13.3.rel1.macos64_1.0.0.202411102158/tools/bin/../lib/gcc/arm-none-eabi/13.3.1/../../../../arm-none-eabi/lib/thumb/v6-m/nofp/libc_nano.a
LOAD /Applications/STM32CubeIDE.app/Contents/Eclipse/plugins/com.st.stm32cube.ide.mcu.externaltools.gnu-tools-for-stm32.13.3.rel1.macos64_1.0.0.202411102158/tools/bin/../lib/gcc/arm-none-eabi/13.3.1/../../../../arm-none-eabi/lib/thumb/v6-m/nofp/libm.a
END GROUP
START GROUP
LOAD /Applications/STM32CubeIDE.app/Contents/Eclipse/plugins/com.st.stm32cube.ide.mcu.externaltools.gnu-tools-for-stm32.13.3.rel1.macos64_1.0.0.202411102158/tools/bin/../lib/gcc/arm-none-eabi/13.3.1/thumb/v6-m/nofp/libgcc.a
LOAD /Applications/STM32CubeIDE.app/Contents/Eclipse/plugins/com.st.stm32cube.ide.mcu.externaltools.gnu-tools-for-stm32.13.3.rel1.macos64_1.0.0.202411102158/tools/bin/../lib/gcc/arm-none-eabi/13.3.1/../../../../arm-none-eabi/lib/thumb/v6-m/nofp/libc_nano.a
END GROUP
START GROUP
LOAD /Applications/STM32CubeIDE.app/Contents/Eclipse/plugins/com.st.stm32cube.ide.mcu.externaltools.gnu-tools-for-stm32.13.3.rel1.macos64_1.0.0.202411102158/tools/bin/../lib/gcc/arm-none-eabi/13.3.1/thumb/v6-m/nofp/libgcc.a
LOAD /Applications/STM32CubeIDE.app/Contents/Eclipse/plugins/com.st.stm32cube.ide.mcu.externaltools.gnu-tools-for-stm32.13.3.rel1.macos64_1.0.0.202411102158/tools/bin/../lib/gcc/arm-none-eabi/13.3.1/../../../../arm-none-eabi/lib/thumb/v6-m/nofp/libc_nano.a
LOAD /Applications/STM32CubeIDE.app/Contents/Eclipse/plugins/com.st.stm32cube.ide.mcu.externaltools.gnu-tools-for-stm32.13.3.rel1.macos64_1.0.0.202411102158/tools/bin/../lib/gcc/arm-none-eabi/13.3.1/../../../../arm-none-eabi/lib/thumb/v6-m/nofp/libnosys.a
END GROUP
START GROUP
LOAD /Applications/STM32CubeIDE.app/Contents/Eclipse/plugins/com.st.stm32cube.ide.mcu.externaltools.gnu-tools-for-stm32.13.3.rel1.macos64_1.0.0.202411102158/tools/bin/../lib/gcc/arm-none-eabi/13.3.1/thumb/v6-m/nofp/libgcc.a
LOAD /Applications/STM32CubeIDE.app/Contents/Eclipse/plugins/com.st.stm32cube.ide.mcu.externaltools.gnu-tools-for-stm32.13.3.rel1.macos64_1.0.0.202411102158/tools/bin/../lib/gcc/arm-none-eabi/13.3.1/../../../../arm-none-eabi/lib/thumb/v6-m/nofp/libc_nano.a
LOAD /Applications/STM32CubeIDE.app/Contents/Eclipse/plugins/com.st.stm32cube.ide.mcu.externaltools.gnu-tools-for-stm32.13.3.rel1.macos64_1.0.0.202411102158/tools/bin/../lib/gcc/arm-none-eabi/13.3.1/../../../../arm-none-eabi/lib/thumb/v6-m/nofp/libnosys.a
END GROUP
LOAD /Applications/STM32CubeIDE.app/Contents/Eclipse/plugins/com.st.stm32cube.ide.mcu.externaltools.gnu-tools-for-stm32.13.3.rel1.macos64_1.0.0.202411102158/tools/bin/../lib/gcc/arm-none-eabi/13.3.1/thumb/v6-m/nofp/crtend.o
LOAD /Applications/STM32CubeIDE.app/Contents/Eclipse/plugins/com.st.stm32cube.ide.mcu.externaltools.gnu-tools-for-stm32.13.3.rel1.macos64_1.0.0.202411102158/tools/bin/../lib/gcc/arm-none-eabi/13.3.1/thumb/v6-m/nofp/crtn.o
                0x20002000                        _estack = (ORIGIN (RAM) + LENGTH (RAM))
                0x00000200                        _Min_Heap_Size = 0x200
                0x00000400                        _Min_Stack_Size = 0x400

.isr_vector     0x08000000       0xbc
                0x08000000                        . = ALIGN (0x4)
 *(.isr_vector)
 .isr_vector    0x08000000       0xbc ./Core/Startup/startup_stm32g031k8tx.o
                0x08000000                g_pfnVectors
                0x080000bc                        . = ALIGN (0x4)

.text           0x080000c0     0xd338
                0x080000c0                        . = ALIGN (0x4)
 *(.text)
 .text          0x080000c0       0x48 /Applications/STM32CubeIDE.app/Contents/Eclipse/plugins/com.st.stm32cube.ide.mcu.externaltools.gnu-tools-for-stm32.13.3.rel1.macos64_1.0.0.202411102158/tools/bin/../lib/gcc/arm-none-eabi/13.3.1/thumb/v6-m/nofp/crtbegin.o
 .text          0x08000108      0x114 /Applications/STM32CubeIDE.app/Contents/Eclipse/plugins/com.st.stm32cube.ide.mcu.externaltools.gnu-tools-for-stm32.13.3.rel1.macos64_1.0.0.202411102158/tools/bin/../lib/gcc/arm-none-eabi/13.3.1/thumb/v6-m/nofp/libgcc.a(_udivsi3.o)
                0x08000108                __udivsi3
                0x08000108                __aeabi_uidiv
                0x08000214                __aeabi_uidivmod
 .text          0x0800021c        0x4 /Applications/STM32CubeIDE.app/Contents/Eclipse/plugins/com.st.stm32cube.ide.mcu.externaltools.gnu-tools-for-stm32.13.3.rel1.macos64_1.0.0.202411102158/tools/bin/../lib/gcc/arm-none-eabi/13.3.1/thumb/v6-m/nofp/libgcc.a(_dvmd_tls.o)
                0x0800021c                __aeabi_ldiv0
                0x0800021c                __aeabi_idiv0
 .text          0x08000220       0x40 /Applications/STM32CubeIDE.app/Contents/Eclipse/plugins/com.st.stm32cube.ide.mcu.externaltools.gnu-tools-for-stm32.13.3.rel1.macos64_1.0.0.202411102158/tools/bin/../lib/gcc/arm-none-eabi/13.3.1/thumb/v6-m/nofp/libgcc.a(_aeabi_uldivmod.o)
                0x08000220                __aeabi_uldivmod
 .text          0x08000260      0x198 /Applications/STM32CubeIDE.app/Contents/Eclipse/plugins/com.st.stm32cube.ide.mcu.externaltools.gnu-tools-for-stm32.13.3.rel1.macos64_1.0.0.202411102158/tools/bin/../lib/gcc/arm-none-eabi/13.3.1/thumb/v6-m/nofp/libgcc.a(_udivmoddi4.o)
                0x08000260                __udivmoddi4
 .text          0x080003f8       0x18 /Applications/STM32CubeIDE.app/Contents/Eclipse/plugins/com.st.stm32cube.ide.mcu.externaltools.gnu-tools-for-stm32.13.3.rel1.macos64_1.0.0.202411102158/tools/bin/../lib/gcc/arm-none-eabi/13.3.1/thumb/v6-m/nofp/libgcc.a(_clzdi2.o)
                0x080003f8                __clzdi2
 .text          0x08000410       0x3c /Applications/STM32CubeIDE.app/Contents/Eclipse/plugins/com.st.stm32cube.ide.mcu.externaltools.gnu-tools-for-stm32.13.3.rel1.macos64_1.0.0.202411102158/tools/bin/../lib/gcc/arm-none-eabi/13.3.1/thumb/v6-m/nofp/libgcc.a(_clzsi2.o)
                0x08000410                __clzsi2
 *(.text*)
 .text.Initialise_Preset_Arrays
                0x0800044c       0xd8 ./Core/Src/CC_and_PC.o
                0x0800044c                Initialise_Preset_Arrays
 .text.Update_Params_Based_On_Mode_Selected
                0x08000524      0x1e0 ./Core/Src/CC_and_PC.o
                0x08000524                Update_Params_Based_On_Mode_Selected
 .text.Convert_All_Preset_Values
                0x08000704       0x52 ./Core/Src/CC_and_PC.o
                0x08000704                Convert_All_Preset_Values
 .text.Update_Waveshape_with_Converted_Preset_Value
                0x08000756       0x52 ./Core/Src/CC_and_PC.o
                0x08000756                Update_Waveshape_with_Converted_Preset_Value
 .text.Update_Speed_with_Converted_Preset_Value
                0x080007a8       0x1e ./Core/Src/CC_and_PC.o
                0x080007a8                Update_Speed_with_Converted_Preset_Value
 .text.Update_Depth_with_Converted_Preset_Value
                0x080007c6       0x1e ./Core/Src/CC_and_PC.o
                0x080007c6                Update_Depth_with_Converted_Preset_Value
 .text.Update_Symmetry_with_Converted_Preset_Value
                0x080007e4       0x1e ./Core/Src/CC_and_PC.o
                0x080007e4                Update_Symmetry_with_Converted_Preset_Value
 .text.Update_Phase_with_Converted_Preset_Value
                0x08000802       0x1e ./Core/Src/CC_and_PC.o
                0x08000802                Update_Phase_with_Converted_Preset_Value
 .text.Pack_Preset_Into_Doubleword
                0x08000820       0xa8 ./Core/Src/CC_and_PC.o
                0x08000820                Pack_Preset_Into_Doubleword
 .text.Read_and_Interpret_Preset_From_Flash
                0x080008c8       0x72 ./Core/Src/CC_and_PC.o
                0x080008c8                Read_and_Interpret_Preset_From_Flash
 .text.Read_and_Interpret_Misc_From_Flash
                0x0800093a      0x16c ./Core/Src/CC_and_PC.o
                0x0800093a                Read_and_Interpret_Misc_From_Flash
 .text.Update_Converted_Preset_Array_with_User_or_Factory_Presets
                0x08000aa6       0xac ./Core/Src/CC_and_PC.o
                0x08000aa6                Update_Converted_Preset_Array_with_User_or_Factory_Presets
 *fill*         0x08000b52        0x2 
 .text.Read_and_Interpret_User_Presets_From_Flash
                0x08000b54       0x5c ./Core/Src/CC_and_PC.o
                0x08000b54                Read_and_Interpret_User_Presets_From_Flash
 .text.Update_Waveshape_with_CC_Value
                0x08000bb0       0x4a ./Core/Src/CC_and_PC.o
                0x08000bb0                Update_Waveshape_with_CC_Value
 .text.Update_Speed_with_CC_Value
                0x08000bfa       0x32 ./Core/Src/CC_and_PC.o
                0x08000bfa                Update_Speed_with_CC_Value
 .text.Update_Depth_with_CC_Value
                0x08000c2c       0x26 ./Core/Src/CC_and_PC.o
                0x08000c2c                Update_Depth_with_CC_Value
 .text.Update_Symmetry_with_CC_Value
                0x08000c52       0x32 ./Core/Src/CC_and_PC.o
                0x08000c52                Update_Symmetry_with_CC_Value
 .text.Update_Phase_with_CC_Value
                0x08000c84       0x32 ./Core/Src/CC_and_PC.o
                0x08000c84                Update_Phase_with_CC_Value
 *fill*         0x08000cb6        0x2 
 .text.Set_Waveshape_to_CC_Mode_and_Value
                0x08000cb8       0x34 ./Core/Src/CC_and_PC.o
                0x08000cb8                Set_Waveshape_to_CC_Mode_and_Value
 .text.Set_Speed_to_CC_Mode_and_Value
                0x08000cec       0x34 ./Core/Src/CC_and_PC.o
                0x08000cec                Set_Speed_to_CC_Mode_and_Value
 .text.Set_Depth_to_CC_Mode_and_Value
                0x08000d20       0x34 ./Core/Src/CC_and_PC.o
                0x08000d20                Set_Depth_to_CC_Mode_and_Value
 .text.Set_Symmetry_to_CC_Mode_and_Value
                0x08000d54       0x34 ./Core/Src/CC_and_PC.o
                0x08000d54                Set_Symmetry_to_CC_Mode_and_Value
 .text.Set_Phase_to_CC_Mode_and_Value
                0x08000d88       0x34 ./Core/Src/CC_and_PC.o
                0x08000d88                Set_Phase_to_CC_Mode_and_Value
 .text.Set_All_Pots_to_PC_Mode
                0x08000dbc       0x70 ./Core/Src/CC_and_PC.o
                0x08000dbc                Set_All_Pots_to_PC_Mode
 .text.Is_Status_Byte
                0x08000e2c       0x32 ./Core/Src/MIDI.o
                0x08000e2c                Is_Status_Byte
 .text.Is_Data_Byte
                0x08000e5e       0x32 ./Core/Src/MIDI.o
                0x08000e5e                Is_Data_Byte
 .text.Is_PC_Status_Byte
                0x08000e90       0x38 ./Core/Src/MIDI.o
                0x08000e90                Is_PC_Status_Byte
 .text.Is_CC_Status_Byte
                0x08000ec8       0x38 ./Core/Src/MIDI.o
                0x08000ec8                Is_CC_Status_Byte
 .text.Is_Utilised_Channel_Mode_CC_First_Data_Byte
                0x08000f00       0x58 ./Core/Src/MIDI.o
                0x08000f00                Is_Utilised_Channel_Mode_CC_First_Data_Byte
 .text.Is_Utilised_CC_First_Data_Byte
                0x08000f58       0x66 ./Core/Src/MIDI.o
                0x08000f58                Is_Utilised_CC_First_Data_Byte
 .text.Channel_Mode_CC_Second_Data_Byte_Is_Valid_Given_Utilised_First_Data_Byte
                0x08000fbe       0x8e ./Core/Src/MIDI.o
                0x08000fbe                Channel_Mode_CC_Second_Data_Byte_Is_Valid_Given_Utilised_First_Data_Byte
 .text.Is_Sysex_Start_Status_Byte
                0x0800104c       0x20 ./Core/Src/MIDI.o
                0x0800104c                Is_Sysex_Start_Status_Byte
 .text.Is_Channelised_Status_Byte_On_Basic_Channel
                0x0800106c       0x42 ./Core/Src/MIDI.o
                0x0800106c                Is_Channelised_Status_Byte_On_Basic_Channel
 .text.Is_Data_Buffer_Empty
                0x080010ae       0x60 ./Core/Src/MIDI.o
                0x080010ae                Is_Data_Buffer_Empty
 .text.Clear_Data_Buffer
                0x0800110e       0x3c ./Core/Src/MIDI.o
                0x0800110e                Clear_Data_Buffer
 .text.Is_Program_Change_Data_Byte_In_Range
                0x0800114a       0x2a ./Core/Src/MIDI.o
                0x0800114a                Is_Program_Change_Data_Byte_In_Range
 .text.Is_System_Real_Time_Status_Byte
                0x08001174       0x66 ./Core/Src/MIDI.o
                0x08001174                Is_System_Real_Time_Status_Byte
 .text.Is_OMNI_On
                0x080011da       0x34 ./Core/Src/MIDI.o
                0x080011da                Is_OMNI_On
 .text.Reset_and_Stop_MIDI_Software_Timer
                0x0800120e       0x36 ./Core/Src/MIDI.o
                0x0800120e                Reset_and_Stop_MIDI_Software_Timer
 .text.Reset_All_Controllers
                0x08001244       0xb4 ./Core/Src/MIDI.o
                0x08001244                Reset_All_Controllers
 .text.Set_Local_Control
                0x080012f8       0x70 ./Core/Src/MIDI.o
                0x080012f8                Set_Local_Control
 .text.Set_OMNI_Off
                0x08001368       0x20 ./Core/Src/MIDI.o
                0x08001368                Set_OMNI_Off
 .text.Set_OMNI_On
                0x08001388       0x20 ./Core/Src/MIDI.o
                0x08001388                Set_OMNI_On
 .text.Start_UART_Receive
                0x080013a8       0x20 ./Core/Src/UART.o
                0x080013a8                Start_UART_Receive
 .text.Pot_Check
                0x080013c8      0x240 ./Core/Src/checking_functions.o
                0x080013c8                Pot_Check
 .text.Check_Tap_Tempo_Switch_State
                0x08001608       0xa0 ./Core/Src/checking_functions.o
                0x08001608                Check_Tap_Tempo_Switch_State
 .text.SystemClock_Config
                0x080016a8       0xbc ./Core/Src/config.o
                0x080016a8                SystemClock_Config
 .text.MX_ADC1_Init
                0x08001764      0x180 ./Core/Src/config.o
                0x08001764                MX_ADC1_Init
 .text.MX_TIM16_Init
                0x080018e4      0x118 ./Core/Src/config.o
                0x080018e4                MX_TIM16_Init
 .text.MX_TIM2_Init
                0x080019fc       0xf8 ./Core/Src/config.o
                0x080019fc                MX_TIM2_Init
 .text.MX_TIM3_Init
                0x08001af4      0x110 ./Core/Src/config.o
                0x08001af4                MX_TIM3_Init
 .text.MX_TIM1_Init
                0x08001c04      0x1d4 ./Core/Src/config.o
                0x08001c04                MX_TIM1_Init
 .text.MX_TIM17_Init
                0x08001dd8      0x11c ./Core/Src/config.o
                0x08001dd8                MX_TIM17_Init
 .text.MX_LPTIM1_Init
                0x08001ef4       0x70 ./Core/Src/config.o
                0x08001ef4                MX_LPTIM1_Init
 .text.MX_TIM14_Init
                0x08001f64       0x9c ./Core/Src/config.o
                0x08001f64                MX_TIM14_Init
 .text.MX_USART2_UART_Init
                0x08002000       0x68 ./Core/Src/config.o
                0x08002000                MX_USART2_UART_Init
 .text.MX_DMA_Init
                0x08002068       0x4c ./Core/Src/config.o
                0x08002068                MX_DMA_Init
 .text.MX_GPIO_Init
                0x080020b4      0x1e0 ./Core/Src/config.o
                0x080020b4                MX_GPIO_Init
 .text.Error_Handler
                0x08002294        0xc ./Core/Src/config.o
                0x08002294                Error_Handler
 .text.System_Init
                0x080022a0      0x108 ./Core/Src/config.o
                0x080022a0                System_Init
 .text.TIM16_callback
                0x080023a8       0x54 ./Core/Src/custom_callbacks.o
                0x080023a8                TIM16_callback
 .text.ADC_DMA_conversion_complete_callback
                0x080023fc       0x94 ./Core/Src/custom_callbacks.o
                0x080023fc                ADC_DMA_conversion_complete_callback
 .text.TIM2_ch1_IP_capture_callback
                0x08002490      0x11c ./Core/Src/custom_callbacks.o
                0x08002490                TIM2_ch1_IP_capture_callback
 .text.TIM2_ch1_overflow_callback
                0x080025ac      0x10c ./Core/Src/custom_callbacks.o
                0x080025ac                TIM2_ch1_overflow_callback
 .text.TIM3_ch1_IP_capture_measurement_reelapse_callback
                0x080026b8      0x13c ./Core/Src/custom_callbacks.o
                0x080026b8                TIM3_ch1_IP_capture_measurement_reelapse_callback
 .text.UART2_TX_transfer_complete_callback
                0x080027f4       0x10 ./Core/Src/custom_callbacks.o
                0x080027f4                UART2_TX_transfer_complete_callback
 .text.UART2_RX_transfer_complete_callback
                0x08002804     0x11a0 ./Core/Src/custom_callbacks.o
                0x08002804                UART2_RX_transfer_complete_callback
 .text.HAL_GPIO_EXTI_Falling_Callback
                0x080039a4       0x54 ./Core/Src/custom_callbacks.o
                0x080039a4                HAL_GPIO_EXTI_Falling_Callback
 .text.HAL_GPIO_EXTI_Rising_Callback
                0x080039f8      0x1ec ./Core/Src/custom_callbacks.o
                0x080039f8                HAL_GPIO_EXTI_Rising_Callback
 .text.LPTIM1_callback
                0x08003be4      0x3a0 ./Core/Src/custom_callbacks.o
                0x08003be4                LPTIM1_callback
 .text.TIM17_callback
                0x08003f84       0x10 ./Core/Src/custom_callbacks.o
                0x08003f84                TIM17_callback
 .text.TIM14_callback
                0x08003f94       0x10 ./Core/Src/custom_callbacks.o
                0x08003f94                TIM14_callback
 .text.Input_Capture_Processing
                0x08003fa4       0xe4 ./Core/Src/input_capture.o
                0x08003fa4                Input_Capture_Processing
 .text.Start_Input_Capture_Timer
                0x08004088       0x34 ./Core/Src/input_capture.o
                0x08004088                Start_Input_Capture_Timer
 .text.Start_IC_TIM
                0x080040bc       0x54 ./Core/Src/input_capture.o
                0x080040bc                Start_IC_TIM
 .text.Copy_Params_Structs
                0x08004110       0x24 ./Core/Src/input_capture.o
                0x08004110                Copy_Params_Structs
 .text.Start_Measurement_Reelapse_Timer
                0x08004134       0x3c ./Core/Src/input_capture.o
                0x08004134                Start_Measurement_Reelapse_Timer
 .text.Begin_Input_Capture_Measurement
                0x08004170       0x18 ./Core/Src/input_capture.o
                0x08004170                Begin_Input_Capture_Measurement
 .text.main     0x08004188      0x114 ./Core/Src/main.o
                0x08004188                main
 .text.Start_PWM_Gen_Timer_Main_and_Secondary_Oscillators
                0x0800429c       0x78 ./Core/Src/oscillator.o
                0x0800429c                Start_PWM_Gen_Timer_Main_and_Secondary_Oscillators
 .text.Start_Freq_Gen_Timer
                0x08004314       0x34 ./Core/Src/oscillator.o
                0x08004314                Start_Freq_Gen_Timer
 .text.Process_TIM16_Raw_Start_Value_and_Raw_Prescaler
                0x08004348       0x6c ./Core/Src/oscillator.o
                0x08004348                Process_TIM16_Raw_Start_Value_and_Raw_Prescaler
 .text.Set_Oscillator_Values
                0x080043b4       0x58 ./Core/Src/oscillator.o
                0x080043b4                Set_Oscillator_Values
 .text.Calculate_Next_Main_Oscillator_Values
                0x0800440c      0x1ec ./Core/Src/oscillator.o
                0x0800440c                Calculate_Next_Main_Oscillator_Values
 .text.Write_Next_Main_Oscillator_Values_to_Delay_Line
                0x080045f8      0x12c ./Core/Src/oscillator.o
                0x080045f8                Write_Next_Main_Oscillator_Values_to_Delay_Line
 .text.Process_ADC_Conversion_Values
                0x08004724       0xd4 ./Core/Src/oscillator.o
                0x08004724                Process_ADC_Conversion_Values
 .text.Startup  0x080047f8      0x23c ./Core/Src/startup.o
                0x080047f8                Startup
 .text.Advance_Pending_States
                0x08004a34       0x58 ./Core/Src/state_machine.o
                0x08004a34                Advance_Pending_States
 .text.HAL_MspInit
                0x08004a8c       0x48 ./Core/Src/stm32g0xx_hal_msp.o
                0x08004a8c                HAL_MspInit
 .text.HAL_ADC_MspInit
                0x08004ad4       0xe8 ./Core/Src/stm32g0xx_hal_msp.o
                0x08004ad4                HAL_ADC_MspInit
 .text.HAL_LPTIM_MspInit
                0x08004bbc      0x158 ./Core/Src/stm32g0xx_hal_msp.o
                0x08004bbc                HAL_LPTIM_MspInit
 .text.HAL_TIM_Base_MspInit
                0x08004d14      0x1e8 ./Core/Src/stm32g0xx_hal_msp.o
                0x08004d14                HAL_TIM_Base_MspInit
 .text.HAL_TIM_MspPostInit
                0x08004efc       0xc0 ./Core/Src/stm32g0xx_hal_msp.o
                0x08004efc                HAL_TIM_MspPostInit
 .text.HAL_UART_MspInit
                0x08004fbc      0x160 ./Core/Src/stm32g0xx_hal_msp.o
                0x08004fbc                HAL_UART_MspInit
 .text.NMI_Handler
                0x0800511c        0x8 ./Core/Src/stm32g0xx_it.o
                0x0800511c                NMI_Handler
 .text.HardFault_Handler
                0x08005124        0x8 ./Core/Src/stm32g0xx_it.o
                0x08005124                HardFault_Handler
 .text.SVC_Handler
                0x0800512c        0xa ./Core/Src/stm32g0xx_it.o
                0x0800512c                SVC_Handler
 .text.PendSV_Handler
                0x08005136        0xa ./Core/Src/stm32g0xx_it.o
                0x08005136                PendSV_Handler
 .text.SysTick_Handler
                0x08005140        0xe ./Core/Src/stm32g0xx_it.o
                0x08005140                SysTick_Handler
 .text.EXTI4_15_IRQHandler
                0x0800514e       0x10 ./Core/Src/stm32g0xx_it.o
                0x0800514e                EXTI4_15_IRQHandler
 *fill*         0x0800515e        0x2 
 .text.DMA1_Channel1_IRQHandler
                0x08005160       0x18 ./Core/Src/stm32g0xx_it.o
                0x08005160                DMA1_Channel1_IRQHandler
 .text.DMA1_Channel2_3_IRQHandler
                0x08005178       0x24 ./Core/Src/stm32g0xx_it.o
                0x08005178                DMA1_Channel2_3_IRQHandler
 .text.TIM2_IRQHandler
                0x0800519c       0x18 ./Core/Src/stm32g0xx_it.o
                0x0800519c                TIM2_IRQHandler
 .text.TIM3_IRQHandler
                0x080051b4       0x18 ./Core/Src/stm32g0xx_it.o
                0x080051b4                TIM3_IRQHandler
 .text.TIM16_IRQHandler
                0x080051cc       0x18 ./Core/Src/stm32g0xx_it.o
                0x080051cc                TIM16_IRQHandler
 .text.USART2_IRQHandler
                0x080051e4       0x18 ./Core/Src/stm32g0xx_it.o
                0x080051e4                USART2_IRQHandler
 .text.LPTIM1_IRQHandler
                0x080051fc       0x18 ./Core/Src/stm32g0xx_it.o
                0x080051fc                LPTIM1_IRQHandler
 .text.TIM17_IRQHandler
                0x08005214       0x18 ./Core/Src/stm32g0xx_it.o
                0x08005214                TIM17_IRQHandler
 .text.TIM14_IRQHandler
                0x0800522c       0x18 ./Core/Src/stm32g0xx_it.o
                0x0800522c                TIM14_IRQHandler
 .text.Adjust_TIM16_Prescaler
                0x08005244       0x44 ./Core/Src/symmetry_adjustment.o
                0x08005244                Adjust_TIM16_Prescaler
 .text.Process_TIM16_Final_Start_Value_and_Final_Prescaler
                0x08005288      0x80c ./Core/Src/symmetry_adjustment.o
                0x08005288                Process_TIM16_Final_Start_Value_and_Final_Prescaler
 .text.SystemInit
                0x08005a94        0xa ./Core/Src/system_stm32g0xx.o
                0x08005a94                SystemInit
 .text.Start_OC_TIM
                0x08005a9e       0x38 ./Core/Src/timers.o
                0x08005a9e                Start_OC_TIM
 .text.Stop_OC_TIM
                0x08005ad6       0x38 ./Core/Src/timers.o
                0x08005ad6                Stop_OC_TIM
 .text.isPrime  0x08005b0e       0x5e ./Core/Src/utility.o
                0x08005b0e                isPrime
 .text.unsigned_bitwise_modulo
                0x08005b6c       0x28 ./Core/Src/utility.o
                0x08005b6c                unsigned_bitwise_modulo
 .text.Global_Interrupt_Enable
                0x08005b94       0x10 ./Core/Src/utility.o
                0x08005b94                Global_Interrupt_Enable
 .text.Get_Status_Bit
                0x08005ba4       0x28 ./Core/Src/utility.o
                0x08005ba4                Get_Status_Bit
 .text.Set_Status_Bit
                0x08005bcc       0x24 ./Core/Src/utility.o
                0x08005bcc                Set_Status_Bit
 .text.Clear_Status_Bit
                0x08005bf0       0x26 ./Core/Src/utility.o
                0x08005bf0                Clear_Status_Bit
 *fill*         0x08005c16        0x2 
 .text.Reset_Handler
                0x08005c18       0x50 ./Core/Startup/startup_stm32g031k8tx.o
                0x08005c18                Reset_Handler
 .text.Default_Handler
                0x08005c68        0x2 ./Core/Startup/startup_stm32g031k8tx.o
                0x08005c68                TIM1_BRK_UP_TRG_COM_IRQHandler
                0x08005c68                PVD_IRQHandler
                0x08005c68                I2C1_IRQHandler
                0x08005c68                LPTIM2_IRQHandler
                0x08005c68                RTC_TAMP_IRQHandler
                0x08005c68                SPI1_IRQHandler
                0x08005c68                DMA1_Ch4_5_DMAMUX1_OVR_IRQHandler
                0x08005c68                EXTI2_3_IRQHandler
                0x08005c68                ADC1_IRQHandler
                0x08005c68                I2C2_IRQHandler
                0x08005c68                RCC_IRQHandler
                0x08005c68                Default_Handler
                0x08005c68                EXTI0_1_IRQHandler
                0x08005c68                SPI2_IRQHandler
                0x08005c68                WWDG_IRQHandler
                0x08005c68                LPUART1_IRQHandler
                0x08005c68                FLASH_IRQHandler
                0x08005c68                USART1_IRQHandler
                0x08005c68                TIM1_CC_IRQHandler
 *fill*         0x08005c6a        0x2 
 .text.HAL_Init
                0x08005c6c       0x40 ./Drivers/STM32G0xx_HAL_Driver/Src/stm32g0xx_hal.o
                0x08005c6c                HAL_Init
 .text.HAL_InitTick
                0x08005cac       0x94 ./Drivers/STM32G0xx_HAL_Driver/Src/stm32g0xx_hal.o
                0x08005cac                HAL_InitTick
 .text.HAL_IncTick
                0x08005d40       0x24 ./Drivers/STM32G0xx_HAL_Driver/Src/stm32g0xx_hal.o
                0x08005d40                HAL_IncTick
 .text.HAL_GetTick
                0x08005d64       0x14 ./Drivers/STM32G0xx_HAL_Driver/Src/stm32g0xx_hal.o
                0x08005d64                HAL_GetTick
 .text.LL_ADC_SetCommonPathInternalCh
                0x08005d78       0x28 ./Drivers/STM32G0xx_HAL_Driver/Src/stm32g0xx_hal_adc.o
 .text.LL_ADC_GetCommonPathInternalCh
                0x08005da0       0x1a ./Drivers/STM32G0xx_HAL_Driver/Src/stm32g0xx_hal_adc.o
 .text.LL_ADC_SetSamplingTimeCommonChannels
                0x08005dba       0x3a ./Drivers/STM32G0xx_HAL_Driver/Src/stm32g0xx_hal_adc.o
 .text.LL_ADC_GetSamplingTimeCommonChannels
                0x08005df4       0x2e ./Drivers/STM32G0xx_HAL_Driver/Src/stm32g0xx_hal_adc.o
 .text.LL_ADC_REG_IsTriggerSourceSWStart
                0x08005e22       0x22 ./Drivers/STM32G0xx_HAL_Driver/Src/stm32g0xx_hal_adc.o
 .text.LL_ADC_REG_SetSequencerRanks
                0x08005e44       0x40 ./Drivers/STM32G0xx_HAL_Driver/Src/stm32g0xx_hal_adc.o
 .text.LL_ADC_REG_SetSequencerChAdd
                0x08005e84       0x22 ./Drivers/STM32G0xx_HAL_Driver/Src/stm32g0xx_hal_adc.o
 .text.LL_ADC_REG_SetSequencerChRem
                0x08005ea6       0x24 ./Drivers/STM32G0xx_HAL_Driver/Src/stm32g0xx_hal_adc.o
 *fill*         0x08005eca        0x2 
 .text.LL_ADC_SetChannelSamplingTime
                0x08005ecc       0x38 ./Drivers/STM32G0xx_HAL_Driver/Src/stm32g0xx_hal_adc.o
 .text.LL_ADC_EnableInternalRegulator
                0x08005f04       0x28 ./Drivers/STM32G0xx_HAL_Driver/Src/stm32g0xx_hal_adc.o
 .text.LL_ADC_IsInternalRegulatorEnabled
                0x08005f2c       0x28 ./Drivers/STM32G0xx_HAL_Driver/Src/stm32g0xx_hal_adc.o
 .text.LL_ADC_Enable
                0x08005f54       0x24 ./Drivers/STM32G0xx_HAL_Driver/Src/stm32g0xx_hal_adc.o
 .text.LL_ADC_Disable
                0x08005f78       0x24 ./Drivers/STM32G0xx_HAL_Driver/Src/stm32g0xx_hal_adc.o
 .text.LL_ADC_IsEnabled
                0x08005f9c       0x22 ./Drivers/STM32G0xx_HAL_Driver/Src/stm32g0xx_hal_adc.o
 .text.LL_ADC_IsDisableOngoing
                0x08005fbe       0x22 ./Drivers/STM32G0xx_HAL_Driver/Src/stm32g0xx_hal_adc.o
 .text.LL_ADC_REG_StartConversion
                0x08005fe0       0x24 ./Drivers/STM32G0xx_HAL_Driver/Src/stm32g0xx_hal_adc.o
 .text.LL_ADC_REG_StopConversion
                0x08006004       0x24 ./Drivers/STM32G0xx_HAL_Driver/Src/stm32g0xx_hal_adc.o
 .text.LL_ADC_REG_IsConversionOngoing
                0x08006028       0x22 ./Drivers/STM32G0xx_HAL_Driver/Src/stm32g0xx_hal_adc.o
 *fill*         0x0800604a        0x2 
 .text.HAL_ADC_Init
                0x0800604c      0x3b0 ./Drivers/STM32G0xx_HAL_Driver/Src/stm32g0xx_hal_adc.o
                0x0800604c                HAL_ADC_Init
 .text.HAL_ADC_RegisterCallback
                0x080063fc      0x118 ./Drivers/STM32G0xx_HAL_Driver/Src/stm32g0xx_hal_adc.o
                0x080063fc                HAL_ADC_RegisterCallback
 .text.HAL_ADC_Start_DMA
                0x08006514      0x11c ./Drivers/STM32G0xx_HAL_Driver/Src/stm32g0xx_hal_adc.o
                0x08006514                HAL_ADC_Start_DMA
 .text.HAL_ADC_Stop_DMA
                0x08006630       0xe4 ./Drivers/STM32G0xx_HAL_Driver/Src/stm32g0xx_hal_adc.o
                0x08006630                HAL_ADC_Stop_DMA
 .text.HAL_ADC_ConvCpltCallback
                0x08006714       0x10 ./Drivers/STM32G0xx_HAL_Driver/Src/stm32g0xx_hal_adc.o
                0x08006714                HAL_ADC_ConvCpltCallback
 .text.HAL_ADC_ConvHalfCpltCallback
                0x08006724       0x10 ./Drivers/STM32G0xx_HAL_Driver/Src/stm32g0xx_hal_adc.o
                0x08006724                HAL_ADC_ConvHalfCpltCallback
 .text.HAL_ADC_LevelOutOfWindowCallback
                0x08006734       0x10 ./Drivers/STM32G0xx_HAL_Driver/Src/stm32g0xx_hal_adc.o
                0x08006734                HAL_ADC_LevelOutOfWindowCallback
 .text.HAL_ADC_ErrorCallback
                0x08006744       0x10 ./Drivers/STM32G0xx_HAL_Driver/Src/stm32g0xx_hal_adc.o
                0x08006744                HAL_ADC_ErrorCallback
 .text.HAL_ADC_ConfigChannel
                0x08006754      0x3b0 ./Drivers/STM32G0xx_HAL_Driver/Src/stm32g0xx_hal_adc.o
                0x08006754                HAL_ADC_ConfigChannel
 .text.ADC_ConversionStop
                0x08006b04       0x84 ./Drivers/STM32G0xx_HAL_Driver/Src/stm32g0xx_hal_adc.o
                0x08006b04                ADC_ConversionStop
 .text.ADC_Enable
                0x08006b88      0x10c ./Drivers/STM32G0xx_HAL_Driver/Src/stm32g0xx_hal_adc.o
                0x08006b88                ADC_Enable
 .text.ADC_Disable
                0x08006c94       0xbc ./Drivers/STM32G0xx_HAL_Driver/Src/stm32g0xx_hal_adc.o
                0x08006c94                ADC_Disable
 .text.ADC_DMAConvCplt
                0x08006d50       0xcc ./Drivers/STM32G0xx_HAL_Driver/Src/stm32g0xx_hal_adc.o
 .text.ADC_DMAHalfConvCplt
                0x08006e1c       0x20 ./Drivers/STM32G0xx_HAL_Driver/Src/stm32g0xx_hal_adc.o
 .text.ADC_DMAError
                0x08006e3c       0x38 ./Drivers/STM32G0xx_HAL_Driver/Src/stm32g0xx_hal_adc.o
 .text.LL_ADC_GetCommonClock
                0x08006e74       0x1a ./Drivers/STM32G0xx_HAL_Driver/Src/stm32g0xx_hal_adc_ex.o
 .text.LL_ADC_GetClock
                0x08006e8e       0x18 ./Drivers/STM32G0xx_HAL_Driver/Src/stm32g0xx_hal_adc_ex.o
 .text.LL_ADC_SetCalibrationFactor
                0x08006ea6       0x28 ./Drivers/STM32G0xx_HAL_Driver/Src/stm32g0xx_hal_adc_ex.o
 .text.LL_ADC_GetCalibrationFactor
                0x08006ece       0x1a ./Drivers/STM32G0xx_HAL_Driver/Src/stm32g0xx_hal_adc_ex.o
 .text.LL_ADC_Enable
                0x08006ee8       0x24 ./Drivers/STM32G0xx_HAL_Driver/Src/stm32g0xx_hal_adc_ex.o
 .text.LL_ADC_Disable
                0x08006f0c       0x24 ./Drivers/STM32G0xx_HAL_Driver/Src/stm32g0xx_hal_adc_ex.o
 .text.LL_ADC_IsEnabled
                0x08006f30       0x22 ./Drivers/STM32G0xx_HAL_Driver/Src/stm32g0xx_hal_adc_ex.o
 *fill*         0x08006f52        0x2 
 .text.LL_ADC_StartCalibration
                0x08006f54       0x28 ./Drivers/STM32G0xx_HAL_Driver/Src/stm32g0xx_hal_adc_ex.o
 .text.LL_ADC_IsCalibrationOnGoing
                0x08006f7c       0x26 ./Drivers/STM32G0xx_HAL_Driver/Src/stm32g0xx_hal_adc_ex.o
 *fill*         0x08006fa2        0x2 
 .text.HAL_ADCEx_Calibration_Start
                0x08006fa4      0x1f8 ./Drivers/STM32G0xx_HAL_Driver/Src/stm32g0xx_hal_adc_ex.o
                0x08006fa4                HAL_ADCEx_Calibration_Start
 .text.HAL_ADCEx_LevelOutOfWindow2Callback
                0x0800719c       0x10 ./Drivers/STM32G0xx_HAL_Driver/Src/stm32g0xx_hal_adc_ex.o
                0x0800719c                HAL_ADCEx_LevelOutOfWindow2Callback
 .text.HAL_ADCEx_LevelOutOfWindow3Callback
                0x080071ac       0x10 ./Drivers/STM32G0xx_HAL_Driver/Src/stm32g0xx_hal_adc_ex.o
                0x080071ac                HAL_ADCEx_LevelOutOfWindow3Callback
 .text.HAL_ADCEx_EndOfSamplingCallback
                0x080071bc       0x10 ./Drivers/STM32G0xx_HAL_Driver/Src/stm32g0xx_hal_adc_ex.o
                0x080071bc                HAL_ADCEx_EndOfSamplingCallback
 .text.__NVIC_EnableIRQ
                0x080071cc       0x34 ./Drivers/STM32G0xx_HAL_Driver/Src/stm32g0xx_hal_cortex.o
 .text.__NVIC_DisableIRQ
                0x08007200       0x44 ./Drivers/STM32G0xx_HAL_Driver/Src/stm32g0xx_hal_cortex.o
 .text.__NVIC_SetPriority
                0x08007244       0xdc ./Drivers/STM32G0xx_HAL_Driver/Src/stm32g0xx_hal_cortex.o
 .text.SysTick_Config
                0x08007320       0x48 ./Drivers/STM32G0xx_HAL_Driver/Src/stm32g0xx_hal_cortex.o
 .text.HAL_NVIC_SetPriority
                0x08007368       0x2a ./Drivers/STM32G0xx_HAL_Driver/Src/stm32g0xx_hal_cortex.o
                0x08007368                HAL_NVIC_SetPriority
 .text.HAL_NVIC_EnableIRQ
                0x08007392       0x20 ./Drivers/STM32G0xx_HAL_Driver/Src/stm32g0xx_hal_cortex.o
                0x08007392                HAL_NVIC_EnableIRQ
 .text.HAL_NVIC_DisableIRQ
                0x080073b2       0x20 ./Drivers/STM32G0xx_HAL_Driver/Src/stm32g0xx_hal_cortex.o
                0x080073b2                HAL_NVIC_DisableIRQ
 .text.HAL_SYSTICK_Config
                0x080073d2       0x1a ./Drivers/STM32G0xx_HAL_Driver/Src/stm32g0xx_hal_cortex.o
                0x080073d2                HAL_SYSTICK_Config
 .text.HAL_DMA_Init
                0x080073ec      0x114 ./Drivers/STM32G0xx_HAL_Driver/Src/stm32g0xx_hal_dma.o
                0x080073ec                HAL_DMA_Init
 .text.HAL_DMA_Start_IT
                0x08007500      0x10c ./Drivers/STM32G0xx_HAL_Driver/Src/stm32g0xx_hal_dma.o
                0x08007500                HAL_DMA_Start_IT
 .text.HAL_DMA_Abort
                0x0800760c       0xc4 ./Drivers/STM32G0xx_HAL_Driver/Src/stm32g0xx_hal_dma.o
                0x0800760c                HAL_DMA_Abort
 .text.HAL_DMA_Abort_IT
                0x080076d0       0xd4 ./Drivers/STM32G0xx_HAL_Driver/Src/stm32g0xx_hal_dma.o
                0x080076d0                HAL_DMA_Abort_IT
 .text.HAL_DMA_IRQHandler
                0x080077a4      0x164 ./Drivers/STM32G0xx_HAL_Driver/Src/stm32g0xx_hal_dma.o
                0x080077a4                HAL_DMA_IRQHandler
 .text.DMA_SetConfig
                0x08007908       0x80 ./Drivers/STM32G0xx_HAL_Driver/Src/stm32g0xx_hal_dma.o
 .text.DMA_CalcDMAMUXChannelBaseAndMask
                0x08007988       0x58 ./Drivers/STM32G0xx_HAL_Driver/Src/stm32g0xx_hal_dma.o
 .text.DMA_CalcDMAMUXRequestGenBaseAndMask
                0x080079e0       0x48 ./Drivers/STM32G0xx_HAL_Driver/Src/stm32g0xx_hal_dma.o
 .text.HAL_FLASH_Program
                0x08007a28       0x9c ./Drivers/STM32G0xx_HAL_Driver/Src/stm32g0xx_hal_flash.o
                0x08007a28                HAL_FLASH_Program
 .text.HAL_FLASH_Unlock
                0x08007ac4       0x48 ./Drivers/STM32G0xx_HAL_Driver/Src/stm32g0xx_hal_flash.o
                0x08007ac4                HAL_FLASH_Unlock
 .text.HAL_FLASH_Lock
                0x08007b0c       0x44 ./Drivers/STM32G0xx_HAL_Driver/Src/stm32g0xx_hal_flash.o
                0x08007b0c                HAL_FLASH_Lock
 .text.FLASH_WaitForLastOperation
                0x08007b50       0x9c ./Drivers/STM32G0xx_HAL_Driver/Src/stm32g0xx_hal_flash.o
                0x08007b50                FLASH_WaitForLastOperation
 .text.FLASH_Program_DoubleWord
                0x08007bec       0x40 ./Drivers/STM32G0xx_HAL_Driver/Src/stm32g0xx_hal_flash.o
 .text.HAL_FLASHEx_Erase
                0x08007c2c       0xe8 ./Drivers/STM32G0xx_HAL_Driver/Src/stm32g0xx_hal_flash_ex.o
                0x08007c2c                HAL_FLASHEx_Erase
 .text.FLASH_MassErase
                0x08007d14       0x28 ./Drivers/STM32G0xx_HAL_Driver/Src/stm32g0xx_hal_flash_ex.o
 .text.FLASH_PageErase
                0x08007d3c       0x38 ./Drivers/STM32G0xx_HAL_Driver/Src/stm32g0xx_hal_flash_ex.o
                0x08007d3c                FLASH_PageErase
 .text.HAL_GPIO_Init
                0x08007d74      0x2c8 ./Drivers/STM32G0xx_HAL_Driver/Src/stm32g0xx_hal_gpio.o
                0x08007d74                HAL_GPIO_Init
 .text.HAL_GPIO_ReadPin
                0x0800803c       0x3a ./Drivers/STM32G0xx_HAL_Driver/Src/stm32g0xx_hal_gpio.o
                0x0800803c                HAL_GPIO_ReadPin
 .text.HAL_GPIO_WritePin
                0x08008076       0x3a ./Drivers/STM32G0xx_HAL_Driver/Src/stm32g0xx_hal_gpio.o
                0x08008076                HAL_GPIO_WritePin
 .text.HAL_GPIO_EXTI_IRQHandler
                0x080080b0       0x54 ./Drivers/STM32G0xx_HAL_Driver/Src/stm32g0xx_hal_gpio.o
                0x080080b0                HAL_GPIO_EXTI_IRQHandler
 .text.HAL_LPTIM_Init
                0x08008104      0x160 ./Drivers/STM32G0xx_HAL_Driver/Src/stm32g0xx_hal_lptim.o
                0x08008104                HAL_LPTIM_Init
 .text.HAL_LPTIM_SetOnce_Start_IT
                0x08008264      0x128 ./Drivers/STM32G0xx_HAL_Driver/Src/stm32g0xx_hal_lptim.o
                0x08008264                HAL_LPTIM_SetOnce_Start_IT
 .text.HAL_LPTIM_IRQHandler
                0x0800838c      0x152 ./Drivers/STM32G0xx_HAL_Driver/Src/stm32g0xx_hal_lptim.o
                0x0800838c                HAL_LPTIM_IRQHandler
 .text.HAL_LPTIM_CompareMatchCallback
                0x080084de       0x10 ./Drivers/STM32G0xx_HAL_Driver/Src/stm32g0xx_hal_lptim.o
                0x080084de                HAL_LPTIM_CompareMatchCallback
 .text.HAL_LPTIM_AutoReloadMatchCallback
                0x080084ee       0x10 ./Drivers/STM32G0xx_HAL_Driver/Src/stm32g0xx_hal_lptim.o
                0x080084ee                HAL_LPTIM_AutoReloadMatchCallback
 .text.HAL_LPTIM_TriggerCallback
                0x080084fe       0x10 ./Drivers/STM32G0xx_HAL_Driver/Src/stm32g0xx_hal_lptim.o
                0x080084fe                HAL_LPTIM_TriggerCallback
 .text.HAL_LPTIM_CompareWriteCallback
                0x0800850e       0x10 ./Drivers/STM32G0xx_HAL_Driver/Src/stm32g0xx_hal_lptim.o
                0x0800850e                HAL_LPTIM_CompareWriteCallback
 .text.HAL_LPTIM_AutoReloadWriteCallback
                0x0800851e       0x10 ./Drivers/STM32G0xx_HAL_Driver/Src/stm32g0xx_hal_lptim.o
                0x0800851e                HAL_LPTIM_AutoReloadWriteCallback
 .text.HAL_LPTIM_DirectionUpCallback
                0x0800852e       0x10 ./Drivers/STM32G0xx_HAL_Driver/Src/stm32g0xx_hal_lptim.o
                0x0800852e                HAL_LPTIM_DirectionUpCallback
 .text.HAL_LPTIM_DirectionDownCallback
                0x0800853e       0x10 ./Drivers/STM32G0xx_HAL_Driver/Src/stm32g0xx_hal_lptim.o
                0x0800853e                HAL_LPTIM_DirectionDownCallback
 *fill*         0x0800854e        0x2 
 .text.HAL_LPTIM_RegisterCallback
                0x08008550       0xe8 ./Drivers/STM32G0xx_HAL_Driver/Src/stm32g0xx_hal_lptim.o
                0x08008550                HAL_LPTIM_RegisterCallback
 .text.HAL_LPTIM_GetState
                0x08008638       0x18 ./Drivers/STM32G0xx_HAL_Driver/Src/stm32g0xx_hal_lptim.o
                0x08008638                HAL_LPTIM_GetState
 .text.LPTIM_ResetCallback
                0x08008650       0x58 ./Drivers/STM32G0xx_HAL_Driver/Src/stm32g0xx_hal_lptim.o
 .text.LPTIM_WaitForFlag
                0x080086a8       0x70 ./Drivers/STM32G0xx_HAL_Driver/Src/stm32g0xx_hal_lptim.o
 .text.LPTIM_Disable
                0x08008718      0x208 ./Drivers/STM32G0xx_HAL_Driver/Src/stm32g0xx_hal_lptim.o
                0x08008718                LPTIM_Disable
 .text.HAL_PWREx_ControlVoltageScaling
                0x08008920       0x80 ./Drivers/STM32G0xx_HAL_Driver/Src/stm32g0xx_hal_pwr_ex.o
                0x08008920                HAL_PWREx_ControlVoltageScaling
 .text.LL_RCC_GetAPB1Prescaler
                0x080089a0       0x18 ./Drivers/STM32G0xx_HAL_Driver/Src/stm32g0xx_hal_rcc.o
 .text.HAL_RCC_OscConfig
                0x080089b8      0x634 ./Drivers/STM32G0xx_HAL_Driver/Src/stm32g0xx_hal_rcc.o
                0x080089b8                HAL_RCC_OscConfig
 .text.HAL_RCC_ClockConfig
                0x08008fec      0x210 ./Drivers/STM32G0xx_HAL_Driver/Src/stm32g0xx_hal_rcc.o
                0x08008fec                HAL_RCC_ClockConfig
 .text.HAL_RCC_GetSysClockFreq
                0x080091fc      0x104 ./Drivers/STM32G0xx_HAL_Driver/Src/stm32g0xx_hal_rcc.o
                0x080091fc                HAL_RCC_GetSysClockFreq
 .text.HAL_RCC_GetHCLKFreq
                0x08009300       0x14 ./Drivers/STM32G0xx_HAL_Driver/Src/stm32g0xx_hal_rcc.o
                0x08009300                HAL_RCC_GetHCLKFreq
 .text.HAL_RCC_GetPCLK1Freq
                0x08009314       0x2c ./Drivers/STM32G0xx_HAL_Driver/Src/stm32g0xx_hal_rcc.o
                0x08009314                HAL_RCC_GetPCLK1Freq
 .text.HAL_RCCEx_PeriphCLKConfig
                0x08009340      0x2f4 ./Drivers/STM32G0xx_HAL_Driver/Src/stm32g0xx_hal_rcc_ex.o
                0x08009340                HAL_RCCEx_PeriphCLKConfig
 .text.HAL_TIM_Base_Init
                0x08009634       0xcc ./Drivers/STM32G0xx_HAL_Driver/Src/stm32g0xx_hal_tim.o
                0x08009634                HAL_TIM_Base_Init
 .text.HAL_TIM_Base_Start
                0x08009700       0x98 ./Drivers/STM32G0xx_HAL_Driver/Src/stm32g0xx_hal_tim.o
                0x08009700                HAL_TIM_Base_Start
 .text.HAL_TIM_Base_Start_IT
                0x08009798       0xa8 ./Drivers/STM32G0xx_HAL_Driver/Src/stm32g0xx_hal_tim.o
                0x08009798                HAL_TIM_Base_Start_IT
 .text.HAL_TIM_OC_Init
                0x08009840       0xcc ./Drivers/STM32G0xx_HAL_Driver/Src/stm32g0xx_hal_tim.o
                0x08009840                HAL_TIM_OC_Init
 .text.HAL_TIM_OC_MspInit
                0x0800990c       0x10 ./Drivers/STM32G0xx_HAL_Driver/Src/stm32g0xx_hal_tim.o
                0x0800990c                HAL_TIM_OC_MspInit
 .text.HAL_TIM_OC_Start_IT
                0x0800991c      0x248 ./Drivers/STM32G0xx_HAL_Driver/Src/stm32g0xx_hal_tim.o
                0x0800991c                HAL_TIM_OC_Start_IT
 .text.HAL_TIM_OC_Stop_IT
                0x08009b64      0x19c ./Drivers/STM32G0xx_HAL_Driver/Src/stm32g0xx_hal_tim.o
                0x08009b64                HAL_TIM_OC_Stop_IT
 .text.HAL_TIM_PWM_Init
                0x08009d00       0xcc ./Drivers/STM32G0xx_HAL_Driver/Src/stm32g0xx_hal_tim.o
                0x08009d00                HAL_TIM_PWM_Init
 .text.HAL_TIM_PWM_MspInit
                0x08009dcc       0x10 ./Drivers/STM32G0xx_HAL_Driver/Src/stm32g0xx_hal_tim.o
                0x08009dcc                HAL_TIM_PWM_MspInit
 .text.HAL_TIM_PWM_Start
                0x08009ddc      0x1bc ./Drivers/STM32G0xx_HAL_Driver/Src/stm32g0xx_hal_tim.o
                0x08009ddc                HAL_TIM_PWM_Start
 .text.HAL_TIM_IC_Init
                0x08009f98       0xcc ./Drivers/STM32G0xx_HAL_Driver/Src/stm32g0xx_hal_tim.o
                0x08009f98                HAL_TIM_IC_Init
 .text.HAL_TIM_IC_MspInit
                0x0800a064       0x10 ./Drivers/STM32G0xx_HAL_Driver/Src/stm32g0xx_hal_tim.o
                0x0800a064                HAL_TIM_IC_MspInit
 .text.HAL_TIM_IC_Start_IT
                0x0800a074      0x260 ./Drivers/STM32G0xx_HAL_Driver/Src/stm32g0xx_hal_tim.o
                0x0800a074                HAL_TIM_IC_Start_IT
 .text.HAL_TIM_IRQHandler
                0x0800a2d4      0x254 ./Drivers/STM32G0xx_HAL_Driver/Src/stm32g0xx_hal_tim.o
                0x0800a2d4                HAL_TIM_IRQHandler
 .text.HAL_TIM_OC_ConfigChannel
                0x0800a528       0xc0 ./Drivers/STM32G0xx_HAL_Driver/Src/stm32g0xx_hal_tim.o
                0x0800a528                HAL_TIM_OC_ConfigChannel
 .text.HAL_TIM_IC_ConfigChannel
                0x0800a5e8      0x148 ./Drivers/STM32G0xx_HAL_Driver/Src/stm32g0xx_hal_tim.o
                0x0800a5e8                HAL_TIM_IC_ConfigChannel
 .text.HAL_TIM_PWM_ConfigChannel
                0x0800a730      0x200 ./Drivers/STM32G0xx_HAL_Driver/Src/stm32g0xx_hal_tim.o
                0x0800a730                HAL_TIM_PWM_ConfigChannel
 .text.HAL_TIM_ConfigClockSource
                0x0800a930      0x1ac ./Drivers/STM32G0xx_HAL_Driver/Src/stm32g0xx_hal_tim.o
                0x0800a930                HAL_TIM_ConfigClockSource
 .text.HAL_TIM_ReadCapturedValue
                0x0800aadc       0x68 ./Drivers/STM32G0xx_HAL_Driver/Src/stm32g0xx_hal_tim.o
                0x0800aadc                HAL_TIM_ReadCapturedValue
 .text.HAL_TIM_PeriodElapsedCallback
                0x0800ab44       0x10 ./Drivers/STM32G0xx_HAL_Driver/Src/stm32g0xx_hal_tim.o
                0x0800ab44                HAL_TIM_PeriodElapsedCallback
 .text.HAL_TIM_PeriodElapsedHalfCpltCallback
                0x0800ab54       0x10 ./Drivers/STM32G0xx_HAL_Driver/Src/stm32g0xx_hal_tim.o
                0x0800ab54                HAL_TIM_PeriodElapsedHalfCpltCallback
 .text.HAL_TIM_OC_DelayElapsedCallback
                0x0800ab64       0x10 ./Drivers/STM32G0xx_HAL_Driver/Src/stm32g0xx_hal_tim.o
                0x0800ab64                HAL_TIM_OC_DelayElapsedCallback
 .text.HAL_TIM_IC_CaptureCallback
                0x0800ab74       0x10 ./Drivers/STM32G0xx_HAL_Driver/Src/stm32g0xx_hal_tim.o
                0x0800ab74                HAL_TIM_IC_CaptureCallback
 .text.HAL_TIM_IC_CaptureHalfCpltCallback
                0x0800ab84       0x10 ./Drivers/STM32G0xx_HAL_Driver/Src/stm32g0xx_hal_tim.o
                0x0800ab84                HAL_TIM_IC_CaptureHalfCpltCallback
 .text.HAL_TIM_PWM_PulseFinishedCallback
                0x0800ab94       0x10 ./Drivers/STM32G0xx_HAL_Driver/Src/stm32g0xx_hal_tim.o
                0x0800ab94                HAL_TIM_PWM_PulseFinishedCallback
 .text.HAL_TIM_PWM_PulseFinishedHalfCpltCallback
                0x0800aba4       0x10 ./Drivers/STM32G0xx_HAL_Driver/Src/stm32g0xx_hal_tim.o
                0x0800aba4                HAL_TIM_PWM_PulseFinishedHalfCpltCallback
 .text.HAL_TIM_TriggerCallback
                0x0800abb4       0x10 ./Drivers/STM32G0xx_HAL_Driver/Src/stm32g0xx_hal_tim.o
                0x0800abb4                HAL_TIM_TriggerCallback
 .text.HAL_TIM_TriggerHalfCpltCallback
                0x0800abc4       0x10 ./Drivers/STM32G0xx_HAL_Driver/Src/stm32g0xx_hal_tim.o
                0x0800abc4                HAL_TIM_TriggerHalfCpltCallback
 .text.HAL_TIM_ErrorCallback
                0x0800abd4       0x10 ./Drivers/STM32G0xx_HAL_Driver/Src/stm32g0xx_hal_tim.o
                0x0800abd4                HAL_TIM_ErrorCallback
 .text.HAL_TIM_RegisterCallback
                0x0800abe4      0x20c ./Drivers/STM32G0xx_HAL_Driver/Src/stm32g0xx_hal_tim.o
                0x0800abe4                HAL_TIM_RegisterCallback
 .text.TIM_Base_SetConfig
                0x0800adf0      0x108 ./Drivers/STM32G0xx_HAL_Driver/Src/stm32g0xx_hal_tim.o
                0x0800adf0                TIM_Base_SetConfig
 .text.TIM_OC1_SetConfig
                0x0800aef8      0x100 ./Drivers/STM32G0xx_HAL_Driver/Src/stm32g0xx_hal_tim.o
 .text.TIM_OC2_SetConfig
                0x0800aff8       0xfc ./Drivers/STM32G0xx_HAL_Driver/Src/stm32g0xx_hal_tim.o
                0x0800aff8                TIM_OC2_SetConfig
 .text.TIM_OC3_SetConfig
                0x0800b0f4      0x104 ./Drivers/STM32G0xx_HAL_Driver/Src/stm32g0xx_hal_tim.o
 .text.TIM_OC4_SetConfig
                0x0800b1f8       0xc8 ./Drivers/STM32G0xx_HAL_Driver/Src/stm32g0xx_hal_tim.o
 .text.TIM_OC5_SetConfig
                0x0800b2c0       0xb4 ./Drivers/STM32G0xx_HAL_Driver/Src/stm32g0xx_hal_tim.o
 .text.TIM_OC6_SetConfig
                0x0800b374       0xbc ./Drivers/STM32G0xx_HAL_Driver/Src/stm32g0xx_hal_tim.o
 .text.TIM_TI1_SetConfig
                0x0800b430       0xac ./Drivers/STM32G0xx_HAL_Driver/Src/stm32g0xx_hal_tim.o
                0x0800b430                TIM_TI1_SetConfig
 .text.TIM_TI1_ConfigInputStage
                0x0800b4dc       0x5c ./Drivers/STM32G0xx_HAL_Driver/Src/stm32g0xx_hal_tim.o
 .text.TIM_TI2_SetConfig
                0x0800b538       0x84 ./Drivers/STM32G0xx_HAL_Driver/Src/stm32g0xx_hal_tim.o
 .text.TIM_TI2_ConfigInputStage
                0x0800b5bc       0x64 ./Drivers/STM32G0xx_HAL_Driver/Src/stm32g0xx_hal_tim.o
 .text.TIM_TI3_SetConfig
                0x0800b620       0x80 ./Drivers/STM32G0xx_HAL_Driver/Src/stm32g0xx_hal_tim.o
 .text.TIM_TI4_SetConfig
                0x0800b6a0       0x8c ./Drivers/STM32G0xx_HAL_Driver/Src/stm32g0xx_hal_tim.o
 .text.TIM_ITRx_SetConfig
                0x0800b72c       0x38 ./Drivers/STM32G0xx_HAL_Driver/Src/stm32g0xx_hal_tim.o
 .text.TIM_ETR_SetConfig
                0x0800b764       0x40 ./Drivers/STM32G0xx_HAL_Driver/Src/stm32g0xx_hal_tim.o
                0x0800b764                TIM_ETR_SetConfig
 .text.TIM_CCxChannelCmd
                0x0800b7a4       0x46 ./Drivers/STM32G0xx_HAL_Driver/Src/stm32g0xx_hal_tim.o
                0x0800b7a4                TIM_CCxChannelCmd
 *fill*         0x0800b7ea        0x2 
 .text.TIM_ResetCallback
                0x0800b7ec       0xb8 ./Drivers/STM32G0xx_HAL_Driver/Src/stm32g0xx_hal_tim.o
                0x0800b7ec                TIM_ResetCallback
 .text.HAL_TIMEx_MasterConfigSynchronization
                0x0800b8a4       0xd0 ./Drivers/STM32G0xx_HAL_Driver/Src/stm32g0xx_hal_tim_ex.o
                0x0800b8a4                HAL_TIMEx_MasterConfigSynchronization
 .text.HAL_TIMEx_ConfigBreakDeadTime
                0x0800b974      0x138 ./Drivers/STM32G0xx_HAL_Driver/Src/stm32g0xx_hal_tim_ex.o
                0x0800b974                HAL_TIMEx_ConfigBreakDeadTime
 .text.HAL_TIMEx_CommutCallback
                0x0800baac       0x10 ./Drivers/STM32G0xx_HAL_Driver/Src/stm32g0xx_hal_tim_ex.o
                0x0800baac                HAL_TIMEx_CommutCallback
 .text.HAL_TIMEx_CommutHalfCpltCallback
                0x0800babc       0x10 ./Drivers/STM32G0xx_HAL_Driver/Src/stm32g0xx_hal_tim_ex.o
                0x0800babc                HAL_TIMEx_CommutHalfCpltCallback
 .text.HAL_TIMEx_BreakCallback
                0x0800bacc       0x10 ./Drivers/STM32G0xx_HAL_Driver/Src/stm32g0xx_hal_tim_ex.o
                0x0800bacc                HAL_TIMEx_BreakCallback
 .text.HAL_TIMEx_Break2Callback
                0x0800badc       0x10 ./Drivers/STM32G0xx_HAL_Driver/Src/stm32g0xx_hal_tim_ex.o
                0x0800badc                HAL_TIMEx_Break2Callback
 .text.HAL_UART_Init
                0x0800baec       0xd0 ./Drivers/STM32G0xx_HAL_Driver/Src/stm32g0xx_hal_uart.o
                0x0800baec                HAL_UART_Init
 .text.HAL_UART_RegisterCallback
                0x0800bbbc      0x160 ./Drivers/STM32G0xx_HAL_Driver/Src/stm32g0xx_hal_uart.o
                0x0800bbbc                HAL_UART_RegisterCallback
 .text.HAL_UART_Receive_DMA
                0x0800bd1c       0xbc ./Drivers/STM32G0xx_HAL_Driver/Src/stm32g0xx_hal_uart.o
                0x0800bd1c                HAL_UART_Receive_DMA
 .text.HAL_UART_IRQHandler
                0x0800bdd8      0x668 ./Drivers/STM32G0xx_HAL_Driver/Src/stm32g0xx_hal_uart.o
                0x0800bdd8                HAL_UART_IRQHandler
 .text.HAL_UART_TxCpltCallback
                0x0800c440       0x10 ./Drivers/STM32G0xx_HAL_Driver/Src/stm32g0xx_hal_uart.o
                0x0800c440                HAL_UART_TxCpltCallback
 .text.HAL_UART_TxHalfCpltCallback
                0x0800c450       0x10 ./Drivers/STM32G0xx_HAL_Driver/Src/stm32g0xx_hal_uart.o
                0x0800c450                HAL_UART_TxHalfCpltCallback
 .text.HAL_UART_RxCpltCallback
                0x0800c460       0x10 ./Drivers/STM32G0xx_HAL_Driver/Src/stm32g0xx_hal_uart.o
                0x0800c460                HAL_UART_RxCpltCallback
 .text.HAL_UART_RxHalfCpltCallback
                0x0800c470       0x10 ./Drivers/STM32G0xx_HAL_Driver/Src/stm32g0xx_hal_uart.o
                0x0800c470                HAL_UART_RxHalfCpltCallback
 .text.HAL_UART_ErrorCallback
                0x0800c480       0x10 ./Drivers/STM32G0xx_HAL_Driver/Src/stm32g0xx_hal_uart.o
                0x0800c480                HAL_UART_ErrorCallback
 .text.HAL_UART_AbortCpltCallback
                0x0800c490       0x10 ./Drivers/STM32G0xx_HAL_Driver/Src/stm32g0xx_hal_uart.o
                0x0800c490                HAL_UART_AbortCpltCallback
 .text.HAL_UART_AbortTransmitCpltCallback
                0x0800c4a0       0x10 ./Drivers/STM32G0xx_HAL_Driver/Src/stm32g0xx_hal_uart.o
                0x0800c4a0                HAL_UART_AbortTransmitCpltCallback
 .text.HAL_UART_AbortReceiveCpltCallback
                0x0800c4b0       0x10 ./Drivers/STM32G0xx_HAL_Driver/Src/stm32g0xx_hal_uart.o
                0x0800c4b0                HAL_UART_AbortReceiveCpltCallback
 .text.HAL_UARTEx_RxEventCallback
                0x0800c4c0       0x16 ./Drivers/STM32G0xx_HAL_Driver/Src/stm32g0xx_hal_uart.o
                0x0800c4c0                HAL_UARTEx_RxEventCallback
 *fill*         0x0800c4d6        0x2 
 .text.UART_InitCallbacksToDefault
                0x0800c4d8       0xa0 ./Drivers/STM32G0xx_HAL_Driver/Src/stm32g0xx_hal_uart.o
                0x0800c4d8                UART_InitCallbacksToDefault
 .text.UART_SetConfig
                0x0800c578      0x4f0 ./Drivers/STM32G0xx_HAL_Driver/Src/stm32g0xx_hal_uart.o
                0x0800c578                UART_SetConfig
 .text.UART_AdvFeatureConfig
                0x0800ca68      0x168 ./Drivers/STM32G0xx_HAL_Driver/Src/stm32g0xx_hal_uart.o
                0x0800ca68                UART_AdvFeatureConfig
 .text.UART_CheckIdleState
                0x0800cbd0      0x154 ./Drivers/STM32G0xx_HAL_Driver/Src/stm32g0xx_hal_uart.o
                0x0800cbd0                UART_CheckIdleState
 .text.UART_WaitOnFlagUntilTimeout
                0x0800cd24       0xde ./Drivers/STM32G0xx_HAL_Driver/Src/stm32g0xx_hal_uart.o
                0x0800cd24                UART_WaitOnFlagUntilTimeout
 *fill*         0x0800ce02        0x2 
 .text.UART_Start_Receive_DMA
                0x0800ce04      0x14c ./Drivers/STM32G0xx_HAL_Driver/Src/stm32g0xx_hal_uart.o
                0x0800ce04                UART_Start_Receive_DMA
 .text.UART_EndTxTransfer
                0x0800cf50       0x80 ./Drivers/STM32G0xx_HAL_Driver/Src/stm32g0xx_hal_uart.o
 .text.UART_EndRxTransfer
                0x0800cfd0       0xcc ./Drivers/STM32G0xx_HAL_Driver/Src/stm32g0xx_hal_uart.o
 .text.UART_DMAReceiveCplt
                0x0800d09c      0x134 ./Drivers/STM32G0xx_HAL_Driver/Src/stm32g0xx_hal_uart.o
 .text.UART_DMARxHalfCplt
                0x0800d1d0       0x48 ./Drivers/STM32G0xx_HAL_Driver/Src/stm32g0xx_hal_uart.o
 .text.UART_DMAError
                0x0800d218       0x8a ./Drivers/STM32G0xx_HAL_Driver/Src/stm32g0xx_hal_uart.o
 .text.UART_DMAAbortOnError
                0x0800d2a2       0x32 ./Drivers/STM32G0xx_HAL_Driver/Src/stm32g0xx_hal_uart.o
 .text.UART_EndTransmit_IT
                0x0800d2d4       0x5c ./Drivers/STM32G0xx_HAL_Driver/Src/stm32g0xx_hal_uart.o
 .text.HAL_UARTEx_WakeupCallback
                0x0800d330       0x10 ./Drivers/STM32G0xx_HAL_Driver/Src/stm32g0xx_hal_uart_ex.o
                0x0800d330                HAL_UARTEx_WakeupCallback
 .text.HAL_UARTEx_RxFifoFullCallback
                0x0800d340       0x10 ./Drivers/STM32G0xx_HAL_Driver/Src/stm32g0xx_hal_uart_ex.o
                0x0800d340                HAL_UARTEx_RxFifoFullCallback
 .text.HAL_UARTEx_TxFifoEmptyCallback
                0x0800d350       0x10 ./Drivers/STM32G0xx_HAL_Driver/Src/stm32g0xx_hal_uart_ex.o
                0x0800d350                HAL_UARTEx_TxFifoEmptyCallback
 .text.memset   0x0800d360       0x10 /Applications/STM32CubeIDE.app/Contents/Eclipse/plugins/com.st.stm32cube.ide.mcu.externaltools.gnu-tools-for-stm32.13.3.rel1.macos64_1.0.0.202411102158/tools/bin/../lib/gcc/arm-none-eabi/13.3.1/../../../../arm-none-eabi/lib/thumb/v6-m/nofp/libc_nano.a(libc_a-memset.o)
                0x0800d360                memset
 .text.__libc_init_array
                0x0800d370       0x48 /Applications/STM32CubeIDE.app/Contents/Eclipse/plugins/com.st.stm32cube.ide.mcu.externaltools.gnu-tools-for-stm32.13.3.rel1.macos64_1.0.0.202411102158/tools/bin/../lib/gcc/arm-none-eabi/13.3.1/../../../../arm-none-eabi/lib/thumb/v6-m/nofp/libc_nano.a(libc_a-init.o)
                0x0800d370                __libc_init_array
 .text.memcpy   0x0800d3b8       0x12 /Applications/STM32CubeIDE.app/Contents/Eclipse/plugins/com.st.stm32cube.ide.mcu.externaltools.gnu-tools-for-stm32.13.3.rel1.macos64_1.0.0.202411102158/tools/bin/../lib/gcc/arm-none-eabi/13.3.1/../../../../arm-none-eabi/lib/thumb/v6-m/nofp/libc_nano.a(libc_a-memcpy-stub.o)
                0x0800d3b8                memcpy
 *(.glue_7)
 .glue_7        0x0800d3ca        0x0 linker stubs
 *(.glue_7t)
 .glue_7t       0x0800d3ca        0x0 linker stubs
 *(.eh_frame)
 *fill*         0x0800d3ca        0x2 
 .eh_frame      0x0800d3cc        0x0 /Applications/STM32CubeIDE.app/Contents/Eclipse/plugins/com.st.stm32cube.ide.mcu.externaltools.gnu-tools-for-stm32.13.3.rel1.macos64_1.0.0.202411102158/tools/bin/../lib/gcc/arm-none-eabi/13.3.1/thumb/v6-m/nofp/crtbegin.o
 *(.init)
 .init          0x0800d3cc        0x4 /Applications/STM32CubeIDE.app/Contents/Eclipse/plugins/com.st.stm32cube.ide.mcu.externaltools.gnu-tools-for-stm32.13.3.rel1.macos64_1.0.0.202411102158/tools/bin/../lib/gcc/arm-none-eabi/13.3.1/thumb/v6-m/nofp/crti.o
                0x0800d3cc                _init
 .init          0x0800d3d0        0x8 /Applications/STM32CubeIDE.app/Contents/Eclipse/plugins/com.st.stm32cube.ide.mcu.externaltools.gnu-tools-for-stm32.13.3.rel1.macos64_1.0.0.202411102158/tools/bin/../lib/gcc/arm-none-eabi/13.3.1/thumb/v6-m/nofp/crtn.o
 *(.fini)
 .fini          0x0800d3d8        0x4 /Applications/STM32CubeIDE.app/Contents/Eclipse/plugins/com.st.stm32cube.ide.mcu.externaltools.gnu-tools-for-stm32.13.3.rel1.macos64_1.0.0.202411102158/tools/bin/../lib/gcc/arm-none-eabi/13.3.1/thumb/v6-m/nofp/crti.o
                0x0800d3d8                _fini
 .fini          0x0800d3dc        0x8 /Applications/STM32CubeIDE.app/Contents/Eclipse/plugins/com.st.stm32cube.ide.mcu.externaltools.gnu-tools-for-stm32.13.3.rel1.macos64_1.0.0.202411102158/tools/bin/../lib/gcc/arm-none-eabi/13.3.1/thumb/v6-m/nofp/crtn.o
 *fill*         0x0800d3e4        0x4 
 .fini.__stub   0x0800d3e8       0x10 linker stubs
                0x0800d3f8                        . = ALIGN (0x4)
                0x0800d3f8                        _etext = .

.vfp11_veneer   0x0800d3f8        0x0
 .vfp11_veneer  0x0800d3f8        0x0 linker stubs

.v4_bx          0x0800d3f8        0x0
 .v4_bx         0x0800d3f8        0x0 linker stubs

.iplt           0x0800d3f8        0x0
 .iplt          0x0800d3f8        0x0 /Applications/STM32CubeIDE.app/Contents/Eclipse/plugins/com.st.stm32cube.ide.mcu.externaltools.gnu-tools-for-stm32.13.3.rel1.macos64_1.0.0.202411102158/tools/bin/../lib/gcc/arm-none-eabi/13.3.1/thumb/v6-m/nofp/crtbegin.o

.rodata         0x0800d3f8      0xa88
                0x0800d3f8                        . = ALIGN (0x4)
 *(.rodata)
 .rodata        0x0800d3f8       0x10 ./Core/Src/startup.o
 *(.rodata*)
 .rodata.factory_preset_0
                0x0800d408        0x5 ./Core/Src/CC_and_PC.o
                0x0800d408                factory_preset_0
 *fill*         0x0800d40d        0x3 
 .rodata.factory_preset_1
                0x0800d410        0x5 ./Core/Src/CC_and_PC.o
                0x0800d410                factory_preset_1
 *fill*         0x0800d415        0x3 
 .rodata.factory_preset_2
                0x0800d418        0x5 ./Core/Src/CC_and_PC.o
                0x0800d418                factory_preset_2
 *fill*         0x0800d41d        0x3 
 .rodata.factory_preset_3
                0x0800d420        0x5 ./Core/Src/CC_and_PC.o
                0x0800d420                factory_preset_3
 *fill*         0x0800d425        0x3 
 .rodata.test_preset_0
                0x0800d428        0x5 ./Core/Src/CC_and_PC.o
                0x0800d428                test_preset_0
 *fill*         0x0800d42d        0x3 
 .rodata.sine_wavetable
                0x0800d430      0x400 ./Core/Src/oscillator.o
                0x0800d430                sine_wavetable
 .rodata.tri_wavetable
                0x0800d830      0x400 ./Core/Src/oscillator.o
                0x0800d830                tri_wavetable
 .rodata.num_ADC_conversions
                0x0800dc30        0x1 ./Core/Src/oscillator.o
                0x0800dc30                num_ADC_conversions
 *fill*         0x0800dc31        0x3 
 .rodata.AHBPrescTable
                0x0800dc34       0x40 ./Core/Src/system_stm32g0xx.o
                0x0800dc34                AHBPrescTable
 .rodata.APBPrescTable
                0x0800dc74       0x20 ./Core/Src/system_stm32g0xx.o
                0x0800dc74                APBPrescTable
 .rodata.HAL_ADC_RegisterCallback
                0x0800dc94       0x2c ./Drivers/STM32G0xx_HAL_Driver/Src/stm32g0xx_hal_adc.o
 .rodata.HAL_LPTIM_RegisterCallback
                0x0800dcc0       0x24 ./Drivers/STM32G0xx_HAL_Driver/Src/stm32g0xx_hal_lptim.o
 .rodata.HAL_TIM_OC_ConfigChannel
                0x0800dce4       0x54 ./Drivers/STM32G0xx_HAL_Driver/Src/stm32g0xx_hal_tim.o
 .rodata.HAL_TIM_PWM_ConfigChannel
                0x0800dd38       0x54 ./Drivers/STM32G0xx_HAL_Driver/Src/stm32g0xx_hal_tim.o
 .rodata.HAL_TIM_RegisterCallback
                0x0800dd8c       0xa8 ./Drivers/STM32G0xx_HAL_Driver/Src/stm32g0xx_hal_tim.o
 .rodata.UARTPrescTable
                0x0800de34       0x18 ./Drivers/STM32G0xx_HAL_Driver/Src/stm32g0xx_hal_uart.o
                0x0800de34                UARTPrescTable
 .rodata.HAL_UART_RegisterCallback
                0x0800de4c       0x34 ./Drivers/STM32G0xx_HAL_Driver/Src/stm32g0xx_hal_uart.o
                0x0800de80                        . = ALIGN (0x4)

.ARM.extab      0x0800de80        0x0
                0x0800de80                        . = ALIGN (0x4)
 *(.ARM.extab* .gnu.linkonce.armextab.*)
                0x0800de80                        . = ALIGN (0x4)

.ARM            0x0800de80        0x8
                0x0800de80                        . = ALIGN (0x4)
                0x0800de80                        __exidx_start = .
 *(.ARM.exidx*)
 .ARM.exidx     0x0800de80        0x8 /Applications/STM32CubeIDE.app/Contents/Eclipse/plugins/com.st.stm32cube.ide.mcu.externaltools.gnu-tools-for-stm32.13.3.rel1.macos64_1.0.0.202411102158/tools/bin/../lib/gcc/arm-none-eabi/13.3.1/thumb/v6-m/nofp/libgcc.a(_udivmoddi4.o)
                0x0800de88                        __exidx_end = .
                0x0800de88                        . = ALIGN (0x4)

.preinit_array  0x0800de88        0x0
                0x0800de88                        . = ALIGN (0x4)
                0x0800de88                        PROVIDE (__preinit_array_start = .)
 *(.preinit_array*)
                0x0800de88                        PROVIDE (__preinit_array_end = .)
                0x0800de88                        . = ALIGN (0x4)

.init_array     0x0800de88        0x4
                0x0800de88                        . = ALIGN (0x4)
                0x0800de88                        PROVIDE (__init_array_start = .)
 *(SORT_BY_NAME(.init_array.*))
 *(.init_array*)
 .init_array    0x0800de88        0x4 /Applications/STM32CubeIDE.app/Contents/Eclipse/plugins/com.st.stm32cube.ide.mcu.externaltools.gnu-tools-for-stm32.13.3.rel1.macos64_1.0.0.202411102158/tools/bin/../lib/gcc/arm-none-eabi/13.3.1/thumb/v6-m/nofp/crtbegin.o
                0x0800de8c                        PROVIDE (__init_array_end = .)
                0x0800de8c                        . = ALIGN (0x4)

.fini_array     0x0800de8c        0x4
                0x0800de8c                        . = ALIGN (0x4)
                [!provide]                        PROVIDE (__fini_array_start = .)
 *(SORT_BY_NAME(.fini_array.*))
 *(.fini_array*)
 .fini_array    0x0800de8c        0x4 /Applications/STM32CubeIDE.app/Contents/Eclipse/plugins/com.st.stm32cube.ide.mcu.externaltools.gnu-tools-for-stm32.13.3.rel1.macos64_1.0.0.202411102158/tools/bin/../lib/gcc/arm-none-eabi/13.3.1/thumb/v6-m/nofp/crtbegin.o
                [!provide]                        PROVIDE (__fini_array_end = .)
                0x0800de90                        . = ALIGN (0x4)
                0x0800de90                        _sidata = LOADADDR (.data)

.rel.dyn        0x0800de90        0x0
 .rel.iplt      0x0800de90        0x0 /Applications/STM32CubeIDE.app/Contents/Eclipse/plugins/com.st.stm32cube.ide.mcu.externaltools.gnu-tools-for-stm32.13.3.rel1.macos64_1.0.0.202411102158/tools/bin/../lib/gcc/arm-none-eabi/13.3.1/thumb/v6-m/nofp/crtbegin.o

.data           0x20000000      0x4d4 load address 0x0800de90
                0x20000000                        . = ALIGN (0x4)
                0x20000000                        _sdata = .
 *(.data)
 *(.data*)
 .data.user_preset_0
                0x20000000        0x5 ./Core/Src/CC_and_PC.o
                0x20000000                user_preset_0
 *fill*         0x20000005        0x3 
 .data.user_preset_1
                0x20000008        0x5 ./Core/Src/CC_and_PC.o
                0x20000008                user_preset_1
 *fill*         0x2000000d        0x3 
 .data.user_preset_2
                0x20000010        0x5 ./Core/Src/CC_and_PC.o
                0x20000010                user_preset_2
 *fill*         0x20000015        0x3 
 .data.user_preset_3
                0x20000018        0x5 ./Core/Src/CC_and_PC.o
                0x20000018                user_preset_3
 .data.tap_tempo_switch_state_counter.1
                0x2000001d        0x1 ./Core/Src/checking_functions.o
 *fill*         0x2000001e        0x2 
 .data.delay_line
                0x20000020      0x406 ./Core/Src/oscillator.o
                0x20000020                delay_line
 *fill*         0x20000426        0x2 
 .data.speed_fsm
                0x20000428        0x2 ./Core/Src/state_machine.o
                0x20000428                speed_fsm
 *fill*         0x2000042a        0x2 
 .data.depth_fsm
                0x2000042c        0x2 ./Core/Src/state_machine.o
                0x2000042c                depth_fsm
 *fill*         0x2000042e        0x2 
 .data.waveshape_fsm
                0x20000430        0x2 ./Core/Src/state_machine.o
                0x20000430                waveshape_fsm
 *fill*         0x20000432        0x2 
 .data.symmetry_fsm
                0x20000434        0x2 ./Core/Src/state_machine.o
                0x20000434                symmetry_fsm
 *fill*         0x20000436        0x2 
 .data.phase_fsm
                0x20000438        0x2 ./Core/Src/state_machine.o
                0x20000438                phase_fsm
 *fill*         0x2000043a        0x2 
 .data.IP_CAP_fsm
                0x2000043c        0x2 ./Core/Src/state_machine.o
                0x2000043c                IP_CAP_fsm
 *fill*         0x2000043e        0x2 
 .data.SystemCoreClock
                0x20000440        0x4 ./Core/Src/system_stm32g0xx.o
                0x20000440                SystemCoreClock
 .data.uwTickPrio
                0x20000444        0x4 ./Drivers/STM32G0xx_HAL_Driver/Src/stm32g0xx_hal.o
                0x20000444                uwTickPrio
 .data.uwTickFreq
                0x20000448        0x1 ./Drivers/STM32G0xx_HAL_Driver/Src/stm32g0xx_hal.o
                0x20000448                uwTickFreq
 *(.RamFunc)
 *fill*         0x20000449        0x3 
 .RamFunc       0x2000044c       0x88 ./Drivers/STM32G0xx_HAL_Driver/Src/stm32g0xx_hal_flash.o
 *(.RamFunc*)
                0x200004d4                        . = ALIGN (0x4)
                0x200004d4                        _edata = .

.igot.plt       0x200004d4        0x0 load address 0x0800e364
 .igot.plt      0x200004d4        0x0 /Applications/STM32CubeIDE.app/Contents/Eclipse/plugins/com.st.stm32cube.ide.mcu.externaltools.gnu-tools-for-stm32.13.3.rel1.macos64_1.0.0.202411102158/tools/bin/../lib/gcc/arm-none-eabi/13.3.1/thumb/v6-m/nofp/crtbegin.o
                0x200004d4                        . = ALIGN (0x4)

.bss            0x200004d4      0x8ac load address 0x0800e364
                0x200004d4                        _sbss = .
                0x200004d4                        __bss_start__ = _sbss
 *(.bss)
 .bss           0x200004d4       0x1c /Applications/STM32CubeIDE.app/Contents/Eclipse/plugins/com.st.stm32cube.ide.mcu.externaltools.gnu-tools-for-stm32.13.3.rel1.macos64_1.0.0.202411102158/tools/bin/../lib/gcc/arm-none-eabi/13.3.1/thumb/v6-m/nofp/crtbegin.o
 *(.bss*)
 .bss.test_preset_1
                0x200004f0        0x5 ./Core/Src/CC_and_PC.o
                0x200004f0                test_preset_1
 *fill*         0x200004f5        0x3 
 .bss.factory_presets_array
                0x200004f8       0x10 ./Core/Src/CC_and_PC.o
                0x200004f8                factory_presets_array
 .bss.user_presets_array
                0x20000508       0x10 ./Core/Src/CC_and_PC.o
                0x20000508                user_presets_array
 .bss.presets_converted_array
                0x20000518       0x28 ./Core/Src/CC_and_PC.o
                0x20000518                presets_converted_array
 .bss.preset_selected
                0x20000540        0x1 ./Core/Src/CC_and_PC.o
                0x20000540                preset_selected
 *fill*         0x20000541        0x3 
 .bss.user_presets_used_array
                0x20000544        0x4 ./Core/Src/CC_and_PC.o
                0x20000544                user_presets_used_array
 .bss.CC_array  0x20000548        0x5 ./Core/Src/CC_and_PC.o
                0x20000548                CC_array
 .bss.MIDI_basic_channel
                0x2000054d        0x1 ./Core/Src/MIDI.o
                0x2000054d                MIDI_basic_channel
 .bss.active_status_byte
                0x2000054e        0x1 ./Core/Src/MIDI.o
                0x2000054e                active_status_byte
 .bss.running_status_byte
                0x2000054f        0x1 ./Core/Src/MIDI.o
                0x2000054f                running_status_byte
 .bss.MIDI_data
                0x20000550        0xa ./Core/Src/MIDI.o
                0x20000550                MIDI_data
 *fill*         0x2000055a        0x2 
 .bss.rx_buffer
                0x2000055c        0x1 ./Core/Src/UART.o
                0x2000055c                rx_buffer
 .bss.waveshape_pot_adc_measurement_num
                0x2000055d        0x1 ./Core/Src/checking_functions.o
                0x2000055d                waveshape_pot_adc_measurement_num
 .bss.speed_pot_adc_measurement_num
                0x2000055e        0x1 ./Core/Src/checking_functions.o
                0x2000055e                speed_pot_adc_measurement_num
 .bss.depth_pot_adc_measurement_num
                0x2000055f        0x1 ./Core/Src/checking_functions.o
                0x2000055f                depth_pot_adc_measurement_num
 .bss.symmetry_pot_adc_measurement_num
                0x20000560        0x1 ./Core/Src/checking_functions.o
                0x20000560                symmetry_pot_adc_measurement_num
 .bss.phase_pot_adc_measurement_num
                0x20000561        0x1 ./Core/Src/checking_functions.o
                0x20000561                phase_pot_adc_measurement_num
 .bss.pots_counter
                0x20000562        0x1 ./Core/Src/checking_functions.o
                0x20000562                pots_counter
 *fill*         0x20000563        0x1 
 .bss.first_waveshape_measurement.11
                0x20000564        0x2 ./Core/Src/checking_functions.o
 .bss.second_waveshape_measurement.10
                0x20000566        0x2 ./Core/Src/checking_functions.o
 .bss.first_speed_measurement.9
                0x20000568        0x2 ./Core/Src/checking_functions.o
 .bss.second_speed_measurement.8
                0x2000056a        0x2 ./Core/Src/checking_functions.o
 .bss.first_depth_measurement.7
                0x2000056c        0x2 ./Core/Src/checking_functions.o
 .bss.second_depth_measurement.6
                0x2000056e        0x2 ./Core/Src/checking_functions.o
 .bss.first_symmetry_measurement.5
                0x20000570        0x2 ./Core/Src/checking_functions.o
 .bss.second_symmetry_measurement.4
                0x20000572        0x2 ./Core/Src/checking_functions.o
 .bss.first_phase_measurement.3
                0x20000574        0x2 ./Core/Src/checking_functions.o
 .bss.second_phase_measurement.2
                0x20000576        0x2 ./Core/Src/checking_functions.o
 .bss.extend_rising_edge.0
                0x20000578        0x1 ./Core/Src/checking_functions.o
 *fill*         0x20000579        0x3 
 .bss.hadc1     0x2000057c       0x88 ./Core/Src/config.o
                0x2000057c                hadc1
 .bss.hdma_adc1
                0x20000604       0x5c ./Core/Src/config.o
                0x20000604                hdma_adc1
 .bss.htim14    0x20000660       0xbc ./Core/Src/config.o
                0x20000660                htim14
 .bss.htim17    0x2000071c       0xbc ./Core/Src/config.o
                0x2000071c                htim17
 .bss.htim16    0x200007d8       0xbc ./Core/Src/config.o
                0x200007d8                htim16
 .bss.htim2     0x20000894       0xbc ./Core/Src/config.o
                0x20000894                htim2
 .bss.htim3     0x20000950       0xbc ./Core/Src/config.o
                0x20000950                htim3
 .bss.htim1     0x20000a0c       0xbc ./Core/Src/config.o
                0x20000a0c                htim1
 .bss.huart2    0x20000ac8       0xcc ./Core/Src/config.o
                0x20000ac8                huart2
 .bss.hdma_usart2_rx
                0x20000b94       0x5c ./Core/Src/config.o
                0x20000b94                hdma_usart2_rx
 .bss.hdma_usart2_tx
                0x20000bf0       0x5c ./Core/Src/config.o
                0x20000bf0                hdma_usart2_tx
 .bss.hlptim1   0x20000c4c       0x5c ./Core/Src/config.o
                0x20000c4c                hlptim1
 .bss.tap_tempo_switch_states.0
                0x20000ca8        0x2 ./Core/Src/custom_callbacks.o
 *fill*         0x20000caa        0x2 
 .bss.TIM2_ch1_input_capture_value
                0x20000cac        0x4 ./Core/Src/input_capture.o
                0x20000cac                TIM2_ch1_input_capture_value
 .bss.interrupt_period
                0x20000cb0        0x2 ./Core/Src/input_capture.o
                0x20000cb0                interrupt_period
 .bss.MIDI_CLK_tag
                0x20000cb2        0x1 ./Core/Src/input_capture.o
                0x20000cb2                MIDI_CLK_tag
 *fill*         0x20000cb3        0x1 
 .bss.statuses  0x20000cb4        0x4 ./Core/Src/main.o
                0x20000cb4                statuses
 .bss.idle_counter
                0x20000cb8        0x4 ./Core/Src/main.o
                0x20000cb8                idle_counter
 .bss.midi_counter
                0x20000cbc        0x4 ./Core/Src/main.o
                0x20000cbc                midi_counter
 .bss.ADCResultsDMA
                0x20000cc0        0xa ./Core/Src/oscillator.o
                0x20000cc0                ADCResultsDMA
 *fill*         0x20000cca        0x2 
 .bss.params    0x20000ccc       0x24 ./Core/Src/oscillator.o
                0x20000ccc                params
 .bss.params_manual
                0x20000cf0       0x24 ./Core/Src/oscillator.o
                0x20000cf0                params_manual
 .bss.params_to_be_loaded
                0x20000d14       0x24 ./Core/Src/oscillator.o
                0x20000d14                params_to_be_loaded
 .bss.params_working
                0x20000d38       0x24 ./Core/Src/oscillator.o
                0x20000d38                params_working
 .bss.MIDI_CLK_fsm
                0x20000d5c        0x1 ./Core/Src/state_machine.o
                0x20000d5c                MIDI_CLK_fsm
 *fill*         0x20000d5d        0x3 
 .bss.uwTick    0x20000d60        0x4 ./Drivers/STM32G0xx_HAL_Driver/Src/stm32g0xx_hal.o
                0x20000d60                uwTick
 .bss.pFlash    0x20000d64       0x1c ./Drivers/STM32G0xx_HAL_Driver/Src/stm32g0xx_hal_flash.o
                0x20000d64                pFlash
 *(COMMON)
                0x20000d80                        . = ALIGN (0x4)
                0x20000d80                        _ebss = .
                0x20000d80                        __bss_end__ = _ebss

._user_heap_stack
                0x20000d80      0x600 load address 0x0800e364
                0x20000d80                        . = ALIGN (0x8)
                [!provide]                        PROVIDE (end = .)
                0x20000d80                        PROVIDE (_end = .)
                0x20000f80                        . = (. + _Min_Heap_Size)
 *fill*         0x20000d80      0x200 
                0x20001380                        . = (. + _Min_Stack_Size)
 *fill*         0x20000f80      0x400 
                0x20001380                        . = ALIGN (0x8)

/DISCARD/
 libc.a(*)
 libm.a(*)
 libgcc.a(*)

.ARM.attributes
                0x00000000       0x28
 *(.ARM.attributes)
 .ARM.attributes
                0x00000000       0x1e /Applications/STM32CubeIDE.app/Contents/Eclipse/plugins/com.st.stm32cube.ide.mcu.externaltools.gnu-tools-for-stm32.13.3.rel1.macos64_1.0.0.202411102158/tools/bin/../lib/gcc/arm-none-eabi/13.3.1/thumb/v6-m/nofp/crti.o
 .ARM.attributes
                0x0000001e       0x2c /Applications/STM32CubeIDE.app/Contents/Eclipse/plugins/com.st.stm32cube.ide.mcu.externaltools.gnu-tools-for-stm32.13.3.rel1.macos64_1.0.0.202411102158/tools/bin/../lib/gcc/arm-none-eabi/13.3.1/thumb/v6-m/nofp/crtbegin.o
 .ARM.attributes
                0x0000004a       0x2c ./Core/Src/CC_and_PC.o
 .ARM.attributes
                0x00000076       0x2c ./Core/Src/MIDI.o
 .ARM.attributes
                0x000000a2       0x2c ./Core/Src/UART.o
 .ARM.attributes
                0x000000ce       0x2c ./Core/Src/checking_functions.o
 .ARM.attributes
                0x000000fa       0x2c ./Core/Src/config.o
 .ARM.attributes
                0x00000126       0x2c ./Core/Src/custom_callbacks.o
 .ARM.attributes
                0x00000152       0x2c ./Core/Src/input_capture.o
 .ARM.attributes
                0x0000017e       0x2c ./Core/Src/main.o
 .ARM.attributes
                0x000001aa       0x2c ./Core/Src/oscillator.o
 .ARM.attributes
                0x000001d6       0x2c ./Core/Src/startup.o
 .ARM.attributes
                0x00000202       0x2c ./Core/Src/state_machine.o
 .ARM.attributes
                0x0000022e       0x2c ./Core/Src/stm32g0xx_hal_msp.o
 .ARM.attributes
                0x0000025a       0x2c ./Core/Src/stm32g0xx_it.o
 .ARM.attributes
                0x00000286       0x2c ./Core/Src/symmetry_adjustment.o
 .ARM.attributes
                0x000002b2       0x2c ./Core/Src/system_stm32g0xx.o
 .ARM.attributes
                0x000002de       0x2c ./Core/Src/timers.o
 .ARM.attributes
                0x0000030a       0x2c ./Core/Src/utility.o
 .ARM.attributes
                0x00000336       0x22 ./Core/Startup/startup_stm32g031k8tx.o
 .ARM.attributes
                0x00000358       0x2c ./Drivers/STM32G0xx_HAL_Driver/Src/stm32g0xx_hal.o
 .ARM.attributes
                0x00000384       0x2c ./Drivers/STM32G0xx_HAL_Driver/Src/stm32g0xx_hal_adc.o
 .ARM.attributes
                0x000003b0       0x2c ./Drivers/STM32G0xx_HAL_Driver/Src/stm32g0xx_hal_adc_ex.o
 .ARM.attributes
                0x000003dc       0x2c ./Drivers/STM32G0xx_HAL_Driver/Src/stm32g0xx_hal_cortex.o
 .ARM.attributes
                0x00000408       0x2c ./Drivers/STM32G0xx_HAL_Driver/Src/stm32g0xx_hal_dma.o
 .ARM.attributes
                0x00000434       0x2c ./Drivers/STM32G0xx_HAL_Driver/Src/stm32g0xx_hal_flash.o
 .ARM.attributes
                0x00000460       0x2c ./Drivers/STM32G0xx_HAL_Driver/Src/stm32g0xx_hal_flash_ex.o
 .ARM.attributes
                0x0000048c       0x2c ./Drivers/STM32G0xx_HAL_Driver/Src/stm32g0xx_hal_gpio.o
 .ARM.attributes
                0x000004b8       0x2c ./Drivers/STM32G0xx_HAL_Driver/Src/stm32g0xx_hal_lptim.o
 .ARM.attributes
                0x000004e4       0x2c ./Drivers/STM32G0xx_HAL_Driver/Src/stm32g0xx_hal_pwr_ex.o
 .ARM.attributes
                0x00000510       0x2c ./Drivers/STM32G0xx_HAL_Driver/Src/stm32g0xx_hal_rcc.o
 .ARM.attributes
                0x0000053c       0x2c ./Drivers/STM32G0xx_HAL_Driver/Src/stm32g0xx_hal_rcc_ex.o
 .ARM.attributes
                0x00000568       0x2c ./Drivers/STM32G0xx_HAL_Driver/Src/stm32g0xx_hal_tim.o
 .ARM.attributes
                0x00000594       0x2c ./Drivers/STM32G0xx_HAL_Driver/Src/stm32g0xx_hal_tim_ex.o
 .ARM.attributes
                0x000005c0       0x2c ./Drivers/STM32G0xx_HAL_Driver/Src/stm32g0xx_hal_uart.o
 .ARM.attributes
                0x000005ec       0x2c ./Drivers/STM32G0xx_HAL_Driver/Src/stm32g0xx_hal_uart_ex.o
 .ARM.attributes
                0x00000618       0x2c /Applications/STM32CubeIDE.app/Contents/Eclipse/plugins/com.st.stm32cube.ide.mcu.externaltools.gnu-tools-for-stm32.13.3.rel1.macos64_1.0.0.202411102158/tools/bin/../lib/gcc/arm-none-eabi/13.3.1/../../../../arm-none-eabi/lib/thumb/v6-m/nofp/libc_nano.a(libc_a-memset.o)
 .ARM.attributes
                0x00000644       0x2c /Applications/STM32CubeIDE.app/Contents/Eclipse/plugins/com.st.stm32cube.ide.mcu.externaltools.gnu-tools-for-stm32.13.3.rel1.macos64_1.0.0.202411102158/tools/bin/../lib/gcc/arm-none-eabi/13.3.1/../../../../arm-none-eabi/lib/thumb/v6-m/nofp/libc_nano.a(libc_a-init.o)
 .ARM.attributes
                0x00000670       0x2c /Applications/STM32CubeIDE.app/Contents/Eclipse/plugins/com.st.stm32cube.ide.mcu.externaltools.gnu-tools-for-stm32.13.3.rel1.macos64_1.0.0.202411102158/tools/bin/../lib/gcc/arm-none-eabi/13.3.1/../../../../arm-none-eabi/lib/thumb/v6-m/nofp/libc_nano.a(libc_a-memcpy-stub.o)
 .ARM.attributes
                0x0000069c       0x1e /Applications/STM32CubeIDE.app/Contents/Eclipse/plugins/com.st.stm32cube.ide.mcu.externaltools.gnu-tools-for-stm32.13.3.rel1.macos64_1.0.0.202411102158/tools/bin/../lib/gcc/arm-none-eabi/13.3.1/thumb/v6-m/nofp/libgcc.a(_udivsi3.o)
 .ARM.attributes
                0x000006ba       0x1e /Applications/STM32CubeIDE.app/Contents/Eclipse/plugins/com.st.stm32cube.ide.mcu.externaltools.gnu-tools-for-stm32.13.3.rel1.macos64_1.0.0.202411102158/tools/bin/../lib/gcc/arm-none-eabi/13.3.1/thumb/v6-m/nofp/libgcc.a(_dvmd_tls.o)
 .ARM.attributes
                0x000006d8       0x1e /Applications/STM32CubeIDE.app/Contents/Eclipse/plugins/com.st.stm32cube.ide.mcu.externaltools.gnu-tools-for-stm32.13.3.rel1.macos64_1.0.0.202411102158/tools/bin/../lib/gcc/arm-none-eabi/13.3.1/thumb/v6-m/nofp/libgcc.a(_aeabi_uldivmod.o)
 .ARM.attributes
                0x000006f6       0x2c /Applications/STM32CubeIDE.app/Contents/Eclipse/plugins/com.st.stm32cube.ide.mcu.externaltools.gnu-tools-for-stm32.13.3.rel1.macos64_1.0.0.202411102158/tools/bin/../lib/gcc/arm-none-eabi/13.3.1/thumb/v6-m/nofp/libgcc.a(_udivmoddi4.o)
 .ARM.attributes
                0x00000722       0x1e /Applications/STM32CubeIDE.app/Contents/Eclipse/plugins/com.st.stm32cube.ide.mcu.externaltools.gnu-tools-for-stm32.13.3.rel1.macos64_1.0.0.202411102158/tools/bin/../lib/gcc/arm-none-eabi/13.3.1/thumb/v6-m/nofp/libgcc.a(_clzdi2.o)
 .ARM.attributes
                0x00000740       0x1e /Applications/STM32CubeIDE.app/Contents/Eclipse/plugins/com.st.stm32cube.ide.mcu.externaltools.gnu-tools-for-stm32.13.3.rel1.macos64_1.0.0.202411102158/tools/bin/../lib/gcc/arm-none-eabi/13.3.1/thumb/v6-m/nofp/libgcc.a(_clzsi2.o)
 .ARM.attributes
                0x0000075e       0x1e /Applications/STM32CubeIDE.app/Contents/Eclipse/plugins/com.st.stm32cube.ide.mcu.externaltools.gnu-tools-for-stm32.13.3.rel1.macos64_1.0.0.202411102158/tools/bin/../lib/gcc/arm-none-eabi/13.3.1/thumb/v6-m/nofp/crtn.o
OUTPUT(g031k8.elf elf32-littlearm)
LOAD linker stubs
LOAD /Applications/STM32CubeIDE.app/Contents/Eclipse/plugins/com.st.stm32cube.ide.mcu.externaltools.gnu-tools-for-stm32.13.3.rel1.macos64_1.0.0.202411102158/tools/bin/../lib/gcc/arm-none-eabi/13.3.1/../../../../arm-none-eabi/lib/thumb/v6-m/nofp/libc.a
LOAD /Applications/STM32CubeIDE.app/Contents/Eclipse/plugins/com.st.stm32cube.ide.mcu.externaltools.gnu-tools-for-stm32.13.3.rel1.macos64_1.0.0.202411102158/tools/bin/../lib/gcc/arm-none-eabi/13.3.1/../../../../arm-none-eabi/lib/thumb/v6-m/nofp/libm.a
LOAD /Applications/STM32CubeIDE.app/Contents/Eclipse/plugins/com.st.stm32cube.ide.mcu.externaltools.gnu-tools-for-stm32.13.3.rel1.macos64_1.0.0.202411102158/tools/bin/../lib/gcc/arm-none-eabi/13.3.1/thumb/v6-m/nofp/libgcc.a

.debug_info     0x00000000    0x2139c
 .debug_info    0x00000000      0xfb3 ./Core/Src/CC_and_PC.o
 .debug_info    0x00000fb3      0xaa5 ./Core/Src/MIDI.o
 .debug_info    0x00001a58      0x908 ./Core/Src/UART.o
 .debug_info    0x00002360      0x693 ./Core/Src/checking_functions.o
 .debug_info    0x000029f3     0x26a8 ./Core/Src/config.o
 .debug_info    0x0000509b     0x223c ./Core/Src/custom_callbacks.o
 .debug_info    0x000072d7      0xd75 ./Core/Src/input_capture.o
 .debug_info    0x0000804c      0x448 ./Core/Src/main.o
 .debug_info    0x00008494      0xe73 ./Core/Src/oscillator.o
 .debug_info    0x00009307     0x1932 ./Core/Src/startup.o
 .debug_info    0x0000ac39      0x2c6 ./Core/Src/state_machine.o
 .debug_info    0x0000aeff     0x1cc4 ./Core/Src/stm32g0xx_hal_msp.o
 .debug_info    0x0000cbc3     0x121c ./Core/Src/stm32g0xx_it.o
 .debug_info    0x0000dddf      0x350 ./Core/Src/symmetry_adjustment.o
 .debug_info    0x0000e12f      0x312 ./Core/Src/system_stm32g0xx.o
 .debug_info    0x0000e441      0x9dc ./Core/Src/timers.o
 .debug_info    0x0000ee1d      0x2c6 ./Core/Src/utility.o
 .debug_info    0x0000f0e3       0x30 ./Core/Startup/startup_stm32g031k8tx.o
 .debug_info    0x0000f113      0xa2b ./Drivers/STM32G0xx_HAL_Driver/Src/stm32g0xx_hal.o
 .debug_info    0x0000fb3e     0x1705 ./Drivers/STM32G0xx_HAL_Driver/Src/stm32g0xx_hal_adc.o
 .debug_info    0x00011243      0xbb8 ./Drivers/STM32G0xx_HAL_Driver/Src/stm32g0xx_hal_adc_ex.o
 .debug_info    0x00011dfb      0x8c3 ./Drivers/STM32G0xx_HAL_Driver/Src/stm32g0xx_hal_cortex.o
 .debug_info    0x000126be      0x867 ./Drivers/STM32G0xx_HAL_Driver/Src/stm32g0xx_hal_dma.o
 .debug_info    0x00012f25      0x665 ./Drivers/STM32G0xx_HAL_Driver/Src/stm32g0xx_hal_flash.o
 .debug_info    0x0001358a      0x913 ./Drivers/STM32G0xx_HAL_Driver/Src/stm32g0xx_hal_flash_ex.o
 .debug_info    0x00013e9d      0x599 ./Drivers/STM32G0xx_HAL_Driver/Src/stm32g0xx_hal_gpio.o
 .debug_info    0x00014436     0x10a8 ./Drivers/STM32G0xx_HAL_Driver/Src/stm32g0xx_hal_lptim.o
 .debug_info    0x000154de      0x779 ./Drivers/STM32G0xx_HAL_Driver/Src/stm32g0xx_hal_pwr_ex.o
 .debug_info    0x00015c57      0xb17 ./Drivers/STM32G0xx_HAL_Driver/Src/stm32g0xx_hal_rcc.o
 .debug_info    0x0001676e      0x757 ./Drivers/STM32G0xx_HAL_Driver/Src/stm32g0xx_hal_rcc_ex.o
 .debug_info    0x00016ec5     0x2f23 ./Drivers/STM32G0xx_HAL_Driver/Src/stm32g0xx_hal_tim.o
 .debug_info    0x00019de8     0x1a45 ./Drivers/STM32G0xx_HAL_Driver/Src/stm32g0xx_hal_tim_ex.o
 .debug_info    0x0001b82d     0x4af3 ./Drivers/STM32G0xx_HAL_Driver/Src/stm32g0xx_hal_uart.o
 .debug_info    0x00020320     0x107c ./Drivers/STM32G0xx_HAL_Driver/Src/stm32g0xx_hal_uart_ex.o

.debug_abbrev   0x00000000     0x4ad5
 .debug_abbrev  0x00000000      0x27b ./Core/Src/CC_and_PC.o
 .debug_abbrev  0x0000027b      0x27f ./Core/Src/MIDI.o
 .debug_abbrev  0x000004fa      0x1a5 ./Core/Src/UART.o
 .debug_abbrev  0x0000069f      0x1d1 ./Core/Src/checking_functions.o
 .debug_abbrev  0x00000870      0x2ab ./Core/Src/config.o
 .debug_abbrev  0x00000b1b      0x332 ./Core/Src/custom_callbacks.o
 .debug_abbrev  0x00000e4d      0x2ab ./Core/Src/input_capture.o
 .debug_abbrev  0x000010f8      0x177 ./Core/Src/main.o
 .debug_abbrev  0x0000126f      0x298 ./Core/Src/oscillator.o
 .debug_abbrev  0x00001507      0x289 ./Core/Src/startup.o
 .debug_abbrev  0x00001790       0xfa ./Core/Src/state_machine.o
 .debug_abbrev  0x0000188a      0x26f ./Core/Src/stm32g0xx_hal_msp.o
 .debug_abbrev  0x00001af9      0x1e9 ./Core/Src/stm32g0xx_it.o
 .debug_abbrev  0x00001ce2      0x129 ./Core/Src/symmetry_adjustment.o
 .debug_abbrev  0x00001e0b      0x117 ./Core/Src/system_stm32g0xx.o
 .debug_abbrev  0x00001f22      0x1f4 ./Core/Src/timers.o
 .debug_abbrev  0x00002116      0x163 ./Core/Src/utility.o
 .debug_abbrev  0x00002279       0x24 ./Core/Startup/startup_stm32g031k8tx.o
 .debug_abbrev  0x0000229d      0x2b4 ./Drivers/STM32G0xx_HAL_Driver/Src/stm32g0xx_hal.o
 .debug_abbrev  0x00002551      0x287 ./Drivers/STM32G0xx_HAL_Driver/Src/stm32g0xx_hal_adc.o
 .debug_abbrev  0x000027d8      0x231 ./Drivers/STM32G0xx_HAL_Driver/Src/stm32g0xx_hal_adc_ex.o
 .debug_abbrev  0x00002a09      0x2a9 ./Drivers/STM32G0xx_HAL_Driver/Src/stm32g0xx_hal_cortex.o
 .debug_abbrev  0x00002cb2      0x1df ./Drivers/STM32G0xx_HAL_Driver/Src/stm32g0xx_hal_dma.o
 .debug_abbrev  0x00002e91      0x2f6 ./Drivers/STM32G0xx_HAL_Driver/Src/stm32g0xx_hal_flash.o
 .debug_abbrev  0x00003187      0x25f ./Drivers/STM32G0xx_HAL_Driver/Src/stm32g0xx_hal_flash_ex.o
 .debug_abbrev  0x000033e6      0x1c1 ./Drivers/STM32G0xx_HAL_Driver/Src/stm32g0xx_hal_gpio.o
 .debug_abbrev  0x000035a7      0x2b1 ./Drivers/STM32G0xx_HAL_Driver/Src/stm32g0xx_hal_lptim.o
 .debug_abbrev  0x00003858      0x235 ./Drivers/STM32G0xx_HAL_Driver/Src/stm32g0xx_hal_pwr_ex.o
 .debug_abbrev  0x00003a8d      0x2a7 ./Drivers/STM32G0xx_HAL_Driver/Src/stm32g0xx_hal_rcc.o
 .debug_abbrev  0x00003d34      0x227 ./Drivers/STM32G0xx_HAL_Driver/Src/stm32g0xx_hal_rcc_ex.o
 .debug_abbrev  0x00003f5b      0x2a8 ./Drivers/STM32G0xx_HAL_Driver/Src/stm32g0xx_hal_tim.o
 .debug_abbrev  0x00004203      0x2ba ./Drivers/STM32G0xx_HAL_Driver/Src/stm32g0xx_hal_tim_ex.o