Archive member included to satisfy reference by file (symbol)

C:/ST/STM32CubeIDE_1.18.1/STM32CubeIDE/plugins/com.st.stm32cube.ide.mcu.externaltools.gnu-tools-for-stm32.13.3.rel1.win32_1.0.0.202411081344/tools/bin/../lib/gcc/arm-none-eabi/13.3.1/../../../../arm-none-eabi/lib/thumb/v6-m/nofp\libc_nano.a(libc_a-exit.o)
                              C:/ST/STM32CubeIDE_1.18.1/STM32CubeIDE/plugins/com.st.stm32cube.ide.mcu.externaltools.gnu-tools-for-stm32.13.3.rel1.win32_1.0.0.202411081344/tools/bin/../lib/gcc/arm-none-eabi/13.3.1/../../../../arm-none-eabi/lib/thumb/v6-m/nofp/crt0.o (exit)
C:/ST/STM32CubeIDE_1.18.1/STM32CubeIDE/plugins/com.st.stm32cube.ide.mcu.externaltools.gnu-tools-for-stm32.13.3.rel1.win32_1.0.0.202411081344/tools/bin/../lib/gcc/arm-none-eabi/13.3.1/../../../../arm-none-eabi/lib/thumb/v6-m/nofp\libc_nano.a(libc_a-findfp.o)
                              C:/ST/STM32CubeIDE_1.18.1/STM32CubeIDE/plugins/com.st.stm32cube.ide.mcu.externaltools.gnu-tools-for-stm32.13.3.rel1.win32_1.0.0.202411081344/tools/bin/../lib/gcc/arm-none-eabi/13.3.1/../../../../arm-none-eabi/lib/thumb/v6-m/nofp\libc_nano.a(libc_a-exit.o) (__stdio_exit_handler)
C:/ST/STM32CubeIDE_1.18.1/STM32CubeIDE/plugins/com.st.stm32cube.ide.mcu.externaltools.gnu-tools-for-stm32.13.3.rel1.win32_1.0.0.202411081344/tools/bin/../lib/gcc/arm-none-eabi/13.3.1/../../../../arm-none-eabi/lib/thumb/v6-m/nofp\libc_nano.a(libc_a-fwalk.o)
                              C:/ST/STM32CubeIDE_1.18.1/STM32CubeIDE/plugins/com.st.stm32cube.ide.mcu.externaltools.gnu-tools-for-stm32.13.3.rel1.win32_1.0.0.202411081344/tools/bin/../lib/gcc/arm-none-eabi/13.3.1/../../../../arm-none-eabi/lib/thumb/v6-m/nofp\libc_nano.a(libc_a-findfp.o) (_fwalk_sglue)
C:/ST/STM32CubeIDE_1.18.1/STM32CubeIDE/plugins/com.st.stm32cube.ide.mcu.externaltools.gnu-tools-for-stm32.13.3.rel1.win32_1.0.0.202411081344/tools/bin/../lib/gcc/arm-none-eabi/13.3.1/../../../../arm-none-eabi/lib/thumb/v6-m/nofp\libc_nano.a(libc_a-stdio.o)
                              C:/ST/STM32CubeIDE_1.18.1/STM32CubeIDE/plugins/com.st.stm32cube.ide.mcu.externaltools.gnu-tools-for-stm32.13.3.rel1.win32_1.0.0.202411081344/tools/bin/../lib/gcc/arm-none-eabi/13.3.1/../../../../arm-none-eabi/lib/thumb/v6-m/nofp\libc_nano.a(libc_a-findfp.o) (__sread)
C:/ST/STM32CubeIDE_1.18.1/STM32CubeIDE/plugins/com.st.stm32cube.ide.mcu.externaltools.gnu-tools-for-stm32.13.3.rel1.win32_1.0.0.202411081344/tools/bin/../lib/gcc/arm-none-eabi/13.3.1/../../../../arm-none-eabi/lib/thumb/v6-m/nofp\libc_nano.a(libc_a-memset.o)
                              C:/ST/STM32CubeIDE_1.18.1/STM32CubeIDE/plugins/com.st.stm32cube.ide.mcu.externaltools.gnu-tools-for-stm32.13.3.rel1.win32_1.0.0.202411081344/tools/bin/../lib/gcc/arm-none-eabi/13.3.1/../../../../arm-none-eabi/lib/thumb/v6-m/nofp/crt0.o (memset)
C:/ST/STM32CubeIDE_1.18.1/STM32CubeIDE/plugins/com.st.stm32cube.ide.mcu.externaltools.gnu-tools-for-stm32.13.3.rel1.win32_1.0.0.202411081344/tools/bin/../lib/gcc/arm-none-eabi/13.3.1/../../../../arm-none-eabi/lib/thumb/v6-m/nofp\libc_nano.a(libc_a-closer.o)
                              C:/ST/STM32CubeIDE_1.18.1/STM32CubeIDE/plugins/com.st.stm32cube.ide.mcu.externaltools.gnu-tools-for-stm32.13.3.rel1.win32_1.0.0.202411081344/tools/bin/../lib/gcc/arm-none-eabi/13.3.1/../../../../arm-none-eabi/lib/thumb/v6-m/nofp\libc_nano.a(libc_a-stdio.o) (_close_r)
C:/ST/STM32CubeIDE_1.18.1/STM32CubeIDE/plugins/com.st.stm32cube.ide.mcu.externaltools.gnu-tools-for-stm32.13.3.rel1.win32_1.0.0.202411081344/tools/bin/../lib/gcc/arm-none-eabi/13.3.1/../../../../arm-none-eabi/lib/thumb/v6-m/nofp\libc_nano.a(libc_a-reent.o)
                              C:/ST/STM32CubeIDE_1.18.1/STM32CubeIDE/plugins/com.st.stm32cube.ide.mcu.externaltools.gnu-tools-for-stm32.13.3.rel1.win32_1.0.0.202411081344/tools/bin/../lib/gcc/arm-none-eabi/13.3.1/../../../../arm-none-eabi/lib/thumb/v6-m/nofp\libc_nano.a(libc_a-closer.o) (errno)
C:/ST/STM32CubeIDE_1.18.1/STM32CubeIDE/plugins/com.st.stm32cube.ide.mcu.externaltools.gnu-tools-for-stm32.13.3.rel1.win32_1.0.0.202411081344/tools/bin/../lib/gcc/arm-none-eabi/13.3.1/../../../../arm-none-eabi/lib/thumb/v6-m/nofp\libc_nano.a(libc_a-impure.o)
                              C:/ST/STM32CubeIDE_1.18.1/STM32CubeIDE/plugins/com.st.stm32cube.ide.mcu.externaltools.gnu-tools-for-stm32.13.3.rel1.win32_1.0.0.202411081344/tools/bin/../lib/gcc/arm-none-eabi/13.3.1/../../../../arm-none-eabi/lib/thumb/v6-m/nofp\libc_nano.a(libc_a-reent.o) (_impure_ptr)
C:/ST/STM32CubeIDE_1.18.1/STM32CubeIDE/plugins/com.st.stm32cube.ide.mcu.externaltools.gnu-tools-for-stm32.13.3.rel1.win32_1.0.0.202411081344/tools/bin/../lib/gcc/arm-none-eabi/13.3.1/../../../../arm-none-eabi/lib/thumb/v6-m/nofp\libc_nano.a(libc_a-lseekr.o)
[...]
Memory Configuration

Name             Origin             Length             Attributes
RAM              0x20000000         0x00002000         xrw
FLASH            0x08000000         0x0000f800         xr
*default*        0x00000000         0xffffffff

Linker script and memory map

LOAD C:/ST/STM32CubeIDE_1.18.1/STM32CubeIDE/plugins/com.st.stm32cube.ide.mcu.externaltools.gnu-tools-for-stm32.13.3.rel1.win32_1.0.0.202411081344/tools/bin/../lib/gcc/arm-none-eabi/13.3.1/thumb/v6-m/nofp/crti.o
LOAD C:/ST/STM32CubeIDE_1.18.1/STM32CubeIDE/plugins/com.st.stm32cube.ide.mcu.externaltools.gnu-tools-for-stm32.13.3.rel1.win32_1.0.0.202411081344/tools/bin/../lib/gcc/arm-none-eabi/13.3.1/thumb/v6-m/nofp/crtbegin.o
LOAD C:/ST/STM32CubeIDE_1.18.1/STM32CubeIDE/plugins/com.st.stm32cube.ide.mcu.externaltools.gnu-tools-for-stm32.13.3.rel1.win32_1.0.0.202411081344/tools/bin/../lib/gcc/arm-none-eabi/13.3.1/../../../../arm-none-eabi/lib/thumb/v6-m/nofp/crt0.o
LOAD ./Core/Src/CC_and_PC.o
LOAD ./Core/Src/MIDI.o
LOAD ./Core/Src/UART.o
LOAD ./Core/Src/checking_functions.o
LOAD ./Core/Src/config.o
LOAD ./Core/Src/custom_callbacks.o
LOAD ./Core/Src/debug.o
LOAD ./Core/Src/input_capture.o
LOAD ./Core/Src/main.o
LOAD ./Core/Src/oscillator.o
LOAD ./Core/Src/startup.o
LOAD ./Core/Src/state_machine.o
LOAD ./Core/Src/stm32g0xx_hal_msp.o
LOAD ./Core/Src/stm32g0xx_it.o
LOAD ./Core/Src/symmetry_adjustment.o
LOAD ./Core/Src/syscalls.o
LOAD ./Core/Src/sysmem.o
LOAD ./Core/Src/system_stm32g0xx.o
LOAD ./Core/Src/timers.o
LOAD ./Core/Src/utility.o
LOAD ./Core/Startup/startup_stm32g031k8tx.o
LOAD ./Drivers/STM32G0xx_HAL_Driver/Src/stm32g0xx_hal.o
LOAD ./Drivers/STM32G0xx_HAL_Driver/Src/stm32g0xx_hal_adc.o
LOAD ./Drivers/STM32G0xx_HAL_Driver/Src/stm32g0xx_hal_adc_ex.o
LOAD ./Drivers/STM32G0xx_HAL_Driver/Src/stm32g0xx_hal_cortex.o
LOAD ./Drivers/STM32G0xx_HAL_Driver/Src/stm32g0xx_hal_dma.o
LOAD ./Drivers/STM32G0xx_HAL_Driver/Src/stm32g0xx_hal_dma_ex.o
LOAD ./Drivers/STM32G0xx_HAL_Driver/Src/stm32g0xx_hal_exti.o
LOAD ./Drivers/STM32G0xx_HAL_Driver/Src/stm32g0xx_hal_flash.o
LOAD ./Drivers/STM32G0xx_HAL_Driver/Src/stm32g0xx_hal_flash_ex.o
LOAD ./Drivers/STM32G0xx_HAL_Driver/Src/stm32g0xx_hal_gpio.o
LOAD ./Drivers/STM32G0xx_HAL_Driver/Src/stm32g0xx_hal_iwdg.o
LOAD ./Drivers/STM32G0xx_HAL_Driver/Src/stm32g0xx_hal_lptim.o
LOAD ./Drivers/STM32G0xx_HAL_Driver/Src/stm32g0xx_hal_pwr.o
LOAD ./Drivers/STM32G0xx_HAL_Driver/Src/stm32g0xx_hal_pwr_ex.o
LOAD ./Drivers/STM32G0xx_HAL_Driver/Src/stm32g0xx_hal_rcc.o
LOAD ./Drivers/STM32G0xx_HAL_Driver/Src/stm32g0xx_hal_rcc_ex.o
LOAD ./Drivers/STM32G0xx_HAL_Driver/Src/stm32g0xx_hal_tim.o
LOAD ./Drivers/STM32G0xx_HAL_Driver/Src/stm32g0xx_hal_tim_ex.o
LOAD ./Drivers/STM32G0xx_HAL_Driver/Src/stm32g0xx_hal_uart.o
LOAD ./Drivers/STM32G0xx_HAL_Driver/Src/stm32g0xx_hal_uart_ex.o
LOAD ./Drivers/STM32G0xx_HAL_Driver/Src/stm32g0xx_ll_adc.o
LOAD ./Drivers/STM32G0xx_HAL_Driver/Src/stm32g0xx_ll_rcc.o
START GROUP
LOAD C:/ST/STM32CubeIDE_1.18.1/STM32CubeIDE/plugins/com.st.stm32cube.ide.mcu.externaltools.gnu-tools-for-stm32.13.3.rel1.win32_1.0.0.202411081344/tools/bin/../lib/gcc/arm-none-eabi/13.3.1/../../../../arm-none-eabi/lib/thumb/v6-m/nofp\libc_nano.a
LOAD C:/ST/STM32CubeIDE_1.18.1/STM32CubeIDE/plugins/com.st.stm32cube.ide.mcu.externaltools.gnu-tools-for-stm32.13.3.rel1.win32_1.0.0.202411081344/tools/bin/../lib/gcc/arm-none-eabi/13.3.1/../../../../arm-none-eabi/lib/thumb/v6-m/nofp\libm.a
END GROUP
START GROUP
LOAD C:/ST/STM32CubeIDE_1.18.1/STM32CubeIDE/plugins/com.st.stm32cube.ide.mcu.externaltools.gnu-tools-for-stm32.13.3.rel1.win32_1.0.0.202411081344/tools/bin/../lib/gcc/arm-none-eabi/13.3.1/thumb/v6-m/nofp\libgcc.a
LOAD C:/ST/STM32CubeIDE_1.18.1/STM32CubeIDE/plugins/com.st.stm32cube.ide.mcu.externaltools.gnu-tools-for-stm32.13.3.rel1.win32_1.0.0.202411081344/tools/bin/../lib/gcc/arm-none-eabi/13.3.1/../../../../arm-none-eabi/lib/thumb/v6-m/nofp\libc_nano.a
END GROUP
START GROUP
LOAD C:/ST/STM32CubeIDE_1.18.1/STM32CubeIDE/plugins/com.st.stm32cube.ide.mcu.externaltools.gnu-tools-for-stm32.13.3.rel1.win32_1.0.0.202411081344/tools/bin/../lib/gcc/arm-none-eabi/13.3.1/thumb/v6-m/nofp\libgcc.a
LOAD C:/ST/STM32CubeIDE_1.18.1/STM32CubeIDE/plugins/com.st.stm32cube.ide.mcu.externaltools.gnu-tools-for-stm32.13.3.rel1.win32_1.0.0.202411081344/tools/bin/../lib/gcc/arm-none-eabi/13.3.1/../../../../arm-none-eabi/lib/thumb/v6-m/nofp\libc_nano.a
LOAD C:/ST/STM32CubeIDE_1.18.1/STM32CubeIDE/plugins/com.st.stm32cube.ide.mcu.externaltools.gnu-tools-for-stm32.13.3.rel1.win32_1.0.0.202411081344/tools/bin/../lib/gcc/arm-none-eabi/13.3.1/../../../../arm-none-eabi/lib/thumb/v6-m/nofp\libnosys.a
END GROUP
START GROUP
LOAD C:/ST/STM32CubeIDE_1.18.1/STM32CubeIDE/plugins/com.st.stm32cube.ide.mcu.externaltools.gnu-tools-for-stm32.13.3.rel1.win32_1.0.0.202411081344/tools/bin/../lib/gcc/arm-none-eabi/13.3.1/thumb/v6-m/nofp\libgcc.a
LOAD C:/ST/STM32CubeIDE_1.18.1/STM32CubeIDE/plugins/com.st.stm32cube.ide.mcu.externaltools.gnu-tools-for-stm32.13.3.rel1.win32_1.0.0.202411081344/tools/bin/../lib/gcc/arm-none-eabi/13.3.1/../../../../arm-none-eabi/lib/thumb/v6-m/nofp\libc_nano.a
LOAD C:/ST/STM32CubeIDE_1.18.1/STM32CubeIDE/plugins/com.st.stm32cube.ide.mcu.externaltools.gnu-tools-for-stm32.13.3.rel1.win32_1.0.0.202411081344/tools/bin/../lib/gcc/arm-none-eabi/13.3.1/../../../../arm-none-eabi/lib/thumb/v6-m/nofp\libnosys.a
END GROUP
LOAD C:/ST/STM32CubeIDE_1.18.1/STM32CubeIDE/plugins/com.st.stm32cube.ide.mcu.externaltools.gnu-tools-for-stm32.13.3.rel1.win32_1.0.0.202411081344/tools/bin/../lib/gcc/arm-none-eabi/13.3.1/thumb/v6-m/nofp/crtend.o
LOAD C:/ST/STM32CubeIDE_1.18.1/STM32CubeIDE/plugins/com.st.stm32cube.ide.mcu.externaltools.gnu-tools-for-stm32.13.3.rel1.win32_1.0.0.202411081344/tools/bin/../lib/gcc/arm-none-eabi/13.3.1/thumb/v6-m/nofp/crtn.o
                0x20002000                        _estack = (ORIGIN (RAM) + LENGTH (RAM))
                0x00000200                        _Min_Heap_Size = 0x200
                0x00000400                        _Min_Stack_Size = 0x400

.isr_vector     0x08000000       0xbc
                0x08000000                        . = ALIGN (0x4)
 *(.isr_vector)
 .isr_vector    0x08000000       0xbc ./Core/Startup/startup_stm32g031k8tx.o
                0x08000000                g_pfnVectors
                0x080000bc                        . = ALIGN (0x4)

.text           0x080000bc     0xcc40
                0x080000bc                        . = ALIGN (0x4)
 *(.text)
 .text          0x080000bc       0x48 C:/ST/STM32CubeIDE_1.18.1/STM32CubeIDE/plugins/com.st.stm32cube.ide.mcu.externaltools.gnu-tools-for-stm32.13.3.rel1.win32_1.0.0.202411081344/tools/bin/../lib/gcc/arm-none-eabi/13.3.1/thumb/v6-m/nofp/crtbegin.o
 .text          0x08000104      0x114 C:/ST/STM32CubeIDE_1.18.1/STM32CubeIDE/plugins/com.st.stm32cube.ide.mcu.externaltools.gnu-tools-for-stm32.13.3.rel1.win32_1.0.0.202411081344/tools/bin/../lib/gcc/arm-none-eabi/13.3.1/thumb/v6-m/nofp\libgcc.a(_udivsi3.o)
                0x08000104                __aeabi_uidiv
                0x08000104                __udivsi3
                0x08000210                __aeabi_uidivmod
 .text          0x08000218        0x4 C:/ST/STM32CubeIDE_1.18.1/STM32CubeIDE/plugins/com.st.stm32cube.ide.mcu.externaltools.gnu-tools-for-stm32.13.3.rel1.win32_1.0.0.202411081344/tools/bin/../lib/gcc/arm-none-eabi/13.3.1/thumb/v6-m/nofp\libgcc.a(_dvmd_tls.o)
                0x08000218                __aeabi_idiv0
                0x08000218                __aeabi_ldiv0
 .text          0x0800021c       0x40 C:/ST/STM32CubeIDE_1.18.1/STM32CubeIDE/plugins/com.st.stm32cube.ide.mcu.externaltools.gnu-tools-for-stm32.13.3.rel1.win32_1.0.0.202411081344/tools/bin/../lib/gcc/arm-none-eabi/13.3.1/thumb/v6-m/nofp\libgcc.a(_aeabi_uldivmod.o)
                0x0800021c                __aeabi_uldivmod
 .text          0x0800025c      0x198 C:/ST/STM32CubeIDE_1.18.1/STM32CubeIDE/plugins/com.st.stm32cube.ide.mcu.externaltools.gnu-tools-for-stm32.13.3.rel1.win32_1.0.0.202411081344/tools/bin/../lib/gcc/arm-none-eabi/13.3.1/thumb/v6-m/nofp\libgcc.a(_udivmoddi4.o)
                0x0800025c                __udivmoddi4
 .text          0x080003f4       0x18 C:/ST/STM32CubeIDE_1.18.1/STM32CubeIDE/plugins/com.st.stm32cube.ide.mcu.externaltools.gnu-tools-for-stm32.13.3.rel1.win32_1.0.0.202411081344/tools/bin/../lib/gcc/arm-none-eabi/13.3.1/thumb/v6-m/nofp\libgcc.a(_clzdi2.o)
                0x080003f4                __clzdi2
 .text          0x0800040c       0x3c C:/ST/STM32CubeIDE_1.18.1/STM32CubeIDE/plugins/com.st.stm32cube.ide.mcu.externaltools.gnu-tools-for-stm32.13.3.rel1.win32_1.0.0.202411081344/tools/bin/../lib/gcc/arm-none-eabi/13.3.1/thumb/v6-m/nofp\libgcc.a(_clzsi2.o)
                0x0800040c                __clzsi2
 *(.text*)
 .text.Initialise_Preset_Arrays
                0x08000448       0xd8 ./Core/Src/CC_and_PC.o
                0x08000448                Initialise_Preset_Arrays
 .text.Update_Params_Based_On_Mode_Selected
                0x08000520      0x1e0 ./Core/Src/CC_and_PC.o
                0x08000520                Update_Params_Based_On_Mode_Selected
 .text.Convert_All_Preset_Values
                0x08000700       0x52 ./Core/Src/CC_and_PC.o
                0x08000700                Convert_All_Preset_Values
 .text.Update_Waveshape_with_Converted_Preset_Value
                0x08000752       0x52 ./Core/Src/CC_and_PC.o
                0x08000752                Update_Waveshape_with_Converted_Preset_Value
 .text.Update_Speed_with_Converted_Preset_Value
                0x080007a4       0x1e ./Core/Src/CC_and_PC.o
                0x080007a4                Update_Speed_with_Converted_Preset_Value
 .text.Update_Depth_with_Converted_Preset_Value
                0x080007c2       0x1e ./Core/Src/CC_and_PC.o
                0x080007c2                Update_Depth_with_Converted_Preset_Value
 .text.Update_Symmetry_with_Converted_Preset_Value
                0x080007e0       0x1e ./Core/Src/CC_and_PC.o
                0x080007e0                Update_Symmetry_with_Converted_Preset_Value
 .text.Update_Phase_with_Converted_Preset_Value
                0x080007fe       0x1e ./Core/Src/CC_and_PC.o
                0x080007fe                Update_Phase_with_Converted_Preset_Value
 .text.Read_and_Interpret_Preset_From_Flash
                0x0800081c       0x72 ./Core/Src/CC_and_PC.o
                0x0800081c                Read_and_Interpret_Preset_From_Flash
 .text.Read_and_Interpret_Misc_From_Flash
                0x0800088e      0x16c ./Core/Src/CC_and_PC.o
                0x0800088e                Read_and_Interpret_Misc_From_Flash
 .text.Update_Converted_Preset_Array_with_User_or_Factory_Presets
                0x080009fa       0xac ./Core/Src/CC_and_PC.o
                0x080009fa                Update_Converted_Preset_Array_with_User_or_Factory_Presets
 *fill*         0x08000aa6        0x2 
 .text.Read_and_Interpret_User_Presets_From_Flash
                0x08000aa8       0x5c ./Core/Src/CC_and_PC.o
                0x08000aa8                Read_and_Interpret_User_Presets_From_Flash
 .text.Update_Waveshape_with_CC_Value
                0x08000b04       0x4a ./Core/Src/CC_and_PC.o
                0x08000b04                Update_Waveshape_with_CC_Value
 .text.Update_Speed_with_CC_Value
                0x08000b4e       0x32 ./Core/Src/CC_and_PC.o
                0x08000b4e                Update_Speed_with_CC_Value
 .text.Update_Depth_with_CC_Value
                0x08000b80       0x26 ./Core/Src/CC_and_PC.o
                0x08000b80                Update_Depth_with_CC_Value
 .text.Update_Symmetry_with_CC_Value
                0x08000ba6       0x32 ./Core/Src/CC_and_PC.o
                0x08000ba6                Update_Symmetry_with_CC_Value
 .text.Update_Phase_with_CC_Value
                0x08000bd8       0x32 ./Core/Src/CC_and_PC.o
                0x08000bd8                Update_Phase_with_CC_Value
 *fill*         0x08000c0a        0x2 
 .text.Set_Waveshape_to_CC_Mode_and_Value
                0x08000c0c       0x34 ./Core/Src/CC_and_PC.o
                0x08000c0c                Set_Waveshape_to_CC_Mode_and_Value
 .text.Set_Speed_to_CC_Mode_and_Value
                0x08000c40       0x34 ./Core/Src/CC_and_PC.o
                0x08000c40                Set_Speed_to_CC_Mode_and_Value
 .text.Set_Depth_to_CC_Mode_and_Value
                0x08000c74       0x34 ./Core/Src/CC_and_PC.o
                0x08000c74                Set_Depth_to_CC_Mode_and_Value
 .text.Set_Symmetry_to_CC_Mode_and_Value
                0x08000ca8       0x34 ./Core/Src/CC_and_PC.o
                0x08000ca8                Set_Symmetry_to_CC_Mode_and_Value
 .text.Set_Phase_to_CC_Mode_and_Value
                0x08000cdc       0x34 ./Core/Src/CC_and_PC.o
                0x08000cdc                Set_Phase_to_CC_Mode_and_Value
 .text.Set_All_Pots_to_PC_Mode
                0x08000d10       0x70 ./Core/Src/CC_and_PC.o
                0x08000d10                Set_All_Pots_to_PC_Mode
 .text.Is_Status_Byte
                0x08000d80       0x32 ./Core/Src/MIDI.o
                0x08000d80                Is_Status_Byte
 .text.Is_Data_Byte
                0x08000db2       0x32 ./Core/Src/MIDI.o
                0x08000db2                Is_Data_Byte
 .text.Is_PC_Status_Byte
                0x08000de4       0x38 ./Core/Src/MIDI.o
                0x08000de4                Is_PC_Status_Byte
 .text.Is_CC_Status_Byte
                0x08000e1c       0x38 ./Core/Src/MIDI.o
                0x08000e1c                Is_CC_Status_Byte
 .text.Is_Utilised_Channel_Mode_CC_First_Data_Byte
                0x08000e54       0x58 ./Core/Src/MIDI.o
                0x08000e54                Is_Utilised_Channel_Mode_CC_First_Data_Byte
 .text.Is_Utilised_CC_First_Data_Byte
                0x08000eac       0x66 ./Core/Src/MIDI.o
                0x08000eac                Is_Utilised_CC_First_Data_Byte
 .text.Channel_Mode_CC_Second_Data_Byte_Is_Valid_Given_Utilised_First_Data_Byte
                0x08000f12       0x8e ./Core/Src/MIDI.o
                0x08000f12                Channel_Mode_CC_Second_Data_Byte_Is_Valid_Given_Utilised_First_Data_Byte
 .text.Is_Sysex_Start_Status_Byte
                0x08000fa0       0x20 ./Core/Src/MIDI.o
                0x08000fa0                Is_Sysex_Start_Status_Byte
 .text.Is_Channelised_Status_Byte_On_Basic_Channel
                0x08000fc0       0x42 ./Core/Src/MIDI.o
                0x08000fc0                Is_Channelised_Status_Byte_On_Basic_Channel
 .text.Is_Data_Buffer_Empty
                0x08001002       0x60 ./Core/Src/MIDI.o
                0x08001002                Is_Data_Buffer_Empty
 .text.Clear_Data_Buffer
                0x08001062       0x3c ./Core/Src/MIDI.o
                0x08001062                Clear_Data_Buffer
 .text.Is_Program_Change_Data_Byte_In_Range
                0x0800109e       0x2a ./Core/Src/MIDI.o
                0x0800109e                Is_Program_Change_Data_Byte_In_Range
 .text.Is_System_Real_Time_Status_Byte
                0x080010c8       0x66 ./Core/Src/MIDI.o
                0x080010c8                Is_System_Real_Time_Status_Byte
 .text.Is_OMNI_On
                0x0800112e       0x34 ./Core/Src/MIDI.o
                0x0800112e                Is_OMNI_On
 .text.Reset_and_Stop_MIDI_Software_Timer
                0x08001162       0x36 ./Core/Src/MIDI.o
                0x08001162                Reset_and_Stop_MIDI_Software_Timer
 .text.Reset_All_Controllers
                0x08001198       0xb4 ./Core/Src/MIDI.o
                0x08001198                Reset_All_Controllers
 .text.Set_Local_Control
                0x0800124c       0x70 ./Core/Src/MIDI.o
                0x0800124c                Set_Local_Control
 .text.Set_OMNI_Off
                0x080012bc       0x20 ./Core/Src/MIDI.o
                0x080012bc                Set_OMNI_Off
 .text.Set_OMNI_On
                0x080012dc       0x20 ./Core/Src/MIDI.o
                0x080012dc                Set_OMNI_On
 .text.Start_UART_Receive
                0x080012fc       0x20 ./Core/Src/UART.o
                0x080012fc                Start_UART_Receive
 .text.Pot_Check
                0x0800131c      0x268 ./Core/Src/checking_functions.o
                0x0800131c                Pot_Check
 .text.Check_Tap_Tempo_Switch_State
                0x08001584       0xa0 ./Core/Src/checking_functions.o
                0x08001584                Check_Tap_Tempo_Switch_State
 .text.SystemClock_Config
                0x08001624       0xbc ./Core/Src/config.o
                0x08001624                SystemClock_Config
 .text.MX_ADC1_Init
                0x080016e0      0x180 ./Core/Src/config.o
                0x080016e0                MX_ADC1_Init
 .text.MX_TIM16_Init
                0x08001860      0x118 ./Core/Src/config.o
                0x08001860                MX_TIM16_Init
 .text.MX_TIM2_Init
                0x08001978       0xf8 ./Core/Src/config.o
                0x08001978                MX_TIM2_Init
 .text.MX_TIM3_Init
                0x08001a70      0x110 ./Core/Src/config.o
                0x08001a70                MX_TIM3_Init
 .text.MX_TIM1_Init
                0x08001b80      0x1d4 ./Core/Src/config.o
                0x08001b80                MX_TIM1_Init
 .text.MX_TIM17_Init
                0x08001d54      0x11c ./Core/Src/config.o
                0x08001d54                MX_TIM17_Init
 .text.MX_LPTIM1_Init
                0x08001e70       0x70 ./Core/Src/config.o
                0x08001e70                MX_LPTIM1_Init
 .text.MX_TIM14_Init
                0x08001ee0       0x9c ./Core/Src/config.o
                0x08001ee0                MX_TIM14_Init
 .text.MX_USART2_UART_Init
                0x08001f7c       0x68 ./Core/Src/config.o
                0x08001f7c                MX_USART2_UART_Init
 .text.MX_DMA_Init
                0x08001fe4       0x4c ./Core/Src/config.o
                0x08001fe4                MX_DMA_Init
 .text.MX_GPIO_Init
                0x08002030      0x1e0 ./Core/Src/config.o
                0x08002030                MX_GPIO_Init
 .text.Error_Handler
                0x08002210        0xc ./Core/Src/config.o
                0x08002210                Error_Handler
 .text.System_Init
                0x0800221c      0x108 ./Core/Src/config.o
                0x0800221c                System_Init
 .text.TIM16_callback
                0x08002324       0x54 ./Core/Src/custom_callbacks.o
                0x08002324                TIM16_callback
 .text.ADC_DMA_conversion_complete_callback
                0x08002378       0x9c ./Core/Src/custom_callbacks.o
                0x08002378                ADC_DMA_conversion_complete_callback
 .text.TIM2_ch1_IP_capture_callback
                0x08002414      0x11c ./Core/Src/custom_callbacks.o
                0x08002414                TIM2_ch1_IP_capture_callback
 .text.TIM2_ch1_overflow_callback
                0x08002530      0x10c ./Core/Src/custom_callbacks.o
                0x08002530                TIM2_ch1_overflow_callback
 .text.TIM3_ch1_IP_capture_measurement_reelapse_callback
                0x0800263c      0x13c ./Core/Src/custom_callbacks.o
                0x0800263c                TIM3_ch1_IP_capture_measurement_reelapse_callback
 .text.UART2_TX_transfer_complete_callback
                0x08002778       0x10 ./Core/Src/custom_callbacks.o
                0x08002778                UART2_TX_transfer_complete_callback
 .text.UART2_RX_transfer_complete_callback
                0x08002788     0x10d8 ./Core/Src/custom_callbacks.o
                0x08002788                UART2_RX_transfer_complete_callback
 .text.HAL_GPIO_EXTI_Falling_Callback
                0x08003860       0x54 ./Core/Src/custom_callbacks.o
                0x08003860                HAL_GPIO_EXTI_Falling_Callback
 .text.HAL_GPIO_EXTI_Rising_Callback
                0x080038b4      0x1ec ./Core/Src/custom_callbacks.o
                0x080038b4                HAL_GPIO_EXTI_Rising_Callback
 .text.LPTIM1_callback
                0x08003aa0      0x1e0 ./Core/Src/custom_callbacks.o
                0x08003aa0                LPTIM1_callback
 .text.TIM17_callback
                0x08003c80       0x10 ./Core/Src/custom_callbacks.o
                0x08003c80                TIM17_callback
 .text.TIM14_callback
                0x08003c90       0x10 ./Core/Src/custom_callbacks.o
                0x08003c90                TIM14_callback
 .text.Input_Capture_Processing
                0x08003ca0       0xe4 ./Core/Src/input_capture.o
                0x08003ca0                Input_Capture_Processing
 .text.Start_Input_Capture_Timer
                0x08003d84       0x34 ./Core/Src/input_capture.o
                0x08003d84                Start_Input_Capture_Timer
 .text.Start_IC_TIM
                0x08003db8       0x54 ./Core/Src/input_capture.o
                0x08003db8                Start_IC_TIM
 .text.Copy_Params_Structs
                0x08003e0c       0x24 ./Core/Src/input_capture.o
                0x08003e0c                Copy_Params_Structs
 .text.Start_Measurement_Reelapse_Timer
                0x08003e30       0x3c ./Core/Src/input_capture.o
                0x08003e30                Start_Measurement_Reelapse_Timer
 .text.Begin_Input_Capture_Measurement
                0x08003e6c       0x18 ./Core/Src/input_capture.o
                0x08003e6c                Begin_Input_Capture_Measurement
 .text.main     0x08003e84       0xfc ./Core/Src/main.o
                0x08003e84                main
 .text.Start_PWM_Gen_Timer_Main_and_Secondary_Oscillators
                0x08003f80       0x78 ./Core/Src/oscillator.o
                0x08003f80                Start_PWM_Gen_Timer_Main_and_Secondary_Oscillators
 .text.Start_Freq_Gen_Timer
                0x08003ff8       0x34 ./Core/Src/oscillator.o
                0x08003ff8                Start_Freq_Gen_Timer
 .text.Process_TIM16_Raw_Start_Value_and_Raw_Prescaler
                0x0800402c       0x6c ./Core/Src/oscillator.o
                0x0800402c                Process_TIM16_Raw_Start_Value_and_Raw_Prescaler
 .text.Set_Oscillator_Values
                0x08004098       0x58 ./Core/Src/oscillator.o
                0x08004098                Set_Oscillator_Values
 .text.Calculate_Next_Main_Oscillator_Values
                0x080040f0      0x1ec ./Core/Src/oscillator.o
                0x080040f0                Calculate_Next_Main_Oscillator_Values
 .text.Write_Next_Main_Oscillator_Values_to_Delay_Line
                0x080042dc      0x12c ./Core/Src/oscillator.o
                0x080042dc                Write_Next_Main_Oscillator_Values_to_Delay_Line
 .text.Process_ADC_Conversion_Values
                0x08004408       0xd4 ./Core/Src/oscillator.o
                0x08004408                Process_ADC_Conversion_Values
 .text.Startup  0x080044dc      0x1ac ./Core/Src/startup.o
                0x080044dc                Startup
 .text.Advance_Pending_States
                0x08004688       0x58 ./Core/Src/state_machine.o
                0x08004688                Advance_Pending_States
 .text.HAL_MspInit
                0x080046e0       0x48 ./Core/Src/stm32g0xx_hal_msp.o
                0x080046e0                HAL_MspInit
 .text.HAL_ADC_MspInit
                0x08004728       0xe8 ./Core/Src/stm32g0xx_hal_msp.o
                0x08004728                HAL_ADC_MspInit
 .text.HAL_LPTIM_MspInit
                0x08004810      0x158 ./Core/Src/stm32g0xx_hal_msp.o
                0x08004810                HAL_LPTIM_MspInit
 .text.HAL_TIM_Base_MspInit
                0x08004968      0x1e8 ./Core/Src/stm32g0xx_hal_msp.o
                0x08004968                HAL_TIM_Base_MspInit
 .text.HAL_TIM_MspPostInit
                0x08004b50       0xc0 ./Core/Src/stm32g0xx_hal_msp.o
                0x08004b50                HAL_TIM_MspPostInit
 .text.HAL_UART_MspInit
                0x08004c10      0x160 ./Core/Src/stm32g0xx_hal_msp.o
                0x08004c10                HAL_UART_MspInit
 .text.NMI_Handler
                0x08004d70        0x8 ./Core/Src/stm32g0xx_it.o
                0x08004d70                NMI_Handler
 .text.HardFault_Handler
                0x08004d78        0x8 ./Core/Src/stm32g0xx_it.o
                0x08004d78                HardFault_Handler
 .text.SVC_Handler
                0x08004d80        0xa ./Core/Src/stm32g0xx_it.o
                0x08004d80                SVC_Handler
 .text.PendSV_Handler
                0x08004d8a        0xa ./Core/Src/stm32g0xx_it.o
                0x08004d8a                PendSV_Handler
 .text.SysTick_Handler
                0x08004d94        0xe ./Core/Src/stm32g0xx_it.o
                0x08004d94                SysTick_Handler
 .text.EXTI4_15_IRQHandler
                0x08004da2       0x10 ./Core/Src/stm32g0xx_it.o
                0x08004da2                EXTI4_15_IRQHandler
 *fill*         0x08004db2        0x2 
 .text.DMA1_Channel1_IRQHandler
                0x08004db4       0x18 ./Core/Src/stm32g0xx_it.o
                0x08004db4                DMA1_Channel1_IRQHandler
 .text.DMA1_Channel2_3_IRQHandler
                0x08004dcc       0x24 ./Core/Src/stm32g0xx_it.o
                0x08004dcc                DMA1_Channel2_3_IRQHandler
 .text.TIM2_IRQHandler
                0x08004df0       0x18 ./Core/Src/stm32g0xx_it.o
                0x08004df0                TIM2_IRQHandler
 .text.TIM3_IRQHandler
                0x08004e08       0x18 ./Core/Src/stm32g0xx_it.o
                0x08004e08                TIM3_IRQHandler
 .text.TIM16_IRQHandler
                0x08004e20       0x18 ./Core/Src/stm32g0xx_it.o
                0x08004e20                TIM16_IRQHandler
 .text.USART2_IRQHandler
                0x08004e38       0x18 ./Core/Src/stm32g0xx_it.o
                0x08004e38                USART2_IRQHandler
 .text.LPTIM1_IRQHandler
                0x08004e50       0x18 ./Core/Src/stm32g0xx_it.o
                0x08004e50                LPTIM1_IRQHandler
 .text.TIM17_IRQHandler
                0x08004e68       0x18 ./Core/Src/stm32g0xx_it.o
                0x08004e68                TIM17_IRQHandler
 .text.TIM14_IRQHandler
                0x08004e80       0x18 ./Core/Src/stm32g0xx_it.o
                0x08004e80                TIM14_IRQHandler
 .text.Adjust_TIM16_Prescaler
                0x08004e98       0x44 ./Core/Src/symmetry_adjustment.o
                0x08004e98                Adjust_TIM16_Prescaler
 .text.Process_TIM16_Final_Start_Value_and_Final_Prescaler
                0x08004edc      0x80c ./Core/Src/symmetry_adjustment.o
                0x08004edc                Process_TIM16_Final_Start_Value_and_Final_Prescaler
 .text.SystemInit
                0x080056e8        0xa ./Core/Src/system_stm32g0xx.o
                0x080056e8                SystemInit
 .text.Start_OC_TIM
                0x080056f2       0x38 ./Core/Src/timers.o
                0x080056f2                Start_OC_TIM
 .text.Stop_OC_TIM
                0x0800572a       0x38 ./Core/Src/timers.o
                0x0800572a                Stop_OC_TIM
 .text.isPrime  0x08005762       0x5e ./Core/Src/utility.o
                0x08005762                isPrime
 .text.unsigned_bitwise_modulo
                0x080057c0       0x28 ./Core/Src/utility.o
                0x080057c0                unsigned_bitwise_modulo
 .text.Global_Interrupt_Enable
                0x080057e8       0x10 ./Core/Src/utility.o
                0x080057e8                Global_Interrupt_Enable
 .text.Global_Interrupt_Disable
                0x080057f8       0x10 ./Core/Src/utility.o
                0x080057f8                Global_Interrupt_Disable
 .text.Get_Status_Bit
                0x08005808       0x28 ./Core/Src/utility.o
                0x08005808                Get_Status_Bit
 .text.Set_Status_Bit
                0x08005830       0x24 ./Core/Src/utility.o
                0x08005830                Set_Status_Bit
 .text.Clear_Status_Bit
                0x08005854       0x26 ./Core/Src/utility.o
                0x08005854                Clear_Status_Bit
 *fill*         0x0800587a        0x2 
 .text.Reset_Handler
                0x0800587c       0x50 ./Core/Startup/startup_stm32g031k8tx.o
                0x0800587c                Reset_Handler
 .text.Default_Handler
                0x080058cc        0x2 ./Core/Startup/startup_stm32g031k8tx.o
                0x080058cc                TIM1_CC_IRQHandler
                0x080058cc                PVD_IRQHandler
                0x080058cc                I2C1_IRQHandler
                0x080058cc                LPTIM2_IRQHandler
                0x080058cc                RTC_TAMP_IRQHandler
                0x080058cc                SPI1_IRQHandler
                0x080058cc                DMA1_Ch4_5_DMAMUX1_OVR_IRQHandler
                0x080058cc                EXTI2_3_IRQHandler
                0x080058cc                ADC1_IRQHandler
                0x080058cc                I2C2_IRQHandler
                0x080058cc                RCC_IRQHandler
                0x080058cc                Default_Handler
                0x080058cc                EXTI0_1_IRQHandler
                0x080058cc                SPI2_IRQHandler
                0x080058cc                WWDG_IRQHandler
                0x080058cc                LPUART1_IRQHandler
                0x080058cc                FLASH_IRQHandler
                0x080058cc                USART1_IRQHandler
                0x080058cc                TIM1_BRK_UP_TRG_COM_IRQHandler
 *fill*         0x080058ce        0x2 
 .text.HAL_Init
                0x080058d0       0x40 ./Drivers/STM32G0xx_HAL_Driver/Src/stm32g0xx_hal.o
                0x080058d0                HAL_Init
 .text.HAL_InitTick
                0x08005910       0x94 ./Drivers/STM32G0xx_HAL_Driver/Src/stm32g0xx_hal.o
                0x08005910                HAL_InitTick
 .text.HAL_IncTick
                0x080059a4       0x24 ./Drivers/STM32G0xx_HAL_Driver/Src/stm32g0xx_hal.o
                0x080059a4                HAL_IncTick
 .text.HAL_GetTick
                0x080059c8       0x14 ./Drivers/STM32G0xx_HAL_Driver/Src/stm32g0xx_hal.o
                0x080059c8                HAL_GetTick
 .text.LL_ADC_SetCommonPathInternalCh
                0x080059dc       0x28 ./Drivers/STM32G0xx_HAL_Driver/Src/stm32g0xx_hal_adc.o
 .text.LL_ADC_GetCommonPathInternalCh
                0x08005a04       0x1a ./Drivers/STM32G0xx_HAL_Driver/Src/stm32g0xx_hal_adc.o
 .text.LL_ADC_SetSamplingTimeCommonChannels
                0x08005a1e       0x3a ./Drivers/STM32G0xx_HAL_Driver/Src/stm32g0xx_hal_adc.o
 .text.LL_ADC_GetSamplingTimeCommonChannels
                0x08005a58       0x2e ./Drivers/STM32G0xx_HAL_Driver/Src/stm32g0xx_hal_adc.o
 .text.LL_ADC_REG_IsTriggerSourceSWStart
                0x08005a86       0x22 ./Drivers/STM32G0xx_HAL_Driver/Src/stm32g0xx_hal_adc.o
 .text.LL_ADC_REG_SetSequencerRanks
                0x08005aa8       0x40 ./Drivers/STM32G0xx_HAL_Driver/Src/stm32g0xx_hal_adc.o
 .text.LL_ADC_REG_SetSequencerChAdd
                0x08005ae8       0x22 ./Drivers/STM32G0xx_HAL_Driver/Src/stm32g0xx_hal_adc.o
 .text.LL_ADC_REG_SetSequencerChRem
                0x08005b0a       0x24 ./Drivers/STM32G0xx_HAL_Driver/Src/stm32g0xx_hal_adc.o
 *fill*         0x08005b2e        0x2 
 .text.LL_ADC_SetChannelSamplingTime
                0x08005b30       0x38 ./Drivers/STM32G0xx_HAL_Driver/Src/stm32g0xx_hal_adc.o
 .text.LL_ADC_EnableInternalRegulator
                0x08005b68       0x28 ./Drivers/STM32G0xx_HAL_Driver/Src/stm32g0xx_hal_adc.o
 .text.LL_ADC_IsInternalRegulatorEnabled
                0x08005b90       0x28 ./Drivers/STM32G0xx_HAL_Driver/Src/stm32g0xx_hal_adc.o
 .text.LL_ADC_Enable
                0x08005bb8       0x24 ./Drivers/STM32G0xx_HAL_Driver/Src/stm32g0xx_hal_adc.o
 .text.LL_ADC_Disable
                0x08005bdc       0x24 ./Drivers/STM32G0xx_HAL_Driver/Src/stm32g0xx_hal_adc.o
 .text.LL_ADC_IsEnabled
                0x08005c00       0x22 ./Drivers/STM32G0xx_HAL_Driver/Src/stm32g0xx_hal_adc.o
 .text.LL_ADC_IsDisableOngoing
                0x08005c22       0x22 ./Drivers/STM32G0xx_HAL_Driver/Src/stm32g0xx_hal_adc.o
 .text.LL_ADC_REG_StartConversion
                0x08005c44       0x24 ./Drivers/STM32G0xx_HAL_Driver/Src/stm32g0xx_hal_adc.o
 .text.LL_ADC_REG_StopConversion
                0x08005c68       0x24 ./Drivers/STM32G0xx_HAL_Driver/Src/stm32g0xx_hal_adc.o
 .text.LL_ADC_REG_IsConversionOngoing
                0x08005c8c       0x22 ./Drivers/STM32G0xx_HAL_Driver/Src/stm32g0xx_hal_adc.o
 *fill*         0x08005cae        0x2 
 .text.HAL_ADC_Init
                0x08005cb0      0x3b0 ./Drivers/STM32G0xx_HAL_Driver/Src/stm32g0xx_hal_adc.o
                0x08005cb0                HAL_ADC_Init
 .text.HAL_ADC_RegisterCallback
                0x08006060      0x118 ./Drivers/STM32G0xx_HAL_Driver/Src/stm32g0xx_hal_adc.o
                0x08006060                HAL_ADC_RegisterCallback
 .text.HAL_ADC_Start_DMA
                0x08006178      0x11c ./Drivers/STM32G0xx_HAL_Driver/Src/stm32g0xx_hal_adc.o
                0x08006178                HAL_ADC_Start_DMA
 .text.HAL_ADC_Stop_DMA
                0x08006294       0xe4 ./Drivers/STM32G0xx_HAL_Driver/Src/stm32g0xx_hal_adc.o
                0x08006294                HAL_ADC_Stop_DMA
 .text.HAL_ADC_ConvCpltCallback
                0x08006378       0x10 ./Drivers/STM32G0xx_HAL_Driver/Src/stm32g0xx_hal_adc.o
                0x08006378                HAL_ADC_ConvCpltCallback
 .text.HAL_ADC_ConvHalfCpltCallback
                0x08006388       0x10 ./Drivers/STM32G0xx_HAL_Driver/Src/stm32g0xx_hal_adc.o
                0x08006388                HAL_ADC_ConvHalfCpltCallback
 .text.HAL_ADC_LevelOutOfWindowCallback
                0x08006398       0x10 ./Drivers/STM32G0xx_HAL_Driver/Src/stm32g0xx_hal_adc.o
                0x08006398                HAL_ADC_LevelOutOfWindowCallback
 .text.HAL_ADC_ErrorCallback
                0x080063a8       0x10 ./Drivers/STM32G0xx_HAL_Driver/Src/stm32g0xx_hal_adc.o
                0x080063a8                HAL_ADC_ErrorCallback
 .text.HAL_ADC_ConfigChannel
                0x080063b8      0x3b0 ./Drivers/STM32G0xx_HAL_Driver/Src/stm32g0xx_hal_adc.o
                0x080063b8                HAL_ADC_ConfigChannel
 .text.ADC_ConversionStop
                0x08006768       0x84 ./Drivers/STM32G0xx_HAL_Driver/Src/stm32g0xx_hal_adc.o
                0x08006768                ADC_ConversionStop
 .text.ADC_Enable
                0x080067ec      0x10c ./Drivers/STM32G0xx_HAL_Driver/Src/stm32g0xx_hal_adc.o
                0x080067ec                ADC_Enable
 .text.ADC_Disable
                0x080068f8       0xbc ./Drivers/STM32G0xx_HAL_Driver/Src/stm32g0xx_hal_adc.o
                0x080068f8                ADC_Disable
 .text.ADC_DMAConvCplt
                0x080069b4       0xcc ./Drivers/STM32G0xx_HAL_Driver/Src/stm32g0xx_hal_adc.o
 .text.ADC_DMAHalfConvCplt
                0x08006a80       0x20 ./Drivers/STM32G0xx_HAL_Driver/Src/stm32g0xx_hal_adc.o
 .text.ADC_DMAError
                0x08006aa0       0x38 ./Drivers/STM32G0xx_HAL_Driver/Src/stm32g0xx_hal_adc.o
 .text.LL_ADC_GetCommonClock
                0x08006ad8       0x1a ./Drivers/STM32G0xx_HAL_Driver/Src/stm32g0xx_hal_adc_ex.o
 .text.LL_ADC_GetClock
                0x08006af2       0x18 ./Drivers/STM32G0xx_HAL_Driver/Src/stm32g0xx_hal_adc_ex.o
 .text.LL_ADC_SetCalibrationFactor
                0x08006b0a       0x28 ./Drivers/STM32G0xx_HAL_Driver/Src/stm32g0xx_hal_adc_ex.o
 .text.LL_ADC_GetCalibrationFactor
                0x08006b32       0x1a ./Drivers/STM32G0xx_HAL_Driver/Src/stm32g0xx_hal_adc_ex.o
 .text.LL_ADC_Enable
                0x08006b4c       0x24 ./Drivers/STM32G0xx_HAL_Driver/Src/stm32g0xx_hal_adc_ex.o
 .text.LL_ADC_Disable
                0x08006b70       0x24 ./Drivers/STM32G0xx_HAL_Driver/Src/stm32g0xx_hal_adc_ex.o
 .text.LL_ADC_IsEnabled
                0x08006b94       0x22 ./Drivers/STM32G0xx_HAL_Driver/Src/stm32g0xx_hal_adc_ex.o
 *fill*         0x08006bb6        0x2 
 .text.LL_ADC_StartCalibration
                0x08006bb8       0x28 ./Drivers/STM32G0xx_HAL_Driver/Src/stm32g0xx_hal_adc_ex.o
 .text.LL_ADC_IsCalibrationOnGoing
                0x08006be0       0x26 ./Drivers/STM32G0xx_HAL_Driver/Src/stm32g0xx_hal_adc_ex.o
 *fill*         0x08006c06        0x2 
 .text.HAL_ADCEx_Calibration_Start
                0x08006c08      0x1f8 ./Drivers/STM32G0xx_HAL_Driver/Src/stm32g0xx_hal_adc_ex.o
                0x08006c08                HAL_ADCEx_Calibration_Start
 .text.HAL_ADCEx_LevelOutOfWindow2Callback
                0x08006e00       0x10 ./Drivers/STM32G0xx_HAL_Driver/Src/stm32g0xx_hal_adc_ex.o
                0x08006e00                HAL_ADCEx_LevelOutOfWindow2Callback
 .text.HAL_ADCEx_LevelOutOfWindow3Callback
                0x08006e10       0x10 ./Drivers/STM32G0xx_HAL_Driver/Src/stm32g0xx_hal_adc_ex.o
                0x08006e10                HAL_ADCEx_LevelOutOfWindow3Callback
 .text.HAL_ADCEx_EndOfSamplingCallback
                0x08006e20       0x10 ./Drivers/STM32G0xx_HAL_Driver/Src/stm32g0xx_hal_adc_ex.o
                0x08006e20                HAL_ADCEx_EndOfSamplingCallback
 .text.__NVIC_EnableIRQ
                0x08006e30       0x34 ./Drivers/STM32G0xx_HAL_Driver/Src/stm32g0xx_hal_cortex.o
 .text.__NVIC_DisableIRQ
                0x08006e64       0x44 ./Drivers/STM32G0xx_HAL_Driver/Src/stm32g0xx_hal_cortex.o
 .text.__NVIC_SetPriority
                0x08006ea8       0xdc ./Drivers/STM32G0xx_HAL_Driver/Src/stm32g0xx_hal_cortex.o
 .text.SysTick_Config
                0x08006f84       0x48 ./Drivers/STM32G0xx_HAL_Driver/Src/stm32g0xx_hal_cortex.o
 .text.HAL_NVIC_SetPriority
                0x08006fcc       0x2a ./Drivers/STM32G0xx_HAL_Driver/Src/stm32g0xx_hal_cortex.o
                0x08006fcc                HAL_NVIC_SetPriority
 .text.HAL_NVIC_EnableIRQ
                0x08006ff6       0x20 ./Drivers/STM32G0xx_HAL_Driver/Src/stm32g0xx_hal_cortex.o
                0x08006ff6                HAL_NVIC_EnableIRQ
 .text.HAL_NVIC_DisableIRQ
                0x08007016       0x20 ./Drivers/STM32G0xx_HAL_Driver/Src/stm32g0xx_hal_cortex.o
                0x08007016                HAL_NVIC_DisableIRQ
 .text.HAL_SYSTICK_Config
                0x08007036       0x1a ./Drivers/STM32G0xx_HAL_Driver/Src/stm32g0xx_hal_cortex.o
                0x08007036                HAL_SYSTICK_Config
 .text.HAL_DMA_Init
                0x08007050      0x114 ./Drivers/STM32G0xx_HAL_Driver/Src/stm32g0xx_hal_dma.o
                0x08007050                HAL_DMA_Init
 .text.HAL_DMA_Start_IT
                0x08007164      0x10c ./Drivers/STM32G0xx_HAL_Driver/Src/stm32g0xx_hal_dma.o
                0x08007164                HAL_DMA_Start_IT
 .text.HAL_DMA_Abort
                0x08007270       0xc4 ./Drivers/STM32G0xx_HAL_Driver/Src/stm32g0xx_hal_dma.o
                0x08007270                HAL_DMA_Abort
 .text.HAL_DMA_Abort_IT
                0x08007334       0xd4 ./Drivers/STM32G0xx_HAL_Driver/Src/stm32g0xx_hal_dma.o
                0x08007334                HAL_DMA_Abort_IT
 .text.HAL_DMA_IRQHandler
                0x08007408      0x164 ./Drivers/STM32G0xx_HAL_Driver/Src/stm32g0xx_hal_dma.o
                0x08007408                HAL_DMA_IRQHandler
 .text.DMA_SetConfig
                0x0800756c       0x80 ./Drivers/STM32G0xx_HAL_Driver/Src/stm32g0xx_hal_dma.o
 .text.DMA_CalcDMAMUXChannelBaseAndMask
                0x080075ec       0x58 ./Drivers/STM32G0xx_HAL_Driver/Src/stm32g0xx_hal_dma.o
 .text.DMA_CalcDMAMUXRequestGenBaseAndMask
                0x08007644       0x48 ./Drivers/STM32G0xx_HAL_Driver/Src/stm32g0xx_hal_dma.o
 .text.HAL_GPIO_Init
                0x0800768c      0x2c8 ./Drivers/STM32G0xx_HAL_Driver/Src/stm32g0xx_hal_gpio.o
                0x0800768c                HAL_GPIO_Init
 .text.HAL_GPIO_ReadPin
                0x08007954       0x3a ./Drivers/STM32G0xx_HAL_Driver/Src/stm32g0xx_hal_gpio.o
                0x08007954                HAL_GPIO_ReadPin
 .text.HAL_GPIO_WritePin
                0x0800798e       0x3a ./Drivers/STM32G0xx_HAL_Driver/Src/stm32g0xx_hal_gpio.o
                0x0800798e                HAL_GPIO_WritePin
 .text.HAL_GPIO_EXTI_IRQHandler
                0x080079c8       0x54 ./Drivers/STM32G0xx_HAL_Driver/Src/stm32g0xx_hal_gpio.o
                0x080079c8                HAL_GPIO_EXTI_IRQHandler
 .text.HAL_LPTIM_Init
                0x08007a1c      0x160 ./Drivers/STM32G0xx_HAL_Driver/Src/stm32g0xx_hal_lptim.o
                0x08007a1c                HAL_LPTIM_Init
 .text.HAL_LPTIM_SetOnce_Start_IT
                0x08007b7c      0x128 ./Drivers/STM32G0xx_HAL_Driver/Src/stm32g0xx_hal_lptim.o
                0x08007b7c                HAL_LPTIM_SetOnce_Start_IT
 .text.HAL_LPTIM_IRQHandler
                0x08007ca4      0x152 ./Drivers/STM32G0xx_HAL_Driver/Src/stm32g0xx_hal_lptim.o
                0x08007ca4                HAL_LPTIM_IRQHandler
 .text.HAL_LPTIM_CompareMatchCallback
                0x08007df6       0x10 ./Drivers/STM32G0xx_HAL_Driver/Src/stm32g0xx_hal_lptim.o
                0x08007df6                HAL_LPTIM_CompareMatchCallback
 .text.HAL_LPTIM_AutoReloadMatchCallback
                0x08007e06       0x10 ./Drivers/STM32G0xx_HAL_Driver/Src/stm32g0xx_hal_lptim.o
                0x08007e06                HAL_LPTIM_AutoReloadMatchCallback
 .text.HAL_LPTIM_TriggerCallback
                0x08007e16       0x10 ./Drivers/STM32G0xx_HAL_Driver/Src/stm32g0xx_hal_lptim.o
                0x08007e16                HAL_LPTIM_TriggerCallback
 .text.HAL_LPTIM_CompareWriteCallback
                0x08007e26       0x10 ./Drivers/STM32G0xx_HAL_Driver/Src/stm32g0xx_hal_lptim.o
                0x08007e26                HAL_LPTIM_CompareWriteCallback
 .text.HAL_LPTIM_AutoReloadWriteCallback
                0x08007e36       0x10 ./Drivers/STM32G0xx_HAL_Driver/Src/stm32g0xx_hal_lptim.o
                0x08007e36                HAL_LPTIM_AutoReloadWriteCallback
 .text.HAL_LPTIM_DirectionUpCallback
                0x08007e46       0x10 ./Drivers/STM32G0xx_HAL_Driver/Src/stm32g0xx_hal_lptim.o
                0x08007e46                HAL_LPTIM_DirectionUpCallback
 .text.HAL_LPTIM_DirectionDownCallback
                0x08007e56       0x10 ./Drivers/STM32G0xx_HAL_Driver/Src/stm32g0xx_hal_lptim.o
                0x08007e56                HAL_LPTIM_DirectionDownCallback
 *fill*         0x08007e66        0x2 
 .text.HAL_LPTIM_RegisterCallback
                0x08007e68       0xe8 ./Drivers/STM32G0xx_HAL_Driver/Src/stm32g0xx_hal_lptim.o
                0x08007e68                HAL_LPTIM_RegisterCallback
 .text.HAL_LPTIM_GetState
                0x08007f50       0x18 ./Drivers/STM32G0xx_HAL_Driver/Src/stm32g0xx_hal_lptim.o
                0x08007f50                HAL_LPTIM_GetState
 .text.LPTIM_ResetCallback
                0x08007f68       0x58 ./Drivers/STM32G0xx_HAL_Driver/Src/stm32g0xx_hal_lptim.o
 .text.LPTIM_WaitForFlag
                0x08007fc0       0x70 ./Drivers/STM32G0xx_HAL_Driver/Src/stm32g0xx_hal_lptim.o
 .text.LPTIM_Disable
                0x08008030      0x208 ./Drivers/STM32G0xx_HAL_Driver/Src/stm32g0xx_hal_lptim.o
                0x08008030                LPTIM_Disable
 .text.HAL_PWREx_ControlVoltageScaling
                0x08008238       0x80 ./Drivers/STM32G0xx_HAL_Driver/Src/stm32g0xx_hal_pwr_ex.o
                0x08008238                HAL_PWREx_ControlVoltageScaling
 .text.LL_RCC_GetAPB1Prescaler
                0x080082b8       0x18 ./Drivers/STM32G0xx_HAL_Driver/Src/stm32g0xx_hal_rcc.o
 .text.HAL_RCC_OscConfig
                0x080082d0      0x634 ./Drivers/STM32G0xx_HAL_Driver/Src/stm32g0xx_hal_rcc.o
                0x080082d0                HAL_RCC_OscConfig
 .text.HAL_RCC_ClockConfig
                0x08008904      0x210 ./Drivers/STM32G0xx_HAL_Driver/Src/stm32g0xx_hal_rcc.o
                0x08008904                HAL_RCC_ClockConfig
 .text.HAL_RCC_GetSysClockFreq
                0x08008b14      0x104 ./Drivers/STM32G0xx_HAL_Driver/Src/stm32g0xx_hal_rcc.o
                0x08008b14                HAL_RCC_GetSysClockFreq
 .text.HAL_RCC_GetHCLKFreq
                0x08008c18       0x14 ./Drivers/STM32G0xx_HAL_Driver/Src/stm32g0xx_hal_rcc.o
                0x08008c18                HAL_RCC_GetHCLKFreq
 .text.HAL_RCC_GetPCLK1Freq
                0x08008c2c       0x2c ./Drivers/STM32G0xx_HAL_Driver/Src/stm32g0xx_hal_rcc.o
                0x08008c2c                HAL_RCC_GetPCLK1Freq
 .text.HAL_RCCEx_PeriphCLKConfig
                0x08008c58      0x2f4 ./Drivers/STM32G0xx_HAL_Driver/Src/stm32g0xx_hal_rcc_ex.o
                0x08008c58                HAL_RCCEx_PeriphCLKConfig
 .text.HAL_TIM_Base_Init
                0x08008f4c       0xcc ./Drivers/STM32G0xx_HAL_Driver/Src/stm32g0xx_hal_tim.o
                0x08008f4c                HAL_TIM_Base_Init
 .text.HAL_TIM_Base_Start
                0x08009018       0x98 ./Drivers/STM32G0xx_HAL_Driver/Src/stm32g0xx_hal_tim.o
                0x08009018                HAL_TIM_Base_Start
 .text.HAL_TIM_Base_Start_IT
                0x080090b0       0xa8 ./Drivers/STM32G0xx_HAL_Driver/Src/stm32g0xx_hal_tim.o
                0x080090b0                HAL_TIM_Base_Start_IT
 .text.HAL_TIM_OC_Init
                0x08009158       0xcc ./Drivers/STM32G0xx_HAL_Driver/Src/stm32g0xx_hal_tim.o
                0x08009158                HAL_TIM_OC_Init
 .text.HAL_TIM_OC_MspInit
                0x08009224       0x10 ./Drivers/STM32G0xx_HAL_Driver/Src/stm32g0xx_hal_tim.o
                0x08009224                HAL_TIM_OC_MspInit
 .text.HAL_TIM_OC_Start_IT
                0x08009234      0x248 ./Drivers/STM32G0xx_HAL_Driver/Src/stm32g0xx_hal_tim.o
                0x08009234                HAL_TIM_OC_Start_IT
 .text.HAL_TIM_OC_Stop_IT
                0x0800947c      0x19c ./Drivers/STM32G0xx_HAL_Driver/Src/stm32g0xx_hal_tim.o
                0x0800947c                HAL_TIM_OC_Stop_IT
 .text.HAL_TIM_PWM_Init
                0x08009618       0xcc ./Drivers/STM32G0xx_HAL_Driver/Src/stm32g0xx_hal_tim.o
                0x08009618                HAL_TIM_PWM_Init
 .text.HAL_TIM_PWM_MspInit
                0x080096e4       0x10 ./Drivers/STM32G0xx_HAL_Driver/Src/stm32g0xx_hal_tim.o
                0x080096e4                HAL_TIM_PWM_MspInit
 .text.HAL_TIM_PWM_Start
                0x080096f4      0x1bc ./Drivers/STM32G0xx_HAL_Driver/Src/stm32g0xx_hal_tim.o
                0x080096f4                HAL_TIM_PWM_Start
 .text.HAL_TIM_IC_Init
                0x080098b0       0xcc ./Drivers/STM32G0xx_HAL_Driver/Src/stm32g0xx_hal_tim.o
                0x080098b0                HAL_TIM_IC_Init
 .text.HAL_TIM_IC_MspInit
                0x0800997c       0x10 ./Drivers/STM32G0xx_HAL_Driver/Src/stm32g0xx_hal_tim.o
                0x0800997c                HAL_TIM_IC_MspInit
 .text.HAL_TIM_IC_Start_IT
                0x0800998c      0x260 ./Drivers/STM32G0xx_HAL_Driver/Src/stm32g0xx_hal_tim.o
                0x0800998c                HAL_TIM_IC_Start_IT
 .text.HAL_TIM_IRQHandler
                0x08009bec      0x254 ./Drivers/STM32G0xx_HAL_Driver/Src/stm32g0xx_hal_tim.o
                0x08009bec                HAL_TIM_IRQHandler
 .text.HAL_TIM_OC_ConfigChannel
                0x08009e40       0xc0 ./Drivers/STM32G0xx_HAL_Driver/Src/stm32g0xx_hal_tim.o
                0x08009e40                HAL_TIM_OC_ConfigChannel
 .text.HAL_TIM_IC_ConfigChannel
                0x08009f00      0x148 ./Drivers/STM32G0xx_HAL_Driver/Src/stm32g0xx_hal_tim.o
                0x08009f00                HAL_TIM_IC_ConfigChannel
 .text.HAL_TIM_PWM_ConfigChannel
                0x0800a048      0x200 ./Drivers/STM32G0xx_HAL_Driver/Src/stm32g0xx_hal_tim.o
                0x0800a048                HAL_TIM_PWM_ConfigChannel
 .text.HAL_TIM_ConfigClockSource
                0x0800a248      0x1ac ./Drivers/STM32G0xx_HAL_Driver/Src/stm32g0xx_hal_tim.o
                0x0800a248                HAL_TIM_ConfigClockSource
 .text.HAL_TIM_ReadCapturedValue
                0x0800a3f4       0x68 ./Drivers/STM32G0xx_HAL_Driver/Src/stm32g0xx_hal_tim.o
                0x0800a3f4                HAL_TIM_ReadCapturedValue
 .text.HAL_TIM_PeriodElapsedCallback
                0x0800a45c       0x10 ./Drivers/STM32G0xx_HAL_Driver/Src/stm32g0xx_hal_tim.o
                0x0800a45c                HAL_TIM_PeriodElapsedCallback
 .text.HAL_TIM_PeriodElapsedHalfCpltCallback
                0x0800a46c       0x10 ./Drivers/STM32G0xx_HAL_Driver/Src/stm32g0xx_hal_tim.o
                0x0800a46c                HAL_TIM_PeriodElapsedHalfCpltCallback
 .text.HAL_TIM_OC_DelayElapsedCallback
                0x0800a47c       0x10 ./Drivers/STM32G0xx_HAL_Driver/Src/stm32g0xx_hal_tim.o
                0x0800a47c                HAL_TIM_OC_DelayElapsedCallback
 .text.HAL_TIM_IC_CaptureCallback
                0x0800a48c       0x10 ./Drivers/STM32G0xx_HAL_Driver/Src/stm32g0xx_hal_tim.o
                0x0800a48c                HAL_TIM_IC_CaptureCallback
 .text.HAL_TIM_IC_CaptureHalfCpltCallback
                0x0800a49c       0x10 ./Drivers/STM32G0xx_HAL_Driver/Src/stm32g0xx_hal_tim.o
                0x0800a49c                HAL_TIM_IC_CaptureHalfCpltCallback
 .text.HAL_TIM_PWM_PulseFinishedCallback
                0x0800a4ac       0x10 ./Drivers/STM32G0xx_HAL_Driver/Src/stm32g0xx_hal_tim.o
                0x0800a4ac                HAL_TIM_PWM_PulseFinishedCallback
 .text.HAL_TIM_PWM_PulseFinishedHalfCpltCallback
                0x0800a4bc       0x10 ./Drivers/STM32G0xx_HAL_Driver/Src/stm32g0xx_hal_tim.o
                0x0800a4bc                HAL_TIM_PWM_PulseFinishedHalfCpltCallback
 .text.HAL_TIM_TriggerCallback
                0x0800a4cc       0x10 ./Drivers/STM32G0xx_HAL_Driver/Src/stm32g0xx_hal_tim.o
                0x0800a4cc                HAL_TIM_TriggerCallback
 .text.HAL_TIM_TriggerHalfCpltCallback
                0x0800a4dc       0x10 ./Drivers/STM32G0xx_HAL_Driver/Src/stm32g0xx_hal_tim.o
                0x0800a4dc                HAL_TIM_TriggerHalfCpltCallback
 .text.HAL_TIM_ErrorCallback
                0x0800a4ec       0x10 ./Drivers/STM32G0xx_HAL_Driver/Src/stm32g0xx_hal_tim.o
                0x0800a4ec                HAL_TIM_ErrorCallback
 .text.HAL_TIM_RegisterCallback
                0x0800a4fc      0x20c ./Drivers/STM32G0xx_HAL_Driver/Src/stm32g0xx_hal_tim.o
                0x0800a4fc                HAL_TIM_RegisterCallback
 .text.TIM_Base_SetConfig
                0x0800a708      0x108 ./Drivers/STM32G0xx_HAL_Driver/Src/stm32g0xx_hal_tim.o
                0x0800a708                TIM_Base_SetConfig
 .text.TIM_OC1_SetConfig
                0x0800a810      0x100 ./Drivers/STM32G0xx_HAL_Driver/Src/stm32g0xx_hal_tim.o
 .text.TIM_OC2_SetConfig
                0x0800a910       0xfc ./Drivers/STM32G0xx_HAL_Driver/Src/stm32g0xx_hal_tim.o
                0x0800a910                TIM_OC2_SetConfig
 .text.TIM_OC3_SetConfig
                0x0800aa0c      0x104 ./Drivers/STM32G0xx_HAL_Driver/Src/stm32g0xx_hal_tim.o
 .text.TIM_OC4_SetConfig
                0x0800ab10       0xc8 ./Drivers/STM32G0xx_HAL_Driver/Src/stm32g0xx_hal_tim.o
 .text.TIM_OC5_SetConfig
                0x0800abd8       0xb4 ./Drivers/STM32G0xx_HAL_Driver/Src/stm32g0xx_hal_tim.o
 .text.TIM_OC6_SetConfig
                0x0800ac8c       0xbc ./Drivers/STM32G0xx_HAL_Driver/Src/stm32g0xx_hal_tim.o
 .text.TIM_TI1_SetConfig
                0x0800ad48       0xac ./Drivers/STM32G0xx_HAL_Driver/Src/stm32g0xx_hal_tim.o
                0x0800ad48                TIM_TI1_SetConfig
 .text.TIM_TI1_ConfigInputStage
                0x0800adf4       0x5c ./Drivers/STM32G0xx_HAL_Driver/Src/stm32g0xx_hal_tim.o
 .text.TIM_TI2_SetConfig
                0x0800ae50       0x84 ./Drivers/STM32G0xx_HAL_Driver/Src/stm32g0xx_hal_tim.o
 .text.TIM_TI2_ConfigInputStage
                0x0800aed4       0x64 ./Drivers/STM32G0xx_HAL_Driver/Src/stm32g0xx_hal_tim.o
 .text.TIM_TI3_SetConfig
                0x0800af38       0x80 ./Drivers/STM32G0xx_HAL_Driver/Src/stm32g0xx_hal_tim.o
 .text.TIM_TI4_SetConfig
                0x0800afb8       0x8c ./Drivers/STM32G0xx_HAL_Driver/Src/stm32g0xx_hal_tim.o
 .text.TIM_ITRx_SetConfig
                0x0800b044       0x38 ./Drivers/STM32G0xx_HAL_Driver/Src/stm32g0xx_hal_tim.o
 .text.TIM_ETR_SetConfig
                0x0800b07c       0x40 ./Drivers/STM32G0xx_HAL_Driver/Src/stm32g0xx_hal_tim.o
                0x0800b07c                TIM_ETR_SetConfig
 .text.TIM_CCxChannelCmd
                0x0800b0bc       0x46 ./Drivers/STM32G0xx_HAL_Driver/Src/stm32g0xx_hal_tim.o
                0x0800b0bc                TIM_CCxChannelCmd
 *fill*         0x0800b102        0x2 
 .text.TIM_ResetCallback
                0x0800b104       0xb8 ./Drivers/STM32G0xx_HAL_Driver/Src/stm32g0xx_hal_tim.o
                0x0800b104                TIM_ResetCallback
 .text.HAL_TIMEx_MasterConfigSynchronization
                0x0800b1bc       0xd0 ./Drivers/STM32G0xx_HAL_Driver/Src/stm32g0xx_hal_tim_ex.o
                0x0800b1bc                HAL_TIMEx_MasterConfigSynchronization
 .text.HAL_TIMEx_ConfigBreakDeadTime
                0x0800b28c      0x138 ./Drivers/STM32G0xx_HAL_Driver/Src/stm32g0xx_hal_tim_ex.o
                0x0800b28c                HAL_TIMEx_ConfigBreakDeadTime
 .text.HAL_TIMEx_CommutCallback
                0x0800b3c4       0x10 ./Drivers/STM32G0xx_HAL_Driver/Src/stm32g0xx_hal_tim_ex.o
                0x0800b3c4                HAL_TIMEx_CommutCallback
 .text.HAL_TIMEx_CommutHalfCpltCallback
                0x0800b3d4       0x10 ./Drivers/STM32G0xx_HAL_Driver/Src/stm32g0xx_hal_tim_ex.o
                0x0800b3d4                HAL_TIMEx_CommutHalfCpltCallback
 .text.HAL_TIMEx_BreakCallback
                0x0800b3e4       0x10 ./Drivers/STM32G0xx_HAL_Driver/Src/stm32g0xx_hal_tim_ex.o
                0x0800b3e4                HAL_TIMEx_BreakCallback
 .text.HAL_TIMEx_Break2Callback
                0x0800b3f4       0x10 ./Drivers/STM32G0xx_HAL_Driver/Src/stm32g0xx_hal_tim_ex.o
                0x0800b3f4                HAL_TIMEx_Break2Callback
 .text.HAL_UART_Init
                0x0800b404       0xd0 ./Drivers/STM32G0xx_HAL_Driver/Src/stm32g0xx_hal_uart.o
                0x0800b404                HAL_UART_Init
 .text.HAL_UART_RegisterCallback
                0x0800b4d4      0x160 ./Drivers/STM32G0xx_HAL_Driver/Src/stm32g0xx_hal_uart.o
                0x0800b4d4                HAL_UART_RegisterCallback
 .text.HAL_UART_Receive_DMA
                0x0800b634       0xbc ./Drivers/STM32G0xx_HAL_Driver/Src/stm32g0xx_hal_uart.o
                0x0800b634                HAL_UART_Receive_DMA
 .text.HAL_UART_IRQHandler
                0x0800b6f0      0x668 ./Drivers/STM32G0xx_HAL_Driver/Src/stm32g0xx_hal_uart.o
                0x0800b6f0                HAL_UART_IRQHandler
 .text.HAL_UART_TxCpltCallback
                0x0800bd58       0x10 ./Drivers/STM32G0xx_HAL_Driver/Src/stm32g0xx_hal_uart.o
                0x0800bd58                HAL_UART_TxCpltCallback
 .text.HAL_UART_TxHalfCpltCallback
                0x0800bd68       0x10 ./Drivers/STM32G0xx_HAL_Driver/Src/stm32g0xx_hal_uart.o
                0x0800bd68                HAL_UART_TxHalfCpltCallback
 .text.HAL_UART_RxCpltCallback
                0x0800bd78       0x10 ./Drivers/STM32G0xx_HAL_Driver/Src/stm32g0xx_hal_uart.o
                0x0800bd78                HAL_UART_RxCpltCallback
 .text.HAL_UART_RxHalfCpltCallback
                0x0800bd88       0x10 ./Drivers/STM32G0xx_HAL_Driver/Src/stm32g0xx_hal_uart.o
                0x0800bd88                HAL_UART_RxHalfCpltCallback
 .text.HAL_UART_ErrorCallback
                0x0800bd98       0x10 ./Drivers/STM32G0xx_HAL_Driver/Src/stm32g0xx_hal_uart.o
                0x0800bd98                HAL_UART_ErrorCallback
 .text.HAL_UART_AbortCpltCallback
                0x0800bda8       0x10 ./Drivers/STM32G0xx_HAL_Driver/Src/stm32g0xx_hal_uart.o
                0x0800bda8                HAL_UART_AbortCpltCallback
 .text.HAL_UART_AbortTransmitCpltCallback
                0x0800bdb8       0x10 ./Drivers/STM32G0xx_HAL_Driver/Src/stm32g0xx_hal_uart.o
                0x0800bdb8                HAL_UART_AbortTransmitCpltCallback
 .text.HAL_UART_AbortReceiveCpltCallback
                0x0800bdc8       0x10 ./Drivers/STM32G0xx_HAL_Driver/Src/stm32g0xx_hal_uart.o
                0x0800bdc8                HAL_UART_AbortReceiveCpltCallback
 .text.HAL_UARTEx_RxEventCallback
                0x0800bdd8       0x16 ./Drivers/STM32G0xx_HAL_Driver/Src/stm32g0xx_hal_uart.o
                0x0800bdd8                HAL_UARTEx_RxEventCallback
 *fill*         0x0800bdee        0x2 
 .text.UART_InitCallbacksToDefault
                0x0800bdf0       0xa0 ./Drivers/STM32G0xx_HAL_Driver/Src/stm32g0xx_hal_uart.o
                0x0800bdf0                UART_InitCallbacksToDefault
 .text.UART_SetConfig
                0x0800be90      0x4f0 ./Drivers/STM32G0xx_HAL_Driver/Src/stm32g0xx_hal_uart.o
                0x0800be90                UART_SetConfig
 .text.UART_AdvFeatureConfig
                0x0800c380      0x168 ./Drivers/STM32G0xx_HAL_Driver/Src/stm32g0xx_hal_uart.o
                0x0800c380                UART_AdvFeatureConfig
 .text.UART_CheckIdleState
                0x0800c4e8      0x154 ./Drivers/STM32G0xx_HAL_Driver/Src/stm32g0xx_hal_uart.o
                0x0800c4e8                UART_CheckIdleState
 .text.UART_WaitOnFlagUntilTimeout
                0x0800c63c       0xde ./Drivers/STM32G0xx_HAL_Driver/Src/stm32g0xx_hal_uart.o
                0x0800c63c                UART_WaitOnFlagUntilTimeout
 *fill*         0x0800c71a        0x2 
 .text.UART_Start_Receive_DMA
                0x0800c71c      0x14c ./Drivers/STM32G0xx_HAL_Driver/Src/stm32g0xx_hal_uart.o
                0x0800c71c                UART_Start_Receive_DMA
 .text.UART_EndTxTransfer
                0x0800c868       0x80 ./Drivers/STM32G0xx_HAL_Driver/Src/stm32g0xx_hal_uart.o
 .text.UART_EndRxTransfer
                0x0800c8e8       0xcc ./Drivers/STM32G0xx_HAL_Driver/Src/stm32g0xx_hal_uart.o
 .text.UART_DMAReceiveCplt
                0x0800c9b4      0x134 ./Drivers/STM32G0xx_HAL_Driver/Src/stm32g0xx_hal_uart.o
 .text.UART_DMARxHalfCplt
                0x0800cae8       0x48 ./Drivers/STM32G0xx_HAL_Driver/Src/stm32g0xx_hal_uart.o
 .text.UART_DMAError
                0x0800cb30       0x8a ./Drivers/STM32G0xx_HAL_Driver/Src/stm32g0xx_hal_uart.o
 .text.UART_DMAAbortOnError
                0x0800cbba       0x32 ./Drivers/STM32G0xx_HAL_Driver/Src/stm32g0xx_hal_uart.o
 .text.UART_EndTransmit_IT
                0x0800cbec       0x5c ./Drivers/STM32G0xx_HAL_Driver/Src/stm32g0xx_hal_uart.o
 .text.HAL_UARTEx_WakeupCallback
                0x0800cc48       0x10 ./Drivers/STM32G0xx_HAL_Driver/Src/stm32g0xx_hal_uart_ex.o
                0x0800cc48                HAL_UARTEx_WakeupCallback
 .text.HAL_UARTEx_RxFifoFullCallback
                0x0800cc58       0x10 ./Drivers/STM32G0xx_HAL_Driver/Src/stm32g0xx_hal_uart_ex.o
                0x0800cc58                HAL_UARTEx_RxFifoFullCallback
 .text.HAL_UARTEx_TxFifoEmptyCallback
                0x0800cc68       0x10 ./Drivers/STM32G0xx_HAL_Driver/Src/stm32g0xx_hal_uart_ex.o
                0x0800cc68                HAL_UARTEx_TxFifoEmptyCallback
 .text.memset   0x0800cc78       0x10 C:/ST/STM32CubeIDE_1.18.1/STM32CubeIDE/plugins/com.st.stm32cube.ide.mcu.externaltools.gnu-tools-for-stm32.13.3.rel1.win32_1.0.0.202411081344/tools/bin/../lib/gcc/arm-none-eabi/13.3.1/../../../../arm-none-eabi/lib/thumb/v6-m/nofp\libc_nano.a(libc_a-memset.o)
                0x0800cc78                memset
 .text.__libc_init_array
                0x0800cc88       0x48 C:/ST/STM32CubeIDE_1.18.1/STM32CubeIDE/plugins/com.st.stm32cube.ide.mcu.externaltools.gnu-tools-for-stm32.13.3.rel1.win32_1.0.0.202411081344/tools/bin/../lib/gcc/arm-none-eabi/13.3.1/../../../../arm-none-eabi/lib/thumb/v6-m/nofp\libc_nano.a(libc_a-init.o)
                0x0800cc88                __libc_init_array
 .text.memcpy   0x0800ccd0       0x12 C:/ST/STM32CubeIDE_1.18.1/STM32CubeIDE/plugins/com.st.stm32cube.ide.mcu.externaltools.gnu-tools-for-stm32.13.3.rel1.win32_1.0.0.202411081344/tools/bin/../lib/gcc/arm-none-eabi/13.3.1/../../../../arm-none-eabi/lib/thumb/v6-m/nofp\libc_nano.a(libc_a-memcpy-stub.o)
                0x0800ccd0                memcpy
 *(.glue_7)
 .glue_7        0x0800cce2        0x0 linker stubs
 *(.glue_7t)
 .glue_7t       0x0800cce2        0x0 linker stubs
 *(.eh_frame)
 *fill*         0x0800cce2        0x2 
 .eh_frame      0x0800cce4        0x0 C:/ST/STM32CubeIDE_1.18.1/STM32CubeIDE/plugins/com.st.stm32cube.ide.mcu.externaltools.gnu-tools-for-stm32.13.3.rel1.win32_1.0.0.202411081344/tools/bin/../lib/gcc/arm-none-eabi/13.3.1/thumb/v6-m/nofp/crtbegin.o
 *(.init)
 .init          0x0800cce4        0x4 C:/ST/STM32CubeIDE_1.18.1/STM32CubeIDE/plugins/com.st.stm32cube.ide.mcu.externaltools.gnu-tools-for-stm32.13.3.rel1.win32_1.0.0.202411081344/tools/bin/../lib/gcc/arm-none-eabi/13.3.1/thumb/v6-m/nofp/crti.o
                0x0800cce4                _init
 .init          0x0800cce8        0x8 C:/ST/STM32CubeIDE_1.18.1/STM32CubeIDE/plugins/com.st.stm32cube.ide.mcu.externaltools.gnu-tools-for-stm32.13.3.rel1.win32_1.0.0.202411081344/tools/bin/../lib/gcc/arm-none-eabi/13.3.1/thumb/v6-m/nofp/crtn.o
 *(.fini)
 .fini          0x0800ccf0        0x4 C:/ST/STM32CubeIDE_1.18.1/STM32CubeIDE/plugins/com.st.stm32cube.ide.mcu.externaltools.gnu-tools-for-stm32.13.3.rel1.win32_1.0.0.202411081344/tools/bin/../lib/gcc/arm-none-eabi/13.3.1/thumb/v6-m/nofp/crti.o
                0x0800ccf0                _fini
 .fini          0x0800ccf4        0x8 C:/ST/STM32CubeIDE_1.18.1/STM32CubeIDE/plugins/com.st.stm32cube.ide.mcu.externaltools.gnu-tools-for-stm32.13.3.rel1.win32_1.0.0.202411081344/tools/bin/../lib/gcc/arm-none-eabi/13.3.1/thumb/v6-m/nofp/crtn.o
                0x0800ccfc                        . = ALIGN (0x4)
                0x0800ccfc                        _etext = .

.vfp11_veneer   0x0800ccfc        0x0
 .vfp11_veneer  0x0800ccfc        0x0 linker stubs

.v4_bx          0x0800ccfc        0x0
 .v4_bx         0x0800ccfc        0x0 linker stubs

.iplt           0x0800ccfc        0x0
 .iplt          0x0800ccfc        0x0 C:/ST/STM32CubeIDE_1.18.1/STM32CubeIDE/plugins/com.st.stm32cube.ide.mcu.externaltools.gnu-tools-for-stm32.13.3.rel1.win32_1.0.0.202411081344/tools/bin/../lib/gcc/arm-none-eabi/13.3.1/thumb/v6-m/nofp/crtbegin.o

.rodata         0x0800ccfc      0xa70
                0x0800ccfc                        . = ALIGN (0x4)
 *(.rodata)
 *(.rodata*)
 .rodata.factory_preset_0
                0x0800ccfc        0x5 ./Core/Src/CC_and_PC.o
                0x0800ccfc                factory_preset_0
 *fill*         0x0800cd01        0x3 
 .rodata.factory_preset_1
                0x0800cd04        0x5 ./Core/Src/CC_and_PC.o
                0x0800cd04                factory_preset_1
 *fill*         0x0800cd09        0x3 
 .rodata.factory_preset_2
                0x0800cd0c        0x5 ./Core/Src/CC_and_PC.o
                0x0800cd0c                factory_preset_2
 *fill*         0x0800cd11        0x3 
 .rodata.factory_preset_3
                0x0800cd14        0x5 ./Core/Src/CC_and_PC.o
                0x0800cd14                factory_preset_3
 *fill*         0x0800cd19        0x3 
 .rodata.sine_wavetable
                0x0800cd1c      0x400 ./Core/Src/oscillator.o
                0x0800cd1c                sine_wavetable
 .rodata.tri_wavetable
                0x0800d11c      0x400 ./Core/Src/oscillator.o
                0x0800d11c                tri_wavetable
 .rodata.num_ADC_conversions
                0x0800d51c        0x1 ./Core/Src/oscillator.o
                0x0800d51c                num_ADC_conversions
 *fill*         0x0800d51d        0x3 
 .rodata.AHBPrescTable
                0x0800d520       0x40 ./Core/Src/system_stm32g0xx.o
                0x0800d520                AHBPrescTable
 .rodata.APBPrescTable
                0x0800d560       0x20 ./Core/Src/system_stm32g0xx.o
                0x0800d560                APBPrescTable
 .rodata.HAL_ADC_RegisterCallback
                0x0800d580       0x2c ./Drivers/STM32G0xx_HAL_Driver/Src/stm32g0xx_hal_adc.o
 .rodata.HAL_LPTIM_RegisterCallback
                0x0800d5ac       0x24 ./Drivers/STM32G0xx_HAL_Driver/Src/stm32g0xx_hal_lptim.o
 .rodata.HAL_TIM_OC_ConfigChannel
                0x0800d5d0       0x54 ./Drivers/STM32G0xx_HAL_Driver/Src/stm32g0xx_hal_tim.o
 .rodata.HAL_TIM_PWM_ConfigChannel
                0x0800d624       0x54 ./Drivers/STM32G0xx_HAL_Driver/Src/stm32g0xx_hal_tim.o
 .rodata.HAL_TIM_RegisterCallback
                0x0800d678       0xa8 ./Drivers/STM32G0xx_HAL_Driver/Src/stm32g0xx_hal_tim.o
 .rodata.UARTPrescTable
                0x0800d720       0x18 ./Drivers/STM32G0xx_HAL_Driver/Src/stm32g0xx_hal_uart.o
                0x0800d720                UARTPrescTable
 .rodata.HAL_UART_RegisterCallback
                0x0800d738       0x34 ./Drivers/STM32G0xx_HAL_Driver/Src/stm32g0xx_hal_uart.o
                0x0800d76c                        . = ALIGN (0x4)

.ARM.extab      0x0800d76c        0x0
                0x0800d76c                        . = ALIGN (0x4)
 *(.ARM.extab* .gnu.linkonce.armextab.*)
                0x0800d76c                        . = ALIGN (0x4)

.ARM            0x0800d76c        0x8
                0x0800d76c                        . = ALIGN (0x4)
                0x0800d76c                        __exidx_start = .
 *(.ARM.exidx*)
 .ARM.exidx     0x0800d76c        0x8 C:/ST/STM32CubeIDE_1.18.1/STM32CubeIDE/plugins/com.st.stm32cube.ide.mcu.externaltools.gnu-tools-for-stm32.13.3.rel1.win32_1.0.0.202411081344/tools/bin/../lib/gcc/arm-none-eabi/13.3.1/thumb/v6-m/nofp\libgcc.a(_udivmoddi4.o)
                0x0800d774                        __exidx_end = .
                0x0800d774                        . = ALIGN (0x4)

.preinit_array  0x0800d774        0x0
                0x0800d774                        . = ALIGN (0x4)
                0x0800d774                        PROVIDE (__preinit_array_start = .)
 *(.preinit_array*)
                0x0800d774                        PROVIDE (__preinit_array_end = .)
                0x0800d774                        . = ALIGN (0x4)

.init_array     0x0800d774        0x4
                0x0800d774                        . = ALIGN (0x4)
                0x0800d774                        PROVIDE (__init_array_start = .)
 *(SORT_BY_NAME(.init_array.*))
 *(.init_array*)
 .init_array    0x0800d774        0x4 C:/ST/STM32CubeIDE_1.18.1/STM32CubeIDE/plugins/com.st.stm32cube.ide.mcu.externaltools.gnu-tools-for-stm32.13.3.rel1.win32_1.0.0.202411081344/tools/bin/../lib/gcc/arm-none-eabi/13.3.1/thumb/v6-m/nofp/crtbegin.o
                0x0800d778                        PROVIDE (__init_array_end = .)
                0x0800d778                        . = ALIGN (0x4)

.fini_array     0x0800d778        0x4
                0x0800d778                        . = ALIGN (0x4)
                [!provide]                        PROVIDE (__fini_array_start = .)
 *(SORT_BY_NAME(.fini_array.*))
 *(.fini_array*)
 .fini_array    0x0800d778        0x4 C:/ST/STM32CubeIDE_1.18.1/STM32CubeIDE/plugins/com.st.stm32cube.ide.mcu.externaltools.gnu-tools-for-stm32.13.3.rel1.win32_1.0.0.202411081344/tools/bin/../lib/gcc/arm-none-eabi/13.3.1/thumb/v6-m/nofp/crtbegin.o
                [!provide]                        PROVIDE (__fini_array_end = .)
                0x0800d77c                        . = ALIGN (0x4)
                0x0800d77c                        _sidata = LOADADDR (.data)

.rel.dyn        0x0800d77c        0x0
 .rel.iplt      0x0800d77c        0x0 C:/ST/STM32CubeIDE_1.18.1/STM32CubeIDE/plugins/com.st.stm32cube.ide.mcu.externaltools.gnu-tools-for-stm32.13.3.rel1.win32_1.0.0.202411081344/tools/bin/../lib/gcc/arm-none-eabi/13.3.1/thumb/v6-m/nofp/crtbegin.o

.data           0x20000000      0x44c load address 0x0800d77c
                0x20000000                        . = ALIGN (0x4)
                0x20000000                        _sdata = .
 *(.data)
 *(.data*)
 .data.user_preset_0
                0x20000000        0x5 ./Core/Src/CC_and_PC.o
                0x20000000                user_preset_0
 *fill*         0x20000005        0x3 
 .data.user_preset_1
                0x20000008        0x5 ./Core/Src/CC_and_PC.o
                0x20000008                user_preset_1
 *fill*         0x2000000d        0x3 
 .data.user_preset_2
                0x20000010        0x5 ./Core/Src/CC_and_PC.o
                0x20000010                user_preset_2
 *fill*         0x20000015        0x3 
 .data.user_preset_3
                0x20000018        0x5 ./Core/Src/CC_and_PC.o
                0x20000018                user_preset_3
 .data.tap_tempo_switch_state_counter.1
                0x2000001d        0x1 ./Core/Src/checking_functions.o
 *fill*         0x2000001e        0x2 
 .data.delay_line
                0x20000020      0x406 ./Core/Src/oscillator.o
                0x20000020                delay_line
 *fill*         0x20000426        0x2 
 .data.speed_fsm
                0x20000428        0x2 ./Core/Src/state_machine.o
                0x20000428                speed_fsm
 *fill*         0x2000042a        0x2 
 .data.depth_fsm
                0x2000042c        0x2 ./Core/Src/state_machine.o
                0x2000042c                depth_fsm
 *fill*         0x2000042e        0x2 
 .data.waveshape_fsm
                0x20000430        0x2 ./Core/Src/state_machine.o
                0x20000430                waveshape_fsm
 *fill*         0x20000432        0x2 
 .data.symmetry_fsm
                0x20000434        0x2 ./Core/Src/state_machine.o
                0x20000434                symmetry_fsm
 *fill*         0x20000436        0x2 
 .data.phase_fsm
                0x20000438        0x2 ./Core/Src/state_machine.o
                0x20000438                phase_fsm
 *fill*         0x2000043a        0x2 
 .data.IP_CAP_fsm
                0x2000043c        0x2 ./Core/Src/state_machine.o
                0x2000043c                IP_CAP_fsm
 *fill*         0x2000043e        0x2 
 .data.SystemCoreClock
                0x20000440        0x4 ./Core/Src/system_stm32g0xx.o
                0x20000440                SystemCoreClock
 .data.uwTickPrio
                0x20000444        0x4 ./Drivers/STM32G0xx_HAL_Driver/Src/stm32g0xx_hal.o
                0x20000444                uwTickPrio
 .data.uwTickFreq
                0x20000448        0x1 ./Drivers/STM32G0xx_HAL_Driver/Src/stm32g0xx_hal.o
                0x20000448                uwTickFreq
 *(.RamFunc)
 *(.RamFunc*)
                0x2000044c                        . = ALIGN (0x4)
 *fill*         0x20000449        0x3 
                0x2000044c                        _edata = .

.igot.plt       0x2000044c        0x0 load address 0x0800dbc8
 .igot.plt      0x2000044c        0x0 C:/ST/STM32CubeIDE_1.18.1/STM32CubeIDE/plugins/com.st.stm32cube.ide.mcu.externaltools.gnu-tools-for-stm32.13.3.rel1.win32_1.0.0.202411081344/tools/bin/../lib/gcc/arm-none-eabi/13.3.1/thumb/v6-m/nofp/crtbegin.o
                0x2000044c                        . = ALIGN (0x4)

.bss            0x2000044c      0x884 load address 0x0800dbc8
                0x2000044c                        _sbss = .
                0x2000044c                        __bss_start__ = _sbss
 *(.bss)
 .bss           0x2000044c       0x1c C:/ST/STM32CubeIDE_1.18.1/STM32CubeIDE/plugins/com.st.stm32cube.ide.mcu.externaltools.gnu-tools-for-stm32.13.3.rel1.win32_1.0.0.202411081344/tools/bin/../lib/gcc/arm-none-eabi/13.3.1/thumb/v6-m/nofp/crtbegin.o
 *(.bss*)
 .bss.factory_presets_array
                0x20000468       0x10 ./Core/Src/CC_and_PC.o
                0x20000468                factory_presets_array
 .bss.user_presets_array
                0x20000478       0x10 ./Core/Src/CC_and_PC.o
                0x20000478                user_presets_array
 .bss.presets_converted_array
                0x20000488       0x28 ./Core/Src/CC_and_PC.o
                0x20000488                presets_converted_array
 .bss.preset_selected
                0x200004b0        0x1 ./Core/Src/CC_and_PC.o
                0x200004b0                preset_selected
 *fill*         0x200004b1        0x3 
 .bss.user_presets_used_array
                0x200004b4        0x4 ./Core/Src/CC_and_PC.o
                0x200004b4                user_presets_used_array
 .bss.CC_array  0x200004b8        0x5 ./Core/Src/CC_and_PC.o
                0x200004b8                CC_array
 .bss.MIDI_basic_channel
                0x200004bd        0x1 ./Core/Src/MIDI.o
                0x200004bd                MIDI_basic_channel
 .bss.active_status_byte
                0x200004be        0x1 ./Core/Src/MIDI.o
                0x200004be                active_status_byte
 .bss.running_status_byte
                0x200004bf        0x1 ./Core/Src/MIDI.o
                0x200004bf                running_status_byte
 .bss.MIDI_data
                0x200004c0        0xa ./Core/Src/MIDI.o
                0x200004c0                MIDI_data
 *fill*         0x200004ca        0x2 
 .bss.rx_buffer
                0x200004cc        0x1 ./Core/Src/UART.o
                0x200004cc                rx_buffer
 .bss.waveshape_pot_adc_measurement_num
                0x200004cd        0x1 ./Core/Src/checking_functions.o
                0x200004cd                waveshape_pot_adc_measurement_num
 .bss.speed_pot_adc_measurement_num
                0x200004ce        0x1 ./Core/Src/checking_functions.o
                0x200004ce                speed_pot_adc_measurement_num
 .bss.depth_pot_adc_measurement_num
                0x200004cf        0x1 ./Core/Src/checking_functions.o
                0x200004cf                depth_pot_adc_measurement_num
 .bss.symmetry_pot_adc_measurement_num
                0x200004d0        0x1 ./Core/Src/checking_functions.o
                0x200004d0                symmetry_pot_adc_measurement_num
 .bss.phase_pot_adc_measurement_num
                0x200004d1        0x1 ./Core/Src/checking_functions.o
                0x200004d1                phase_pot_adc_measurement_num
 .bss.first_waveshape_measurement.11
                0x200004d2        0x2 ./Core/Src/checking_functions.o
 .bss.second_waveshape_measurement.10
                0x200004d4        0x2 ./Core/Src/checking_functions.o
 .bss.first_speed_measurement.9
                0x200004d6        0x2 ./Core/Src/checking_functions.o
 .bss.second_speed_measurement.8
                0x200004d8        0x2 ./Core/Src/checking_functions.o
 .bss.first_depth_measurement.7
                0x200004da        0x2 ./Core/Src/checking_functions.o
 .bss.second_depth_measurement.6
                0x200004dc        0x2 ./Core/Src/checking_functions.o
 .bss.first_symmetry_measurement.5
                0x200004de        0x2 ./Core/Src/checking_functions.o
 .bss.second_symmetry_measurement.4
                0x200004e0        0x2 ./Core/Src/checking_functions.o
 .bss.first_phase_measurement.3
                0x200004e2        0x2 ./Core/Src/checking_functions.o
 .bss.second_phase_measurement.2
                0x200004e4        0x2 ./Core/Src/checking_functions.o
 .bss.extend_rising_edge.0
                0x200004e6        0x1 ./Core/Src/checking_functions.o
 *fill*         0x200004e7        0x1 
 .bss.hadc1     0x200004e8       0x88 ./Core/Src/config.o
                0x200004e8                hadc1
 .bss.hdma_adc1
                0x20000570       0x5c ./Core/Src/config.o
                0x20000570                hdma_adc1
 .bss.htim14    0x200005cc       0xbc ./Core/Src/config.o
                0x200005cc                htim14
 .bss.htim17    0x20000688       0xbc ./Core/Src/config.o
                0x20000688                htim17
 .bss.htim16    0x20000744       0xbc ./Core/Src/config.o
                0x20000744                htim16
 .bss.htim2     0x20000800       0xbc ./Core/Src/config.o
                0x20000800                htim2
 .bss.htim3     0x200008bc       0xbc ./Core/Src/config.o
                0x200008bc                htim3
 .bss.htim1     0x20000978       0xbc ./Core/Src/config.o
                0x20000978                htim1
 .bss.huart2    0x20000a34       0xcc ./Core/Src/config.o
                0x20000a34                huart2
 .bss.hdma_usart2_rx
                0x20000b00       0x5c ./Core/Src/config.o
                0x20000b00                hdma_usart2_rx
 .bss.hdma_usart2_tx
                0x20000b5c       0x5c ./Core/Src/config.o
                0x20000b5c                hdma_usart2_tx
 .bss.hlptim1   0x20000bb8       0x5c ./Core/Src/config.o
                0x20000bb8                hlptim1
 .bss.tap_tempo_switch_states.0
                0x20000c14        0x2 ./Core/Src/custom_callbacks.o
 *fill*         0x20000c16        0x2 
 .bss.TIM2_ch1_input_capture_value
                0x20000c18        0x4 ./Core/Src/input_capture.o
                0x20000c18                TIM2_ch1_input_capture_value
 .bss.interrupt_period
                0x20000c1c        0x2 ./Core/Src/input_capture.o
                0x20000c1c                interrupt_period
 .bss.MIDI_CLK_tag
                0x20000c1e        0x1 ./Core/Src/input_capture.o
                0x20000c1e                MIDI_CLK_tag
 *fill*         0x20000c1f        0x1 
 .bss.statuses  0x20000c20        0x4 ./Core/Src/main.o
                0x20000c20                statuses
 .bss.idle_counter
                0x20000c24        0x4 ./Core/Src/main.o
                0x20000c24                idle_counter
 .bss.midi_counter
                0x20000c28        0x4 ./Core/Src/main.o
                0x20000c28                midi_counter
 .bss.ADCResultsDMA
                0x20000c2c        0xa ./Core/Src/oscillator.o
                0x20000c2c                ADCResultsDMA
 *fill*         0x20000c36        0x2 
 .bss.params    0x20000c38       0x24 ./Core/Src/oscillator.o
                0x20000c38                params
 .bss.params_manual
                0x20000c5c       0x24 ./Core/Src/oscillator.o
                0x20000c5c                params_manual
 .bss.params_to_be_loaded
                0x20000c80       0x24 ./Core/Src/oscillator.o
                0x20000c80                params_to_be_loaded
 .bss.params_working
                0x20000ca4       0x24 ./Core/Src/oscillator.o
                0x20000ca4                params_working
 .bss.MIDI_CLK_fsm
                0x20000cc8        0x1 ./Core/Src/state_machine.o
                0x20000cc8                MIDI_CLK_fsm
 *fill*         0x20000cc9        0x3 
 .bss.uwTick    0x20000ccc        0x4 ./Drivers/STM32G0xx_HAL_Driver/Src/stm32g0xx_hal.o
                0x20000ccc                uwTick
 *(COMMON)
                0x20000cd0                        . = ALIGN (0x4)
                0x20000cd0                        _ebss = .
                0x20000cd0                        __bss_end__ = _ebss

._user_heap_stack
                0x20000cd0      0x600 load address 0x0800dbc8
                0x20000cd0                        . = ALIGN (0x8)
                [!provide]                        PROVIDE (end = .)
                0x20000cd0                        PROVIDE (_end = .)
                0x20000ed0                        . = (. + _Min_Heap_Size)
 *fill*         0x20000cd0      0x200 
                0x200012d0                        . = (. + _Min_Stack_Size)
 *fill*         0x20000ed0      0x400 
                0x200012d0                        . = ALIGN (0x8)

/DISCARD/
 libc.a(*)
 libm.a(*)
 libgcc.a(*)

.ARM.attributes
                0x00000000       0x28
 *(.ARM.attributes)
 .ARM.attributes
                0x00000000       0x1e C:/ST/STM32CubeIDE_1.18.1/STM32CubeIDE/plugins/com.st.stm32cube.ide.mcu.externaltools.gnu-tools-for-stm32.13.3.rel1.win32_1.0.0.202411081344/tools/bin/../lib/gcc/arm-none-eabi/13.3.1/thumb/v6-m/nofp/crti.o
 .ARM.attributes
                0x0000001e       0x2c C:/ST/STM32CubeIDE_1.18.1/STM32CubeIDE/plugins/com.st.stm32cube.ide.mcu.externaltools.gnu-tools-for-stm32.13.3.rel1.win32_1.0.0.202411081344/tools/bin/../lib/gcc/arm-none-eabi/13.3.1/thumb/v6-m/nofp/crtbegin.o
 .ARM.attributes
                0x0000004a       0x2c ./Core/Src/CC_and_PC.o
 .ARM.attributes
                0x00000076       0x2c ./Core/Src/MIDI.o
 .ARM.attributes
                0x000000a2       0x2c ./Core/Src/UART.o
 .ARM.attributes
                0x000000ce       0x2c ./Core/Src/checking_functions.o
 .ARM.attributes
                0x000000fa       0x2c ./Core/Src/config.o
 .ARM.attributes
                0x00000126       0x2c ./Core/Src/custom_callbacks.o
 .ARM.attributes
                0x00000152       0x2c ./Core/Src/input_capture.o
 .ARM.attributes
                0x0000017e       0x2c ./Core/Src/main.o
 .ARM.attributes
                0x000001aa       0x2c ./Core/Src/oscillator.o
 .ARM.attributes
                0x000001d6       0x2c ./Core/Src/startup.o
 .ARM.attributes
                0x00000202       0x2c ./Core/Src/state_machine.o
 .ARM.attributes
                0x0000022e       0x2c ./Core/Src/stm32g0xx_hal_msp.o
 .ARM.attributes
                0x0000025a       0x2c ./Core/Src/stm32g0xx_it.o
 .ARM.attributes
                0x00000286       0x2c ./Core/Src/symmetry_adjustment.o
 .ARM.attributes
                0x000002b2       0x2c ./Core/Src/system_stm32g0xx.o
 .ARM.attributes
                0x000002de       0x2c ./Core/Src/timers.o
 .ARM.attributes
                0x0000030a       0x2c ./Core/Src/utility.o
 .ARM.attributes
                0x00000336       0x22 ./Core/Startup/startup_stm32g031k8tx.o
 .ARM.attributes
                0x00000358       0x2c ./Drivers/STM32G0xx_HAL_Driver/Src/stm32g0xx_hal.o
 .ARM.attributes
                0x00000384       0x2c ./Drivers/STM32G0xx_HAL_Driver/Src/stm32g0xx_hal_adc.o
 .ARM.attributes
                0x000003b0       0x2c ./Drivers/STM32G0xx_HAL_Driver/Src/stm32g0xx_hal_adc_ex.o
 .ARM.attributes
                0x000003dc       0x2c ./Drivers/STM32G0xx_HAL_Driver/Src/stm32g0xx_hal_cortex.o
 .ARM.attributes
                0x00000408       0x2c ./Drivers/STM32G0xx_HAL_Driver/Src/stm32g0xx_hal_dma.o
 .ARM.attributes
                0x00000434       0x2c ./Drivers/STM32G0xx_HAL_Driver/Src/stm32g0xx_hal_gpio.o
 .ARM.attributes
                0x00000460       0x2c ./Drivers/STM32G0xx_HAL_Driver/Src/stm32g0xx_hal_lptim.o
 .ARM.attributes
                0x0000048c       0x2c ./Drivers/STM32G0xx_HAL_Driver/Src/stm32g0xx_hal_pwr_ex.o
 .ARM.attributes
                0x000004b8       0x2c ./Drivers/STM32G0xx_HAL_Driver/Src/stm32g0xx_hal_rcc.o
 .ARM.attributes
                0x000004e4       0x2c ./Drivers/STM32G0xx_HAL_Driver/Src/stm32g0xx_hal_rcc_ex.o
 .ARM.attributes
                0x00000510       0x2c ./Drivers/STM32G0xx_HAL_Driver/Src/stm32g0xx_hal_tim.o
 .ARM.attributes
                0x0000053c       0x2c ./Drivers/STM32G0xx_HAL_Driver/Src/stm32g0xx_hal_tim_ex.o
 .ARM.attributes
                0x00000568       0x2c ./Drivers/STM32G0xx_HAL_Driver/Src/stm32g0xx_hal_uart.o
 .ARM.attributes
                0x00000594       0x2c ./Drivers/STM32G0xx_HAL_Driver/Src/stm32g0xx_hal_uart_ex.o
 .ARM.attributes
                0x000005c0       0x2c C:/ST/STM32CubeIDE_1.18.1/STM32CubeIDE/plugins/com.st.stm32cube.ide.mcu.externaltools.gnu-tools-for-stm32.13.3.rel1.win32_1.0.0.202411081344/tools/bin/../lib/gcc/arm-none-eabi/13.3.1/../../../../arm-none-eabi/lib/thumb/v6-m/nofp\libc_nano.a(libc_a-memset.o)
 .ARM.attributes
                0x000005ec       0x2c C:/ST/STM32CubeIDE_1.18.1/STM32CubeIDE/plugins/com.st.stm32cube.ide.mcu.externaltools.gnu-tools-for-stm32.13.3.rel1.win32_1.0.0.202411081344/tools/bin/../lib/gcc/arm-none-eabi/13.3.1/../../../../arm-none-eabi/lib/thumb/v6-m/nofp\libc_nano.a(libc_a-init.o)
 .ARM.attributes
                0x00000618       0x2c C:/ST/STM32CubeIDE_1.18.1/STM32CubeIDE/plugins/com.st.stm32cube.ide.mcu.externaltools.gnu-tools-for-stm32.13.3.rel1.win32_1.0.0.202411081344/tools/bin/../lib/gcc/arm-none-eabi/13.3.1/../../../../arm-none-eabi/lib/thumb/v6-m/nofp\libc_nano.a(libc_a-memcpy-stub.o)
 .ARM.attributes
                0x00000644       0x1e C:/ST/STM32CubeIDE_1.18.1/STM32CubeIDE/plugins/com.st.stm32cube.ide.mcu.externaltools.gnu-tools-for-stm32.13.3.rel1.win32_1.0.0.202411081344/tools/bin/../lib/gcc/arm-none-eabi/13.3.1/thumb/v6-m/nofp\libgcc.a(_udivsi3.o)
 .ARM.attributes
                0x00000662       0x1e C:/ST/STM32CubeIDE_1.18.1/STM32CubeIDE/plugins/com.st.stm32cube.ide.mcu.externaltools.gnu-tools-for-stm32.13.3.rel1.win32_1.0.0.202411081344/tools/bin/../lib/gcc/arm-none-eabi/13.3.1/thumb/v6-m/nofp\libgcc.a(_dvmd_tls.o)
 .ARM.attributes
                0x00000680       0x1e C:/ST/STM32CubeIDE_1.18.1/STM32CubeIDE/plugins/com.st.stm32cube.ide.mcu.externaltools.gnu-tools-for-stm32.13.3.rel1.win32_1.0.0.202411081344/tools/bin/../lib/gcc/arm-none-eabi/13.3.1/thumb/v6-m/nofp\libgcc.a(_aeabi_uldivmod.o)
 .ARM.attributes
                0x0000069e       0x2c C:/ST/STM32CubeIDE_1.18.1/STM32CubeIDE/plugins/com.st.stm32cube.ide.mcu.externaltools.gnu-tools-for-stm32.13.3.rel1.win32_1.0.0.202411081344/tools/bin/../lib/gcc/arm-none-eabi/13.3.1/thumb/v6-m/nofp\libgcc.a(_udivmoddi4.o)
 .ARM.attributes
                0x000006ca       0x1e C:/ST/STM32CubeIDE_1.18.1/STM32CubeIDE/plugins/com.st.stm32cube.ide.mcu.externaltools.gnu-tools-for-stm32.13.3.rel1.win32_1.0.0.202411081344/tools/bin/../lib/gcc/arm-none-eabi/13.3.1/thumb/v6-m/nofp\libgcc.a(_clzdi2.o)
 .ARM.attributes
                0x000006e8       0x1e C:/ST/STM32CubeIDE_1.18.1/STM32CubeIDE/plugins/com.st.stm32cube.ide.mcu.externaltools.gnu-tools-for-stm32.13.3.rel1.win32_1.0.0.202411081344/tools/bin/../lib/gcc/arm-none-eabi/13.3.1/thumb/v6-m/nofp\libgcc.a(_clzsi2.o)
 .ARM.attributes
                0x00000706       0x1e C:/ST/STM32CubeIDE_1.18.1/STM32CubeIDE/plugins/com.st.stm32cube.ide.mcu.externaltools.gnu-tools-for-stm32.13.3.rel1.win32_1.0.0.202411081344/tools/bin/../lib/gcc/arm-none-eabi/13.3.1/thumb/v6-m/nofp/crtn.o
OUTPUT(g031k8.elf elf32-littlearm)
LOAD linker stubs
LOAD C:/ST/STM32CubeIDE_1.18.1/STM32CubeIDE/plugins/com.st.stm32cube.ide.mcu.externaltools.gnu-tools-for-stm32.13.3.rel1.win32_1.0.0.202411081344/tools/bin/../lib/gcc/arm-none-eabi/13.3.1/../../../../arm-none-eabi/lib/thumb/v6-m/nofp\libc.a
LOAD C:/ST/STM32CubeIDE_1.18.1/STM32CubeIDE/plugins/com.st.stm32cube.ide.mcu.externaltools.gnu-tools-for-stm32.13.3.rel1.win32_1.0.0.202411081344/tools/bin/../lib/gcc/arm-none-eabi/13.3.1/../../../../arm-none-eabi/lib/thumb/v6-m/nofp\libm.a
LOAD C:/ST/STM32CubeIDE_1.18.1/STM32CubeIDE/plugins/com.st.stm32cube.ide.mcu.externaltools.gnu-tools-for-stm32.13.3.rel1.win32_1.0.0.202411081344/tools/bin/../lib/gcc/arm-none-eabi/13.3.1/thumb/v6-m/nofp\libgcc.a

.debug_info     0x00000000    0x20326
 .debug_info    0x00000000      0xf7b ./Core/Src/CC_and_PC.o
 .debug_info    0x00000f7b      0xa9e ./Core/Src/MIDI.o
 .debug_info    0x00001a19      0x908 ./Core/Src/UART.o
 .debug_info    0x00002321      0x7b6 ./Core/Src/checking_functions.o
 .debug_info    0x00002ad7     0x26a8 ./Core/Src/config.o
 .debug_info    0x0000517f     0x2225 ./Core/Src/custom_callbacks.o
 .debug_info    0x000073a4      0xd73 ./Core/Src/input_capture.o
 .debug_info    0x00008117      0x3df ./Core/Src/main.o
 .debug_info    0x000084f6      0xe7d ./Core/Src/oscillator.o
 .debug_info    0x00009373     0x17ca ./Core/Src/startup.o
 .debug_info    0x0000ab3d      0x2c6 ./Core/Src/state_machine.o
 .debug_info    0x0000ae03     0x1cc4 ./Core/Src/stm32g0xx_hal_msp.o
 .debug_info    0x0000cac7     0x121c ./Core/Src/stm32g0xx_it.o
 .debug_info    0x0000dce3      0x355 ./Core/Src/symmetry_adjustment.o
 .debug_info    0x0000e038      0x312 ./Core/Src/system_stm32g0xx.o
 .debug_info    0x0000e34a      0x9dc ./Core/Src/timers.o
 .debug_info    0x0000ed26      0x2bf ./Core/Src/utility.o
 .debug_info    0x0000efe5       0x30 ./Core/Startup/startup_stm32g031k8tx.o
 .debug_info    0x0000f015      0xa2b ./Drivers/STM32G0xx_HAL_Driver/Src/stm32g0xx_hal.o
 .debug_info    0x0000fa40     0x1705 ./Drivers/STM32G0xx_HAL_Driver/Src/stm32g0xx_hal_adc.o
 .debug_info    0x00011145      0xbb8 ./Drivers/STM32G0xx_HAL_Driver/Src/stm32g0xx_hal_adc_ex.o
 .debug_info    0x00011cfd      0x8c3 ./Drivers/STM32G0xx_HAL_Driver/Src/stm32g0xx_hal_cortex.o
 .debug_info    0x000125c0      0x867 ./Drivers/STM32G0xx_HAL_Driver/Src/stm32g0xx_hal_dma.o
 .debug_info    0x00012e27      0x599 ./Drivers/STM32G0xx_HAL_Driver/Src/stm32g0xx_hal_gpio.o
 .debug_info    0x000133c0     0x10a8 ./Drivers/STM32G0xx_HAL_Driver/Src/stm32g0xx_hal_lptim.o
 .debug_info    0x00014468      0x779 ./Drivers/STM32G0xx_HAL_Driver/Src/stm32g0xx_hal_pwr_ex.o
 .debug_info    0x00014be1      0xb17 ./Drivers/STM32G0xx_HAL_Driver/Src/stm32g0xx_hal_rcc.o
 .debug_info    0x000156f8      0x757 ./Drivers/STM32G0xx_HAL_Driver/Src/stm32g0xx_hal_rcc_ex.o
 .debug_info    0x00015e4f     0x2f23 ./Drivers/STM32G0xx_HAL_Driver/Src/stm32g0xx_hal_tim.o
 .debug_info    0x00018d72     0x1a45 ./Drivers/STM32G0xx_HAL_Driver/Src/stm32g0xx_hal_tim_ex.o
 .debug_info    0x0001a7b7     0x4af3 ./Drivers/STM32G0xx_HAL_Driver/Src/stm32g0xx_hal_uart.o
 .debug_info    0x0001f2aa     0x107c ./Drivers/STM32G0xx_HAL_Driver/Src/stm32g0xx_hal_uart_ex.o

.debug_abbrev   0x00000000     0x459c
 .debug_abbrev  0x00000000      0x298 ./Core/Src/CC_and_PC.o
 .debug_abbrev  0x00000298      0x27f ./Core/Src/MIDI.o
 .debug_abbrev  0x00000517      0x1a5 ./Core/Src/UART.o
 .debug_abbrev  0x000006bc      0x1e7 ./Core/Src/checking_functions.o
 .debug_abbrev  0x000008a3      0x2ab ./Core/Src/config.o
 .debug_abbrev  0x00000b4e      0x332 ./Core/Src/custom_callbacks.o
 .debug_abbrev  0x00000e80      0x2ab ./Core/Src/input_capture.o
 .debug_abbrev  0x0000112b      0x177 ./Core/Src/main.o
 .debug_abbrev  0x000012a2      0x298 ./Core/Src/oscillator.o
 .debug_abbrev  0x0000153a      0x272 ./Core/Src/startup.o
 .debug_abbrev  0x000017ac       0xfa ./Core/Src/state_machine.o
 .debug_abbrev  0x000018a6      0x26f ./Core/Src/stm32g0xx_hal_msp.o
 .debug_abbrev  0x00001b15      0x1e9 ./Core/Src/stm32g0xx_it.o
 .debug_abbrev  0x00001cfe      0x129 ./Core/Src/symmetry_adjustment.o
 .debug_abbrev  0x00001e27      0x117 ./Core/Src/system_stm32g0xx.o
 .debug_abbrev  0x00001f3e      0x1f4 ./Core/Src/timers.o
 .debug_abbrev  0x00002132      0x163 ./Core/Src/utility.o
 .debug_abbrev  0x00002295       0x24 ./Core/Startup/startup_stm32g031k8tx.o
 .debug_abbrev  0x000022b9      0x2b4 ./Drivers/STM32G0xx_HAL_Driver/Src/stm32g0xx_hal.o
 .debug_abbrev  0x0000256d      0x287 ./Drivers/STM32G0xx_HAL_Driver/Src/stm32g0xx_hal_adc.o
 .debug_abbrev  0x000027f4      0x231 ./Drivers/STM32G0xx_HAL_Driver/Src/stm32g0xx_hal_adc_ex.o
 .debug_abbrev  0x00002a25      0x2a9 ./Drivers/STM32G0xx_HAL_Driver/Src/stm32g0xx_hal_cortex.o
 .debug_abbrev  0x00002cce      0x1df ./Drivers/STM32G0xx_HAL_Driver/Src/stm32g0xx_hal_dma.o
 .debug_abbrev  0x00002ead      0x1c1 ./Drivers/STM32G0xx_HAL_Driver/Src/stm32g0xx_hal_gpio.o
 .debug_abbrev  0x0000306e      0x2b1 ./Drivers/STM32G0xx_HAL_Driver/Src/stm32g0xx_hal_lptim.o
 .debug_abbrev  0x0000331f      0x235 ./Drivers/STM32G0xx_HAL_Driver/Src/stm32g0xx_hal_pwr_ex.o
 .debug_abbrev  0x00003554      0x2a7 ./Drivers/STM32G0xx_HAL_Driver/Src/stm32g0xx_hal_rcc.o
 .debug_abbrev  0x000037fb      0x227 ./Drivers/STM32G0xx_HAL_Driver/Src/stm32g0xx_hal_rcc_ex.o
 .debug_abbrev  0x00003a22      0x2a8 ./Drivers/STM32G0xx_HAL_Driver/Src/stm32g0xx_hal_tim.o
 .debug_abbrev  0x00003cca      0x2ba ./Drivers/STM32G0xx_HAL_Driver/Src/stm32g0xx_hal_tim_ex.o
 .debug_abbrev  0x00003f84      0x335 ./Drivers/STM32G0xx_HAL_Driver/Src/stm32g0xx_hal_uart.o
 .debug_abbrev  0x000042b9      0x2e3 ./Drivers/STM32G0xx_HAL_Driver/Src/stm32g0xx_hal_uart_ex.o

.debug_aranges  0x00000000     0x17b0
 .debug_aranges
                0x00000000      0x110 ./Core/Src/CC_and_PC.o
 .debug_aranges
                0x00000110       0xc8 ./Core/Src/MIDI.o
 .debug_aranges
                0x000001d8       0x20 ./Core/Src/UART.o
 .debug_aranges
                0x000001f8       0x28 ./Core/Src/checking_functions.o
 .debug_aranges
                0x00000220       0x90 ./Core/Src/config.o
 .debug_aranges
                0x000002b0       0x78 ./Core/Src/custom_callbacks.o
 .debug_aranges
                0x00000328       0x48 ./Core/Src/input_capture.o
 .debug_aranges
                0x00000370       0x20 ./Core/Src/main.o
 .debug_aranges
                0x00000390       0x50 ./Core/Src/oscillator.o
 .debug_aranges
                0x000003e0       0x20 ./Core/Src/startup.o
 .debug_aranges
                0x00000400       0x20 ./Core/Src/state_machine.o
 .debug_aranges
                0x00000420       0x68 ./Core/Src/stm32g0xx_hal_msp.o
 .debug_aranges
                0x00000488       0x90 ./Core/Src/stm32g0xx_it.o
 .debug_aranges
                0x00000518       0x28 ./Core/Src/symmetry_adjustment.o
 .debug_aranges
                0x00000540       0x28 ./Core/Src/system_stm32g0xx.o
 .debug_aranges
                0x00000568       0x28 ./Core/Src/timers.o
 .debug_aranges
                0x00000590       0x50 ./Core/Src/utility.o
 .debug_aranges
                0x000005e0       0x28 ./Core/Startup/startup_stm32g031k8tx.o
 .debug_aranges
                0x00000608      0x128 ./Drivers/STM32G0xx_HAL_Driver/Src/stm32g0xx_hal.o
 .debug_aranges
                0x00000730      0x200 ./Drivers/STM32G0xx_HAL_Driver/Src/stm32g0xx_hal_adc.o
 .debug_aranges
                0x00000930       0xb0 ./Drivers/STM32G0xx_HAL_Driver/Src/stm32g0xx_hal_adc_ex.o
 .debug_aranges
                0x000009e0       0xe8 ./Drivers/STM32G0xx_HAL_Driver/Src/stm32g0xx_hal_cortex.o
 .debug_aranges
                0x00000ac8       0x90 ./Drivers/STM32G0xx_HAL_Driver/Src/stm32g0xx_hal_dma.o
 .debug_aranges
                0x00000b58       0x60 ./Drivers/STM32G0xx_HAL_Driver/Src/stm32g0xx_hal_gpio.o
 .debug_aranges
                0x00000bb8      0x180 ./Drivers/STM32G0xx_HAL_Driver/Src/stm32g0xx_hal_lptim.o
 .debug_aranges
                0x00000d38       0xf0 ./Drivers/STM32G0xx_HAL_Driver/Src/stm32g0xx_hal_pwr_ex.o
 .debug_aranges
                0x00000e28       0xa0 ./Drivers/STM32G0xx_HAL_Driver/Src/stm32g0xx_hal_rcc.o
 .debug_aranges
                0x00000ec8       0x40 ./Drivers/STM32G0xx_HAL_Driver/Src/stm32g0xx_hal_rcc_ex.o
 .debug_aranges
                0x00000f08      0x3f8 ./Drivers/STM32G0xx_HAL_Driver/Src/stm32g0xx_hal_tim.o
 .debug_aranges
                0x00001300      0x198 ./Drivers/STM32G0xx_HAL_Driver/Src/stm32g0xx_hal_tim_ex.o
 .debug_aranges
                0x00001498      0x270 ./Drivers/STM32G0xx_HAL_Driver/Src/stm32g0xx_hal_uart.o
 .debug_aranges
                0x00001708       0xa8 ./Drivers/STM32G0xx_HAL_Driver/Src/stm32g0xx_hal_uart_ex.o

.debug_rnglists
                0x00000000     0x1257
 .debug_rnglists
                0x00000000       0xcd ./Core/Src/CC_and_PC.o
 .debug_rnglists
                0x000000cd       0x94 ./Core/Src/MIDI.o
 .debug_rnglists
                0x00000161       0x13 ./Core/Src/UART.o
 .debug_rnglists