Archive member included to satisfy reference by file (symbol)

/Applications/STM32CubeIDE.app/Contents/Eclipse/plugins/com.st.stm32cube.ide.mcu.externaltools.gnu-tools-for-stm32.12.3.rel1.macos64_1.1.0.202410301201/tools/bin/../lib/gcc/arm-none-eabi/12.3.1/../../../../arm-none-eabi/lib/thumb/v6-m/nofp/libc_nano.a(libc_a-exit.o)
                              /Applications/STM32CubeIDE.app/Contents/Eclipse/plugins/com.st.stm32cube.ide.mcu.externaltools.gnu-tools-for-stm32.12.3.rel1.macos64_1.1.0.202410301201/tools/bin/../lib/gcc/arm-none-eabi/12.3.1/../../../../arm-none-eabi/lib/thumb/v6-m/nofp/crt0.o (exit)
/Applications/STM32CubeIDE.app/Contents/Eclipse/plugins/com.st.stm32cube.ide.mcu.externaltools.gnu-tools-for-stm32.12.3.rel1.macos64_1.1.0.202410301201/tools/bin/../lib/gcc/arm-none-eabi/12.3.1/../../../../arm-none-eabi/lib/thumb/v6-m/nofp/libc_nano.a(libc_a-findfp.o)
                              /Applications/STM32CubeIDE.app/Contents/Eclipse/plugins/com.st.stm32cube.ide.mcu.externaltools.gnu-tools-for-stm32.12.3.rel1.macos64_1.1.0.202410301201/tools/bin/../lib/gcc/arm-none-eabi/12.3.1/../../../../arm-none-eabi/lib/thumb/v6-m/nofp/libc_nano.a(libc_a-exit.o) (__stdio_exit_handler)
/Applications/STM32CubeIDE.app/Contents/Eclipse/plugins/com.st.stm32cube.ide.mcu.externaltools.gnu-tools-for-stm32.12.3.rel1.macos64_1.1.0.202410301201/tools/bin/../lib/gcc/arm-none-eabi/12.3.1/../../../../arm-none-eabi/lib/thumb/v6-m/nofp/libc_nano.a(libc_a-fwalk.o)
                              /Applications/STM32CubeIDE.app/Contents/Eclipse/plugins/com.st.stm32cube.ide.mcu.externaltools.gnu-tools-for-stm32.12.3.rel1.macos64_1.1.0.202410301201/tools/bin/../lib/gcc/arm-none-eabi/12.3.1/../../../../arm-none-eabi/lib/thumb/v6-m/nofp/libc_nano.a(libc_a-findfp.o) (_fwalk_sglue)
/Applications/STM32CubeIDE.app/Contents/Eclipse/plugins/com.st.stm32cube.ide.mcu.externaltools.gnu-tools-for-stm32.12.3.rel1.macos64_1.1.0.202410301201/tools/bin/../lib/gcc/arm-none-eabi/12.3.1/../../../../arm-none-eabi/lib/thumb/v6-m/nofp/libc_nano.a(libc_a-memset.o)
                              /Applications/STM32CubeIDE.app/Contents/Eclipse/plugins/com.st.stm32cube.ide.mcu.externaltools.gnu-tools-for-stm32.12.3.rel1.macos64_1.1.0.202410301201/tools/bin/../lib/gcc/arm-none-eabi/12.3.1/../../../../arm-none-eabi/lib/thumb/v6-m/nofp/crt0.o (memset)
/Applications/STM32CubeIDE.app/Contents/Eclipse/plugins/com.st.stm32cube.ide.mcu.externaltools.gnu-tools-for-stm32.12.3.rel1.macos64_1.1.0.202410301201/tools/bin/../lib/gcc/arm-none-eabi/12.3.1/../../../../arm-none-eabi/lib/thumb/v6-m/nofp/libc_nano.a(libc_a-impure.o)
                              /Applications/STM32CubeIDE.app/Contents/Eclipse/plugins/com.st.stm32cube.ide.mcu.externaltools.gnu-tools-for-stm32.12.3.rel1.macos64_1.1.0.202410301201/tools/bin/../lib/gcc/arm-none-eabi/12.3.1/../../../../arm-none-eabi/lib/thumb/v6-m/nofp/libc_nano.a(libc_a-findfp.o) (_impure_data)
/Applications/STM32CubeIDE.app/Contents/Eclipse/plugins/com.st.stm32cube.ide.mcu.externaltools.gnu-tools-for-stm32.12.3.rel1.macos64_1.1.0.202410301201/tools/bin/../lib/gcc/arm-none-eabi/12.3.1/../../../../arm-none-eabi/lib/thumb/v6-m/nofp/libc_nano.a(libc_a-errno.o)
                              ./Core/Src/syscalls.o (__errno)
/Applications/STM32CubeIDE.app/Contents/Eclipse/plugins/com.st.stm32cube.ide.mcu.externaltools.gnu-tools-for-stm32.12.3.rel1.macos64_1.1.0.202410301201/tools/bin/../lib/gcc/arm-none-eabi/12.3.1/../../../../arm-none-eabi/lib/thumb/v6-m/nofp/libc_nano.a(libc_a-init.o)
                              /Applications/STM32CubeIDE.app/Contents/Eclipse/plugins/com.st.stm32cube.ide.mcu.externaltools.gnu-tools-for-stm32.12.3.rel1.macos64_1.1.0.202410301201/tools/bin/../lib/gcc/arm-none-eabi/12.3.1/../../../../arm-none-eabi/lib/thumb/v6-m/nofp/crt0.o (__libc_init_array)
/Applications/STM32CubeIDE.app/Contents/Eclipse/plugins/com.st.stm32cube.ide.mcu.externaltools.gnu-tools-for-stm32.12.3.rel1.macos64_1.1.0.202410301201/tools/bin/../lib/gcc/arm-none-eabi/12.3.1/../../../../arm-none-eabi/lib/thumb/v6-m/nofp/libc_nano.a(libc_a-lock.o)
                              /Applications/STM32CubeIDE.app/Contents/Eclipse/plugins/com.st.stm32cube.ide.mcu.externaltools.gnu-tools-for-stm32.12.3.rel1.macos64_1.1.0.202410301201/tools/bin/../lib/gcc/arm-none-eabi/12.3.1/../../../../arm-none-eabi/lib/thumb/v6-m/nofp/libc_nano.a(libc_a-findfp.o) (__retarget_lock_init_recursive)
/Applications/STM32CubeIDE.app/Contents/Eclipse/plugins/com.st.stm32cube.ide.mcu.externaltools.gnu-tools-for-stm32.12.3.rel1.macos64_1.1.0.202410301201/tools/bin/../lib/gcc/arm-none-eabi/12.3.1/../../../../arm-none-eabi/lib/thumb/v6-m/nofp/libc_nano.a(libc_a-memcpy-stub.o)
                              ./Core/Src/input_capture.o (memcpy)
[...]
Memory Configuration

Name             Origin             Length             Attributes
RAM              0x20000000         0x00002000         xrw
FLASH            0x08000000         0x00010000         xr
*default*        0x00000000         0xffffffff

Linker script and memory map

LOAD /Applications/STM32CubeIDE.app/Contents/Eclipse/plugins/com.st.stm32cube.ide.mcu.externaltools.gnu-tools-for-stm32.12.3.rel1.macos64_1.1.0.202410301201/tools/bin/../lib/gcc/arm-none-eabi/12.3.1/thumb/v6-m/nofp/crti.o
LOAD /Applications/STM32CubeIDE.app/Contents/Eclipse/plugins/com.st.stm32cube.ide.mcu.externaltools.gnu-tools-for-stm32.12.3.rel1.macos64_1.1.0.202410301201/tools/bin/../lib/gcc/arm-none-eabi/12.3.1/thumb/v6-m/nofp/crtbegin.o
LOAD /Applications/STM32CubeIDE.app/Contents/Eclipse/plugins/com.st.stm32cube.ide.mcu.externaltools.gnu-tools-for-stm32.12.3.rel1.macos64_1.1.0.202410301201/tools/bin/../lib/gcc/arm-none-eabi/12.3.1/../../../../arm-none-eabi/lib/thumb/v6-m/nofp/crt0.o
LOAD ./Core/Src/UART.o
LOAD ./Core/Src/checking_functions.o
LOAD ./Core/Src/config.o
LOAD ./Core/Src/custom_callbacks.o
LOAD ./Core/Src/debug.o
LOAD ./Core/Src/input_capture.o
LOAD ./Core/Src/main.o
LOAD ./Core/Src/oscillator.o
LOAD ./Core/Src/startup.o
LOAD ./Core/Src/state_machine.o
LOAD ./Core/Src/stm32g0xx_hal_msp.o
LOAD ./Core/Src/stm32g0xx_it.o
LOAD ./Core/Src/symmetry_adjustment.o
LOAD ./Core/Src/syscalls.o
LOAD ./Core/Src/sysmem.o
LOAD ./Core/Src/system_stm32g0xx.o
LOAD ./Core/Src/timers.o
LOAD ./Core/Src/utility.o
LOAD ./Core/Startup/startup_stm32g031k8tx.o
LOAD ./Drivers/STM32G0xx_HAL_Driver/Src/stm32g0xx_hal.o
LOAD ./Drivers/STM32G0xx_HAL_Driver/Src/stm32g0xx_hal_adc.o
LOAD ./Drivers/STM32G0xx_HAL_Driver/Src/stm32g0xx_hal_adc_ex.o
LOAD ./Drivers/STM32G0xx_HAL_Driver/Src/stm32g0xx_hal_cortex.o
LOAD ./Drivers/STM32G0xx_HAL_Driver/Src/stm32g0xx_hal_dma.o
LOAD ./Drivers/STM32G0xx_HAL_Driver/Src/stm32g0xx_hal_dma_ex.o
LOAD ./Drivers/STM32G0xx_HAL_Driver/Src/stm32g0xx_hal_exti.o
LOAD ./Drivers/STM32G0xx_HAL_Driver/Src/stm32g0xx_hal_flash.o
LOAD ./Drivers/STM32G0xx_HAL_Driver/Src/stm32g0xx_hal_flash_ex.o
LOAD ./Drivers/STM32G0xx_HAL_Driver/Src/stm32g0xx_hal_gpio.o
LOAD ./Drivers/STM32G0xx_HAL_Driver/Src/stm32g0xx_hal_iwdg.o
LOAD ./Drivers/STM32G0xx_HAL_Driver/Src/stm32g0xx_hal_lptim.o
LOAD ./Drivers/STM32G0xx_HAL_Driver/Src/stm32g0xx_hal_pwr.o
LOAD ./Drivers/STM32G0xx_HAL_Driver/Src/stm32g0xx_hal_pwr_ex.o
LOAD ./Drivers/STM32G0xx_HAL_Driver/Src/stm32g0xx_hal_rcc.o
LOAD ./Drivers/STM32G0xx_HAL_Driver/Src/stm32g0xx_hal_rcc_ex.o
LOAD ./Drivers/STM32G0xx_HAL_Driver/Src/stm32g0xx_hal_tim.o
LOAD ./Drivers/STM32G0xx_HAL_Driver/Src/stm32g0xx_hal_tim_ex.o
LOAD ./Drivers/STM32G0xx_HAL_Driver/Src/stm32g0xx_hal_uart.o
LOAD ./Drivers/STM32G0xx_HAL_Driver/Src/stm32g0xx_hal_uart_ex.o
LOAD ./Drivers/STM32G0xx_HAL_Driver/Src/stm32g0xx_ll_adc.o
LOAD ./Drivers/STM32G0xx_HAL_Driver/Src/stm32g0xx_ll_rcc.o
START GROUP
LOAD /Applications/STM32CubeIDE.app/Contents/Eclipse/plugins/com.st.stm32cube.ide.mcu.externaltools.gnu-tools-for-stm32.12.3.rel1.macos64_1.1.0.202410301201/tools/bin/../lib/gcc/arm-none-eabi/12.3.1/../../../../arm-none-eabi/lib/thumb/v6-m/nofp/libc_nano.a
LOAD /Applications/STM32CubeIDE.app/Contents/Eclipse/plugins/com.st.stm32cube.ide.mcu.externaltools.gnu-tools-for-stm32.12.3.rel1.macos64_1.1.0.202410301201/tools/bin/../lib/gcc/arm-none-eabi/12.3.1/../../../../arm-none-eabi/lib/thumb/v6-m/nofp/libm.a
END GROUP
START GROUP
LOAD /Applications/STM32CubeIDE.app/Contents/Eclipse/plugins/com.st.stm32cube.ide.mcu.externaltools.gnu-tools-for-stm32.12.3.rel1.macos64_1.1.0.202410301201/tools/bin/../lib/gcc/arm-none-eabi/12.3.1/thumb/v6-m/nofp/libgcc.a
LOAD /Applications/STM32CubeIDE.app/Contents/Eclipse/plugins/com.st.stm32cube.ide.mcu.externaltools.gnu-tools-for-stm32.12.3.rel1.macos64_1.1.0.202410301201/tools/bin/../lib/gcc/arm-none-eabi/12.3.1/../../../../arm-none-eabi/lib/thumb/v6-m/nofp/libc_nano.a
END GROUP
START GROUP
LOAD /Applications/STM32CubeIDE.app/Contents/Eclipse/plugins/com.st.stm32cube.ide.mcu.externaltools.gnu-tools-for-stm32.12.3.rel1.macos64_1.1.0.202410301201/tools/bin/../lib/gcc/arm-none-eabi/12.3.1/thumb/v6-m/nofp/libgcc.a
LOAD /Applications/STM32CubeIDE.app/Contents/Eclipse/plugins/com.st.stm32cube.ide.mcu.externaltools.gnu-tools-for-stm32.12.3.rel1.macos64_1.1.0.202410301201/tools/bin/../lib/gcc/arm-none-eabi/12.3.1/../../../../arm-none-eabi/lib/thumb/v6-m/nofp/libc_nano.a
LOAD /Applications/STM32CubeIDE.app/Contents/Eclipse/plugins/com.st.stm32cube.ide.mcu.externaltools.gnu-tools-for-stm32.12.3.rel1.macos64_1.1.0.202410301201/tools/bin/../lib/gcc/arm-none-eabi/12.3.1/../../../../arm-none-eabi/lib/thumb/v6-m/nofp/libnosys.a
END GROUP
START GROUP
LOAD /Applications/STM32CubeIDE.app/Contents/Eclipse/plugins/com.st.stm32cube.ide.mcu.externaltools.gnu-tools-for-stm32.12.3.rel1.macos64_1.1.0.202410301201/tools/bin/../lib/gcc/arm-none-eabi/12.3.1/thumb/v6-m/nofp/libgcc.a
LOAD /Applications/STM32CubeIDE.app/Contents/Eclipse/plugins/com.st.stm32cube.ide.mcu.externaltools.gnu-tools-for-stm32.12.3.rel1.macos64_1.1.0.202410301201/tools/bin/../lib/gcc/arm-none-eabi/12.3.1/../../../../arm-none-eabi/lib/thumb/v6-m/nofp/libc_nano.a
LOAD /Applications/STM32CubeIDE.app/Contents/Eclipse/plugins/com.st.stm32cube.ide.mcu.externaltools.gnu-tools-for-stm32.12.3.rel1.macos64_1.1.0.202410301201/tools/bin/../lib/gcc/arm-none-eabi/12.3.1/../../../../arm-none-eabi/lib/thumb/v6-m/nofp/libnosys.a
END GROUP
LOAD /Applications/STM32CubeIDE.app/Contents/Eclipse/plugins/com.st.stm32cube.ide.mcu.externaltools.gnu-tools-for-stm32.12.3.rel1.macos64_1.1.0.202410301201/tools/bin/../lib/gcc/arm-none-eabi/12.3.1/thumb/v6-m/nofp/crtend.o
LOAD /Applications/STM32CubeIDE.app/Contents/Eclipse/plugins/com.st.stm32cube.ide.mcu.externaltools.gnu-tools-for-stm32.12.3.rel1.macos64_1.1.0.202410301201/tools/bin/../lib/gcc/arm-none-eabi/12.3.1/thumb/v6-m/nofp/crtn.o
                0x20002000                        _estack = (ORIGIN (RAM) + LENGTH (RAM))
                0x00000200                        _Min_Heap_Size = 0x200
                0x00000400                        _Min_Stack_Size = 0x400

.isr_vector     0x08000000       0xbc
                0x08000000                        . = ALIGN (0x4)
 *(.isr_vector)
 .isr_vector    0x08000000       0xbc ./Core/Startup/startup_stm32g031k8tx.o
                0x08000000                g_pfnVectors
                0x080000bc                        . = ALIGN (0x4)

.text           0x080000bc     0x68c8
                0x080000bc                        . = ALIGN (0x4)
 *(.text)
 .text          0x080000bc       0x48 /Applications/STM32CubeIDE.app/Contents/Eclipse/plugins/com.st.stm32cube.ide.mcu.externaltools.gnu-tools-for-stm32.12.3.rel1.macos64_1.1.0.202410301201/tools/bin/../lib/gcc/arm-none-eabi/12.3.1/thumb/v6-m/nofp/crtbegin.o
 .text          0x08000104      0x114 /Applications/STM32CubeIDE.app/Contents/Eclipse/plugins/com.st.stm32cube.ide.mcu.externaltools.gnu-tools-for-stm32.12.3.rel1.macos64_1.1.0.202410301201/tools/bin/../lib/gcc/arm-none-eabi/12.3.1/thumb/v6-m/nofp/libgcc.a(_udivsi3.o)
                0x08000104                __udivsi3
                0x08000104                __aeabi_uidiv
                0x08000210                __aeabi_uidivmod
 .text          0x08000218        0x4 /Applications/STM32CubeIDE.app/Contents/Eclipse/plugins/com.st.stm32cube.ide.mcu.externaltools.gnu-tools-for-stm32.12.3.rel1.macos64_1.1.0.202410301201/tools/bin/../lib/gcc/arm-none-eabi/12.3.1/thumb/v6-m/nofp/libgcc.a(_dvmd_tls.o)
                0x08000218                __aeabi_ldiv0
                0x08000218                __aeabi_idiv0
 .text          0x0800021c       0x40 /Applications/STM32CubeIDE.app/Contents/Eclipse/plugins/com.st.stm32cube.ide.mcu.externaltools.gnu-tools-for-stm32.12.3.rel1.macos64_1.1.0.202410301201/tools/bin/../lib/gcc/arm-none-eabi/12.3.1/thumb/v6-m/nofp/libgcc.a(_aeabi_uldivmod.o)
                0x0800021c                __aeabi_uldivmod
 .text          0x0800025c      0x198 /Applications/STM32CubeIDE.app/Contents/Eclipse/plugins/com.st.stm32cube.ide.mcu.externaltools.gnu-tools-for-stm32.12.3.rel1.macos64_1.1.0.202410301201/tools/bin/../lib/gcc/arm-none-eabi/12.3.1/thumb/v6-m/nofp/libgcc.a(_udivmoddi4.o)
                0x0800025c                __udivmoddi4
 .text          0x080003f4       0x18 /Applications/STM32CubeIDE.app/Contents/Eclipse/plugins/com.st.stm32cube.ide.mcu.externaltools.gnu-tools-for-stm32.12.3.rel1.macos64_1.1.0.202410301201/tools/bin/../lib/gcc/arm-none-eabi/12.3.1/thumb/v6-m/nofp/libgcc.a(_clzdi2.o)
                0x080003f4                __clzdi2
 .text          0x0800040c       0x3c /Applications/STM32CubeIDE.app/Contents/Eclipse/plugins/com.st.stm32cube.ide.mcu.externaltools.gnu-tools-for-stm32.12.3.rel1.macos64_1.1.0.202410301201/tools/bin/../lib/gcc/arm-none-eabi/12.3.1/thumb/v6-m/nofp/libgcc.a(_clzsi2.o)
                0x0800040c                __clzsi2
 *(.text*)
 .text.Start_UART_Receive
                0x08000448       0x18 ./Core/Src/UART.o
                0x08000448                Start_UART_Receive
 .text.Speed_Pot_Check
                0x08000460       0x78 ./Core/Src/checking_functions.o
                0x08000460                Speed_Pot_Check
 .text.Check_Tap_Tempo_Switch_State
                0x080004d8       0x64 ./Core/Src/checking_functions.o
                0x080004d8                Check_Tap_Tempo_Switch_State
 .text.SystemClock_Config
                0x0800053c       0x80 ./Core/Src/config.o
                0x0800053c                SystemClock_Config
 .text.MX_ADC1_Init
                0x080005bc       0xf4 ./Core/Src/config.o
                0x080005bc                MX_ADC1_Init
 .text.MX_TIM16_Init
                0x080006b0       0xb0 ./Core/Src/config.o
                0x080006b0                MX_TIM16_Init
 .text.MX_TIM2_Init
                0x08000760       0xb8 ./Core/Src/config.o
                0x08000760                MX_TIM2_Init
 .text.MX_TIM3_Init
                0x08000818       0xc0 ./Core/Src/config.o
                0x08000818                MX_TIM3_Init
 .text.MX_TIM1_Init
                0x080008d8      0x128 ./Core/Src/config.o
                0x080008d8                MX_TIM1_Init
 .text.MX_TIM17_Init
                0x08000a00       0xb4 ./Core/Src/config.o
                0x08000a00                MX_TIM17_Init
 .text.MX_TIM14_Init
                0x08000ab4       0x70 ./Core/Src/config.o
                0x08000ab4                MX_TIM14_Init
 .text.MX_GPIO_Init
                0x08000b24      0x138 ./Core/Src/config.o
                0x08000b24                MX_GPIO_Init
 .text.Error_Handler
                0x08000c5c        0x4 ./Core/Src/config.o
                0x08000c5c                Error_Handler
 .text.System_Init
                0x08000c60      0x1a0 ./Core/Src/config.o
                0x08000c60                System_Init
 .text.TIM16_callback
                0x08000e00       0x3c ./Core/Src/custom_callbacks.o
                0x08000e00                TIM16_callback
 .text.ADC_DMA_conversion_complete_callback
                0x08000e3c       0x68 ./Core/Src/custom_callbacks.o
                0x08000e3c                ADC_DMA_conversion_complete_callback
 .text.TIM2_ch1_IP_capture_callback
                0x08000ea4       0x9c ./Core/Src/custom_callbacks.o
                0x08000ea4                TIM2_ch1_IP_capture_callback
 .text.TIM2_ch1_overflow_callback
                0x08000f40       0x98 ./Core/Src/custom_callbacks.o
                0x08000f40                TIM2_ch1_overflow_callback
 .text.TIM3_ch1_IP_capture_measurement_reelapse_callback
                0x08000fd8       0x9c ./Core/Src/custom_callbacks.o
                0x08000fd8                TIM3_ch1_IP_capture_measurement_reelapse_callback
 .text.UART2_TX_transfer_complete_callback
                0x08001074        0x4 ./Core/Src/custom_callbacks.o
                0x08001074                UART2_TX_transfer_complete_callback
 .text.UART2_RX_transfer_complete_callback
                0x08001078       0xcc ./Core/Src/custom_callbacks.o
                0x08001078                UART2_RX_transfer_complete_callback
 .text.HAL_GPIO_EXTI_Falling_Callback
                0x08001144       0x38 ./Core/Src/custom_callbacks.o
                0x08001144                HAL_GPIO_EXTI_Falling_Callback
 .text.HAL_GPIO_EXTI_Rising_Callback
                0x0800117c       0xb8 ./Core/Src/custom_callbacks.o
                0x0800117c                HAL_GPIO_EXTI_Rising_Callback
 .text.LPTIM1_callback
                0x08001234      0x170 ./Core/Src/custom_callbacks.o
                0x08001234                LPTIM1_callback
 .text.TIM17_callback
                0x080013a4        0x4 ./Core/Src/custom_callbacks.o
                0x080013a4                TIM17_callback
 .text.TIM14_callback
                0x080013a8        0x4 ./Core/Src/custom_callbacks.o
                0x080013a8                TIM14_callback
 .text.Input_Capture_Processing
                0x080013ac       0x7c ./Core/Src/input_capture.o
                0x080013ac                Input_Capture_Processing
 .text.Start_Input_Capture_Timer
                0x08001428       0x30 ./Core/Src/input_capture.o
                0x08001428                Start_Input_Capture_Timer
 .text.Copy_Params_Structs
                0x08001458       0x14 ./Core/Src/input_capture.o
                0x08001458                Copy_Params_Structs
 .text.Start_Measurement_Reelapse_Timer
                0x0800146c       0x30 ./Core/Src/input_capture.o
                0x0800146c                Start_Measurement_Reelapse_Timer
 .text.Begin_Input_Capture_Measurement
                0x0800149c       0x10 ./Core/Src/input_capture.o
                0x0800149c                Begin_Input_Capture_Measurement
 .text.startup.main
                0x080014ac       0xb4 ./Core/Src/main.o
                0x080014ac                main
 .text.Start_PWM_Gen_Timer_Main_and_Secondary_Oscillators
                0x08001560       0x34 ./Core/Src/oscillator.o
                0x08001560                Start_PWM_Gen_Timer_Main_and_Secondary_Oscillators
 .text.Start_Freq_Gen_Timer
                0x08001594       0x1c ./Core/Src/oscillator.o
                0x08001594                Start_Freq_Gen_Timer
 .text.Process_TIM16_Raw_Start_Value_and_Raw_Prescaler
                0x080015b0       0x30 ./Core/Src/oscillator.o
                0x080015b0                Process_TIM16_Raw_Start_Value_and_Raw_Prescaler
 .text.Set_Oscillator_Values
                0x080015e0       0x30 ./Core/Src/oscillator.o
                0x080015e0                Set_Oscillator_Values
 .text.Calculate_Next_Main_Oscillator_Values
                0x08001610      0x11c ./Core/Src/oscillator.o
                0x08001610                Calculate_Next_Main_Oscillator_Values
 .text.Write_Next_Main_Oscillator_Values_to_Delay_Line
                0x0800172c       0xb8 ./Core/Src/oscillator.o
                0x0800172c                Write_Next_Main_Oscillator_Values_to_Delay_Line
 .text.Process_ADC_Conversion_Values
                0x080017e4       0x4c ./Core/Src/oscillator.o
                0x080017e4                Process_ADC_Conversion_Values
 .text.Startup  0x08001830      0x110 ./Core/Src/startup.o
                0x08001830                Startup
 .text.Advance_Pending_States
                0x08001940       0x24 ./Core/Src/state_machine.o
                0x08001940                Advance_Pending_States
 .text.HAL_MspInit
                0x08001964       0x30 ./Core/Src/stm32g0xx_hal_msp.o
                0x08001964                HAL_MspInit
 .text.HAL_ADC_MspInit
                0x08001994       0xa0 ./Core/Src/stm32g0xx_hal_msp.o
                0x08001994                HAL_ADC_MspInit
 .text.HAL_LPTIM_MspInit
                0x08001a34       0xf4 ./Core/Src/stm32g0xx_hal_msp.o
                0x08001a34                HAL_LPTIM_MspInit
 .text.HAL_TIM_Base_MspInit
                0x08001b28      0x170 ./Core/Src/stm32g0xx_hal_msp.o
                0x08001b28                HAL_TIM_Base_MspInit
 .text.HAL_TIM_MspPostInit
                0x08001c98       0x78 ./Core/Src/stm32g0xx_hal_msp.o
                0x08001c98                HAL_TIM_MspPostInit
 .text.HAL_UART_MspInit
                0x08001d10       0xec ./Core/Src/stm32g0xx_hal_msp.o
                0x08001d10                HAL_UART_MspInit
 .text.NMI_Handler
                0x08001dfc        0x4 ./Core/Src/stm32g0xx_it.o
                0x08001dfc                NMI_Handler
 .text.HardFault_Handler
                0x08001e00        0x4 ./Core/Src/stm32g0xx_it.o
                0x08001e00                HardFault_Handler
 .text.SVC_Handler
                0x08001e04        0x4 ./Core/Src/stm32g0xx_it.o
                0x08001e04                SVC_Handler
 .text.PendSV_Handler
                0x08001e08        0x4 ./Core/Src/stm32g0xx_it.o
                0x08001e08                PendSV_Handler
 .text.SysTick_Handler
                0x08001e0c        0x8 ./Core/Src/stm32g0xx_it.o
                0x08001e0c                SysTick_Handler
 .text.EXTI4_15_IRQHandler
                0x08001e14        0xc ./Core/Src/stm32g0xx_it.o
                0x08001e14                EXTI4_15_IRQHandler
 .text.DMA1_Channel1_IRQHandler
                0x08001e20       0x10 ./Core/Src/stm32g0xx_it.o
                0x08001e20                DMA1_Channel1_IRQHandler
 .text.DMA1_Channel2_3_IRQHandler
                0x08001e30       0x18 ./Core/Src/stm32g0xx_it.o
                0x08001e30                DMA1_Channel2_3_IRQHandler
 .text.TIM2_IRQHandler
                0x08001e48       0x10 ./Core/Src/stm32g0xx_it.o
                0x08001e48                TIM2_IRQHandler
 .text.TIM3_IRQHandler
                0x08001e58       0x10 ./Core/Src/stm32g0xx_it.o
                0x08001e58                TIM3_IRQHandler
 .text.TIM16_IRQHandler
                0x08001e68       0x10 ./Core/Src/stm32g0xx_it.o
                0x08001e68                TIM16_IRQHandler
 .text.USART2_IRQHandler
                0x08001e78       0x10 ./Core/Src/stm32g0xx_it.o
                0x08001e78                USART2_IRQHandler
 .text.LPTIM1_IRQHandler
                0x08001e88       0x10 ./Core/Src/stm32g0xx_it.o
                0x08001e88                LPTIM1_IRQHandler
 .text.TIM17_IRQHandler
                0x08001e98       0x10 ./Core/Src/stm32g0xx_it.o
                0x08001e98                TIM17_IRQHandler
 .text.TIM14_IRQHandler
                0x08001ea8       0x10 ./Core/Src/stm32g0xx_it.o
                0x08001ea8                TIM14_IRQHandler
 .text.Process_TIM16_Final_Start_Value_and_Final_Prescaler
                0x08001eb8      0x2a0 ./Core/Src/symmetry_adjustment.o
                0x08001eb8                Process_TIM16_Final_Start_Value_and_Final_Prescaler
 .text.SystemInit
                0x08002158        0x4 ./Core/Src/system_stm32g0xx.o
                0x08002158                SystemInit
 .text.Start_OC_TIM
                0x0800215c       0x14 ./Core/Src/timers.o
                0x0800215c                Start_OC_TIM
 .text.Stop_OC_TIM
                0x08002170       0x14 ./Core/Src/timers.o
                0x08002170                Stop_OC_TIM
 .text.isPrime  0x08002184       0x34 ./Core/Src/utility.o
                0x08002184                isPrime
 .text.unsigned_bitwise_modulo
                0x080021b8        0xc ./Core/Src/utility.o
                0x080021b8                unsigned_bitwise_modulo
 .text.Global_Interrupt_Enable
                0x080021c4        0x8 ./Core/Src/utility.o
                0x080021c4                Global_Interrupt_Enable
 .text.Get_Status_Bit
                0x080021cc        0xc ./Core/Src/utility.o
                0x080021cc                Get_Status_Bit
 .text.Set_Status_Bit
                0x080021d8        0x8 ./Core/Src/utility.o
                0x080021d8                Set_Status_Bit
 .text.Clear_Status_Bit
                0x080021e0        0x8 ./Core/Src/utility.o
                0x080021e0                Clear_Status_Bit
 .text.Reset_Handler
                0x080021e8       0x50 ./Core/Startup/startup_stm32g031k8tx.o
                0x080021e8                Reset_Handler
 .text.Default_Handler
                0x08002238        0x2 ./Core/Startup/startup_stm32g031k8tx.o
                0x08002238                TIM1_BRK_UP_TRG_COM_IRQHandler
                0x08002238                PVD_IRQHandler
                0x08002238                I2C1_IRQHandler
                0x08002238                LPTIM2_IRQHandler
                0x08002238                RTC_TAMP_IRQHandler
                0x08002238                SPI1_IRQHandler
                0x08002238                DMA1_Ch4_5_DMAMUX1_OVR_IRQHandler
                0x08002238                EXTI2_3_IRQHandler
                0x08002238                ADC1_IRQHandler
                0x08002238                I2C2_IRQHandler
                0x08002238                RCC_IRQHandler
                0x08002238                Default_Handler
                0x08002238                EXTI0_1_IRQHandler
                0x08002238                SPI2_IRQHandler
                0x08002238                WWDG_IRQHandler
                0x08002238                LPUART1_IRQHandler
                0x08002238                FLASH_IRQHandler
                0x08002238                USART1_IRQHandler
                0x08002238                TIM1_CC_IRQHandler
 *fill*         0x0800223a        0x2 
 .text.HAL_InitTick
                0x0800223c       0x4c ./Drivers/STM32G0xx_HAL_Driver/Src/stm32g0xx_hal.o
                0x0800223c                HAL_InitTick
 .text.HAL_Init
                0x08002288       0x28 ./Drivers/STM32G0xx_HAL_Driver/Src/stm32g0xx_hal.o
                0x08002288                HAL_Init
 .text.HAL_IncTick
                0x080022b0       0x18 ./Drivers/STM32G0xx_HAL_Driver/Src/stm32g0xx_hal.o
                0x080022b0                HAL_IncTick
 .text.HAL_GetTick
                0x080022c8        0xc ./Drivers/STM32G0xx_HAL_Driver/Src/stm32g0xx_hal.o
                0x080022c8                HAL_GetTick
 .text.ADC_DMAConvCplt
                0x080022d4       0x80 ./Drivers/STM32G0xx_HAL_Driver/Src/stm32g0xx_hal_adc.o
 .text.ADC_DMAHalfConvCplt
                0x08002354        0xc ./Drivers/STM32G0xx_HAL_Driver/Src/stm32g0xx_hal_adc.o
 .text.ADC_DMAError
                0x08002360       0x1c ./Drivers/STM32G0xx_HAL_Driver/Src/stm32g0xx_hal_adc.o
 .text.HAL_ADC_ErrorCallback
                0x0800237c        0x4 ./Drivers/STM32G0xx_HAL_Driver/Src/stm32g0xx_hal_adc.o
                0x0800237c                HAL_ADC_ErrorCallback
 .text.HAL_ADC_ConvCpltCallback
                0x08002380        0x4 ./Drivers/STM32G0xx_HAL_Driver/Src/stm32g0xx_hal_adc.o
                0x08002380                HAL_ADC_ConvCpltCallback
 .text.HAL_ADC_ConvHalfCpltCallback
                0x08002384        0x4 ./Drivers/STM32G0xx_HAL_Driver/Src/stm32g0xx_hal_adc.o
                0x08002384                HAL_ADC_ConvHalfCpltCallback
 .text.HAL_ADC_LevelOutOfWindowCallback
                0x08002388        0x4 ./Drivers/STM32G0xx_HAL_Driver/Src/stm32g0xx_hal_adc.o
                0x08002388                HAL_ADC_LevelOutOfWindowCallback
 .text.HAL_ADC_Init
                0x0800238c      0x284 ./Drivers/STM32G0xx_HAL_Driver/Src/stm32g0xx_hal_adc.o
                0x0800238c                HAL_ADC_Init
 .text.HAL_ADC_RegisterCallback
                0x08002610       0x70 ./Drivers/STM32G0xx_HAL_Driver/Src/stm32g0xx_hal_adc.o
                0x08002610                HAL_ADC_RegisterCallback
 .text.HAL_ADC_ConfigChannel
                0x08002680      0x284 ./Drivers/STM32G0xx_HAL_Driver/Src/stm32g0xx_hal_adc.o
                0x08002680                HAL_ADC_ConfigChannel
 .text.ADC_ConversionStop
                0x08002904       0x74 ./Drivers/STM32G0xx_HAL_Driver/Src/stm32g0xx_hal_adc.o
                0x08002904                ADC_ConversionStop
 .text.ADC_Enable
                0x08002978       0xcc ./Drivers/STM32G0xx_HAL_Driver/Src/stm32g0xx_hal_adc.o
                0x08002978                ADC_Enable
 .text.HAL_ADC_Start_DMA
                0x08002a44       0xb4 ./Drivers/STM32G0xx_HAL_Driver/Src/stm32g0xx_hal_adc.o
                0x08002a44                HAL_ADC_Start_DMA
 .text.ADC_Disable
                0x08002af8       0x88 ./Drivers/STM32G0xx_HAL_Driver/Src/stm32g0xx_hal_adc.o
                0x08002af8                ADC_Disable
 .text.HAL_ADC_Stop_DMA
                0x08002b80       0x8c ./Drivers/STM32G0xx_HAL_Driver/Src/stm32g0xx_hal_adc.o
                0x08002b80                HAL_ADC_Stop_DMA
 .text.HAL_ADCEx_Calibration_Start
                0x08002c0c      0x19c ./Drivers/STM32G0xx_HAL_Driver/Src/stm32g0xx_hal_adc_ex.o
                0x08002c0c                HAL_ADCEx_Calibration_Start
 .text.HAL_ADCEx_LevelOutOfWindow2Callback
                0x08002da8        0x4 ./Drivers/STM32G0xx_HAL_Driver/Src/stm32g0xx_hal_adc_ex.o
                0x08002da8                HAL_ADCEx_LevelOutOfWindow2Callback
 .text.HAL_ADCEx_LevelOutOfWindow3Callback
                0x08002dac        0x4 ./Drivers/STM32G0xx_HAL_Driver/Src/stm32g0xx_hal_adc_ex.o
                0x08002dac                HAL_ADCEx_LevelOutOfWindow3Callback
 .text.HAL_ADCEx_EndOfSamplingCallback
                0x08002db0        0x4 ./Drivers/STM32G0xx_HAL_Driver/Src/stm32g0xx_hal_adc_ex.o
                0x08002db0                HAL_ADCEx_EndOfSamplingCallback
 .text.HAL_NVIC_SetPriority
                0x08002db4       0x54 ./Drivers/STM32G0xx_HAL_Driver/Src/stm32g0xx_hal_cortex.o
                0x08002db4                HAL_NVIC_SetPriority
 .text.HAL_NVIC_EnableIRQ
                0x08002e08       0x18 ./Drivers/STM32G0xx_HAL_Driver/Src/stm32g0xx_hal_cortex.o
                0x08002e08                HAL_NVIC_EnableIRQ
 .text.HAL_NVIC_DisableIRQ
                0x08002e20       0x20 ./Drivers/STM32G0xx_HAL_Driver/Src/stm32g0xx_hal_cortex.o
                0x08002e20                HAL_NVIC_DisableIRQ
 .text.HAL_SYSTICK_Config
                0x08002e40       0x34 ./Drivers/STM32G0xx_HAL_Driver/Src/stm32g0xx_hal_cortex.o
                0x08002e40                HAL_SYSTICK_Config
 .text.HAL_DMA_Init
                0x08002e74       0xec ./Drivers/STM32G0xx_HAL_Driver/Src/stm32g0xx_hal_dma.o
                0x08002e74                HAL_DMA_Init
 .text.HAL_DMA_Start_IT
                0x08002f60       0xd0 ./Drivers/STM32G0xx_HAL_Driver/Src/stm32g0xx_hal_dma.o
                0x08002f60                HAL_DMA_Start_IT
 .text.HAL_DMA_Abort
                0x08003030       0x78 ./Drivers/STM32G0xx_HAL_Driver/Src/stm32g0xx_hal_dma.o
                0x08003030                HAL_DMA_Abort
 .text.HAL_DMA_Abort_IT
                0x080030a8       0x78 ./Drivers/STM32G0xx_HAL_Driver/Src/stm32g0xx_hal_dma.o
                0x080030a8                HAL_DMA_Abort_IT
 .text.HAL_DMA_IRQHandler
                0x08003120       0xb8 ./Drivers/STM32G0xx_HAL_Driver/Src/stm32g0xx_hal_dma.o
                0x08003120                HAL_DMA_IRQHandler
 .text.HAL_GPIO_Init
                0x080031d8      0x1e4 ./Drivers/STM32G0xx_HAL_Driver/Src/stm32g0xx_hal_gpio.o
                0x080031d8                HAL_GPIO_Init
 .text.HAL_GPIO_ReadPin
                0x080033bc        0xc ./Drivers/STM32G0xx_HAL_Driver/Src/stm32g0xx_hal_gpio.o
                0x080033bc                HAL_GPIO_ReadPin
 .text.HAL_GPIO_WritePin
                0x080033c8        0xc ./Drivers/STM32G0xx_HAL_Driver/Src/stm32g0xx_hal_gpio.o
                0x080033c8                HAL_GPIO_WritePin
 .text.HAL_GPIO_EXTI_IRQHandler
                0x080033d4       0x34 ./Drivers/STM32G0xx_HAL_Driver/Src/stm32g0xx_hal_gpio.o
                0x080033d4                HAL_GPIO_EXTI_IRQHandler
 .text.HAL_LPTIM_DirectionDownCallback
                0x08003408        0x4 ./Drivers/STM32G0xx_HAL_Driver/Src/stm32g0xx_hal_lptim.o
                0x08003408                HAL_LPTIM_DirectionDownCallback
 .text.HAL_LPTIM_CompareMatchCallback
                0x0800340c        0x4 ./Drivers/STM32G0xx_HAL_Driver/Src/stm32g0xx_hal_lptim.o
                0x0800340c                HAL_LPTIM_CompareMatchCallback
 .text.HAL_LPTIM_AutoReloadMatchCallback
                0x08003410        0x4 ./Drivers/STM32G0xx_HAL_Driver/Src/stm32g0xx_hal_lptim.o
                0x08003410                HAL_LPTIM_AutoReloadMatchCallback
 .text.HAL_LPTIM_TriggerCallback
                0x08003414        0x4 ./Drivers/STM32G0xx_HAL_Driver/Src/stm32g0xx_hal_lptim.o
                0x08003414                HAL_LPTIM_TriggerCallback
 .text.HAL_LPTIM_CompareWriteCallback
                0x08003418        0x4 ./Drivers/STM32G0xx_HAL_Driver/Src/stm32g0xx_hal_lptim.o
                0x08003418                HAL_LPTIM_CompareWriteCallback
 .text.HAL_LPTIM_AutoReloadWriteCallback
                0x0800341c        0x4 ./Drivers/STM32G0xx_HAL_Driver/Src/stm32g0xx_hal_lptim.o
                0x0800341c                HAL_LPTIM_AutoReloadWriteCallback
 .text.HAL_LPTIM_DirectionUpCallback
                0x08003420        0x4 ./Drivers/STM32G0xx_HAL_Driver/Src/stm32g0xx_hal_lptim.o
                0x08003420                HAL_LPTIM_DirectionUpCallback
 .text.HAL_LPTIM_Init
                0x08003424      0x108 ./Drivers/STM32G0xx_HAL_Driver/Src/stm32g0xx_hal_lptim.o
                0x08003424                HAL_LPTIM_Init
 .text.HAL_LPTIM_IRQHandler
                0x0800352c       0xb8 ./Drivers/STM32G0xx_HAL_Driver/Src/stm32g0xx_hal_lptim.o
                0x0800352c                HAL_LPTIM_IRQHandler
 .text.HAL_LPTIM_RegisterCallback
                0x080035e4       0x70 ./Drivers/STM32G0xx_HAL_Driver/Src/stm32g0xx_hal_lptim.o
                0x080035e4                HAL_LPTIM_RegisterCallback
 .text.LPTIM_Disable
                0x08003654      0x1c8 ./Drivers/STM32G0xx_HAL_Driver/Src/stm32g0xx_hal_lptim.o
                0x08003654                LPTIM_Disable
 .text.HAL_LPTIM_SetOnce_Start_IT
                0x0800381c       0xc8 ./Drivers/STM32G0xx_HAL_Driver/Src/stm32g0xx_hal_lptim.o
                0x0800381c                HAL_LPTIM_SetOnce_Start_IT
 .text.HAL_PWREx_ControlVoltageScaling
                0x080038e4       0x60 ./Drivers/STM32G0xx_HAL_Driver/Src/stm32g0xx_hal_pwr_ex.o
                0x080038e4                HAL_PWREx_ControlVoltageScaling
 .text.HAL_RCC_OscConfig
                0x08003944      0x4d0 ./Drivers/STM32G0xx_HAL_Driver/Src/stm32g0xx_hal_rcc.o
                0x08003944                HAL_RCC_OscConfig
 .text.HAL_RCC_GetSysClockFreq
                0x08003e14       0x9c ./Drivers/STM32G0xx_HAL_Driver/Src/stm32g0xx_hal_rcc.o
                0x08003e14                HAL_RCC_GetSysClockFreq
 .text.HAL_RCC_ClockConfig
                0x08003eb0      0x190 ./Drivers/STM32G0xx_HAL_Driver/Src/stm32g0xx_hal_rcc.o
                0x08003eb0                HAL_RCC_ClockConfig
 .text.HAL_RCC_GetPCLK1Freq
                0x08004040       0x28 ./Drivers/STM32G0xx_HAL_Driver/Src/stm32g0xx_hal_rcc.o
                0x08004040                HAL_RCC_GetPCLK1Freq
 .text.HAL_RCCEx_PeriphCLKConfig
                0x08004068      0x1f0 ./Drivers/STM32G0xx_HAL_Driver/Src/stm32g0xx_hal_rcc_ex.o
                0x08004068                HAL_RCCEx_PeriphCLKConfig
 .text.HAL_TIM_OC_MspInit
                0x08004258        0x4 ./Drivers/STM32G0xx_HAL_Driver/Src/stm32g0xx_hal_tim.o
                0x08004258                HAL_TIM_OC_MspInit
 .text.HAL_TIM_PWM_MspInit
                0x0800425c        0x4 ./Drivers/STM32G0xx_HAL_Driver/Src/stm32g0xx_hal_tim.o
                0x0800425c                HAL_TIM_PWM_MspInit
 .text.HAL_TIM_IC_MspInit
                0x08004260        0x4 ./Drivers/STM32G0xx_HAL_Driver/Src/stm32g0xx_hal_tim.o
                0x08004260                HAL_TIM_IC_MspInit
 .text.HAL_TIM_PeriodElapsedCallback
                0x08004264        0x4 ./Drivers/STM32G0xx_HAL_Driver/Src/stm32g0xx_hal_tim.o
                0x08004264                HAL_TIM_PeriodElapsedCallback
 .text.HAL_TIM_PeriodElapsedHalfCpltCallback
                0x08004268        0x4 ./Drivers/STM32G0xx_HAL_Driver/Src/stm32g0xx_hal_tim.o
                0x08004268                HAL_TIM_PeriodElapsedHalfCpltCallback
 .text.HAL_TIM_OC_DelayElapsedCallback
                0x0800426c        0x4 ./Drivers/STM32G0xx_HAL_Driver/Src/stm32g0xx_hal_tim.o
                0x0800426c                HAL_TIM_OC_DelayElapsedCallback
 .text.HAL_TIM_IC_CaptureCallback
                0x08004270        0x4 ./Drivers/STM32G0xx_HAL_Driver/Src/stm32g0xx_hal_tim.o
                0x08004270                HAL_TIM_IC_CaptureCallback
 .text.HAL_TIM_IC_CaptureHalfCpltCallback
                0x08004274        0x4 ./Drivers/STM32G0xx_HAL_Driver/Src/stm32g0xx_hal_tim.o
                0x08004274                HAL_TIM_IC_CaptureHalfCpltCallback
 .text.HAL_TIM_PWM_PulseFinishedCallback
                0x08004278        0x4 ./Drivers/STM32G0xx_HAL_Driver/Src/stm32g0xx_hal_tim.o
                0x08004278                HAL_TIM_PWM_PulseFinishedCallback
 .text.HAL_TIM_PWM_PulseFinishedHalfCpltCallback
                0x0800427c        0x4 ./Drivers/STM32G0xx_HAL_Driver/Src/stm32g0xx_hal_tim.o
                0x0800427c                HAL_TIM_PWM_PulseFinishedHalfCpltCallback
 .text.HAL_TIM_TriggerCallback
                0x08004280        0x4 ./Drivers/STM32G0xx_HAL_Driver/Src/stm32g0xx_hal_tim.o
                0x08004280                HAL_TIM_TriggerCallback
 .text.HAL_TIM_TriggerHalfCpltCallback
                0x08004284        0x4 ./Drivers/STM32G0xx_HAL_Driver/Src/stm32g0xx_hal_tim.o
                0x08004284                HAL_TIM_TriggerHalfCpltCallback
 .text.HAL_TIM_ErrorCallback
                0x08004288        0x4 ./Drivers/STM32G0xx_HAL_Driver/Src/stm32g0xx_hal_tim.o
                0x08004288                HAL_TIM_ErrorCallback
 .text.HAL_TIM_Base_Init
                0x0800428c      0x190 ./Drivers/STM32G0xx_HAL_Driver/Src/stm32g0xx_hal_tim.o
                0x0800428c                HAL_TIM_Base_Init
 .text.HAL_TIM_Base_Start
                0x0800441c       0x5c ./Drivers/STM32G0xx_HAL_Driver/Src/stm32g0xx_hal_tim.o
                0x0800441c                HAL_TIM_Base_Start
 .text.HAL_TIM_Base_Start_IT
                0x08004478       0x64 ./Drivers/STM32G0xx_HAL_Driver/Src/stm32g0xx_hal_tim.o
                0x08004478                HAL_TIM_Base_Start_IT
 .text.HAL_TIM_OC_Init
                0x080044dc      0x190 ./Drivers/STM32G0xx_HAL_Driver/Src/stm32g0xx_hal_tim.o
                0x080044dc                HAL_TIM_OC_Init
 .text.HAL_TIM_OC_Start_IT
                0x0800466c      0x104 ./Drivers/STM32G0xx_HAL_Driver/Src/stm32g0xx_hal_tim.o
                0x0800466c                HAL_TIM_OC_Start_IT
 .text.HAL_TIM_OC_Stop_IT
                0x08004770      0x100 ./Drivers/STM32G0xx_HAL_Driver/Src/stm32g0xx_hal_tim.o
                0x08004770                HAL_TIM_OC_Stop_IT
 .text.HAL_TIM_PWM_Init
                0x08004870      0x190 ./Drivers/STM32G0xx_HAL_Driver/Src/stm32g0xx_hal_tim.o
                0x08004870                HAL_TIM_PWM_Init
 .text.HAL_TIM_PWM_Start
                0x08004a00       0xd0 ./Drivers/STM32G0xx_HAL_Driver/Src/stm32g0xx_hal_tim.o
                0x08004a00                HAL_TIM_PWM_Start
 .text.HAL_TIM_IC_Init
                0x08004ad0      0x190 ./Drivers/STM32G0xx_HAL_Driver/Src/stm32g0xx_hal_tim.o
                0x08004ad0                HAL_TIM_IC_Init
 .text.HAL_TIM_IC_Start_IT
                0x08004c60      0x168 ./Drivers/STM32G0xx_HAL_Driver/Src/stm32g0xx_hal_tim.o
                0x08004c60                HAL_TIM_IC_Start_IT
 .text.HAL_TIM_IRQHandler
                0x08004dc8      0x1b4 ./Drivers/STM32G0xx_HAL_Driver/Src/stm32g0xx_hal_tim.o
                0x08004dc8                HAL_TIM_IRQHandler
 .text.HAL_TIM_OC_ConfigChannel
                0x08004f7c      0x2a4 ./Drivers/STM32G0xx_HAL_Driver/Src/stm32g0xx_hal_tim.o
                0x08004f7c                HAL_TIM_OC_ConfigChannel
 .text.HAL_TIM_IC_ConfigChannel
                0x08005220      0x1bc ./Drivers/STM32G0xx_HAL_Driver/Src/stm32g0xx_hal_tim.o
                0x08005220                HAL_TIM_IC_ConfigChannel
 .text.HAL_TIM_PWM_ConfigChannel
                0x080053dc      0x348 ./Drivers/STM32G0xx_HAL_Driver/Src/stm32g0xx_hal_tim.o
                0x080053dc                HAL_TIM_PWM_ConfigChannel
 .text.HAL_TIM_ConfigClockSource
                0x08005724      0x170 ./Drivers/STM32G0xx_HAL_Driver/Src/stm32g0xx_hal_tim.o
                0x08005724                HAL_TIM_ConfigClockSource
 .text.HAL_TIM_ReadCapturedValue
                0x08005894       0x30 ./Drivers/STM32G0xx_HAL_Driver/Src/stm32g0xx_hal_tim.o
                0x08005894                HAL_TIM_ReadCapturedValue
 .text.HAL_TIM_RegisterCallback
                0x080058c4      0x104 ./Drivers/STM32G0xx_HAL_Driver/Src/stm32g0xx_hal_tim.o
                0x080058c4                HAL_TIM_RegisterCallback
 .text.HAL_TIMEx_MasterConfigSynchronization
                0x080059c8       0x70 ./Drivers/STM32G0xx_HAL_Driver/Src/stm32g0xx_hal_tim_ex.o
                0x080059c8                HAL_TIMEx_MasterConfigSynchronization
 .text.HAL_TIMEx_ConfigBreakDeadTime
                0x08005a38       0xc0 ./Drivers/STM32G0xx_HAL_Driver/Src/stm32g0xx_hal_tim_ex.o
                0x08005a38                HAL_TIMEx_ConfigBreakDeadTime
 .text.HAL_TIMEx_CommutCallback
                0x08005af8        0x4 ./Drivers/STM32G0xx_HAL_Driver/Src/stm32g0xx_hal_tim_ex.o
                0x08005af8                HAL_TIMEx_CommutCallback
 .text.HAL_TIMEx_CommutHalfCpltCallback
                0x08005afc        0x4 ./Drivers/STM32G0xx_HAL_Driver/Src/stm32g0xx_hal_tim_ex.o
                0x08005afc                HAL_TIMEx_CommutHalfCpltCallback
 .text.HAL_TIMEx_BreakCallback
                0x08005b00        0x4 ./Drivers/STM32G0xx_HAL_Driver/Src/stm32g0xx_hal_tim_ex.o
                0x08005b00                HAL_TIMEx_BreakCallback
 .text.HAL_TIMEx_Break2Callback
                0x08005b04        0x4 ./Drivers/STM32G0xx_HAL_Driver/Src/stm32g0xx_hal_tim_ex.o
                0x08005b04                HAL_TIMEx_Break2Callback
 .text.HAL_UARTEx_RxEventCallback
                0x08005b08        0x4 ./Drivers/STM32G0xx_HAL_Driver/Src/stm32g0xx_hal_uart.o
                0x08005b08                HAL_UARTEx_RxEventCallback
 .text.UART_DMAReceiveCplt
                0x08005b0c       0xa0 ./Drivers/STM32G0xx_HAL_Driver/Src/stm32g0xx_hal_uart.o
 .text.UART_DMARxHalfCplt
                0x08005bac       0x24 ./Drivers/STM32G0xx_HAL_Driver/Src/stm32g0xx_hal_uart.o
 .text.UART_DMAAbortOnError
                0x08005bd0       0x18 ./Drivers/STM32G0xx_HAL_Driver/Src/stm32g0xx_hal_uart.o
 .text.HAL_UART_AbortReceiveCpltCallback
                0x08005be8        0x4 ./Drivers/STM32G0xx_HAL_Driver/Src/stm32g0xx_hal_uart.o
                0x08005be8                HAL_UART_AbortReceiveCpltCallback
 .text.HAL_UART_TxCpltCallback
                0x08005bec        0x4 ./Drivers/STM32G0xx_HAL_Driver/Src/stm32g0xx_hal_uart.o
                0x08005bec                HAL_UART_TxCpltCallback
 .text.HAL_UART_TxHalfCpltCallback
                0x08005bf0        0x4 ./Drivers/STM32G0xx_HAL_Driver/Src/stm32g0xx_hal_uart.o
                0x08005bf0                HAL_UART_TxHalfCpltCallback
 .text.HAL_UART_RxCpltCallback
                0x08005bf4        0x4 ./Drivers/STM32G0xx_HAL_Driver/Src/stm32g0xx_hal_uart.o
                0x08005bf4                HAL_UART_RxCpltCallback
 .text.HAL_UART_RxHalfCpltCallback
                0x08005bf8        0x4 ./Drivers/STM32G0xx_HAL_Driver/Src/stm32g0xx_hal_uart.o
                0x08005bf8                HAL_UART_RxHalfCpltCallback
 .text.HAL_UART_ErrorCallback
                0x08005bfc        0x4 ./Drivers/STM32G0xx_HAL_Driver/Src/stm32g0xx_hal_uart.o
                0x08005bfc                HAL_UART_ErrorCallback
 .text.HAL_UART_AbortCpltCallback
                0x08005c00        0x4 ./Drivers/STM32G0xx_HAL_Driver/Src/stm32g0xx_hal_uart.o
                0x08005c00                HAL_UART_AbortCpltCallback
 .text.HAL_UART_AbortTransmitCpltCallback
                0x08005c04        0x4 ./Drivers/STM32G0xx_HAL_Driver/Src/stm32g0xx_hal_uart.o
                0x08005c04                HAL_UART_AbortTransmitCpltCallback
 .text.UART_DMAError
                0x08005c08       0xdc ./Drivers/STM32G0xx_HAL_Driver/Src/stm32g0xx_hal_uart.o
 .text.HAL_UART_RegisterCallback
                0x08005ce4       0xa4 ./Drivers/STM32G0xx_HAL_Driver/Src/stm32g0xx_hal_uart.o
                0x08005ce4                HAL_UART_RegisterCallback
 .text.HAL_UART_Receive_DMA
                0x08005d88      0x100 ./Drivers/STM32G0xx_HAL_Driver/Src/stm32g0xx_hal_uart.o
                0x08005d88                HAL_UART_Receive_DMA
 .text.HAL_UART_IRQHandler
                0x08005e88      0x3cc ./Drivers/STM32G0xx_HAL_Driver/Src/stm32g0xx_hal_uart.o
                0x08005e88                HAL_UART_IRQHandler
 .text.UART_AdvFeatureConfig
                0x08006254       0xd0 ./Drivers/STM32G0xx_HAL_Driver/Src/stm32g0xx_hal_uart.o
                0x08006254                UART_AdvFeatureConfig
 .text.UART_CheckIdleState
                0x08006324      0x2ac ./Drivers/STM32G0xx_HAL_Driver/Src/stm32g0xx_hal_uart.o
                0x08006324                UART_CheckIdleState
 .text.HAL_UART_Init
                0x080065d0      0x324 ./Drivers/STM32G0xx_HAL_Driver/Src/stm32g0xx_hal_uart.o
                0x080065d0                HAL_UART_Init
 .text.HAL_UARTEx_WakeupCallback
                0x080068f4        0x4 ./Drivers/STM32G0xx_HAL_Driver/Src/stm32g0xx_hal_uart_ex.o
                0x080068f4                HAL_UARTEx_WakeupCallback
 .text.HAL_UARTEx_RxFifoFullCallback
                0x080068f8        0x4 ./Drivers/STM32G0xx_HAL_Driver/Src/stm32g0xx_hal_uart_ex.o
                0x080068f8                HAL_UARTEx_RxFifoFullCallback
 .text.HAL_UARTEx_TxFifoEmptyCallback
                0x080068fc        0x4 ./Drivers/STM32G0xx_HAL_Driver/Src/stm32g0xx_hal_uart_ex.o
                0x080068fc                HAL_UARTEx_TxFifoEmptyCallback
 .text.memset   0x08006900       0x10 /Applications/STM32CubeIDE.app/Contents/Eclipse/plugins/com.st.stm32cube.ide.mcu.externaltools.gnu-tools-for-stm32.12.3.rel1.macos64_1.1.0.202410301201/tools/bin/../lib/gcc/arm-none-eabi/12.3.1/../../../../arm-none-eabi/lib/thumb/v6-m/nofp/libc_nano.a(libc_a-memset.o)
                0x08006900                memset
 .text.__libc_init_array
                0x08006910       0x48 /Applications/STM32CubeIDE.app/Contents/Eclipse/plugins/com.st.stm32cube.ide.mcu.externaltools.gnu-tools-for-stm32.12.3.rel1.macos64_1.1.0.202410301201/tools/bin/../lib/gcc/arm-none-eabi/12.3.1/../../../../arm-none-eabi/lib/thumb/v6-m/nofp/libc_nano.a(libc_a-init.o)
                0x08006910                __libc_init_array
 .text.memcpy   0x08006958       0x12 /Applications/STM32CubeIDE.app/Contents/Eclipse/plugins/com.st.stm32cube.ide.mcu.externaltools.gnu-tools-for-stm32.12.3.rel1.macos64_1.1.0.202410301201/tools/bin/../lib/gcc/arm-none-eabi/12.3.1/../../../../arm-none-eabi/lib/thumb/v6-m/nofp/libc_nano.a(libc_a-memcpy-stub.o)
                0x08006958                memcpy
 *(.glue_7)
 .glue_7        0x0800696a        0x0 linker stubs
 *(.glue_7t)
 .glue_7t       0x0800696a        0x0 linker stubs
 *(.eh_frame)
 *fill*         0x0800696a        0x2 
 .eh_frame      0x0800696c        0x0 /Applications/STM32CubeIDE.app/Contents/Eclipse/plugins/com.st.stm32cube.ide.mcu.externaltools.gnu-tools-for-stm32.12.3.rel1.macos64_1.1.0.202410301201/tools/bin/../lib/gcc/arm-none-eabi/12.3.1/thumb/v6-m/nofp/crtbegin.o
 *(.init)
 .init          0x0800696c        0x4 /Applications/STM32CubeIDE.app/Contents/Eclipse/plugins/com.st.stm32cube.ide.mcu.externaltools.gnu-tools-for-stm32.12.3.rel1.macos64_1.1.0.202410301201/tools/bin/../lib/gcc/arm-none-eabi/12.3.1/thumb/v6-m/nofp/crti.o
                0x0800696c                _init
 .init          0x08006970        0x8 /Applications/STM32CubeIDE.app/Contents/Eclipse/plugins/com.st.stm32cube.ide.mcu.externaltools.gnu-tools-for-stm32.12.3.rel1.macos64_1.1.0.202410301201/tools/bin/../lib/gcc/arm-none-eabi/12.3.1/thumb/v6-m/nofp/crtn.o
 *(.fini)
 .fini          0x08006978        0x4 /Applications/STM32CubeIDE.app/Contents/Eclipse/plugins/com.st.stm32cube.ide.mcu.externaltools.gnu-tools-for-stm32.12.3.rel1.macos64_1.1.0.202410301201/tools/bin/../lib/gcc/arm-none-eabi/12.3.1/thumb/v6-m/nofp/crti.o
                0x08006978                _fini
 .fini          0x0800697c        0x8 /Applications/STM32CubeIDE.app/Contents/Eclipse/plugins/com.st.stm32cube.ide.mcu.externaltools.gnu-tools-for-stm32.12.3.rel1.macos64_1.1.0.202410301201/tools/bin/../lib/gcc/arm-none-eabi/12.3.1/thumb/v6-m/nofp/crtn.o
                0x08006984                        . = ALIGN (0x4)
                0x08006984                        _etext = .

.vfp11_veneer   0x08006984        0x0
 .vfp11_veneer  0x08006984        0x0 linker stubs

.v4_bx          0x08006984        0x0
 .v4_bx         0x08006984        0x0 linker stubs

.iplt           0x08006984        0x0
 .iplt          0x08006984        0x0 /Applications/STM32CubeIDE.app/Contents/Eclipse/plugins/com.st.stm32cube.ide.mcu.externaltools.gnu-tools-for-stm32.12.3.rel1.macos64_1.1.0.202410301201/tools/bin/../lib/gcc/arm-none-eabi/12.3.1/thumb/v6-m/nofp/crtbegin.o

.rodata         0x08006984      0xb50
                0x08006984                        . = ALIGN (0x4)
 *(.rodata)
 *(.rodata*)
 .rodata.num_ADC_conversions
                0x08006984        0x1 ./Core/Src/oscillator.o
                0x08006984                num_ADC_conversions
 *fill*         0x08006985        0x3 
 .rodata.tri_wavetable
                0x08006988      0x400 ./Core/Src/oscillator.o
                0x08006988                tri_wavetable
 .rodata.sine_wavetable
                0x08006d88      0x400 ./Core/Src/oscillator.o
                0x08006d88                sine_wavetable
 .rodata.APBPrescTable
                0x08007188       0x20 ./Core/Src/system_stm32g0xx.o
                0x08007188                APBPrescTable
 .rodata.AHBPrescTable
                0x080071a8       0x40 ./Core/Src/system_stm32g0xx.o
                0x080071a8                AHBPrescTable
 .rodata.HAL_ADC_RegisterCallback
                0x080071e8       0x2c ./Drivers/STM32G0xx_HAL_Driver/Src/stm32g0xx_hal_adc.o
 .rodata.HAL_LPTIM_RegisterCallback
                0x08007214       0x24 ./Drivers/STM32G0xx_HAL_Driver/Src/stm32g0xx_hal_lptim.o
 .rodata.HAL_TIM_OC_Start_IT
                0x08007238       0x44 ./Drivers/STM32G0xx_HAL_Driver/Src/stm32g0xx_hal_tim.o
 .rodata.HAL_TIM_PWM_Start
                0x0800727c       0x44 ./Drivers/STM32G0xx_HAL_Driver/Src/stm32g0xx_hal_tim.o
 .rodata.HAL_TIM_IC_Start_IT
                0x080072c0       0x78 ./Drivers/STM32G0xx_HAL_Driver/Src/stm32g0xx_hal_tim.o
 .rodata.HAL_TIM_OC_ConfigChannel
                0x08007338       0x54 ./Drivers/STM32G0xx_HAL_Driver/Src/stm32g0xx_hal_tim.o
 .rodata.HAL_TIM_PWM_ConfigChannel
                0x0800738c       0x54 ./Drivers/STM32G0xx_HAL_Driver/Src/stm32g0xx_hal_tim.o
 .rodata.HAL_TIM_RegisterCallback
                0x080073e0       0xa8 ./Drivers/STM32G0xx_HAL_Driver/Src/stm32g0xx_hal_tim.o
 .rodata.HAL_UART_RegisterCallback
                0x08007488       0x34 ./Drivers/STM32G0xx_HAL_Driver/Src/stm32g0xx_hal_uart.o
 .rodata.UARTPrescTable
                0x080074bc       0x18 ./Drivers/STM32G0xx_HAL_Driver/Src/stm32g0xx_hal_uart.o
                0x080074bc                UARTPrescTable
                0x080074d4                        . = ALIGN (0x4)

.ARM.extab      0x080074d4        0x0
                0x080074d4                        . = ALIGN (0x4)
 *(.ARM.extab* .gnu.linkonce.armextab.*)
                0x080074d4                        . = ALIGN (0x4)

.ARM            0x080074d4        0x8
                0x080074d4                        . = ALIGN (0x4)
                0x080074d4                        __exidx_start = .
 *(.ARM.exidx*)
 .ARM.exidx     0x080074d4        0x8 /Applications/STM32CubeIDE.app/Contents/Eclipse/plugins/com.st.stm32cube.ide.mcu.externaltools.gnu-tools-for-stm32.12.3.rel1.macos64_1.1.0.202410301201/tools/bin/../lib/gcc/arm-none-eabi/12.3.1/thumb/v6-m/nofp/libgcc.a(_udivmoddi4.o)
                0x080074dc                        __exidx_end = .
                0x080074dc                        . = ALIGN (0x4)

.preinit_array  0x080074dc        0x0
                0x080074dc                        . = ALIGN (0x4)
                0x080074dc                        PROVIDE (__preinit_array_start = .)
 *(.preinit_array*)
                0x080074dc                        PROVIDE (__preinit_array_end = .)
                0x080074dc                        . = ALIGN (0x4)

.init_array     0x080074dc        0x4
                0x080074dc                        . = ALIGN (0x4)
                0x080074dc                        PROVIDE (__init_array_start = .)
 *(SORT_BY_NAME(.init_array.*))
 *(.init_array*)
 .init_array    0x080074dc        0x4 /Applications/STM32CubeIDE.app/Contents/Eclipse/plugins/com.st.stm32cube.ide.mcu.externaltools.gnu-tools-for-stm32.12.3.rel1.macos64_1.1.0.202410301201/tools/bin/../lib/gcc/arm-none-eabi/12.3.1/thumb/v6-m/nofp/crtbegin.o
                0x080074e0                        PROVIDE (__init_array_end = .)
                0x080074e0                        . = ALIGN (0x4)

.fini_array     0x080074e0        0x4
                0x080074e0                        . = ALIGN (0x4)
                [!provide]                        PROVIDE (__fini_array_start = .)
 *(SORT_BY_NAME(.fini_array.*))
 *(.fini_array*)
 .fini_array    0x080074e0        0x4 /Applications/STM32CubeIDE.app/Contents/Eclipse/plugins/com.st.stm32cube.ide.mcu.externaltools.gnu-tools-for-stm32.12.3.rel1.macos64_1.1.0.202410301201/tools/bin/../lib/gcc/arm-none-eabi/12.3.1/thumb/v6-m/nofp/crtbegin.o
                [!provide]                        PROVIDE (__fini_array_end = .)
                0x080074e4                        . = ALIGN (0x4)
                0x080074e4                        _sidata = LOADADDR (.data)

.rel.dyn        0x080074e4        0x0
 .rel.iplt      0x080074e4        0x0 /Applications/STM32CubeIDE.app/Contents/Eclipse/plugins/com.st.stm32cube.ide.mcu.externaltools.gnu-tools-for-stm32.12.3.rel1.macos64_1.1.0.202410301201/tools/bin/../lib/gcc/arm-none-eabi/12.3.1/thumb/v6-m/nofp/crtbegin.o

.data           0x20000000      0x420 load address 0x080074e4
                0x20000000                        . = ALIGN (0x4)
                0x20000000                        _sdata = .
 *(.data)
 *(.data*)
 .data.tap_tempo_switch_state_counter.1
                0x20000000        0x1 ./Core/Src/checking_functions.o
 *fill*         0x20000001        0x3 
 .data.delay_line
                0x20000004      0x408 ./Core/Src/oscillator.o
                0x20000004                delay_line
 .data.IP_CAP_fsm
                0x2000040c        0x2 ./Core/Src/state_machine.o
                0x2000040c                IP_CAP_fsm
 *fill*         0x2000040e        0x2 
 .data.speed_fsm
                0x20000410        0x2 ./Core/Src/state_machine.o
                0x20000410                speed_fsm
 *fill*         0x20000412        0x2 
 .data.SystemCoreClock
                0x20000414        0x4 ./Core/Src/system_stm32g0xx.o
                0x20000414                SystemCoreClock
 .data.uwTickFreq
                0x20000418        0x1 ./Drivers/STM32G0xx_HAL_Driver/Src/stm32g0xx_hal.o
                0x20000418                uwTickFreq
 *fill*         0x20000419        0x3 
 .data.uwTickPrio
                0x2000041c        0x4 ./Drivers/STM32G0xx_HAL_Driver/Src/stm32g0xx_hal.o
                0x2000041c                uwTickPrio
 *(.RamFunc)
 *(.RamFunc*)
                0x20000420                        . = ALIGN (0x4)
                0x20000420                        _edata = .

.igot.plt       0x20000420        0x0 load address 0x08007904
 .igot.plt      0x20000420        0x0 /Applications/STM32CubeIDE.app/Contents/Eclipse/plugins/com.st.stm32cube.ide.mcu.externaltools.gnu-tools-for-stm32.12.3.rel1.macos64_1.1.0.202410301201/tools/bin/../lib/gcc/arm-none-eabi/12.3.1/thumb/v6-m/nofp/crtbegin.o
                0x20000420                        . = ALIGN (0x4)

.bss            0x20000420      0x7e4 load address 0x08007904
                0x20000420                        _sbss = .
                0x20000420                        __bss_start__ = _sbss
 *(.bss)
 .bss           0x20000420       0x1c /Applications/STM32CubeIDE.app/Contents/Eclipse/plugins/com.st.stm32cube.ide.mcu.externaltools.gnu-tools-for-stm32.12.3.rel1.macos64_1.1.0.202410301201/tools/bin/../lib/gcc/arm-none-eabi/12.3.1/thumb/v6-m/nofp/crtbegin.o
 *(.bss*)
 .bss.rx_buffer
                0x2000043c        0x1 ./Core/Src/UART.o
                0x2000043c                rx_buffer
 .bss.extend_rising_edge.0
                0x2000043d        0x1 ./Core/Src/checking_functions.o
 .bss.second_speed_measurement.2
                0x2000043e        0x2 ./Core/Src/checking_functions.o
 .bss.first_speed_measurement.3
                0x20000440        0x2 ./Core/Src/checking_functions.o
 .bss.speed_pot_adc_measurement_num
                0x20000442        0x1 ./Core/Src/checking_functions.o
                0x20000442                speed_pot_adc_measurement_num
 *fill*         0x20000443        0x5 
 .bss.hlptim1   0x20000448       0x5c ./Core/Src/config.o
                0x20000448                hlptim1
 .bss.hdma_usart2_tx
                0x200004a4       0x5c ./Core/Src/config.o
                0x200004a4                hdma_usart2_tx
 .bss.hdma_usart2_rx
                0x20000500       0x5c ./Core/Src/config.o
                0x20000500                hdma_usart2_rx
 .bss.huart2    0x2000055c       0xcc ./Core/Src/config.o
                0x2000055c                huart2
 .bss.htim1     0x20000628       0xbc ./Core/Src/config.o
                0x20000628                htim1
 .bss.htim3     0x200006e4       0xbc ./Core/Src/config.o
                0x200006e4                htim3
 .bss.htim2     0x200007a0       0xbc ./Core/Src/config.o
                0x200007a0                htim2
 .bss.htim16    0x2000085c       0xbc ./Core/Src/config.o
                0x2000085c                htim16
 .bss.htim17    0x20000918       0xbc ./Core/Src/config.o
                0x20000918                htim17
 .bss.htim14    0x200009d4       0xbc ./Core/Src/config.o
                0x200009d4                htim14
 .bss.hdma_adc1
                0x20000a90       0x5c ./Core/Src/config.o
                0x20000a90                hdma_adc1
 .bss.hadc1     0x20000aec       0x88 ./Core/Src/config.o
                0x20000aec                hadc1
 .bss.tap_tempo_switch_states.0
                0x20000b74        0x2 ./Core/Src/custom_callbacks.o
 .bss.MIDI_CLK_tag
                0x20000b76        0x1 ./Core/Src/input_capture.o
                0x20000b76                MIDI_CLK_tag
 *fill*         0x20000b77        0x1 
 .bss.interrupt_period
                0x20000b78        0x2 ./Core/Src/input_capture.o
                0x20000b78                interrupt_period
 *fill*         0x20000b7a        0x2 
 .bss.TIM2_ch1_input_capture_value
                0x20000b7c        0x4 ./Core/Src/input_capture.o
                0x20000b7c                TIM2_ch1_input_capture_value
 .bss.idle_counter
                0x20000b80        0x4 ./Core/Src/main.o
                0x20000b80                idle_counter
 .bss.statuses  0x20000b84        0x4 ./Core/Src/main.o
                0x20000b84                statuses
 .bss.params_working
                0x20000b88       0x22 ./Core/Src/oscillator.o
                0x20000b88                params_working
 *fill*         0x20000baa        0x2 
 .bss.params_to_be_loaded
                0x20000bac       0x22 ./Core/Src/oscillator.o
                0x20000bac                params_to_be_loaded
 *fill*         0x20000bce        0x2 
 .bss.params    0x20000bd0       0x22 ./Core/Src/oscillator.o
                0x20000bd0                params
 *fill*         0x20000bf2        0x2 
 .bss.ADCResultsDMA
                0x20000bf4        0xa ./Core/Src/oscillator.o
                0x20000bf4                ADCResultsDMA
 .bss.MIDI_CLK_FSM_state
                0x20000bfe        0x1 ./Core/Src/state_machine.o
                0x20000bfe                MIDI_CLK_FSM_state
 *fill*         0x20000bff        0x1 
 .bss.uwTick    0x20000c00        0x4 ./Drivers/STM32G0xx_HAL_Driver/Src/stm32g0xx_hal.o
                0x20000c00                uwTick
 *(COMMON)
                0x20000c04                        . = ALIGN (0x4)
                0x20000c04                        _ebss = .
                0x20000c04                        __bss_end__ = _ebss

._user_heap_stack
                0x20000c04      0x604 load address 0x08007904
                0x20000c08                        . = ALIGN (0x8)
 *fill*         0x20000c04        0x4 
                [!provide]                        PROVIDE (end = .)
                0x20000c08                        PROVIDE (_end = .)
                0x20000e08                        . = (. + _Min_Heap_Size)
 *fill*         0x20000c08      0x200 
                0x20001208                        . = (. + _Min_Stack_Size)
 *fill*         0x20000e08      0x400 
                0x20001208                        . = ALIGN (0x8)

/DISCARD/
 libc.a(*)
 libm.a(*)
 libgcc.a(*)

.ARM.attributes
                0x00000000       0x28
 *(.ARM.attributes)
 .ARM.attributes
                0x00000000       0x1e /Applications/STM32CubeIDE.app/Contents/Eclipse/plugins/com.st.stm32cube.ide.mcu.externaltools.gnu-tools-for-stm32.12.3.rel1.macos64_1.1.0.202410301201/tools/bin/../lib/gcc/arm-none-eabi/12.3.1/thumb/v6-m/nofp/crti.o
 .ARM.attributes
                0x0000001e       0x2c /Applications/STM32CubeIDE.app/Contents/Eclipse/plugins/com.st.stm32cube.ide.mcu.externaltools.gnu-tools-for-stm32.12.3.rel1.macos64_1.1.0.202410301201/tools/bin/../lib/gcc/arm-none-eabi/12.3.1/thumb/v6-m/nofp/crtbegin.o
 .ARM.attributes
                0x0000004a       0x28 ./Core/Src/UART.o
 .ARM.attributes
                0x00000072       0x28 ./Core/Src/checking_functions.o
 .ARM.attributes
                0x0000009a       0x28 ./Core/Src/config.o
 .ARM.attributes
                0x000000c2       0x28 ./Core/Src/custom_callbacks.o
 .ARM.attributes
                0x000000ea       0x28 ./Core/Src/input_capture.o
 .ARM.attributes
                0x00000112       0x28 ./Core/Src/main.o
 .ARM.attributes
                0x0000013a       0x28 ./Core/Src/oscillator.o
 .ARM.attributes
                0x00000162       0x28 ./Core/Src/startup.o
 .ARM.attributes
                0x0000018a       0x28 ./Core/Src/state_machine.o
 .ARM.attributes
                0x000001b2       0x28 ./Core/Src/stm32g0xx_hal_msp.o
 .ARM.attributes
                0x000001da       0x28 ./Core/Src/stm32g0xx_it.o
 .ARM.attributes
                0x00000202       0x28 ./Core/Src/symmetry_adjustment.o
 .ARM.attributes
                0x0000022a       0x28 ./Core/Src/system_stm32g0xx.o
 .ARM.attributes
                0x00000252       0x28 ./Core/Src/timers.o
 .ARM.attributes
                0x0000027a       0x28 ./Core/Src/utility.o
 .ARM.attributes
                0x000002a2       0x22 ./Core/Startup/startup_stm32g031k8tx.o
 .ARM.attributes
                0x000002c4       0x28 ./Drivers/STM32G0xx_HAL_Driver/Src/stm32g0xx_hal.o
 .ARM.attributes
                0x000002ec       0x28 ./Drivers/STM32G0xx_HAL_Driver/Src/stm32g0xx_hal_adc.o
 .ARM.attributes
                0x00000314       0x28 ./Drivers/STM32G0xx_HAL_Driver/Src/stm32g0xx_hal_adc_ex.o
 .ARM.attributes
                0x0000033c       0x28 ./Drivers/STM32G0xx_HAL_Driver/Src/stm32g0xx_hal_cortex.o
 .ARM.attributes
                0x00000364       0x28 ./Drivers/STM32G0xx_HAL_Driver/Src/stm32g0xx_hal_dma.o
 .ARM.attributes
                0x0000038c       0x28 ./Drivers/STM32G0xx_HAL_Driver/Src/stm32g0xx_hal_gpio.o
 .ARM.attributes
                0x000003b4       0x28 ./Drivers/STM32G0xx_HAL_Driver/Src/stm32g0xx_hal_lptim.o
 .ARM.attributes
                0x000003dc       0x28 ./Drivers/STM32G0xx_HAL_Driver/Src/stm32g0xx_hal_pwr_ex.o
 .ARM.attributes
                0x00000404       0x28 ./Drivers/STM32G0xx_HAL_Driver/Src/stm32g0xx_hal_rcc.o
 .ARM.attributes
                0x0000042c       0x28 ./Drivers/STM32G0xx_HAL_Driver/Src/stm32g0xx_hal_rcc_ex.o
 .ARM.attributes
                0x00000454       0x28 ./Drivers/STM32G0xx_HAL_Driver/Src/stm32g0xx_hal_tim.o
 .ARM.attributes
                0x0000047c       0x28 ./Drivers/STM32G0xx_HAL_Driver/Src/stm32g0xx_hal_tim_ex.o
 .ARM.attributes
                0x000004a4       0x28 ./Drivers/STM32G0xx_HAL_Driver/Src/stm32g0xx_hal_uart.o
 .ARM.attributes
                0x000004cc       0x28 ./Drivers/STM32G0xx_HAL_Driver/Src/stm32g0xx_hal_uart_ex.o
 .ARM.attributes
                0x000004f4       0x2c /Applications/STM32CubeIDE.app/Contents/Eclipse/plugins/com.st.stm32cube.ide.mcu.externaltools.gnu-tools-for-stm32.12.3.rel1.macos64_1.1.0.202410301201/tools/bin/../lib/gcc/arm-none-eabi/12.3.1/../../../../arm-none-eabi/lib/thumb/v6-m/nofp/libc_nano.a(libc_a-memset.o)
 .ARM.attributes
                0x00000520       0x2c /Applications/STM32CubeIDE.app/Contents/Eclipse/plugins/com.st.stm32cube.ide.mcu.externaltools.gnu-tools-for-stm32.12.3.rel1.macos64_1.1.0.202410301201/tools/bin/../lib/gcc/arm-none-eabi/12.3.1/../../../../arm-none-eabi/lib/thumb/v6-m/nofp/libc_nano.a(libc_a-init.o)
 .ARM.attributes
                0x0000054c       0x2c /Applications/STM32CubeIDE.app/Contents/Eclipse/plugins/com.st.stm32cube.ide.mcu.externaltools.gnu-tools-for-stm32.12.3.rel1.macos64_1.1.0.202410301201/tools/bin/../lib/gcc/arm-none-eabi/12.3.1/../../../../arm-none-eabi/lib/thumb/v6-m/nofp/libc_nano.a(libc_a-memcpy-stub.o)
 .ARM.attributes
                0x00000578       0x1e /Applications/STM32CubeIDE.app/Contents/Eclipse/plugins/com.st.stm32cube.ide.mcu.externaltools.gnu-tools-for-stm32.12.3.rel1.macos64_1.1.0.202410301201/tools/bin/../lib/gcc/arm-none-eabi/12.3.1/thumb/v6-m/nofp/libgcc.a(_udivsi3.o)
 .ARM.attributes
                0x00000596       0x1e /Applications/STM32CubeIDE.app/Contents/Eclipse/plugins/com.st.stm32cube.ide.mcu.externaltools.gnu-tools-for-stm32.12.3.rel1.macos64_1.1.0.202410301201/tools/bin/../lib/gcc/arm-none-eabi/12.3.1/thumb/v6-m/nofp/libgcc.a(_dvmd_tls.o)
 .ARM.attributes
                0x000005b4       0x1e /Applications/STM32CubeIDE.app/Contents/Eclipse/plugins/com.st.stm32cube.ide.mcu.externaltools.gnu-tools-for-stm32.12.3.rel1.macos64_1.1.0.202410301201/tools/bin/../lib/gcc/arm-none-eabi/12.3.1/thumb/v6-m/nofp/libgcc.a(_aeabi_uldivmod.o)
 .ARM.attributes
                0x000005d2       0x2c /Applications/STM32CubeIDE.app/Contents/Eclipse/plugins/com.st.stm32cube.ide.mcu.externaltools.gnu-tools-for-stm32.12.3.rel1.macos64_1.1.0.202410301201/tools/bin/../lib/gcc/arm-none-eabi/12.3.1/thumb/v6-m/nofp/libgcc.a(_udivmoddi4.o)
 .ARM.attributes
                0x000005fe       0x1e /Applications/STM32CubeIDE.app/Contents/Eclipse/plugins/com.st.stm32cube.ide.mcu.externaltools.gnu-tools-for-stm32.12.3.rel1.macos64_1.1.0.202410301201/tools/bin/../lib/gcc/arm-none-eabi/12.3.1/thumb/v6-m/nofp/libgcc.a(_clzdi2.o)
 .ARM.attributes
                0x0000061c       0x1e /Applications/STM32CubeIDE.app/Contents/Eclipse/plugins/com.st.stm32cube.ide.mcu.externaltools.gnu-tools-for-stm32.12.3.rel1.macos64_1.1.0.202410301201/tools/bin/../lib/gcc/arm-none-eabi/12.3.1/thumb/v6-m/nofp/libgcc.a(_clzsi2.o)
 .ARM.attributes
                0x0000063a       0x1e /Applications/STM32CubeIDE.app/Contents/Eclipse/plugins/com.st.stm32cube.ide.mcu.externaltools.gnu-tools-for-stm32.12.3.rel1.macos64_1.1.0.202410301201/tools/bin/../lib/gcc/arm-none-eabi/12.3.1/thumb/v6-m/nofp/crtn.o
OUTPUT(g031k8.elf elf32-littlearm)
LOAD linker stubs
LOAD /Applications/STM32CubeIDE.app/Contents/Eclipse/plugins/com.st.stm32cube.ide.mcu.externaltools.gnu-tools-for-stm32.12.3.rel1.macos64_1.1.0.202410301201/tools/bin/../lib/gcc/arm-none-eabi/12.3.1/../../../../arm-none-eabi/lib/thumb/v6-m/nofp/libc.a
LOAD /Applications/STM32CubeIDE.app/Contents/Eclipse/plugins/com.st.stm32cube.ide.mcu.externaltools.gnu-tools-for-stm32.12.3.rel1.macos64_1.1.0.202410301201/tools/bin/../lib/gcc/arm-none-eabi/12.3.1/../../../../arm-none-eabi/lib/thumb/v6-m/nofp/libm.a
LOAD /Applications/STM32CubeIDE.app/Contents/Eclipse/plugins/com.st.stm32cube.ide.mcu.externaltools.gnu-tools-for-stm32.12.3.rel1.macos64_1.1.0.202410301201/tools/bin/../lib/gcc/arm-none-eabi/12.3.1/thumb/v6-m/nofp/libgcc.a

.debug_info     0x00000000    0x28b6b
 .debug_info    0x00000000      0x92c ./Core/Src/UART.o
 .debug_info    0x0000092c      0x558 ./Core/Src/checking_functions.o
 .debug_info    0x00000e84     0x382f ./Core/Src/config.o
 .debug_info    0x000046b3     0x2346 ./Core/Src/custom_callbacks.o
 .debug_info    0x000069f9      0xf0d ./Core/Src/input_capture.o
 .debug_info    0x00007906      0x492 ./Core/Src/main.o
 .debug_info    0x00007d98      0xf36 ./Core/Src/oscillator.o
 .debug_info    0x00008cce     0x16bc ./Core/Src/startup.o
 .debug_info    0x0000a38a      0x291 ./Core/Src/state_machine.o
 .debug_info    0x0000a61b     0x2113 ./Core/Src/stm32g0xx_hal_msp.o
 .debug_info    0x0000c72e     0x12d1 ./Core/Src/stm32g0xx_it.o
 .debug_info    0x0000d9ff      0x544 ./Core/Src/symmetry_adjustment.o
 .debug_info    0x0000df43      0x34e ./Core/Src/system_stm32g0xx.o
 .debug_info    0x0000e291      0xa48 ./Core/Src/timers.o
 .debug_info    0x0000ecd9      0x2d8 ./Core/Src/utility.o
 .debug_info    0x0000efb1       0x30 ./Core/Startup/startup_stm32g031k8tx.o
 .debug_info    0x0000efe1      0xb3c ./Drivers/STM32G0xx_HAL_Driver/Src/stm32g0xx_hal.o
 .debug_info    0x0000fb1d     0x23a8 ./Drivers/STM32G0xx_HAL_Driver/Src/stm32g0xx_hal_adc.o
 .debug_info    0x00011ec5      0xd8e ./Drivers/STM32G0xx_HAL_Driver/Src/stm32g0xx_hal_adc_ex.o
 .debug_info    0x00012c53      0xa40 ./Drivers/STM32G0xx_HAL_Driver/Src/stm32g0xx_hal_cortex.o
 .debug_info    0x00013693      0xab0 ./Drivers/STM32G0xx_HAL_Driver/Src/stm32g0xx_hal_dma.o
 .debug_info    0x00014143      0x5ef ./Drivers/STM32G0xx_HAL_Driver/Src/stm32g0xx_hal_gpio.o
 .debug_info    0x00014732     0x1c86 ./Drivers/STM32G0xx_HAL_Driver/Src/stm32g0xx_hal_lptim.o
 .debug_info    0x000163b8      0x7ef ./Drivers/STM32G0xx_HAL_Driver/Src/stm32g0xx_hal_pwr_ex.o
 .debug_info    0x00016ba7      0xdc8 ./Drivers/STM32G0xx_HAL_Driver/Src/stm32g0xx_hal_rcc.o
 .debug_info    0x0001796f      0x854 ./Drivers/STM32G0xx_HAL_Driver/Src/stm32g0xx_hal_rcc_ex.o
 .debug_info    0x000181c3     0x5491 ./Drivers/STM32G0xx_HAL_Driver/Src/stm32g0xx_hal_tim.o
 .debug_info    0x0001d654     0x2151 ./Drivers/STM32G0xx_HAL_Driver/Src/stm32g0xx_hal_tim_ex.o
 .debug_info    0x0001f7a5     0x7f18 ./Drivers/STM32G0xx_HAL_Driver/Src/stm32g0xx_hal_uart.o
 .debug_info    0x000276bd     0x14ae ./Drivers/STM32G0xx_HAL_Driver/Src/stm32g0xx_hal_uart_ex.o

.debug_abbrev   0x00000000     0x4f45
 .debug_abbrev  0x00000000      0x1b9 ./Core/Src/UART.o
 .debug_abbrev  0x000001b9      0x1f3 ./Core/Src/checking_functions.o
 .debug_abbrev  0x000003ac      0x36b ./Core/Src/config.o
 .debug_abbrev  0x00000717      0x39b ./Core/Src/custom_callbacks.o
 .debug_abbrev  0x00000ab2      0x36d ./Core/Src/input_capture.o
 .debug_abbrev  0x00000e1f      0x196 ./Core/Src/main.o
 .debug_abbrev  0x00000fb5      0x2ca ./Core/Src/oscillator.o
 .debug_abbrev  0x0000127f      0x297 ./Core/Src/startup.o
 .debug_abbrev  0x00001516       0xfa ./Core/Src/state_machine.o
 .debug_abbrev  0x00001610      0x2ae ./Core/Src/stm32g0xx_hal_msp.o
 .debug_abbrev  0x000018be      0x23d ./Core/Src/stm32g0xx_it.o
 .debug_abbrev  0x00001afb      0x1b4 ./Core/Src/symmetry_adjustment.o
 .debug_abbrev  0x00001caf      0x148 ./Core/Src/system_stm32g0xx.o
 .debug_abbrev  0x00001df7      0x21c ./Core/Src/timers.o
 .debug_abbrev  0x00002013      0x186 ./Core/Src/utility.o
 .debug_abbrev  0x00002199       0x24 ./Core/Startup/startup_stm32g031k8tx.o
 .debug_abbrev  0x000021bd      0x341 ./Drivers/STM32G0xx_HAL_Driver/Src/stm32g0xx_hal.o
 .debug_abbrev  0x000024fe      0x370 ./Drivers/STM32G0xx_HAL_Driver/Src/stm32g0xx_hal_adc.o
 .debug_abbrev  0x0000286e      0x30f ./Drivers/STM32G0xx_HAL_Driver/Src/stm32g0xx_hal_adc_ex.o
 .debug_abbrev  0x00002b7d      0x2dc ./Drivers/STM32G0xx_HAL_Driver/Src/stm32g0xx_hal_cortex.o
 .debug_abbrev  0x00002e59      0x28a ./Drivers/STM32G0xx_HAL_Driver/Src/stm32g0xx_hal_dma.o
 .debug_abbrev  0x000030e3      0x26c ./Drivers/STM32G0xx_HAL_Driver/Src/stm32g0xx_hal_gpio.o
 .debug_abbrev  0x0000334f      0x37c ./Drivers/STM32G0xx_HAL_Driver/Src/stm32g0xx_hal_lptim.o
 .debug_abbrev  0x000036cb      0x28a ./Drivers/STM32G0xx_HAL_Driver/Src/stm32g0xx_hal_pwr_ex.o
 .debug_abbrev  0x00003955      0x36b ./Drivers/STM32G0xx_HAL_Driver/Src/stm32g0xx_hal_rcc.o
 .debug_abbrev  0x00003cc0      0x296 ./Drivers/STM32G0xx_HAL_Driver/Src/stm32g0xx_hal_rcc_ex.o
 .debug_abbrev  0x00003f56      0x3e7 ./Drivers/STM32G0xx_HAL_Driver/Src/stm32g0xx_hal_tim.o
 .debug_abbrev  0x0000433d      0x3f8 ./Drivers/STM32G0xx_HAL_Driver/Src/stm32g0xx_hal_tim_ex.o
 .debug_abbrev  0x00004735      0x4a2 ./Drivers/STM32G0xx_HAL_Driver/Src/stm32g0xx_hal_uart.o
 .debug_abbrev  0x00004bd7      0x36e ./Drivers/STM32G0xx_HAL_Driver/Src/stm32g0xx_hal_uart_ex.o

.debug_aranges  0x00000000     0x1388
 .debug_aranges
                0x00000000       0x20 ./Core/Src/UART.o
 .debug_aranges
                0x00000020       0x28 ./Core/Src/checking_functions.o
 .debug_aranges
                0x00000048       0x90 ./Core/Src/config.o
 .debug_aranges
                0x000000d8       0x78 ./Core/Src/custom_callbacks.o
 .debug_aranges
                0x00000150       0x48 ./Core/Src/input_capture.o
 .debug_aranges
                0x00000198       0x20 ./Core/Src/main.o
 .debug_aranges
                0x000001b8       0x50 ./Core/Src/oscillator.o
 .debug_aranges
                0x00000208       0x20 ./Core/Src/startup.o
 .debug_aranges
                0x00000228       0x20 ./Core/Src/state_machine.o
 .debug_aranges
                0x00000248       0x68 ./Core/Src/stm32g0xx_hal_msp.o
 .debug_aranges
                0x000002b0       0x90 ./Core/Src/stm32g0xx_it.o
 .debug_aranges
                0x00000340       0x28 ./Core/Src/symmetry_adjustment.o
 .debug_aranges
                0x00000368       0x28 ./Core/Src/system_stm32g0xx.o
 .debug_aranges
                0x00000390       0x28 ./Core/Src/timers.o
 .debug_aranges
                0x000003b8       0x50 ./Core/Src/utility.o
 .debug_aranges
                0x00000408       0x28 ./Core/Startup/startup_stm32g031k8tx.o
 .debug_aranges
                0x00000430      0x128 ./Drivers/STM32G0xx_HAL_Driver/Src/stm32g0xx_hal.o
 .debug_aranges
                0x00000558      0x108 ./Drivers/STM32G0xx_HAL_Driver/Src/stm32g0xx_hal_adc.o
 .debug_aranges
                0x00000660       0x58 ./Drivers/STM32G0xx_HAL_Driver/Src/stm32g0xx_hal_adc_ex.o
 .debug_aranges
                0x000006b8       0xa0 ./Drivers/STM32G0xx_HAL_Driver/Src/stm32g0xx_hal_cortex.o
 .debug_aranges
                0x00000758       0x78 ./Drivers/STM32G0xx_HAL_Driver/Src/stm32g0xx_hal_dma.o
 .debug_aranges
                0x000007d0       0x60 ./Drivers/STM32G0xx_HAL_Driver/Src/stm32g0xx_hal_gpio.o
 .debug_aranges
                0x00000830      0x170 ./Drivers/STM32G0xx_HAL_Driver/Src/stm32g0xx_hal_lptim.o
 .debug_aranges
                0x000009a0       0xf0 ./Drivers/STM32G0xx_HAL_Driver/Src/stm32g0xx_hal_pwr_ex.o
 .debug_aranges
                0x00000a90       0x98 ./Drivers/STM32G0xx_HAL_Driver/Src/stm32g0xx_hal_rcc.o
 .debug_aranges
                0x00000b28       0x40 ./Drivers/STM32G0xx_HAL_Driver/Src/stm32g0xx_hal_rcc_ex.o
 .debug_aranges
                0x00000b68      0x398 ./Drivers/STM32G0xx_HAL_Driver/Src/stm32g0xx_hal_tim.o
 .debug_aranges
                0x00000f00      0x190 ./Drivers/STM32G0xx_HAL_Driver/Src/stm32g0xx_hal_tim_ex.o
 .debug_aranges
                0x00001090      0x260 ./Drivers/STM32G0xx_HAL_Driver/Src/stm32g0xx_hal_uart.o
 .debug_aranges
                0x000012f0       0x98 ./Drivers/STM32G0xx_HAL_Driver/Src/stm32g0xx_hal_uart_ex.o

.debug_rnglists
                0x00000000     0x1bab
 .debug_rnglists
                0x00000000       0x13 ./Core/Src/UART.o
 .debug_rnglists
                0x00000013       0x19 ./Core/Src/checking_functions.o
 .debug_rnglists
                0x0000002c       0xe2 ./Core/Src/config.o
 .debug_rnglists
                0x0000010e       0x67 ./Core/Src/custom_callbacks.o
 .debug_rnglists
                0x00000175       0x40 ./Core/Src/input_capture.o
 .debug_rnglists
                0x000001b5       0x14 ./Core/Src/main.o
 .debug_rnglists
                0x000001c9       0x39 ./Core/Src/oscillator.o
 .debug_rnglists
                0x00000202       0x14 ./Core/Src/startup.o
 .debug_rnglists
                0x00000216       0x13 ./Core/Src/state_machine.o
 .debug_rnglists
                0x00000229      0x165 ./Core/Src/stm32g0xx_hal_msp.o
 .debug_rnglists
                0x0000038e       0x67 ./Core/Src/stm32g0xx_it.o
 .debug_rnglists
                0x000003f5       0x27 ./Core/Src/symmetry_adjustment.o
 .debug_rnglists
                0x0000041c       0x1a ./Core/Src/system_stm32g0xx.o
 .debug_rnglists
                0x00000436       0x19 ./Core/Src/timers.o
 .debug_rnglists
                0x0000044f       0x46 ./Core/Src/utility.o
 .debug_rnglists
                0x00000495       0x19 ./Core/Startup/startup_stm32g031k8tx.o
 .debug_rnglists
                0x000004ae       0xd9 ./Drivers/STM32G0xx_HAL_Driver/Src/stm32g0xx_hal.o
 .debug_rnglists
                0x00000587      0x26b ./Drivers/STM32G0xx_HAL_Driver/Src/stm32g0xx_hal_adc.o
 .debug_rnglists
                0x000007f2       0xb9 ./Drivers/STM32G0xx_HAL_Driver/Src/stm32g0xx_hal_adc_ex.o
 .debug_rnglists
                0x000008ab       0x9d ./Drivers/STM32G0xx_HAL_Driver/Src/stm32g0xx_hal_cortex.o
 .debug_rnglists
                0x00000948       0x9e ./Drivers/STM32G0xx_HAL_Driver/Src/stm32g0xx_hal_dma.o
 .debug_rnglists
                0x000009e6       0x45 ./Drivers/STM32G0xx_HAL_Driver/Src/stm32g0xx_hal_gpio.o
 .debug_rnglists
                0x00000a2b      0x256 ./Drivers/STM32G0xx_HAL_Driver/Src/stm32g0xx_hal_lptim.o
 .debug_rnglists
                0x00000c81       0xb0 ./Drivers/STM32G0xx_HAL_Driver/Src/stm32g0xx_hal_pwr_ex.o
 .debug_rnglists
                0x00000d31       0xb4 ./Drivers/STM32G0xx_HAL_Driver/Src/stm32g0xx_hal_rcc.o
 .debug_rnglists
                0x00000de5       0x71 ./Drivers/STM32G0xx_HAL_Driver/Src/stm32g0xx_hal_rcc_ex.o
 .debug_rnglists
                0x00000e56      0x72a ./Drivers/STM32G0xx_HAL_Driver/Src/stm32g0xx_hal_tim.o
 .debug_rnglists
                0x00001580      0x192 ./Drivers/STM32G0xx_HAL_Driver/Src/stm32g0xx_hal_tim_ex.o
 .debug_rnglists
                0x00001712      0x3f0 ./Drivers/STM32G0xx_HAL_Driver/Src/stm32g0xx_hal_uart.o
 .debug_rnglists
                0x00001b02       0xa9 ./Drivers/STM32G0xx_HAL_Driver/Src/stm32g0xx_hal_uart_ex.o

.debug_macro    0x00000000    0x19dc6
 .debug_macro   0x00000000      0x2d3 ./Core/Src/UART.o
 .debug_macro   0x000002d3      0xaae ./Core/Src/UART.o
 .debug_macro   0x00000d81       0x22 ./Core/Src/UART.o
 .debug_macro   0x00000da3       0x8e ./Core/Src/UART.o
 .debug_macro   0x00000e31       0x51 ./Core/Src/UART.o
 .debug_macro   0x00000e82      0x103 ./Core/Src/UART.o
 .debug_macro   0x00000f85       0x6a ./Core/Src/UART.o
 .debug_macro   0x00000fef      0x1df ./Core/Src/UART.o
 .debug_macro   0x000011ce      0x12f ./Core/Src/UART.o
 .debug_macro   0x000012fd       0x2e ./Core/Src/UART.o
 .debug_macro   0x0000132b       0x28 ./Core/Src/UART.o
 .debug_macro   0x00001353       0x1c ./Core/Src/UART.o
 .debug_macro   0x0000136f       0x22 ./Core/Src/UART.o
 .debug_macro   0x00001391       0xd1 ./Core/Src/UART.o
 .debug_macro   0x00001462      0x4da ./Core/Src/UART.o
 .debug_macro   0x0000193c      0x11f ./Core/Src/UART.o
 .debug_macro   0x00001a5b     0xac2c ./Core/Src/UART.o
 .debug_macro   0x0000c687       0x66 ./Core/Src/UART.o
 .debug_macro   0x0000c6ed     0x350e ./Core/Src/UART.o
 .debug_macro   0x0000fbfb      0x189 ./Core/Src/UART.o
 .debug_macro   0x0000fd84       0x5c ./Core/Src/UART.o
 .debug_macro   0x0000fde0      0x518 ./Core/Src/UART.o
 .debug_macro   0x000102f8      0xf70 ./Core/Src/UART.o
 .debug_macro   0x00011268      0x1d8 ./Core/Src/UART.o
 .debug_macro   0x00011440      0x1cf ./Core/Src/UART.o
 .debug_macro   0x0001160f      0x122 ./Core/Src/UART.o
 .debug_macro   0x00011731      0x390 ./Core/Src/UART.o
 .debug_macro   0x00011ac1      0x202 ./Core/Src/UART.o
 .debug_macro   0x00011cc3      0x2ff ./Core/Src/UART.o
 .debug_macro   0x00011fc2      0x1b2 ./Core/Src/UART.o
 .debug_macro   0x00012174       0x43 ./Core/Src/UART.o
 .debug_macro   0x000121b7      0x1f1 ./Core/Src/UART.o
 .debug_macro   0x000123a8      0x8a8 ./Core/Src/UART.o
 .debug_macro   0x00012c50      0x5bb ./Core/Src/UART.o
 .debug_macro   0x0001320b       0x2e ./Core/Src/UART.o
 .debug_macro   0x00013239      0x1d6 ./Core/Src/UART.o
 .debug_macro   0x0001340f      0x38a ./Core/Src/UART.o
 .debug_macro   0x00013799       0x28 ./Core/Src/UART.o
 .debug_macro   0x000137c1       0xe4 ./Core/Src/UART.o
 .debug_macro   0x000138a5       0x85 ./Core/Src/UART.o
 .debug_macro   0x0001392a      0x2bd ./Core/Src/UART.o
 .debug_macro   0x00013be7      0x10c ./Core/Src/UART.o
 .debug_macro   0x00013cf3      0x240 ./Core/Src/UART.o
 .debug_macro   0x00013f33      0xac2 ./Core/Src/UART.o
 .debug_macro   0x000149f5      0x135 ./Core/Src/UART.o
 .debug_macro   0x00014b2a      0x69a ./Core/Src/UART.o
 .debug_macro   0x000151c4       0xa6 ./Core/Src/UART.o
 .debug_macro   0x0001526a      0x49d ./Core/Src/UART.o
 .debug_macro   0x00015707       0xe8 ./Core/Src/UART.o
 .debug_macro   0x000157ef       0x16 ./Core/Src/UART.o
 .debug_macro   0x00015805       0x1c ./Core/Src/UART.o
 .debug_macro   0x00015821       0xee ./Core/Src/UART.o
 .debug_macro   0x0001590f       0x4c ./Core/Src/UART.o
 .debug_macro   0x0001595b       0x28 ./Core/Src/UART.o
 .debug_macro   0x00015983       0x16 ./Core/Src/UART.o
 .debug_macro   0x00015999       0x10 ./Core/Src/UART.o
 .debug_macro   0x000159a9      0x2d3 ./Core/Src/checking_functions.o
 .debug_macro   0x00015c7c      0x2f8 ./Core/Src/config.o
 .debug_macro   0x00015f74       0x10 ./Core/Src/config.o
 .debug_macro   0x00015f84      0x2f4 ./Core/Src/custom_callbacks.o
 .debug_macro   0x00016278      0x2cb ./Core/Src/input_capture.o
 .debug_macro   0x00016543      0x2cf ./Core/Src/main.o
 .debug_macro   0x00016812      0x2cf ./Core/Src/oscillator.o
 .debug_macro   0x00016ae1      0x2d8 ./Core/Src/startup.o
 .debug_macro   0x00016db9      0x1f4 ./Core/Src/startup.o
 .debug_macro   0x00016fad       0x6d ./Core/Src/state_machine.o
 .debug_macro   0x0001701a      0x22a ./Core/Src/stm32g0xx_hal_msp.o
 .debug_macro   0x00017244      0x2dd ./Core/Src/stm32g0xx_it.o
 .debug_macro   0x00017521      0x2d3 ./Core/Src/symmetry_adjustment.o
 .debug_macro   0x000177f4      0x21b ./Core/Src/system_stm32g0xx.o
 .debug_macro   0x00017a0f      0x234 ./Core/Src/timers.o
 .debug_macro   0x00017c43      0x2cf ./Core/Src/utility.o
 .debug_macro   0x00017f12      0x23f ./Drivers/STM32G0xx_HAL_Driver/Src/stm32g0xx_hal.o
 .debug_macro   0x00018151      0x23f ./Drivers/STM32G0xx_HAL_Driver/Src/stm32g0xx_hal_adc.o
 .debug_macro   0x00018390      0x227 ./Drivers/STM32G0xx_HAL_Driver/Src/stm32g0xx_hal_adc_ex.o
 .debug_macro   0x000185b7      0x21b ./Drivers/STM32G0xx_HAL_Driver/Src/stm32g0xx_hal_cortex.o
 .debug_macro   0x000187d2      0x21b ./Drivers/STM32G0xx_HAL_Driver/Src/stm32g0xx_hal_dma.o
 .debug_macro   0x000189ed      0x222 ./Drivers/STM32G0xx_HAL_Driver/Src/stm32g0xx_hal_gpio.o
 .debug_macro   0x00018c0f      0x231 ./Drivers/STM32G0xx_HAL_Driver/Src/stm32g0xx_hal_lptim.o
 .debug_macro   0x00018e40      0x245 ./Drivers/STM32G0xx_HAL_Driver/Src/stm32g0xx_hal_pwr_ex.o
 .debug_macro   0x00019085      0x25d ./Drivers/STM32G0xx_HAL_Driver/Src/stm32g0xx_hal_rcc.o
 .debug_macro   0x000192e2      0x233 ./Drivers/STM32G0xx_HAL_Driver/Src/stm32g0xx_hal_rcc_ex.o
 .debug_macro   0x00019515      0x223 ./Drivers/STM32G0xx_HAL_Driver/Src/stm32g0xx_hal_tim.o
 .debug_macro   0x00019738      0x221 ./Drivers/STM32G0xx_HAL_Driver/Src/stm32g0xx_hal_tim_ex.o
 .debug_macro   0x00019959      0x246 ./Drivers/STM32G0xx_HAL_Driver/Src/stm32g0xx_hal_uart.o
 .debug_macro   0x00019b9f      0x227 ./Drivers/STM32G0xx_HAL_Driver/Src/stm32g0xx_hal_uart_ex.o

.debug_line     0x00000000    0x29096
 .debug_line    0x00000000      0x8a6 ./Core/Src/UART.o
 .debug_line    0x000008a6      0x9ef ./Core/Src/checking_functions.o
 .debug_line    0x00001295     0x1c41 ./Core/Src/config.o
 .debug_line    0x00002ed6      0xfa1 ./Core/Src/custom_callbacks.o
 .debug_line    0x00003e77      0xa69 ./Core/Src/input_capture.o
 .debug_line    0x000048e0      0x92c ./Core/Src/main.o
 .debug_line    0x0000520c      0xd51 ./Core/Src/oscillator.o
 .debug_line    0x00005f5d      0x965 ./Core/Src/startup.o
 .debug_line    0x000068c2      0x46e ./Core/Src/state_machine.o
 .debug_line    0x00006d30      0xe60 ./Core/Src/stm32g0xx_hal_msp.o
 .debug_line    0x00007b90      0xa72 ./Core/Src/stm32g0xx_it.o
 .debug_line    0x00008602      0xd37 ./Core/Src/symmetry_adjustment.o
 .debug_line    0x00009339      0x8dc ./Core/Src/system_stm32g0xx.o
 .debug_line    0x00009c15      0x84e ./Core/Src/timers.o
 .debug_line    0x0000a463      0x9d1 ./Core/Src/utility.o
 .debug_line    0x0000ae34       0x7b ./Core/Startup/startup_stm32g031k8tx.o
 .debug_line    0x0000aeaf      0xd4c ./Drivers/STM32G0xx_HAL_Driver/Src/stm32g0xx_hal.o
 .debug_line    0x0000bbfb     0x24ac ./Drivers/STM32G0xx_HAL_Driver/Src/stm32g0xx_hal_adc.o
 .debug_line    0x0000e0a7      0xd15 ./Drivers/STM32G0xx_HAL_Driver/Src/stm32g0xx_hal_adc_ex.o
 .debug_line    0x0000edbc      0xd13 ./Drivers/STM32G0xx_HAL_Driver/Src/stm32g0xx_hal_cortex.o
 .debug_line    0x0000facf     0x1359 ./Drivers/STM32G0xx_HAL_Driver/Src/stm32g0xx_hal_dma.o
 .debug_line    0x00010e28      0xdc3 ./Drivers/STM32G0xx_HAL_Driver/Src/stm32g0xx_hal_gpio.o
 .debug_line    0x00011beb     0x2194 ./Drivers/STM32G0xx_HAL_Driver/Src/stm32g0xx_hal_lptim.o
 .debug_line    0x00013d7f      0xd0c ./Drivers/STM32G0xx_HAL_Driver/Src/stm32g0xx_hal_pwr_ex.o
 .debug_line    0x00014a8b     0x15b1 ./Drivers/STM32G0xx_HAL_Driver/Src/stm32g0xx_hal_rcc.o
 .debug_line    0x0001603c      0xf40 ./Drivers/STM32G0xx_HAL_Driver/Src/stm32g0xx_hal_rcc_ex.o
 .debug_line    0x00016f7c     0x76a3 ./Drivers/STM32G0xx_HAL_Driver/Src/stm32g0xx_hal_tim.o
 .debug_line    0x0001e61f     0x23a9 ./Drivers/STM32G0xx_HAL_Driver/Src/stm32g0xx_hal_tim_ex.o
 .debug_line    0x000209c8     0x70f7 ./Drivers/STM32G0xx_HAL_Driver/Src/stm32g0xx_hal_uart.o
 .debug_line    0x00027abf     0x15d7 ./Drivers/STM32G0xx_HAL_Driver/Src/stm32g0xx_hal_uart_ex.o

.debug_str      0x00000000    0x9fd1e
 .debug_str     0x00000000    0x97d40 ./Core/Src/UART.o
                              0x98618 (size before relaxing)
 .debug_str     0x00097d40      0x454 ./Core/Src/checking_functions.o
                              0x98426 (size before relaxing)
 .debug_str     0x00098194     0x1a0f ./Core/Src/config.o
                              0x9a3d8 (size before relaxing)
 .debug_str     0x00099ba3      0x59e ./Core/Src/custom_callbacks.o
                              0x99c1d (size before relaxing)
 .debug_str     0x0009a141      0x112 ./Core/Src/input_capture.o
                              0x98c5a (size before relaxing)
 .debug_str     0x0009a253       0x2d ./Core/Src/main.o
                              0x98275 (size before relaxing)
 .debug_str     0x0009a280      0x165 ./Core/Src/oscillator.o
                              0x98c83 (size before relaxing)
 .debug_str     0x0009a3e5      0xd8f ./Core/Src/startup.o
                              0x9a13d (size before relaxing)
 .debug_str     0x0009b174       0x85 ./Core/Src/state_machine.o
                               0x3eee (size before relaxing)
 .debug_str     0x0009b1f9      0x202 ./Core/Src/stm32g0xx_hal_msp.o
                              0x98ce5 (size before relaxing)
 .debug_str     0x0009b3fb      0x1a9 ./Core/Src/stm32g0xx_it.o
                              0x98f9d (size before relaxing)
 .debug_str     0x0009b5a4      0x23d ./Core/Src/symmetry_adjustment.o
                              0x982db (size before relaxing)
 .debug_str     0x0009b7e1       0x8e ./Core/Src/system_stm32g0xx.o
                              0x973ab (size before relaxing)
 .debug_str     0x0009b86f       0x4b ./Core/Src/timers.o
                              0x97f39 (size before relaxing)
 .debug_str     0x0009b8ba       0x55 ./Core/Src/utility.o
                              0x980ee (size before relaxing)
 .debug_str     0x0009b90f       0x44 ./Core/Startup/startup_stm32g031k8tx.o
                                 0x73 (size before relaxing)
 .debug_str     0x0009b953      0x571 ./Drivers/STM32G0xx_HAL_Driver/Src/stm32g0xx_hal.o
                              0x97b81 (size before relaxing)
 .debug_str     0x0009bec4      0x8d3 ./Drivers/STM32G0xx_HAL_Driver/Src/stm32g0xx_hal_adc.o
                              0x983be (size before relaxing)
 .debug_str     0x0009c797      0x1e2 ./Drivers/STM32G0xx_HAL_Driver/Src/stm32g0xx_hal_adc_ex.o
                              0x97c01 (size before relaxing)
 .debug_str     0x0009c979      0x28b ./Drivers/STM32G0xx_HAL_Driver/Src/stm32g0xx_hal_cortex.o
                              0x97827 (size before relaxing)
 .debug_str     0x0009cc04      0x261 ./Drivers/STM32G0xx_HAL_Driver/Src/stm32g0xx_hal_dma.o
                              0x97845 (size before relaxing)
 .debug_str     0x0009ce65       0xcd ./Drivers/STM32G0xx_HAL_Driver/Src/stm32g0xx_hal_gpio.o
                              0x974d2 (size before relaxing)
 .debug_str     0x0009cf32      0x5a2 ./Drivers/STM32G0xx_HAL_Driver/Src/stm32g0xx_hal_lptim.o
                              0x97e36 (size before relaxing)
 .debug_str     0x0009d4d4      0x37b ./Drivers/STM32G0xx_HAL_Driver/Src/stm32g0xx_hal_pwr_ex.o
                              0x97824 (size before relaxing)
 .debug_str     0x0009d84f      0x4ae ./Drivers/STM32G0xx_HAL_Driver/Src/stm32g0xx_hal_rcc.o
                              0x97b01 (size before relaxing)
 .debug_str     0x0009dcfd      0x185 ./Drivers/STM32G0xx_HAL_Driver/Src/stm32g0xx_hal_rcc_ex.o
                              0x9773a (size before relaxing)
 .debug_str     0x0009de82      0xd1f ./Drivers/STM32G0xx_HAL_Driver/Src/stm32g0xx_hal_tim.o
                              0x98f76 (size before relaxing)
 .debug_str     0x0009eba1      0x4a0 ./Drivers/STM32G0xx_HAL_Driver/Src/stm32g0xx_hal_tim_ex.o
                              0x984d8 (size before relaxing)
 .debug_str     0x0009f041      0xa15 ./Drivers/STM32G0xx_HAL_Driver/Src/stm32g0xx_hal_uart.o
                              0x986f9 (size before relaxing)
 .debug_str     0x0009fa56      0x2c8 ./Drivers/STM32G0xx_HAL_Driver/Src/stm32g0xx_hal_uart_ex.o
                              0x97d4f (size before relaxing)

.comment        0x00000000       0x43
 .comment       0x00000000       0x43 ./Core/Src/UART.o
                                 0x44 (size before relaxing)
 .comment       0x00000043       0x44 ./Core/Src/checking_functions.o
 .comment       0x00000043       0x44 ./Core/Src/config.o
 .comment       0x00000043       0x44 ./Core/Src/custom_callbacks.o
 .comment       0x00000043       0x44 ./Core/Src/input_capture.o
 .comment       0x00000043       0x44 ./Core/Src/main.o
 .comment       0x00000043       0x44 ./Core/Src/oscillator.o
 .comment       0x00000043       0x44 ./Core/Src/startup.o
 .comment       0x00000043       0x44 ./Core/Src/state_machine.o
 .comment       0x00000043       0x44 ./Core/Src/stm32g0xx_hal_msp.o
 .comment       0x00000043       0x44 ./Core/Src/stm32g0xx_it.o
 .comment       0x00000043       0x44 ./Core/Src/symmetry_adjustment.o
 .comment       0x00000043       0x44 ./Core/Src/system_stm32g0xx.o
 .comment       0x00000043       0x44 ./Core/Src/timers.o
 .comment       0x00000043       0x44 ./Core/Src/utility.o
 .comment       0x00000043       0x44 ./Drivers/STM32G0xx_HAL_Driver/Src/stm32g0xx_hal.o
 .comment       0x00000043       0x44 ./Drivers/STM32G0xx_HAL_Driver/Src/stm32g0xx_hal_adc.o
 .comment       0x00000043       0x44 ./Drivers/STM32G0xx_HAL_Driver/Src/stm32g0xx_hal_adc_ex.o
 .comment       0x00000043       0x44 ./Drivers/STM32G0xx_HAL_Driver/Src/stm32g0xx_hal_cortex.o
 .comment       0x00000043       0x44 ./Drivers/STM32G0xx_HAL_Driver/Src/stm32g0xx_hal_dma.o
 .comment       0x00000043       0x44 ./Drivers/STM32G0xx_HAL_Driver/Src/stm32g0xx_hal_gpio.o
 .comment       0x00000043       0x44 ./Drivers/STM32G0xx_HAL_Driver/Src/stm32g0xx_hal_lptim.o
 .comment       0x00000043       0x44 ./Drivers/STM32G0xx_HAL_Driver/Src/stm32g0xx_hal_pwr_ex.o
 .comment       0x00000043       0x44 ./Drivers/STM32G0xx_HAL_Driver/Src/stm32g0xx_hal_rcc.o
 .comment       0x00000043       0x44 ./Drivers/STM32G0xx_HAL_Driver/Src/stm32g0xx_hal_rcc_ex.o
 .comment       0x00000043       0x44 ./Drivers/STM32G0xx_HAL_Driver/Src/stm32g0xx_hal_tim.o
 .comment       0x00000043       0x44 ./Drivers/STM32G0xx_HAL_Driver/Src/stm32g0xx_hal_tim_ex.o
 .comment       0x00000043       0x44 ./Drivers/STM32G0xx_HAL_Driver/Src/stm32g0xx_hal_uart.o
 .comment       0x00000043       0x44 ./Drivers/STM32G0xx_HAL_Driver/Src/stm32g0xx_hal_uart_ex.o

.debug_frame    0x00000000     0x3408
 .debug_frame   0x00000000       0x28 ./Core/Src/UART.o
 .debug_frame   0x00000028       0x40 ./Core/Src/checking_functions.o
 .debug_frame   0x00000068      0x1ac ./Core/Src/config.o
 .debug_frame   0x00000214      0x130 ./Core/Src/custom_callbacks.o
 .debug_frame   0x00000344       0xa8 ./Core/Src/input_capture.o
 .debug_frame   0x000003ec       0x38 ./Core/Src/main.o
 .debug_frame   0x00000424       0xa4 ./Core/Src/oscillator.o
 .debug_frame   0x000004c8       0x2c ./Core/Src/startup.o
 .debug_frame   0x000004f4       0x20 ./Core/Src/state_machine.o
 .debug_frame   0x00000514      0x110 ./Core/Src/stm32g0xx_hal_msp.o
 .debug_frame   0x00000624      0x158 ./Core/Src/stm32g0xx_it.o
 .debug_frame   0x0000077c       0x48 ./Core/Src/symmetry_adjustment.o
 .debug_frame   0x000007c4       0x38 ./Core/Src/system_stm32g0xx.o
 .debug_frame   0x000007fc       0x40 ./Core/Src/timers.o
 .debug_frame   0x0000083c       0x8c ./Core/Src/utility.o
 .debug_frame   0x000008c8      0x270 ./Drivers/STM32G0xx_HAL_Driver/Src/stm32g0xx_hal.o
 .debug_frame   0x00000b38      0x318 ./Drivers/STM32G0xx_HAL_Driver/Src/stm32g0xx_hal_adc.o
 .debug_frame   0x00000e50       0xb8 ./Drivers/STM32G0xx_HAL_Driver/Src/stm32g0xx_hal_adc_ex.o
 .debug_frame   0x00000f08      0x130 ./Drivers/STM32G0xx_HAL_Driver/Src/stm32g0xx_hal_cortex.o
 .debug_frame   0x00001038      0x168 ./Drivers/STM32G0xx_HAL_Driver/Src/stm32g0xx_hal_dma.o
 .debug_frame   0x000011a0       0xe4 ./Drivers/STM32G0xx_HAL_Driver/Src/stm32g0xx_hal_gpio.o
 .debug_frame   0x00001284      0x438 ./Drivers/STM32G0xx_HAL_Driver/Src/stm32g0xx_hal_lptim.o
 .debug_frame   0x000016bc      0x1e4 ./Drivers/STM32G0xx_HAL_Driver/Src/stm32g0xx_hal_pwr_ex.o
 .debug_frame   0x000018a0      0x184 ./Drivers/STM32G0xx_HAL_Driver/Src/stm32g0xx_hal_rcc.o
 .debug_frame   0x00001a24       0xa8 ./Drivers/STM32G0xx_HAL_Driver/Src/stm32g0xx_hal_rcc_ex.o
 .debug_frame   0x00001acc      0xa80 ./Drivers/STM32G0xx_HAL_Driver/Src/stm32g0xx_hal_tim.o
 .debug_frame   0x0000254c      0x4b4 ./Drivers/STM32G0xx_HAL_Driver/Src/stm32g0xx_hal_tim_ex.o
 .debug_frame   0x00002a00      0x770 ./Drivers/STM32G0xx_HAL_Driver/Src/stm32g0xx_hal_uart.o
 .debug_frame   0x00003170      0x1c8 ./Drivers/STM32G0xx_HAL_Driver/Src/stm32g0xx_hal_uart_ex.o
 .debug_frame   0x00003338       0x20 /Applications/STM32CubeIDE.app/Contents/Eclipse/plugins/com.st.stm32cube.ide.mcu.externaltools.gnu-tools-for-stm32.12.3.rel1.macos64_1.1.0.202410301201/tools/bin/../lib/gcc/arm-none-eabi/12.3.1/../../../../arm-none-eabi/lib/thumb/v6-m/nofp/libc_nano.a(libc_a-memset.o)
 .debug_frame   0x00003358       0x2c /Applications/STM32CubeIDE.app/Contents/Eclipse/plugins/com.st.stm32cube.ide.mcu.externaltools.gnu-tools-for-stm32.12.3.rel1.macos64_1.1.0.202410301201/tools/bin/../lib/gcc/arm-none-eabi/12.3.1/../../../../arm-none-eabi/lib/thumb/v6-m/nofp/libc_nano.a(libc_a-init.o)
 .debug_frame   0x00003384       0x28 /Applications/STM32CubeIDE.app/Contents/Eclipse/plugins/com.st.stm32cube.ide.mcu.externaltools.gnu-tools-for-stm32.12.3.rel1.macos64_1.1.0.202410301201/tools/bin/../lib/gcc/arm-none-eabi/12.3.1/../../../../arm-none-eabi/lib/thumb/v6-m/nofp/libc_nano.a(libc_a-memcpy-stub.o)
 .debug_frame   0x000033ac       0x20 /Applications/STM32CubeIDE.app/Contents/Eclipse/plugins/com.st.stm32cube.ide.mcu.externaltools.gnu-tools-for-stm32.12.3.rel1.macos64_1.1.0.202410301201/tools/bin/../lib/gcc/arm-none-eabi/12.3.1/thumb/v6-m/nofp/libgcc.a(_udivsi3.o)
 .debug_frame   0x000033cc       0x3c /Applications/STM32CubeIDE.app/Contents/Eclipse/plugins/com.st.stm32cube.ide.mcu.externaltools.gnu-tools-for-stm32.12.3.rel1.macos64_1.1.0.202410301201/tools/bin/../lib/gcc/arm-none-eabi/12.3.1/thumb/v6-m/nofp/libgcc.a(_udivmoddi4.o)

.debug_loclists
                0x00000000     0xf295
 .debug_loclists
                0x00000000       0x6d ./Core/Src/checking_functions.o
 .debug_loclists
                0x0000006d      0x1cf ./Core/Src/custom_callbacks.o
 .debug_loclists
                0x0000023c      0x169 ./Core/Src/input_capture.o
 .debug_loclists
                0x000003a5      0x26b ./Core/Src/oscillator.o
 .debug_loclists
                0x00000610       0x20 ./Core/Src/startup.o
 .debug_loclists
                0x00000630      0x1c6 ./Core/Src/stm32g0xx_hal_msp.o
 .debug_loclists
                0x000007f6      0x33e ./Core/Src/symmetry_adjustment.o
 .debug_loclists
                0x00000b34       0xa7 ./Core/Src/system_stm32g0xx.o
 .debug_loclists
                0x00000bdb       0x90 ./Core/Src/timers.o
 .debug_loclists
                0x00000c6b       0x84 ./Core/Src/utility.o
 .debug_loclists
                0x00000cef      0x143 ./Drivers/STM32G0xx_HAL_Driver/Src/stm32g0xx_hal.o
 .debug_loclists
                0x00000e32     0x1121 ./Drivers/STM32G0xx_HAL_Driver/Src/stm32g0xx_hal_adc.o
 .debug_loclists