Archive member included to satisfy reference by file (symbol)

/Applications/STM32CubeIDE.app/Contents/Eclipse/plugins/com.st.stm32cube.ide.mcu.externaltools.gnu-tools-for-stm32.13.3.rel1.macos64_1.0.0.202411102158/tools/bin/../lib/gcc/arm-none-eabi/13.3.1/../../../../arm-none-eabi/lib/thumb/v6-m/nofp/libc_nano.a(libc_a-exit.o)
                              /Applications/STM32CubeIDE.app/Contents/Eclipse/plugins/com.st.stm32cube.ide.mcu.externaltools.gnu-tools-for-stm32.13.3.rel1.macos64_1.0.0.202411102158/tools/bin/../lib/gcc/arm-none-eabi/13.3.1/../../../../arm-none-eabi/lib/thumb/v6-m/nofp/crt0.o (exit)
/Applications/STM32CubeIDE.app/Contents/Eclipse/plugins/com.st.stm32cube.ide.mcu.externaltools.gnu-tools-for-stm32.13.3.rel1.macos64_1.0.0.202411102158/tools/bin/../lib/gcc/arm-none-eabi/13.3.1/../../../../arm-none-eabi/lib/thumb/v6-m/nofp/libc_nano.a(libc_a-findfp.o)
                              /Applications/STM32CubeIDE.app/Contents/Eclipse/plugins/com.st.stm32cube.ide.mcu.externaltools.gnu-tools-for-stm32.13.3.rel1.macos64_1.0.0.202411102158/tools/bin/../lib/gcc/arm-none-eabi/13.3.1/../../../../arm-none-eabi/lib/thumb/v6-m/nofp/libc_nano.a(libc_a-exit.o) (__stdio_exit_handler)
/Applications/STM32CubeIDE.app/Contents/Eclipse/plugins/com.st.stm32cube.ide.mcu.externaltools.gnu-tools-for-stm32.13.3.rel1.macos64_1.0.0.202411102158/tools/bin/../lib/gcc/arm-none-eabi/13.3.1/../../../../arm-none-eabi/lib/thumb/v6-m/nofp/libc_nano.a(libc_a-fwalk.o)
                              /Applications/STM32CubeIDE.app/Contents/Eclipse/plugins/com.st.stm32cube.ide.mcu.externaltools.gnu-tools-for-stm32.13.3.rel1.macos64_1.0.0.202411102158/tools/bin/../lib/gcc/arm-none-eabi/13.3.1/../../../../arm-none-eabi/lib/thumb/v6-m/nofp/libc_nano.a(libc_a-findfp.o) (_fwalk_sglue)
/Applications/STM32CubeIDE.app/Contents/Eclipse/plugins/com.st.stm32cube.ide.mcu.externaltools.gnu-tools-for-stm32.13.3.rel1.macos64_1.0.0.202411102158/tools/bin/../lib/gcc/arm-none-eabi/13.3.1/../../../../arm-none-eabi/lib/thumb/v6-m/nofp/libc_nano.a(libc_a-memset.o)
                              /Applications/STM32CubeIDE.app/Contents/Eclipse/plugins/com.st.stm32cube.ide.mcu.externaltools.gnu-tools-for-stm32.13.3.rel1.macos64_1.0.0.202411102158/tools/bin/../lib/gcc/arm-none-eabi/13.3.1/../../../../arm-none-eabi/lib/thumb/v6-m/nofp/crt0.o (memset)
/Applications/STM32CubeIDE.app/Contents/Eclipse/plugins/com.st.stm32cube.ide.mcu.externaltools.gnu-tools-for-stm32.13.3.rel1.macos64_1.0.0.202411102158/tools/bin/../lib/gcc/arm-none-eabi/13.3.1/../../../../arm-none-eabi/lib/thumb/v6-m/nofp/libc_nano.a(libc_a-errno.o)
                              ./Core/Src/syscalls.o (__errno)
/Applications/STM32CubeIDE.app/Contents/Eclipse/plugins/com.st.stm32cube.ide.mcu.externaltools.gnu-tools-for-stm32.13.3.rel1.macos64_1.0.0.202411102158/tools/bin/../lib/gcc/arm-none-eabi/13.3.1/../../../../arm-none-eabi/lib/thumb/v6-m/nofp/libc_nano.a(libc_a-init.o)
                              /Applications/STM32CubeIDE.app/Contents/Eclipse/plugins/com.st.stm32cube.ide.mcu.externaltools.gnu-tools-for-stm32.13.3.rel1.macos64_1.0.0.202411102158/tools/bin/../lib/gcc/arm-none-eabi/13.3.1/../../../../arm-none-eabi/lib/thumb/v6-m/nofp/crt0.o (__libc_init_array)
/Applications/STM32CubeIDE.app/Contents/Eclipse/plugins/com.st.stm32cube.ide.mcu.externaltools.gnu-tools-for-stm32.13.3.rel1.macos64_1.0.0.202411102158/tools/bin/../lib/gcc/arm-none-eabi/13.3.1/../../../../arm-none-eabi/lib/thumb/v6-m/nofp/libc_nano.a(libc_a-lock.o)
                              /Applications/STM32CubeIDE.app/Contents/Eclipse/plugins/com.st.stm32cube.ide.mcu.externaltools.gnu-tools-for-stm32.13.3.rel1.macos64_1.0.0.202411102158/tools/bin/../lib/gcc/arm-none-eabi/13.3.1/../../../../arm-none-eabi/lib/thumb/v6-m/nofp/libc_nano.a(libc_a-findfp.o) (__retarget_lock_init_recursive)
/Applications/STM32CubeIDE.app/Contents/Eclipse/plugins/com.st.stm32cube.ide.mcu.externaltools.gnu-tools-for-stm32.13.3.rel1.macos64_1.0.0.202411102158/tools/bin/../lib/gcc/arm-none-eabi/13.3.1/../../../../arm-none-eabi/lib/thumb/v6-m/nofp/libc_nano.a(libc_a-impure.o)
                              /Applications/STM32CubeIDE.app/Contents/Eclipse/plugins/com.st.stm32cube.ide.mcu.externaltools.gnu-tools-for-stm32.13.3.rel1.macos64_1.0.0.202411102158/tools/bin/../lib/gcc/arm-none-eabi/13.3.1/../../../../arm-none-eabi/lib/thumb/v6-m/nofp/libc_nano.a(libc_a-errno.o) (_impure_ptr)
/Applications/STM32CubeIDE.app/Contents/Eclipse/plugins/com.st.stm32cube.ide.mcu.externaltools.gnu-tools-for-stm32.13.3.rel1.macos64_1.0.0.202411102158/tools/bin/../lib/gcc/arm-none-eabi/13.3.1/../../../../arm-none-eabi/lib/thumb/v6-m/nofp/libc_nano.a(libc_a-memcpy-stub.o)
                              ./Core/Src/input_capture.o (memcpy)
[...]
Memory Configuration

Name             Origin             Length             Attributes
RAM              0x20000000         0x00002000         xrw
FLASH            0x08000000         0x0000f800         xr
*default*        0x00000000         0xffffffff

Linker script and memory map

LOAD /Applications/STM32CubeIDE.app/Contents/Eclipse/plugins/com.st.stm32cube.ide.mcu.externaltools.gnu-tools-for-stm32.13.3.rel1.macos64_1.0.0.202411102158/tools/bin/../lib/gcc/arm-none-eabi/13.3.1/thumb/v6-m/nofp/crti.o
LOAD /Applications/STM32CubeIDE.app/Contents/Eclipse/plugins/com.st.stm32cube.ide.mcu.externaltools.gnu-tools-for-stm32.13.3.rel1.macos64_1.0.0.202411102158/tools/bin/../lib/gcc/arm-none-eabi/13.3.1/thumb/v6-m/nofp/crtbegin.o
LOAD /Applications/STM32CubeIDE.app/Contents/Eclipse/plugins/com.st.stm32cube.ide.mcu.externaltools.gnu-tools-for-stm32.13.3.rel1.macos64_1.0.0.202411102158/tools/bin/../lib/gcc/arm-none-eabi/13.3.1/../../../../arm-none-eabi/lib/thumb/v6-m/nofp/crt0.o
LOAD ./Core/Src/CC_and_PC.o
LOAD ./Core/Src/MIDI.o
LOAD ./Core/Src/UART.o
LOAD ./Core/Src/checking_functions.o
LOAD ./Core/Src/config.o
LOAD ./Core/Src/custom_callbacks.o
LOAD ./Core/Src/debug.o
LOAD ./Core/Src/input_capture.o
LOAD ./Core/Src/main.o
LOAD ./Core/Src/oscillator.o
LOAD ./Core/Src/startup.o
LOAD ./Core/Src/state_machine.o
LOAD ./Core/Src/stm32g0xx_hal_msp.o
LOAD ./Core/Src/stm32g0xx_it.o
LOAD ./Core/Src/symmetry_adjustment.o
LOAD ./Core/Src/syscalls.o
LOAD ./Core/Src/sysmem.o
LOAD ./Core/Src/system_stm32g0xx.o
LOAD ./Core/Src/timers.o
LOAD ./Core/Src/utility.o
LOAD ./Core/Startup/startup_stm32g031k8tx.o
LOAD ./Drivers/STM32G0xx_HAL_Driver/Src/stm32g0xx_hal.o
LOAD ./Drivers/STM32G0xx_HAL_Driver/Src/stm32g0xx_hal_adc.o
LOAD ./Drivers/STM32G0xx_HAL_Driver/Src/stm32g0xx_hal_adc_ex.o
LOAD ./Drivers/STM32G0xx_HAL_Driver/Src/stm32g0xx_hal_cortex.o
LOAD ./Drivers/STM32G0xx_HAL_Driver/Src/stm32g0xx_hal_dma.o
LOAD ./Drivers/STM32G0xx_HAL_Driver/Src/stm32g0xx_hal_dma_ex.o
LOAD ./Drivers/STM32G0xx_HAL_Driver/Src/stm32g0xx_hal_exti.o
LOAD ./Drivers/STM32G0xx_HAL_Driver/Src/stm32g0xx_hal_flash.o
LOAD ./Drivers/STM32G0xx_HAL_Driver/Src/stm32g0xx_hal_flash_ex.o
LOAD ./Drivers/STM32G0xx_HAL_Driver/Src/stm32g0xx_hal_gpio.o
LOAD ./Drivers/STM32G0xx_HAL_Driver/Src/stm32g0xx_hal_iwdg.o
LOAD ./Drivers/STM32G0xx_HAL_Driver/Src/stm32g0xx_hal_lptim.o
LOAD ./Drivers/STM32G0xx_HAL_Driver/Src/stm32g0xx_hal_pwr.o
LOAD ./Drivers/STM32G0xx_HAL_Driver/Src/stm32g0xx_hal_pwr_ex.o
LOAD ./Drivers/STM32G0xx_HAL_Driver/Src/stm32g0xx_hal_rcc.o
LOAD ./Drivers/STM32G0xx_HAL_Driver/Src/stm32g0xx_hal_rcc_ex.o
LOAD ./Drivers/STM32G0xx_HAL_Driver/Src/stm32g0xx_hal_tim.o
LOAD ./Drivers/STM32G0xx_HAL_Driver/Src/stm32g0xx_hal_tim_ex.o
LOAD ./Drivers/STM32G0xx_HAL_Driver/Src/stm32g0xx_hal_uart.o
LOAD ./Drivers/STM32G0xx_HAL_Driver/Src/stm32g0xx_hal_uart_ex.o
LOAD ./Drivers/STM32G0xx_HAL_Driver/Src/stm32g0xx_ll_adc.o
LOAD ./Drivers/STM32G0xx_HAL_Driver/Src/stm32g0xx_ll_rcc.o
START GROUP
LOAD /Applications/STM32CubeIDE.app/Contents/Eclipse/plugins/com.st.stm32cube.ide.mcu.externaltools.gnu-tools-for-stm32.13.3.rel1.macos64_1.0.0.202411102158/tools/bin/../lib/gcc/arm-none-eabi/13.3.1/../../../../arm-none-eabi/lib/thumb/v6-m/nofp/libc_nano.a
LOAD /Applications/STM32CubeIDE.app/Contents/Eclipse/plugins/com.st.stm32cube.ide.mcu.externaltools.gnu-tools-for-stm32.13.3.rel1.macos64_1.0.0.202411102158/tools/bin/../lib/gcc/arm-none-eabi/13.3.1/../../../../arm-none-eabi/lib/thumb/v6-m/nofp/libm.a
END GROUP
START GROUP
LOAD /Applications/STM32CubeIDE.app/Contents/Eclipse/plugins/com.st.stm32cube.ide.mcu.externaltools.gnu-tools-for-stm32.13.3.rel1.macos64_1.0.0.202411102158/tools/bin/../lib/gcc/arm-none-eabi/13.3.1/thumb/v6-m/nofp/libgcc.a
LOAD /Applications/STM32CubeIDE.app/Contents/Eclipse/plugins/com.st.stm32cube.ide.mcu.externaltools.gnu-tools-for-stm32.13.3.rel1.macos64_1.0.0.202411102158/tools/bin/../lib/gcc/arm-none-eabi/13.3.1/../../../../arm-none-eabi/lib/thumb/v6-m/nofp/libc_nano.a
END GROUP
START GROUP
LOAD /Applications/STM32CubeIDE.app/Contents/Eclipse/plugins/com.st.stm32cube.ide.mcu.externaltools.gnu-tools-for-stm32.13.3.rel1.macos64_1.0.0.202411102158/tools/bin/../lib/gcc/arm-none-eabi/13.3.1/thumb/v6-m/nofp/libgcc.a
LOAD /Applications/STM32CubeIDE.app/Contents/Eclipse/plugins/com.st.stm32cube.ide.mcu.externaltools.gnu-tools-for-stm32.13.3.rel1.macos64_1.0.0.202411102158/tools/bin/../lib/gcc/arm-none-eabi/13.3.1/../../../../arm-none-eabi/lib/thumb/v6-m/nofp/libc_nano.a
LOAD /Applications/STM32CubeIDE.app/Contents/Eclipse/plugins/com.st.stm32cube.ide.mcu.externaltools.gnu-tools-for-stm32.13.3.rel1.macos64_1.0.0.202411102158/tools/bin/../lib/gcc/arm-none-eabi/13.3.1/../../../../arm-none-eabi/lib/thumb/v6-m/nofp/libnosys.a
END GROUP
START GROUP
LOAD /Applications/STM32CubeIDE.app/Contents/Eclipse/plugins/com.st.stm32cube.ide.mcu.externaltools.gnu-tools-for-stm32.13.3.rel1.macos64_1.0.0.202411102158/tools/bin/../lib/gcc/arm-none-eabi/13.3.1/thumb/v6-m/nofp/libgcc.a
LOAD /Applications/STM32CubeIDE.app/Contents/Eclipse/plugins/com.st.stm32cube.ide.mcu.externaltools.gnu-tools-for-stm32.13.3.rel1.macos64_1.0.0.202411102158/tools/bin/../lib/gcc/arm-none-eabi/13.3.1/../../../../arm-none-eabi/lib/thumb/v6-m/nofp/libc_nano.a
LOAD /Applications/STM32CubeIDE.app/Contents/Eclipse/plugins/com.st.stm32cube.ide.mcu.externaltools.gnu-tools-for-stm32.13.3.rel1.macos64_1.0.0.202411102158/tools/bin/../lib/gcc/arm-none-eabi/13.3.1/../../../../arm-none-eabi/lib/thumb/v6-m/nofp/libnosys.a
END GROUP
LOAD /Applications/STM32CubeIDE.app/Contents/Eclipse/plugins/com.st.stm32cube.ide.mcu.externaltools.gnu-tools-for-stm32.13.3.rel1.macos64_1.0.0.202411102158/tools/bin/../lib/gcc/arm-none-eabi/13.3.1/thumb/v6-m/nofp/crtend.o
LOAD /Applications/STM32CubeIDE.app/Contents/Eclipse/plugins/com.st.stm32cube.ide.mcu.externaltools.gnu-tools-for-stm32.13.3.rel1.macos64_1.0.0.202411102158/tools/bin/../lib/gcc/arm-none-eabi/13.3.1/thumb/v6-m/nofp/crtn.o
                0x20002000                        _estack = (ORIGIN (RAM) + LENGTH (RAM))
                0x00000200                        _Min_Heap_Size = 0x200
                0x00000400                        _Min_Stack_Size = 0x400

.isr_vector     0x08000000       0xbc
                0x08000000                        . = ALIGN (0x4)
 *(.isr_vector)
 .isr_vector    0x08000000       0xbc ./Core/Startup/startup_stm32g031k8tx.o
                0x08000000                g_pfnVectors
                0x080000bc                        . = ALIGN (0x4)

.text           0x080000bc     0x7790
                0x080000bc                        . = ALIGN (0x4)
 *(.text)
 .text          0x080000bc       0x48 /Applications/STM32CubeIDE.app/Contents/Eclipse/plugins/com.st.stm32cube.ide.mcu.externaltools.gnu-tools-for-stm32.13.3.rel1.macos64_1.0.0.202411102158/tools/bin/../lib/gcc/arm-none-eabi/13.3.1/thumb/v6-m/nofp/crtbegin.o
 .text          0x08000104      0x114 /Applications/STM32CubeIDE.app/Contents/Eclipse/plugins/com.st.stm32cube.ide.mcu.externaltools.gnu-tools-for-stm32.13.3.rel1.macos64_1.0.0.202411102158/tools/bin/../lib/gcc/arm-none-eabi/13.3.1/thumb/v6-m/nofp/libgcc.a(_udivsi3.o)
                0x08000104                __udivsi3
                0x08000104                __aeabi_uidiv
                0x08000210                __aeabi_uidivmod
 .text          0x08000218        0x4 /Applications/STM32CubeIDE.app/Contents/Eclipse/plugins/com.st.stm32cube.ide.mcu.externaltools.gnu-tools-for-stm32.13.3.rel1.macos64_1.0.0.202411102158/tools/bin/../lib/gcc/arm-none-eabi/13.3.1/thumb/v6-m/nofp/libgcc.a(_dvmd_tls.o)
                0x08000218                __aeabi_ldiv0
                0x08000218                __aeabi_idiv0
 .text          0x0800021c       0x40 /Applications/STM32CubeIDE.app/Contents/Eclipse/plugins/com.st.stm32cube.ide.mcu.externaltools.gnu-tools-for-stm32.13.3.rel1.macos64_1.0.0.202411102158/tools/bin/../lib/gcc/arm-none-eabi/13.3.1/thumb/v6-m/nofp/libgcc.a(_aeabi_uldivmod.o)
                0x0800021c                __aeabi_uldivmod
 .text          0x0800025c      0x198 /Applications/STM32CubeIDE.app/Contents/Eclipse/plugins/com.st.stm32cube.ide.mcu.externaltools.gnu-tools-for-stm32.13.3.rel1.macos64_1.0.0.202411102158/tools/bin/../lib/gcc/arm-none-eabi/13.3.1/thumb/v6-m/nofp/libgcc.a(_udivmoddi4.o)
                0x0800025c                __udivmoddi4
 .text          0x080003f4       0x18 /Applications/STM32CubeIDE.app/Contents/Eclipse/plugins/com.st.stm32cube.ide.mcu.externaltools.gnu-tools-for-stm32.13.3.rel1.macos64_1.0.0.202411102158/tools/bin/../lib/gcc/arm-none-eabi/13.3.1/thumb/v6-m/nofp/libgcc.a(_clzdi2.o)
                0x080003f4                __clzdi2
 .text          0x0800040c       0x3c /Applications/STM32CubeIDE.app/Contents/Eclipse/plugins/com.st.stm32cube.ide.mcu.externaltools.gnu-tools-for-stm32.13.3.rel1.macos64_1.0.0.202411102158/tools/bin/../lib/gcc/arm-none-eabi/13.3.1/thumb/v6-m/nofp/libgcc.a(_clzsi2.o)
                0x0800040c                __clzsi2
 *(.text*)
 .text.Initialise_Preset_Arrays
                0x08000448       0x50 ./Core/Src/CC_and_PC.o
                0x08000448                Initialise_Preset_Arrays
 .text.Update_Params_Based_On_Mode_Selected
                0x08000498       0xe4 ./Core/Src/CC_and_PC.o
                0x08000498                Update_Params_Based_On_Mode_Selected
 .text.Update_All_with_Converted_Preset_Values
                0x0800057c       0x3c ./Core/Src/CC_and_PC.o
                0x0800057c                Update_All_with_Converted_Preset_Values
 .text.Read_and_Interpret_Misc_From_Flash
                0x080005b8       0xa4 ./Core/Src/CC_and_PC.o
                0x080005b8                Read_and_Interpret_Misc_From_Flash
 .text.Update_Converted_Preset_Array_with_User_or_Factory_Presets
                0x0800065c       0x58 ./Core/Src/CC_and_PC.o
                0x0800065c                Update_Converted_Preset_Array_with_User_or_Factory_Presets
 .text.Read_and_Interpret_User_Presets_From_Flash
                0x080006b4      0x184 ./Core/Src/CC_and_PC.o
                0x080006b4                Read_and_Interpret_User_Presets_From_Flash
 .text.Is_Status_Byte
                0x08000838        0x8 ./Core/Src/MIDI.o
                0x08000838                Is_Status_Byte
 .text.Is_Data_Byte
                0x08000840        0x8 ./Core/Src/MIDI.o
                0x08000840                Is_Data_Byte
 .text.Is_PC_Status_Byte
                0x08000848        0xc ./Core/Src/MIDI.o
                0x08000848                Is_PC_Status_Byte
 .text.Is_CC_Status_Byte
                0x08000854        0xc ./Core/Src/MIDI.o
                0x08000854                Is_CC_Status_Byte
 .text.Is_Utilised_Channel_Mode_CC_First_Data_Byte
                0x08000860       0x2c ./Core/Src/MIDI.o
                0x08000860                Is_Utilised_Channel_Mode_CC_First_Data_Byte
 .text.Is_Utilised_CC_First_Data_Byte
                0x0800088c       0x34 ./Core/Src/MIDI.o
                0x0800088c                Is_Utilised_CC_First_Data_Byte
 .text.Channel_Mode_CC_Second_Data_Byte_Is_Valid_Given_Utilised_First_Data_Byte
                0x080008c0       0x3c ./Core/Src/MIDI.o
                0x080008c0                Channel_Mode_CC_Second_Data_Byte_Is_Valid_Given_Utilised_First_Data_Byte
 .text.Is_Sysex_Start_Status_Byte
                0x080008fc        0xc ./Core/Src/MIDI.o
                0x080008fc                Is_Sysex_Start_Status_Byte
 .text.Is_Channel_Status_Byte_On_Basic_Channel
                0x08000908       0x1c ./Core/Src/MIDI.o
                0x08000908                Is_Channel_Status_Byte_On_Basic_Channel
 .text.Is_Data_Buffer_Empty
                0x08000924       0x30 ./Core/Src/MIDI.o
                0x08000924                Is_Data_Buffer_Empty
 .text.Clear_Data_Buffer
                0x08000954       0x1c ./Core/Src/MIDI.o
                0x08000954                Clear_Data_Buffer
 .text.Is_Program_Change_Data_Byte_In_Range
                0x08000970        0xc ./Core/Src/MIDI.o
                0x08000970                Is_Program_Change_Data_Byte_In_Range
 .text.Is_System_Real_Time_Status_Byte
                0x0800097c       0x30 ./Core/Src/MIDI.o
                0x0800097c                Is_System_Real_Time_Status_Byte
 .text.Is_OMNI_On
                0x080009ac       0x14 ./Core/Src/MIDI.o
                0x080009ac                Is_OMNI_On
 .text.Reset_and_Stop_MIDI_Software_Timer
                0x080009c0       0x24 ./Core/Src/MIDI.o
                0x080009c0                Reset_and_Stop_MIDI_Software_Timer
 .text.Start_UART_Receive
                0x080009e4       0x18 ./Core/Src/UART.o
                0x080009e4                Start_UART_Receive
 .text.Speed_Pot_Check
                0x080009fc       0x8c ./Core/Src/checking_functions.o
                0x080009fc                Speed_Pot_Check
 .text.Check_Tap_Tempo_Switch_State
                0x08000a88       0x64 ./Core/Src/checking_functions.o
                0x08000a88                Check_Tap_Tempo_Switch_State
 .text.SystemClock_Config
                0x08000aec       0x80 ./Core/Src/config.o
                0x08000aec                SystemClock_Config
 .text.MX_ADC1_Init
                0x08000b6c       0xf4 ./Core/Src/config.o
                0x08000b6c                MX_ADC1_Init
 .text.MX_TIM16_Init
                0x08000c60       0xb0 ./Core/Src/config.o
                0x08000c60                MX_TIM16_Init
 .text.MX_TIM2_Init
                0x08000d10       0xb8 ./Core/Src/config.o
                0x08000d10                MX_TIM2_Init
 .text.MX_TIM3_Init
                0x08000dc8       0xc0 ./Core/Src/config.o
                0x08000dc8                MX_TIM3_Init
 .text.MX_TIM1_Init
                0x08000e88      0x128 ./Core/Src/config.o
                0x08000e88                MX_TIM1_Init
 .text.MX_TIM17_Init
                0x08000fb0       0xb4 ./Core/Src/config.o
                0x08000fb0                MX_TIM17_Init
 .text.MX_TIM14_Init
                0x08001064       0x70 ./Core/Src/config.o
                0x08001064                MX_TIM14_Init
 .text.MX_GPIO_Init
                0x080010d4      0x138 ./Core/Src/config.o
                0x080010d4                MX_GPIO_Init
 .text.Error_Handler
                0x0800120c        0x4 ./Core/Src/config.o
                0x0800120c                Error_Handler
 .text.System_Init
                0x08001210      0x1a0 ./Core/Src/config.o
                0x08001210                System_Init
 .text.TIM16_callback
                0x080013b0       0x3c ./Core/Src/custom_callbacks.o
                0x080013b0                TIM16_callback
 .text.ADC_DMA_conversion_complete_callback
                0x080013ec       0x6c ./Core/Src/custom_callbacks.o
                0x080013ec                ADC_DMA_conversion_complete_callback
 .text.TIM2_ch1_IP_capture_callback
                0x08001458       0xa4 ./Core/Src/custom_callbacks.o
                0x08001458                TIM2_ch1_IP_capture_callback
 .text.TIM2_ch1_overflow_callback
                0x080014fc       0x7c ./Core/Src/custom_callbacks.o
                0x080014fc                TIM2_ch1_overflow_callback
 .text.TIM3_ch1_IP_capture_measurement_reelapse_callback
                0x08001578       0xe4 ./Core/Src/custom_callbacks.o
                0x08001578                TIM3_ch1_IP_capture_measurement_reelapse_callback
 .text.UART2_TX_transfer_complete_callback
                0x0800165c        0x4 ./Core/Src/custom_callbacks.o
                0x0800165c                UART2_TX_transfer_complete_callback
 .text.UART2_RX_transfer_complete_callback
                0x08001660      0x6d4 ./Core/Src/custom_callbacks.o
                0x08001660                UART2_RX_transfer_complete_callback
 .text.HAL_GPIO_EXTI_Falling_Callback
                0x08001d34       0x38 ./Core/Src/custom_callbacks.o
                0x08001d34                HAL_GPIO_EXTI_Falling_Callback
 .text.HAL_GPIO_EXTI_Rising_Callback
                0x08001d6c      0x108 ./Core/Src/custom_callbacks.o
                0x08001d6c                HAL_GPIO_EXTI_Rising_Callback
 .text.LPTIM1_callback
                0x08001e74      0x1f4 ./Core/Src/custom_callbacks.o
                0x08001e74                LPTIM1_callback
 .text.TIM17_callback
                0x08002068        0x4 ./Core/Src/custom_callbacks.o
                0x08002068                TIM17_callback
 .text.TIM14_callback
                0x0800206c        0x4 ./Core/Src/custom_callbacks.o
                0x0800206c                TIM14_callback
 .text.Input_Capture_Processing
                0x08002070       0x7c ./Core/Src/input_capture.o
                0x08002070                Input_Capture_Processing
 .text.Start_Input_Capture_Timer
                0x080020ec       0x30 ./Core/Src/input_capture.o
                0x080020ec                Start_Input_Capture_Timer
 .text.Copy_Params_Structs
                0x0800211c       0x14 ./Core/Src/input_capture.o
                0x0800211c                Copy_Params_Structs
 .text.Start_Measurement_Reelapse_Timer
                0x08002130       0x30 ./Core/Src/input_capture.o
                0x08002130                Start_Measurement_Reelapse_Timer
 .text.Begin_Input_Capture_Measurement
                0x08002160       0x10 ./Core/Src/input_capture.o
                0x08002160                Begin_Input_Capture_Measurement
 .text.startup.main
                0x08002170       0xf0 ./Core/Src/main.o
                0x08002170                main
 .text.Start_PWM_Gen_Timer_Main_and_Secondary_Oscillators
                0x08002260       0x34 ./Core/Src/oscillator.o
                0x08002260                Start_PWM_Gen_Timer_Main_and_Secondary_Oscillators
 .text.Start_Freq_Gen_Timer
                0x08002294       0x1c ./Core/Src/oscillator.o
                0x08002294                Start_Freq_Gen_Timer
 .text.Process_TIM16_Raw_Start_Value_and_Raw_Prescaler
                0x080022b0       0x30 ./Core/Src/oscillator.o
                0x080022b0                Process_TIM16_Raw_Start_Value_and_Raw_Prescaler
 .text.Set_Oscillator_Values
                0x080022e0       0x30 ./Core/Src/oscillator.o
                0x080022e0                Set_Oscillator_Values
 .text.Calculate_Next_Main_Oscillator_Values
                0x08002310      0x11c ./Core/Src/oscillator.o
                0x08002310                Calculate_Next_Main_Oscillator_Values
 .text.Write_Next_Main_Oscillator_Values_to_Delay_Line
                0x0800242c       0xb8 ./Core/Src/oscillator.o
                0x0800242c                Write_Next_Main_Oscillator_Values_to_Delay_Line
 .text.Process_ADC_Conversion_Values
                0x080024e4       0x4c ./Core/Src/oscillator.o
                0x080024e4                Process_ADC_Conversion_Values
 .text.Startup  0x08002530      0x154 ./Core/Src/startup.o
                0x08002530                Startup
 .text.Advance_Pending_States
                0x08002684       0x2c ./Core/Src/state_machine.o
                0x08002684                Advance_Pending_States
 .text.HAL_MspInit
                0x080026b0       0x30 ./Core/Src/stm32g0xx_hal_msp.o
                0x080026b0                HAL_MspInit
 .text.HAL_ADC_MspInit
                0x080026e0       0xa0 ./Core/Src/stm32g0xx_hal_msp.o
                0x080026e0                HAL_ADC_MspInit
 .text.HAL_LPTIM_MspInit
                0x08002780       0xf4 ./Core/Src/stm32g0xx_hal_msp.o
                0x08002780                HAL_LPTIM_MspInit
 .text.HAL_TIM_Base_MspInit
                0x08002874      0x170 ./Core/Src/stm32g0xx_hal_msp.o
                0x08002874                HAL_TIM_Base_MspInit
 .text.HAL_TIM_MspPostInit
                0x080029e4       0x78 ./Core/Src/stm32g0xx_hal_msp.o
                0x080029e4                HAL_TIM_MspPostInit
 .text.HAL_UART_MspInit
                0x08002a5c       0xec ./Core/Src/stm32g0xx_hal_msp.o
                0x08002a5c                HAL_UART_MspInit
 .text.NMI_Handler
                0x08002b48        0x4 ./Core/Src/stm32g0xx_it.o
                0x08002b48                NMI_Handler
 .text.HardFault_Handler
                0x08002b4c        0x4 ./Core/Src/stm32g0xx_it.o
                0x08002b4c                HardFault_Handler
 .text.SVC_Handler
                0x08002b50        0x4 ./Core/Src/stm32g0xx_it.o
                0x08002b50                SVC_Handler
 .text.PendSV_Handler
                0x08002b54        0x4 ./Core/Src/stm32g0xx_it.o
                0x08002b54                PendSV_Handler
 .text.SysTick_Handler
                0x08002b58        0x8 ./Core/Src/stm32g0xx_it.o
                0x08002b58                SysTick_Handler
 .text.EXTI4_15_IRQHandler
                0x08002b60        0xc ./Core/Src/stm32g0xx_it.o
                0x08002b60                EXTI4_15_IRQHandler
 .text.DMA1_Channel1_IRQHandler
                0x08002b6c       0x10 ./Core/Src/stm32g0xx_it.o
                0x08002b6c                DMA1_Channel1_IRQHandler
 .text.DMA1_Channel2_3_IRQHandler
                0x08002b7c       0x18 ./Core/Src/stm32g0xx_it.o
                0x08002b7c                DMA1_Channel2_3_IRQHandler
 .text.TIM2_IRQHandler
                0x08002b94       0x10 ./Core/Src/stm32g0xx_it.o
                0x08002b94                TIM2_IRQHandler
 .text.TIM3_IRQHandler
                0x08002ba4       0x10 ./Core/Src/stm32g0xx_it.o
                0x08002ba4                TIM3_IRQHandler
 .text.TIM16_IRQHandler
                0x08002bb4       0x10 ./Core/Src/stm32g0xx_it.o
                0x08002bb4                TIM16_IRQHandler
 .text.USART2_IRQHandler
                0x08002bc4       0x10 ./Core/Src/stm32g0xx_it.o
                0x08002bc4                USART2_IRQHandler
 .text.LPTIM1_IRQHandler
                0x08002bd4       0x10 ./Core/Src/stm32g0xx_it.o
                0x08002bd4                LPTIM1_IRQHandler
 .text.TIM17_IRQHandler
                0x08002be4       0x10 ./Core/Src/stm32g0xx_it.o
                0x08002be4                TIM17_IRQHandler
 .text.TIM14_IRQHandler
                0x08002bf4       0x10 ./Core/Src/stm32g0xx_it.o
                0x08002bf4                TIM14_IRQHandler
 .text.Process_TIM16_Final_Start_Value_and_Final_Prescaler
                0x08002c04      0x27c ./Core/Src/symmetry_adjustment.o
                0x08002c04                Process_TIM16_Final_Start_Value_and_Final_Prescaler
 .text.SystemInit
                0x08002e80        0x4 ./Core/Src/system_stm32g0xx.o
                0x08002e80                SystemInit
 .text.Start_OC_TIM
                0x08002e84       0x14 ./Core/Src/timers.o
                0x08002e84                Start_OC_TIM
 .text.Stop_OC_TIM
                0x08002e98       0x14 ./Core/Src/timers.o
                0x08002e98                Stop_OC_TIM
 .text.isPrime  0x08002eac       0x34 ./Core/Src/utility.o
                0x08002eac                isPrime
 .text.unsigned_bitwise_modulo
                0x08002ee0        0xc ./Core/Src/utility.o
                0x08002ee0                unsigned_bitwise_modulo
 .text.Global_Interrupt_Enable
                0x08002eec        0x8 ./Core/Src/utility.o
                0x08002eec                Global_Interrupt_Enable
 .text.Get_Status_Bit
                0x08002ef4        0xc ./Core/Src/utility.o
                0x08002ef4                Get_Status_Bit
 .text.Set_Status_Bit
                0x08002f00        0x8 ./Core/Src/utility.o
                0x08002f00                Set_Status_Bit
 .text.Clear_Status_Bit
                0x08002f08        0x8 ./Core/Src/utility.o
                0x08002f08                Clear_Status_Bit
 .text.Reset_Handler
                0x08002f10       0x50 ./Core/Startup/startup_stm32g031k8tx.o
                0x08002f10                Reset_Handler
 .text.Default_Handler
                0x08002f60        0x2 ./Core/Startup/startup_stm32g031k8tx.o
                0x08002f60                TIM1_BRK_UP_TRG_COM_IRQHandler
                0x08002f60                PVD_IRQHandler
                0x08002f60                I2C1_IRQHandler
                0x08002f60                LPTIM2_IRQHandler
                0x08002f60                RTC_TAMP_IRQHandler
                0x08002f60                SPI1_IRQHandler
                0x08002f60                DMA1_Ch4_5_DMAMUX1_OVR_IRQHandler
                0x08002f60                EXTI2_3_IRQHandler
                0x08002f60                ADC1_IRQHandler
                0x08002f60                I2C2_IRQHandler
                0x08002f60                RCC_IRQHandler
                0x08002f60                Default_Handler
                0x08002f60                EXTI0_1_IRQHandler
                0x08002f60                SPI2_IRQHandler
                0x08002f60                WWDG_IRQHandler
                0x08002f60                LPUART1_IRQHandler
                0x08002f60                FLASH_IRQHandler
                0x08002f60                USART1_IRQHandler
                0x08002f60                TIM1_CC_IRQHandler
 *fill*         0x08002f62        0x2 
 .text.HAL_InitTick
                0x08002f64       0x4c ./Drivers/STM32G0xx_HAL_Driver/Src/stm32g0xx_hal.o
                0x08002f64                HAL_InitTick
 .text.HAL_Init
                0x08002fb0       0x28 ./Drivers/STM32G0xx_HAL_Driver/Src/stm32g0xx_hal.o
                0x08002fb0                HAL_Init
 .text.HAL_IncTick
                0x08002fd8       0x18 ./Drivers/STM32G0xx_HAL_Driver/Src/stm32g0xx_hal.o
                0x08002fd8                HAL_IncTick
 .text.HAL_GetTick
                0x08002ff0        0xc ./Drivers/STM32G0xx_HAL_Driver/Src/stm32g0xx_hal.o
                0x08002ff0                HAL_GetTick
 .text.ADC_DMAConvCplt
                0x08002ffc       0x80 ./Drivers/STM32G0xx_HAL_Driver/Src/stm32g0xx_hal_adc.o
 .text.ADC_DMAHalfConvCplt
                0x0800307c        0xc ./Drivers/STM32G0xx_HAL_Driver/Src/stm32g0xx_hal_adc.o
 .text.ADC_DMAError
                0x08003088       0x1c ./Drivers/STM32G0xx_HAL_Driver/Src/stm32g0xx_hal_adc.o
 .text.HAL_ADC_ErrorCallback
                0x080030a4        0x4 ./Drivers/STM32G0xx_HAL_Driver/Src/stm32g0xx_hal_adc.o
                0x080030a4                HAL_ADC_ErrorCallback
 .text.HAL_ADC_ConvCpltCallback
                0x080030a8        0x4 ./Drivers/STM32G0xx_HAL_Driver/Src/stm32g0xx_hal_adc.o
                0x080030a8                HAL_ADC_ConvCpltCallback
 .text.HAL_ADC_ConvHalfCpltCallback
                0x080030ac        0x4 ./Drivers/STM32G0xx_HAL_Driver/Src/stm32g0xx_hal_adc.o
                0x080030ac                HAL_ADC_ConvHalfCpltCallback
 .text.HAL_ADC_LevelOutOfWindowCallback
                0x080030b0        0x4 ./Drivers/STM32G0xx_HAL_Driver/Src/stm32g0xx_hal_adc.o
                0x080030b0                HAL_ADC_LevelOutOfWindowCallback
 .text.HAL_ADC_Init
                0x080030b4      0x284 ./Drivers/STM32G0xx_HAL_Driver/Src/stm32g0xx_hal_adc.o
                0x080030b4                HAL_ADC_Init
 .text.HAL_ADC_RegisterCallback
                0x08003338       0x70 ./Drivers/STM32G0xx_HAL_Driver/Src/stm32g0xx_hal_adc.o
                0x08003338                HAL_ADC_RegisterCallback
 .text.HAL_ADC_ConfigChannel
                0x080033a8      0x284 ./Drivers/STM32G0xx_HAL_Driver/Src/stm32g0xx_hal_adc.o
                0x080033a8                HAL_ADC_ConfigChannel
 .text.ADC_ConversionStop
                0x0800362c       0x74 ./Drivers/STM32G0xx_HAL_Driver/Src/stm32g0xx_hal_adc.o
                0x0800362c                ADC_ConversionStop
 .text.ADC_Enable
                0x080036a0       0xcc ./Drivers/STM32G0xx_HAL_Driver/Src/stm32g0xx_hal_adc.o
                0x080036a0                ADC_Enable
 .text.HAL_ADC_Start_DMA
                0x0800376c       0xb4 ./Drivers/STM32G0xx_HAL_Driver/Src/stm32g0xx_hal_adc.o
                0x0800376c                HAL_ADC_Start_DMA
 .text.ADC_Disable
                0x08003820       0x88 ./Drivers/STM32G0xx_HAL_Driver/Src/stm32g0xx_hal_adc.o
                0x08003820                ADC_Disable
 .text.HAL_ADC_Stop_DMA
                0x080038a8       0x8c ./Drivers/STM32G0xx_HAL_Driver/Src/stm32g0xx_hal_adc.o
                0x080038a8                HAL_ADC_Stop_DMA
 .text.HAL_ADCEx_Calibration_Start
                0x08003934      0x19c ./Drivers/STM32G0xx_HAL_Driver/Src/stm32g0xx_hal_adc_ex.o
                0x08003934                HAL_ADCEx_Calibration_Start
 .text.HAL_ADCEx_LevelOutOfWindow2Callback
                0x08003ad0        0x4 ./Drivers/STM32G0xx_HAL_Driver/Src/stm32g0xx_hal_adc_ex.o
                0x08003ad0                HAL_ADCEx_LevelOutOfWindow2Callback
 .text.HAL_ADCEx_LevelOutOfWindow3Callback
                0x08003ad4        0x4 ./Drivers/STM32G0xx_HAL_Driver/Src/stm32g0xx_hal_adc_ex.o
                0x08003ad4                HAL_ADCEx_LevelOutOfWindow3Callback
 .text.HAL_ADCEx_EndOfSamplingCallback
                0x08003ad8        0x4 ./Drivers/STM32G0xx_HAL_Driver/Src/stm32g0xx_hal_adc_ex.o
                0x08003ad8                HAL_ADCEx_EndOfSamplingCallback
 .text.HAL_NVIC_SetPriority
                0x08003adc       0x54 ./Drivers/STM32G0xx_HAL_Driver/Src/stm32g0xx_hal_cortex.o
                0x08003adc                HAL_NVIC_SetPriority
 .text.HAL_NVIC_EnableIRQ
                0x08003b30       0x18 ./Drivers/STM32G0xx_HAL_Driver/Src/stm32g0xx_hal_cortex.o
                0x08003b30                HAL_NVIC_EnableIRQ
 .text.HAL_NVIC_DisableIRQ
                0x08003b48       0x20 ./Drivers/STM32G0xx_HAL_Driver/Src/stm32g0xx_hal_cortex.o
                0x08003b48                HAL_NVIC_DisableIRQ
 .text.HAL_SYSTICK_Config
                0x08003b68       0x34 ./Drivers/STM32G0xx_HAL_Driver/Src/stm32g0xx_hal_cortex.o
                0x08003b68                HAL_SYSTICK_Config
 .text.HAL_DMA_Init
                0x08003b9c       0xec ./Drivers/STM32G0xx_HAL_Driver/Src/stm32g0xx_hal_dma.o
                0x08003b9c                HAL_DMA_Init
 .text.HAL_DMA_Start_IT
                0x08003c88       0xd0 ./Drivers/STM32G0xx_HAL_Driver/Src/stm32g0xx_hal_dma.o
                0x08003c88                HAL_DMA_Start_IT
 .text.HAL_DMA_Abort
                0x08003d58       0x78 ./Drivers/STM32G0xx_HAL_Driver/Src/stm32g0xx_hal_dma.o
                0x08003d58                HAL_DMA_Abort
 .text.HAL_DMA_Abort_IT
                0x08003dd0       0x78 ./Drivers/STM32G0xx_HAL_Driver/Src/stm32g0xx_hal_dma.o
                0x08003dd0                HAL_DMA_Abort_IT
 .text.HAL_DMA_IRQHandler
                0x08003e48       0xb8 ./Drivers/STM32G0xx_HAL_Driver/Src/stm32g0xx_hal_dma.o
                0x08003e48                HAL_DMA_IRQHandler
 .text.HAL_GPIO_Init
                0x08003f00      0x360 ./Drivers/STM32G0xx_HAL_Driver/Src/stm32g0xx_hal_gpio.o
                0x08003f00                HAL_GPIO_Init
 .text.HAL_GPIO_ReadPin
                0x08004260        0xc ./Drivers/STM32G0xx_HAL_Driver/Src/stm32g0xx_hal_gpio.o
                0x08004260                HAL_GPIO_ReadPin
 .text.HAL_GPIO_WritePin
                0x0800426c        0xc ./Drivers/STM32G0xx_HAL_Driver/Src/stm32g0xx_hal_gpio.o
                0x0800426c                HAL_GPIO_WritePin
 .text.HAL_GPIO_EXTI_IRQHandler
                0x08004278       0x34 ./Drivers/STM32G0xx_HAL_Driver/Src/stm32g0xx_hal_gpio.o
                0x08004278                HAL_GPIO_EXTI_IRQHandler
 .text.HAL_LPTIM_DirectionDownCallback
                0x080042ac        0x4 ./Drivers/STM32G0xx_HAL_Driver/Src/stm32g0xx_hal_lptim.o
                0x080042ac                HAL_LPTIM_DirectionDownCallback
 .text.HAL_LPTIM_CompareMatchCallback
                0x080042b0        0x4 ./Drivers/STM32G0xx_HAL_Driver/Src/stm32g0xx_hal_lptim.o
                0x080042b0                HAL_LPTIM_CompareMatchCallback
 .text.HAL_LPTIM_AutoReloadMatchCallback
                0x080042b4        0x4 ./Drivers/STM32G0xx_HAL_Driver/Src/stm32g0xx_hal_lptim.o
                0x080042b4                HAL_LPTIM_AutoReloadMatchCallback
 .text.HAL_LPTIM_TriggerCallback
                0x080042b8        0x4 ./Drivers/STM32G0xx_HAL_Driver/Src/stm32g0xx_hal_lptim.o
                0x080042b8                HAL_LPTIM_TriggerCallback
 .text.HAL_LPTIM_CompareWriteCallback
                0x080042bc        0x4 ./Drivers/STM32G0xx_HAL_Driver/Src/stm32g0xx_hal_lptim.o
                0x080042bc                HAL_LPTIM_CompareWriteCallback
 .text.HAL_LPTIM_AutoReloadWriteCallback
                0x080042c0        0x4 ./Drivers/STM32G0xx_HAL_Driver/Src/stm32g0xx_hal_lptim.o
                0x080042c0                HAL_LPTIM_AutoReloadWriteCallback
 .text.HAL_LPTIM_DirectionUpCallback
                0x080042c4        0x4 ./Drivers/STM32G0xx_HAL_Driver/Src/stm32g0xx_hal_lptim.o
                0x080042c4                HAL_LPTIM_DirectionUpCallback
 .text.HAL_LPTIM_Init
                0x080042c8      0x108 ./Drivers/STM32G0xx_HAL_Driver/Src/stm32g0xx_hal_lptim.o
                0x080042c8                HAL_LPTIM_Init
 .text.HAL_LPTIM_IRQHandler
                0x080043d0       0xb8 ./Drivers/STM32G0xx_HAL_Driver/Src/stm32g0xx_hal_lptim.o
                0x080043d0                HAL_LPTIM_IRQHandler
 .text.HAL_LPTIM_RegisterCallback
                0x08004488       0x70 ./Drivers/STM32G0xx_HAL_Driver/Src/stm32g0xx_hal_lptim.o
                0x08004488                HAL_LPTIM_RegisterCallback
 .text.LPTIM_Disable
                0x080044f8      0x1e4 ./Drivers/STM32G0xx_HAL_Driver/Src/stm32g0xx_hal_lptim.o
                0x080044f8                LPTIM_Disable
 .text.HAL_LPTIM_SetOnce_Start_IT
                0x080046dc       0xc8 ./Drivers/STM32G0xx_HAL_Driver/Src/stm32g0xx_hal_lptim.o
                0x080046dc                HAL_LPTIM_SetOnce_Start_IT
 .text.HAL_PWREx_ControlVoltageScaling
                0x080047a4       0x60 ./Drivers/STM32G0xx_HAL_Driver/Src/stm32g0xx_hal_pwr_ex.o
                0x080047a4                HAL_PWREx_ControlVoltageScaling
 .text.HAL_RCC_OscConfig
                0x08004804      0x4d0 ./Drivers/STM32G0xx_HAL_Driver/Src/stm32g0xx_hal_rcc.o
                0x08004804                HAL_RCC_OscConfig
 .text.HAL_RCC_GetSysClockFreq
                0x08004cd4       0x9c ./Drivers/STM32G0xx_HAL_Driver/Src/stm32g0xx_hal_rcc.o
                0x08004cd4                HAL_RCC_GetSysClockFreq
 .text.HAL_RCC_ClockConfig
                0x08004d70      0x190 ./Drivers/STM32G0xx_HAL_Driver/Src/stm32g0xx_hal_rcc.o
                0x08004d70                HAL_RCC_ClockConfig
 .text.HAL_RCC_GetPCLK1Freq
                0x08004f00       0x28 ./Drivers/STM32G0xx_HAL_Driver/Src/stm32g0xx_hal_rcc.o
                0x08004f00                HAL_RCC_GetPCLK1Freq
 .text.HAL_RCCEx_PeriphCLKConfig
                0x08004f28      0x1ec ./Drivers/STM32G0xx_HAL_Driver/Src/stm32g0xx_hal_rcc_ex.o
                0x08004f28                HAL_RCCEx_PeriphCLKConfig
 .text.HAL_TIM_OC_MspInit
                0x08005114        0x4 ./Drivers/STM32G0xx_HAL_Driver/Src/stm32g0xx_hal_tim.o
                0x08005114                HAL_TIM_OC_MspInit
 .text.HAL_TIM_PWM_MspInit
                0x08005118        0x4 ./Drivers/STM32G0xx_HAL_Driver/Src/stm32g0xx_hal_tim.o
                0x08005118                HAL_TIM_PWM_MspInit
 .text.HAL_TIM_IC_MspInit
                0x0800511c        0x4 ./Drivers/STM32G0xx_HAL_Driver/Src/stm32g0xx_hal_tim.o
                0x0800511c                HAL_TIM_IC_MspInit
 .text.HAL_TIM_PeriodElapsedCallback
                0x08005120        0x4 ./Drivers/STM32G0xx_HAL_Driver/Src/stm32g0xx_hal_tim.o
                0x08005120                HAL_TIM_PeriodElapsedCallback
 .text.HAL_TIM_PeriodElapsedHalfCpltCallback
                0x08005124        0x4 ./Drivers/STM32G0xx_HAL_Driver/Src/stm32g0xx_hal_tim.o
                0x08005124                HAL_TIM_PeriodElapsedHalfCpltCallback
 .text.HAL_TIM_OC_DelayElapsedCallback
                0x08005128        0x4 ./Drivers/STM32G0xx_HAL_Driver/Src/stm32g0xx_hal_tim.o
                0x08005128                HAL_TIM_OC_DelayElapsedCallback
 .text.HAL_TIM_IC_CaptureCallback
                0x0800512c        0x4 ./Drivers/STM32G0xx_HAL_Driver/Src/stm32g0xx_hal_tim.o
                0x0800512c                HAL_TIM_IC_CaptureCallback
 .text.HAL_TIM_IC_CaptureHalfCpltCallback
                0x08005130        0x4 ./Drivers/STM32G0xx_HAL_Driver/Src/stm32g0xx_hal_tim.o
                0x08005130                HAL_TIM_IC_CaptureHalfCpltCallback
 .text.HAL_TIM_PWM_PulseFinishedCallback
                0x08005134        0x4 ./Drivers/STM32G0xx_HAL_Driver/Src/stm32g0xx_hal_tim.o
                0x08005134                HAL_TIM_PWM_PulseFinishedCallback
 .text.HAL_TIM_PWM_PulseFinishedHalfCpltCallback
                0x08005138        0x4 ./Drivers/STM32G0xx_HAL_Driver/Src/stm32g0xx_hal_tim.o
                0x08005138                HAL_TIM_PWM_PulseFinishedHalfCpltCallback
 .text.HAL_TIM_TriggerCallback
                0x0800513c        0x4 ./Drivers/STM32G0xx_HAL_Driver/Src/stm32g0xx_hal_tim.o
                0x0800513c                HAL_TIM_TriggerCallback
 .text.HAL_TIM_TriggerHalfCpltCallback
                0x08005140        0x4 ./Drivers/STM32G0xx_HAL_Driver/Src/stm32g0xx_hal_tim.o
                0x08005140                HAL_TIM_TriggerHalfCpltCallback
 .text.HAL_TIM_ErrorCallback
                0x08005144        0x4 ./Drivers/STM32G0xx_HAL_Driver/Src/stm32g0xx_hal_tim.o
                0x08005144                HAL_TIM_ErrorCallback
 .text.HAL_TIM_Base_Init
                0x08005148      0x1ac ./Drivers/STM32G0xx_HAL_Driver/Src/stm32g0xx_hal_tim.o
                0x08005148                HAL_TIM_Base_Init
 .text.HAL_TIM_Base_Start
                0x080052f4       0x5c ./Drivers/STM32G0xx_HAL_Driver/Src/stm32g0xx_hal_tim.o
                0x080052f4                HAL_TIM_Base_Start
 .text.HAL_TIM_Base_Start_IT
                0x08005350       0x64 ./Drivers/STM32G0xx_HAL_Driver/Src/stm32g0xx_hal_tim.o
                0x08005350                HAL_TIM_Base_Start_IT
 .text.HAL_TIM_OC_Init
                0x080053b4      0x1ac ./Drivers/STM32G0xx_HAL_Driver/Src/stm32g0xx_hal_tim.o
                0x080053b4                HAL_TIM_OC_Init
 .text.HAL_TIM_OC_Start_IT
                0x08005560      0x100 ./Drivers/STM32G0xx_HAL_Driver/Src/stm32g0xx_hal_tim.o
                0x08005560                HAL_TIM_OC_Start_IT
 .text.HAL_TIM_OC_Stop_IT
                0x08005660       0xd8 ./Drivers/STM32G0xx_HAL_Driver/Src/stm32g0xx_hal_tim.o
                0x08005660                HAL_TIM_OC_Stop_IT
 .text.HAL_TIM_PWM_Init
                0x08005738      0x1ac ./Drivers/STM32G0xx_HAL_Driver/Src/stm32g0xx_hal_tim.o
                0x08005738                HAL_TIM_PWM_Init
 .text.HAL_TIM_PWM_Start
                0x080058e4       0xd0 ./Drivers/STM32G0xx_HAL_Driver/Src/stm32g0xx_hal_tim.o
                0x080058e4                HAL_TIM_PWM_Start
 .text.HAL_TIM_IC_Init
                0x080059b4      0x1ac ./Drivers/STM32G0xx_HAL_Driver/Src/stm32g0xx_hal_tim.o
                0x080059b4                HAL_TIM_IC_Init
 .text.HAL_TIM_IC_Start_IT
                0x08005b60      0x12c ./Drivers/STM32G0xx_HAL_Driver/Src/stm32g0xx_hal_tim.o
                0x08005b60                HAL_TIM_IC_Start_IT
 .text.HAL_TIM_IRQHandler
                0x08005c8c      0x1a8 ./Drivers/STM32G0xx_HAL_Driver/Src/stm32g0xx_hal_tim.o
                0x08005c8c                HAL_TIM_IRQHandler
 .text.HAL_TIM_OC_ConfigChannel
                0x08005e34      0x2ac ./Drivers/STM32G0xx_HAL_Driver/Src/stm32g0xx_hal_tim.o
                0x08005e34                HAL_TIM_OC_ConfigChannel
 .text.HAL_TIM_IC_ConfigChannel
                0x080060e0      0x1bc ./Drivers/STM32G0xx_HAL_Driver/Src/stm32g0xx_hal_tim.o
                0x080060e0                HAL_TIM_IC_ConfigChannel
 .text.HAL_TIM_PWM_ConfigChannel
                0x0800629c      0x350 ./Drivers/STM32G0xx_HAL_Driver/Src/stm32g0xx_hal_tim.o
                0x0800629c                HAL_TIM_PWM_ConfigChannel
 .text.HAL_TIM_ConfigClockSource
                0x080065ec      0x164 ./Drivers/STM32G0xx_HAL_Driver/Src/stm32g0xx_hal_tim.o
                0x080065ec                HAL_TIM_ConfigClockSource
 .text.HAL_TIM_ReadCapturedValue
                0x08006750       0x30 ./Drivers/STM32G0xx_HAL_Driver/Src/stm32g0xx_hal_tim.o
                0x08006750                HAL_TIM_ReadCapturedValue
 .text.HAL_TIM_RegisterCallback
                0x08006780      0x104 ./Drivers/STM32G0xx_HAL_Driver/Src/stm32g0xx_hal_tim.o
                0x08006780                HAL_TIM_RegisterCallback
 .text.HAL_TIMEx_MasterConfigSynchronization
                0x08006884       0x70 ./Drivers/STM32G0xx_HAL_Driver/Src/stm32g0xx_hal_tim_ex.o
                0x08006884                HAL_TIMEx_MasterConfigSynchronization
 .text.HAL_TIMEx_ConfigBreakDeadTime
                0x080068f4       0xc0 ./Drivers/STM32G0xx_HAL_Driver/Src/stm32g0xx_hal_tim_ex.o
                0x080068f4                HAL_TIMEx_ConfigBreakDeadTime
 .text.HAL_TIMEx_CommutCallback
                0x080069b4        0x4 ./Drivers/STM32G0xx_HAL_Driver/Src/stm32g0xx_hal_tim_ex.o
                0x080069b4                HAL_TIMEx_CommutCallback
 .text.HAL_TIMEx_CommutHalfCpltCallback
                0x080069b8        0x4 ./Drivers/STM32G0xx_HAL_Driver/Src/stm32g0xx_hal_tim_ex.o
                0x080069b8                HAL_TIMEx_CommutHalfCpltCallback
 .text.HAL_TIMEx_BreakCallback
                0x080069bc        0x4 ./Drivers/STM32G0xx_HAL_Driver/Src/stm32g0xx_hal_tim_ex.o
                0x080069bc                HAL_TIMEx_BreakCallback
 .text.HAL_TIMEx_Break2Callback
                0x080069c0        0x4 ./Drivers/STM32G0xx_HAL_Driver/Src/stm32g0xx_hal_tim_ex.o
                0x080069c0                HAL_TIMEx_Break2Callback
 .text.HAL_UARTEx_RxEventCallback
                0x080069c4        0x4 ./Drivers/STM32G0xx_HAL_Driver/Src/stm32g0xx_hal_uart.o
                0x080069c4                HAL_UARTEx_RxEventCallback
 .text.UART_DMAReceiveCplt
                0x080069c8       0xa0 ./Drivers/STM32G0xx_HAL_Driver/Src/stm32g0xx_hal_uart.o
 .text.UART_DMARxHalfCplt
                0x08006a68       0x24 ./Drivers/STM32G0xx_HAL_Driver/Src/stm32g0xx_hal_uart.o
 .text.UART_DMAAbortOnError
                0x08006a8c       0x18 ./Drivers/STM32G0xx_HAL_Driver/Src/stm32g0xx_hal_uart.o
 .text.HAL_UART_AbortReceiveCpltCallback
                0x08006aa4        0x4 ./Drivers/STM32G0xx_HAL_Driver/Src/stm32g0xx_hal_uart.o
                0x08006aa4                HAL_UART_AbortReceiveCpltCallback
 .text.HAL_UART_TxCpltCallback
                0x08006aa8        0x4 ./Drivers/STM32G0xx_HAL_Driver/Src/stm32g0xx_hal_uart.o
                0x08006aa8                HAL_UART_TxCpltCallback
 .text.HAL_UART_TxHalfCpltCallback
                0x08006aac        0x4 ./Drivers/STM32G0xx_HAL_Driver/Src/stm32g0xx_hal_uart.o
                0x08006aac                HAL_UART_TxHalfCpltCallback
 .text.HAL_UART_RxCpltCallback
                0x08006ab0        0x4 ./Drivers/STM32G0xx_HAL_Driver/Src/stm32g0xx_hal_uart.o
                0x08006ab0                HAL_UART_RxCpltCallback
 .text.HAL_UART_RxHalfCpltCallback
                0x08006ab4        0x4 ./Drivers/STM32G0xx_HAL_Driver/Src/stm32g0xx_hal_uart.o
                0x08006ab4                HAL_UART_RxHalfCpltCallback
 .text.HAL_UART_ErrorCallback
                0x08006ab8        0x4 ./Drivers/STM32G0xx_HAL_Driver/Src/stm32g0xx_hal_uart.o
                0x08006ab8                HAL_UART_ErrorCallback
 .text.HAL_UART_AbortCpltCallback
                0x08006abc        0x4 ./Drivers/STM32G0xx_HAL_Driver/Src/stm32g0xx_hal_uart.o
                0x08006abc                HAL_UART_AbortCpltCallback
 .text.HAL_UART_AbortTransmitCpltCallback
                0x08006ac0        0x4 ./Drivers/STM32G0xx_HAL_Driver/Src/stm32g0xx_hal_uart.o
                0x08006ac0                HAL_UART_AbortTransmitCpltCallback
 .text.UART_DMAError
                0x08006ac4       0xdc ./Drivers/STM32G0xx_HAL_Driver/Src/stm32g0xx_hal_uart.o
 .text.HAL_UART_RegisterCallback
                0x08006ba0       0xa4 ./Drivers/STM32G0xx_HAL_Driver/Src/stm32g0xx_hal_uart.o
                0x08006ba0                HAL_UART_RegisterCallback
 .text.HAL_UART_Receive_DMA
                0x08006c44      0x100 ./Drivers/STM32G0xx_HAL_Driver/Src/stm32g0xx_hal_uart.o
                0x08006c44                HAL_UART_Receive_DMA
 .text.HAL_UART_IRQHandler
                0x08006d44      0x3e0 ./Drivers/STM32G0xx_HAL_Driver/Src/stm32g0xx_hal_uart.o
                0x08006d44                HAL_UART_IRQHandler
 .text.UART_AdvFeatureConfig
                0x08007124       0xd0 ./Drivers/STM32G0xx_HAL_Driver/Src/stm32g0xx_hal_uart.o
                0x08007124                UART_AdvFeatureConfig
 .text.UART_CheckIdleState
                0x080071f4      0x2ac ./Drivers/STM32G0xx_HAL_Driver/Src/stm32g0xx_hal_uart.o
                0x080071f4                UART_CheckIdleState
 .text.HAL_UART_Init
                0x080074a0      0x31c ./Drivers/STM32G0xx_HAL_Driver/Src/stm32g0xx_hal_uart.o
                0x080074a0                HAL_UART_Init
 .text.HAL_UARTEx_WakeupCallback
                0x080077bc        0x4 ./Drivers/STM32G0xx_HAL_Driver/Src/stm32g0xx_hal_uart_ex.o
                0x080077bc                HAL_UARTEx_WakeupCallback
 .text.HAL_UARTEx_RxFifoFullCallback
                0x080077c0        0x4 ./Drivers/STM32G0xx_HAL_Driver/Src/stm32g0xx_hal_uart_ex.o
                0x080077c0                HAL_UARTEx_RxFifoFullCallback
 .text.HAL_UARTEx_TxFifoEmptyCallback
                0x080077c4        0x4 ./Drivers/STM32G0xx_HAL_Driver/Src/stm32g0xx_hal_uart_ex.o
                0x080077c4                HAL_UARTEx_TxFifoEmptyCallback
 .text.memset   0x080077c8       0x10 /Applications/STM32CubeIDE.app/Contents/Eclipse/plugins/com.st.stm32cube.ide.mcu.externaltools.gnu-tools-for-stm32.13.3.rel1.macos64_1.0.0.202411102158/tools/bin/../lib/gcc/arm-none-eabi/13.3.1/../../../../arm-none-eabi/lib/thumb/v6-m/nofp/libc_nano.a(libc_a-memset.o)
                0x080077c8                memset
 .text.__libc_init_array
                0x080077d8       0x48 /Applications/STM32CubeIDE.app/Contents/Eclipse/plugins/com.st.stm32cube.ide.mcu.externaltools.gnu-tools-for-stm32.13.3.rel1.macos64_1.0.0.202411102158/tools/bin/../lib/gcc/arm-none-eabi/13.3.1/../../../../arm-none-eabi/lib/thumb/v6-m/nofp/libc_nano.a(libc_a-init.o)
                0x080077d8                __libc_init_array
 .text.memcpy   0x08007820       0x12 /Applications/STM32CubeIDE.app/Contents/Eclipse/plugins/com.st.stm32cube.ide.mcu.externaltools.gnu-tools-for-stm32.13.3.rel1.macos64_1.0.0.202411102158/tools/bin/../lib/gcc/arm-none-eabi/13.3.1/../../../../arm-none-eabi/lib/thumb/v6-m/nofp/libc_nano.a(libc_a-memcpy-stub.o)
                0x08007820                memcpy
 *(.glue_7)
 .glue_7        0x08007832        0x0 linker stubs
 *(.glue_7t)
 .glue_7t       0x08007832        0x0 linker stubs
 *(.eh_frame)
 *fill*         0x08007832        0x2 
 .eh_frame      0x08007834        0x0 /Applications/STM32CubeIDE.app/Contents/Eclipse/plugins/com.st.stm32cube.ide.mcu.externaltools.gnu-tools-for-stm32.13.3.rel1.macos64_1.0.0.202411102158/tools/bin/../lib/gcc/arm-none-eabi/13.3.1/thumb/v6-m/nofp/crtbegin.o
 *(.init)
 .init          0x08007834        0x4 /Applications/STM32CubeIDE.app/Contents/Eclipse/plugins/com.st.stm32cube.ide.mcu.externaltools.gnu-tools-for-stm32.13.3.rel1.macos64_1.0.0.202411102158/tools/bin/../lib/gcc/arm-none-eabi/13.3.1/thumb/v6-m/nofp/crti.o
                0x08007834                _init
 .init          0x08007838        0x8 /Applications/STM32CubeIDE.app/Contents/Eclipse/plugins/com.st.stm32cube.ide.mcu.externaltools.gnu-tools-for-stm32.13.3.rel1.macos64_1.0.0.202411102158/tools/bin/../lib/gcc/arm-none-eabi/13.3.1/thumb/v6-m/nofp/crtn.o
 *(.fini)
 .fini          0x08007840        0x4 /Applications/STM32CubeIDE.app/Contents/Eclipse/plugins/com.st.stm32cube.ide.mcu.externaltools.gnu-tools-for-stm32.13.3.rel1.macos64_1.0.0.202411102158/tools/bin/../lib/gcc/arm-none-eabi/13.3.1/thumb/v6-m/nofp/crti.o
                0x08007840                _fini
 .fini          0x08007844        0x8 /Applications/STM32CubeIDE.app/Contents/Eclipse/plugins/com.st.stm32cube.ide.mcu.externaltools.gnu-tools-for-stm32.13.3.rel1.macos64_1.0.0.202411102158/tools/bin/../lib/gcc/arm-none-eabi/13.3.1/thumb/v6-m/nofp/crtn.o
                0x0800784c                        . = ALIGN (0x4)
                0x0800784c                        _etext = .

.vfp11_veneer   0x0800784c        0x0
 .vfp11_veneer  0x0800784c        0x0 linker stubs

.v4_bx          0x0800784c        0x0
 .v4_bx         0x0800784c        0x0 linker stubs

.iplt           0x0800784c        0x0
 .iplt          0x0800784c        0x0 /Applications/STM32CubeIDE.app/Contents/Eclipse/plugins/com.st.stm32cube.ide.mcu.externaltools.gnu-tools-for-stm32.13.3.rel1.macos64_1.0.0.202411102158/tools/bin/../lib/gcc/arm-none-eabi/13.3.1/thumb/v6-m/nofp/crtbegin.o

.rodata         0x0800784c      0xb38
                0x0800784c                        . = ALIGN (0x4)
 *(.rodata)
 *(.rodata*)
 .rodata.factory_preset_3
                0x0800784c        0x5 ./Core/Src/CC_and_PC.o
                0x0800784c                factory_preset_3
 *fill*         0x08007851        0x3 
 .rodata.factory_preset_2
                0x08007854        0x5 ./Core/Src/CC_and_PC.o
                0x08007854                factory_preset_2
 *fill*         0x08007859        0x3 
 .rodata.factory_preset_1
                0x0800785c        0x5 ./Core/Src/CC_and_PC.o
                0x0800785c                factory_preset_1
 *fill*         0x08007861        0x3 
 .rodata.factory_preset_0
                0x08007864        0x5 ./Core/Src/CC_and_PC.o
                0x08007864                factory_preset_0
 .rodata.num_ADC_conversions
                0x08007869        0x1 ./Core/Src/oscillator.o
                0x08007869                num_ADC_conversions
 *fill*         0x0800786a        0x2 
 .rodata.tri_wavetable
                0x0800786c      0x400 ./Core/Src/oscillator.o
                0x0800786c                tri_wavetable
 .rodata.sine_wavetable
                0x08007c6c      0x400 ./Core/Src/oscillator.o
                0x08007c6c                sine_wavetable
 .rodata.APBPrescTable
                0x0800806c       0x20 ./Core/Src/system_stm32g0xx.o
                0x0800806c                APBPrescTable
 .rodata.AHBPrescTable
                0x0800808c       0x40 ./Core/Src/system_stm32g0xx.o
                0x0800808c                AHBPrescTable
 .rodata.HAL_ADC_RegisterCallback
                0x080080cc       0x2c ./Drivers/STM32G0xx_HAL_Driver/Src/stm32g0xx_hal_adc.o
 .rodata.HAL_LPTIM_RegisterCallback
                0x080080f8       0x24 ./Drivers/STM32G0xx_HAL_Driver/Src/stm32g0xx_hal_lptim.o
 .rodata.HAL_TIM_OC_Start_IT
                0x0800811c       0x44 ./Drivers/STM32G0xx_HAL_Driver/Src/stm32g0xx_hal_tim.o
 .rodata.HAL_TIM_PWM_Start
                0x08008160       0x44 ./Drivers/STM32G0xx_HAL_Driver/Src/stm32g0xx_hal_tim.o
 .rodata.HAL_TIM_IC_Start_IT
                0x080081a4       0x44 ./Drivers/STM32G0xx_HAL_Driver/Src/stm32g0xx_hal_tim.o
 .rodata.HAL_TIM_OC_ConfigChannel
                0x080081e8       0x54 ./Drivers/STM32G0xx_HAL_Driver/Src/stm32g0xx_hal_tim.o
 .rodata.HAL_TIM_PWM_ConfigChannel
                0x0800823c       0x54 ./Drivers/STM32G0xx_HAL_Driver/Src/stm32g0xx_hal_tim.o
 .rodata.HAL_TIM_RegisterCallback
                0x08008290       0xa8 ./Drivers/STM32G0xx_HAL_Driver/Src/stm32g0xx_hal_tim.o
 .rodata.HAL_UART_RegisterCallback
                0x08008338       0x34 ./Drivers/STM32G0xx_HAL_Driver/Src/stm32g0xx_hal_uart.o
 .rodata.UARTPrescTable
                0x0800836c       0x18 ./Drivers/STM32G0xx_HAL_Driver/Src/stm32g0xx_hal_uart.o
                0x0800836c                UARTPrescTable
                0x08008384                        . = ALIGN (0x4)

.ARM.extab      0x08008384        0x0
                0x08008384                        . = ALIGN (0x4)
 *(.ARM.extab* .gnu.linkonce.armextab.*)
                0x08008384                        . = ALIGN (0x4)

.ARM            0x08008384        0x8
                0x08008384                        . = ALIGN (0x4)
                0x08008384                        __exidx_start = .
 *(.ARM.exidx*)
 .ARM.exidx     0x08008384        0x8 /Applications/STM32CubeIDE.app/Contents/Eclipse/plugins/com.st.stm32cube.ide.mcu.externaltools.gnu-tools-for-stm32.13.3.rel1.macos64_1.0.0.202411102158/tools/bin/../lib/gcc/arm-none-eabi/13.3.1/thumb/v6-m/nofp/libgcc.a(_udivmoddi4.o)
                0x0800838c                        __exidx_end = .
                0x0800838c                        . = ALIGN (0x4)

.preinit_array  0x0800838c        0x0
                0x0800838c                        . = ALIGN (0x4)
                0x0800838c                        PROVIDE (__preinit_array_start = .)
 *(.preinit_array*)
                0x0800838c                        PROVIDE (__preinit_array_end = .)
                0x0800838c                        . = ALIGN (0x4)

.init_array     0x0800838c        0x4
                0x0800838c                        . = ALIGN (0x4)
                0x0800838c                        PROVIDE (__init_array_start = .)
 *(SORT_BY_NAME(.init_array.*))
 *(.init_array*)
 .init_array    0x0800838c        0x4 /Applications/STM32CubeIDE.app/Contents/Eclipse/plugins/com.st.stm32cube.ide.mcu.externaltools.gnu-tools-for-stm32.13.3.rel1.macos64_1.0.0.202411102158/tools/bin/../lib/gcc/arm-none-eabi/13.3.1/thumb/v6-m/nofp/crtbegin.o
                0x08008390                        PROVIDE (__init_array_end = .)
                0x08008390                        . = ALIGN (0x4)

.fini_array     0x08008390        0x4
                0x08008390                        . = ALIGN (0x4)
                [!provide]                        PROVIDE (__fini_array_start = .)
 *(SORT_BY_NAME(.fini_array.*))
 *(.fini_array*)
 .fini_array    0x08008390        0x4 /Applications/STM32CubeIDE.app/Contents/Eclipse/plugins/com.st.stm32cube.ide.mcu.externaltools.gnu-tools-for-stm32.13.3.rel1.macos64_1.0.0.202411102158/tools/bin/../lib/gcc/arm-none-eabi/13.3.1/thumb/v6-m/nofp/crtbegin.o
                [!provide]                        PROVIDE (__fini_array_end = .)
                0x08008394                        . = ALIGN (0x4)
                0x08008394                        _sidata = LOADADDR (.data)

.rel.dyn        0x08008394        0x0
 .rel.iplt      0x08008394        0x0 /Applications/STM32CubeIDE.app/Contents/Eclipse/plugins/com.st.stm32cube.ide.mcu.externaltools.gnu-tools-for-stm32.13.3.rel1.macos64_1.0.0.202411102158/tools/bin/../lib/gcc/arm-none-eabi/13.3.1/thumb/v6-m/nofp/crtbegin.o

.data           0x20000000      0x44c load address 0x08008394
                0x20000000                        . = ALIGN (0x4)
                0x20000000                        _sdata = .
 *(.data)
 *(.data*)
 .data.user_preset_3
                0x20000000        0x5 ./Core/Src/CC_and_PC.o
                0x20000000                user_preset_3
 *fill*         0x20000005        0x3 
 .data.user_preset_2
                0x20000008        0x5 ./Core/Src/CC_and_PC.o
                0x20000008                user_preset_2
 *fill*         0x2000000d        0x3 
 .data.user_preset_1
                0x20000010        0x5 ./Core/Src/CC_and_PC.o
                0x20000010                user_preset_1
 *fill*         0x20000015        0x3 
 .data.user_preset_0
                0x20000018        0x5 ./Core/Src/CC_and_PC.o
                0x20000018                user_preset_0
 .data.tap_tempo_switch_state_counter.1
                0x2000001d        0x1 ./Core/Src/checking_functions.o
 *fill*         0x2000001e        0x2 
 .data.delay_line
                0x20000020      0x408 ./Core/Src/oscillator.o
                0x20000020                delay_line
 .data.IP_CAP_fsm
                0x20000428        0x2 ./Core/Src/state_machine.o
                0x20000428                IP_CAP_fsm
 *fill*         0x2000042a        0x2 
 .data.phase_fsm
                0x2000042c        0x2 ./Core/Src/state_machine.o
                0x2000042c                phase_fsm
 *fill*         0x2000042e        0x2 
 .data.symmetry_fsm
                0x20000430        0x2 ./Core/Src/state_machine.o
                0x20000430                symmetry_fsm
 *fill*         0x20000432        0x2 
 .data.waveshape_fsm
                0x20000434        0x2 ./Core/Src/state_machine.o
                0x20000434                waveshape_fsm
 *fill*         0x20000436        0x2 
 .data.depth_fsm
                0x20000438        0x2 ./Core/Src/state_machine.o
                0x20000438                depth_fsm
 *fill*         0x2000043a        0x2 
 .data.speed_fsm
                0x2000043c        0x2 ./Core/Src/state_machine.o
                0x2000043c                speed_fsm
 *fill*         0x2000043e        0x2 
 .data.SystemCoreClock
                0x20000440        0x4 ./Core/Src/system_stm32g0xx.o
                0x20000440                SystemCoreClock
 .data.uwTickFreq
                0x20000444        0x1 ./Drivers/STM32G0xx_HAL_Driver/Src/stm32g0xx_hal.o
                0x20000444                uwTickFreq
 *fill*         0x20000445        0x3 
 .data.uwTickPrio
                0x20000448        0x4 ./Drivers/STM32G0xx_HAL_Driver/Src/stm32g0xx_hal.o
                0x20000448                uwTickPrio
 *(.RamFunc)
 *(.RamFunc*)
                0x2000044c                        . = ALIGN (0x4)
                0x2000044c                        _edata = .

.igot.plt       0x2000044c        0x0 load address 0x080087e0
 .igot.plt      0x2000044c        0x0 /Applications/STM32CubeIDE.app/Contents/Eclipse/plugins/com.st.stm32cube.ide.mcu.externaltools.gnu-tools-for-stm32.13.3.rel1.macos64_1.0.0.202411102158/tools/bin/../lib/gcc/arm-none-eabi/13.3.1/thumb/v6-m/nofp/crtbegin.o
                0x2000044c                        . = ALIGN (0x4)

.bss            0x20000450      0x848 load address 0x080087e0
                0x20000450                        _sbss = .
                0x20000450                        __bss_start__ = _sbss
 *(.bss)
 .bss           0x20000450       0x1c /Applications/STM32CubeIDE.app/Contents/Eclipse/plugins/com.st.stm32cube.ide.mcu.externaltools.gnu-tools-for-stm32.13.3.rel1.macos64_1.0.0.202411102158/tools/bin/../lib/gcc/arm-none-eabi/13.3.1/thumb/v6-m/nofp/crtbegin.o
 *(.bss*)
 .bss.user_presets_used_array
                0x2000046c        0x4 ./Core/Src/CC_and_PC.o
                0x2000046c                user_presets_used_array
 .bss.preset_selected
                0x20000470        0x1 ./Core/Src/CC_and_PC.o
                0x20000470                preset_selected
 *fill*         0x20000471        0x3 
 .bss.presets_converted_array
                0x20000474       0x28 ./Core/Src/CC_and_PC.o
                0x20000474                presets_converted_array
 .bss.user_presets_array
                0x2000049c       0x10 ./Core/Src/CC_and_PC.o
                0x2000049c                user_presets_array
 .bss.factory_presets_array
                0x200004ac       0x10 ./Core/Src/CC_and_PC.o
                0x200004ac                factory_presets_array
 .bss.MIDI_data
                0x200004bc        0xa ./Core/Src/MIDI.o
                0x200004bc                MIDI_data
 .bss.running_status_byte
                0x200004c6        0x1 ./Core/Src/MIDI.o
                0x200004c6                running_status_byte
 .bss.active_status_byte
                0x200004c7        0x1 ./Core/Src/MIDI.o
                0x200004c7                active_status_byte
 .bss.MIDI_basic_channel
                0x200004c8        0x1 ./Core/Src/MIDI.o
                0x200004c8                MIDI_basic_channel
 *fill*         0x200004c9        0x3 
 .bss.rx_buffer
                0x200004cc        0x1 ./Core/Src/UART.o
                0x200004cc                rx_buffer
 .bss.extend_rising_edge.0
                0x200004cd        0x1 ./Core/Src/checking_functions.o
 .bss.second_speed_measurement.2
                0x200004ce        0x2 ./Core/Src/checking_functions.o
 .bss.first_speed_measurement.3
                0x200004d0        0x2 ./Core/Src/checking_functions.o
 .bss.speed_pot_adc_measurement_num
                0x200004d2        0x1 ./Core/Src/checking_functions.o
                0x200004d2                speed_pot_adc_measurement_num
 *fill*         0x200004d3        0x5 
 .bss.hlptim1   0x200004d8       0x5c ./Core/Src/config.o
                0x200004d8                hlptim1
 .bss.hdma_usart2_tx
                0x20000534       0x5c ./Core/Src/config.o
                0x20000534                hdma_usart2_tx
 .bss.hdma_usart2_rx
                0x20000590       0x5c ./Core/Src/config.o
                0x20000590                hdma_usart2_rx
 .bss.huart2    0x200005ec       0xcc ./Core/Src/config.o
                0x200005ec                huart2
 .bss.htim1     0x200006b8       0xbc ./Core/Src/config.o
                0x200006b8                htim1
 .bss.htim3     0x20000774       0xbc ./Core/Src/config.o
                0x20000774                htim3
 .bss.htim2     0x20000830       0xbc ./Core/Src/config.o
                0x20000830                htim2
 .bss.htim16    0x200008ec       0xbc ./Core/Src/config.o
                0x200008ec                htim16
 .bss.htim17    0x200009a8       0xbc ./Core/Src/config.o
                0x200009a8                htim17
 .bss.htim14    0x20000a64       0xbc ./Core/Src/config.o
                0x20000a64                htim14
 .bss.hdma_adc1
                0x20000b20       0x5c ./Core/Src/config.o
                0x20000b20                hdma_adc1
 .bss.hadc1     0x20000b7c       0x88 ./Core/Src/config.o
                0x20000b7c                hadc1
 .bss.tap_tempo_switch_states.0
                0x20000c04        0x2 ./Core/Src/custom_callbacks.o
 .bss.MIDI_CLK_tag
                0x20000c06        0x1 ./Core/Src/input_capture.o
                0x20000c06                MIDI_CLK_tag
 *fill*         0x20000c07        0x1 
 .bss.interrupt_period
                0x20000c08        0x2 ./Core/Src/input_capture.o
                0x20000c08                interrupt_period
 *fill*         0x20000c0a        0x2 
 .bss.TIM2_ch1_input_capture_value
                0x20000c0c        0x4 ./Core/Src/input_capture.o
                0x20000c0c                TIM2_ch1_input_capture_value
 .bss.midi_counter
                0x20000c10        0x4 ./Core/Src/main.o
                0x20000c10                midi_counter
 .bss.idle_counter
                0x20000c14        0x4 ./Core/Src/main.o
                0x20000c14                idle_counter
 .bss.statuses  0x20000c18        0x4 ./Core/Src/main.o
                0x20000c18                statuses
 .bss.params_working
                0x20000c1c       0x22 ./Core/Src/oscillator.o
                0x20000c1c                params_working
 *fill*         0x20000c3e        0x2 
 .bss.params_to_be_loaded
                0x20000c40       0x22 ./Core/Src/oscillator.o
                0x20000c40                params_to_be_loaded
 *fill*         0x20000c62        0x2 
 .bss.params    0x20000c64       0x22 ./Core/Src/oscillator.o
                0x20000c64                params
 *fill*         0x20000c86        0x2 
 .bss.ADCResultsDMA
                0x20000c88        0xa ./Core/Src/oscillator.o
                0x20000c88                ADCResultsDMA
 .bss.MIDI_CLK_fsm
                0x20000c92        0x1 ./Core/Src/state_machine.o
                0x20000c92                MIDI_CLK_fsm
 *fill*         0x20000c93        0x1 
 .bss.uwTick    0x20000c94        0x4 ./Drivers/STM32G0xx_HAL_Driver/Src/stm32g0xx_hal.o
                0x20000c94                uwTick
 *(COMMON)
                0x20000c98                        . = ALIGN (0x4)
                0x20000c98                        _ebss = .
                0x20000c98                        __bss_end__ = _ebss

._user_heap_stack
                0x20000c98      0x600 load address 0x080087e0
                0x20000c98                        . = ALIGN (0x8)
                [!provide]                        PROVIDE (end = .)
                0x20000c98                        PROVIDE (_end = .)
                0x20000e98                        . = (. + _Min_Heap_Size)
 *fill*         0x20000c98      0x200 
                0x20001298                        . = (. + _Min_Stack_Size)
 *fill*         0x20000e98      0x400 
                0x20001298                        . = ALIGN (0x8)

/DISCARD/
 libc.a(*)
 libm.a(*)
 libgcc.a(*)

.ARM.attributes
                0x00000000       0x28
 *(.ARM.attributes)
 .ARM.attributes
                0x00000000       0x1e /Applications/STM32CubeIDE.app/Contents/Eclipse/plugins/com.st.stm32cube.ide.mcu.externaltools.gnu-tools-for-stm32.13.3.rel1.macos64_1.0.0.202411102158/tools/bin/../lib/gcc/arm-none-eabi/13.3.1/thumb/v6-m/nofp/crti.o
 .ARM.attributes
                0x0000001e       0x2c /Applications/STM32CubeIDE.app/Contents/Eclipse/plugins/com.st.stm32cube.ide.mcu.externaltools.gnu-tools-for-stm32.13.3.rel1.macos64_1.0.0.202411102158/tools/bin/../lib/gcc/arm-none-eabi/13.3.1/thumb/v6-m/nofp/crtbegin.o
 .ARM.attributes
                0x0000004a       0x28 ./Core/Src/CC_and_PC.o
 .ARM.attributes
                0x00000072       0x28 ./Core/Src/MIDI.o
 .ARM.attributes
                0x0000009a       0x28 ./Core/Src/UART.o
 .ARM.attributes
                0x000000c2       0x28 ./Core/Src/checking_functions.o
 .ARM.attributes
                0x000000ea       0x28 ./Core/Src/config.o
 .ARM.attributes
                0x00000112       0x28 ./Core/Src/custom_callbacks.o
 .ARM.attributes
                0x0000013a       0x28 ./Core/Src/input_capture.o
 .ARM.attributes
                0x00000162       0x28 ./Core/Src/main.o
 .ARM.attributes
                0x0000018a       0x28 ./Core/Src/oscillator.o
 .ARM.attributes
                0x000001b2       0x28 ./Core/Src/startup.o
 .ARM.attributes
                0x000001da       0x28 ./Core/Src/state_machine.o
 .ARM.attributes
                0x00000202       0x28 ./Core/Src/stm32g0xx_hal_msp.o
 .ARM.attributes
                0x0000022a       0x28 ./Core/Src/stm32g0xx_it.o
 .ARM.attributes
                0x00000252       0x28 ./Core/Src/symmetry_adjustment.o
 .ARM.attributes
                0x0000027a       0x28 ./Core/Src/system_stm32g0xx.o
 .ARM.attributes
                0x000002a2       0x28 ./Core/Src/timers.o
 .ARM.attributes
                0x000002ca       0x28 ./Core/Src/utility.o
 .ARM.attributes
                0x000002f2       0x22 ./Core/Startup/startup_stm32g031k8tx.o
 .ARM.attributes
                0x00000314       0x28 ./Drivers/STM32G0xx_HAL_Driver/Src/stm32g0xx_hal.o
 .ARM.attributes
                0x0000033c       0x28 ./Drivers/STM32G0xx_HAL_Driver/Src/stm32g0xx_hal_adc.o
 .ARM.attributes
                0x00000364       0x28 ./Drivers/STM32G0xx_HAL_Driver/Src/stm32g0xx_hal_adc_ex.o
 .ARM.attributes
                0x0000038c       0x28 ./Drivers/STM32G0xx_HAL_Driver/Src/stm32g0xx_hal_cortex.o
 .ARM.attributes
                0x000003b4       0x28 ./Drivers/STM32G0xx_HAL_Driver/Src/stm32g0xx_hal_dma.o
 .ARM.attributes
                0x000003dc       0x28 ./Drivers/STM32G0xx_HAL_Driver/Src/stm32g0xx_hal_gpio.o
 .ARM.attributes
                0x00000404       0x28 ./Drivers/STM32G0xx_HAL_Driver/Src/stm32g0xx_hal_lptim.o
 .ARM.attributes
                0x0000042c       0x28 ./Drivers/STM32G0xx_HAL_Driver/Src/stm32g0xx_hal_pwr_ex.o
 .ARM.attributes
                0x00000454       0x28 ./Drivers/STM32G0xx_HAL_Driver/Src/stm32g0xx_hal_rcc.o
 .ARM.attributes
                0x0000047c       0x28 ./Drivers/STM32G0xx_HAL_Driver/Src/stm32g0xx_hal_rcc_ex.o
 .ARM.attributes
                0x000004a4       0x28 ./Drivers/STM32G0xx_HAL_Driver/Src/stm32g0xx_hal_tim.o
 .ARM.attributes
                0x000004cc       0x28 ./Drivers/STM32G0xx_HAL_Driver/Src/stm32g0xx_hal_tim_ex.o
 .ARM.attributes
                0x000004f4       0x28 ./Drivers/STM32G0xx_HAL_Driver/Src/stm32g0xx_hal_uart.o
 .ARM.attributes
                0x0000051c       0x28 ./Drivers/STM32G0xx_HAL_Driver/Src/stm32g0xx_hal_uart_ex.o
 .ARM.attributes
                0x00000544       0x2c /Applications/STM32CubeIDE.app/Contents/Eclipse/plugins/com.st.stm32cube.ide.mcu.externaltools.gnu-tools-for-stm32.13.3.rel1.macos64_1.0.0.202411102158/tools/bin/../lib/gcc/arm-none-eabi/13.3.1/../../../../arm-none-eabi/lib/thumb/v6-m/nofp/libc_nano.a(libc_a-memset.o)
 .ARM.attributes
                0x00000570       0x2c /Applications/STM32CubeIDE.app/Contents/Eclipse/plugins/com.st.stm32cube.ide.mcu.externaltools.gnu-tools-for-stm32.13.3.rel1.macos64_1.0.0.202411102158/tools/bin/../lib/gcc/arm-none-eabi/13.3.1/../../../../arm-none-eabi/lib/thumb/v6-m/nofp/libc_nano.a(libc_a-init.o)
 .ARM.attributes
                0x0000059c       0x2c /Applications/STM32CubeIDE.app/Contents/Eclipse/plugins/com.st.stm32cube.ide.mcu.externaltools.gnu-tools-for-stm32.13.3.rel1.macos64_1.0.0.202411102158/tools/bin/../lib/gcc/arm-none-eabi/13.3.1/../../../../arm-none-eabi/lib/thumb/v6-m/nofp/libc_nano.a(libc_a-memcpy-stub.o)
 .ARM.attributes
                0x000005c8       0x1e /Applications/STM32CubeIDE.app/Contents/Eclipse/plugins/com.st.stm32cube.ide.mcu.externaltools.gnu-tools-for-stm32.13.3.rel1.macos64_1.0.0.202411102158/tools/bin/../lib/gcc/arm-none-eabi/13.3.1/thumb/v6-m/nofp/libgcc.a(_udivsi3.o)
 .ARM.attributes
                0x000005e6       0x1e /Applications/STM32CubeIDE.app/Contents/Eclipse/plugins/com.st.stm32cube.ide.mcu.externaltools.gnu-tools-for-stm32.13.3.rel1.macos64_1.0.0.202411102158/tools/bin/../lib/gcc/arm-none-eabi/13.3.1/thumb/v6-m/nofp/libgcc.a(_dvmd_tls.o)
 .ARM.attributes
                0x00000604       0x1e /Applications/STM32CubeIDE.app/Contents/Eclipse/plugins/com.st.stm32cube.ide.mcu.externaltools.gnu-tools-for-stm32.13.3.rel1.macos64_1.0.0.202411102158/tools/bin/../lib/gcc/arm-none-eabi/13.3.1/thumb/v6-m/nofp/libgcc.a(_aeabi_uldivmod.o)
 .ARM.attributes
                0x00000622       0x2c /Applications/STM32CubeIDE.app/Contents/Eclipse/plugins/com.st.stm32cube.ide.mcu.externaltools.gnu-tools-for-stm32.13.3.rel1.macos64_1.0.0.202411102158/tools/bin/../lib/gcc/arm-none-eabi/13.3.1/thumb/v6-m/nofp/libgcc.a(_udivmoddi4.o)
 .ARM.attributes
                0x0000064e       0x1e /Applications/STM32CubeIDE.app/Contents/Eclipse/plugins/com.st.stm32cube.ide.mcu.externaltools.gnu-tools-for-stm32.13.3.rel1.macos64_1.0.0.202411102158/tools/bin/../lib/gcc/arm-none-eabi/13.3.1/thumb/v6-m/nofp/libgcc.a(_clzdi2.o)
 .ARM.attributes
                0x0000066c       0x1e /Applications/STM32CubeIDE.app/Contents/Eclipse/plugins/com.st.stm32cube.ide.mcu.externaltools.gnu-tools-for-stm32.13.3.rel1.macos64_1.0.0.202411102158/tools/bin/../lib/gcc/arm-none-eabi/13.3.1/thumb/v6-m/nofp/libgcc.a(_clzsi2.o)
 .ARM.attributes
                0x0000068a       0x1e /Applications/STM32CubeIDE.app/Contents/Eclipse/plugins/com.st.stm32cube.ide.mcu.externaltools.gnu-tools-for-stm32.13.3.rel1.macos64_1.0.0.202411102158/tools/bin/../lib/gcc/arm-none-eabi/13.3.1/thumb/v6-m/nofp/crtn.o
OUTPUT(g031k8.elf elf32-littlearm)
LOAD linker stubs
LOAD /Applications/STM32CubeIDE.app/Contents/Eclipse/plugins/com.st.stm32cube.ide.mcu.externaltools.gnu-tools-for-stm32.13.3.rel1.macos64_1.0.0.202411102158/tools/bin/../lib/gcc/arm-none-eabi/13.3.1/../../../../arm-none-eabi/lib/thumb/v6-m/nofp/libc.a
LOAD /Applications/STM32CubeIDE.app/Contents/Eclipse/plugins/com.st.stm32cube.ide.mcu.externaltools.gnu-tools-for-stm32.13.3.rel1.macos64_1.0.0.202411102158/tools/bin/../lib/gcc/arm-none-eabi/13.3.1/../../../../arm-none-eabi/lib/thumb/v6-m/nofp/libm.a
LOAD /Applications/STM32CubeIDE.app/Contents/Eclipse/plugins/com.st.stm32cube.ide.mcu.externaltools.gnu-tools-for-stm32.13.3.rel1.macos64_1.0.0.202411102158/tools/bin/../lib/gcc/arm-none-eabi/13.3.1/thumb/v6-m/nofp/libgcc.a

.debug_info     0x00000000    0x2b4de
 .debug_info    0x00000000     0x118f ./Core/Src/CC_and_PC.o
 .debug_info    0x0000118f      0x855 ./Core/Src/MIDI.o
 .debug_info    0x000019e4      0x925 ./Core/Src/UART.o
 .debug_info    0x00002309      0x5e1 ./Core/Src/checking_functions.o
 .debug_info    0x000028ea     0x3825 ./Core/Src/config.o
 .debug_info    0x0000610f     0x2df2 ./Core/Src/custom_callbacks.o
 .debug_info    0x00008f01      0xf3f ./Core/Src/input_capture.o
 .debug_info    0x00009e40      0x4fb ./Core/Src/main.o
 .debug_info    0x0000a33b      0xf48 ./Core/Src/oscillator.o
 .debug_info    0x0000b283     0x194d ./Core/Src/startup.o
 .debug_info    0x0000cbd0      0x2cf ./Core/Src/state_machine.o
 .debug_info    0x0000ce9f     0x2113 ./Core/Src/stm32g0xx_hal_msp.o
 .debug_info    0x0000efb2     0x12ca ./Core/Src/stm32g0xx_it.o
 .debug_info    0x0001027c      0x524 ./Core/Src/symmetry_adjustment.o
 .debug_info    0x000107a0      0x34e ./Core/Src/system_stm32g0xx.o
 .debug_info    0x00010aee      0xa60 ./Core/Src/timers.o
 .debug_info    0x0001154e      0x2ee ./Core/Src/utility.o
 .debug_info    0x0001183c       0x30 ./Core/Startup/startup_stm32g031k8tx.o
 .debug_info    0x0001186c      0xb3c ./Drivers/STM32G0xx_HAL_Driver/Src/stm32g0xx_hal.o
 .debug_info    0x000123a8     0x23f9 ./Drivers/STM32G0xx_HAL_Driver/Src/stm32g0xx_hal_adc.o
 .debug_info    0x000147a1      0xd8e ./Drivers/STM32G0xx_HAL_Driver/Src/stm32g0xx_hal_adc_ex.o
 .debug_info    0x0001552f      0xa40 ./Drivers/STM32G0xx_HAL_Driver/Src/stm32g0xx_hal_cortex.o
 .debug_info    0x00015f6f      0xac8 ./Drivers/STM32G0xx_HAL_Driver/Src/stm32g0xx_hal_dma.o
 .debug_info    0x00016a37      0x5e4 ./Drivers/STM32G0xx_HAL_Driver/Src/stm32g0xx_hal_gpio.o
 .debug_info    0x0001701b     0x1c8b ./Drivers/STM32G0xx_HAL_Driver/Src/stm32g0xx_hal_lptim.o
 .debug_info    0x00018ca6      0x7ef ./Drivers/STM32G0xx_HAL_Driver/Src/stm32g0xx_hal_pwr_ex.o
 .debug_info    0x00019495      0xdc8 ./Drivers/STM32G0xx_HAL_Driver/Src/stm32g0xx_hal_rcc.o
 .debug_info    0x0001a25d      0x854 ./Drivers/STM32G0xx_HAL_Driver/Src/stm32g0xx_hal_rcc_ex.o
 .debug_info    0x0001aab1     0x54b6 ./Drivers/STM32G0xx_HAL_Driver/Src/stm32g0xx_hal_tim.o
 .debug_info    0x0001ff67     0x217c ./Drivers/STM32G0xx_HAL_Driver/Src/stm32g0xx_hal_tim_ex.o
 .debug_info    0x000220e3     0x7f4f ./Drivers/STM32G0xx_HAL_Driver/Src/stm32g0xx_hal_uart.o
 .debug_info    0x0002a032     0x14ac ./Drivers/STM32G0xx_HAL_Driver/Src/stm32g0xx_hal_uart_ex.o

.debug_abbrev   0x00000000     0x55d2
 .debug_abbrev  0x00000000      0x3cc ./Core/Src/CC_and_PC.o
 .debug_abbrev  0x000003cc      0x2b8 ./Core/Src/MIDI.o
 .debug_abbrev  0x00000684      0x1b9 ./Core/Src/UART.o
 .debug_abbrev  0x0000083d      0x206 ./Core/Src/checking_functions.o
 .debug_abbrev  0x00000a43      0x36b ./Core/Src/config.o
 .debug_abbrev  0x00000dae      0x39d ./Core/Src/custom_callbacks.o
 .debug_abbrev  0x0000114b      0x360 ./Core/Src/input_capture.o
 .debug_abbrev  0x000014ab      0x19f ./Core/Src/main.o
 .debug_abbrev  0x0000164a      0x2ca ./Core/Src/oscillator.o
 .debug_abbrev  0x00001914      0x29f ./Core/Src/startup.o
 .debug_abbrev  0x00001bb3       0xff ./Core/Src/state_machine.o
 .debug_abbrev  0x00001cb2      0x2ae ./Core/Src/stm32g0xx_hal_msp.o
 .debug_abbrev  0x00001f60      0x23d ./Core/Src/stm32g0xx_it.o
 .debug_abbrev  0x0000219d      0x1b4 ./Core/Src/symmetry_adjustment.o
 .debug_abbrev  0x00002351      0x148 ./Core/Src/system_stm32g0xx.o
 .debug_abbrev  0x00002499      0x21c ./Core/Src/timers.o
 .debug_abbrev  0x000026b5      0x18e ./Core/Src/utility.o
 .debug_abbrev  0x00002843       0x24 ./Core/Startup/startup_stm32g031k8tx.o
 .debug_abbrev  0x00002867      0x341 ./Drivers/STM32G0xx_HAL_Driver/Src/stm32g0xx_hal.o
 .debug_abbrev  0x00002ba8      0x377 ./Drivers/STM32G0xx_HAL_Driver/Src/stm32g0xx_hal_adc.o
 .debug_abbrev  0x00002f1f      0x30f ./Drivers/STM32G0xx_HAL_Driver/Src/stm32g0xx_hal_adc_ex.o
 .debug_abbrev  0x0000322e      0x2dc ./Drivers/STM32G0xx_HAL_Driver/Src/stm32g0xx_hal_cortex.o
 .debug_abbrev  0x0000350a      0x28a ./Drivers/STM32G0xx_HAL_Driver/Src/stm32g0xx_hal_dma.o
 .debug_abbrev  0x00003794      0x26a ./Drivers/STM32G0xx_HAL_Driver/Src/stm32g0xx_hal_gpio.o
 .debug_abbrev  0x000039fe      0x365 ./Drivers/STM32G0xx_HAL_Driver/Src/stm32g0xx_hal_lptim.o
 .debug_abbrev  0x00003d63      0x28a ./Drivers/STM32G0xx_HAL_Driver/Src/stm32g0xx_hal_pwr_ex.o
 .debug_abbrev  0x00003fed      0x36b ./Drivers/STM32G0xx_HAL_Driver/Src/stm32g0xx_hal_rcc.o
 .debug_abbrev  0x00004358      0x296 ./Drivers/STM32G0xx_HAL_Driver/Src/stm32g0xx_hal_rcc_ex.o
 .debug_abbrev  0x000045ee      0x3e7 ./Drivers/STM32G0xx_HAL_Driver/Src/stm32g0xx_hal_tim.o
 .debug_abbrev  0x000049d5      0x3f8 ./Drivers/STM32G0xx_HAL_Driver/Src/stm32g0xx_hal_tim_ex.o
 .debug_abbrev  0x00004dcd      0x4a2 ./Drivers/STM32G0xx_HAL_Driver/Src/stm32g0xx_hal_uart.o
 .debug_abbrev  0x0000526f      0x363 ./Drivers/STM32G0xx_HAL_Driver/Src/stm32g0xx_hal_uart_ex.o

.debug_loclists
                0x00000000    0x12190
 .debug_loclists
                0x00000000      0xbec ./Core/Src/CC_and_PC.o
 .debug_loclists
                0x00000bec      0x5e0 ./Core/Src/MIDI.o
 .debug_loclists
                0x000011cc       0x80 ./Core/Src/checking_functions.o
 .debug_loclists
                0x0000124c      0x1de ./Core/Src/custom_callbacks.o
 .debug_loclists
                0x0000142a      0x194 ./Core/Src/input_capture.o
 .debug_loclists
                0x000015be      0x2b3 ./Core/Src/oscillator.o
 .debug_loclists
                0x00001871       0x29 ./Core/Src/startup.o
 .debug_loclists
                0x0000189a       0x24 ./Core/Src/state_machine.o
 .debug_loclists
                0x000018be      0x226 ./Core/Src/stm32g0xx_hal_msp.o
 .debug_loclists
                0x00001ae4      0x309 ./Core/Src/symmetry_adjustment.o
 .debug_loclists
                0x00001ded       0xa7 ./Core/Src/system_stm32g0xx.o
 .debug_loclists
                0x00001e94       0xa8 ./Core/Src/timers.o
 .debug_loclists
                0x00001f3c       0xac ./Core/Src/utility.o
 .debug_loclists
                0x00001fe8      0x147 ./Drivers/STM32G0xx_HAL_Driver/Src/stm32g0xx_hal.o
 .debug_loclists
                0x0000212f     0x12f9 ./Drivers/STM32G0xx_HAL_Driver/Src/stm32g0xx_hal_adc.o
 .debug_loclists
                0x00003428      0x2c1 ./Drivers/STM32G0xx_HAL_Driver/Src/stm32g0xx_hal_adc_ex.o
 .debug_loclists
                0x000036e9      0x262 ./Drivers/STM32G0xx_HAL_Driver/Src/stm32g0xx_hal_cortex.o
 .debug_loclists
                0x0000394b      0x83e ./Drivers/STM32G0xx_HAL_Driver/Src/stm32g0xx_hal_dma.o
 .debug_loclists
                0x00004189      0x61e ./Drivers/STM32G0xx_HAL_Driver/Src/stm32g0xx_hal_gpio.o
 .debug_loclists
                0x000047a7     0x1179 ./Drivers/STM32G0xx_HAL_Driver/Src/stm32g0xx_hal_lptim.o
 .debug_loclists
                0x00005920      0x1f5 ./Drivers/STM32G0xx_HAL_Driver/Src/stm32g0xx_hal_pwr_ex.o
 .debug_loclists
                0x00005b15      0x529 ./Drivers/STM32G0xx_HAL_Driver/Src/stm32g0xx_hal_rcc.o
 .debug_loclists
                0x0000603e      0x4c0 ./Drivers/STM32G0xx_HAL_Driver/Src/stm32g0xx_hal_rcc_ex.o
 .debug_loclists
                0x000064fe     0x5924 ./Drivers/STM32G0xx_HAL_Driver/Src/stm32g0xx_hal_tim.o
 .debug_loclists
                0x0000be22     0x15db ./Drivers/STM32G0xx_HAL_Driver/Src/stm32g0xx_hal_tim_ex.o
 .debug_loclists
                0x0000d3fd     0x437b ./Drivers/STM32G0xx_HAL_Driver/Src/stm32g0xx_hal_uart.o
 .debug_loclists
                0x00011778      0xa18 ./Drivers/STM32G0xx_HAL_Driver/Src/stm32g0xx_hal_uart_ex.o

.debug_aranges  0x00000000     0x14e8
 .debug_aranges
                0x00000000       0xb8 ./Core/Src/CC_and_PC.o
 .debug_aranges
                0x000000b8       0xa8 ./Core/Src/MIDI.o
 .debug_aranges
                0x00000160       0x20 ./Core/Src/UART.o
 .debug_aranges
                0x00000180       0x28 ./Core/Src/checking_functions.o
 .debug_aranges
                0x000001a8       0x90 ./Core/Src/config.o
 .debug_aranges
                0x00000238       0x78 ./Core/Src/custom_callbacks.o
 .debug_aranges
                0x000002b0       0x48 ./Core/Src/input_capture.o
 .debug_aranges
                0x000002f8       0x20 ./Core/Src/main.o
 .debug_aranges
                0x00000318       0x50 ./Core/Src/oscillator.o
 .debug_aranges
                0x00000368       0x20 ./Core/Src/startup.o
 .debug_aranges
                0x00000388       0x20 ./Core/Src/state_machine.o
 .debug_aranges
                0x000003a8       0x68 ./Core/Src/stm32g0xx_hal_msp.o
 .debug_aranges
                0x00000410       0x90 ./Core/Src/stm32g0xx_it.o
 .debug_aranges
                0x000004a0       0x28 ./Core/Src/symmetry_adjustment.o
 .debug_aranges
                0x000004c8       0x28 ./Core/Src/system_stm32g0xx.o
 .debug_aranges
                0x000004f0       0x28 ./Core/Src/timers.o
 .debug_aranges
                0x00000518       0x50 ./Core/Src/utility.o
 .debug_aranges
                0x00000568       0x28 ./Core/Startup/startup_stm32g031k8tx.o
 .debug_aranges
                0x00000590      0x128 ./Drivers/STM32G0xx_HAL_Driver/Src/stm32g0xx_hal.o
 .debug_aranges
                0x000006b8      0x108 ./Drivers/STM32G0xx_HAL_Driver/Src/stm32g0xx_hal_adc.o
 .debug_aranges
                0x000007c0       0x58 ./Drivers/STM32G0xx_HAL_Driver/Src/stm32g0xx_hal_adc_ex.o
 .debug_aranges
                0x00000818       0xa0 ./Drivers/STM32G0xx_HAL_Driver/Src/stm32g0xx_hal_cortex.o
 .debug_aranges
                0x000008b8       0x78 ./Drivers/STM32G0xx_HAL_Driver/Src/stm32g0xx_hal_dma.o
 .debug_aranges
                0x00000930       0x60 ./Drivers/STM32G0xx_HAL_Driver/Src/stm32g0xx_hal_gpio.o
 .debug_aranges
                0x00000990      0x170 ./Drivers/STM32G0xx_HAL_Driver/Src/stm32g0xx_hal_lptim.o
 .debug_aranges
                0x00000b00       0xf0 ./Drivers/STM32G0xx_HAL_Driver/Src/stm32g0xx_hal_pwr_ex.o
 .debug_aranges
                0x00000bf0       0x98 ./Drivers/STM32G0xx_HAL_Driver/Src/stm32g0xx_hal_rcc.o
 .debug_aranges
                0x00000c88       0x40 ./Drivers/STM32G0xx_HAL_Driver/Src/stm32g0xx_hal_rcc_ex.o
 .debug_aranges
                0x00000cc8      0x398 ./Drivers/STM32G0xx_HAL_Driver/Src/stm32g0xx_hal_tim.o
 .debug_aranges
                0x00001060      0x190 ./Drivers/STM32G0xx_HAL_Driver/Src/stm32g0xx_hal_tim_ex.o
 .debug_aranges
                0x000011f0      0x260 ./Drivers/STM32G0xx_HAL_Driver/Src/stm32g0xx_hal_uart.o
 .debug_aranges
                0x00001450       0x98 ./Drivers/STM32G0xx_HAL_Driver/Src/stm32g0xx_hal_uart_ex.o

.debug_rnglists
                0x00000000     0x2024
 .debug_rnglists
                0x00000000      0x164 ./Core/Src/CC_and_PC.o
 .debug_rnglists
                0x00000164       0xb3 ./Core/Src/MIDI.o
 .debug_rnglists
                0x00000217       0x13 ./Core/Src/UART.o
 .debug_rnglists
                0x0000022a       0x1a ./Core/Src/checking_functions.o
 .debug_rnglists
                0x00000244       0xe5 ./Core/Src/config.o
 .debug_rnglists
                0x00000329       0x5a ./Core/Src/custom_callbacks.o
 .debug_rnglists
                0x00000383       0x40 ./Core/Src/input_capture.o
 .debug_rnglists
                0x000003c3       0x14 ./Core/Src/main.o
 .debug_rnglists
                0x000003d7       0x39 ./Core/Src/oscillator.o
 .debug_rnglists
                0x00000410       0x14 ./Core/Src/startup.o
 .debug_rnglists
                0x00000424       0x13 ./Core/Src/state_machine.o
 .debug_rnglists
                0x00000437      0x165 ./Core/Src/stm32g0xx_hal_msp.o
 .debug_rnglists
                0x0000059c       0x67 ./Core/Src/stm32g0xx_it.o
 .debug_rnglists
                0x00000603       0x28 ./Core/Src/symmetry_adjustment.o
 .debug_rnglists
                0x0000062b       0x1a ./Core/Src/system_stm32g0xx.o
 .debug_rnglists
                0x00000645       0x19 ./Core/Src/timers.o
 .debug_rnglists
                0x0000065e       0x46 ./Core/Src/utility.o
 .debug_rnglists
                0x000006a4       0x19 ./Core/Startup/startup_stm32g031k8tx.o
 .debug_rnglists
                0x000006bd       0xd9 ./Drivers/STM32G0xx_HAL_Driver/Src/stm32g0xx_hal.o
 .debug_rnglists
                0x00000796      0x28b ./Drivers/STM32G0xx_HAL_Driver/Src/stm32g0xx_hal_adc.o
 .debug_rnglists
                0x00000a21       0xb9 ./Drivers/STM32G0xx_HAL_Driver/Src/stm32g0xx_hal_adc_ex.o
 .debug_rnglists
                0x00000ada       0x9d ./Drivers/STM32G0xx_HAL_Driver/Src/stm32g0xx_hal_cortex.o
 .debug_rnglists
                0x00000b77       0x9e ./Drivers/STM32G0xx_HAL_Driver/Src/stm32g0xx_hal_dma.o
 .debug_rnglists
                0x00000c15       0x45 ./Drivers/STM32G0xx_HAL_Driver/Src/stm32g0xx_hal_gpio.o
 .debug_rnglists
                0x00000c5a      0x254 ./Drivers/STM32G0xx_HAL_Driver/Src/stm32g0xx_hal_lptim.o
 .debug_rnglists
                0x00000eae       0xb0 ./Drivers/STM32G0xx_HAL_Driver/Src/stm32g0xx_hal_pwr_ex.o
 .debug_rnglists
                0x00000f5e       0xb4 ./Drivers/STM32G0xx_HAL_Driver/Src/stm32g0xx_hal_rcc.o
 .debug_rnglists
                0x00001012       0x71 ./Drivers/STM32G0xx_HAL_Driver/Src/stm32g0xx_hal_rcc_ex.o
 .debug_rnglists
                0x00001083      0x776 ./Drivers/STM32G0xx_HAL_Driver/Src/stm32g0xx_hal_tim.o
 .debug_rnglists
                0x000017f9      0x193 ./Drivers/STM32G0xx_HAL_Driver/Src/stm32g0xx_hal_tim_ex.o
 .debug_rnglists
                0x0000198c      0x5d7 ./Drivers/STM32G0xx_HAL_Driver/Src/stm32g0xx_hal_uart.o
 .debug_rnglists
                0x00001f63       0xc1 ./Drivers/STM32G0xx_HAL_Driver/Src/stm32g0xx_hal_uart_ex.o

.debug_macro    0x00000000    0x1a5eb
 .debug_macro   0x00000000      0x2f5 ./Core/Src/CC_and_PC.o
 .debug_macro   0x000002f5      0xad2 ./Core/Src/CC_and_PC.o
 .debug_macro   0x00000dc7       0xc4 ./Core/Src/CC_and_PC.o
 .debug_macro   0x00000e8b       0x22 ./Core/Src/CC_and_PC.o
 .debug_macro   0x00000ead       0x8e ./Core/Src/CC_and_PC.o
 .debug_macro   0x00000f3b       0x51 ./Core/Src/CC_and_PC.o
 .debug_macro   0x00000f8c      0x103 ./Core/Src/CC_and_PC.o
 .debug_macro   0x0000108f       0x6a ./Core/Src/CC_and_PC.o
 .debug_macro   0x000010f9      0x1df ./Core/Src/CC_and_PC.o
 .debug_macro   0x000012d8       0x1c ./Core/Src/CC_and_PC.o
 .debug_macro   0x000012f4       0x1c ./Core/Src/CC_and_PC.o
 .debug_macro   0x00001310       0x1c ./Core/Src/CC_and_PC.o
 .debug_macro   0x0000132c      0x12f ./Core/Src/CC_and_PC.o
 .debug_macro   0x0000145b       0x2e ./Core/Src/CC_and_PC.o
 .debug_macro   0x00001489       0x28 ./Core/Src/CC_and_PC.o
 .debug_macro   0x000014b1       0x1c ./Core/Src/CC_and_PC.o
 .debug_macro   0x000014cd       0x22 ./Core/Src/CC_and_PC.o
 .debug_macro   0x000014ef       0xd1 ./Core/Src/CC_and_PC.o
 .debug_macro   0x000015c0      0x4da ./Core/Src/CC_and_PC.o
 .debug_macro   0x00001a9a      0x11f ./Core/Src/CC_and_PC.o
 .debug_macro   0x00001bb9     0xac2c ./Core/Src/CC_and_PC.o
 .debug_macro   0x0000c7e5       0x66 ./Core/Src/CC_and_PC.o
 .debug_macro   0x0000c84b     0x350e ./Core/Src/CC_and_PC.o
 .debug_macro   0x0000fd59      0x190 ./Core/Src/CC_and_PC.o
 .debug_macro   0x0000fee9       0x5c ./Core/Src/CC_and_PC.o
 .debug_macro   0x0000ff45      0x518 ./Core/Src/CC_and_PC.o
 .debug_macro   0x0001045d      0xf70 ./Core/Src/CC_and_PC.o
 .debug_macro   0x000113cd      0x1d8 ./Core/Src/CC_and_PC.o
 .debug_macro   0x000115a5      0x1cf ./Core/Src/CC_and_PC.o
 .debug_macro   0x00011774      0x122 ./Core/Src/CC_and_PC.o
 .debug_macro   0x00011896      0x390 ./Core/Src/CC_and_PC.o
 .debug_macro   0x00011c26      0x202 ./Core/Src/CC_and_PC.o
 .debug_macro   0x00011e28      0x2ff ./Core/Src/CC_and_PC.o
 .debug_macro   0x00012127      0x1b2 ./Core/Src/CC_and_PC.o
 .debug_macro   0x000122d9       0x43 ./Core/Src/CC_and_PC.o
 .debug_macro   0x0001231c      0x1f1 ./Core/Src/CC_and_PC.o
 .debug_macro   0x0001250d      0x8a8 ./Core/Src/CC_and_PC.o
 .debug_macro   0x00012db5      0x5bb ./Core/Src/CC_and_PC.o
 .debug_macro   0x00013370       0x2e ./Core/Src/CC_and_PC.o
 .debug_macro   0x0001339e      0x1d6 ./Core/Src/CC_and_PC.o
 .debug_macro   0x00013574      0x38a ./Core/Src/CC_and_PC.o
 .debug_macro   0x000138fe       0x28 ./Core/Src/CC_and_PC.o
 .debug_macro   0x00013926       0xe4 ./Core/Src/CC_and_PC.o
 .debug_macro   0x00013a0a       0x85 ./Core/Src/CC_and_PC.o
 .debug_macro   0x00013a8f      0x2bd ./Core/Src/CC_and_PC.o
 .debug_macro   0x00013d4c      0x10c ./Core/Src/CC_and_PC.o
 .debug_macro   0x00013e58      0x240 ./Core/Src/CC_and_PC.o
 .debug_macro   0x00014098      0xac2 ./Core/Src/CC_and_PC.o
 .debug_macro   0x00014b5a      0x135 ./Core/Src/CC_and_PC.o
 .debug_macro   0x00014c8f      0x69a ./Core/Src/CC_and_PC.o
 .debug_macro   0x00015329       0xa6 ./Core/Src/CC_and_PC.o
 .debug_macro   0x000153cf      0x49d ./Core/Src/CC_and_PC.o
 .debug_macro   0x0001586c       0xe8 ./Core/Src/CC_and_PC.o
 .debug_macro   0x00015954       0x2e ./Core/Src/CC_and_PC.o
 .debug_macro   0x00015982       0x16 ./Core/Src/CC_and_PC.o
 .debug_macro   0x00015998       0x3a ./Core/Src/CC_and_PC.o
 .debug_macro   0x000159d2       0xee ./Core/Src/CC_and_PC.o
 .debug_macro   0x00015ac0       0x46 ./Core/Src/CC_and_PC.o
 .debug_macro   0x00015b06      0x2f3 ./Core/Src/MIDI.o
 .debug_macro   0x00015df9       0x22 ./Core/Src/MIDI.o
 .debug_macro   0x00015e1b      0x2e6 ./Core/Src/UART.o
 .debug_macro   0x00016101      0x2e6 ./Core/Src/checking_functions.o
 .debug_macro   0x000163e7      0x30f ./Core/Src/config.o
 .debug_macro   0x000166f6      0x30b ./Core/Src/custom_callbacks.o
 .debug_macro   0x00016a01      0x2de ./Core/Src/input_capture.o
 .debug_macro   0x00016cdf      0x2ec ./Core/Src/main.o
 .debug_macro   0x00016fcb      0x2e2 ./Core/Src/oscillator.o
 .debug_macro   0x000172ad      0x2f8 ./Core/Src/startup.o
 .debug_macro   0x000175a5      0x1f4 ./Core/Src/startup.o
 .debug_macro   0x00017799       0x6d ./Core/Src/state_machine.o
 .debug_macro   0x00017806      0x22a ./Core/Src/stm32g0xx_hal_msp.o
 .debug_macro   0x00017a30      0x2f0 ./Core/Src/stm32g0xx_it.o
 .debug_macro   0x00017d20      0x2e6 ./Core/Src/symmetry_adjustment.o
 .debug_macro   0x00018006      0x21b ./Core/Src/system_stm32g0xx.o
 .debug_macro   0x00018221      0x234 ./Core/Src/timers.o
 .debug_macro   0x00018455      0x2e2 ./Core/Src/utility.o
 .debug_macro   0x00018737      0x23f ./Drivers/STM32G0xx_HAL_Driver/Src/stm32g0xx_hal.o
 .debug_macro   0x00018976      0x23f ./Drivers/STM32G0xx_HAL_Driver/Src/stm32g0xx_hal_adc.o
 .debug_macro   0x00018bb5      0x227 ./Drivers/STM32G0xx_HAL_Driver/Src/stm32g0xx_hal_adc_ex.o
 .debug_macro   0x00018ddc      0x21b ./Drivers/STM32G0xx_HAL_Driver/Src/stm32g0xx_hal_cortex.o
 .debug_macro   0x00018ff7      0x21b ./Drivers/STM32G0xx_HAL_Driver/Src/stm32g0xx_hal_dma.o
 .debug_macro   0x00019212      0x222 ./Drivers/STM32G0xx_HAL_Driver/Src/stm32g0xx_hal_gpio.o
 .debug_macro   0x00019434      0x231 ./Drivers/STM32G0xx_HAL_Driver/Src/stm32g0xx_hal_lptim.o
 .debug_macro   0x00019665      0x245 ./Drivers/STM32G0xx_HAL_Driver/Src/stm32g0xx_hal_pwr_ex.o
 .debug_macro   0x000198aa      0x25d ./Drivers/STM32G0xx_HAL_Driver/Src/stm32g0xx_hal_rcc.o
 .debug_macro   0x00019b07      0x233 ./Drivers/STM32G0xx_HAL_Driver/Src/stm32g0xx_hal_rcc_ex.o
 .debug_macro   0x00019d3a      0x223 ./Drivers/STM32G0xx_HAL_Driver/Src/stm32g0xx_hal_tim.o
 .debug_macro   0x00019f5d      0x221 ./Drivers/STM32G0xx_HAL_Driver/Src/stm32g0xx_hal_tim_ex.o
 .debug_macro   0x0001a17e      0x246 ./Drivers/STM32G0xx_HAL_Driver/Src/stm32g0xx_hal_uart.o
 .debug_macro   0x0001a3c4      0x227 ./Drivers/STM32G0xx_HAL_Driver/Src/stm32g0xx_hal_uart_ex.o

.debug_line     0x00000000    0x2c673
 .debug_line    0x00000000     0x150e ./Core/Src/CC_and_PC.o
 .debug_line    0x0000150e     0x103d ./Core/Src/MIDI.o
 .debug_line    0x0000254b      0x8c2 ./Core/Src/UART.o
 .debug_line    0x00002e0d      0xa13 ./Core/Src/checking_functions.o
 .debug_line    0x00003820     0x1d01 ./Core/Src/config.o
 .debug_line    0x00005521     0x173a ./Core/Src/custom_callbacks.o
 .debug_line    0x00006c5b      0xa9d ./Core/Src/input_capture.o
 .debug_line    0x000076f8      0x980 ./Core/Src/main.o
 .debug_line    0x00008078      0xd7d ./Core/Src/oscillator.o
 .debug_line    0x00008df5      0x9be ./Core/Src/startup.o
 .debug_line    0x000097b3      0x402 ./Core/Src/state_machine.o
 .debug_line    0x00009bb5      0xe11 ./Core/Src/stm32g0xx_hal_msp.o
 .debug_line    0x0000a9c6      0xa76 ./Core/Src/stm32g0xx_it.o
 .debug_line    0x0000b43c      0xd5f ./Core/Src/symmetry_adjustment.o
 .debug_line    0x0000c19b      0x86c ./Core/Src/system_stm32g0xx.o
 .debug_line    0x0000ca07      0x7e3 ./Core/Src/timers.o
 .debug_line    0x0000d1ea      0x9f6 ./Core/Src/utility.o
 .debug_line    0x0000dbe0       0x7b ./Core/Startup/startup_stm32g031k8tx.o
 .debug_line    0x0000dc5b      0xd03 ./Drivers/STM32G0xx_HAL_Driver/Src/stm32g0xx_hal.o
 .debug_line    0x0000e95e     0x25db ./Drivers/STM32G0xx_HAL_Driver/Src/stm32g0xx_hal_adc.o
 .debug_line    0x00010f39      0xc91 ./Drivers/STM32G0xx_HAL_Driver/Src/stm32g0xx_hal_adc_ex.o
 .debug_line    0x00011bca      0xcac ./Drivers/STM32G0xx_HAL_Driver/Src/stm32g0xx_hal_cortex.o
 .debug_line    0x00012876     0x12cb ./Drivers/STM32G0xx_HAL_Driver/Src/stm32g0xx_hal_dma.o
 .debug_line    0x00013b41     0x10a8 ./Drivers/STM32G0xx_HAL_Driver/Src/stm32g0xx_hal_gpio.o
 .debug_line    0x00014be9     0x2161 ./Drivers/STM32G0xx_HAL_Driver/Src/stm32g0xx_hal_lptim.o
 .debug_line    0x00016d4a      0xca1 ./Drivers/STM32G0xx_HAL_Driver/Src/stm32g0xx_hal_pwr_ex.o
 .debug_line    0x000179eb     0x1612 ./Drivers/STM32G0xx_HAL_Driver/Src/stm32g0xx_hal_rcc.o
 .debug_line    0x00018ffd      0xf13 ./Drivers/STM32G0xx_HAL_Driver/Src/stm32g0xx_hal_rcc_ex.o
 .debug_line    0x00019f10     0x76ec ./Drivers/STM32G0xx_HAL_Driver/Src/stm32g0xx_hal_tim.o
 .debug_line    0x000215fc     0x2093 ./Drivers/STM32G0xx_HAL_Driver/Src/stm32g0xx_hal_tim_ex.o
 .debug_line    0x0002368f     0x7c71 ./Drivers/STM32G0xx_HAL_Driver/Src/stm32g0xx_hal_uart.o
 .debug_line    0x0002b300     0x1373 ./Drivers/STM32G0xx_HAL_Driver/Src/stm32g0xx_hal_uart_ex.o

.debug_str      0x00000000    0xa0d4c
 .debug_str     0x00000000    0xa0d4c ./Core/Src/CC_and_PC.o
                              0x990bf (size before relaxing)
 .debug_str     0x000a0d4c    0x98b2e ./Core/Src/MIDI.o
 .debug_str     0x000a0d4c    0x98810 ./Core/Src/UART.o