Archive member included to satisfy reference by file (symbol)

/Applications/STM32CubeIDE.app/Contents/Eclipse/plugins/com.st.stm32cube.ide.mcu.externaltools.gnu-tools-for-stm32.13.3.rel1.macos64_1.0.0.202411102158/tools/bin/../lib/gcc/arm-none-eabi/13.3.1/../../../../arm-none-eabi/lib/thumb/v6-m/nofp/libc_nano.a(libc_a-exit.o)
                              /Applications/STM32CubeIDE.app/Contents/Eclipse/plugins/com.st.stm32cube.ide.mcu.externaltools.gnu-tools-for-stm32.13.3.rel1.macos64_1.0.0.202411102158/tools/bin/../lib/gcc/arm-none-eabi/13.3.1/../../../../arm-none-eabi/lib/thumb/v6-m/nofp/crt0.o (exit)
/Applications/STM32CubeIDE.app/Contents/Eclipse/plugins/com.st.stm32cube.ide.mcu.externaltools.gnu-tools-for-stm32.13.3.rel1.macos64_1.0.0.202411102158/tools/bin/../lib/gcc/arm-none-eabi/13.3.1/../../../../arm-none-eabi/lib/thumb/v6-m/nofp/libc_nano.a(libc_a-findfp.o)
                              /Applications/STM32CubeIDE.app/Contents/Eclipse/plugins/com.st.stm32cube.ide.mcu.externaltools.gnu-tools-for-stm32.13.3.rel1.macos64_1.0.0.202411102158/tools/bin/../lib/gcc/arm-none-eabi/13.3.1/../../../../arm-none-eabi/lib/thumb/v6-m/nofp/libc_nano.a(libc_a-exit.o) (__stdio_exit_handler)
/Applications/STM32CubeIDE.app/Contents/Eclipse/plugins/com.st.stm32cube.ide.mcu.externaltools.gnu-tools-for-stm32.13.3.rel1.macos64_1.0.0.202411102158/tools/bin/../lib/gcc/arm-none-eabi/13.3.1/../../../../arm-none-eabi/lib/thumb/v6-m/nofp/libc_nano.a(libc_a-fwalk.o)
                              /Applications/STM32CubeIDE.app/Contents/Eclipse/plugins/com.st.stm32cube.ide.mcu.externaltools.gnu-tools-for-stm32.13.3.rel1.macos64_1.0.0.202411102158/tools/bin/../lib/gcc/arm-none-eabi/13.3.1/../../../../arm-none-eabi/lib/thumb/v6-m/nofp/libc_nano.a(libc_a-findfp.o) (_fwalk_sglue)
/Applications/STM32CubeIDE.app/Contents/Eclipse/plugins/com.st.stm32cube.ide.mcu.externaltools.gnu-tools-for-stm32.13.3.rel1.macos64_1.0.0.202411102158/tools/bin/../lib/gcc/arm-none-eabi/13.3.1/../../../../arm-none-eabi/lib/thumb/v6-m/nofp/libc_nano.a(libc_a-memset.o)
                              /Applications/STM32CubeIDE.app/Contents/Eclipse/plugins/com.st.stm32cube.ide.mcu.externaltools.gnu-tools-for-stm32.13.3.rel1.macos64_1.0.0.202411102158/tools/bin/../lib/gcc/arm-none-eabi/13.3.1/../../../../arm-none-eabi/lib/thumb/v6-m/nofp/crt0.o (memset)
/Applications/STM32CubeIDE.app/Contents/Eclipse/plugins/com.st.stm32cube.ide.mcu.externaltools.gnu-tools-for-stm32.13.3.rel1.macos64_1.0.0.202411102158/tools/bin/../lib/gcc/arm-none-eabi/13.3.1/../../../../arm-none-eabi/lib/thumb/v6-m/nofp/libc_nano.a(libc_a-errno.o)
                              ./Core/Src/syscalls.o (__errno)
/Applications/STM32CubeIDE.app/Contents/Eclipse/plugins/com.st.stm32cube.ide.mcu.externaltools.gnu-tools-for-stm32.13.3.rel1.macos64_1.0.0.202411102158/tools/bin/../lib/gcc/arm-none-eabi/13.3.1/../../../../arm-none-eabi/lib/thumb/v6-m/nofp/libc_nano.a(libc_a-init.o)
                              /Applications/STM32CubeIDE.app/Contents/Eclipse/plugins/com.st.stm32cube.ide.mcu.externaltools.gnu-tools-for-stm32.13.3.rel1.macos64_1.0.0.202411102158/tools/bin/../lib/gcc/arm-none-eabi/13.3.1/../../../../arm-none-eabi/lib/thumb/v6-m/nofp/crt0.o (__libc_init_array)
/Applications/STM32CubeIDE.app/Contents/Eclipse/plugins/com.st.stm32cube.ide.mcu.externaltools.gnu-tools-for-stm32.13.3.rel1.macos64_1.0.0.202411102158/tools/bin/../lib/gcc/arm-none-eabi/13.3.1/../../../../arm-none-eabi/lib/thumb/v6-m/nofp/libc_nano.a(libc_a-lock.o)
                              /Applications/STM32CubeIDE.app/Contents/Eclipse/plugins/com.st.stm32cube.ide.mcu.externaltools.gnu-tools-for-stm32.13.3.rel1.macos64_1.0.0.202411102158/tools/bin/../lib/gcc/arm-none-eabi/13.3.1/../../../../arm-none-eabi/lib/thumb/v6-m/nofp/libc_nano.a(libc_a-findfp.o) (__retarget_lock_init_recursive)
/Applications/STM32CubeIDE.app/Contents/Eclipse/plugins/com.st.stm32cube.ide.mcu.externaltools.gnu-tools-for-stm32.13.3.rel1.macos64_1.0.0.202411102158/tools/bin/../lib/gcc/arm-none-eabi/13.3.1/../../../../arm-none-eabi/lib/thumb/v6-m/nofp/libc_nano.a(libc_a-impure.o)
                              /Applications/STM32CubeIDE.app/Contents/Eclipse/plugins/com.st.stm32cube.ide.mcu.externaltools.gnu-tools-for-stm32.13.3.rel1.macos64_1.0.0.202411102158/tools/bin/../lib/gcc/arm-none-eabi/13.3.1/../../../../arm-none-eabi/lib/thumb/v6-m/nofp/libc_nano.a(libc_a-errno.o) (_impure_ptr)
/Applications/STM32CubeIDE.app/Contents/Eclipse/plugins/com.st.stm32cube.ide.mcu.externaltools.gnu-tools-for-stm32.13.3.rel1.macos64_1.0.0.202411102158/tools/bin/../lib/gcc/arm-none-eabi/13.3.1/../../../../arm-none-eabi/lib/thumb/v6-m/nofp/libc_nano.a(libc_a-memcpy-stub.o)
                              ./Core/Src/input_capture.o (memcpy)
[...]
Memory Configuration

Name             Origin             Length             Attributes
RAM              0x20000000         0x00002000         xrw
FLASH            0x08000000         0x0000f800         xr
*default*        0x00000000         0xffffffff

Linker script and memory map

LOAD /Applications/STM32CubeIDE.app/Contents/Eclipse/plugins/com.st.stm32cube.ide.mcu.externaltools.gnu-tools-for-stm32.13.3.rel1.macos64_1.0.0.202411102158/tools/bin/../lib/gcc/arm-none-eabi/13.3.1/thumb/v6-m/nofp/crti.o
LOAD /Applications/STM32CubeIDE.app/Contents/Eclipse/plugins/com.st.stm32cube.ide.mcu.externaltools.gnu-tools-for-stm32.13.3.rel1.macos64_1.0.0.202411102158/tools/bin/../lib/gcc/arm-none-eabi/13.3.1/thumb/v6-m/nofp/crtbegin.o
LOAD /Applications/STM32CubeIDE.app/Contents/Eclipse/plugins/com.st.stm32cube.ide.mcu.externaltools.gnu-tools-for-stm32.13.3.rel1.macos64_1.0.0.202411102158/tools/bin/../lib/gcc/arm-none-eabi/13.3.1/../../../../arm-none-eabi/lib/thumb/v6-m/nofp/crt0.o
LOAD ./Core/Src/CC_and_PC.o
LOAD ./Core/Src/MIDI.o
LOAD ./Core/Src/UART.o
LOAD ./Core/Src/checking_functions.o
LOAD ./Core/Src/config.o
LOAD ./Core/Src/custom_callbacks.o
LOAD ./Core/Src/debug.o
LOAD ./Core/Src/input_capture.o
LOAD ./Core/Src/main.o
LOAD ./Core/Src/oscillator.o
LOAD ./Core/Src/startup.o
LOAD ./Core/Src/state_machine.o
LOAD ./Core/Src/stm32g0xx_hal_msp.o
LOAD ./Core/Src/stm32g0xx_it.o
LOAD ./Core/Src/symmetry_adjustment.o
LOAD ./Core/Src/syscalls.o
LOAD ./Core/Src/sysmem.o
LOAD ./Core/Src/system_stm32g0xx.o
LOAD ./Core/Src/timers.o
LOAD ./Core/Src/utility.o
LOAD ./Core/Startup/startup_stm32g031k8tx.o
LOAD ./Drivers/STM32G0xx_HAL_Driver/Src/stm32g0xx_hal.o
LOAD ./Drivers/STM32G0xx_HAL_Driver/Src/stm32g0xx_hal_adc.o
LOAD ./Drivers/STM32G0xx_HAL_Driver/Src/stm32g0xx_hal_adc_ex.o
LOAD ./Drivers/STM32G0xx_HAL_Driver/Src/stm32g0xx_hal_cortex.o
LOAD ./Drivers/STM32G0xx_HAL_Driver/Src/stm32g0xx_hal_dma.o
LOAD ./Drivers/STM32G0xx_HAL_Driver/Src/stm32g0xx_hal_dma_ex.o
LOAD ./Drivers/STM32G0xx_HAL_Driver/Src/stm32g0xx_hal_exti.o
LOAD ./Drivers/STM32G0xx_HAL_Driver/Src/stm32g0xx_hal_flash.o
LOAD ./Drivers/STM32G0xx_HAL_Driver/Src/stm32g0xx_hal_flash_ex.o
LOAD ./Drivers/STM32G0xx_HAL_Driver/Src/stm32g0xx_hal_gpio.o
LOAD ./Drivers/STM32G0xx_HAL_Driver/Src/stm32g0xx_hal_iwdg.o
LOAD ./Drivers/STM32G0xx_HAL_Driver/Src/stm32g0xx_hal_lptim.o
LOAD ./Drivers/STM32G0xx_HAL_Driver/Src/stm32g0xx_hal_pwr.o
LOAD ./Drivers/STM32G0xx_HAL_Driver/Src/stm32g0xx_hal_pwr_ex.o
LOAD ./Drivers/STM32G0xx_HAL_Driver/Src/stm32g0xx_hal_rcc.o
LOAD ./Drivers/STM32G0xx_HAL_Driver/Src/stm32g0xx_hal_rcc_ex.o
LOAD ./Drivers/STM32G0xx_HAL_Driver/Src/stm32g0xx_hal_tim.o
LOAD ./Drivers/STM32G0xx_HAL_Driver/Src/stm32g0xx_hal_tim_ex.o
LOAD ./Drivers/STM32G0xx_HAL_Driver/Src/stm32g0xx_hal_uart.o
LOAD ./Drivers/STM32G0xx_HAL_Driver/Src/stm32g0xx_hal_uart_ex.o
LOAD ./Drivers/STM32G0xx_HAL_Driver/Src/stm32g0xx_ll_adc.o
LOAD ./Drivers/STM32G0xx_HAL_Driver/Src/stm32g0xx_ll_rcc.o
START GROUP
LOAD /Applications/STM32CubeIDE.app/Contents/Eclipse/plugins/com.st.stm32cube.ide.mcu.externaltools.gnu-tools-for-stm32.13.3.rel1.macos64_1.0.0.202411102158/tools/bin/../lib/gcc/arm-none-eabi/13.3.1/../../../../arm-none-eabi/lib/thumb/v6-m/nofp/libc_nano.a
LOAD /Applications/STM32CubeIDE.app/Contents/Eclipse/plugins/com.st.stm32cube.ide.mcu.externaltools.gnu-tools-for-stm32.13.3.rel1.macos64_1.0.0.202411102158/tools/bin/../lib/gcc/arm-none-eabi/13.3.1/../../../../arm-none-eabi/lib/thumb/v6-m/nofp/libm.a
END GROUP
START GROUP
LOAD /Applications/STM32CubeIDE.app/Contents/Eclipse/plugins/com.st.stm32cube.ide.mcu.externaltools.gnu-tools-for-stm32.13.3.rel1.macos64_1.0.0.202411102158/tools/bin/../lib/gcc/arm-none-eabi/13.3.1/thumb/v6-m/nofp/libgcc.a
LOAD /Applications/STM32CubeIDE.app/Contents/Eclipse/plugins/com.st.stm32cube.ide.mcu.externaltools.gnu-tools-for-stm32.13.3.rel1.macos64_1.0.0.202411102158/tools/bin/../lib/gcc/arm-none-eabi/13.3.1/../../../../arm-none-eabi/lib/thumb/v6-m/nofp/libc_nano.a
END GROUP
START GROUP
LOAD /Applications/STM32CubeIDE.app/Contents/Eclipse/plugins/com.st.stm32cube.ide.mcu.externaltools.gnu-tools-for-stm32.13.3.rel1.macos64_1.0.0.202411102158/tools/bin/../lib/gcc/arm-none-eabi/13.3.1/thumb/v6-m/nofp/libgcc.a
LOAD /Applications/STM32CubeIDE.app/Contents/Eclipse/plugins/com.st.stm32cube.ide.mcu.externaltools.gnu-tools-for-stm32.13.3.rel1.macos64_1.0.0.202411102158/tools/bin/../lib/gcc/arm-none-eabi/13.3.1/../../../../arm-none-eabi/lib/thumb/v6-m/nofp/libc_nano.a
LOAD /Applications/STM32CubeIDE.app/Contents/Eclipse/plugins/com.st.stm32cube.ide.mcu.externaltools.gnu-tools-for-stm32.13.3.rel1.macos64_1.0.0.202411102158/tools/bin/../lib/gcc/arm-none-eabi/13.3.1/../../../../arm-none-eabi/lib/thumb/v6-m/nofp/libnosys.a
END GROUP
START GROUP
LOAD /Applications/STM32CubeIDE.app/Contents/Eclipse/plugins/com.st.stm32cube.ide.mcu.externaltools.gnu-tools-for-stm32.13.3.rel1.macos64_1.0.0.202411102158/tools/bin/../lib/gcc/arm-none-eabi/13.3.1/thumb/v6-m/nofp/libgcc.a
LOAD /Applications/STM32CubeIDE.app/Contents/Eclipse/plugins/com.st.stm32cube.ide.mcu.externaltools.gnu-tools-for-stm32.13.3.rel1.macos64_1.0.0.202411102158/tools/bin/../lib/gcc/arm-none-eabi/13.3.1/../../../../arm-none-eabi/lib/thumb/v6-m/nofp/libc_nano.a
LOAD /Applications/STM32CubeIDE.app/Contents/Eclipse/plugins/com.st.stm32cube.ide.mcu.externaltools.gnu-tools-for-stm32.13.3.rel1.macos64_1.0.0.202411102158/tools/bin/../lib/gcc/arm-none-eabi/13.3.1/../../../../arm-none-eabi/lib/thumb/v6-m/nofp/libnosys.a
END GROUP
LOAD /Applications/STM32CubeIDE.app/Contents/Eclipse/plugins/com.st.stm32cube.ide.mcu.externaltools.gnu-tools-for-stm32.13.3.rel1.macos64_1.0.0.202411102158/tools/bin/../lib/gcc/arm-none-eabi/13.3.1/thumb/v6-m/nofp/crtend.o
LOAD /Applications/STM32CubeIDE.app/Contents/Eclipse/plugins/com.st.stm32cube.ide.mcu.externaltools.gnu-tools-for-stm32.13.3.rel1.macos64_1.0.0.202411102158/tools/bin/../lib/gcc/arm-none-eabi/13.3.1/thumb/v6-m/nofp/crtn.o
                0x20002000                        _estack = (ORIGIN (RAM) + LENGTH (RAM))
                0x00000200                        _Min_Heap_Size = 0x200
                0x00000400                        _Min_Stack_Size = 0x400

.isr_vector     0x08000000       0xbc
                0x08000000                        . = ALIGN (0x4)
 *(.isr_vector)
 .isr_vector    0x08000000       0xbc ./Core/Startup/startup_stm32g031k8tx.o
                0x08000000                g_pfnVectors
                0x080000bc                        . = ALIGN (0x4)

.text           0x080000bc     0x75d0
                0x080000bc                        . = ALIGN (0x4)
 *(.text)
 .text          0x080000bc       0x48 /Applications/STM32CubeIDE.app/Contents/Eclipse/plugins/com.st.stm32cube.ide.mcu.externaltools.gnu-tools-for-stm32.13.3.rel1.macos64_1.0.0.202411102158/tools/bin/../lib/gcc/arm-none-eabi/13.3.1/thumb/v6-m/nofp/crtbegin.o
 .text          0x08000104      0x114 /Applications/STM32CubeIDE.app/Contents/Eclipse/plugins/com.st.stm32cube.ide.mcu.externaltools.gnu-tools-for-stm32.13.3.rel1.macos64_1.0.0.202411102158/tools/bin/../lib/gcc/arm-none-eabi/13.3.1/thumb/v6-m/nofp/libgcc.a(_udivsi3.o)
                0x08000104                __udivsi3
                0x08000104                __aeabi_uidiv
                0x08000210                __aeabi_uidivmod
 .text          0x08000218        0x4 /Applications/STM32CubeIDE.app/Contents/Eclipse/plugins/com.st.stm32cube.ide.mcu.externaltools.gnu-tools-for-stm32.13.3.rel1.macos64_1.0.0.202411102158/tools/bin/../lib/gcc/arm-none-eabi/13.3.1/thumb/v6-m/nofp/libgcc.a(_dvmd_tls.o)
                0x08000218                __aeabi_ldiv0
                0x08000218                __aeabi_idiv0
 .text          0x0800021c       0x40 /Applications/STM32CubeIDE.app/Contents/Eclipse/plugins/com.st.stm32cube.ide.mcu.externaltools.gnu-tools-for-stm32.13.3.rel1.macos64_1.0.0.202411102158/tools/bin/../lib/gcc/arm-none-eabi/13.3.1/thumb/v6-m/nofp/libgcc.a(_aeabi_uldivmod.o)
                0x0800021c                __aeabi_uldivmod
 .text          0x0800025c      0x198 /Applications/STM32CubeIDE.app/Contents/Eclipse/plugins/com.st.stm32cube.ide.mcu.externaltools.gnu-tools-for-stm32.13.3.rel1.macos64_1.0.0.202411102158/tools/bin/../lib/gcc/arm-none-eabi/13.3.1/thumb/v6-m/nofp/libgcc.a(_udivmoddi4.o)
                0x0800025c                __udivmoddi4
 .text          0x080003f4       0x18 /Applications/STM32CubeIDE.app/Contents/Eclipse/plugins/com.st.stm32cube.ide.mcu.externaltools.gnu-tools-for-stm32.13.3.rel1.macos64_1.0.0.202411102158/tools/bin/../lib/gcc/arm-none-eabi/13.3.1/thumb/v6-m/nofp/libgcc.a(_clzdi2.o)
                0x080003f4                __clzdi2
 .text          0x0800040c       0x3c /Applications/STM32CubeIDE.app/Contents/Eclipse/plugins/com.st.stm32cube.ide.mcu.externaltools.gnu-tools-for-stm32.13.3.rel1.macos64_1.0.0.202411102158/tools/bin/../lib/gcc/arm-none-eabi/13.3.1/thumb/v6-m/nofp/libgcc.a(_clzsi2.o)
                0x0800040c                __clzsi2
 *(.text*)
 .text.Initialise_Preset_Arrays
                0x08000448       0x50 ./Core/Src/CC_and_PC.o
                0x08000448                Initialise_Preset_Arrays
 .text.Update_Params_If_PC_Mode_Selected
                0x08000498       0xe4 ./Core/Src/CC_and_PC.o
                0x08000498                Update_Params_If_PC_Mode_Selected
 .text.Read_and_Interpret_Misc_From_Flash
                0x0800057c       0xa4 ./Core/Src/CC_and_PC.o
                0x0800057c                Read_and_Interpret_Misc_From_Flash
 .text.Update_Converted_Preset_Array_with_User_or_Factory_Presets
                0x08000620       0x58 ./Core/Src/CC_and_PC.o
                0x08000620                Update_Converted_Preset_Array_with_User_or_Factory_Presets
 .text.Read_and_Interpret_User_Presets_From_Flash
                0x08000678      0x184 ./Core/Src/CC_and_PC.o
                0x08000678                Read_and_Interpret_User_Presets_From_Flash
 .text.Is_Status_Byte
                0x080007fc        0x8 ./Core/Src/MIDI.o
                0x080007fc                Is_Status_Byte
 .text.Is_Data_Byte
                0x08000804        0x8 ./Core/Src/MIDI.o
                0x08000804                Is_Data_Byte
 .text.Is_PC_Status_Byte
                0x0800080c        0xc ./Core/Src/MIDI.o
                0x0800080c                Is_PC_Status_Byte
 .text.Is_CC_Status_Byte
                0x08000818        0xc ./Core/Src/MIDI.o
                0x08000818                Is_CC_Status_Byte
 .text.Is_Sysex_Start_Status_Byte
                0x08000824        0xc ./Core/Src/MIDI.o
                0x08000824                Is_Sysex_Start_Status_Byte
 .text.Is_Channel_Status_Byte_On_Basic_Channel
                0x08000830       0x1c ./Core/Src/MIDI.o
                0x08000830                Is_Channel_Status_Byte_On_Basic_Channel
 .text.Is_Data_Buffer_Empty
                0x0800084c       0x30 ./Core/Src/MIDI.o
                0x0800084c                Is_Data_Buffer_Empty
 .text.Clear_Data_Buffer
                0x0800087c       0x1c ./Core/Src/MIDI.o
                0x0800087c                Clear_Data_Buffer
 .text.Is_System_Real_Time_Status_Byte
                0x08000898       0x30 ./Core/Src/MIDI.o
                0x08000898                Is_System_Real_Time_Status_Byte
 .text.Is_OMNI_On
                0x080008c8       0x14 ./Core/Src/MIDI.o
                0x080008c8                Is_OMNI_On
 .text.Start_UART_Receive
                0x080008dc       0x18 ./Core/Src/UART.o
                0x080008dc                Start_UART_Receive
 .text.Speed_Pot_Check
                0x080008f4       0x8c ./Core/Src/checking_functions.o
                0x080008f4                Speed_Pot_Check
 .text.Check_Tap_Tempo_Switch_State
                0x08000980       0x64 ./Core/Src/checking_functions.o
                0x08000980                Check_Tap_Tempo_Switch_State
 .text.SystemClock_Config
                0x080009e4       0x80 ./Core/Src/config.o
                0x080009e4                SystemClock_Config
 .text.MX_ADC1_Init
                0x08000a64       0xf4 ./Core/Src/config.o
                0x08000a64                MX_ADC1_Init
 .text.MX_TIM16_Init
                0x08000b58       0xb0 ./Core/Src/config.o
                0x08000b58                MX_TIM16_Init
 .text.MX_TIM2_Init
                0x08000c08       0xb8 ./Core/Src/config.o
                0x08000c08                MX_TIM2_Init
 .text.MX_TIM3_Init
                0x08000cc0       0xc0 ./Core/Src/config.o
                0x08000cc0                MX_TIM3_Init
 .text.MX_TIM1_Init
                0x08000d80      0x128 ./Core/Src/config.o
                0x08000d80                MX_TIM1_Init
 .text.MX_TIM17_Init
                0x08000ea8       0xb4 ./Core/Src/config.o
                0x08000ea8                MX_TIM17_Init
 .text.MX_TIM14_Init
                0x08000f5c       0x70 ./Core/Src/config.o
                0x08000f5c                MX_TIM14_Init
 .text.MX_GPIO_Init
                0x08000fcc      0x138 ./Core/Src/config.o
                0x08000fcc                MX_GPIO_Init
 .text.Error_Handler
                0x08001104        0x4 ./Core/Src/config.o
                0x08001104                Error_Handler
 .text.System_Init
                0x08001108      0x1a0 ./Core/Src/config.o
                0x08001108                System_Init
 .text.TIM16_callback
                0x080012a8       0x3c ./Core/Src/custom_callbacks.o
                0x080012a8                TIM16_callback
 .text.ADC_DMA_conversion_complete_callback
                0x080012e4       0x6c ./Core/Src/custom_callbacks.o
                0x080012e4                ADC_DMA_conversion_complete_callback
 .text.TIM2_ch1_IP_capture_callback
                0x08001350       0xa4 ./Core/Src/custom_callbacks.o
                0x08001350                TIM2_ch1_IP_capture_callback
 .text.TIM2_ch1_overflow_callback
                0x080013f4       0x7c ./Core/Src/custom_callbacks.o
                0x080013f4                TIM2_ch1_overflow_callback
 .text.TIM3_ch1_IP_capture_measurement_reelapse_callback
                0x08001470       0xe4 ./Core/Src/custom_callbacks.o
                0x08001470                TIM3_ch1_IP_capture_measurement_reelapse_callback
 .text.UART2_TX_transfer_complete_callback
                0x08001554        0x4 ./Core/Src/custom_callbacks.o
                0x08001554                UART2_TX_transfer_complete_callback
 .text.UART2_RX_transfer_complete_callback
                0x08001558      0x61c ./Core/Src/custom_callbacks.o
                0x08001558                UART2_RX_transfer_complete_callback
 .text.HAL_GPIO_EXTI_Falling_Callback
                0x08001b74       0x38 ./Core/Src/custom_callbacks.o
                0x08001b74                HAL_GPIO_EXTI_Falling_Callback
 .text.HAL_GPIO_EXTI_Rising_Callback
                0x08001bac      0x108 ./Core/Src/custom_callbacks.o
                0x08001bac                HAL_GPIO_EXTI_Rising_Callback
 .text.LPTIM1_callback
                0x08001cb4      0x1f4 ./Core/Src/custom_callbacks.o
                0x08001cb4                LPTIM1_callback
 .text.TIM17_callback
                0x08001ea8        0x4 ./Core/Src/custom_callbacks.o
                0x08001ea8                TIM17_callback
 .text.TIM14_callback
                0x08001eac        0x4 ./Core/Src/custom_callbacks.o
                0x08001eac                TIM14_callback
 .text.Input_Capture_Processing
                0x08001eb0       0x7c ./Core/Src/input_capture.o
                0x08001eb0                Input_Capture_Processing
 .text.Start_Input_Capture_Timer
                0x08001f2c       0x30 ./Core/Src/input_capture.o
                0x08001f2c                Start_Input_Capture_Timer
 .text.Copy_Params_Structs
                0x08001f5c       0x14 ./Core/Src/input_capture.o
                0x08001f5c                Copy_Params_Structs
 .text.Start_Measurement_Reelapse_Timer
                0x08001f70       0x30 ./Core/Src/input_capture.o
                0x08001f70                Start_Measurement_Reelapse_Timer
 .text.Begin_Input_Capture_Measurement
                0x08001fa0       0x10 ./Core/Src/input_capture.o
                0x08001fa0                Begin_Input_Capture_Measurement
 .text.startup.main
                0x08001fb0       0xf0 ./Core/Src/main.o
                0x08001fb0                main
 .text.Start_PWM_Gen_Timer_Main_and_Secondary_Oscillators
                0x080020a0       0x34 ./Core/Src/oscillator.o
                0x080020a0                Start_PWM_Gen_Timer_Main_and_Secondary_Oscillators
 .text.Start_Freq_Gen_Timer
                0x080020d4       0x1c ./Core/Src/oscillator.o
                0x080020d4                Start_Freq_Gen_Timer
 .text.Process_TIM16_Raw_Start_Value_and_Raw_Prescaler
                0x080020f0       0x30 ./Core/Src/oscillator.o
                0x080020f0                Process_TIM16_Raw_Start_Value_and_Raw_Prescaler
 .text.Set_Oscillator_Values
                0x08002120       0x30 ./Core/Src/oscillator.o
                0x08002120                Set_Oscillator_Values
 .text.Calculate_Next_Main_Oscillator_Values
                0x08002150      0x11c ./Core/Src/oscillator.o
                0x08002150                Calculate_Next_Main_Oscillator_Values
 .text.Write_Next_Main_Oscillator_Values_to_Delay_Line
                0x0800226c       0xb8 ./Core/Src/oscillator.o
                0x0800226c                Write_Next_Main_Oscillator_Values_to_Delay_Line
 .text.Process_ADC_Conversion_Values
                0x08002324       0x4c ./Core/Src/oscillator.o
                0x08002324                Process_ADC_Conversion_Values
 .text.Startup  0x08002370      0x154 ./Core/Src/startup.o
                0x08002370                Startup
 .text.Advance_Pending_States
                0x080024c4       0x2c ./Core/Src/state_machine.o
                0x080024c4                Advance_Pending_States
 .text.HAL_MspInit
                0x080024f0       0x30 ./Core/Src/stm32g0xx_hal_msp.o
                0x080024f0                HAL_MspInit
 .text.HAL_ADC_MspInit
                0x08002520       0xa0 ./Core/Src/stm32g0xx_hal_msp.o
                0x08002520                HAL_ADC_MspInit
 .text.HAL_LPTIM_MspInit
                0x080025c0       0xf4 ./Core/Src/stm32g0xx_hal_msp.o
                0x080025c0                HAL_LPTIM_MspInit
 .text.HAL_TIM_Base_MspInit
                0x080026b4      0x170 ./Core/Src/stm32g0xx_hal_msp.o
                0x080026b4                HAL_TIM_Base_MspInit
 .text.HAL_TIM_MspPostInit
                0x08002824       0x78 ./Core/Src/stm32g0xx_hal_msp.o
                0x08002824                HAL_TIM_MspPostInit
 .text.HAL_UART_MspInit
                0x0800289c       0xec ./Core/Src/stm32g0xx_hal_msp.o
                0x0800289c                HAL_UART_MspInit
 .text.NMI_Handler
                0x08002988        0x4 ./Core/Src/stm32g0xx_it.o
                0x08002988                NMI_Handler
 .text.HardFault_Handler
                0x0800298c        0x4 ./Core/Src/stm32g0xx_it.o
                0x0800298c                HardFault_Handler
 .text.SVC_Handler
                0x08002990        0x4 ./Core/Src/stm32g0xx_it.o
                0x08002990                SVC_Handler
 .text.PendSV_Handler
                0x08002994        0x4 ./Core/Src/stm32g0xx_it.o
                0x08002994                PendSV_Handler
 .text.SysTick_Handler
                0x08002998        0x8 ./Core/Src/stm32g0xx_it.o
                0x08002998                SysTick_Handler
 .text.EXTI4_15_IRQHandler
                0x080029a0        0xc ./Core/Src/stm32g0xx_it.o
                0x080029a0                EXTI4_15_IRQHandler
 .text.DMA1_Channel1_IRQHandler
                0x080029ac       0x10 ./Core/Src/stm32g0xx_it.o
                0x080029ac                DMA1_Channel1_IRQHandler
 .text.DMA1_Channel2_3_IRQHandler
                0x080029bc       0x18 ./Core/Src/stm32g0xx_it.o
                0x080029bc                DMA1_Channel2_3_IRQHandler
 .text.TIM2_IRQHandler
                0x080029d4       0x10 ./Core/Src/stm32g0xx_it.o
                0x080029d4                TIM2_IRQHandler
 .text.TIM3_IRQHandler
                0x080029e4       0x10 ./Core/Src/stm32g0xx_it.o
                0x080029e4                TIM3_IRQHandler
 .text.TIM16_IRQHandler
                0x080029f4       0x10 ./Core/Src/stm32g0xx_it.o
                0x080029f4                TIM16_IRQHandler
 .text.USART2_IRQHandler
                0x08002a04       0x10 ./Core/Src/stm32g0xx_it.o
                0x08002a04                USART2_IRQHandler
 .text.LPTIM1_IRQHandler
                0x08002a14       0x10 ./Core/Src/stm32g0xx_it.o
                0x08002a14                LPTIM1_IRQHandler
 .text.TIM17_IRQHandler
                0x08002a24       0x10 ./Core/Src/stm32g0xx_it.o
                0x08002a24                TIM17_IRQHandler
 .text.TIM14_IRQHandler
                0x08002a34       0x10 ./Core/Src/stm32g0xx_it.o
                0x08002a34                TIM14_IRQHandler
 .text.Process_TIM16_Final_Start_Value_and_Final_Prescaler
                0x08002a44      0x27c ./Core/Src/symmetry_adjustment.o
                0x08002a44                Process_TIM16_Final_Start_Value_and_Final_Prescaler
 .text.SystemInit
                0x08002cc0        0x4 ./Core/Src/system_stm32g0xx.o
                0x08002cc0                SystemInit
 .text.Start_OC_TIM
                0x08002cc4       0x14 ./Core/Src/timers.o
                0x08002cc4                Start_OC_TIM
 .text.Stop_OC_TIM
                0x08002cd8       0x14 ./Core/Src/timers.o
                0x08002cd8                Stop_OC_TIM
 .text.isPrime  0x08002cec       0x34 ./Core/Src/utility.o
                0x08002cec                isPrime
 .text.unsigned_bitwise_modulo
                0x08002d20        0xc ./Core/Src/utility.o
                0x08002d20                unsigned_bitwise_modulo
 .text.Global_Interrupt_Enable
                0x08002d2c        0x8 ./Core/Src/utility.o
                0x08002d2c                Global_Interrupt_Enable
 .text.Get_Status_Bit
                0x08002d34        0xc ./Core/Src/utility.o
                0x08002d34                Get_Status_Bit
 .text.Set_Status_Bit
                0x08002d40        0x8 ./Core/Src/utility.o
                0x08002d40                Set_Status_Bit
 .text.Clear_Status_Bit
                0x08002d48        0x8 ./Core/Src/utility.o
                0x08002d48                Clear_Status_Bit
 .text.Reset_Handler
                0x08002d50       0x50 ./Core/Startup/startup_stm32g031k8tx.o
                0x08002d50                Reset_Handler
 .text.Default_Handler
                0x08002da0        0x2 ./Core/Startup/startup_stm32g031k8tx.o
                0x08002da0                TIM1_BRK_UP_TRG_COM_IRQHandler
                0x08002da0                PVD_IRQHandler
                0x08002da0                I2C1_IRQHandler
                0x08002da0                LPTIM2_IRQHandler
                0x08002da0                RTC_TAMP_IRQHandler
                0x08002da0                SPI1_IRQHandler
                0x08002da0                DMA1_Ch4_5_DMAMUX1_OVR_IRQHandler
                0x08002da0                EXTI2_3_IRQHandler
                0x08002da0                ADC1_IRQHandler
                0x08002da0                I2C2_IRQHandler
                0x08002da0                RCC_IRQHandler
                0x08002da0                Default_Handler
                0x08002da0                EXTI0_1_IRQHandler
                0x08002da0                SPI2_IRQHandler
                0x08002da0                WWDG_IRQHandler
                0x08002da0                LPUART1_IRQHandler
                0x08002da0                FLASH_IRQHandler
                0x08002da0                USART1_IRQHandler
                0x08002da0                TIM1_CC_IRQHandler
 *fill*         0x08002da2        0x2 
 .text.HAL_InitTick
                0x08002da4       0x4c ./Drivers/STM32G0xx_HAL_Driver/Src/stm32g0xx_hal.o
                0x08002da4                HAL_InitTick
 .text.HAL_Init
                0x08002df0       0x28 ./Drivers/STM32G0xx_HAL_Driver/Src/stm32g0xx_hal.o
                0x08002df0                HAL_Init
 .text.HAL_IncTick
                0x08002e18       0x18 ./Drivers/STM32G0xx_HAL_Driver/Src/stm32g0xx_hal.o
                0x08002e18                HAL_IncTick
 .text.HAL_GetTick
                0x08002e30        0xc ./Drivers/STM32G0xx_HAL_Driver/Src/stm32g0xx_hal.o
                0x08002e30                HAL_GetTick
 .text.ADC_DMAConvCplt
                0x08002e3c       0x80 ./Drivers/STM32G0xx_HAL_Driver/Src/stm32g0xx_hal_adc.o
 .text.ADC_DMAHalfConvCplt
                0x08002ebc        0xc ./Drivers/STM32G0xx_HAL_Driver/Src/stm32g0xx_hal_adc.o
 .text.ADC_DMAError
                0x08002ec8       0x1c ./Drivers/STM32G0xx_HAL_Driver/Src/stm32g0xx_hal_adc.o
 .text.HAL_ADC_ErrorCallback
                0x08002ee4        0x4 ./Drivers/STM32G0xx_HAL_Driver/Src/stm32g0xx_hal_adc.o
                0x08002ee4                HAL_ADC_ErrorCallback
 .text.HAL_ADC_ConvCpltCallback
                0x08002ee8        0x4 ./Drivers/STM32G0xx_HAL_Driver/Src/stm32g0xx_hal_adc.o
                0x08002ee8                HAL_ADC_ConvCpltCallback
 .text.HAL_ADC_ConvHalfCpltCallback
                0x08002eec        0x4 ./Drivers/STM32G0xx_HAL_Driver/Src/stm32g0xx_hal_adc.o
                0x08002eec                HAL_ADC_ConvHalfCpltCallback
 .text.HAL_ADC_LevelOutOfWindowCallback
                0x08002ef0        0x4 ./Drivers/STM32G0xx_HAL_Driver/Src/stm32g0xx_hal_adc.o
                0x08002ef0                HAL_ADC_LevelOutOfWindowCallback
 .text.HAL_ADC_Init
                0x08002ef4      0x284 ./Drivers/STM32G0xx_HAL_Driver/Src/stm32g0xx_hal_adc.o
                0x08002ef4                HAL_ADC_Init
 .text.HAL_ADC_RegisterCallback
                0x08003178       0x70 ./Drivers/STM32G0xx_HAL_Driver/Src/stm32g0xx_hal_adc.o
                0x08003178                HAL_ADC_RegisterCallback
 .text.HAL_ADC_ConfigChannel
                0x080031e8      0x284 ./Drivers/STM32G0xx_HAL_Driver/Src/stm32g0xx_hal_adc.o
                0x080031e8                HAL_ADC_ConfigChannel
 .text.ADC_ConversionStop
                0x0800346c       0x74 ./Drivers/STM32G0xx_HAL_Driver/Src/stm32g0xx_hal_adc.o
                0x0800346c                ADC_ConversionStop
 .text.ADC_Enable
                0x080034e0       0xcc ./Drivers/STM32G0xx_HAL_Driver/Src/stm32g0xx_hal_adc.o
                0x080034e0                ADC_Enable
 .text.HAL_ADC_Start_DMA
                0x080035ac       0xb4 ./Drivers/STM32G0xx_HAL_Driver/Src/stm32g0xx_hal_adc.o
                0x080035ac                HAL_ADC_Start_DMA
 .text.ADC_Disable
                0x08003660       0x88 ./Drivers/STM32G0xx_HAL_Driver/Src/stm32g0xx_hal_adc.o
                0x08003660                ADC_Disable
 .text.HAL_ADC_Stop_DMA
                0x080036e8       0x8c ./Drivers/STM32G0xx_HAL_Driver/Src/stm32g0xx_hal_adc.o
                0x080036e8                HAL_ADC_Stop_DMA
 .text.HAL_ADCEx_Calibration_Start
                0x08003774      0x19c ./Drivers/STM32G0xx_HAL_Driver/Src/stm32g0xx_hal_adc_ex.o
                0x08003774                HAL_ADCEx_Calibration_Start
 .text.HAL_ADCEx_LevelOutOfWindow2Callback
                0x08003910        0x4 ./Drivers/STM32G0xx_HAL_Driver/Src/stm32g0xx_hal_adc_ex.o
                0x08003910                HAL_ADCEx_LevelOutOfWindow2Callback
 .text.HAL_ADCEx_LevelOutOfWindow3Callback
                0x08003914        0x4 ./Drivers/STM32G0xx_HAL_Driver/Src/stm32g0xx_hal_adc_ex.o
                0x08003914                HAL_ADCEx_LevelOutOfWindow3Callback
 .text.HAL_ADCEx_EndOfSamplingCallback
                0x08003918        0x4 ./Drivers/STM32G0xx_HAL_Driver/Src/stm32g0xx_hal_adc_ex.o
                0x08003918                HAL_ADCEx_EndOfSamplingCallback
 .text.HAL_NVIC_SetPriority
                0x0800391c       0x54 ./Drivers/STM32G0xx_HAL_Driver/Src/stm32g0xx_hal_cortex.o
                0x0800391c                HAL_NVIC_SetPriority
 .text.HAL_NVIC_EnableIRQ
                0x08003970       0x18 ./Drivers/STM32G0xx_HAL_Driver/Src/stm32g0xx_hal_cortex.o
                0x08003970                HAL_NVIC_EnableIRQ
 .text.HAL_NVIC_DisableIRQ
                0x08003988       0x20 ./Drivers/STM32G0xx_HAL_Driver/Src/stm32g0xx_hal_cortex.o
                0x08003988                HAL_NVIC_DisableIRQ
 .text.HAL_SYSTICK_Config
                0x080039a8       0x34 ./Drivers/STM32G0xx_HAL_Driver/Src/stm32g0xx_hal_cortex.o
                0x080039a8                HAL_SYSTICK_Config
 .text.HAL_DMA_Init
                0x080039dc       0xec ./Drivers/STM32G0xx_HAL_Driver/Src/stm32g0xx_hal_dma.o
                0x080039dc                HAL_DMA_Init
 .text.HAL_DMA_Start_IT
                0x08003ac8       0xd0 ./Drivers/STM32G0xx_HAL_Driver/Src/stm32g0xx_hal_dma.o
                0x08003ac8                HAL_DMA_Start_IT
 .text.HAL_DMA_Abort
                0x08003b98       0x78 ./Drivers/STM32G0xx_HAL_Driver/Src/stm32g0xx_hal_dma.o
                0x08003b98                HAL_DMA_Abort
 .text.HAL_DMA_Abort_IT
                0x08003c10       0x78 ./Drivers/STM32G0xx_HAL_Driver/Src/stm32g0xx_hal_dma.o
                0x08003c10                HAL_DMA_Abort_IT
 .text.HAL_DMA_IRQHandler
                0x08003c88       0xb8 ./Drivers/STM32G0xx_HAL_Driver/Src/stm32g0xx_hal_dma.o
                0x08003c88                HAL_DMA_IRQHandler
 .text.HAL_GPIO_Init
                0x08003d40      0x360 ./Drivers/STM32G0xx_HAL_Driver/Src/stm32g0xx_hal_gpio.o
                0x08003d40                HAL_GPIO_Init
 .text.HAL_GPIO_ReadPin
                0x080040a0        0xc ./Drivers/STM32G0xx_HAL_Driver/Src/stm32g0xx_hal_gpio.o
                0x080040a0                HAL_GPIO_ReadPin
 .text.HAL_GPIO_WritePin
                0x080040ac        0xc ./Drivers/STM32G0xx_HAL_Driver/Src/stm32g0xx_hal_gpio.o
                0x080040ac                HAL_GPIO_WritePin
 .text.HAL_GPIO_EXTI_IRQHandler
                0x080040b8       0x34 ./Drivers/STM32G0xx_HAL_Driver/Src/stm32g0xx_hal_gpio.o
                0x080040b8                HAL_GPIO_EXTI_IRQHandler
 .text.HAL_LPTIM_DirectionDownCallback
                0x080040ec        0x4 ./Drivers/STM32G0xx_HAL_Driver/Src/stm32g0xx_hal_lptim.o
                0x080040ec                HAL_LPTIM_DirectionDownCallback
 .text.HAL_LPTIM_CompareMatchCallback
                0x080040f0        0x4 ./Drivers/STM32G0xx_HAL_Driver/Src/stm32g0xx_hal_lptim.o
                0x080040f0                HAL_LPTIM_CompareMatchCallback
 .text.HAL_LPTIM_AutoReloadMatchCallback
                0x080040f4        0x4 ./Drivers/STM32G0xx_HAL_Driver/Src/stm32g0xx_hal_lptim.o
                0x080040f4                HAL_LPTIM_AutoReloadMatchCallback
 .text.HAL_LPTIM_TriggerCallback
                0x080040f8        0x4 ./Drivers/STM32G0xx_HAL_Driver/Src/stm32g0xx_hal_lptim.o
                0x080040f8                HAL_LPTIM_TriggerCallback
 .text.HAL_LPTIM_CompareWriteCallback
                0x080040fc        0x4 ./Drivers/STM32G0xx_HAL_Driver/Src/stm32g0xx_hal_lptim.o
                0x080040fc                HAL_LPTIM_CompareWriteCallback
 .text.HAL_LPTIM_AutoReloadWriteCallback
                0x08004100        0x4 ./Drivers/STM32G0xx_HAL_Driver/Src/stm32g0xx_hal_lptim.o
                0x08004100                HAL_LPTIM_AutoReloadWriteCallback
 .text.HAL_LPTIM_DirectionUpCallback
                0x08004104        0x4 ./Drivers/STM32G0xx_HAL_Driver/Src/stm32g0xx_hal_lptim.o
                0x08004104                HAL_LPTIM_DirectionUpCallback
 .text.HAL_LPTIM_Init
                0x08004108      0x108 ./Drivers/STM32G0xx_HAL_Driver/Src/stm32g0xx_hal_lptim.o
                0x08004108                HAL_LPTIM_Init
 .text.HAL_LPTIM_IRQHandler
                0x08004210       0xb8 ./Drivers/STM32G0xx_HAL_Driver/Src/stm32g0xx_hal_lptim.o
                0x08004210                HAL_LPTIM_IRQHandler
 .text.HAL_LPTIM_RegisterCallback
                0x080042c8       0x70 ./Drivers/STM32G0xx_HAL_Driver/Src/stm32g0xx_hal_lptim.o
                0x080042c8                HAL_LPTIM_RegisterCallback
 .text.LPTIM_Disable
                0x08004338      0x1e4 ./Drivers/STM32G0xx_HAL_Driver/Src/stm32g0xx_hal_lptim.o
                0x08004338                LPTIM_Disable
 .text.HAL_LPTIM_SetOnce_Start_IT
                0x0800451c       0xc8 ./Drivers/STM32G0xx_HAL_Driver/Src/stm32g0xx_hal_lptim.o
                0x0800451c                HAL_LPTIM_SetOnce_Start_IT
 .text.HAL_PWREx_ControlVoltageScaling
                0x080045e4       0x60 ./Drivers/STM32G0xx_HAL_Driver/Src/stm32g0xx_hal_pwr_ex.o
                0x080045e4                HAL_PWREx_ControlVoltageScaling
 .text.HAL_RCC_OscConfig
                0x08004644      0x4d0 ./Drivers/STM32G0xx_HAL_Driver/Src/stm32g0xx_hal_rcc.o
                0x08004644                HAL_RCC_OscConfig
 .text.HAL_RCC_GetSysClockFreq
                0x08004b14       0x9c ./Drivers/STM32G0xx_HAL_Driver/Src/stm32g0xx_hal_rcc.o
                0x08004b14                HAL_RCC_GetSysClockFreq
 .text.HAL_RCC_ClockConfig
                0x08004bb0      0x190 ./Drivers/STM32G0xx_HAL_Driver/Src/stm32g0xx_hal_rcc.o
                0x08004bb0                HAL_RCC_ClockConfig
 .text.HAL_RCC_GetPCLK1Freq
                0x08004d40       0x28 ./Drivers/STM32G0xx_HAL_Driver/Src/stm32g0xx_hal_rcc.o
                0x08004d40                HAL_RCC_GetPCLK1Freq
 .text.HAL_RCCEx_PeriphCLKConfig
                0x08004d68      0x1ec ./Drivers/STM32G0xx_HAL_Driver/Src/stm32g0xx_hal_rcc_ex.o
                0x08004d68                HAL_RCCEx_PeriphCLKConfig
 .text.HAL_TIM_OC_MspInit
                0x08004f54        0x4 ./Drivers/STM32G0xx_HAL_Driver/Src/stm32g0xx_hal_tim.o
                0x08004f54                HAL_TIM_OC_MspInit
 .text.HAL_TIM_PWM_MspInit
                0x08004f58        0x4 ./Drivers/STM32G0xx_HAL_Driver/Src/stm32g0xx_hal_tim.o
                0x08004f58                HAL_TIM_PWM_MspInit
 .text.HAL_TIM_IC_MspInit
                0x08004f5c        0x4 ./Drivers/STM32G0xx_HAL_Driver/Src/stm32g0xx_hal_tim.o
                0x08004f5c                HAL_TIM_IC_MspInit
 .text.HAL_TIM_PeriodElapsedCallback
                0x08004f60        0x4 ./Drivers/STM32G0xx_HAL_Driver/Src/stm32g0xx_hal_tim.o
                0x08004f60                HAL_TIM_PeriodElapsedCallback
 .text.HAL_TIM_PeriodElapsedHalfCpltCallback
                0x08004f64        0x4 ./Drivers/STM32G0xx_HAL_Driver/Src/stm32g0xx_hal_tim.o
                0x08004f64                HAL_TIM_PeriodElapsedHalfCpltCallback
 .text.HAL_TIM_OC_DelayElapsedCallback
                0x08004f68        0x4 ./Drivers/STM32G0xx_HAL_Driver/Src/stm32g0xx_hal_tim.o
                0x08004f68                HAL_TIM_OC_DelayElapsedCallback
 .text.HAL_TIM_IC_CaptureCallback
                0x08004f6c        0x4 ./Drivers/STM32G0xx_HAL_Driver/Src/stm32g0xx_hal_tim.o
                0x08004f6c                HAL_TIM_IC_CaptureCallback
 .text.HAL_TIM_IC_CaptureHalfCpltCallback
                0x08004f70        0x4 ./Drivers/STM32G0xx_HAL_Driver/Src/stm32g0xx_hal_tim.o
                0x08004f70                HAL_TIM_IC_CaptureHalfCpltCallback
 .text.HAL_TIM_PWM_PulseFinishedCallback
                0x08004f74        0x4 ./Drivers/STM32G0xx_HAL_Driver/Src/stm32g0xx_hal_tim.o
                0x08004f74                HAL_TIM_PWM_PulseFinishedCallback
 .text.HAL_TIM_PWM_PulseFinishedHalfCpltCallback
                0x08004f78        0x4 ./Drivers/STM32G0xx_HAL_Driver/Src/stm32g0xx_hal_tim.o
                0x08004f78                HAL_TIM_PWM_PulseFinishedHalfCpltCallback
 .text.HAL_TIM_TriggerCallback
                0x08004f7c        0x4 ./Drivers/STM32G0xx_HAL_Driver/Src/stm32g0xx_hal_tim.o
                0x08004f7c                HAL_TIM_TriggerCallback
 .text.HAL_TIM_TriggerHalfCpltCallback
                0x08004f80        0x4 ./Drivers/STM32G0xx_HAL_Driver/Src/stm32g0xx_hal_tim.o
                0x08004f80                HAL_TIM_TriggerHalfCpltCallback
 .text.HAL_TIM_ErrorCallback
                0x08004f84        0x4 ./Drivers/STM32G0xx_HAL_Driver/Src/stm32g0xx_hal_tim.o
                0x08004f84                HAL_TIM_ErrorCallback
 .text.HAL_TIM_Base_Init
                0x08004f88      0x1ac ./Drivers/STM32G0xx_HAL_Driver/Src/stm32g0xx_hal_tim.o
                0x08004f88                HAL_TIM_Base_Init
 .text.HAL_TIM_Base_Start
                0x08005134       0x5c ./Drivers/STM32G0xx_HAL_Driver/Src/stm32g0xx_hal_tim.o
                0x08005134                HAL_TIM_Base_Start
 .text.HAL_TIM_Base_Start_IT
                0x08005190       0x64 ./Drivers/STM32G0xx_HAL_Driver/Src/stm32g0xx_hal_tim.o
                0x08005190                HAL_TIM_Base_Start_IT
 .text.HAL_TIM_OC_Init
                0x080051f4      0x1ac ./Drivers/STM32G0xx_HAL_Driver/Src/stm32g0xx_hal_tim.o
                0x080051f4                HAL_TIM_OC_Init
 .text.HAL_TIM_OC_Start_IT
                0x080053a0      0x100 ./Drivers/STM32G0xx_HAL_Driver/Src/stm32g0xx_hal_tim.o
                0x080053a0                HAL_TIM_OC_Start_IT
 .text.HAL_TIM_OC_Stop_IT
                0x080054a0       0xd8 ./Drivers/STM32G0xx_HAL_Driver/Src/stm32g0xx_hal_tim.o
                0x080054a0                HAL_TIM_OC_Stop_IT
 .text.HAL_TIM_PWM_Init
                0x08005578      0x1ac ./Drivers/STM32G0xx_HAL_Driver/Src/stm32g0xx_hal_tim.o
                0x08005578                HAL_TIM_PWM_Init
 .text.HAL_TIM_PWM_Start
                0x08005724       0xd0 ./Drivers/STM32G0xx_HAL_Driver/Src/stm32g0xx_hal_tim.o
                0x08005724                HAL_TIM_PWM_Start
 .text.HAL_TIM_IC_Init
                0x080057f4      0x1ac ./Drivers/STM32G0xx_HAL_Driver/Src/stm32g0xx_hal_tim.o
                0x080057f4                HAL_TIM_IC_Init
 .text.HAL_TIM_IC_Start_IT
                0x080059a0      0x12c ./Drivers/STM32G0xx_HAL_Driver/Src/stm32g0xx_hal_tim.o
                0x080059a0                HAL_TIM_IC_Start_IT
 .text.HAL_TIM_IRQHandler
                0x08005acc      0x1a8 ./Drivers/STM32G0xx_HAL_Driver/Src/stm32g0xx_hal_tim.o
                0x08005acc                HAL_TIM_IRQHandler
 .text.HAL_TIM_OC_ConfigChannel
                0x08005c74      0x2ac ./Drivers/STM32G0xx_HAL_Driver/Src/stm32g0xx_hal_tim.o
                0x08005c74                HAL_TIM_OC_ConfigChannel
 .text.HAL_TIM_IC_ConfigChannel
                0x08005f20      0x1bc ./Drivers/STM32G0xx_HAL_Driver/Src/stm32g0xx_hal_tim.o
                0x08005f20                HAL_TIM_IC_ConfigChannel
 .text.HAL_TIM_PWM_ConfigChannel
                0x080060dc      0x350 ./Drivers/STM32G0xx_HAL_Driver/Src/stm32g0xx_hal_tim.o
                0x080060dc                HAL_TIM_PWM_ConfigChannel
 .text.HAL_TIM_ConfigClockSource
                0x0800642c      0x164 ./Drivers/STM32G0xx_HAL_Driver/Src/stm32g0xx_hal_tim.o
                0x0800642c                HAL_TIM_ConfigClockSource
 .text.HAL_TIM_ReadCapturedValue
                0x08006590       0x30 ./Drivers/STM32G0xx_HAL_Driver/Src/stm32g0xx_hal_tim.o
                0x08006590                HAL_TIM_ReadCapturedValue
 .text.HAL_TIM_RegisterCallback
                0x080065c0      0x104 ./Drivers/STM32G0xx_HAL_Driver/Src/stm32g0xx_hal_tim.o
                0x080065c0                HAL_TIM_RegisterCallback
 .text.HAL_TIMEx_MasterConfigSynchronization
                0x080066c4       0x70 ./Drivers/STM32G0xx_HAL_Driver/Src/stm32g0xx_hal_tim_ex.o
                0x080066c4                HAL_TIMEx_MasterConfigSynchronization
 .text.HAL_TIMEx_ConfigBreakDeadTime
                0x08006734       0xc0 ./Drivers/STM32G0xx_HAL_Driver/Src/stm32g0xx_hal_tim_ex.o
                0x08006734                HAL_TIMEx_ConfigBreakDeadTime
 .text.HAL_TIMEx_CommutCallback
                0x080067f4        0x4 ./Drivers/STM32G0xx_HAL_Driver/Src/stm32g0xx_hal_tim_ex.o
                0x080067f4                HAL_TIMEx_CommutCallback
 .text.HAL_TIMEx_CommutHalfCpltCallback
                0x080067f8        0x4 ./Drivers/STM32G0xx_HAL_Driver/Src/stm32g0xx_hal_tim_ex.o
                0x080067f8                HAL_TIMEx_CommutHalfCpltCallback
 .text.HAL_TIMEx_BreakCallback
                0x080067fc        0x4 ./Drivers/STM32G0xx_HAL_Driver/Src/stm32g0xx_hal_tim_ex.o
                0x080067fc                HAL_TIMEx_BreakCallback
 .text.HAL_TIMEx_Break2Callback
                0x08006800        0x4 ./Drivers/STM32G0xx_HAL_Driver/Src/stm32g0xx_hal_tim_ex.o
                0x08006800                HAL_TIMEx_Break2Callback
 .text.HAL_UARTEx_RxEventCallback
                0x08006804        0x4 ./Drivers/STM32G0xx_HAL_Driver/Src/stm32g0xx_hal_uart.o
                0x08006804                HAL_UARTEx_RxEventCallback
 .text.UART_DMAReceiveCplt
                0x08006808       0xa0 ./Drivers/STM32G0xx_HAL_Driver/Src/stm32g0xx_hal_uart.o
 .text.UART_DMARxHalfCplt
                0x080068a8       0x24 ./Drivers/STM32G0xx_HAL_Driver/Src/stm32g0xx_hal_uart.o
 .text.UART_DMAAbortOnError
                0x080068cc       0x18 ./Drivers/STM32G0xx_HAL_Driver/Src/stm32g0xx_hal_uart.o
 .text.HAL_UART_AbortReceiveCpltCallback
                0x080068e4        0x4 ./Drivers/STM32G0xx_HAL_Driver/Src/stm32g0xx_hal_uart.o
                0x080068e4                HAL_UART_AbortReceiveCpltCallback
 .text.HAL_UART_TxCpltCallback
                0x080068e8        0x4 ./Drivers/STM32G0xx_HAL_Driver/Src/stm32g0xx_hal_uart.o
                0x080068e8                HAL_UART_TxCpltCallback
 .text.HAL_UART_TxHalfCpltCallback
                0x080068ec        0x4 ./Drivers/STM32G0xx_HAL_Driver/Src/stm32g0xx_hal_uart.o
                0x080068ec                HAL_UART_TxHalfCpltCallback
 .text.HAL_UART_RxCpltCallback
                0x080068f0        0x4 ./Drivers/STM32G0xx_HAL_Driver/Src/stm32g0xx_hal_uart.o
                0x080068f0                HAL_UART_RxCpltCallback
 .text.HAL_UART_RxHalfCpltCallback
                0x080068f4        0x4 ./Drivers/STM32G0xx_HAL_Driver/Src/stm32g0xx_hal_uart.o
                0x080068f4                HAL_UART_RxHalfCpltCallback
 .text.HAL_UART_ErrorCallback
                0x080068f8        0x4 ./Drivers/STM32G0xx_HAL_Driver/Src/stm32g0xx_hal_uart.o
                0x080068f8                HAL_UART_ErrorCallback
 .text.HAL_UART_AbortCpltCallback
                0x080068fc        0x4 ./Drivers/STM32G0xx_HAL_Driver/Src/stm32g0xx_hal_uart.o
                0x080068fc                HAL_UART_AbortCpltCallback
 .text.HAL_UART_AbortTransmitCpltCallback
                0x08006900        0x4 ./Drivers/STM32G0xx_HAL_Driver/Src/stm32g0xx_hal_uart.o
                0x08006900                HAL_UART_AbortTransmitCpltCallback
 .text.UART_DMAError
                0x08006904       0xdc ./Drivers/STM32G0xx_HAL_Driver/Src/stm32g0xx_hal_uart.o
 .text.HAL_UART_RegisterCallback
                0x080069e0       0xa4 ./Drivers/STM32G0xx_HAL_Driver/Src/stm32g0xx_hal_uart.o
                0x080069e0                HAL_UART_RegisterCallback
 .text.HAL_UART_Receive_DMA
                0x08006a84      0x100 ./Drivers/STM32G0xx_HAL_Driver/Src/stm32g0xx_hal_uart.o
                0x08006a84                HAL_UART_Receive_DMA
 .text.HAL_UART_IRQHandler
                0x08006b84      0x3e0 ./Drivers/STM32G0xx_HAL_Driver/Src/stm32g0xx_hal_uart.o
                0x08006b84                HAL_UART_IRQHandler
 .text.UART_AdvFeatureConfig
                0x08006f64       0xd0 ./Drivers/STM32G0xx_HAL_Driver/Src/stm32g0xx_hal_uart.o
                0x08006f64                UART_AdvFeatureConfig
 .text.UART_CheckIdleState
                0x08007034      0x2ac ./Drivers/STM32G0xx_HAL_Driver/Src/stm32g0xx_hal_uart.o
                0x08007034                UART_CheckIdleState
 .text.HAL_UART_Init
                0x080072e0      0x31c ./Drivers/STM32G0xx_HAL_Driver/Src/stm32g0xx_hal_uart.o
                0x080072e0                HAL_UART_Init
 .text.HAL_UARTEx_WakeupCallback
                0x080075fc        0x4 ./Drivers/STM32G0xx_HAL_Driver/Src/stm32g0xx_hal_uart_ex.o
                0x080075fc                HAL_UARTEx_WakeupCallback
 .text.HAL_UARTEx_RxFifoFullCallback
                0x08007600        0x4 ./Drivers/STM32G0xx_HAL_Driver/Src/stm32g0xx_hal_uart_ex.o
                0x08007600                HAL_UARTEx_RxFifoFullCallback
 .text.HAL_UARTEx_TxFifoEmptyCallback
                0x08007604        0x4 ./Drivers/STM32G0xx_HAL_Driver/Src/stm32g0xx_hal_uart_ex.o
                0x08007604                HAL_UARTEx_TxFifoEmptyCallback
 .text.memset   0x08007608       0x10 /Applications/STM32CubeIDE.app/Contents/Eclipse/plugins/com.st.stm32cube.ide.mcu.externaltools.gnu-tools-for-stm32.13.3.rel1.macos64_1.0.0.202411102158/tools/bin/../lib/gcc/arm-none-eabi/13.3.1/../../../../arm-none-eabi/lib/thumb/v6-m/nofp/libc_nano.a(libc_a-memset.o)
                0x08007608                memset
 .text.__libc_init_array
                0x08007618       0x48 /Applications/STM32CubeIDE.app/Contents/Eclipse/plugins/com.st.stm32cube.ide.mcu.externaltools.gnu-tools-for-stm32.13.3.rel1.macos64_1.0.0.202411102158/tools/bin/../lib/gcc/arm-none-eabi/13.3.1/../../../../arm-none-eabi/lib/thumb/v6-m/nofp/libc_nano.a(libc_a-init.o)
                0x08007618                __libc_init_array
 .text.memcpy   0x08007660       0x12 /Applications/STM32CubeIDE.app/Contents/Eclipse/plugins/com.st.stm32cube.ide.mcu.externaltools.gnu-tools-for-stm32.13.3.rel1.macos64_1.0.0.202411102158/tools/bin/../lib/gcc/arm-none-eabi/13.3.1/../../../../arm-none-eabi/lib/thumb/v6-m/nofp/libc_nano.a(libc_a-memcpy-stub.o)
                0x08007660                memcpy
 *(.glue_7)
 .glue_7        0x08007672        0x0 linker stubs
 *(.glue_7t)
 .glue_7t       0x08007672        0x0 linker stubs
 *(.eh_frame)
 *fill*         0x08007672        0x2 
 .eh_frame      0x08007674        0x0 /Applications/STM32CubeIDE.app/Contents/Eclipse/plugins/com.st.stm32cube.ide.mcu.externaltools.gnu-tools-for-stm32.13.3.rel1.macos64_1.0.0.202411102158/tools/bin/../lib/gcc/arm-none-eabi/13.3.1/thumb/v6-m/nofp/crtbegin.o
 *(.init)
 .init          0x08007674        0x4 /Applications/STM32CubeIDE.app/Contents/Eclipse/plugins/com.st.stm32cube.ide.mcu.externaltools.gnu-tools-for-stm32.13.3.rel1.macos64_1.0.0.202411102158/tools/bin/../lib/gcc/arm-none-eabi/13.3.1/thumb/v6-m/nofp/crti.o
                0x08007674                _init
 .init          0x08007678        0x8 /Applications/STM32CubeIDE.app/Contents/Eclipse/plugins/com.st.stm32cube.ide.mcu.externaltools.gnu-tools-for-stm32.13.3.rel1.macos64_1.0.0.202411102158/tools/bin/../lib/gcc/arm-none-eabi/13.3.1/thumb/v6-m/nofp/crtn.o
 *(.fini)
 .fini          0x08007680        0x4 /Applications/STM32CubeIDE.app/Contents/Eclipse/plugins/com.st.stm32cube.ide.mcu.externaltools.gnu-tools-for-stm32.13.3.rel1.macos64_1.0.0.202411102158/tools/bin/../lib/gcc/arm-none-eabi/13.3.1/thumb/v6-m/nofp/crti.o
                0x08007680                _fini
 .fini          0x08007684        0x8 /Applications/STM32CubeIDE.app/Contents/Eclipse/plugins/com.st.stm32cube.ide.mcu.externaltools.gnu-tools-for-stm32.13.3.rel1.macos64_1.0.0.202411102158/tools/bin/../lib/gcc/arm-none-eabi/13.3.1/thumb/v6-m/nofp/crtn.o
                0x0800768c                        . = ALIGN (0x4)
                0x0800768c                        _etext = .

.vfp11_veneer   0x0800768c        0x0
 .vfp11_veneer  0x0800768c        0x0 linker stubs

.v4_bx          0x0800768c        0x0
 .v4_bx         0x0800768c        0x0 linker stubs

.iplt           0x0800768c        0x0
 .iplt          0x0800768c        0x0 /Applications/STM32CubeIDE.app/Contents/Eclipse/plugins/com.st.stm32cube.ide.mcu.externaltools.gnu-tools-for-stm32.13.3.rel1.macos64_1.0.0.202411102158/tools/bin/../lib/gcc/arm-none-eabi/13.3.1/thumb/v6-m/nofp/crtbegin.o

.rodata         0x0800768c      0xb38
                0x0800768c                        . = ALIGN (0x4)
 *(.rodata)
 *(.rodata*)
 .rodata.factory_preset_3
                0x0800768c        0x5 ./Core/Src/CC_and_PC.o
                0x0800768c                factory_preset_3
 *fill*         0x08007691        0x3 
 .rodata.factory_preset_2
                0x08007694        0x5 ./Core/Src/CC_and_PC.o
                0x08007694                factory_preset_2
 *fill*         0x08007699        0x3 
 .rodata.factory_preset_1
                0x0800769c        0x5 ./Core/Src/CC_and_PC.o
                0x0800769c                factory_preset_1
 *fill*         0x080076a1        0x3 
 .rodata.factory_preset_0
                0x080076a4        0x5 ./Core/Src/CC_and_PC.o
                0x080076a4                factory_preset_0
 .rodata.num_ADC_conversions
                0x080076a9        0x1 ./Core/Src/oscillator.o
                0x080076a9                num_ADC_conversions
 *fill*         0x080076aa        0x2 
 .rodata.tri_wavetable
                0x080076ac      0x400 ./Core/Src/oscillator.o
                0x080076ac                tri_wavetable
 .rodata.sine_wavetable
                0x08007aac      0x400 ./Core/Src/oscillator.o
                0x08007aac                sine_wavetable
 .rodata.APBPrescTable
                0x08007eac       0x20 ./Core/Src/system_stm32g0xx.o
                0x08007eac                APBPrescTable
 .rodata.AHBPrescTable
                0x08007ecc       0x40 ./Core/Src/system_stm32g0xx.o
                0x08007ecc                AHBPrescTable
 .rodata.HAL_ADC_RegisterCallback
                0x08007f0c       0x2c ./Drivers/STM32G0xx_HAL_Driver/Src/stm32g0xx_hal_adc.o
 .rodata.HAL_LPTIM_RegisterCallback
                0x08007f38       0x24 ./Drivers/STM32G0xx_HAL_Driver/Src/stm32g0xx_hal_lptim.o
 .rodata.HAL_TIM_OC_Start_IT
                0x08007f5c       0x44 ./Drivers/STM32G0xx_HAL_Driver/Src/stm32g0xx_hal_tim.o
 .rodata.HAL_TIM_PWM_Start
                0x08007fa0       0x44 ./Drivers/STM32G0xx_HAL_Driver/Src/stm32g0xx_hal_tim.o
 .rodata.HAL_TIM_IC_Start_IT
                0x08007fe4       0x44 ./Drivers/STM32G0xx_HAL_Driver/Src/stm32g0xx_hal_tim.o
 .rodata.HAL_TIM_OC_ConfigChannel
                0x08008028       0x54 ./Drivers/STM32G0xx_HAL_Driver/Src/stm32g0xx_hal_tim.o
 .rodata.HAL_TIM_PWM_ConfigChannel
                0x0800807c       0x54 ./Drivers/STM32G0xx_HAL_Driver/Src/stm32g0xx_hal_tim.o
 .rodata.HAL_TIM_RegisterCallback
                0x080080d0       0xa8 ./Drivers/STM32G0xx_HAL_Driver/Src/stm32g0xx_hal_tim.o
 .rodata.HAL_UART_RegisterCallback
                0x08008178       0x34 ./Drivers/STM32G0xx_HAL_Driver/Src/stm32g0xx_hal_uart.o
 .rodata.UARTPrescTable
                0x080081ac       0x18 ./Drivers/STM32G0xx_HAL_Driver/Src/stm32g0xx_hal_uart.o
                0x080081ac                UARTPrescTable
                0x080081c4                        . = ALIGN (0x4)

.ARM.extab      0x080081c4        0x0
                0x080081c4                        . = ALIGN (0x4)
 *(.ARM.extab* .gnu.linkonce.armextab.*)
                0x080081c4                        . = ALIGN (0x4)

.ARM            0x080081c4        0x8
                0x080081c4                        . = ALIGN (0x4)
                0x080081c4                        __exidx_start = .
 *(.ARM.exidx*)
 .ARM.exidx     0x080081c4        0x8 /Applications/STM32CubeIDE.app/Contents/Eclipse/plugins/com.st.stm32cube.ide.mcu.externaltools.gnu-tools-for-stm32.13.3.rel1.macos64_1.0.0.202411102158/tools/bin/../lib/gcc/arm-none-eabi/13.3.1/thumb/v6-m/nofp/libgcc.a(_udivmoddi4.o)
                0x080081cc                        __exidx_end = .
                0x080081cc                        . = ALIGN (0x4)

.preinit_array  0x080081cc        0x0
                0x080081cc                        . = ALIGN (0x4)
                0x080081cc                        PROVIDE (__preinit_array_start = .)
 *(.preinit_array*)
                0x080081cc                        PROVIDE (__preinit_array_end = .)
                0x080081cc                        . = ALIGN (0x4)

.init_array     0x080081cc        0x4
                0x080081cc                        . = ALIGN (0x4)
                0x080081cc                        PROVIDE (__init_array_start = .)
 *(SORT_BY_NAME(.init_array.*))
 *(.init_array*)
 .init_array    0x080081cc        0x4 /Applications/STM32CubeIDE.app/Contents/Eclipse/plugins/com.st.stm32cube.ide.mcu.externaltools.gnu-tools-for-stm32.13.3.rel1.macos64_1.0.0.202411102158/tools/bin/../lib/gcc/arm-none-eabi/13.3.1/thumb/v6-m/nofp/crtbegin.o
                0x080081d0                        PROVIDE (__init_array_end = .)
                0x080081d0                        . = ALIGN (0x4)

.fini_array     0x080081d0        0x4
                0x080081d0                        . = ALIGN (0x4)
                [!provide]                        PROVIDE (__fini_array_start = .)
 *(SORT_BY_NAME(.fini_array.*))
 *(.fini_array*)
 .fini_array    0x080081d0        0x4 /Applications/STM32CubeIDE.app/Contents/Eclipse/plugins/com.st.stm32cube.ide.mcu.externaltools.gnu-tools-for-stm32.13.3.rel1.macos64_1.0.0.202411102158/tools/bin/../lib/gcc/arm-none-eabi/13.3.1/thumb/v6-m/nofp/crtbegin.o
                [!provide]                        PROVIDE (__fini_array_end = .)
                0x080081d4                        . = ALIGN (0x4)
                0x080081d4                        _sidata = LOADADDR (.data)

.rel.dyn        0x080081d4        0x0
 .rel.iplt      0x080081d4        0x0 /Applications/STM32CubeIDE.app/Contents/Eclipse/plugins/com.st.stm32cube.ide.mcu.externaltools.gnu-tools-for-stm32.13.3.rel1.macos64_1.0.0.202411102158/tools/bin/../lib/gcc/arm-none-eabi/13.3.1/thumb/v6-m/nofp/crtbegin.o

.data           0x20000000      0x44c load address 0x080081d4
                0x20000000                        . = ALIGN (0x4)
                0x20000000                        _sdata = .
 *(.data)
 *(.data*)
 .data.user_preset_3
                0x20000000        0x5 ./Core/Src/CC_and_PC.o
                0x20000000                user_preset_3
 *fill*         0x20000005        0x3 
 .data.user_preset_2
                0x20000008        0x5 ./Core/Src/CC_and_PC.o
                0x20000008                user_preset_2
 *fill*         0x2000000d        0x3 
 .data.user_preset_1
                0x20000010        0x5 ./Core/Src/CC_and_PC.o
                0x20000010                user_preset_1
 *fill*         0x20000015        0x3 
 .data.user_preset_0
                0x20000018        0x5 ./Core/Src/CC_and_PC.o
                0x20000018                user_preset_0
 .data.tap_tempo_switch_state_counter.1
                0x2000001d        0x1 ./Core/Src/checking_functions.o
 *fill*         0x2000001e        0x2 
 .data.delay_line
                0x20000020      0x408 ./Core/Src/oscillator.o
                0x20000020                delay_line
 .data.IP_CAP_fsm
                0x20000428        0x2 ./Core/Src/state_machine.o
                0x20000428                IP_CAP_fsm
 *fill*         0x2000042a        0x2 
 .data.phase_fsm
                0x2000042c        0x2 ./Core/Src/state_machine.o
                0x2000042c                phase_fsm
 *fill*         0x2000042e        0x2 
 .data.symmetry_fsm
                0x20000430        0x2 ./Core/Src/state_machine.o
                0x20000430                symmetry_fsm
 *fill*         0x20000432        0x2 
 .data.waveshape_fsm
                0x20000434        0x2 ./Core/Src/state_machine.o
                0x20000434                waveshape_fsm
 *fill*         0x20000436        0x2 
 .data.depth_fsm
                0x20000438        0x2 ./Core/Src/state_machine.o
                0x20000438                depth_fsm
 *fill*         0x2000043a        0x2 
 .data.speed_fsm
                0x2000043c        0x2 ./Core/Src/state_machine.o
                0x2000043c                speed_fsm
 *fill*         0x2000043e        0x2 
 .data.SystemCoreClock
                0x20000440        0x4 ./Core/Src/system_stm32g0xx.o
                0x20000440                SystemCoreClock
 .data.uwTickFreq
                0x20000444        0x1 ./Drivers/STM32G0xx_HAL_Driver/Src/stm32g0xx_hal.o
                0x20000444                uwTickFreq
 *fill*         0x20000445        0x3 
 .data.uwTickPrio
                0x20000448        0x4 ./Drivers/STM32G0xx_HAL_Driver/Src/stm32g0xx_hal.o
                0x20000448                uwTickPrio
 *(.RamFunc)
 *(.RamFunc*)
                0x2000044c                        . = ALIGN (0x4)
                0x2000044c                        _edata = .

.igot.plt       0x2000044c        0x0 load address 0x08008620
 .igot.plt      0x2000044c        0x0 /Applications/STM32CubeIDE.app/Contents/Eclipse/plugins/com.st.stm32cube.ide.mcu.externaltools.gnu-tools-for-stm32.13.3.rel1.macos64_1.0.0.202411102158/tools/bin/../lib/gcc/arm-none-eabi/13.3.1/thumb/v6-m/nofp/crtbegin.o
                0x2000044c                        . = ALIGN (0x4)

.bss            0x20000450      0x848 load address 0x08008620
                0x20000450                        _sbss = .
                0x20000450                        __bss_start__ = _sbss
 *(.bss)
 .bss           0x20000450       0x1c /Applications/STM32CubeIDE.app/Contents/Eclipse/plugins/com.st.stm32cube.ide.mcu.externaltools.gnu-tools-for-stm32.13.3.rel1.macos64_1.0.0.202411102158/tools/bin/../lib/gcc/arm-none-eabi/13.3.1/thumb/v6-m/nofp/crtbegin.o
 *(.bss*)
 .bss.user_presets_used_array
                0x2000046c        0x4 ./Core/Src/CC_and_PC.o
                0x2000046c                user_presets_used_array
 .bss.preset_selected
                0x20000470        0x1 ./Core/Src/CC_and_PC.o
                0x20000470                preset_selected
 *fill*         0x20000471        0x3 
 .bss.presets_converted_array
                0x20000474       0x28 ./Core/Src/CC_and_PC.o
                0x20000474                presets_converted_array
 .bss.user_presets_array
                0x2000049c       0x10 ./Core/Src/CC_and_PC.o
                0x2000049c                user_presets_array
 .bss.factory_presets_array
                0x200004ac       0x10 ./Core/Src/CC_and_PC.o
                0x200004ac                factory_presets_array
 .bss.MIDI_data
                0x200004bc        0xa ./Core/Src/MIDI.o
                0x200004bc                MIDI_data
 .bss.running_status_byte
                0x200004c6        0x1 ./Core/Src/MIDI.o
                0x200004c6                running_status_byte
 .bss.active_status_byte
                0x200004c7        0x1 ./Core/Src/MIDI.o
                0x200004c7                active_status_byte
 .bss.MIDI_basic_channel
                0x200004c8        0x1 ./Core/Src/MIDI.o
                0x200004c8                MIDI_basic_channel
 *fill*         0x200004c9        0x3 
 .bss.rx_buffer
                0x200004cc        0x1 ./Core/Src/UART.o
                0x200004cc                rx_buffer
 .bss.extend_rising_edge.0
                0x200004cd        0x1 ./Core/Src/checking_functions.o
 .bss.second_speed_measurement.2
                0x200004ce        0x2 ./Core/Src/checking_functions.o
 .bss.first_speed_measurement.3
                0x200004d0        0x2 ./Core/Src/checking_functions.o
 .bss.speed_pot_adc_measurement_num
                0x200004d2        0x1 ./Core/Src/checking_functions.o
                0x200004d2                speed_pot_adc_measurement_num
 *fill*         0x200004d3        0x5 
 .bss.hlptim1   0x200004d8       0x5c ./Core/Src/config.o
                0x200004d8                hlptim1
 .bss.hdma_usart2_tx
                0x20000534       0x5c ./Core/Src/config.o
                0x20000534                hdma_usart2_tx
 .bss.hdma_usart2_rx
                0x20000590       0x5c ./Core/Src/config.o
                0x20000590                hdma_usart2_rx
 .bss.huart2    0x200005ec       0xcc ./Core/Src/config.o
                0x200005ec                huart2
 .bss.htim1     0x200006b8       0xbc ./Core/Src/config.o
                0x200006b8                htim1
 .bss.htim3     0x20000774       0xbc ./Core/Src/config.o
                0x20000774                htim3
 .bss.htim2     0x20000830       0xbc ./Core/Src/config.o
                0x20000830                htim2
 .bss.htim16    0x200008ec       0xbc ./Core/Src/config.o
                0x200008ec                htim16
 .bss.htim17    0x200009a8       0xbc ./Core/Src/config.o
                0x200009a8                htim17
 .bss.htim14    0x20000a64       0xbc ./Core/Src/config.o
                0x20000a64                htim14
 .bss.hdma_adc1
                0x20000b20       0x5c ./Core/Src/config.o
                0x20000b20                hdma_adc1
 .bss.hadc1     0x20000b7c       0x88 ./Core/Src/config.o
                0x20000b7c                hadc1
 .bss.tap_tempo_switch_states.0
                0x20000c04        0x2 ./Core/Src/custom_callbacks.o
 .bss.MIDI_CLK_tag
                0x20000c06        0x1 ./Core/Src/input_capture.o
                0x20000c06                MIDI_CLK_tag
 *fill*         0x20000c07        0x1 
 .bss.interrupt_period
                0x20000c08        0x2 ./Core/Src/input_capture.o
                0x20000c08                interrupt_period
 *fill*         0x20000c0a        0x2 
 .bss.TIM2_ch1_input_capture_value
                0x20000c0c        0x4 ./Core/Src/input_capture.o
                0x20000c0c                TIM2_ch1_input_capture_value
 .bss.midi_counter
                0x20000c10        0x4 ./Core/Src/main.o
                0x20000c10                midi_counter
 .bss.idle_counter
                0x20000c14        0x4 ./Core/Src/main.o
                0x20000c14                idle_counter
 .bss.statuses  0x20000c18        0x4 ./Core/Src/main.o
                0x20000c18                statuses
 .bss.params_working
                0x20000c1c       0x22 ./Core/Src/oscillator.o
                0x20000c1c                params_working
 *fill*         0x20000c3e        0x2 
 .bss.params_to_be_loaded
                0x20000c40       0x22 ./Core/Src/oscillator.o
                0x20000c40                params_to_be_loaded
 *fill*         0x20000c62        0x2 
 .bss.params    0x20000c64       0x22 ./Core/Src/oscillator.o
                0x20000c64                params
 *fill*         0x20000c86        0x2 
 .bss.ADCResultsDMA
                0x20000c88        0xa ./Core/Src/oscillator.o
                0x20000c88                ADCResultsDMA
 .bss.MIDI_CLK_fsm
                0x20000c92        0x1 ./Core/Src/state_machine.o
                0x20000c92                MIDI_CLK_fsm
 *fill*         0x20000c93        0x1 
 .bss.uwTick    0x20000c94        0x4 ./Drivers/STM32G0xx_HAL_Driver/Src/stm32g0xx_hal.o
                0x20000c94                uwTick
 *(COMMON)
                0x20000c98                        . = ALIGN (0x4)
                0x20000c98                        _ebss = .
                0x20000c98                        __bss_end__ = _ebss

._user_heap_stack
                0x20000c98      0x600 load address 0x08008620
                0x20000c98                        . = ALIGN (0x8)
                [!provide]                        PROVIDE (end = .)
                0x20000c98                        PROVIDE (_end = .)
                0x20000e98                        . = (. + _Min_Heap_Size)
 *fill*         0x20000c98      0x200 
                0x20001298                        . = (. + _Min_Stack_Size)
 *fill*         0x20000e98      0x400 
                0x20001298                        . = ALIGN (0x8)

/DISCARD/
 libc.a(*)
 libm.a(*)
 libgcc.a(*)

.ARM.attributes
                0x00000000       0x28
 *(.ARM.attributes)
 .ARM.attributes
                0x00000000       0x1e /Applications/STM32CubeIDE.app/Contents/Eclipse/plugins/com.st.stm32cube.ide.mcu.externaltools.gnu-tools-for-stm32.13.3.rel1.macos64_1.0.0.202411102158/tools/bin/../lib/gcc/arm-none-eabi/13.3.1/thumb/v6-m/nofp/crti.o
 .ARM.attributes
                0x0000001e       0x2c /Applications/STM32CubeIDE.app/Contents/Eclipse/plugins/com.st.stm32cube.ide.mcu.externaltools.gnu-tools-for-stm32.13.3.rel1.macos64_1.0.0.202411102158/tools/bin/../lib/gcc/arm-none-eabi/13.3.1/thumb/v6-m/nofp/crtbegin.o
 .ARM.attributes
                0x0000004a       0x28 ./Core/Src/CC_and_PC.o
 .ARM.attributes
                0x00000072       0x28 ./Core/Src/MIDI.o
 .ARM.attributes
                0x0000009a       0x28 ./Core/Src/UART.o
 .ARM.attributes
                0x000000c2       0x28 ./Core/Src/checking_functions.o
 .ARM.attributes
                0x000000ea       0x28 ./Core/Src/config.o
 .ARM.attributes
                0x00000112       0x28 ./Core/Src/custom_callbacks.o
 .ARM.attributes
                0x0000013a       0x28 ./Core/Src/input_capture.o
 .ARM.attributes
                0x00000162       0x28 ./Core/Src/main.o
 .ARM.attributes
                0x0000018a       0x28 ./Core/Src/oscillator.o
 .ARM.attributes
                0x000001b2       0x28 ./Core/Src/startup.o
 .ARM.attributes
                0x000001da       0x28 ./Core/Src/state_machine.o
 .ARM.attributes
                0x00000202       0x28 ./Core/Src/stm32g0xx_hal_msp.o
 .ARM.attributes
                0x0000022a       0x28 ./Core/Src/stm32g0xx_it.o
 .ARM.attributes
                0x00000252       0x28 ./Core/Src/symmetry_adjustment.o
 .ARM.attributes
                0x0000027a       0x28 ./Core/Src/system_stm32g0xx.o
 .ARM.attributes
                0x000002a2       0x28 ./Core/Src/timers.o
 .ARM.attributes
                0x000002ca       0x28 ./Core/Src/utility.o
 .ARM.attributes
                0x000002f2       0x22 ./Core/Startup/startup_stm32g031k8tx.o
 .ARM.attributes
                0x00000314       0x28 ./Drivers/STM32G0xx_HAL_Driver/Src/stm32g0xx_hal.o
 .ARM.attributes
                0x0000033c       0x28 ./Drivers/STM32G0xx_HAL_Driver/Src/stm32g0xx_hal_adc.o
 .ARM.attributes
                0x00000364       0x28 ./Drivers/STM32G0xx_HAL_Driver/Src/stm32g0xx_hal_adc_ex.o
 .ARM.attributes
                0x0000038c       0x28 ./Drivers/STM32G0xx_HAL_Driver/Src/stm32g0xx_hal_cortex.o
 .ARM.attributes
                0x000003b4       0x28 ./Drivers/STM32G0xx_HAL_Driver/Src/stm32g0xx_hal_dma.o
 .ARM.attributes
                0x000003dc       0x28 ./Drivers/STM32G0xx_HAL_Driver/Src/stm32g0xx_hal_gpio.o
 .ARM.attributes
                0x00000404       0x28 ./Drivers/STM32G0xx_HAL_Driver/Src/stm32g0xx_hal_lptim.o
 .ARM.attributes
                0x0000042c       0x28 ./Drivers/STM32G0xx_HAL_Driver/Src/stm32g0xx_hal_pwr_ex.o
 .ARM.attributes
                0x00000454       0x28 ./Drivers/STM32G0xx_HAL_Driver/Src/stm32g0xx_hal_rcc.o
 .ARM.attributes
                0x0000047c       0x28 ./Drivers/STM32G0xx_HAL_Driver/Src/stm32g0xx_hal_rcc_ex.o
 .ARM.attributes
                0x000004a4       0x28 ./Drivers/STM32G0xx_HAL_Driver/Src/stm32g0xx_hal_tim.o
 .ARM.attributes
                0x000004cc       0x28 ./Drivers/STM32G0xx_HAL_Driver/Src/stm32g0xx_hal_tim_ex.o
 .ARM.attributes
                0x000004f4       0x28 ./Drivers/STM32G0xx_HAL_Driver/Src/stm32g0xx_hal_uart.o
 .ARM.attributes
                0x0000051c       0x28 ./Drivers/STM32G0xx_HAL_Driver/Src/stm32g0xx_hal_uart_ex.o
 .ARM.attributes
                0x00000544       0x2c /Applications/STM32CubeIDE.app/Contents/Eclipse/plugins/com.st.stm32cube.ide.mcu.externaltools.gnu-tools-for-stm32.13.3.rel1.macos64_1.0.0.202411102158/tools/bin/../lib/gcc/arm-none-eabi/13.3.1/../../../../arm-none-eabi/lib/thumb/v6-m/nofp/libc_nano.a(libc_a-memset.o)
 .ARM.attributes
                0x00000570       0x2c /Applications/STM32CubeIDE.app/Contents/Eclipse/plugins/com.st.stm32cube.ide.mcu.externaltools.gnu-tools-for-stm32.13.3.rel1.macos64_1.0.0.202411102158/tools/bin/../lib/gcc/arm-none-eabi/13.3.1/../../../../arm-none-eabi/lib/thumb/v6-m/nofp/libc_nano.a(libc_a-init.o)
 .ARM.attributes
                0x0000059c       0x2c /Applications/STM32CubeIDE.app/Contents/Eclipse/plugins/com.st.stm32cube.ide.mcu.externaltools.gnu-tools-for-stm32.13.3.rel1.macos64_1.0.0.202411102158/tools/bin/../lib/gcc/arm-none-eabi/13.3.1/../../../../arm-none-eabi/lib/thumb/v6-m/nofp/libc_nano.a(libc_a-memcpy-stub.o)
 .ARM.attributes
                0x000005c8       0x1e /Applications/STM32CubeIDE.app/Contents/Eclipse/plugins/com.st.stm32cube.ide.mcu.externaltools.gnu-tools-for-stm32.13.3.rel1.macos64_1.0.0.202411102158/tools/bin/../lib/gcc/arm-none-eabi/13.3.1/thumb/v6-m/nofp/libgcc.a(_udivsi3.o)
 .ARM.attributes
                0x000005e6       0x1e /Applications/STM32CubeIDE.app/Contents/Eclipse/plugins/com.st.stm32cube.ide.mcu.externaltools.gnu-tools-for-stm32.13.3.rel1.macos64_1.0.0.202411102158/tools/bin/../lib/gcc/arm-none-eabi/13.3.1/thumb/v6-m/nofp/libgcc.a(_dvmd_tls.o)
 .ARM.attributes
                0x00000604       0x1e /Applications/STM32CubeIDE.app/Contents/Eclipse/plugins/com.st.stm32cube.ide.mcu.externaltools.gnu-tools-for-stm32.13.3.rel1.macos64_1.0.0.202411102158/tools/bin/../lib/gcc/arm-none-eabi/13.3.1/thumb/v6-m/nofp/libgcc.a(_aeabi_uldivmod.o)
 .ARM.attributes
                0x00000622       0x2c /Applications/STM32CubeIDE.app/Contents/Eclipse/plugins/com.st.stm32cube.ide.mcu.externaltools.gnu-tools-for-stm32.13.3.rel1.macos64_1.0.0.202411102158/tools/bin/../lib/gcc/arm-none-eabi/13.3.1/thumb/v6-m/nofp/libgcc.a(_udivmoddi4.o)
 .ARM.attributes
                0x0000064e       0x1e /Applications/STM32CubeIDE.app/Contents/Eclipse/plugins/com.st.stm32cube.ide.mcu.externaltools.gnu-tools-for-stm32.13.3.rel1.macos64_1.0.0.202411102158/tools/bin/../lib/gcc/arm-none-eabi/13.3.1/thumb/v6-m/nofp/libgcc.a(_clzdi2.o)
 .ARM.attributes
                0x0000066c       0x1e /Applications/STM32CubeIDE.app/Contents/Eclipse/plugins/com.st.stm32cube.ide.mcu.externaltools.gnu-tools-for-stm32.13.3.rel1.macos64_1.0.0.202411102158/tools/bin/../lib/gcc/arm-none-eabi/13.3.1/thumb/v6-m/nofp/libgcc.a(_clzsi2.o)
 .ARM.attributes
                0x0000068a       0x1e /Applications/STM32CubeIDE.app/Contents/Eclipse/plugins/com.st.stm32cube.ide.mcu.externaltools.gnu-tools-for-stm32.13.3.rel1.macos64_1.0.0.202411102158/tools/bin/../lib/gcc/arm-none-eabi/13.3.1/thumb/v6-m/nofp/crtn.o
OUTPUT(g031k8.elf elf32-littlearm)
LOAD linker stubs
LOAD /Applications/STM32CubeIDE.app/Contents/Eclipse/plugins/com.st.stm32cube.ide.mcu.externaltools.gnu-tools-for-stm32.13.3.rel1.macos64_1.0.0.202411102158/tools/bin/../lib/gcc/arm-none-eabi/13.3.1/../../../../arm-none-eabi/lib/thumb/v6-m/nofp/libc.a
LOAD /Applications/STM32CubeIDE.app/Contents/Eclipse/plugins/com.st.stm32cube.ide.mcu.externaltools.gnu-tools-for-stm32.13.3.rel1.macos64_1.0.0.202411102158/tools/bin/../lib/gcc/arm-none-eabi/13.3.1/../../../../arm-none-eabi/lib/thumb/v6-m/nofp/libm.a
LOAD /Applications/STM32CubeIDE.app/Contents/Eclipse/plugins/com.st.stm32cube.ide.mcu.externaltools.gnu-tools-for-stm32.13.3.rel1.macos64_1.0.0.202411102158/tools/bin/../lib/gcc/arm-none-eabi/13.3.1/thumb/v6-m/nofp/libgcc.a

.debug_info     0x00000000    0x2b186
 .debug_info    0x00000000     0x1196 ./Core/Src/CC_and_PC.o
 .debug_info    0x00001196      0x6e1 ./Core/Src/MIDI.o
 .debug_info    0x00001877      0x92c ./Core/Src/UART.o
 .debug_info    0x000021a3      0x5e8 ./Core/Src/checking_functions.o
 .debug_info    0x0000278b     0x382c ./Core/Src/config.o
 .debug_info    0x00005fb7     0x2bcb ./Core/Src/custom_callbacks.o
 .debug_info    0x00008b82      0xf46 ./Core/Src/input_capture.o
 .debug_info    0x00009ac8      0x4f8 ./Core/Src/main.o
 .debug_info    0x00009fc0      0xf4f ./Core/Src/oscillator.o
 .debug_info    0x0000af0f     0x1954 ./Core/Src/startup.o
 .debug_info    0x0000c863      0x2cf ./Core/Src/state_machine.o
 .debug_info    0x0000cb32     0x2113 ./Core/Src/stm32g0xx_hal_msp.o
 .debug_info    0x0000ec45     0x12d1 ./Core/Src/stm32g0xx_it.o
 .debug_info    0x0000ff16      0x52b ./Core/Src/symmetry_adjustment.o
 .debug_info    0x00010441      0x34e ./Core/Src/system_stm32g0xx.o
 .debug_info    0x0001078f      0xa60 ./Core/Src/timers.o
 .debug_info    0x000111ef      0x2f5 ./Core/Src/utility.o
 .debug_info    0x000114e4       0x30 ./Core/Startup/startup_stm32g031k8tx.o
 .debug_info    0x00011514      0xb3c ./Drivers/STM32G0xx_HAL_Driver/Src/stm32g0xx_hal.o
 .debug_info    0x00012050     0x23f9 ./Drivers/STM32G0xx_HAL_Driver/Src/stm32g0xx_hal_adc.o
 .debug_info    0x00014449      0xd8e ./Drivers/STM32G0xx_HAL_Driver/Src/stm32g0xx_hal_adc_ex.o
 .debug_info    0x000151d7      0xa40 ./Drivers/STM32G0xx_HAL_Driver/Src/stm32g0xx_hal_cortex.o
 .debug_info    0x00015c17      0xac8 ./Drivers/STM32G0xx_HAL_Driver/Src/stm32g0xx_hal_dma.o
 .debug_info    0x000166df      0x5e4 ./Drivers/STM32G0xx_HAL_Driver/Src/stm32g0xx_hal_gpio.o
 .debug_info    0x00016cc3     0x1c8b ./Drivers/STM32G0xx_HAL_Driver/Src/stm32g0xx_hal_lptim.o
 .debug_info    0x0001894e      0x7ef ./Drivers/STM32G0xx_HAL_Driver/Src/stm32g0xx_hal_pwr_ex.o
 .debug_info    0x0001913d      0xdc8 ./Drivers/STM32G0xx_HAL_Driver/Src/stm32g0xx_hal_rcc.o
 .debug_info    0x00019f05      0x854 ./Drivers/STM32G0xx_HAL_Driver/Src/stm32g0xx_hal_rcc_ex.o
 .debug_info    0x0001a759     0x54b6 ./Drivers/STM32G0xx_HAL_Driver/Src/stm32g0xx_hal_tim.o
 .debug_info    0x0001fc0f     0x217c ./Drivers/STM32G0xx_HAL_Driver/Src/stm32g0xx_hal_tim_ex.o
 .debug_info    0x00021d8b     0x7f4f ./Drivers/STM32G0xx_HAL_Driver/Src/stm32g0xx_hal_uart.o
 .debug_info    0x00029cda     0x14ac ./Drivers/STM32G0xx_HAL_Driver/Src/stm32g0xx_hal_uart_ex.o

.debug_abbrev   0x00000000     0x5540
 .debug_abbrev  0x00000000      0x3cb ./Core/Src/CC_and_PC.o
 .debug_abbrev  0x000003cb      0x226 ./Core/Src/MIDI.o
 .debug_abbrev  0x000005f1      0x1b9 ./Core/Src/UART.o
 .debug_abbrev  0x000007aa      0x206 ./Core/Src/checking_functions.o
 .debug_abbrev  0x000009b0      0x36b ./Core/Src/config.o
 .debug_abbrev  0x00000d1b      0x39d ./Core/Src/custom_callbacks.o
 .debug_abbrev  0x000010b8      0x360 ./Core/Src/input_capture.o
 .debug_abbrev  0x00001418      0x1a0 ./Core/Src/main.o
 .debug_abbrev  0x000015b8      0x2ca ./Core/Src/oscillator.o
 .debug_abbrev  0x00001882      0x29f ./Core/Src/startup.o
 .debug_abbrev  0x00001b21       0xff ./Core/Src/state_machine.o
 .debug_abbrev  0x00001c20      0x2ae ./Core/Src/stm32g0xx_hal_msp.o
 .debug_abbrev  0x00001ece      0x23d ./Core/Src/stm32g0xx_it.o
 .debug_abbrev  0x0000210b      0x1b4 ./Core/Src/symmetry_adjustment.o
 .debug_abbrev  0x000022bf      0x148 ./Core/Src/system_stm32g0xx.o
 .debug_abbrev  0x00002407      0x21c ./Core/Src/timers.o
 .debug_abbrev  0x00002623      0x18e ./Core/Src/utility.o
 .debug_abbrev  0x000027b1       0x24 ./Core/Startup/startup_stm32g031k8tx.o
 .debug_abbrev  0x000027d5      0x341 ./Drivers/STM32G0xx_HAL_Driver/Src/stm32g0xx_hal.o
 .debug_abbrev  0x00002b16      0x377 ./Drivers/STM32G0xx_HAL_Driver/Src/stm32g0xx_hal_adc.o
 .debug_abbrev  0x00002e8d      0x30f ./Drivers/STM32G0xx_HAL_Driver/Src/stm32g0xx_hal_adc_ex.o
 .debug_abbrev  0x0000319c      0x2dc ./Drivers/STM32G0xx_HAL_Driver/Src/stm32g0xx_hal_cortex.o
 .debug_abbrev  0x00003478      0x28a ./Drivers/STM32G0xx_HAL_Driver/Src/stm32g0xx_hal_dma.o
 .debug_abbrev  0x00003702      0x26a ./Drivers/STM32G0xx_HAL_Driver/Src/stm32g0xx_hal_gpio.o
 .debug_abbrev  0x0000396c      0x365 ./Drivers/STM32G0xx_HAL_Driver/Src/stm32g0xx_hal_lptim.o
 .debug_abbrev  0x00003cd1      0x28a ./Drivers/STM32G0xx_HAL_Driver/Src/stm32g0xx_hal_pwr_ex.o
 .debug_abbrev  0x00003f5b      0x36b ./Drivers/STM32G0xx_HAL_Driver/Src/stm32g0xx_hal_rcc.o
 .debug_abbrev  0x000042c6      0x296 ./Drivers/STM32G0xx_HAL_Driver/Src/stm32g0xx_hal_rcc_ex.o
 .debug_abbrev  0x0000455c      0x3e7 ./Drivers/STM32G0xx_HAL_Driver/Src/stm32g0xx_hal_tim.o
 .debug_abbrev  0x00004943      0x3f8 ./Drivers/STM32G0xx_HAL_Driver/Src/stm32g0xx_hal_tim_ex.o
 .debug_abbrev  0x00004d3b      0x4a2 ./Drivers/STM32G0xx_HAL_Driver/Src/stm32g0xx_hal_uart.o
 .debug_abbrev  0x000051dd      0x363 ./Drivers/STM32G0xx_HAL_Driver/Src/stm32g0xx_hal_uart_ex.o

.debug_loclists
                0x00000000    0x12003
 .debug_loclists
                0x00000000      0xbec ./Core/Src/CC_and_PC.o
 .debug_loclists
                0x00000bec      0x453 ./Core/Src/MIDI.o
 .debug_loclists
                0x0000103f       0x80 ./Core/Src/checking_functions.o
 .debug_loclists
                0x000010bf      0x1de ./Core/Src/custom_callbacks.o
 .debug_loclists
                0x0000129d      0x194 ./Core/Src/input_capture.o
 .debug_loclists
                0x00001431      0x2b3 ./Core/Src/oscillator.o
 .debug_loclists
                0x000016e4       0x29 ./Core/Src/startup.o
 .debug_loclists
                0x0000170d       0x24 ./Core/Src/state_machine.o
 .debug_loclists
                0x00001731      0x226 ./Core/Src/stm32g0xx_hal_msp.o
 .debug_loclists
                0x00001957      0x309 ./Core/Src/symmetry_adjustment.o
 .debug_loclists
                0x00001c60       0xa7 ./Core/Src/system_stm32g0xx.o
 .debug_loclists
                0x00001d07       0xa8 ./Core/Src/timers.o
 .debug_loclists
                0x00001daf       0xac ./Core/Src/utility.o
 .debug_loclists
                0x00001e5b      0x147 ./Drivers/STM32G0xx_HAL_Driver/Src/stm32g0xx_hal.o
 .debug_loclists
                0x00001fa2     0x12f9 ./Drivers/STM32G0xx_HAL_Driver/Src/stm32g0xx_hal_adc.o
 .debug_loclists
                0x0000329b      0x2c1 ./Drivers/STM32G0xx_HAL_Driver/Src/stm32g0xx_hal_adc_ex.o
 .debug_loclists
                0x0000355c      0x262 ./Drivers/STM32G0xx_HAL_Driver/Src/stm32g0xx_hal_cortex.o
 .debug_loclists
                0x000037be      0x83e ./Drivers/STM32G0xx_HAL_Driver/Src/stm32g0xx_hal_dma.o
 .debug_loclists
                0x00003ffc      0x61e ./Drivers/STM32G0xx_HAL_Driver/Src/stm32g0xx_hal_gpio.o
 .debug_loclists
                0x0000461a     0x1179 ./Drivers/STM32G0xx_HAL_Driver/Src/stm32g0xx_hal_lptim.o
 .debug_loclists
                0x00005793      0x1f5 ./Drivers/STM32G0xx_HAL_Driver/Src/stm32g0xx_hal_pwr_ex.o
 .debug_loclists
                0x00005988      0x529 ./Drivers/STM32G0xx_HAL_Driver/Src/stm32g0xx_hal_rcc.o
 .debug_loclists
                0x00005eb1      0x4c0 ./Drivers/STM32G0xx_HAL_Driver/Src/stm32g0xx_hal_rcc_ex.o
 .debug_loclists
                0x00006371     0x5924 ./Drivers/STM32G0xx_HAL_Driver/Src/stm32g0xx_hal_tim.o
 .debug_loclists
                0x0000bc95     0x15db ./Drivers/STM32G0xx_HAL_Driver/Src/stm32g0xx_hal_tim_ex.o
 .debug_loclists
                0x0000d270     0x437b ./Drivers/STM32G0xx_HAL_Driver/Src/stm32g0xx_hal_uart.o
 .debug_loclists
                0x000115eb      0xa18 ./Drivers/STM32G0xx_HAL_Driver/Src/stm32g0xx_hal_uart_ex.o

.debug_aranges  0x00000000     0x14c0
 .debug_aranges
                0x00000000       0xb8 ./Core/Src/CC_and_PC.o
 .debug_aranges
                0x000000b8       0x80 ./Core/Src/MIDI.o
 .debug_aranges
                0x00000138       0x20 ./Core/Src/UART.o
 .debug_aranges
                0x00000158       0x28 ./Core/Src/checking_functions.o
 .debug_aranges
                0x00000180       0x90 ./Core/Src/config.o
 .debug_aranges
                0x00000210       0x78 ./Core/Src/custom_callbacks.o
 .debug_aranges
                0x00000288       0x48 ./Core/Src/input_capture.o
 .debug_aranges
                0x000002d0       0x20 ./Core/Src/main.o
 .debug_aranges
                0x000002f0       0x50 ./Core/Src/oscillator.o
 .debug_aranges
                0x00000340       0x20 ./Core/Src/startup.o
 .debug_aranges
                0x00000360       0x20 ./Core/Src/state_machine.o
 .debug_aranges
                0x00000380       0x68 ./Core/Src/stm32g0xx_hal_msp.o
 .debug_aranges
                0x000003e8       0x90 ./Core/Src/stm32g0xx_it.o
 .debug_aranges
                0x00000478       0x28 ./Core/Src/symmetry_adjustment.o
 .debug_aranges
                0x000004a0       0x28 ./Core/Src/system_stm32g0xx.o
 .debug_aranges
                0x000004c8       0x28 ./Core/Src/timers.o
 .debug_aranges
                0x000004f0       0x50 ./Core/Src/utility.o
 .debug_aranges
                0x00000540       0x28 ./Core/Startup/startup_stm32g031k8tx.o
 .debug_aranges
                0x00000568      0x128 ./Drivers/STM32G0xx_HAL_Driver/Src/stm32g0xx_hal.o
 .debug_aranges
                0x00000690      0x108 ./Drivers/STM32G0xx_HAL_Driver/Src/stm32g0xx_hal_adc.o
 .debug_aranges
                0x00000798       0x58 ./Drivers/STM32G0xx_HAL_Driver/Src/stm32g0xx_hal_adc_ex.o
 .debug_aranges
                0x000007f0       0xa0 ./Drivers/STM32G0xx_HAL_Driver/Src/stm32g0xx_hal_cortex.o
 .debug_aranges
                0x00000890       0x78 ./Drivers/STM32G0xx_HAL_Driver/Src/stm32g0xx_hal_dma.o
 .debug_aranges
                0x00000908       0x60 ./Drivers/STM32G0xx_HAL_Driver/Src/stm32g0xx_hal_gpio.o
 .debug_aranges
                0x00000968      0x170 ./Drivers/STM32G0xx_HAL_Driver/Src/stm32g0xx_hal_lptim.o
 .debug_aranges
                0x00000ad8       0xf0 ./Drivers/STM32G0xx_HAL_Driver/Src/stm32g0xx_hal_pwr_ex.o
 .debug_aranges
                0x00000bc8       0x98 ./Drivers/STM32G0xx_HAL_Driver/Src/stm32g0xx_hal_rcc.o
 .debug_aranges
                0x00000c60       0x40 ./Drivers/STM32G0xx_HAL_Driver/Src/stm32g0xx_hal_rcc_ex.o
 .debug_aranges
                0x00000ca0      0x398 ./Drivers/STM32G0xx_HAL_Driver/Src/stm32g0xx_hal_tim.o
 .debug_aranges
                0x00001038      0x190 ./Drivers/STM32G0xx_HAL_Driver/Src/stm32g0xx_hal_tim_ex.o
 .debug_aranges
                0x000011c8      0x260 ./Drivers/STM32G0xx_HAL_Driver/Src/stm32g0xx_hal_uart.o
 .debug_aranges
                0x00001428       0x98 ./Drivers/STM32G0xx_HAL_Driver/Src/stm32g0xx_hal_uart_ex.o

.debug_rnglists
                0x00000000     0x2006
 .debug_rnglists
                0x00000000      0x164 ./Core/Src/CC_and_PC.o
 .debug_rnglists
                0x00000164       0x95 ./Core/Src/MIDI.o
 .debug_rnglists
                0x000001f9       0x13 ./Core/Src/UART.o
 .debug_rnglists
                0x0000020c       0x1a ./Core/Src/checking_functions.o
 .debug_rnglists
                0x00000226       0xe5 ./Core/Src/config.o
 .debug_rnglists
                0x0000030b       0x5a ./Core/Src/custom_callbacks.o
 .debug_rnglists
                0x00000365       0x40 ./Core/Src/input_capture.o
 .debug_rnglists
                0x000003a5       0x14 ./Core/Src/main.o
 .debug_rnglists
                0x000003b9       0x39 ./Core/Src/oscillator.o
 .debug_rnglists
                0x000003f2       0x14 ./Core/Src/startup.o
 .debug_rnglists
                0x00000406       0x13 ./Core/Src/state_machine.o
 .debug_rnglists
                0x00000419      0x165 ./Core/Src/stm32g0xx_hal_msp.o
 .debug_rnglists
                0x0000057e       0x67 ./Core/Src/stm32g0xx_it.o
 .debug_rnglists
                0x000005e5       0x28 ./Core/Src/symmetry_adjustment.o
 .debug_rnglists
                0x0000060d       0x1a ./Core/Src/system_stm32g0xx.o
 .debug_rnglists
                0x00000627       0x19 ./Core/Src/timers.o
 .debug_rnglists
                0x00000640       0x46 ./Core/Src/utility.o
 .debug_rnglists
                0x00000686       0x19 ./Core/Startup/startup_stm32g031k8tx.o
 .debug_rnglists
                0x0000069f       0xd9 ./Drivers/STM32G0xx_HAL_Driver/Src/stm32g0xx_hal.o
 .debug_rnglists
                0x00000778      0x28b ./Drivers/STM32G0xx_HAL_Driver/Src/stm32g0xx_hal_adc.o
 .debug_rnglists
                0x00000a03       0xb9 ./Drivers/STM32G0xx_HAL_Driver/Src/stm32g0xx_hal_adc_ex.o
 .debug_rnglists
                0x00000abc       0x9d ./Drivers/STM32G0xx_HAL_Driver/Src/stm32g0xx_hal_cortex.o
 .debug_rnglists
                0x00000b59       0x9e ./Drivers/STM32G0xx_HAL_Driver/Src/stm32g0xx_hal_dma.o
 .debug_rnglists
                0x00000bf7       0x45 ./Drivers/STM32G0xx_HAL_Driver/Src/stm32g0xx_hal_gpio.o
 .debug_rnglists
                0x00000c3c      0x254 ./Drivers/STM32G0xx_HAL_Driver/Src/stm32g0xx_hal_lptim.o
 .debug_rnglists
                0x00000e90       0xb0 ./Drivers/STM32G0xx_HAL_Driver/Src/stm32g0xx_hal_pwr_ex.o
 .debug_rnglists
                0x00000f40       0xb4 ./Drivers/STM32G0xx_HAL_Driver/Src/stm32g0xx_hal_rcc.o
 .debug_rnglists
                0x00000ff4       0x71 ./Drivers/STM32G0xx_HAL_Driver/Src/stm32g0xx_hal_rcc_ex.o
 .debug_rnglists
                0x00001065      0x776 ./Drivers/STM32G0xx_HAL_Driver/Src/stm32g0xx_hal_tim.o
 .debug_rnglists
                0x000017db      0x193 ./Drivers/STM32G0xx_HAL_Driver/Src/stm32g0xx_hal_tim_ex.o
 .debug_rnglists
                0x0000196e      0x5d7 ./Drivers/STM32G0xx_HAL_Driver/Src/stm32g0xx_hal_uart.o
 .debug_rnglists
                0x00001f45       0xc1 ./Drivers/STM32G0xx_HAL_Driver/Src/stm32g0xx_hal_uart_ex.o

.debug_macro    0x00000000    0x1a596
 .debug_macro   0x00000000      0x2f5 ./Core/Src/CC_and_PC.o
 .debug_macro   0x000002f5      0xad2 ./Core/Src/CC_and_PC.o
 .debug_macro   0x00000dc7       0xa6 ./Core/Src/CC_and_PC.o
 .debug_macro   0x00000e6d       0x22 ./Core/Src/CC_and_PC.o
 .debug_macro   0x00000e8f       0x8e ./Core/Src/CC_and_PC.o
 .debug_macro   0x00000f1d       0x51 ./Core/Src/CC_and_PC.o
 .debug_macro   0x00000f6e      0x103 ./Core/Src/CC_and_PC.o
 .debug_macro   0x00001071       0x6a ./Core/Src/CC_and_PC.o
 .debug_macro   0x000010db      0x1df ./Core/Src/CC_and_PC.o
 .debug_macro   0x000012ba       0x1c ./Core/Src/CC_and_PC.o
 .debug_macro   0x000012d6       0x1c ./Core/Src/CC_and_PC.o
 .debug_macro   0x000012f2       0x1c ./Core/Src/CC_and_PC.o
 .debug_macro   0x0000130e      0x12f ./Core/Src/CC_and_PC.o
 .debug_macro   0x0000143d       0x2e ./Core/Src/CC_and_PC.o
 .debug_macro   0x0000146b       0x28 ./Core/Src/CC_and_PC.o
 .debug_macro   0x00001493       0x1c ./Core/Src/CC_and_PC.o
 .debug_macro   0x000014af       0x22 ./Core/Src/CC_and_PC.o
 .debug_macro   0x000014d1       0xd1 ./Core/Src/CC_and_PC.o
 .debug_macro   0x000015a2      0x4da ./Core/Src/CC_and_PC.o
 .debug_macro   0x00001a7c      0x11f ./Core/Src/CC_and_PC.o
 .debug_macro   0x00001b9b     0xac2c ./Core/Src/CC_and_PC.o
 .debug_macro   0x0000c7c7       0x66 ./Core/Src/CC_and_PC.o
 .debug_macro   0x0000c82d     0x350e ./Core/Src/CC_and_PC.o
 .debug_macro   0x0000fd3b      0x190 ./Core/Src/CC_and_PC.o
 .debug_macro   0x0000fecb       0x5c ./Core/Src/CC_and_PC.o
 .debug_macro   0x0000ff27      0x518 ./Core/Src/CC_and_PC.o
 .debug_macro   0x0001043f      0xf70 ./Core/Src/CC_and_PC.o
 .debug_macro   0x000113af      0x1d8 ./Core/Src/CC_and_PC.o
 .debug_macro   0x00011587      0x1cf ./Core/Src/CC_and_PC.o
 .debug_macro   0x00011756      0x122 ./Core/Src/CC_and_PC.o
 .debug_macro   0x00011878      0x390 ./Core/Src/CC_and_PC.o
 .debug_macro   0x00011c08      0x202 ./Core/Src/CC_and_PC.o
 .debug_macro   0x00011e0a      0x2ff ./Core/Src/CC_and_PC.o
 .debug_macro   0x00012109      0x1b2 ./Core/Src/CC_and_PC.o
 .debug_macro   0x000122bb       0x43 ./Core/Src/CC_and_PC.o
 .debug_macro   0x000122fe      0x1f1 ./Core/Src/CC_and_PC.o
 .debug_macro   0x000124ef      0x8a8 ./Core/Src/CC_and_PC.o
 .debug_macro   0x00012d97      0x5bb ./Core/Src/CC_and_PC.o
 .debug_macro   0x00013352       0x2e ./Core/Src/CC_and_PC.o
 .debug_macro   0x00013380      0x1d6 ./Core/Src/CC_and_PC.o
 .debug_macro   0x00013556      0x38a ./Core/Src/CC_and_PC.o
 .debug_macro   0x000138e0       0x28 ./Core/Src/CC_and_PC.o
 .debug_macro   0x00013908       0xe4 ./Core/Src/CC_and_PC.o
 .debug_macro   0x000139ec       0x85 ./Core/Src/CC_and_PC.o
 .debug_macro   0x00013a71      0x2bd ./Core/Src/CC_and_PC.o
 .debug_macro   0x00013d2e      0x10c ./Core/Src/CC_and_PC.o
 .debug_macro   0x00013e3a      0x240 ./Core/Src/CC_and_PC.o
 .debug_macro   0x0001407a      0xac2 ./Core/Src/CC_and_PC.o
 .debug_macro   0x00014b3c      0x135 ./Core/Src/CC_and_PC.o
 .debug_macro   0x00014c71      0x69a ./Core/Src/CC_and_PC.o
 .debug_macro   0x0001530b       0xa6 ./Core/Src/CC_and_PC.o
 .debug_macro   0x000153b1      0x49d ./Core/Src/CC_and_PC.o
 .debug_macro   0x0001584e       0xe8 ./Core/Src/CC_and_PC.o
 .debug_macro   0x00015936       0x2e ./Core/Src/CC_and_PC.o
 .debug_macro   0x00015964       0x16 ./Core/Src/CC_and_PC.o
 .debug_macro   0x0001597a       0x10 ./Core/Src/CC_and_PC.o
 .debug_macro   0x0001598a       0xee ./Core/Src/CC_and_PC.o
 .debug_macro   0x00015a78       0x46 ./Core/Src/CC_and_PC.o
 .debug_macro   0x00015abe      0x2e6 ./Core/Src/MIDI.o
 .debug_macro   0x00015da4       0x22 ./Core/Src/MIDI.o
 .debug_macro   0x00015dc6      0x2e6 ./Core/Src/UART.o
 .debug_macro   0x000160ac      0x2e6 ./Core/Src/checking_functions.o
 .debug_macro   0x00016392      0x30f ./Core/Src/config.o
 .debug_macro   0x000166a1      0x30b ./Core/Src/custom_callbacks.o
 .debug_macro   0x000169ac      0x2de ./Core/Src/input_capture.o
 .debug_macro   0x00016c8a      0x2ec ./Core/Src/main.o
 .debug_macro   0x00016f76      0x2e2 ./Core/Src/oscillator.o
 .debug_macro   0x00017258      0x2f8 ./Core/Src/startup.o
 .debug_macro   0x00017550      0x1f4 ./Core/Src/startup.o
 .debug_macro   0x00017744       0x6d ./Core/Src/state_machine.o
 .debug_macro   0x000177b1      0x22a ./Core/Src/stm32g0xx_hal_msp.o
 .debug_macro   0x000179db      0x2f0 ./Core/Src/stm32g0xx_it.o
 .debug_macro   0x00017ccb      0x2e6 ./Core/Src/symmetry_adjustment.o
 .debug_macro   0x00017fb1      0x21b ./Core/Src/system_stm32g0xx.o
 .debug_macro   0x000181cc      0x234 ./Core/Src/timers.o
 .debug_macro   0x00018400      0x2e2 ./Core/Src/utility.o
 .debug_macro   0x000186e2      0x23f ./Drivers/STM32G0xx_HAL_Driver/Src/stm32g0xx_hal.o
 .debug_macro   0x00018921      0x23f ./Drivers/STM32G0xx_HAL_Driver/Src/stm32g0xx_hal_adc.o
 .debug_macro   0x00018b60      0x227 ./Drivers/STM32G0xx_HAL_Driver/Src/stm32g0xx_hal_adc_ex.o
 .debug_macro   0x00018d87      0x21b ./Drivers/STM32G0xx_HAL_Driver/Src/stm32g0xx_hal_cortex.o
 .debug_macro   0x00018fa2      0x21b ./Drivers/STM32G0xx_HAL_Driver/Src/stm32g0xx_hal_dma.o
 .debug_macro   0x000191bd      0x222 ./Drivers/STM32G0xx_HAL_Driver/Src/stm32g0xx_hal_gpio.o
 .debug_macro   0x000193df      0x231 ./Drivers/STM32G0xx_HAL_Driver/Src/stm32g0xx_hal_lptim.o
 .debug_macro   0x00019610      0x245 ./Drivers/STM32G0xx_HAL_Driver/Src/stm32g0xx_hal_pwr_ex.o
 .debug_macro   0x00019855      0x25d ./Drivers/STM32G0xx_HAL_Driver/Src/stm32g0xx_hal_rcc.o
 .debug_macro   0x00019ab2      0x233 ./Drivers/STM32G0xx_HAL_Driver/Src/stm32g0xx_hal_rcc_ex.o
 .debug_macro   0x00019ce5      0x223 ./Drivers/STM32G0xx_HAL_Driver/Src/stm32g0xx_hal_tim.o
 .debug_macro   0x00019f08      0x221 ./Drivers/STM32G0xx_HAL_Driver/Src/stm32g0xx_hal_tim_ex.o
 .debug_macro   0x0001a129      0x246 ./Drivers/STM32G0xx_HAL_Driver/Src/stm32g0xx_hal_uart.o
 .debug_macro   0x0001a36f      0x227 ./Drivers/STM32G0xx_HAL_Driver/Src/stm32g0xx_hal_uart_ex.o

.debug_line     0x00000000    0x2c3c9
 .debug_line    0x00000000     0x150e ./Core/Src/CC_and_PC.o
 .debug_line    0x0000150e      0xe4b ./Core/Src/MIDI.o
 .debug_line    0x00002359      0x8c2 ./Core/Src/UART.o
 .debug_line    0x00002c1b      0xa13 ./Core/Src/checking_functions.o
 .debug_line    0x0000362e     0x1d01 ./Core/Src/config.o
 .debug_line    0x0000532f     0x1682 ./Core/Src/custom_callbacks.o
 .debug_line    0x000069b1      0xa9d ./Core/Src/input_capture.o
 .debug_line    0x0000744e      0x980 ./Core/Src/main.o
 .debug_line    0x00007dce      0xd7d ./Core/Src/oscillator.o
 .debug_line    0x00008b4b      0x9be ./Core/Src/startup.o
 .debug_line    0x00009509      0x402 ./Core/Src/state_machine.o
 .debug_line    0x0000990b      0xe11 ./Core/Src/stm32g0xx_hal_msp.o
 .debug_line    0x0000a71c      0xa76 ./Core/Src/stm32g0xx_it.o
 .debug_line    0x0000b192      0xd5f ./Core/Src/symmetry_adjustment.o
 .debug_line    0x0000bef1      0x86c ./Core/Src/system_stm32g0xx.o
 .debug_line    0x0000c75d      0x7e3 ./Core/Src/timers.o
 .debug_line    0x0000cf40      0x9f6 ./Core/Src/utility.o
 .debug_line    0x0000d936       0x7b ./Core/Startup/startup_stm32g031k8tx.o
 .debug_line    0x0000d9b1      0xd03 ./Drivers/STM32G0xx_HAL_Driver/Src/stm32g0xx_hal.o
 .debug_line    0x0000e6b4     0x25db ./Drivers/STM32G0xx_HAL_Driver/Src/stm32g0xx_hal_adc.o
 .debug_line    0x00010c8f      0xc91 ./Drivers/STM32G0xx_HAL_Driver/Src/stm32g0xx_hal_adc_ex.o
 .debug_line    0x00011920      0xcac ./Drivers/STM32G0xx_HAL_Driver/Src/stm32g0xx_hal_cortex.o
 .debug_line    0x000125cc     0x12cb ./Drivers/STM32G0xx_HAL_Driver/Src/stm32g0xx_hal_dma.o
 .debug_line    0x00013897     0x10a8 ./Drivers/STM32G0xx_HAL_Driver/Src/stm32g0xx_hal_gpio.o
 .debug_line    0x0001493f     0x2161 ./Drivers/STM32G0xx_HAL_Driver/Src/stm32g0xx_hal_lptim.o
 .debug_line    0x00016aa0      0xca1 ./Drivers/STM32G0xx_HAL_Driver/Src/stm32g0xx_hal_pwr_ex.o
 .debug_line    0x00017741     0x1612 ./Drivers/STM32G0xx_HAL_Driver/Src/stm32g0xx_hal_rcc.o
 .debug_line    0x00018d53      0xf13 ./Drivers/STM32G0xx_HAL_Driver/Src/stm32g0xx_hal_rcc_ex.o
 .debug_line    0x00019c66     0x76ec ./Drivers/STM32G0xx_HAL_Driver/Src/stm32g0xx_hal_tim.o
 .debug_line    0x00021352     0x2093 ./Drivers/STM32G0xx_HAL_Driver/Src/stm32g0xx_hal_tim_ex.o
 .debug_line    0x000233e5     0x7c71 ./Drivers/STM32G0xx_HAL_Driver/Src/stm32g0xx_hal_uart.o
 .debug_line    0x0002b056     0x1373 ./Drivers/STM32G0xx_HAL_Driver/Src/stm32g0xx_hal_uart_ex.o

.debug_str      0x00000000    0xa0b69
 .debug_str     0x00000000    0xa0b69 ./Core/Src/CC_and_PC.o
                              0x98fe3 (size before relaxing)
 .debug_str     0x000a0b69    0x98604 ./Core/Src/MIDI.o
 .debug_str     0x000a0b69    0x9877a ./Core/Src/UART.o
 .debug_str     0x000a0b69    0x986e0 ./Core/Src/checking_functions.o
 .debug_str     0x000a0b69    0x9a837 ./Core/Src/config.o
 .debug_str     0x000a0b69    0x9a3fd ./Core/Src/custom_callbacks.o
 .debug_str     0x000a0b69    0x98e35 ./Core/Src/input_capture.o
 .debug_str     0x000a0b69    0x9846f ./Core/Src/main.o
 .debug_str     0x000a0b69    0x98def ./Core/Src/oscillator.o
 .debug_str     0x000a0b69    0x9a856 ./Core/Src/startup.o
 .debug_str     0x000a0b69     0x4043 ./Core/Src/state_machine.o
 .debug_str     0x000a0b69    0x98d6a ./Core/Src/stm32g0xx_hal_msp.o
 .debug_str     0x000a0b69    0x990ff ./Core/Src/stm32g0xx_it.o
 .debug_str     0x000a0b69    0x9843d ./Core/Src/symmetry_adjustment.o
 .debug_str     0x000a0b69    0x97430 ./Core/Src/system_stm32g0xx.o
 .debug_str     0x000a0b69    0x97fbe ./Core/Src/timers.o
 .debug_str     0x000a0b69    0x982c9 ./Core/Src/utility.o
 .debug_str     0x000a0b69       0x70 ./Core/Startup/startup_stm32g031k8tx.o
 .debug_str     0x000a0b69    0x97c06 ./Drivers/STM32G0xx_HAL_Driver/Src/stm32g0xx_hal.o
 .debug_str     0x000a0b69    0x98443 ./Drivers/STM32G0xx_HAL_Driver/Src/stm32g0xx_hal_adc.o