Archive member included to satisfy reference by file (symbol)

/Applications/STM32CubeIDE.app/Contents/Eclipse/plugins/com.st.stm32cube.ide.mcu.externaltools.gnu-tools-for-stm32.12.3.rel1.macos64_1.1.0.202410301201/tools/bin/../lib/gcc/arm-none-eabi/12.3.1/../../../../arm-none-eabi/lib/thumb/v6-m/nofp/libc_nano.a(libc_a-exit.o)
                              /Applications/STM32CubeIDE.app/Contents/Eclipse/plugins/com.st.stm32cube.ide.mcu.externaltools.gnu-tools-for-stm32.12.3.rel1.macos64_1.1.0.202410301201/tools/bin/../lib/gcc/arm-none-eabi/12.3.1/../../../../arm-none-eabi/lib/thumb/v6-m/nofp/crt0.o (exit)
/Applications/STM32CubeIDE.app/Contents/Eclipse/plugins/com.st.stm32cube.ide.mcu.externaltools.gnu-tools-for-stm32.12.3.rel1.macos64_1.1.0.202410301201/tools/bin/../lib/gcc/arm-none-eabi/12.3.1/../../../../arm-none-eabi/lib/thumb/v6-m/nofp/libc_nano.a(libc_a-findfp.o)
                              /Applications/STM32CubeIDE.app/Contents/Eclipse/plugins/com.st.stm32cube.ide.mcu.externaltools.gnu-tools-for-stm32.12.3.rel1.macos64_1.1.0.202410301201/tools/bin/../lib/gcc/arm-none-eabi/12.3.1/../../../../arm-none-eabi/lib/thumb/v6-m/nofp/libc_nano.a(libc_a-exit.o) (__stdio_exit_handler)
/Applications/STM32CubeIDE.app/Contents/Eclipse/plugins/com.st.stm32cube.ide.mcu.externaltools.gnu-tools-for-stm32.12.3.rel1.macos64_1.1.0.202410301201/tools/bin/../lib/gcc/arm-none-eabi/12.3.1/../../../../arm-none-eabi/lib/thumb/v6-m/nofp/libc_nano.a(libc_a-fwalk.o)
                              /Applications/STM32CubeIDE.app/Contents/Eclipse/plugins/com.st.stm32cube.ide.mcu.externaltools.gnu-tools-for-stm32.12.3.rel1.macos64_1.1.0.202410301201/tools/bin/../lib/gcc/arm-none-eabi/12.3.1/../../../../arm-none-eabi/lib/thumb/v6-m/nofp/libc_nano.a(libc_a-findfp.o) (_fwalk_sglue)
/Applications/STM32CubeIDE.app/Contents/Eclipse/plugins/com.st.stm32cube.ide.mcu.externaltools.gnu-tools-for-stm32.12.3.rel1.macos64_1.1.0.202410301201/tools/bin/../lib/gcc/arm-none-eabi/12.3.1/../../../../arm-none-eabi/lib/thumb/v6-m/nofp/libc_nano.a(libc_a-memset.o)
                              /Applications/STM32CubeIDE.app/Contents/Eclipse/plugins/com.st.stm32cube.ide.mcu.externaltools.gnu-tools-for-stm32.12.3.rel1.macos64_1.1.0.202410301201/tools/bin/../lib/gcc/arm-none-eabi/12.3.1/../../../../arm-none-eabi/lib/thumb/v6-m/nofp/crt0.o (memset)
/Applications/STM32CubeIDE.app/Contents/Eclipse/plugins/com.st.stm32cube.ide.mcu.externaltools.gnu-tools-for-stm32.12.3.rel1.macos64_1.1.0.202410301201/tools/bin/../lib/gcc/arm-none-eabi/12.3.1/../../../../arm-none-eabi/lib/thumb/v6-m/nofp/libc_nano.a(libc_a-impure.o)
                              /Applications/STM32CubeIDE.app/Contents/Eclipse/plugins/com.st.stm32cube.ide.mcu.externaltools.gnu-tools-for-stm32.12.3.rel1.macos64_1.1.0.202410301201/tools/bin/../lib/gcc/arm-none-eabi/12.3.1/../../../../arm-none-eabi/lib/thumb/v6-m/nofp/libc_nano.a(libc_a-findfp.o) (_impure_data)
/Applications/STM32CubeIDE.app/Contents/Eclipse/plugins/com.st.stm32cube.ide.mcu.externaltools.gnu-tools-for-stm32.12.3.rel1.macos64_1.1.0.202410301201/tools/bin/../lib/gcc/arm-none-eabi/12.3.1/../../../../arm-none-eabi/lib/thumb/v6-m/nofp/libc_nano.a(libc_a-errno.o)
                              ./Core/Src/syscalls.o (__errno)
/Applications/STM32CubeIDE.app/Contents/Eclipse/plugins/com.st.stm32cube.ide.mcu.externaltools.gnu-tools-for-stm32.12.3.rel1.macos64_1.1.0.202410301201/tools/bin/../lib/gcc/arm-none-eabi/12.3.1/../../../../arm-none-eabi/lib/thumb/v6-m/nofp/libc_nano.a(libc_a-init.o)
                              /Applications/STM32CubeIDE.app/Contents/Eclipse/plugins/com.st.stm32cube.ide.mcu.externaltools.gnu-tools-for-stm32.12.3.rel1.macos64_1.1.0.202410301201/tools/bin/../lib/gcc/arm-none-eabi/12.3.1/../../../../arm-none-eabi/lib/thumb/v6-m/nofp/crt0.o (__libc_init_array)
/Applications/STM32CubeIDE.app/Contents/Eclipse/plugins/com.st.stm32cube.ide.mcu.externaltools.gnu-tools-for-stm32.12.3.rel1.macos64_1.1.0.202410301201/tools/bin/../lib/gcc/arm-none-eabi/12.3.1/../../../../arm-none-eabi/lib/thumb/v6-m/nofp/libc_nano.a(libc_a-lock.o)
                              /Applications/STM32CubeIDE.app/Contents/Eclipse/plugins/com.st.stm32cube.ide.mcu.externaltools.gnu-tools-for-stm32.12.3.rel1.macos64_1.1.0.202410301201/tools/bin/../lib/gcc/arm-none-eabi/12.3.1/../../../../arm-none-eabi/lib/thumb/v6-m/nofp/libc_nano.a(libc_a-findfp.o) (__retarget_lock_init_recursive)
/Applications/STM32CubeIDE.app/Contents/Eclipse/plugins/com.st.stm32cube.ide.mcu.externaltools.gnu-tools-for-stm32.12.3.rel1.macos64_1.1.0.202410301201/tools/bin/../lib/gcc/arm-none-eabi/12.3.1/../../../../arm-none-eabi/lib/thumb/v6-m/nofp/libc_nano.a(libc_a-mallocr.o)
                              /Applications/STM32CubeIDE.app/Contents/Eclipse/plugins/com.st.stm32cube.ide.mcu.externaltools.gnu-tools-for-stm32.12.3.rel1.macos64_1.1.0.202410301201/tools/bin/../lib/gcc/arm-none-eabi/12.3.1/../../../../arm-none-eabi/lib/thumb/v6-m/nofp/libc_nano.a(libc_a-findfp.o) (_malloc_r)
[...]
Memory Configuration

Name             Origin             Length             Attributes
RAM              0x20000000         0x00002000         xrw
FLASH            0x08000000         0x00010000         xr
*default*        0x00000000         0xffffffff

Linker script and memory map

LOAD /Applications/STM32CubeIDE.app/Contents/Eclipse/plugins/com.st.stm32cube.ide.mcu.externaltools.gnu-tools-for-stm32.12.3.rel1.macos64_1.1.0.202410301201/tools/bin/../lib/gcc/arm-none-eabi/12.3.1/thumb/v6-m/nofp/crti.o
LOAD /Applications/STM32CubeIDE.app/Contents/Eclipse/plugins/com.st.stm32cube.ide.mcu.externaltools.gnu-tools-for-stm32.12.3.rel1.macos64_1.1.0.202410301201/tools/bin/../lib/gcc/arm-none-eabi/12.3.1/thumb/v6-m/nofp/crtbegin.o
LOAD /Applications/STM32CubeIDE.app/Contents/Eclipse/plugins/com.st.stm32cube.ide.mcu.externaltools.gnu-tools-for-stm32.12.3.rel1.macos64_1.1.0.202410301201/tools/bin/../lib/gcc/arm-none-eabi/12.3.1/../../../../arm-none-eabi/lib/thumb/v6-m/nofp/crt0.o
LOAD ./Core/Src/UART.o
LOAD ./Core/Src/checking_functions.o
LOAD ./Core/Src/config.o
LOAD ./Core/Src/custom_callbacks.o
LOAD ./Core/Src/debug.o
LOAD ./Core/Src/input_capture.o
LOAD ./Core/Src/main.o
LOAD ./Core/Src/oscillator.o
LOAD ./Core/Src/startup.o
LOAD ./Core/Src/stm32g0xx_hal_msp.o
LOAD ./Core/Src/stm32g0xx_it.o
LOAD ./Core/Src/symmetry_adjustment.o
LOAD ./Core/Src/syscalls.o
LOAD ./Core/Src/sysmem.o
LOAD ./Core/Src/system_stm32g0xx.o
LOAD ./Core/Src/timers.o
LOAD ./Core/Src/utility.o
LOAD ./Core/Startup/startup_stm32g031k8tx.o
LOAD ./Drivers/STM32G0xx_HAL_Driver/Src/stm32g0xx_hal.o
LOAD ./Drivers/STM32G0xx_HAL_Driver/Src/stm32g0xx_hal_adc.o
LOAD ./Drivers/STM32G0xx_HAL_Driver/Src/stm32g0xx_hal_adc_ex.o
LOAD ./Drivers/STM32G0xx_HAL_Driver/Src/stm32g0xx_hal_cortex.o
LOAD ./Drivers/STM32G0xx_HAL_Driver/Src/stm32g0xx_hal_dma.o
LOAD ./Drivers/STM32G0xx_HAL_Driver/Src/stm32g0xx_hal_dma_ex.o
LOAD ./Drivers/STM32G0xx_HAL_Driver/Src/stm32g0xx_hal_exti.o
LOAD ./Drivers/STM32G0xx_HAL_Driver/Src/stm32g0xx_hal_flash.o
LOAD ./Drivers/STM32G0xx_HAL_Driver/Src/stm32g0xx_hal_flash_ex.o
LOAD ./Drivers/STM32G0xx_HAL_Driver/Src/stm32g0xx_hal_gpio.o
LOAD ./Drivers/STM32G0xx_HAL_Driver/Src/stm32g0xx_hal_iwdg.o
LOAD ./Drivers/STM32G0xx_HAL_Driver/Src/stm32g0xx_hal_lptim.o
LOAD ./Drivers/STM32G0xx_HAL_Driver/Src/stm32g0xx_hal_pwr.o
LOAD ./Drivers/STM32G0xx_HAL_Driver/Src/stm32g0xx_hal_pwr_ex.o
LOAD ./Drivers/STM32G0xx_HAL_Driver/Src/stm32g0xx_hal_rcc.o
LOAD ./Drivers/STM32G0xx_HAL_Driver/Src/stm32g0xx_hal_rcc_ex.o
LOAD ./Drivers/STM32G0xx_HAL_Driver/Src/stm32g0xx_hal_tim.o
LOAD ./Drivers/STM32G0xx_HAL_Driver/Src/stm32g0xx_hal_tim_ex.o
LOAD ./Drivers/STM32G0xx_HAL_Driver/Src/stm32g0xx_hal_uart.o
LOAD ./Drivers/STM32G0xx_HAL_Driver/Src/stm32g0xx_hal_uart_ex.o
LOAD ./Drivers/STM32G0xx_HAL_Driver/Src/stm32g0xx_ll_adc.o
LOAD ./Drivers/STM32G0xx_HAL_Driver/Src/stm32g0xx_ll_rcc.o
START GROUP
LOAD /Applications/STM32CubeIDE.app/Contents/Eclipse/plugins/com.st.stm32cube.ide.mcu.externaltools.gnu-tools-for-stm32.12.3.rel1.macos64_1.1.0.202410301201/tools/bin/../lib/gcc/arm-none-eabi/12.3.1/../../../../arm-none-eabi/lib/thumb/v6-m/nofp/libc_nano.a
LOAD /Applications/STM32CubeIDE.app/Contents/Eclipse/plugins/com.st.stm32cube.ide.mcu.externaltools.gnu-tools-for-stm32.12.3.rel1.macos64_1.1.0.202410301201/tools/bin/../lib/gcc/arm-none-eabi/12.3.1/../../../../arm-none-eabi/lib/thumb/v6-m/nofp/libm.a
END GROUP
START GROUP
LOAD /Applications/STM32CubeIDE.app/Contents/Eclipse/plugins/com.st.stm32cube.ide.mcu.externaltools.gnu-tools-for-stm32.12.3.rel1.macos64_1.1.0.202410301201/tools/bin/../lib/gcc/arm-none-eabi/12.3.1/thumb/v6-m/nofp/libgcc.a
LOAD /Applications/STM32CubeIDE.app/Contents/Eclipse/plugins/com.st.stm32cube.ide.mcu.externaltools.gnu-tools-for-stm32.12.3.rel1.macos64_1.1.0.202410301201/tools/bin/../lib/gcc/arm-none-eabi/12.3.1/../../../../arm-none-eabi/lib/thumb/v6-m/nofp/libc_nano.a
END GROUP
START GROUP
LOAD /Applications/STM32CubeIDE.app/Contents/Eclipse/plugins/com.st.stm32cube.ide.mcu.externaltools.gnu-tools-for-stm32.12.3.rel1.macos64_1.1.0.202410301201/tools/bin/../lib/gcc/arm-none-eabi/12.3.1/thumb/v6-m/nofp/libgcc.a
LOAD /Applications/STM32CubeIDE.app/Contents/Eclipse/plugins/com.st.stm32cube.ide.mcu.externaltools.gnu-tools-for-stm32.12.3.rel1.macos64_1.1.0.202410301201/tools/bin/../lib/gcc/arm-none-eabi/12.3.1/../../../../arm-none-eabi/lib/thumb/v6-m/nofp/libc_nano.a
LOAD /Applications/STM32CubeIDE.app/Contents/Eclipse/plugins/com.st.stm32cube.ide.mcu.externaltools.gnu-tools-for-stm32.12.3.rel1.macos64_1.1.0.202410301201/tools/bin/../lib/gcc/arm-none-eabi/12.3.1/../../../../arm-none-eabi/lib/thumb/v6-m/nofp/libnosys.a
END GROUP
START GROUP
LOAD /Applications/STM32CubeIDE.app/Contents/Eclipse/plugins/com.st.stm32cube.ide.mcu.externaltools.gnu-tools-for-stm32.12.3.rel1.macos64_1.1.0.202410301201/tools/bin/../lib/gcc/arm-none-eabi/12.3.1/thumb/v6-m/nofp/libgcc.a
LOAD /Applications/STM32CubeIDE.app/Contents/Eclipse/plugins/com.st.stm32cube.ide.mcu.externaltools.gnu-tools-for-stm32.12.3.rel1.macos64_1.1.0.202410301201/tools/bin/../lib/gcc/arm-none-eabi/12.3.1/../../../../arm-none-eabi/lib/thumb/v6-m/nofp/libc_nano.a
LOAD /Applications/STM32CubeIDE.app/Contents/Eclipse/plugins/com.st.stm32cube.ide.mcu.externaltools.gnu-tools-for-stm32.12.3.rel1.macos64_1.1.0.202410301201/tools/bin/../lib/gcc/arm-none-eabi/12.3.1/../../../../arm-none-eabi/lib/thumb/v6-m/nofp/libnosys.a
END GROUP
LOAD /Applications/STM32CubeIDE.app/Contents/Eclipse/plugins/com.st.stm32cube.ide.mcu.externaltools.gnu-tools-for-stm32.12.3.rel1.macos64_1.1.0.202410301201/tools/bin/../lib/gcc/arm-none-eabi/12.3.1/thumb/v6-m/nofp/crtend.o
LOAD /Applications/STM32CubeIDE.app/Contents/Eclipse/plugins/com.st.stm32cube.ide.mcu.externaltools.gnu-tools-for-stm32.12.3.rel1.macos64_1.1.0.202410301201/tools/bin/../lib/gcc/arm-none-eabi/12.3.1/thumb/v6-m/nofp/crtn.o
                0x20002000                        _estack = (ORIGIN (RAM) + LENGTH (RAM))
                0x00000200                        _Min_Heap_Size = 0x200
                0x00000400                        _Min_Stack_Size = 0x400

.isr_vector     0x08000000       0xbc
                0x08000000                        . = ALIGN (0x4)
 *(.isr_vector)
 .isr_vector    0x08000000       0xbc ./Core/Startup/startup_stm32g031k8tx.o
                0x08000000                g_pfnVectors
                0x080000bc                        . = ALIGN (0x4)

.text           0x080000bc     0x62cc
                0x080000bc                        . = ALIGN (0x4)
 *(.text)
 .text          0x080000bc       0x48 /Applications/STM32CubeIDE.app/Contents/Eclipse/plugins/com.st.stm32cube.ide.mcu.externaltools.gnu-tools-for-stm32.12.3.rel1.macos64_1.1.0.202410301201/tools/bin/../lib/gcc/arm-none-eabi/12.3.1/thumb/v6-m/nofp/crtbegin.o
 .text          0x08000104      0x114 /Applications/STM32CubeIDE.app/Contents/Eclipse/plugins/com.st.stm32cube.ide.mcu.externaltools.gnu-tools-for-stm32.12.3.rel1.macos64_1.1.0.202410301201/tools/bin/../lib/gcc/arm-none-eabi/12.3.1/thumb/v6-m/nofp/libgcc.a(_udivsi3.o)
                0x08000104                __udivsi3
                0x08000104                __aeabi_uidiv
                0x08000210                __aeabi_uidivmod
 .text          0x08000218        0x4 /Applications/STM32CubeIDE.app/Contents/Eclipse/plugins/com.st.stm32cube.ide.mcu.externaltools.gnu-tools-for-stm32.12.3.rel1.macos64_1.1.0.202410301201/tools/bin/../lib/gcc/arm-none-eabi/12.3.1/thumb/v6-m/nofp/libgcc.a(_dvmd_tls.o)
                0x08000218                __aeabi_ldiv0
                0x08000218                __aeabi_idiv0
 .text          0x0800021c       0x40 /Applications/STM32CubeIDE.app/Contents/Eclipse/plugins/com.st.stm32cube.ide.mcu.externaltools.gnu-tools-for-stm32.12.3.rel1.macos64_1.1.0.202410301201/tools/bin/../lib/gcc/arm-none-eabi/12.3.1/thumb/v6-m/nofp/libgcc.a(_aeabi_uldivmod.o)
                0x0800021c                __aeabi_uldivmod
 .text          0x0800025c      0x198 /Applications/STM32CubeIDE.app/Contents/Eclipse/plugins/com.st.stm32cube.ide.mcu.externaltools.gnu-tools-for-stm32.12.3.rel1.macos64_1.1.0.202410301201/tools/bin/../lib/gcc/arm-none-eabi/12.3.1/thumb/v6-m/nofp/libgcc.a(_udivmoddi4.o)
                0x0800025c                __udivmoddi4
 .text          0x080003f4       0x18 /Applications/STM32CubeIDE.app/Contents/Eclipse/plugins/com.st.stm32cube.ide.mcu.externaltools.gnu-tools-for-stm32.12.3.rel1.macos64_1.1.0.202410301201/tools/bin/../lib/gcc/arm-none-eabi/12.3.1/thumb/v6-m/nofp/libgcc.a(_clzdi2.o)
                0x080003f4                __clzdi2
 .text          0x0800040c       0x3c /Applications/STM32CubeIDE.app/Contents/Eclipse/plugins/com.st.stm32cube.ide.mcu.externaltools.gnu-tools-for-stm32.12.3.rel1.macos64_1.1.0.202410301201/tools/bin/../lib/gcc/arm-none-eabi/12.3.1/thumb/v6-m/nofp/libgcc.a(_clzsi2.o)
                0x0800040c                __clzsi2
 *(.text*)
 .text.Start_UART_Receive
                0x08000448       0x18 ./Core/Src/UART.o
                0x08000448                Start_UART_Receive
 .text.Speed_Pot_Check
                0x08000460       0x7c ./Core/Src/checking_functions.o
                0x08000460                Speed_Pot_Check
 .text.Check_Tap_Tempo_Switch_State
                0x080004dc       0x64 ./Core/Src/checking_functions.o
                0x080004dc                Check_Tap_Tempo_Switch_State
 .text.Check_CLK_IN_State
                0x08000540       0x20 ./Core/Src/checking_functions.o
                0x08000540                Check_CLK_IN_State
 .text.SystemClock_Config
                0x08000560       0x80 ./Core/Src/config.o
                0x08000560                SystemClock_Config
 .text.MX_ADC1_Init
                0x080005e0       0xf4 ./Core/Src/config.o
                0x080005e0                MX_ADC1_Init
 .text.MX_TIM16_Init
                0x080006d4       0xb0 ./Core/Src/config.o
                0x080006d4                MX_TIM16_Init
 .text.MX_TIM2_Init
                0x08000784       0xb8 ./Core/Src/config.o
                0x08000784                MX_TIM2_Init
 .text.MX_TIM3_Init
                0x0800083c       0xc0 ./Core/Src/config.o
                0x0800083c                MX_TIM3_Init
 .text.MX_TIM1_Init
                0x080008fc      0x128 ./Core/Src/config.o
                0x080008fc                MX_TIM1_Init
 .text.MX_GPIO_Init
                0x08000a24      0x11c ./Core/Src/config.o
                0x08000a24                MX_GPIO_Init
 .text.Error_Handler
                0x08000b40        0x4 ./Core/Src/config.o
                0x08000b40                Error_Handler
 .text.System_Init
                0x08000b44      0x170 ./Core/Src/config.o
                0x08000b44                System_Init
 .text.TIM16_callback
                0x08000cb4       0x3c ./Core/Src/custom_callbacks.o
                0x08000cb4                TIM16_callback
 .text.ADC_DMA_conversion_complete_callback
                0x08000cf0       0x68 ./Core/Src/custom_callbacks.o
                0x08000cf0                ADC_DMA_conversion_complete_callback
 .text.TIM2_ch1_IP_capture_callback
                0x08000d58       0xb4 ./Core/Src/custom_callbacks.o
                0x08000d58                TIM2_ch1_IP_capture_callback
 .text.TIM2_ch1_overflow_callback
                0x08000e0c       0x24 ./Core/Src/custom_callbacks.o
                0x08000e0c                TIM2_ch1_overflow_callback
 .text.TIM3_ch1_IP_capture_measurement_reelapse_callback
                0x08000e30       0x6c ./Core/Src/custom_callbacks.o
                0x08000e30                TIM3_ch1_IP_capture_measurement_reelapse_callback
 .text.UART2_TX_transfer_complete_callback
                0x08000e9c        0xc ./Core/Src/custom_callbacks.o
                0x08000e9c                UART2_TX_transfer_complete_callback
 .text.UART2_RX_transfer_complete_callback
                0x08000ea8       0x30 ./Core/Src/custom_callbacks.o
                0x08000ea8                UART2_RX_transfer_complete_callback
 .text.LPTIM1_callback
                0x08000ed8       0xe8 ./Core/Src/custom_callbacks.o
                0x08000ed8                LPTIM1_callback
 .text.Input_Capture_Processing
                0x08000fc0       0x7c ./Core/Src/input_capture.o
                0x08000fc0                Input_Capture_Processing
 .text.Start_Input_Capture_Timer
                0x0800103c       0x30 ./Core/Src/input_capture.o
                0x0800103c                Start_Input_Capture_Timer
 .text.startup.main
                0x0800106c       0x4c ./Core/Src/main.o
                0x0800106c                main
 .text.Start_PWM_Gen_Timer_Main_and_Secondary_Oscillators
                0x080010b8       0x34 ./Core/Src/oscillator.o
                0x080010b8                Start_PWM_Gen_Timer_Main_and_Secondary_Oscillators
 .text.Start_Freq_Gen_Timer
                0x080010ec       0x1c ./Core/Src/oscillator.o
                0x080010ec                Start_Freq_Gen_Timer
 .text.Process_TIM16_Raw_Start_Value_and_Raw_Prescaler
                0x08001108       0x2c ./Core/Src/oscillator.o
                0x08001108                Process_TIM16_Raw_Start_Value_and_Raw_Prescaler
 .text.Set_Oscillator_Values
                0x08001134       0x30 ./Core/Src/oscillator.o
                0x08001134                Set_Oscillator_Values
 .text.Calculate_Next_Main_Oscillator_Values
                0x08001164      0x11c ./Core/Src/oscillator.o
                0x08001164                Calculate_Next_Main_Oscillator_Values
 .text.Write_Next_Main_Oscillator_Values_to_Delay_Line
                0x08001280       0xb8 ./Core/Src/oscillator.o
                0x08001280                Write_Next_Main_Oscillator_Values_to_Delay_Line
 .text.Process_ADC_Conversion_Values
                0x08001338       0x5c ./Core/Src/oscillator.o
                0x08001338                Process_ADC_Conversion_Values
 .text.Startup  0x08001394       0xe0 ./Core/Src/startup.o
                0x08001394                Startup
 .text.HAL_MspInit
                0x08001474       0x30 ./Core/Src/stm32g0xx_hal_msp.o
                0x08001474                HAL_MspInit
 .text.HAL_ADC_MspInit
                0x080014a4       0xa0 ./Core/Src/stm32g0xx_hal_msp.o
                0x080014a4                HAL_ADC_MspInit
 .text.HAL_LPTIM_MspInit
                0x08001544       0x8c ./Core/Src/stm32g0xx_hal_msp.o
                0x08001544                HAL_LPTIM_MspInit
 .text.HAL_TIM_Base_MspInit
                0x080015d0      0x10c ./Core/Src/stm32g0xx_hal_msp.o
                0x080015d0                HAL_TIM_Base_MspInit
 .text.HAL_TIM_MspPostInit
                0x080016dc       0x78 ./Core/Src/stm32g0xx_hal_msp.o
                0x080016dc                HAL_TIM_MspPostInit
 .text.HAL_UART_MspInit
                0x08001754       0xec ./Core/Src/stm32g0xx_hal_msp.o
                0x08001754                HAL_UART_MspInit
 .text.NMI_Handler
                0x08001840        0x4 ./Core/Src/stm32g0xx_it.o
                0x08001840                NMI_Handler
 .text.HardFault_Handler
                0x08001844        0x4 ./Core/Src/stm32g0xx_it.o
                0x08001844                HardFault_Handler
 .text.SVC_Handler
                0x08001848        0x4 ./Core/Src/stm32g0xx_it.o
                0x08001848                SVC_Handler
 .text.PendSV_Handler
                0x0800184c        0x4 ./Core/Src/stm32g0xx_it.o
                0x0800184c                PendSV_Handler
 .text.SysTick_Handler
                0x08001850        0x8 ./Core/Src/stm32g0xx_it.o
                0x08001850                SysTick_Handler
 .text.EXTI4_15_IRQHandler
                0x08001858       0x10 ./Core/Src/stm32g0xx_it.o
                0x08001858                EXTI4_15_IRQHandler
 .text.DMA1_Channel1_IRQHandler
                0x08001868       0x10 ./Core/Src/stm32g0xx_it.o
                0x08001868                DMA1_Channel1_IRQHandler
 .text.DMA1_Channel2_3_IRQHandler
                0x08001878       0x18 ./Core/Src/stm32g0xx_it.o
                0x08001878                DMA1_Channel2_3_IRQHandler
 .text.TIM2_IRQHandler
                0x08001890       0x10 ./Core/Src/stm32g0xx_it.o
                0x08001890                TIM2_IRQHandler
 .text.TIM3_IRQHandler
                0x080018a0       0x10 ./Core/Src/stm32g0xx_it.o
                0x080018a0                TIM3_IRQHandler
 .text.TIM16_IRQHandler
                0x080018b0       0x10 ./Core/Src/stm32g0xx_it.o
                0x080018b0                TIM16_IRQHandler
 .text.USART2_IRQHandler
                0x080018c0       0x10 ./Core/Src/stm32g0xx_it.o
                0x080018c0                USART2_IRQHandler
 .text.LPTIM1_IRQHandler
                0x080018d0       0x10 ./Core/Src/stm32g0xx_it.o
                0x080018d0                LPTIM1_IRQHandler
 .text.Process_TIM16_Final_Start_Value_and_Final_Prescaler
                0x080018e0      0x2a4 ./Core/Src/symmetry_adjustment.o
                0x080018e0                Process_TIM16_Final_Start_Value_and_Final_Prescaler
 .text.SystemInit
                0x08001b84        0x4 ./Core/Src/system_stm32g0xx.o
                0x08001b84                SystemInit
 .text.Start_OC_TIM
                0x08001b88       0x14 ./Core/Src/timers.o
                0x08001b88                Start_OC_TIM
 .text.Stop_OC_TIM
                0x08001b9c       0x14 ./Core/Src/timers.o
                0x08001b9c                Stop_OC_TIM
 .text.isPrime  0x08001bb0       0x34 ./Core/Src/utility.o
                0x08001bb0                isPrime
 .text.unsigned_bitwise_modulo
                0x08001be4        0xc ./Core/Src/utility.o
                0x08001be4                unsigned_bitwise_modulo
 .text.Global_Interrupt_Enable
                0x08001bf0        0x8 ./Core/Src/utility.o
                0x08001bf0                Global_Interrupt_Enable
 .text.Reset_Handler
                0x08001bf8       0x50 ./Core/Startup/startup_stm32g031k8tx.o
                0x08001bf8                Reset_Handler
 .text.Default_Handler
                0x08001c48        0x2 ./Core/Startup/startup_stm32g031k8tx.o
                0x08001c48                TIM1_BRK_UP_TRG_COM_IRQHandler
                0x08001c48                PVD_IRQHandler
                0x08001c48                I2C1_IRQHandler
                0x08001c48                LPTIM2_IRQHandler
                0x08001c48                RTC_TAMP_IRQHandler
                0x08001c48                SPI1_IRQHandler
                0x08001c48                DMA1_Ch4_5_DMAMUX1_OVR_IRQHandler
                0x08001c48                EXTI2_3_IRQHandler
                0x08001c48                ADC1_IRQHandler
                0x08001c48                I2C2_IRQHandler
                0x08001c48                TIM17_IRQHandler
                0x08001c48                RCC_IRQHandler
                0x08001c48                Default_Handler
                0x08001c48                TIM14_IRQHandler
                0x08001c48                EXTI0_1_IRQHandler
                0x08001c48                SPI2_IRQHandler
                0x08001c48                WWDG_IRQHandler
                0x08001c48                LPUART1_IRQHandler
                0x08001c48                FLASH_IRQHandler
                0x08001c48                USART1_IRQHandler
                0x08001c48                TIM1_CC_IRQHandler
 *fill*         0x08001c4a        0x2 
 .text.HAL_InitTick
                0x08001c4c       0x4c ./Drivers/STM32G0xx_HAL_Driver/Src/stm32g0xx_hal.o
                0x08001c4c                HAL_InitTick
 .text.HAL_Init
                0x08001c98       0x28 ./Drivers/STM32G0xx_HAL_Driver/Src/stm32g0xx_hal.o
                0x08001c98                HAL_Init
 .text.HAL_IncTick
                0x08001cc0       0x18 ./Drivers/STM32G0xx_HAL_Driver/Src/stm32g0xx_hal.o
                0x08001cc0                HAL_IncTick
 .text.HAL_GetTick
                0x08001cd8        0xc ./Drivers/STM32G0xx_HAL_Driver/Src/stm32g0xx_hal.o
                0x08001cd8                HAL_GetTick
 .text.ADC_DMAConvCplt
                0x08001ce4       0x80 ./Drivers/STM32G0xx_HAL_Driver/Src/stm32g0xx_hal_adc.o
 .text.ADC_DMAHalfConvCplt
                0x08001d64        0xc ./Drivers/STM32G0xx_HAL_Driver/Src/stm32g0xx_hal_adc.o
 .text.ADC_DMAError
                0x08001d70       0x1c ./Drivers/STM32G0xx_HAL_Driver/Src/stm32g0xx_hal_adc.o
 .text.HAL_ADC_ErrorCallback
                0x08001d8c        0x4 ./Drivers/STM32G0xx_HAL_Driver/Src/stm32g0xx_hal_adc.o
                0x08001d8c                HAL_ADC_ErrorCallback
 .text.HAL_ADC_ConvCpltCallback
                0x08001d90        0x4 ./Drivers/STM32G0xx_HAL_Driver/Src/stm32g0xx_hal_adc.o
                0x08001d90                HAL_ADC_ConvCpltCallback
 .text.HAL_ADC_ConvHalfCpltCallback
                0x08001d94        0x4 ./Drivers/STM32G0xx_HAL_Driver/Src/stm32g0xx_hal_adc.o
                0x08001d94                HAL_ADC_ConvHalfCpltCallback
 .text.HAL_ADC_LevelOutOfWindowCallback
                0x08001d98        0x4 ./Drivers/STM32G0xx_HAL_Driver/Src/stm32g0xx_hal_adc.o
                0x08001d98                HAL_ADC_LevelOutOfWindowCallback
 .text.HAL_ADC_Init
                0x08001d9c      0x284 ./Drivers/STM32G0xx_HAL_Driver/Src/stm32g0xx_hal_adc.o
                0x08001d9c                HAL_ADC_Init
 .text.HAL_ADC_RegisterCallback
                0x08002020       0x70 ./Drivers/STM32G0xx_HAL_Driver/Src/stm32g0xx_hal_adc.o
                0x08002020                HAL_ADC_RegisterCallback
 .text.HAL_ADC_ConfigChannel
                0x08002090      0x284 ./Drivers/STM32G0xx_HAL_Driver/Src/stm32g0xx_hal_adc.o
                0x08002090                HAL_ADC_ConfigChannel
 .text.ADC_ConversionStop
                0x08002314       0x74 ./Drivers/STM32G0xx_HAL_Driver/Src/stm32g0xx_hal_adc.o
                0x08002314                ADC_ConversionStop
 .text.ADC_Enable
                0x08002388       0xcc ./Drivers/STM32G0xx_HAL_Driver/Src/stm32g0xx_hal_adc.o
                0x08002388                ADC_Enable
 .text.HAL_ADC_Start_DMA
                0x08002454       0xb4 ./Drivers/STM32G0xx_HAL_Driver/Src/stm32g0xx_hal_adc.o
                0x08002454                HAL_ADC_Start_DMA
 .text.ADC_Disable
                0x08002508       0x88 ./Drivers/STM32G0xx_HAL_Driver/Src/stm32g0xx_hal_adc.o
                0x08002508                ADC_Disable
 .text.HAL_ADC_Stop_DMA
                0x08002590       0x8c ./Drivers/STM32G0xx_HAL_Driver/Src/stm32g0xx_hal_adc.o
                0x08002590                HAL_ADC_Stop_DMA
 .text.HAL_ADCEx_Calibration_Start
                0x0800261c      0x19c ./Drivers/STM32G0xx_HAL_Driver/Src/stm32g0xx_hal_adc_ex.o
                0x0800261c                HAL_ADCEx_Calibration_Start
 .text.HAL_ADCEx_LevelOutOfWindow2Callback
                0x080027b8        0x4 ./Drivers/STM32G0xx_HAL_Driver/Src/stm32g0xx_hal_adc_ex.o
                0x080027b8                HAL_ADCEx_LevelOutOfWindow2Callback
 .text.HAL_ADCEx_LevelOutOfWindow3Callback
                0x080027bc        0x4 ./Drivers/STM32G0xx_HAL_Driver/Src/stm32g0xx_hal_adc_ex.o
                0x080027bc                HAL_ADCEx_LevelOutOfWindow3Callback
 .text.HAL_ADCEx_EndOfSamplingCallback
                0x080027c0        0x4 ./Drivers/STM32G0xx_HAL_Driver/Src/stm32g0xx_hal_adc_ex.o
                0x080027c0                HAL_ADCEx_EndOfSamplingCallback
 .text.HAL_NVIC_SetPriority
                0x080027c4       0x54 ./Drivers/STM32G0xx_HAL_Driver/Src/stm32g0xx_hal_cortex.o
                0x080027c4                HAL_NVIC_SetPriority
 .text.HAL_NVIC_EnableIRQ
                0x08002818       0x18 ./Drivers/STM32G0xx_HAL_Driver/Src/stm32g0xx_hal_cortex.o
                0x08002818                HAL_NVIC_EnableIRQ
 .text.HAL_NVIC_DisableIRQ
                0x08002830       0x20 ./Drivers/STM32G0xx_HAL_Driver/Src/stm32g0xx_hal_cortex.o
                0x08002830                HAL_NVIC_DisableIRQ
 .text.HAL_SYSTICK_Config
                0x08002850       0x34 ./Drivers/STM32G0xx_HAL_Driver/Src/stm32g0xx_hal_cortex.o
                0x08002850                HAL_SYSTICK_Config
 .text.HAL_DMA_Init
                0x08002884       0xec ./Drivers/STM32G0xx_HAL_Driver/Src/stm32g0xx_hal_dma.o
                0x08002884                HAL_DMA_Init
 .text.HAL_DMA_Start_IT
                0x08002970       0xd0 ./Drivers/STM32G0xx_HAL_Driver/Src/stm32g0xx_hal_dma.o
                0x08002970                HAL_DMA_Start_IT
 .text.HAL_DMA_Abort
                0x08002a40       0x78 ./Drivers/STM32G0xx_HAL_Driver/Src/stm32g0xx_hal_dma.o
                0x08002a40                HAL_DMA_Abort
 .text.HAL_DMA_Abort_IT
                0x08002ab8       0x78 ./Drivers/STM32G0xx_HAL_Driver/Src/stm32g0xx_hal_dma.o
                0x08002ab8                HAL_DMA_Abort_IT
 .text.HAL_DMA_IRQHandler
                0x08002b30       0xb8 ./Drivers/STM32G0xx_HAL_Driver/Src/stm32g0xx_hal_dma.o
                0x08002b30                HAL_DMA_IRQHandler
 .text.HAL_GPIO_Init
                0x08002be8      0x1e4 ./Drivers/STM32G0xx_HAL_Driver/Src/stm32g0xx_hal_gpio.o
                0x08002be8                HAL_GPIO_Init
 .text.HAL_GPIO_ReadPin
                0x08002dcc        0xc ./Drivers/STM32G0xx_HAL_Driver/Src/stm32g0xx_hal_gpio.o
                0x08002dcc                HAL_GPIO_ReadPin
 .text.HAL_GPIO_WritePin
                0x08002dd8        0xc ./Drivers/STM32G0xx_HAL_Driver/Src/stm32g0xx_hal_gpio.o
                0x08002dd8                HAL_GPIO_WritePin
 .text.HAL_GPIO_EXTI_Rising_Callback
                0x08002de4        0x4 ./Drivers/STM32G0xx_HAL_Driver/Src/stm32g0xx_hal_gpio.o
                0x08002de4                HAL_GPIO_EXTI_Rising_Callback
 .text.HAL_GPIO_EXTI_Falling_Callback
                0x08002de8        0x4 ./Drivers/STM32G0xx_HAL_Driver/Src/stm32g0xx_hal_gpio.o
                0x08002de8                HAL_GPIO_EXTI_Falling_Callback
 .text.HAL_GPIO_EXTI_IRQHandler
                0x08002dec       0x34 ./Drivers/STM32G0xx_HAL_Driver/Src/stm32g0xx_hal_gpio.o
                0x08002dec                HAL_GPIO_EXTI_IRQHandler
 .text.HAL_LPTIM_DirectionDownCallback
                0x08002e20        0x4 ./Drivers/STM32G0xx_HAL_Driver/Src/stm32g0xx_hal_lptim.o
                0x08002e20                HAL_LPTIM_DirectionDownCallback
 .text.HAL_LPTIM_CompareMatchCallback
                0x08002e24        0x4 ./Drivers/STM32G0xx_HAL_Driver/Src/stm32g0xx_hal_lptim.o
                0x08002e24                HAL_LPTIM_CompareMatchCallback
 .text.HAL_LPTIM_AutoReloadMatchCallback
                0x08002e28        0x4 ./Drivers/STM32G0xx_HAL_Driver/Src/stm32g0xx_hal_lptim.o
                0x08002e28                HAL_LPTIM_AutoReloadMatchCallback
 .text.HAL_LPTIM_TriggerCallback
                0x08002e2c        0x4 ./Drivers/STM32G0xx_HAL_Driver/Src/stm32g0xx_hal_lptim.o
                0x08002e2c                HAL_LPTIM_TriggerCallback
 .text.HAL_LPTIM_CompareWriteCallback
                0x08002e30        0x4 ./Drivers/STM32G0xx_HAL_Driver/Src/stm32g0xx_hal_lptim.o
                0x08002e30                HAL_LPTIM_CompareWriteCallback
 .text.HAL_LPTIM_AutoReloadWriteCallback
                0x08002e34        0x4 ./Drivers/STM32G0xx_HAL_Driver/Src/stm32g0xx_hal_lptim.o
                0x08002e34                HAL_LPTIM_AutoReloadWriteCallback
 .text.HAL_LPTIM_DirectionUpCallback
                0x08002e38        0x4 ./Drivers/STM32G0xx_HAL_Driver/Src/stm32g0xx_hal_lptim.o
                0x08002e38                HAL_LPTIM_DirectionUpCallback
 .text.HAL_LPTIM_Init
                0x08002e3c      0x108 ./Drivers/STM32G0xx_HAL_Driver/Src/stm32g0xx_hal_lptim.o
                0x08002e3c                HAL_LPTIM_Init
 .text.HAL_LPTIM_IRQHandler
                0x08002f44       0xb8 ./Drivers/STM32G0xx_HAL_Driver/Src/stm32g0xx_hal_lptim.o
                0x08002f44                HAL_LPTIM_IRQHandler
 .text.HAL_LPTIM_RegisterCallback
                0x08002ffc       0x70 ./Drivers/STM32G0xx_HAL_Driver/Src/stm32g0xx_hal_lptim.o
                0x08002ffc                HAL_LPTIM_RegisterCallback
 .text.LPTIM_Disable
                0x0800306c      0x1c8 ./Drivers/STM32G0xx_HAL_Driver/Src/stm32g0xx_hal_lptim.o
                0x0800306c                LPTIM_Disable
 .text.HAL_LPTIM_SetOnce_Start_IT
                0x08003234       0xc8 ./Drivers/STM32G0xx_HAL_Driver/Src/stm32g0xx_hal_lptim.o
                0x08003234                HAL_LPTIM_SetOnce_Start_IT
 .text.HAL_PWREx_ControlVoltageScaling
                0x080032fc       0x60 ./Drivers/STM32G0xx_HAL_Driver/Src/stm32g0xx_hal_pwr_ex.o
                0x080032fc                HAL_PWREx_ControlVoltageScaling
 .text.HAL_RCC_OscConfig
                0x0800335c      0x4d0 ./Drivers/STM32G0xx_HAL_Driver/Src/stm32g0xx_hal_rcc.o
                0x0800335c                HAL_RCC_OscConfig
 .text.HAL_RCC_GetSysClockFreq
                0x0800382c       0x9c ./Drivers/STM32G0xx_HAL_Driver/Src/stm32g0xx_hal_rcc.o
                0x0800382c                HAL_RCC_GetSysClockFreq
 .text.HAL_RCC_ClockConfig
                0x080038c8      0x190 ./Drivers/STM32G0xx_HAL_Driver/Src/stm32g0xx_hal_rcc.o
                0x080038c8                HAL_RCC_ClockConfig
 .text.HAL_RCC_GetPCLK1Freq
                0x08003a58       0x28 ./Drivers/STM32G0xx_HAL_Driver/Src/stm32g0xx_hal_rcc.o
                0x08003a58                HAL_RCC_GetPCLK1Freq
 .text.HAL_RCCEx_PeriphCLKConfig
                0x08003a80      0x1f0 ./Drivers/STM32G0xx_HAL_Driver/Src/stm32g0xx_hal_rcc_ex.o
                0x08003a80                HAL_RCCEx_PeriphCLKConfig
 .text.HAL_TIM_OC_MspInit
                0x08003c70        0x4 ./Drivers/STM32G0xx_HAL_Driver/Src/stm32g0xx_hal_tim.o
                0x08003c70                HAL_TIM_OC_MspInit
 .text.HAL_TIM_PWM_MspInit
                0x08003c74        0x4 ./Drivers/STM32G0xx_HAL_Driver/Src/stm32g0xx_hal_tim.o
                0x08003c74                HAL_TIM_PWM_MspInit
 .text.HAL_TIM_IC_MspInit
                0x08003c78        0x4 ./Drivers/STM32G0xx_HAL_Driver/Src/stm32g0xx_hal_tim.o
                0x08003c78                HAL_TIM_IC_MspInit
 .text.HAL_TIM_PeriodElapsedCallback
                0x08003c7c        0x4 ./Drivers/STM32G0xx_HAL_Driver/Src/stm32g0xx_hal_tim.o
                0x08003c7c                HAL_TIM_PeriodElapsedCallback
 .text.HAL_TIM_PeriodElapsedHalfCpltCallback
                0x08003c80        0x4 ./Drivers/STM32G0xx_HAL_Driver/Src/stm32g0xx_hal_tim.o
                0x08003c80                HAL_TIM_PeriodElapsedHalfCpltCallback
 .text.HAL_TIM_OC_DelayElapsedCallback
                0x08003c84        0x4 ./Drivers/STM32G0xx_HAL_Driver/Src/stm32g0xx_hal_tim.o
                0x08003c84                HAL_TIM_OC_DelayElapsedCallback
 .text.HAL_TIM_IC_CaptureCallback
                0x08003c88        0x4 ./Drivers/STM32G0xx_HAL_Driver/Src/stm32g0xx_hal_tim.o
                0x08003c88                HAL_TIM_IC_CaptureCallback
 .text.HAL_TIM_IC_CaptureHalfCpltCallback
                0x08003c8c        0x4 ./Drivers/STM32G0xx_HAL_Driver/Src/stm32g0xx_hal_tim.o
                0x08003c8c                HAL_TIM_IC_CaptureHalfCpltCallback
 .text.HAL_TIM_PWM_PulseFinishedCallback
                0x08003c90        0x4 ./Drivers/STM32G0xx_HAL_Driver/Src/stm32g0xx_hal_tim.o
                0x08003c90                HAL_TIM_PWM_PulseFinishedCallback
 .text.HAL_TIM_PWM_PulseFinishedHalfCpltCallback
                0x08003c94        0x4 ./Drivers/STM32G0xx_HAL_Driver/Src/stm32g0xx_hal_tim.o
                0x08003c94                HAL_TIM_PWM_PulseFinishedHalfCpltCallback
 .text.HAL_TIM_TriggerCallback
                0x08003c98        0x4 ./Drivers/STM32G0xx_HAL_Driver/Src/stm32g0xx_hal_tim.o
                0x08003c98                HAL_TIM_TriggerCallback
 .text.HAL_TIM_TriggerHalfCpltCallback
                0x08003c9c        0x4 ./Drivers/STM32G0xx_HAL_Driver/Src/stm32g0xx_hal_tim.o
                0x08003c9c                HAL_TIM_TriggerHalfCpltCallback
 .text.HAL_TIM_ErrorCallback
                0x08003ca0        0x4 ./Drivers/STM32G0xx_HAL_Driver/Src/stm32g0xx_hal_tim.o
                0x08003ca0                HAL_TIM_ErrorCallback
 .text.HAL_TIM_Base_Init
                0x08003ca4      0x190 ./Drivers/STM32G0xx_HAL_Driver/Src/stm32g0xx_hal_tim.o
                0x08003ca4                HAL_TIM_Base_Init
 .text.HAL_TIM_Base_Start
                0x08003e34       0x5c ./Drivers/STM32G0xx_HAL_Driver/Src/stm32g0xx_hal_tim.o
                0x08003e34                HAL_TIM_Base_Start
 .text.HAL_TIM_Base_Start_IT
                0x08003e90       0x64 ./Drivers/STM32G0xx_HAL_Driver/Src/stm32g0xx_hal_tim.o
                0x08003e90                HAL_TIM_Base_Start_IT
 .text.HAL_TIM_OC_Init
                0x08003ef4      0x190 ./Drivers/STM32G0xx_HAL_Driver/Src/stm32g0xx_hal_tim.o
                0x08003ef4                HAL_TIM_OC_Init
 .text.HAL_TIM_OC_Start_IT
                0x08004084      0x104 ./Drivers/STM32G0xx_HAL_Driver/Src/stm32g0xx_hal_tim.o
                0x08004084                HAL_TIM_OC_Start_IT
 .text.HAL_TIM_OC_Stop_IT
                0x08004188      0x100 ./Drivers/STM32G0xx_HAL_Driver/Src/stm32g0xx_hal_tim.o
                0x08004188                HAL_TIM_OC_Stop_IT
 .text.HAL_TIM_PWM_Init
                0x08004288      0x190 ./Drivers/STM32G0xx_HAL_Driver/Src/stm32g0xx_hal_tim.o
                0x08004288                HAL_TIM_PWM_Init
 .text.HAL_TIM_PWM_Start
                0x08004418       0xd0 ./Drivers/STM32G0xx_HAL_Driver/Src/stm32g0xx_hal_tim.o
                0x08004418                HAL_TIM_PWM_Start
 .text.HAL_TIM_IC_Init
                0x080044e8      0x190 ./Drivers/STM32G0xx_HAL_Driver/Src/stm32g0xx_hal_tim.o
                0x080044e8                HAL_TIM_IC_Init
 .text.HAL_TIM_IC_Start_IT
                0x08004678      0x168 ./Drivers/STM32G0xx_HAL_Driver/Src/stm32g0xx_hal_tim.o
                0x08004678                HAL_TIM_IC_Start_IT
 .text.HAL_TIM_IRQHandler
                0x080047e0      0x1b4 ./Drivers/STM32G0xx_HAL_Driver/Src/stm32g0xx_hal_tim.o
                0x080047e0                HAL_TIM_IRQHandler
 .text.HAL_TIM_OC_ConfigChannel
                0x08004994      0x2a4 ./Drivers/STM32G0xx_HAL_Driver/Src/stm32g0xx_hal_tim.o
                0x08004994                HAL_TIM_OC_ConfigChannel
 .text.HAL_TIM_IC_ConfigChannel
                0x08004c38      0x1bc ./Drivers/STM32G0xx_HAL_Driver/Src/stm32g0xx_hal_tim.o
                0x08004c38                HAL_TIM_IC_ConfigChannel
 .text.HAL_TIM_PWM_ConfigChannel
                0x08004df4      0x348 ./Drivers/STM32G0xx_HAL_Driver/Src/stm32g0xx_hal_tim.o
                0x08004df4                HAL_TIM_PWM_ConfigChannel
 .text.HAL_TIM_ConfigClockSource
                0x0800513c      0x170 ./Drivers/STM32G0xx_HAL_Driver/Src/stm32g0xx_hal_tim.o
                0x0800513c                HAL_TIM_ConfigClockSource
 .text.HAL_TIM_ReadCapturedValue
                0x080052ac       0x30 ./Drivers/STM32G0xx_HAL_Driver/Src/stm32g0xx_hal_tim.o
                0x080052ac                HAL_TIM_ReadCapturedValue
 .text.HAL_TIM_RegisterCallback
                0x080052dc      0x104 ./Drivers/STM32G0xx_HAL_Driver/Src/stm32g0xx_hal_tim.o
                0x080052dc                HAL_TIM_RegisterCallback
 .text.HAL_TIMEx_MasterConfigSynchronization
                0x080053e0       0x70 ./Drivers/STM32G0xx_HAL_Driver/Src/stm32g0xx_hal_tim_ex.o
                0x080053e0                HAL_TIMEx_MasterConfigSynchronization
 .text.HAL_TIMEx_ConfigBreakDeadTime
                0x08005450       0xc0 ./Drivers/STM32G0xx_HAL_Driver/Src/stm32g0xx_hal_tim_ex.o
                0x08005450                HAL_TIMEx_ConfigBreakDeadTime
 .text.HAL_TIMEx_CommutCallback
                0x08005510        0x4 ./Drivers/STM32G0xx_HAL_Driver/Src/stm32g0xx_hal_tim_ex.o
                0x08005510                HAL_TIMEx_CommutCallback
 .text.HAL_TIMEx_CommutHalfCpltCallback
                0x08005514        0x4 ./Drivers/STM32G0xx_HAL_Driver/Src/stm32g0xx_hal_tim_ex.o
                0x08005514                HAL_TIMEx_CommutHalfCpltCallback
 .text.HAL_TIMEx_BreakCallback
                0x08005518        0x4 ./Drivers/STM32G0xx_HAL_Driver/Src/stm32g0xx_hal_tim_ex.o
                0x08005518                HAL_TIMEx_BreakCallback
 .text.HAL_TIMEx_Break2Callback
                0x0800551c        0x4 ./Drivers/STM32G0xx_HAL_Driver/Src/stm32g0xx_hal_tim_ex.o
                0x0800551c                HAL_TIMEx_Break2Callback
 .text.HAL_UARTEx_RxEventCallback
                0x08005520        0x4 ./Drivers/STM32G0xx_HAL_Driver/Src/stm32g0xx_hal_uart.o
                0x08005520                HAL_UARTEx_RxEventCallback
 .text.UART_DMAReceiveCplt
                0x08005524       0xa0 ./Drivers/STM32G0xx_HAL_Driver/Src/stm32g0xx_hal_uart.o
 .text.UART_DMARxHalfCplt
                0x080055c4       0x24 ./Drivers/STM32G0xx_HAL_Driver/Src/stm32g0xx_hal_uart.o
 .text.UART_DMAAbortOnError
                0x080055e8       0x18 ./Drivers/STM32G0xx_HAL_Driver/Src/stm32g0xx_hal_uart.o
 .text.HAL_UART_AbortReceiveCpltCallback
                0x08005600        0x4 ./Drivers/STM32G0xx_HAL_Driver/Src/stm32g0xx_hal_uart.o
                0x08005600                HAL_UART_AbortReceiveCpltCallback
 .text.HAL_UART_TxCpltCallback
                0x08005604        0x4 ./Drivers/STM32G0xx_HAL_Driver/Src/stm32g0xx_hal_uart.o
                0x08005604                HAL_UART_TxCpltCallback
 .text.HAL_UART_TxHalfCpltCallback
                0x08005608        0x4 ./Drivers/STM32G0xx_HAL_Driver/Src/stm32g0xx_hal_uart.o
                0x08005608                HAL_UART_TxHalfCpltCallback
 .text.HAL_UART_RxCpltCallback
                0x0800560c        0x4 ./Drivers/STM32G0xx_HAL_Driver/Src/stm32g0xx_hal_uart.o
                0x0800560c                HAL_UART_RxCpltCallback
 .text.HAL_UART_RxHalfCpltCallback
                0x08005610        0x4 ./Drivers/STM32G0xx_HAL_Driver/Src/stm32g0xx_hal_uart.o
                0x08005610                HAL_UART_RxHalfCpltCallback
 .text.HAL_UART_ErrorCallback
                0x08005614        0x4 ./Drivers/STM32G0xx_HAL_Driver/Src/stm32g0xx_hal_uart.o
                0x08005614                HAL_UART_ErrorCallback
 .text.HAL_UART_AbortCpltCallback
                0x08005618        0x4 ./Drivers/STM32G0xx_HAL_Driver/Src/stm32g0xx_hal_uart.o
                0x08005618                HAL_UART_AbortCpltCallback
 .text.HAL_UART_AbortTransmitCpltCallback
                0x0800561c        0x4 ./Drivers/STM32G0xx_HAL_Driver/Src/stm32g0xx_hal_uart.o
                0x0800561c                HAL_UART_AbortTransmitCpltCallback
 .text.UART_DMAError
                0x08005620       0xdc ./Drivers/STM32G0xx_HAL_Driver/Src/stm32g0xx_hal_uart.o
 .text.HAL_UART_RegisterCallback
                0x080056fc       0xa4 ./Drivers/STM32G0xx_HAL_Driver/Src/stm32g0xx_hal_uart.o
                0x080056fc                HAL_UART_RegisterCallback
 .text.HAL_UART_Receive_DMA
                0x080057a0      0x100 ./Drivers/STM32G0xx_HAL_Driver/Src/stm32g0xx_hal_uart.o
                0x080057a0                HAL_UART_Receive_DMA
 .text.HAL_UART_IRQHandler
                0x080058a0      0x3cc ./Drivers/STM32G0xx_HAL_Driver/Src/stm32g0xx_hal_uart.o
                0x080058a0                HAL_UART_IRQHandler
 .text.UART_AdvFeatureConfig
                0x08005c6c       0xd0 ./Drivers/STM32G0xx_HAL_Driver/Src/stm32g0xx_hal_uart.o
                0x08005c6c                UART_AdvFeatureConfig
 .text.UART_CheckIdleState
                0x08005d3c      0x2ac ./Drivers/STM32G0xx_HAL_Driver/Src/stm32g0xx_hal_uart.o
                0x08005d3c                UART_CheckIdleState
 .text.HAL_UART_Init
                0x08005fe8      0x324 ./Drivers/STM32G0xx_HAL_Driver/Src/stm32g0xx_hal_uart.o
                0x08005fe8                HAL_UART_Init
 .text.HAL_UARTEx_WakeupCallback
                0x0800630c        0x4 ./Drivers/STM32G0xx_HAL_Driver/Src/stm32g0xx_hal_uart_ex.o
                0x0800630c                HAL_UARTEx_WakeupCallback
 .text.HAL_UARTEx_RxFifoFullCallback
                0x08006310        0x4 ./Drivers/STM32G0xx_HAL_Driver/Src/stm32g0xx_hal_uart_ex.o
                0x08006310                HAL_UARTEx_RxFifoFullCallback
 .text.HAL_UARTEx_TxFifoEmptyCallback
                0x08006314        0x4 ./Drivers/STM32G0xx_HAL_Driver/Src/stm32g0xx_hal_uart_ex.o
                0x08006314                HAL_UARTEx_TxFifoEmptyCallback
 .text.memset   0x08006318       0x10 /Applications/STM32CubeIDE.app/Contents/Eclipse/plugins/com.st.stm32cube.ide.mcu.externaltools.gnu-tools-for-stm32.12.3.rel1.macos64_1.1.0.202410301201/tools/bin/../lib/gcc/arm-none-eabi/12.3.1/../../../../arm-none-eabi/lib/thumb/v6-m/nofp/libc_nano.a(libc_a-memset.o)
                0x08006318                memset
 .text.__libc_init_array
                0x08006328       0x48 /Applications/STM32CubeIDE.app/Contents/Eclipse/plugins/com.st.stm32cube.ide.mcu.externaltools.gnu-tools-for-stm32.12.3.rel1.macos64_1.1.0.202410301201/tools/bin/../lib/gcc/arm-none-eabi/12.3.1/../../../../arm-none-eabi/lib/thumb/v6-m/nofp/libc_nano.a(libc_a-init.o)
                0x08006328                __libc_init_array
 *(.glue_7)
 .glue_7        0x08006370        0x0 linker stubs
 *(.glue_7t)
 .glue_7t       0x08006370        0x0 linker stubs
 *(.eh_frame)
 .eh_frame      0x08006370        0x0 /Applications/STM32CubeIDE.app/Contents/Eclipse/plugins/com.st.stm32cube.ide.mcu.externaltools.gnu-tools-for-stm32.12.3.rel1.macos64_1.1.0.202410301201/tools/bin/../lib/gcc/arm-none-eabi/12.3.1/thumb/v6-m/nofp/crtbegin.o
 *(.init)
 .init          0x08006370        0x4 /Applications/STM32CubeIDE.app/Contents/Eclipse/plugins/com.st.stm32cube.ide.mcu.externaltools.gnu-tools-for-stm32.12.3.rel1.macos64_1.1.0.202410301201/tools/bin/../lib/gcc/arm-none-eabi/12.3.1/thumb/v6-m/nofp/crti.o
                0x08006370                _init
 .init          0x08006374        0x8 /Applications/STM32CubeIDE.app/Contents/Eclipse/plugins/com.st.stm32cube.ide.mcu.externaltools.gnu-tools-for-stm32.12.3.rel1.macos64_1.1.0.202410301201/tools/bin/../lib/gcc/arm-none-eabi/12.3.1/thumb/v6-m/nofp/crtn.o
 *(.fini)
 .fini          0x0800637c        0x4 /Applications/STM32CubeIDE.app/Contents/Eclipse/plugins/com.st.stm32cube.ide.mcu.externaltools.gnu-tools-for-stm32.12.3.rel1.macos64_1.1.0.202410301201/tools/bin/../lib/gcc/arm-none-eabi/12.3.1/thumb/v6-m/nofp/crti.o
                0x0800637c                _fini
 .fini          0x08006380        0x8 /Applications/STM32CubeIDE.app/Contents/Eclipse/plugins/com.st.stm32cube.ide.mcu.externaltools.gnu-tools-for-stm32.12.3.rel1.macos64_1.1.0.202410301201/tools/bin/../lib/gcc/arm-none-eabi/12.3.1/thumb/v6-m/nofp/crtn.o
                0x08006388                        . = ALIGN (0x4)
                0x08006388                        _etext = .

.vfp11_veneer   0x08006388        0x0
 .vfp11_veneer  0x08006388        0x0 linker stubs

.v4_bx          0x08006388        0x0
 .v4_bx         0x08006388        0x0 linker stubs

.iplt           0x08006388        0x0
 .iplt          0x08006388        0x0 /Applications/STM32CubeIDE.app/Contents/Eclipse/plugins/com.st.stm32cube.ide.mcu.externaltools.gnu-tools-for-stm32.12.3.rel1.macos64_1.1.0.202410301201/tools/bin/../lib/gcc/arm-none-eabi/12.3.1/thumb/v6-m/nofp/crtbegin.o

.rodata         0x08006388      0xb50
                0x08006388                        . = ALIGN (0x4)
 *(.rodata)
 *(.rodata*)
 .rodata.num_ADC_conversions
                0x08006388        0x1 ./Core/Src/oscillator.o
                0x08006388                num_ADC_conversions
 *fill*         0x08006389        0x3 
 .rodata.tri_wavetable
                0x0800638c      0x400 ./Core/Src/oscillator.o
                0x0800638c                tri_wavetable
 .rodata.sine_wavetable
                0x0800678c      0x400 ./Core/Src/oscillator.o
                0x0800678c                sine_wavetable
 .rodata.APBPrescTable
                0x08006b8c       0x20 ./Core/Src/system_stm32g0xx.o
                0x08006b8c                APBPrescTable
 .rodata.AHBPrescTable
                0x08006bac       0x40 ./Core/Src/system_stm32g0xx.o
                0x08006bac                AHBPrescTable
 .rodata.HAL_ADC_RegisterCallback
                0x08006bec       0x2c ./Drivers/STM32G0xx_HAL_Driver/Src/stm32g0xx_hal_adc.o
 .rodata.HAL_LPTIM_RegisterCallback
                0x08006c18       0x24 ./Drivers/STM32G0xx_HAL_Driver/Src/stm32g0xx_hal_lptim.o
 .rodata.HAL_TIM_OC_Start_IT
                0x08006c3c       0x44 ./Drivers/STM32G0xx_HAL_Driver/Src/stm32g0xx_hal_tim.o
 .rodata.HAL_TIM_PWM_Start
                0x08006c80       0x44 ./Drivers/STM32G0xx_HAL_Driver/Src/stm32g0xx_hal_tim.o
 .rodata.HAL_TIM_IC_Start_IT
                0x08006cc4       0x78 ./Drivers/STM32G0xx_HAL_Driver/Src/stm32g0xx_hal_tim.o
 .rodata.HAL_TIM_OC_ConfigChannel
                0x08006d3c       0x54 ./Drivers/STM32G0xx_HAL_Driver/Src/stm32g0xx_hal_tim.o
 .rodata.HAL_TIM_PWM_ConfigChannel
                0x08006d90       0x54 ./Drivers/STM32G0xx_HAL_Driver/Src/stm32g0xx_hal_tim.o
 .rodata.HAL_TIM_RegisterCallback
                0x08006de4       0xa8 ./Drivers/STM32G0xx_HAL_Driver/Src/stm32g0xx_hal_tim.o
 .rodata.HAL_UART_RegisterCallback
                0x08006e8c       0x34 ./Drivers/STM32G0xx_HAL_Driver/Src/stm32g0xx_hal_uart.o
 .rodata.UARTPrescTable
                0x08006ec0       0x18 ./Drivers/STM32G0xx_HAL_Driver/Src/stm32g0xx_hal_uart.o
                0x08006ec0                UARTPrescTable
                0x08006ed8                        . = ALIGN (0x4)

.ARM.extab      0x08006ed8        0x0
                0x08006ed8                        . = ALIGN (0x4)
 *(.ARM.extab* .gnu.linkonce.armextab.*)
                0x08006ed8                        . = ALIGN (0x4)

.ARM            0x08006ed8        0x8
                0x08006ed8                        . = ALIGN (0x4)
                0x08006ed8                        __exidx_start = .
 *(.ARM.exidx*)
 .ARM.exidx     0x08006ed8        0x8 /Applications/STM32CubeIDE.app/Contents/Eclipse/plugins/com.st.stm32cube.ide.mcu.externaltools.gnu-tools-for-stm32.12.3.rel1.macos64_1.1.0.202410301201/tools/bin/../lib/gcc/arm-none-eabi/12.3.1/thumb/v6-m/nofp/libgcc.a(_udivmoddi4.o)
                0x08006ee0                        __exidx_end = .
                0x08006ee0                        . = ALIGN (0x4)

.preinit_array  0x08006ee0        0x0
                0x08006ee0                        . = ALIGN (0x4)
                0x08006ee0                        PROVIDE (__preinit_array_start = .)
 *(.preinit_array*)
                0x08006ee0                        PROVIDE (__preinit_array_end = .)
                0x08006ee0                        . = ALIGN (0x4)

.init_array     0x08006ee0        0x4
                0x08006ee0                        . = ALIGN (0x4)
                0x08006ee0                        PROVIDE (__init_array_start = .)
 *(SORT_BY_NAME(.init_array.*))
 *(.init_array*)
 .init_array    0x08006ee0        0x4 /Applications/STM32CubeIDE.app/Contents/Eclipse/plugins/com.st.stm32cube.ide.mcu.externaltools.gnu-tools-for-stm32.12.3.rel1.macos64_1.1.0.202410301201/tools/bin/../lib/gcc/arm-none-eabi/12.3.1/thumb/v6-m/nofp/crtbegin.o
                0x08006ee4                        PROVIDE (__init_array_end = .)
                0x08006ee4                        . = ALIGN (0x4)

.fini_array     0x08006ee4        0x4
                0x08006ee4                        . = ALIGN (0x4)
                [!provide]                        PROVIDE (__fini_array_start = .)
 *(SORT_BY_NAME(.fini_array.*))
 *(.fini_array*)
 .fini_array    0x08006ee4        0x4 /Applications/STM32CubeIDE.app/Contents/Eclipse/plugins/com.st.stm32cube.ide.mcu.externaltools.gnu-tools-for-stm32.12.3.rel1.macos64_1.1.0.202410301201/tools/bin/../lib/gcc/arm-none-eabi/12.3.1/thumb/v6-m/nofp/crtbegin.o
                [!provide]                        PROVIDE (__fini_array_end = .)
                0x08006ee8                        . = ALIGN (0x4)
                0x08006ee8                        _sidata = LOADADDR (.data)

.rel.dyn        0x08006ee8        0x0
 .rel.iplt      0x08006ee8        0x0 /Applications/STM32CubeIDE.app/Contents/Eclipse/plugins/com.st.stm32cube.ide.mcu.externaltools.gnu-tools-for-stm32.12.3.rel1.macos64_1.1.0.202410301201/tools/bin/../lib/gcc/arm-none-eabi/12.3.1/thumb/v6-m/nofp/crtbegin.o

.data           0x20000000      0x418 load address 0x08006ee8
                0x20000000                        . = ALIGN (0x4)
                0x20000000                        _sdata = .
 *(.data)
 *(.data*)
 .data.UART_DMA_TX_is_complete
                0x20000000        0x1 ./Core/Src/UART.o
                0x20000000                UART_DMA_TX_is_complete
 .data.tap_tempo_switch_state_counter.1
                0x20000001        0x1 ./Core/Src/checking_functions.o
 *fill*         0x20000002        0x2 
 .data.delay_line
                0x20000004      0x408 ./Core/Src/oscillator.o
                0x20000004                delay_line
 .data.SystemCoreClock
                0x2000040c        0x4 ./Core/Src/system_stm32g0xx.o
                0x2000040c                SystemCoreClock
 .data.uwTickFreq
                0x20000410        0x1 ./Drivers/STM32G0xx_HAL_Driver/Src/stm32g0xx_hal.o
                0x20000410                uwTickFreq
 *fill*         0x20000411        0x3 
 .data.uwTickPrio
                0x20000414        0x4 ./Drivers/STM32G0xx_HAL_Driver/Src/stm32g0xx_hal.o
                0x20000414                uwTickPrio
 *(.RamFunc)
 *(.RamFunc*)
                0x20000418                        . = ALIGN (0x4)
                0x20000418                        _edata = .

.igot.plt       0x20000418        0x0 load address 0x08007300
 .igot.plt      0x20000418        0x0 /Applications/STM32CubeIDE.app/Contents/Eclipse/plugins/com.st.stm32cube.ide.mcu.externaltools.gnu-tools-for-stm32.12.3.rel1.macos64_1.1.0.202410301201/tools/bin/../lib/gcc/arm-none-eabi/12.3.1/thumb/v6-m/nofp/crtbegin.o
                0x20000418                        . = ALIGN (0x4)

.bss            0x20000418      0x644 load address 0x08007300
                0x20000418                        _sbss = .
                0x20000418                        __bss_start__ = _sbss
 *(.bss)
 .bss           0x20000418       0x1c /Applications/STM32CubeIDE.app/Contents/Eclipse/plugins/com.st.stm32cube.ide.mcu.externaltools.gnu-tools-for-stm32.12.3.rel1.macos64_1.1.0.202410301201/tools/bin/../lib/gcc/arm-none-eabi/12.3.1/thumb/v6-m/nofp/crtbegin.o
 *(.bss*)
 .bss.rx_buffer
                0x20000434        0x1 ./Core/Src/UART.o
                0x20000434                rx_buffer
 .bss.extend_rising_edge.0
                0x20000435        0x1 ./Core/Src/checking_functions.o
 .bss.second_speed_measurement.2
                0x20000436        0x2 ./Core/Src/checking_functions.o
 .bss.first_speed_measurement.3
                0x20000438        0x2 ./Core/Src/checking_functions.o
 .bss.speed_pot_adc_measurement_num.4
                0x2000043a        0x1 ./Core/Src/checking_functions.o
 .bss.tap_tempo_mode_is_active
                0x2000043b        0x1 ./Core/Src/checking_functions.o
                0x2000043b                tap_tempo_mode_is_active
 .bss.external_clock_mode_is_active
                0x2000043c        0x1 ./Core/Src/checking_functions.o
                0x2000043c                external_clock_mode_is_active
 *fill*         0x2000043d        0x3 
 .bss.hlptim1   0x20000440       0x5c ./Core/Src/config.o
                0x20000440                hlptim1
 .bss.hdma_usart2_tx
                0x2000049c       0x5c ./Core/Src/config.o
                0x2000049c                hdma_usart2_tx
 .bss.hdma_usart2_rx
                0x200004f8       0x5c ./Core/Src/config.o
                0x200004f8                hdma_usart2_rx
 .bss.huart2    0x20000554       0xcc ./Core/Src/config.o
                0x20000554                huart2
 .bss.htim1     0x20000620       0xbc ./Core/Src/config.o
                0x20000620                htim1
 .bss.htim3     0x200006dc       0xbc ./Core/Src/config.o
                0x200006dc                htim3
 .bss.htim2     0x20000798       0xbc ./Core/Src/config.o
                0x20000798                htim2
 .bss.htim16    0x20000854       0xbc ./Core/Src/config.o
                0x20000854                htim16
 .bss.hdma_adc1
                0x20000910       0x5c ./Core/Src/config.o
                0x20000910                hdma_adc1
 .bss.hadc1     0x2000096c       0x88 ./Core/Src/config.o
                0x2000096c                hadc1
 .bss.tap_tempo_switch_states.0
                0x200009f4        0x2 ./Core/Src/custom_callbacks.o
 .bss.interrupt_period
                0x200009f6        0x2 ./Core/Src/input_capture.o
                0x200009f6                interrupt_period
 .bss.input_capture_processing_can_be_started
                0x200009f8        0x1 ./Core/Src/input_capture.o
                0x200009f8                input_capture_processing_can_be_started
 .bss.input_capture_measurement_reelapse_is_ongoing
                0x200009f9        0x1 ./Core/Src/input_capture.o
                0x200009f9                input_capture_measurement_reelapse_is_ongoing
 .bss.input_capture_measurement_is_ongoing
                0x200009fa        0x1 ./Core/Src/input_capture.o
                0x200009fa                input_capture_measurement_is_ongoing
 *fill*         0x200009fb        0x1 
 .bss.TIM2_ch1_input_capture_value
                0x200009fc        0x4 ./Core/Src/input_capture.o
                0x200009fc                TIM2_ch1_input_capture_value
 .bss.input_capture_event
                0x20000a00        0x1 ./Core/Src/input_capture.o
                0x20000a00                input_capture_event
 *fill*         0x20000a01        0x3 
 .bss.params_to_be_loaded
                0x20000a04       0x22 ./Core/Src/oscillator.o
                0x20000a04                params_to_be_loaded
 *fill*         0x20000a26        0x2 
 .bss.params    0x20000a28       0x22 ./Core/Src/oscillator.o
                0x20000a28                params
 .bss.initial_ADC_conversion_complete
                0x20000a4a        0x1 ./Core/Src/oscillator.o
                0x20000a4a                initial_ADC_conversion_complete
 *fill*         0x20000a4b        0x1 
 .bss.ADCResultsDMA
                0x20000a4c        0xa ./Core/Src/oscillator.o
                0x20000a4c                ADCResultsDMA
 *fill*         0x20000a56        0x2 
 .bss.uwTick    0x20000a58        0x4 ./Drivers/STM32G0xx_HAL_Driver/Src/stm32g0xx_hal.o
                0x20000a58                uwTick
 *(COMMON)
                0x20000a5c                        . = ALIGN (0x4)
                0x20000a5c                        _ebss = .
                0x20000a5c                        __bss_end__ = _ebss

._user_heap_stack
                0x20000a5c      0x604 load address 0x08007300
                0x20000a60                        . = ALIGN (0x8)
 *fill*         0x20000a5c        0x4 
                [!provide]                        PROVIDE (end = .)
                0x20000a60                        PROVIDE (_end = .)
                0x20000c60                        . = (. + _Min_Heap_Size)
 *fill*         0x20000a60      0x200 
                0x20001060                        . = (. + _Min_Stack_Size)
 *fill*         0x20000c60      0x400 
                0x20001060                        . = ALIGN (0x8)

/DISCARD/
 libc.a(*)
 libm.a(*)
 libgcc.a(*)

.ARM.attributes
                0x00000000       0x28
 *(.ARM.attributes)
 .ARM.attributes
                0x00000000       0x1e /Applications/STM32CubeIDE.app/Contents/Eclipse/plugins/com.st.stm32cube.ide.mcu.externaltools.gnu-tools-for-stm32.12.3.rel1.macos64_1.1.0.202410301201/tools/bin/../lib/gcc/arm-none-eabi/12.3.1/thumb/v6-m/nofp/crti.o
 .ARM.attributes
                0x0000001e       0x2c /Applications/STM32CubeIDE.app/Contents/Eclipse/plugins/com.st.stm32cube.ide.mcu.externaltools.gnu-tools-for-stm32.12.3.rel1.macos64_1.1.0.202410301201/tools/bin/../lib/gcc/arm-none-eabi/12.3.1/thumb/v6-m/nofp/crtbegin.o
 .ARM.attributes
                0x0000004a       0x28 ./Core/Src/UART.o
 .ARM.attributes
                0x00000072       0x28 ./Core/Src/checking_functions.o
 .ARM.attributes
                0x0000009a       0x28 ./Core/Src/config.o
 .ARM.attributes
                0x000000c2       0x28 ./Core/Src/custom_callbacks.o
 .ARM.attributes
                0x000000ea       0x28 ./Core/Src/input_capture.o
 .ARM.attributes
                0x00000112       0x28 ./Core/Src/main.o
 .ARM.attributes
                0x0000013a       0x28 ./Core/Src/oscillator.o
 .ARM.attributes
                0x00000162       0x28 ./Core/Src/startup.o
 .ARM.attributes
                0x0000018a       0x28 ./Core/Src/stm32g0xx_hal_msp.o
 .ARM.attributes
                0x000001b2       0x28 ./Core/Src/stm32g0xx_it.o
 .ARM.attributes
                0x000001da       0x28 ./Core/Src/symmetry_adjustment.o
 .ARM.attributes
                0x00000202       0x28 ./Core/Src/system_stm32g0xx.o
 .ARM.attributes
                0x0000022a       0x28 ./Core/Src/timers.o
 .ARM.attributes
                0x00000252       0x28 ./Core/Src/utility.o
 .ARM.attributes
                0x0000027a       0x22 ./Core/Startup/startup_stm32g031k8tx.o
 .ARM.attributes
                0x0000029c       0x28 ./Drivers/STM32G0xx_HAL_Driver/Src/stm32g0xx_hal.o
 .ARM.attributes
                0x000002c4       0x28 ./Drivers/STM32G0xx_HAL_Driver/Src/stm32g0xx_hal_adc.o
 .ARM.attributes
                0x000002ec       0x28 ./Drivers/STM32G0xx_HAL_Driver/Src/stm32g0xx_hal_adc_ex.o
 .ARM.attributes
                0x00000314       0x28 ./Drivers/STM32G0xx_HAL_Driver/Src/stm32g0xx_hal_cortex.o
 .ARM.attributes
                0x0000033c       0x28 ./Drivers/STM32G0xx_HAL_Driver/Src/stm32g0xx_hal_dma.o
 .ARM.attributes
                0x00000364       0x28 ./Drivers/STM32G0xx_HAL_Driver/Src/stm32g0xx_hal_gpio.o
 .ARM.attributes
                0x0000038c       0x28 ./Drivers/STM32G0xx_HAL_Driver/Src/stm32g0xx_hal_lptim.o
 .ARM.attributes
                0x000003b4       0x28 ./Drivers/STM32G0xx_HAL_Driver/Src/stm32g0xx_hal_pwr_ex.o
 .ARM.attributes
                0x000003dc       0x28 ./Drivers/STM32G0xx_HAL_Driver/Src/stm32g0xx_hal_rcc.o
 .ARM.attributes
                0x00000404       0x28 ./Drivers/STM32G0xx_HAL_Driver/Src/stm32g0xx_hal_rcc_ex.o
 .ARM.attributes
                0x0000042c       0x28 ./Drivers/STM32G0xx_HAL_Driver/Src/stm32g0xx_hal_tim.o
 .ARM.attributes
                0x00000454       0x28 ./Drivers/STM32G0xx_HAL_Driver/Src/stm32g0xx_hal_tim_ex.o
 .ARM.attributes
                0x0000047c       0x28 ./Drivers/STM32G0xx_HAL_Driver/Src/stm32g0xx_hal_uart.o
 .ARM.attributes
                0x000004a4       0x28 ./Drivers/STM32G0xx_HAL_Driver/Src/stm32g0xx_hal_uart_ex.o
 .ARM.attributes
                0x000004cc       0x2c /Applications/STM32CubeIDE.app/Contents/Eclipse/plugins/com.st.stm32cube.ide.mcu.externaltools.gnu-tools-for-stm32.12.3.rel1.macos64_1.1.0.202410301201/tools/bin/../lib/gcc/arm-none-eabi/12.3.1/../../../../arm-none-eabi/lib/thumb/v6-m/nofp/libc_nano.a(libc_a-memset.o)
 .ARM.attributes
                0x000004f8       0x2c /Applications/STM32CubeIDE.app/Contents/Eclipse/plugins/com.st.stm32cube.ide.mcu.externaltools.gnu-tools-for-stm32.12.3.rel1.macos64_1.1.0.202410301201/tools/bin/../lib/gcc/arm-none-eabi/12.3.1/../../../../arm-none-eabi/lib/thumb/v6-m/nofp/libc_nano.a(libc_a-init.o)
 .ARM.attributes
                0x00000524       0x1e /Applications/STM32CubeIDE.app/Contents/Eclipse/plugins/com.st.stm32cube.ide.mcu.externaltools.gnu-tools-for-stm32.12.3.rel1.macos64_1.1.0.202410301201/tools/bin/../lib/gcc/arm-none-eabi/12.3.1/thumb/v6-m/nofp/libgcc.a(_udivsi3.o)
 .ARM.attributes
                0x00000542       0x1e /Applications/STM32CubeIDE.app/Contents/Eclipse/plugins/com.st.stm32cube.ide.mcu.externaltools.gnu-tools-for-stm32.12.3.rel1.macos64_1.1.0.202410301201/tools/bin/../lib/gcc/arm-none-eabi/12.3.1/thumb/v6-m/nofp/libgcc.a(_dvmd_tls.o)
 .ARM.attributes
                0x00000560       0x1e /Applications/STM32CubeIDE.app/Contents/Eclipse/plugins/com.st.stm32cube.ide.mcu.externaltools.gnu-tools-for-stm32.12.3.rel1.macos64_1.1.0.202410301201/tools/bin/../lib/gcc/arm-none-eabi/12.3.1/thumb/v6-m/nofp/libgcc.a(_aeabi_uldivmod.o)
 .ARM.attributes
                0x0000057e       0x2c /Applications/STM32CubeIDE.app/Contents/Eclipse/plugins/com.st.stm32cube.ide.mcu.externaltools.gnu-tools-for-stm32.12.3.rel1.macos64_1.1.0.202410301201/tools/bin/../lib/gcc/arm-none-eabi/12.3.1/thumb/v6-m/nofp/libgcc.a(_udivmoddi4.o)
 .ARM.attributes
                0x000005aa       0x1e /Applications/STM32CubeIDE.app/Contents/Eclipse/plugins/com.st.stm32cube.ide.mcu.externaltools.gnu-tools-for-stm32.12.3.rel1.macos64_1.1.0.202410301201/tools/bin/../lib/gcc/arm-none-eabi/12.3.1/thumb/v6-m/nofp/libgcc.a(_clzdi2.o)
 .ARM.attributes
                0x000005c8       0x1e /Applications/STM32CubeIDE.app/Contents/Eclipse/plugins/com.st.stm32cube.ide.mcu.externaltools.gnu-tools-for-stm32.12.3.rel1.macos64_1.1.0.202410301201/tools/bin/../lib/gcc/arm-none-eabi/12.3.1/thumb/v6-m/nofp/libgcc.a(_clzsi2.o)
 .ARM.attributes
                0x000005e6       0x1e /Applications/STM32CubeIDE.app/Contents/Eclipse/plugins/com.st.stm32cube.ide.mcu.externaltools.gnu-tools-for-stm32.12.3.rel1.macos64_1.1.0.202410301201/tools/bin/../lib/gcc/arm-none-eabi/12.3.1/thumb/v6-m/nofp/crtn.o
OUTPUT(g031k8.elf elf32-littlearm)
LOAD linker stubs
LOAD /Applications/STM32CubeIDE.app/Contents/Eclipse/plugins/com.st.stm32cube.ide.mcu.externaltools.gnu-tools-for-stm32.12.3.rel1.macos64_1.1.0.202410301201/tools/bin/../lib/gcc/arm-none-eabi/12.3.1/../../../../arm-none-eabi/lib/thumb/v6-m/nofp/libc.a
LOAD /Applications/STM32CubeIDE.app/Contents/Eclipse/plugins/com.st.stm32cube.ide.mcu.externaltools.gnu-tools-for-stm32.12.3.rel1.macos64_1.1.0.202410301201/tools/bin/../lib/gcc/arm-none-eabi/12.3.1/../../../../arm-none-eabi/lib/thumb/v6-m/nofp/libm.a
LOAD /Applications/STM32CubeIDE.app/Contents/Eclipse/plugins/com.st.stm32cube.ide.mcu.externaltools.gnu-tools-for-stm32.12.3.rel1.macos64_1.1.0.202410301201/tools/bin/../lib/gcc/arm-none-eabi/12.3.1/thumb/v6-m/nofp/libgcc.a

.debug_info     0x00000000    0x28247
 .debug_info    0x00000000      0x92c ./Core/Src/UART.o
 .debug_info    0x0000092c      0x4fc ./Core/Src/checking_functions.o
 .debug_info    0x00000e28     0x34e5 ./Core/Src/config.o
 .debug_info    0x0000430d     0x1e2b ./Core/Src/custom_callbacks.o
 .debug_info    0x00006138      0xe13 ./Core/Src/input_capture.o
 .debug_info    0x00006f4b      0xb76 ./Core/Src/main.o
 .debug_info    0x00007ac1      0xf03 ./Core/Src/oscillator.o
 .debug_info    0x000089c4     0x1489 ./Core/Src/startup.o
 .debug_info    0x00009e4d     0x1fea ./Core/Src/stm32g0xx_hal_msp.o
 .debug_info    0x0000be37     0x1381 ./Core/Src/stm32g0xx_it.o
 .debug_info    0x0000d1b8      0x53d ./Core/Src/symmetry_adjustment.o
 .debug_info    0x0000d6f5      0x34e ./Core/Src/system_stm32g0xx.o
 .debug_info    0x0000da43      0xa48 ./Core/Src/timers.o
 .debug_info    0x0000e48b      0x202 ./Core/Src/utility.o
 .debug_info    0x0000e68d       0x30 ./Core/Startup/startup_stm32g031k8tx.o
 .debug_info    0x0000e6bd      0xb3c ./Drivers/STM32G0xx_HAL_Driver/Src/stm32g0xx_hal.o
 .debug_info    0x0000f1f9     0x23a8 ./Drivers/STM32G0xx_HAL_Driver/Src/stm32g0xx_hal_adc.o
 .debug_info    0x000115a1      0xd8e ./Drivers/STM32G0xx_HAL_Driver/Src/stm32g0xx_hal_adc_ex.o
 .debug_info    0x0001232f      0xa40 ./Drivers/STM32G0xx_HAL_Driver/Src/stm32g0xx_hal_cortex.o
 .debug_info    0x00012d6f      0xab0 ./Drivers/STM32G0xx_HAL_Driver/Src/stm32g0xx_hal_dma.o
 .debug_info    0x0001381f      0x5ef ./Drivers/STM32G0xx_HAL_Driver/Src/stm32g0xx_hal_gpio.o
 .debug_info    0x00013e0e     0x1c86 ./Drivers/STM32G0xx_HAL_Driver/Src/stm32g0xx_hal_lptim.o
 .debug_info    0x00015a94      0x7ef ./Drivers/STM32G0xx_HAL_Driver/Src/stm32g0xx_hal_pwr_ex.o
 .debug_info    0x00016283      0xdc8 ./Drivers/STM32G0xx_HAL_Driver/Src/stm32g0xx_hal_rcc.o
 .debug_info    0x0001704b      0x854 ./Drivers/STM32G0xx_HAL_Driver/Src/stm32g0xx_hal_rcc_ex.o
 .debug_info    0x0001789f     0x5491 ./Drivers/STM32G0xx_HAL_Driver/Src/stm32g0xx_hal_tim.o
 .debug_info    0x0001cd30     0x2151 ./Drivers/STM32G0xx_HAL_Driver/Src/stm32g0xx_hal_tim_ex.o
 .debug_info    0x0001ee81     0x7f18 ./Drivers/STM32G0xx_HAL_Driver/Src/stm32g0xx_hal_uart.o
 .debug_info    0x00026d99     0x14ae ./Drivers/STM32G0xx_HAL_Driver/Src/stm32g0xx_hal_uart_ex.o

.debug_abbrev   0x00000000     0x4d10
 .debug_abbrev  0x00000000      0x1b9 ./Core/Src/UART.o
 .debug_abbrev  0x000001b9      0x1d5 ./Core/Src/checking_functions.o
 .debug_abbrev  0x0000038e      0x37e ./Core/Src/config.o
 .debug_abbrev  0x0000070c      0x298 ./Core/Src/custom_callbacks.o
 .debug_abbrev  0x000009a4      0x318 ./Core/Src/input_capture.o
 .debug_abbrev  0x00000cbc      0x211 ./Core/Src/main.o
 .debug_abbrev  0x00000ecd      0x2d3 ./Core/Src/oscillator.o
 .debug_abbrev  0x000011a0      0x264 ./Core/Src/startup.o
 .debug_abbrev  0x00001404      0x2ae ./Core/Src/stm32g0xx_hal_msp.o
 .debug_abbrev  0x000016b2      0x263 ./Core/Src/stm32g0xx_it.o
 .debug_abbrev  0x00001915      0x1b4 ./Core/Src/symmetry_adjustment.o
 .debug_abbrev  0x00001ac9      0x148 ./Core/Src/system_stm32g0xx.o
 .debug_abbrev  0x00001c11      0x21c ./Core/Src/timers.o
 .debug_abbrev  0x00001e2d      0x137 ./Core/Src/utility.o
 .debug_abbrev  0x00001f64       0x24 ./Core/Startup/startup_stm32g031k8tx.o
 .debug_abbrev  0x00001f88      0x341 ./Drivers/STM32G0xx_HAL_Driver/Src/stm32g0xx_hal.o
 .debug_abbrev  0x000022c9      0x370 ./Drivers/STM32G0xx_HAL_Driver/Src/stm32g0xx_hal_adc.o
 .debug_abbrev  0x00002639      0x30f ./Drivers/STM32G0xx_HAL_Driver/Src/stm32g0xx_hal_adc_ex.o
 .debug_abbrev  0x00002948      0x2dc ./Drivers/STM32G0xx_HAL_Driver/Src/stm32g0xx_hal_cortex.o
 .debug_abbrev  0x00002c24      0x28a ./Drivers/STM32G0xx_HAL_Driver/Src/stm32g0xx_hal_dma.o
 .debug_abbrev  0x00002eae      0x26c ./Drivers/STM32G0xx_HAL_Driver/Src/stm32g0xx_hal_gpio.o
 .debug_abbrev  0x0000311a      0x37c ./Drivers/STM32G0xx_HAL_Driver/Src/stm32g0xx_hal_lptim.o
 .debug_abbrev  0x00003496      0x28a ./Drivers/STM32G0xx_HAL_Driver/Src/stm32g0xx_hal_pwr_ex.o
 .debug_abbrev  0x00003720      0x36b ./Drivers/STM32G0xx_HAL_Driver/Src/stm32g0xx_hal_rcc.o
 .debug_abbrev  0x00003a8b      0x296 ./Drivers/STM32G0xx_HAL_Driver/Src/stm32g0xx_hal_rcc_ex.o
 .debug_abbrev  0x00003d21      0x3e7 ./Drivers/STM32G0xx_HAL_Driver/Src/stm32g0xx_hal_tim.o
 .debug_abbrev  0x00004108      0x3f8 ./Drivers/STM32G0xx_HAL_Driver/Src/stm32g0xx_hal_tim_ex.o
 .debug_abbrev  0x00004500      0x4a2 ./Drivers/STM32G0xx_HAL_Driver/Src/stm32g0xx_hal_uart.o
 .debug_abbrev  0x000049a2      0x36e ./Drivers/STM32G0xx_HAL_Driver/Src/stm32g0xx_hal_uart_ex.o

.debug_aranges  0x00000000     0x1300
 .debug_aranges
                0x00000000       0x20 ./Core/Src/UART.o
 .debug_aranges
                0x00000020       0x30 ./Core/Src/checking_functions.o
 .debug_aranges
                0x00000050       0x80 ./Core/Src/config.o
 .debug_aranges
                0x000000d0       0x58 ./Core/Src/custom_callbacks.o
 .debug_aranges
                0x00000128       0x30 ./Core/Src/input_capture.o
 .debug_aranges
                0x00000158       0x20 ./Core/Src/main.o
 .debug_aranges
                0x00000178       0x50 ./Core/Src/oscillator.o
 .debug_aranges
                0x000001c8       0x20 ./Core/Src/startup.o
 .debug_aranges
                0x000001e8       0x68 ./Core/Src/stm32g0xx_hal_msp.o
 .debug_aranges
                0x00000250       0x80 ./Core/Src/stm32g0xx_it.o
 .debug_aranges
                0x000002d0       0x28 ./Core/Src/symmetry_adjustment.o
 .debug_aranges
                0x000002f8       0x28 ./Core/Src/system_stm32g0xx.o
 .debug_aranges
                0x00000320       0x28 ./Core/Src/timers.o
 .debug_aranges
                0x00000348       0x38 ./Core/Src/utility.o
 .debug_aranges
                0x00000380       0x28 ./Core/Startup/startup_stm32g031k8tx.o
 .debug_aranges
                0x000003a8      0x128 ./Drivers/STM32G0xx_HAL_Driver/Src/stm32g0xx_hal.o
 .debug_aranges
                0x000004d0      0x108 ./Drivers/STM32G0xx_HAL_Driver/Src/stm32g0xx_hal_adc.o
 .debug_aranges
                0x000005d8       0x58 ./Drivers/STM32G0xx_HAL_Driver/Src/stm32g0xx_hal_adc_ex.o
 .debug_aranges
                0x00000630       0xa0 ./Drivers/STM32G0xx_HAL_Driver/Src/stm32g0xx_hal_cortex.o
 .debug_aranges
                0x000006d0       0x78 ./Drivers/STM32G0xx_HAL_Driver/Src/stm32g0xx_hal_dma.o
 .debug_aranges
                0x00000748       0x60 ./Drivers/STM32G0xx_HAL_Driver/Src/stm32g0xx_hal_gpio.o
 .debug_aranges
                0x000007a8      0x170 ./Drivers/STM32G0xx_HAL_Driver/Src/stm32g0xx_hal_lptim.o
 .debug_aranges
                0x00000918       0xf0 ./Drivers/STM32G0xx_HAL_Driver/Src/stm32g0xx_hal_pwr_ex.o
 .debug_aranges
                0x00000a08       0x98 ./Drivers/STM32G0xx_HAL_Driver/Src/stm32g0xx_hal_rcc.o
 .debug_aranges
                0x00000aa0       0x40 ./Drivers/STM32G0xx_HAL_Driver/Src/stm32g0xx_hal_rcc_ex.o
 .debug_aranges
                0x00000ae0      0x398 ./Drivers/STM32G0xx_HAL_Driver/Src/stm32g0xx_hal_tim.o
 .debug_aranges
                0x00000e78      0x190 ./Drivers/STM32G0xx_HAL_Driver/Src/stm32g0xx_hal_tim_ex.o
 .debug_aranges
                0x00001008      0x260 ./Drivers/STM32G0xx_HAL_Driver/Src/stm32g0xx_hal_uart.o
 .debug_aranges
                0x00001268       0x98 ./Drivers/STM32G0xx_HAL_Driver/Src/stm32g0xx_hal_uart_ex.o

.debug_rnglists
                0x00000000     0x1af0
 .debug_rnglists
                0x00000000       0x13 ./Core/Src/UART.o
 .debug_rnglists
                0x00000013       0x1f ./Core/Src/checking_functions.o
 .debug_rnglists
                0x00000032       0xcf ./Core/Src/config.o
 .debug_rnglists
                0x00000101       0x3f ./Core/Src/custom_callbacks.o
 .debug_rnglists
                0x00000140       0x2e ./Core/Src/input_capture.o
 .debug_rnglists
                0x0000016e       0x13 ./Core/Src/main.o
 .debug_rnglists
                0x00000181       0x39 ./Core/Src/oscillator.o
 .debug_rnglists
                0x000001ba       0x14 ./Core/Src/startup.o
 .debug_rnglists
                0x000001ce      0x123 ./Core/Src/stm32g0xx_hal_msp.o
 .debug_rnglists
                0x000002f1       0x5b ./Core/Src/stm32g0xx_it.o
 .debug_rnglists
                0x0000034c       0x27 ./Core/Src/symmetry_adjustment.o
 .debug_rnglists
                0x00000373       0x1a ./Core/Src/system_stm32g0xx.o
 .debug_rnglists
                0x0000038d       0x19 ./Core/Src/timers.o
 .debug_rnglists
                0x000003a6       0x34 ./Core/Src/utility.o
 .debug_rnglists
                0x000003da       0x19 ./Core/Startup/startup_stm32g031k8tx.o
 .debug_rnglists
                0x000003f3       0xd9 ./Drivers/STM32G0xx_HAL_Driver/Src/stm32g0xx_hal.o
 .debug_rnglists
                0x000004cc      0x26b ./Drivers/STM32G0xx_HAL_Driver/Src/stm32g0xx_hal_adc.o
 .debug_rnglists
                0x00000737       0xb9 ./Drivers/STM32G0xx_HAL_Driver/Src/stm32g0xx_hal_adc_ex.o
 .debug_rnglists
                0x000007f0       0x9d ./Drivers/STM32G0xx_HAL_Driver/Src/stm32g0xx_hal_cortex.o
 .debug_rnglists
                0x0000088d       0x9e ./Drivers/STM32G0xx_HAL_Driver/Src/stm32g0xx_hal_dma.o
 .debug_rnglists
                0x0000092b       0x45 ./Drivers/STM32G0xx_HAL_Driver/Src/stm32g0xx_hal_gpio.o
 .debug_rnglists
                0x00000970      0x256 ./Drivers/STM32G0xx_HAL_Driver/Src/stm32g0xx_hal_lptim.o
 .debug_rnglists
                0x00000bc6       0xb0 ./Drivers/STM32G0xx_HAL_Driver/Src/stm32g0xx_hal_pwr_ex.o
 .debug_rnglists
                0x00000c76       0xb4 ./Drivers/STM32G0xx_HAL_Driver/Src/stm32g0xx_hal_rcc.o
 .debug_rnglists
                0x00000d2a       0x71 ./Drivers/STM32G0xx_HAL_Driver/Src/stm32g0xx_hal_rcc_ex.o
 .debug_rnglists
                0x00000d9b      0x72a ./Drivers/STM32G0xx_HAL_Driver/Src/stm32g0xx_hal_tim.o
 .debug_rnglists
                0x000014c5      0x192 ./Drivers/STM32G0xx_HAL_Driver/Src/stm32g0xx_hal_tim_ex.o
 .debug_rnglists
                0x00001657      0x3f0 ./Drivers/STM32G0xx_HAL_Driver/Src/stm32g0xx_hal_uart.o
 .debug_rnglists
                0x00001a47       0xa9 ./Drivers/STM32G0xx_HAL_Driver/Src/stm32g0xx_hal_uart_ex.o

.debug_macro    0x00000000    0x197e6
 .debug_macro   0x00000000      0x23d ./Core/Src/UART.o
 .debug_macro   0x0000023d      0xaae ./Core/Src/UART.o
 .debug_macro   0x00000ceb       0x22 ./Core/Src/UART.o
 .debug_macro   0x00000d0d       0x8e ./Core/Src/UART.o
 .debug_macro   0x00000d9b       0x51 ./Core/Src/UART.o
 .debug_macro   0x00000dec      0x103 ./Core/Src/UART.o
 .debug_macro   0x00000eef       0x6a ./Core/Src/UART.o
 .debug_macro   0x00000f59      0x1df ./Core/Src/UART.o
 .debug_macro   0x00001138      0x12f ./Core/Src/UART.o
 .debug_macro   0x00001267       0x2e ./Core/Src/UART.o
 .debug_macro   0x00001295       0x28 ./Core/Src/UART.o
 .debug_macro   0x000012bd       0x1c ./Core/Src/UART.o
 .debug_macro   0x000012d9       0x22 ./Core/Src/UART.o
 .debug_macro   0x000012fb       0xd1 ./Core/Src/UART.o
 .debug_macro   0x000013cc      0x4da ./Core/Src/UART.o
 .debug_macro   0x000018a6      0x11f ./Core/Src/UART.o
 .debug_macro   0x000019c5     0xac2c ./Core/Src/UART.o
 .debug_macro   0x0000c5f1       0x66 ./Core/Src/UART.o
 .debug_macro   0x0000c657     0x350e ./Core/Src/UART.o
 .debug_macro   0x0000fb65      0x189 ./Core/Src/UART.o
 .debug_macro   0x0000fcee       0x5c ./Core/Src/UART.o
 .debug_macro   0x0000fd4a      0x518 ./Core/Src/UART.o
 .debug_macro   0x00010262      0xf70 ./Core/Src/UART.o
 .debug_macro   0x000111d2      0x1d8 ./Core/Src/UART.o
 .debug_macro   0x000113aa      0x1cf ./Core/Src/UART.o
 .debug_macro   0x00011579      0x122 ./Core/Src/UART.o
 .debug_macro   0x0001169b      0x390 ./Core/Src/UART.o
 .debug_macro   0x00011a2b      0x202 ./Core/Src/UART.o
 .debug_macro   0x00011c2d      0x2ff ./Core/Src/UART.o
 .debug_macro   0x00011f2c      0x1b2 ./Core/Src/UART.o
 .debug_macro   0x000120de       0x43 ./Core/Src/UART.o
 .debug_macro   0x00012121      0x1f1 ./Core/Src/UART.o
 .debug_macro   0x00012312      0x8a8 ./Core/Src/UART.o
 .debug_macro   0x00012bba      0x5bb ./Core/Src/UART.o
 .debug_macro   0x00013175       0x2e ./Core/Src/UART.o
 .debug_macro   0x000131a3      0x1d6 ./Core/Src/UART.o
 .debug_macro   0x00013379      0x38a ./Core/Src/UART.o
 .debug_macro   0x00013703       0x28 ./Core/Src/UART.o
 .debug_macro   0x0001372b       0xe4 ./Core/Src/UART.o
 .debug_macro   0x0001380f       0x85 ./Core/Src/UART.o
 .debug_macro   0x00013894      0x2bd ./Core/Src/UART.o
 .debug_macro   0x00013b51      0x10c ./Core/Src/UART.o
 .debug_macro   0x00013c5d      0x240 ./Core/Src/UART.o
 .debug_macro   0x00013e9d      0xac2 ./Core/Src/UART.o
 .debug_macro   0x0001495f      0x135 ./Core/Src/UART.o
 .debug_macro   0x00014a94      0x69a ./Core/Src/UART.o
 .debug_macro   0x0001512e       0xa6 ./Core/Src/UART.o
 .debug_macro   0x000151d4      0x49d ./Core/Src/UART.o
 .debug_macro   0x00015671       0xe8 ./Core/Src/UART.o
 .debug_macro   0x00015759       0x16 ./Core/Src/UART.o
 .debug_macro   0x0001576f      0x2a1 ./Core/Src/checking_functions.o
 .debug_macro   0x00015a10       0x16 ./Core/Src/checking_functions.o
 .debug_macro   0x00015a26       0xe2 ./Core/Src/checking_functions.o
 .debug_macro   0x00015b08       0x4c ./Core/Src/checking_functions.o
 .debug_macro   0x00015b54       0x1c ./Core/Src/checking_functions.o
 .debug_macro   0x00015b70      0x2d1 ./Core/Src/config.o
 .debug_macro   0x00015e41      0x2cd ./Core/Src/custom_callbacks.o
 .debug_macro   0x0001610e      0x285 ./Core/Src/input_capture.o
 .debug_macro   0x00016393      0x2c9 ./Core/Src/main.o
 .debug_macro   0x0001665c      0x27b ./Core/Src/oscillator.o
 .debug_macro   0x000168d7      0x2ab ./Core/Src/startup.o
 .debug_macro   0x00016b82      0x22a ./Core/Src/stm32g0xx_hal_msp.o
 .debug_macro   0x00016dac      0x289 ./Core/Src/stm32g0xx_it.o
 .debug_macro   0x00017035      0x27b ./Core/Src/symmetry_adjustment.o
 .debug_macro   0x000172b0      0x21b ./Core/Src/system_stm32g0xx.o
 .debug_macro   0x000174cb      0x234 ./Core/Src/timers.o
 .debug_macro   0x000176ff      0x233 ./Core/Src/utility.o
 .debug_macro   0x00017932      0x23f ./Drivers/STM32G0xx_HAL_Driver/Src/stm32g0xx_hal.o
 .debug_macro   0x00017b71      0x23f ./Drivers/STM32G0xx_HAL_Driver/Src/stm32g0xx_hal_adc.o
 .debug_macro   0x00017db0      0x227 ./Drivers/STM32G0xx_HAL_Driver/Src/stm32g0xx_hal_adc_ex.o
 .debug_macro   0x00017fd7      0x21b ./Drivers/STM32G0xx_HAL_Driver/Src/stm32g0xx_hal_cortex.o
 .debug_macro   0x000181f2      0x21b ./Drivers/STM32G0xx_HAL_Driver/Src/stm32g0xx_hal_dma.o
 .debug_macro   0x0001840d      0x222 ./Drivers/STM32G0xx_HAL_Driver/Src/stm32g0xx_hal_gpio.o
 .debug_macro   0x0001862f      0x231 ./Drivers/STM32G0xx_HAL_Driver/Src/stm32g0xx_hal_lptim.o
 .debug_macro   0x00018860      0x245 ./Drivers/STM32G0xx_HAL_Driver/Src/stm32g0xx_hal_pwr_ex.o
 .debug_macro   0x00018aa5      0x25d ./Drivers/STM32G0xx_HAL_Driver/Src/stm32g0xx_hal_rcc.o
 .debug_macro   0x00018d02      0x233 ./Drivers/STM32G0xx_HAL_Driver/Src/stm32g0xx_hal_rcc_ex.o
 .debug_macro   0x00018f35      0x223 ./Drivers/STM32G0xx_HAL_Driver/Src/stm32g0xx_hal_tim.o
 .debug_macro   0x00019158      0x221 ./Drivers/STM32G0xx_HAL_Driver/Src/stm32g0xx_hal_tim_ex.o
 .debug_macro   0x00019379      0x246 ./Drivers/STM32G0xx_HAL_Driver/Src/stm32g0xx_hal_uart.o
 .debug_macro   0x000195bf      0x227 ./Drivers/STM32G0xx_HAL_Driver/Src/stm32g0xx_hal_uart_ex.o

.debug_line     0x00000000    0x277d6
 .debug_line    0x00000000      0x7af ./Core/Src/UART.o
 .debug_line    0x000007af      0xa13 ./Core/Src/checking_functions.o
 .debug_line    0x000011c2     0x193e ./Core/Src/config.o
 .debug_line    0x00002b00      0xbf0 ./Core/Src/custom_callbacks.o
 .debug_line    0x000036f0      0x97e ./Core/Src/input_capture.o
 .debug_line    0x0000406e      0x8b4 ./Core/Src/main.o
 .debug_line    0x00004922      0xcbd ./Core/Src/oscillator.o
 .debug_line    0x000055df      0x90b ./Core/Src/startup.o
 .debug_line    0x00005eea      0xd22 ./Core/Src/stm32g0xx_hal_msp.o
 .debug_line    0x00006c0c      0x9c1 ./Core/Src/stm32g0xx_it.o
 .debug_line    0x000075cd      0xcc4 ./Core/Src/symmetry_adjustment.o
 .debug_line    0x00008291      0x871 ./Core/Src/system_stm32g0xx.o
 .debug_line    0x00008b02      0x7e3 ./Core/Src/timers.o
 .debug_line    0x000092e5      0x869 ./Core/Src/utility.o
 .debug_line    0x00009b4e       0x7b ./Core/Startup/startup_stm32g031k8tx.o
 .debug_line    0x00009bc9      0xce1 ./Drivers/STM32G0xx_HAL_Driver/Src/stm32g0xx_hal.o
 .debug_line    0x0000a8aa     0x2441 ./Drivers/STM32G0xx_HAL_Driver/Src/stm32g0xx_hal_adc.o
 .debug_line    0x0000cceb      0xcaa ./Drivers/STM32G0xx_HAL_Driver/Src/stm32g0xx_hal_adc_ex.o
 .debug_line    0x0000d995      0xca8 ./Drivers/STM32G0xx_HAL_Driver/Src/stm32g0xx_hal_cortex.o
 .debug_line    0x0000e63d     0x12ee ./Drivers/STM32G0xx_HAL_Driver/Src/stm32g0xx_hal_dma.o
 .debug_line    0x0000f92b      0xd58 ./Drivers/STM32G0xx_HAL_Driver/Src/stm32g0xx_hal_gpio.o
 .debug_line    0x00010683     0x2129 ./Drivers/STM32G0xx_HAL_Driver/Src/stm32g0xx_hal_lptim.o
 .debug_line    0x000127ac      0xca1 ./Drivers/STM32G0xx_HAL_Driver/Src/stm32g0xx_hal_pwr_ex.o
 .debug_line    0x0001344d     0x1546 ./Drivers/STM32G0xx_HAL_Driver/Src/stm32g0xx_hal_rcc.o
 .debug_line    0x00014993      0xed5 ./Drivers/STM32G0xx_HAL_Driver/Src/stm32g0xx_hal_rcc_ex.o
 .debug_line    0x00015868     0x7638 ./Drivers/STM32G0xx_HAL_Driver/Src/stm32g0xx_hal_tim.o
 .debug_line    0x0001cea0     0x233e ./Drivers/STM32G0xx_HAL_Driver/Src/stm32g0xx_hal_tim_ex.o
 .debug_line    0x0001f1de     0x708c ./Drivers/STM32G0xx_HAL_Driver/Src/stm32g0xx_hal_uart.o
 .debug_line    0x0002626a     0x156c ./Drivers/STM32G0xx_HAL_Driver/Src/stm32g0xx_hal_uart_ex.o

.debug_str      0x00000000    0x9eb18
 .debug_str     0x00000000    0x974fc ./Core/Src/UART.o
                              0x97d12 (size before relaxing)
 .debug_str     0x000974fc      0xac0 ./Core/Src/checking_functions.o
                              0x98176 (size before relaxing)
 .debug_str     0x00097fbc     0x19bd ./Core/Src/config.o
                              0x9a244 (size before relaxing)
 .debug_str     0x00099979      0x3bd ./Core/Src/custom_callbacks.o
                              0x9972d (size before relaxing)
 .debug_str     0x00099d36       0xe4 ./Core/Src/input_capture.o
                              0x9895b (size before relaxing)
 .debug_str     0x00099e1a       0x9d ./Core/Src/main.o
                              0x988ee (size before relaxing)
 .debug_str     0x00099eb7       0xee ./Core/Src/oscillator.o
                              0x98a22 (size before relaxing)
 .debug_str     0x00099fa5       0x16 ./Core/Src/startup.o
                              0x98f8c (size before relaxing)
 .debug_str     0x00099fbb      0x216 ./Core/Src/stm32g0xx_hal_msp.o
                              0x98ce2 (size before relaxing)
 .debug_str     0x0009a1d1      0x187 ./Core/Src/stm32g0xx_it.o
                              0x98ef2 (size before relaxing)
 .debug_str     0x0009a358      0x23d ./Core/Src/symmetry_adjustment.o
                              0x9808f (size before relaxing)
 .debug_str     0x0009a595       0x8e ./Core/Src/system_stm32g0xx.o
                              0x973a8 (size before relaxing)
 .debug_str     0x0009a623       0x4b ./Core/Src/timers.o
                              0x97f36 (size before relaxing)
 .debug_str     0x0009a66e       0x55 ./Core/Src/utility.o
                              0x976f1 (size before relaxing)
 .debug_str     0x0009a6c3       0x44 ./Core/Startup/startup_stm32g031k8tx.o
                                 0x70 (size before relaxing)
 .debug_str     0x0009a707      0x571 ./Drivers/STM32G0xx_HAL_Driver/Src/stm32g0xx_hal.o
                              0x97b7e (size before relaxing)
 .debug_str     0x0009ac78      0x8d3 ./Drivers/STM32G0xx_HAL_Driver/Src/stm32g0xx_hal_adc.o
                              0x983bb (size before relaxing)
 .debug_str     0x0009b54b      0x1e2 ./Drivers/STM32G0xx_HAL_Driver/Src/stm32g0xx_hal_adc_ex.o
                              0x97bfe (size before relaxing)
 .debug_str     0x0009b72d      0x28b ./Drivers/STM32G0xx_HAL_Driver/Src/stm32g0xx_hal_cortex.o
                              0x97824 (size before relaxing)
 .debug_str     0x0009b9b8      0x261 ./Drivers/STM32G0xx_HAL_Driver/Src/stm32g0xx_hal_dma.o
                              0x97842 (size before relaxing)
 .debug_str     0x0009bc19      0x113 ./Drivers/STM32G0xx_HAL_Driver/Src/stm32g0xx_hal_gpio.o
                              0x974cf (size before relaxing)
 .debug_str     0x0009bd2c      0x5a2 ./Drivers/STM32G0xx_HAL_Driver/Src/stm32g0xx_hal_lptim.o
                              0x97e33 (size before relaxing)
 .debug_str     0x0009c2ce      0x37b ./Drivers/STM32G0xx_HAL_Driver/Src/stm32g0xx_hal_pwr_ex.o
                              0x97821 (size before relaxing)
 .debug_str     0x0009c649      0x4ae ./Drivers/STM32G0xx_HAL_Driver/Src/stm32g0xx_hal_rcc.o
                              0x97afe (size before relaxing)
 .debug_str     0x0009caf7      0x185 ./Drivers/STM32G0xx_HAL_Driver/Src/stm32g0xx_hal_rcc_ex.o
                              0x97737 (size before relaxing)
 .debug_str     0x0009cc7c      0xd1f ./Drivers/STM32G0xx_HAL_Driver/Src/stm32g0xx_hal_tim.o
                              0x98f73 (size before relaxing)
 .debug_str     0x0009d99b      0x4a0 ./Drivers/STM32G0xx_HAL_Driver/Src/stm32g0xx_hal_tim_ex.o
                              0x984d5 (size before relaxing)
 .debug_str     0x0009de3b      0xa15 ./Drivers/STM32G0xx_HAL_Driver/Src/stm32g0xx_hal_uart.o
                              0x986f6 (size before relaxing)
 .debug_str     0x0009e850      0x2c8 ./Drivers/STM32G0xx_HAL_Driver/Src/stm32g0xx_hal_uart_ex.o
                              0x97d4c (size before relaxing)

.comment        0x00000000       0x43
 .comment       0x00000000       0x43 ./Core/Src/UART.o
                                 0x44 (size before relaxing)
 .comment       0x00000043       0x44 ./Core/Src/checking_functions.o
 .comment       0x00000043       0x44 ./Core/Src/config.o
 .comment       0x00000043       0x44 ./Core/Src/custom_callbacks.o
 .comment       0x00000043       0x44 ./Core/Src/input_capture.o
 .comment       0x00000043       0x44 ./Core/Src/main.o
 .comment       0x00000043       0x44 ./Core/Src/oscillator.o
 .comment       0x00000043       0x44 ./Core/Src/startup.o
 .comment       0x00000043       0x44 ./Core/Src/stm32g0xx_hal_msp.o
 .comment       0x00000043       0x44 ./Core/Src/stm32g0xx_it.o
 .comment       0x00000043       0x44 ./Core/Src/symmetry_adjustment.o
 .comment       0x00000043       0x44 ./Core/Src/system_stm32g0xx.o
 .comment       0x00000043       0x44 ./Core/Src/timers.o
 .comment       0x00000043       0x44 ./Core/Src/utility.o
 .comment       0x00000043       0x44 ./Drivers/STM32G0xx_HAL_Driver/Src/stm32g0xx_hal.o
 .comment       0x00000043       0x44 ./Drivers/STM32G0xx_HAL_Driver/Src/stm32g0xx_hal_adc.o
 .comment       0x00000043       0x44 ./Drivers/STM32G0xx_HAL_Driver/Src/stm32g0xx_hal_adc_ex.o
 .comment       0x00000043       0x44 ./Drivers/STM32G0xx_HAL_Driver/Src/stm32g0xx_hal_cortex.o
 .comment       0x00000043       0x44 ./Drivers/STM32G0xx_HAL_Driver/Src/stm32g0xx_hal_dma.o
 .comment       0x00000043       0x44 ./Drivers/STM32G0xx_HAL_Driver/Src/stm32g0xx_hal_gpio.o
 .comment       0x00000043       0x44 ./Drivers/STM32G0xx_HAL_Driver/Src/stm32g0xx_hal_lptim.o
 .comment       0x00000043       0x44 ./Drivers/STM32G0xx_HAL_Driver/Src/stm32g0xx_hal_pwr_ex.o
 .comment       0x00000043       0x44 ./Drivers/STM32G0xx_HAL_Driver/Src/stm32g0xx_hal_rcc.o
 .comment       0x00000043       0x44 ./Drivers/STM32G0xx_HAL_Driver/Src/stm32g0xx_hal_rcc_ex.o
 .comment       0x00000043       0x44 ./Drivers/STM32G0xx_HAL_Driver/Src/stm32g0xx_hal_tim.o
 .comment       0x00000043       0x44 ./Drivers/STM32G0xx_HAL_Driver/Src/stm32g0xx_hal_tim_ex.o
 .comment       0x00000043       0x44 ./Drivers/STM32G0xx_HAL_Driver/Src/stm32g0xx_hal_uart.o
 .comment       0x00000043       0x44 ./Drivers/STM32G0xx_HAL_Driver/Src/stm32g0xx_hal_uart_ex.o

.debug_frame    0x00000000     0x3284
 .debug_frame   0x00000000       0x28 ./Core/Src/UART.o
 .debug_frame   0x00000028       0x50 ./Core/Src/checking_functions.o
 .debug_frame   0x00000078      0x174 ./Core/Src/config.o
 .debug_frame   0x000001ec       0xc8 ./Core/Src/custom_callbacks.o
 .debug_frame   0x000002b4       0x68 ./Core/Src/input_capture.o
 .debug_frame   0x0000031c       0x2c ./Core/Src/main.o
 .debug_frame   0x00000348       0xa4 ./Core/Src/oscillator.o
 .debug_frame   0x000003ec       0x2c ./Core/Src/startup.o
 .debug_frame   0x00000418      0x110 ./Core/Src/stm32g0xx_hal_msp.o
 .debug_frame   0x00000528      0x128 ./Core/Src/stm32g0xx_it.o
 .debug_frame   0x00000650       0x48 ./Core/Src/symmetry_adjustment.o
 .debug_frame   0x00000698       0x38 ./Core/Src/system_stm32g0xx.o
 .debug_frame   0x000006d0       0x40 ./Core/Src/timers.o
 .debug_frame   0x00000710       0x5c ./Core/Src/utility.o
 .debug_frame   0x0000076c      0x270 ./Drivers/STM32G0xx_HAL_Driver/Src/stm32g0xx_hal.o
 .debug_frame   0x000009dc      0x318 ./Drivers/STM32G0xx_HAL_Driver/Src/stm32g0xx_hal_adc.o
 .debug_frame   0x00000cf4       0xb8 ./Drivers/STM32G0xx_HAL_Driver/Src/stm32g0xx_hal_adc_ex.o
 .debug_frame   0x00000dac      0x130 ./Drivers/STM32G0xx_HAL_Driver/Src/stm32g0xx_hal_cortex.o
 .debug_frame   0x00000edc      0x168 ./Drivers/STM32G0xx_HAL_Driver/Src/stm32g0xx_hal_dma.o
 .debug_frame   0x00001044       0xe4 ./Drivers/STM32G0xx_HAL_Driver/Src/stm32g0xx_hal_gpio.o
 .debug_frame   0x00001128      0x438 ./Drivers/STM32G0xx_HAL_Driver/Src/stm32g0xx_hal_lptim.o
 .debug_frame   0x00001560      0x1e4 ./Drivers/STM32G0xx_HAL_Driver/Src/stm32g0xx_hal_pwr_ex.o
 .debug_frame   0x00001744      0x184 ./Drivers/STM32G0xx_HAL_Driver/Src/stm32g0xx_hal_rcc.o
 .debug_frame   0x000018c8       0xa8 ./Drivers/STM32G0xx_HAL_Driver/Src/stm32g0xx_hal_rcc_ex.o
 .debug_frame   0x00001970      0xa80 ./Drivers/STM32G0xx_HAL_Driver/Src/stm32g0xx_hal_tim.o
 .debug_frame   0x000023f0      0x4b4 ./Drivers/STM32G0xx_HAL_Driver/Src/stm32g0xx_hal_tim_ex.o
 .debug_frame   0x000028a4      0x770 ./Drivers/STM32G0xx_HAL_Driver/Src/stm32g0xx_hal_uart.o
 .debug_frame   0x00003014      0x1c8 ./Drivers/STM32G0xx_HAL_Driver/Src/stm32g0xx_hal_uart_ex.o
 .debug_frame   0x000031dc       0x20 /Applications/STM32CubeIDE.app/Contents/Eclipse/plugins/com.st.stm32cube.ide.mcu.externaltools.gnu-tools-for-stm32.12.3.rel1.macos64_1.1.0.202410301201/tools/bin/../lib/gcc/arm-none-eabi/12.3.1/../../../../arm-none-eabi/lib/thumb/v6-m/nofp/libc_nano.a(libc_a-memset.o)
 .debug_frame   0x000031fc       0x2c /Applications/STM32CubeIDE.app/Contents/Eclipse/plugins/com.st.stm32cube.ide.mcu.externaltools.gnu-tools-for-stm32.12.3.rel1.macos64_1.1.0.202410301201/tools/bin/../lib/gcc/arm-none-eabi/12.3.1/../../../../arm-none-eabi/lib/thumb/v6-m/nofp/libc_nano.a(libc_a-init.o)
 .debug_frame   0x00003228       0x20 /Applications/STM32CubeIDE.app/Contents/Eclipse/plugins/com.st.stm32cube.ide.mcu.externaltools.gnu-tools-for-stm32.12.3.rel1.macos64_1.1.0.202410301201/tools/bin/../lib/gcc/arm-none-eabi/12.3.1/thumb/v6-m/nofp/libgcc.a(_udivsi3.o)
 .debug_frame   0x00003248       0x3c /Applications/STM32CubeIDE.app/Contents/Eclipse/plugins/com.st.stm32cube.ide.mcu.externaltools.gnu-tools-for-stm32.12.3.rel1.macos64_1.1.0.202410301201/tools/bin/../lib/gcc/arm-none-eabi/12.3.1/thumb/v6-m/nofp/libgcc.a(_udivmoddi4.o)

.debug_loclists
                0x00000000     0xf118
 .debug_loclists
                0x00000000       0xb7 ./Core/Src/checking_functions.o
 .debug_loclists
                0x000000b7       0x98 ./Core/Src/custom_callbacks.o
 .debug_loclists
                0x0000014f      0x11b ./Core/Src/input_capture.o
 .debug_loclists
                0x0000026a      0x215 ./Core/Src/oscillator.o
 .debug_loclists
                0x0000047f       0x20 ./Core/Src/startup.o
 .debug_loclists
                0x0000049f      0x19e ./Core/Src/stm32g0xx_hal_msp.o
 .debug_loclists
                0x0000063d      0x3a8 ./Core/Src/symmetry_adjustment.o
 .debug_loclists
                0x000009e5       0xa7 ./Core/Src/system_stm32g0xx.o
 .debug_loclists
                0x00000a8c       0x90 ./Core/Src/timers.o
 .debug_loclists
                0x00000b1c       0x56 ./Core/Src/utility.o
 .debug_loclists
                0x00000b72      0x143 ./Drivers/STM32G0xx_HAL_Driver/Src/stm32g0xx_hal.o
 .debug_loclists
                0x00000cb5     0x1121 ./Drivers/STM32G0xx_HAL_Driver/Src/stm32g0xx_hal_adc.o
 .debug_loclists
                0x00001dd6      0x2a3 ./Drivers/STM32G0xx_HAL_Driver/Src/stm32g0xx_hal_adc_ex.o
 .debug_loclists
                0x00002079      0x1ef ./Drivers/STM32G0xx_HAL_Driver/Src/stm32g0xx_hal_cortex.o
 .debug_loclists
                0x00002268      0x747 ./Drivers/STM32G0xx_HAL_Driver/Src/stm32g0xx_hal_dma.o
 .debug_loclists
                0x000029af      0x372 ./Drivers/STM32G0xx_HAL_Driver/Src/stm32g0xx_hal_gpio.o
 .debug_loclists
                0x00002d21     0x1041 ./Drivers/STM32G0xx_HAL_Driver/Src/stm32g0xx_hal_lptim.o
 .debug_loclists
                0x00003d62      0x1b3 ./Drivers/STM32G0xx_HAL_Driver/Src/stm32g0xx_hal_pwr_ex.o
 .debug_loclists
                0x00003f15      0x4e1 ./Drivers/STM32G0xx_HAL_Driver/Src/stm32g0xx_hal_rcc.o
 .debug_loclists
                0x000043f6      0x46c ./Drivers/STM32G0xx_HAL_Driver/Src/stm32g0xx_hal_rcc_ex.o
 .debug_loclists
                0x00004862     0x4f53 ./Drivers/STM32G0xx_HAL_Driver/Src/stm32g0xx_hal_tim.o
 .debug_loclists
                0x000097b5     0x1392 ./Drivers/STM32G0xx_HAL_Driver/Src/stm32g0xx_hal_tim_ex.o
 .debug_loclists
                0x0000ab47     0x3cb5 ./Drivers/STM32G0xx_HAL_Driver/Src/stm32g0xx_hal_uart.o
 .debug_loclists
                0x0000e7fc      0x91c ./Drivers/STM32G0xx_HAL_Driver/Src/stm32g0xx_hal_uart_ex.o

.debug_line_str
                0x00000000       0x54
 .debug_line_str
                0x00000000       0x54 ./Core/Startup/startup_stm32g031k8tx.o
