Archive member included to satisfy reference by file (symbol)

C:/ST/STM32CubeIDE_1.16.1/STM32CubeIDE/plugins/com.st.stm32cube.ide.mcu.externaltools.gnu-tools-for-stm32.12.3.rel1.win32_1.1.0.202410251130/tools/bin/../lib/gcc/arm-none-eabi/12.3.1/../../../../arm-none-eabi/lib/thumb/v6-m/nofp\libc_nano.a(libc_a-exit.o)
                              C:/ST/STM32CubeIDE_1.16.1/STM32CubeIDE/plugins/com.st.stm32cube.ide.mcu.externaltools.gnu-tools-for-stm32.12.3.rel1.win32_1.1.0.202410251130/tools/bin/../lib/gcc/arm-none-eabi/12.3.1/../../../../arm-none-eabi/lib/thumb/v6-m/nofp/crt0.o (exit)
C:/ST/STM32CubeIDE_1.16.1/STM32CubeIDE/plugins/com.st.stm32cube.ide.mcu.externaltools.gnu-tools-for-stm32.12.3.rel1.win32_1.1.0.202410251130/tools/bin/../lib/gcc/arm-none-eabi/12.3.1/../../../../arm-none-eabi/lib/thumb/v6-m/nofp\libc_nano.a(libc_a-findfp.o)
                              C:/ST/STM32CubeIDE_1.16.1/STM32CubeIDE/plugins/com.st.stm32cube.ide.mcu.externaltools.gnu-tools-for-stm32.12.3.rel1.win32_1.1.0.202410251130/tools/bin/../lib/gcc/arm-none-eabi/12.3.1/../../../../arm-none-eabi/lib/thumb/v6-m/nofp\libc_nano.a(libc_a-exit.o) (__stdio_exit_handler)
C:/ST/STM32CubeIDE_1.16.1/STM32CubeIDE/plugins/com.st.stm32cube.ide.mcu.externaltools.gnu-tools-for-stm32.12.3.rel1.win32_1.1.0.202410251130/tools/bin/../lib/gcc/arm-none-eabi/12.3.1/../../../../arm-none-eabi/lib/thumb/v6-m/nofp\libc_nano.a(libc_a-fwalk.o)
                              C:/ST/STM32CubeIDE_1.16.1/STM32CubeIDE/plugins/com.st.stm32cube.ide.mcu.externaltools.gnu-tools-for-stm32.12.3.rel1.win32_1.1.0.202410251130/tools/bin/../lib/gcc/arm-none-eabi/12.3.1/../../../../arm-none-eabi/lib/thumb/v6-m/nofp\libc_nano.a(libc_a-findfp.o) (_fwalk_sglue)
C:/ST/STM32CubeIDE_1.16.1/STM32CubeIDE/plugins/com.st.stm32cube.ide.mcu.externaltools.gnu-tools-for-stm32.12.3.rel1.win32_1.1.0.202410251130/tools/bin/../lib/gcc/arm-none-eabi/12.3.1/../../../../arm-none-eabi/lib/thumb/v6-m/nofp\libc_nano.a(libc_a-stdio.o)
                              C:/ST/STM32CubeIDE_1.16.1/STM32CubeIDE/plugins/com.st.stm32cube.ide.mcu.externaltools.gnu-tools-for-stm32.12.3.rel1.win32_1.1.0.202410251130/tools/bin/../lib/gcc/arm-none-eabi/12.3.1/../../../../arm-none-eabi/lib/thumb/v6-m/nofp\libc_nano.a(libc_a-findfp.o) (__sread)
C:/ST/STM32CubeIDE_1.16.1/STM32CubeIDE/plugins/com.st.stm32cube.ide.mcu.externaltools.gnu-tools-for-stm32.12.3.rel1.win32_1.1.0.202410251130/tools/bin/../lib/gcc/arm-none-eabi/12.3.1/../../../../arm-none-eabi/lib/thumb/v6-m/nofp\libc_nano.a(libc_a-memset.o)
                              C:/ST/STM32CubeIDE_1.16.1/STM32CubeIDE/plugins/com.st.stm32cube.ide.mcu.externaltools.gnu-tools-for-stm32.12.3.rel1.win32_1.1.0.202410251130/tools/bin/../lib/gcc/arm-none-eabi/12.3.1/../../../../arm-none-eabi/lib/thumb/v6-m/nofp/crt0.o (memset)
C:/ST/STM32CubeIDE_1.16.1/STM32CubeIDE/plugins/com.st.stm32cube.ide.mcu.externaltools.gnu-tools-for-stm32.12.3.rel1.win32_1.1.0.202410251130/tools/bin/../lib/gcc/arm-none-eabi/12.3.1/../../../../arm-none-eabi/lib/thumb/v6-m/nofp\libc_nano.a(libc_a-closer.o)
                              C:/ST/STM32CubeIDE_1.16.1/STM32CubeIDE/plugins/com.st.stm32cube.ide.mcu.externaltools.gnu-tools-for-stm32.12.3.rel1.win32_1.1.0.202410251130/tools/bin/../lib/gcc/arm-none-eabi/12.3.1/../../../../arm-none-eabi/lib/thumb/v6-m/nofp\libc_nano.a(libc_a-stdio.o) (_close_r)
C:/ST/STM32CubeIDE_1.16.1/STM32CubeIDE/plugins/com.st.stm32cube.ide.mcu.externaltools.gnu-tools-for-stm32.12.3.rel1.win32_1.1.0.202410251130/tools/bin/../lib/gcc/arm-none-eabi/12.3.1/../../../../arm-none-eabi/lib/thumb/v6-m/nofp\libc_nano.a(libc_a-reent.o)
                              C:/ST/STM32CubeIDE_1.16.1/STM32CubeIDE/plugins/com.st.stm32cube.ide.mcu.externaltools.gnu-tools-for-stm32.12.3.rel1.win32_1.1.0.202410251130/tools/bin/../lib/gcc/arm-none-eabi/12.3.1/../../../../arm-none-eabi/lib/thumb/v6-m/nofp\libc_nano.a(libc_a-closer.o) (errno)
C:/ST/STM32CubeIDE_1.16.1/STM32CubeIDE/plugins/com.st.stm32cube.ide.mcu.externaltools.gnu-tools-for-stm32.12.3.rel1.win32_1.1.0.202410251130/tools/bin/../lib/gcc/arm-none-eabi/12.3.1/../../../../arm-none-eabi/lib/thumb/v6-m/nofp\libc_nano.a(libc_a-impure.o)
                              C:/ST/STM32CubeIDE_1.16.1/STM32CubeIDE/plugins/com.st.stm32cube.ide.mcu.externaltools.gnu-tools-for-stm32.12.3.rel1.win32_1.1.0.202410251130/tools/bin/../lib/gcc/arm-none-eabi/12.3.1/../../../../arm-none-eabi/lib/thumb/v6-m/nofp\libc_nano.a(libc_a-reent.o) (_impure_ptr)
C:/ST/STM32CubeIDE_1.16.1/STM32CubeIDE/plugins/com.st.stm32cube.ide.mcu.externaltools.gnu-tools-for-stm32.12.3.rel1.win32_1.1.0.202410251130/tools/bin/../lib/gcc/arm-none-eabi/12.3.1/../../../../arm-none-eabi/lib/thumb/v6-m/nofp\libc_nano.a(libc_a-lseekr.o)
[...]
Memory Configuration

Name             Origin             Length             Attributes
RAM              0x20000000         0x00002000         xrw
FLASH            0x08000000         0x00010000         xr
*default*        0x00000000         0xffffffff

Linker script and memory map

LOAD C:/ST/STM32CubeIDE_1.16.1/STM32CubeIDE/plugins/com.st.stm32cube.ide.mcu.externaltools.gnu-tools-for-stm32.12.3.rel1.win32_1.1.0.202410251130/tools/bin/../lib/gcc/arm-none-eabi/12.3.1/thumb/v6-m/nofp/crti.o
LOAD C:/ST/STM32CubeIDE_1.16.1/STM32CubeIDE/plugins/com.st.stm32cube.ide.mcu.externaltools.gnu-tools-for-stm32.12.3.rel1.win32_1.1.0.202410251130/tools/bin/../lib/gcc/arm-none-eabi/12.3.1/thumb/v6-m/nofp/crtbegin.o
LOAD C:/ST/STM32CubeIDE_1.16.1/STM32CubeIDE/plugins/com.st.stm32cube.ide.mcu.externaltools.gnu-tools-for-stm32.12.3.rel1.win32_1.1.0.202410251130/tools/bin/../lib/gcc/arm-none-eabi/12.3.1/../../../../arm-none-eabi/lib/thumb/v6-m/nofp/crt0.o
LOAD ./Core/Src/MIDI_defines.o
LOAD ./Core/Src/config.o
LOAD ./Core/Src/custom_callbacks.o
LOAD ./Core/Src/main.o
LOAD ./Core/Src/stm32g0xx_hal_msp.o
LOAD ./Core/Src/stm32g0xx_it.o
LOAD ./Core/Src/syscalls.o
LOAD ./Core/Src/sysmem.o
LOAD ./Core/Src/system.o
LOAD ./Core/Src/system_stm32g0xx.o
LOAD ./Core/Startup/startup_stm32g031k8tx.o
LOAD ./Drivers/STM32G0xx_HAL_Driver/Src/stm32g0xx_hal.o
LOAD ./Drivers/STM32G0xx_HAL_Driver/Src/stm32g0xx_hal_adc.o
LOAD ./Drivers/STM32G0xx_HAL_Driver/Src/stm32g0xx_hal_adc_ex.o
LOAD ./Drivers/STM32G0xx_HAL_Driver/Src/stm32g0xx_hal_cortex.o
LOAD ./Drivers/STM32G0xx_HAL_Driver/Src/stm32g0xx_hal_dma.o
LOAD ./Drivers/STM32G0xx_HAL_Driver/Src/stm32g0xx_hal_dma_ex.o
LOAD ./Drivers/STM32G0xx_HAL_Driver/Src/stm32g0xx_hal_exti.o
LOAD ./Drivers/STM32G0xx_HAL_Driver/Src/stm32g0xx_hal_flash.o
LOAD ./Drivers/STM32G0xx_HAL_Driver/Src/stm32g0xx_hal_flash_ex.o
LOAD ./Drivers/STM32G0xx_HAL_Driver/Src/stm32g0xx_hal_gpio.o
LOAD ./Drivers/STM32G0xx_HAL_Driver/Src/stm32g0xx_hal_iwdg.o
LOAD ./Drivers/STM32G0xx_HAL_Driver/Src/stm32g0xx_hal_lptim.o
LOAD ./Drivers/STM32G0xx_HAL_Driver/Src/stm32g0xx_hal_pwr.o
LOAD ./Drivers/STM32G0xx_HAL_Driver/Src/stm32g0xx_hal_pwr_ex.o
LOAD ./Drivers/STM32G0xx_HAL_Driver/Src/stm32g0xx_hal_rcc.o
LOAD ./Drivers/STM32G0xx_HAL_Driver/Src/stm32g0xx_hal_rcc_ex.o
LOAD ./Drivers/STM32G0xx_HAL_Driver/Src/stm32g0xx_hal_tim.o
LOAD ./Drivers/STM32G0xx_HAL_Driver/Src/stm32g0xx_hal_tim_ex.o
LOAD ./Drivers/STM32G0xx_HAL_Driver/Src/stm32g0xx_hal_uart.o
LOAD ./Drivers/STM32G0xx_HAL_Driver/Src/stm32g0xx_hal_uart_ex.o
LOAD ./Drivers/STM32G0xx_HAL_Driver/Src/stm32g0xx_ll_adc.o
LOAD ./Drivers/STM32G0xx_HAL_Driver/Src/stm32g0xx_ll_rcc.o
START GROUP
LOAD C:/ST/STM32CubeIDE_1.16.1/STM32CubeIDE/plugins/com.st.stm32cube.ide.mcu.externaltools.gnu-tools-for-stm32.12.3.rel1.win32_1.1.0.202410251130/tools/bin/../lib/gcc/arm-none-eabi/12.3.1/../../../../arm-none-eabi/lib/thumb/v6-m/nofp\libc_nano.a
LOAD C:/ST/STM32CubeIDE_1.16.1/STM32CubeIDE/plugins/com.st.stm32cube.ide.mcu.externaltools.gnu-tools-for-stm32.12.3.rel1.win32_1.1.0.202410251130/tools/bin/../lib/gcc/arm-none-eabi/12.3.1/../../../../arm-none-eabi/lib/thumb/v6-m/nofp\libm.a
END GROUP
START GROUP
LOAD C:/ST/STM32CubeIDE_1.16.1/STM32CubeIDE/plugins/com.st.stm32cube.ide.mcu.externaltools.gnu-tools-for-stm32.12.3.rel1.win32_1.1.0.202410251130/tools/bin/../lib/gcc/arm-none-eabi/12.3.1/thumb/v6-m/nofp\libgcc.a
LOAD C:/ST/STM32CubeIDE_1.16.1/STM32CubeIDE/plugins/com.st.stm32cube.ide.mcu.externaltools.gnu-tools-for-stm32.12.3.rel1.win32_1.1.0.202410251130/tools/bin/../lib/gcc/arm-none-eabi/12.3.1/../../../../arm-none-eabi/lib/thumb/v6-m/nofp\libc_nano.a
END GROUP
START GROUP
LOAD C:/ST/STM32CubeIDE_1.16.1/STM32CubeIDE/plugins/com.st.stm32cube.ide.mcu.externaltools.gnu-tools-for-stm32.12.3.rel1.win32_1.1.0.202410251130/tools/bin/../lib/gcc/arm-none-eabi/12.3.1/thumb/v6-m/nofp\libgcc.a
LOAD C:/ST/STM32CubeIDE_1.16.1/STM32CubeIDE/plugins/com.st.stm32cube.ide.mcu.externaltools.gnu-tools-for-stm32.12.3.rel1.win32_1.1.0.202410251130/tools/bin/../lib/gcc/arm-none-eabi/12.3.1/../../../../arm-none-eabi/lib/thumb/v6-m/nofp\libc_nano.a
LOAD C:/ST/STM32CubeIDE_1.16.1/STM32CubeIDE/plugins/com.st.stm32cube.ide.mcu.externaltools.gnu-tools-for-stm32.12.3.rel1.win32_1.1.0.202410251130/tools/bin/../lib/gcc/arm-none-eabi/12.3.1/../../../../arm-none-eabi/lib/thumb/v6-m/nofp\libnosys.a
END GROUP
START GROUP
LOAD C:/ST/STM32CubeIDE_1.16.1/STM32CubeIDE/plugins/com.st.stm32cube.ide.mcu.externaltools.gnu-tools-for-stm32.12.3.rel1.win32_1.1.0.202410251130/tools/bin/../lib/gcc/arm-none-eabi/12.3.1/thumb/v6-m/nofp\libgcc.a
LOAD C:/ST/STM32CubeIDE_1.16.1/STM32CubeIDE/plugins/com.st.stm32cube.ide.mcu.externaltools.gnu-tools-for-stm32.12.3.rel1.win32_1.1.0.202410251130/tools/bin/../lib/gcc/arm-none-eabi/12.3.1/../../../../arm-none-eabi/lib/thumb/v6-m/nofp\libc_nano.a
LOAD C:/ST/STM32CubeIDE_1.16.1/STM32CubeIDE/plugins/com.st.stm32cube.ide.mcu.externaltools.gnu-tools-for-stm32.12.3.rel1.win32_1.1.0.202410251130/tools/bin/../lib/gcc/arm-none-eabi/12.3.1/../../../../arm-none-eabi/lib/thumb/v6-m/nofp\libnosys.a
END GROUP
LOAD C:/ST/STM32CubeIDE_1.16.1/STM32CubeIDE/plugins/com.st.stm32cube.ide.mcu.externaltools.gnu-tools-for-stm32.12.3.rel1.win32_1.1.0.202410251130/tools/bin/../lib/gcc/arm-none-eabi/12.3.1/thumb/v6-m/nofp/crtend.o
LOAD C:/ST/STM32CubeIDE_1.16.1/STM32CubeIDE/plugins/com.st.stm32cube.ide.mcu.externaltools.gnu-tools-for-stm32.12.3.rel1.win32_1.1.0.202410251130/tools/bin/../lib/gcc/arm-none-eabi/12.3.1/thumb/v6-m/nofp/crtn.o
                0x20002000                        _estack = (ORIGIN (RAM) + LENGTH (RAM))
                0x00000200                        _Min_Heap_Size = 0x200
                0x00000400                        _Min_Stack_Size = 0x400

.isr_vector     0x08000000       0xbc
                0x08000000                        . = ALIGN (0x4)
 *(.isr_vector)
 .isr_vector    0x08000000       0xbc ./Core/Startup/startup_stm32g031k8tx.o
                0x08000000                g_pfnVectors
                0x080000bc                        . = ALIGN (0x4)

.text           0x080000bc     0x68e0
                0x080000bc                        . = ALIGN (0x4)
 *(.text)
 .text          0x080000bc       0x48 C:/ST/STM32CubeIDE_1.16.1/STM32CubeIDE/plugins/com.st.stm32cube.ide.mcu.externaltools.gnu-tools-for-stm32.12.3.rel1.win32_1.1.0.202410251130/tools/bin/../lib/gcc/arm-none-eabi/12.3.1/thumb/v6-m/nofp/crtbegin.o
 .text          0x08000104      0x114 C:/ST/STM32CubeIDE_1.16.1/STM32CubeIDE/plugins/com.st.stm32cube.ide.mcu.externaltools.gnu-tools-for-stm32.12.3.rel1.win32_1.1.0.202410251130/tools/bin/../lib/gcc/arm-none-eabi/12.3.1/thumb/v6-m/nofp\libgcc.a(_udivsi3.o)
                0x08000104                __aeabi_uidiv
                0x08000104                __udivsi3
                0x08000210                __aeabi_uidivmod
 .text          0x08000218        0x4 C:/ST/STM32CubeIDE_1.16.1/STM32CubeIDE/plugins/com.st.stm32cube.ide.mcu.externaltools.gnu-tools-for-stm32.12.3.rel1.win32_1.1.0.202410251130/tools/bin/../lib/gcc/arm-none-eabi/12.3.1/thumb/v6-m/nofp\libgcc.a(_dvmd_tls.o)
                0x08000218                __aeabi_idiv0
                0x08000218                __aeabi_ldiv0
 .text          0x0800021c       0x40 C:/ST/STM32CubeIDE_1.16.1/STM32CubeIDE/plugins/com.st.stm32cube.ide.mcu.externaltools.gnu-tools-for-stm32.12.3.rel1.win32_1.1.0.202410251130/tools/bin/../lib/gcc/arm-none-eabi/12.3.1/thumb/v6-m/nofp\libgcc.a(_aeabi_uldivmod.o)
                0x0800021c                __aeabi_uldivmod
 .text          0x0800025c      0x198 C:/ST/STM32CubeIDE_1.16.1/STM32CubeIDE/plugins/com.st.stm32cube.ide.mcu.externaltools.gnu-tools-for-stm32.12.3.rel1.win32_1.1.0.202410251130/tools/bin/../lib/gcc/arm-none-eabi/12.3.1/thumb/v6-m/nofp\libgcc.a(_udivmoddi4.o)
                0x0800025c                __udivmoddi4
 .text          0x080003f4       0x18 C:/ST/STM32CubeIDE_1.16.1/STM32CubeIDE/plugins/com.st.stm32cube.ide.mcu.externaltools.gnu-tools-for-stm32.12.3.rel1.win32_1.1.0.202410251130/tools/bin/../lib/gcc/arm-none-eabi/12.3.1/thumb/v6-m/nofp\libgcc.a(_clzdi2.o)
                0x080003f4                __clzdi2
 .text          0x0800040c       0x3c C:/ST/STM32CubeIDE_1.16.1/STM32CubeIDE/plugins/com.st.stm32cube.ide.mcu.externaltools.gnu-tools-for-stm32.12.3.rel1.win32_1.1.0.202410251130/tools/bin/../lib/gcc/arm-none-eabi/12.3.1/thumb/v6-m/nofp\libgcc.a(_clzsi2.o)
                0x0800040c                __clzsi2
 *(.text*)
 .text.SystemClock_Config
                0x08000448       0x80 ./Core/Src/config.o
                0x08000448                SystemClock_Config
 .text.MX_ADC1_Init
                0x080004c8       0xd4 ./Core/Src/config.o
                0x080004c8                MX_ADC1_Init
 .text.MX_TIM16_Init
                0x0800059c       0xc0 ./Core/Src/config.o
                0x0800059c                MX_TIM16_Init
 .text.MX_TIM2_Init
                0x0800065c       0xb8 ./Core/Src/config.o
                0x0800065c                MX_TIM2_Init
 .text.MX_TIM3_Init
                0x08000714       0xb8 ./Core/Src/config.o
                0x08000714                MX_TIM3_Init
 .text.MX_TIM1_Init
                0x080007cc      0x114 ./Core/Src/config.o
                0x080007cc                MX_TIM1_Init
 .text.MX_TIM17_Init
                0x080008e0       0xb4 ./Core/Src/config.o
                0x080008e0                MX_TIM17_Init
 .text.MX_GPIO_Init
                0x08000994       0xe0 ./Core/Src/config.o
                0x08000994                MX_GPIO_Init
 .text.Error_Handler
                0x08000a74        0x4 ./Core/Src/config.o
                0x08000a74                Error_Handler
 .text.System_Init
                0x08000a78      0x188 ./Core/Src/config.o
                0x08000a78                System_Init
 .text.TIM16_callback
                0x08000c00      0x264 ./Core/Src/custom_callbacks.o
                0x08000c00                TIM16_callback
 .text.ADC_DMA_conversion_complete_callback
                0x08000e64       0xfc ./Core/Src/custom_callbacks.o
                0x08000e64                ADC_DMA_conversion_complete_callback
 .text.TIM2_ch1_IP_capture_callback
                0x08000f60      0x5c0 ./Core/Src/custom_callbacks.o
                0x08000f60                TIM2_ch1_IP_capture_callback
 .text.TIM2_ch1_overflow_callback
                0x08001520       0x24 ./Core/Src/custom_callbacks.o
                0x08001520                TIM2_ch1_overflow_callback
 .text.TIM3_ch1_IP_capture_measurement_reelapse_callback
                0x08001544       0xb8 ./Core/Src/custom_callbacks.o
                0x08001544                TIM3_ch1_IP_capture_measurement_reelapse_callback
 .text.UART2_TX_transfer_complete_callback
                0x080015fc        0xc ./Core/Src/custom_callbacks.o
                0x080015fc                UART2_TX_transfer_complete_callback
 .text.UART2_RX_transfer_complete_callback
                0x08001608       0x40 ./Core/Src/custom_callbacks.o
                0x08001608                UART2_RX_transfer_complete_callback
 .text.LPTIM1_callback
                0x08001648       0x64 ./Core/Src/custom_callbacks.o
                0x08001648                LPTIM1_callback
 .text.TIM17_callback_speed_pot_check
                0x080016ac       0x24 ./Core/Src/custom_callbacks.o
                0x080016ac                TIM17_callback_speed_pot_check
 .text.startup.main
                0x080016d0       0x2c ./Core/Src/main.o
                0x080016d0                main
 .text.HAL_MspInit
                0x080016fc       0x30 ./Core/Src/stm32g0xx_hal_msp.o
                0x080016fc                HAL_MspInit
 .text.HAL_ADC_MspInit
                0x0800172c       0xa0 ./Core/Src/stm32g0xx_hal_msp.o
                0x0800172c                HAL_ADC_MspInit
 .text.HAL_LPTIM_MspInit
                0x080017cc       0x8c ./Core/Src/stm32g0xx_hal_msp.o
                0x080017cc                HAL_LPTIM_MspInit
 .text.HAL_TIM_Base_MspInit
                0x08001858      0x13c ./Core/Src/stm32g0xx_hal_msp.o
                0x08001858                HAL_TIM_Base_MspInit
 .text.HAL_TIM_MspPostInit
                0x08001994       0x78 ./Core/Src/stm32g0xx_hal_msp.o
                0x08001994                HAL_TIM_MspPostInit
 .text.HAL_UART_MspInit
                0x08001a0c       0xec ./Core/Src/stm32g0xx_hal_msp.o
                0x08001a0c                HAL_UART_MspInit
 .text.NMI_Handler
                0x08001af8        0x4 ./Core/Src/stm32g0xx_it.o
                0x08001af8                NMI_Handler
 .text.HardFault_Handler
                0x08001afc        0x4 ./Core/Src/stm32g0xx_it.o
                0x08001afc                HardFault_Handler
 .text.SVC_Handler
                0x08001b00        0x4 ./Core/Src/stm32g0xx_it.o
                0x08001b00                SVC_Handler
 .text.PendSV_Handler
                0x08001b04        0x4 ./Core/Src/stm32g0xx_it.o
                0x08001b04                PendSV_Handler
 .text.SysTick_Handler
                0x08001b08        0x8 ./Core/Src/stm32g0xx_it.o
                0x08001b08                SysTick_Handler
 .text.EXTI4_15_IRQHandler
                0x08001b10        0x4 ./Core/Src/stm32g0xx_it.o
                0x08001b10                EXTI4_15_IRQHandler
 .text.DMA1_Channel1_IRQHandler
                0x08001b14       0x10 ./Core/Src/stm32g0xx_it.o
                0x08001b14                DMA1_Channel1_IRQHandler
 .text.DMA1_Channel2_3_IRQHandler
                0x08001b24       0x18 ./Core/Src/stm32g0xx_it.o
                0x08001b24                DMA1_Channel2_3_IRQHandler
 .text.TIM2_IRQHandler
                0x08001b3c       0x10 ./Core/Src/stm32g0xx_it.o
                0x08001b3c                TIM2_IRQHandler
 .text.TIM3_IRQHandler
                0x08001b4c       0x10 ./Core/Src/stm32g0xx_it.o
                0x08001b4c                TIM3_IRQHandler
 .text.TIM16_IRQHandler
                0x08001b5c       0x10 ./Core/Src/stm32g0xx_it.o
                0x08001b5c                TIM16_IRQHandler
 .text.TIM17_IRQHandler
                0x08001b6c       0x10 ./Core/Src/stm32g0xx_it.o
                0x08001b6c                TIM17_IRQHandler
 .text.USART2_IRQHandler
                0x08001b7c       0x10 ./Core/Src/stm32g0xx_it.o
                0x08001b7c                USART2_IRQHandler
 .text.LPTIM1_IRQHandler
                0x08001b8c       0x10 ./Core/Src/stm32g0xx_it.o
                0x08001b8c                LPTIM1_IRQHandler
 .text.Global_Interrupt_Enable
                0x08001b9c        0x8 ./Core/Src/system.o
                0x08001b9c                Global_Interrupt_Enable
 .text.Startup  0x08001ba4       0x78 ./Core/Src/system.o
                0x08001ba4                Startup
 .text.Start_PWM_Gen_Timer_Main_and_Secondary_Oscillators
                0x08001c1c       0x38 ./Core/Src/system.o
                0x08001c1c                Start_PWM_Gen_Timer_Main_and_Secondary_Oscillators
 .text.Start_Freq_Gen_Timer
                0x08001c54       0x20 ./Core/Src/system.o
                0x08001c54                Start_Freq_Gen_Timer
 .text.Start_OC_TIM
                0x08001c74       0x14 ./Core/Src/system.o
                0x08001c74                Start_OC_TIM
 .text.Stop_OC_TIM
                0x08001c88       0x14 ./Core/Src/system.o
                0x08001c88                Stop_OC_TIM
 .text.Start_Input_Capture_Timer
                0x08001c9c       0x30 ./Core/Src/system.o
                0x08001c9c                Start_Input_Capture_Timer
 .text.Process_TIM16_Raw_Start_Value_and_Raw_Prescaler
                0x08001ccc       0x30 ./Core/Src/system.o
                0x08001ccc                Process_TIM16_Raw_Start_Value_and_Raw_Prescaler
 .text.Process_TIM16_Final_Start_Value_and_Final_Prescaler
                0x08001cfc      0x434 ./Core/Src/system.o
                0x08001cfc                Process_TIM16_Final_Start_Value_and_Final_Prescaler
 .text.unsigned_bitwise_modulo
                0x08002130        0xc ./Core/Src/system.o
                0x08002130                unsigned_bitwise_modulo
 .text.Speed_pot_check
                0x0800213c       0x80 ./Core/Src/system.o
                0x0800213c                Speed_pot_check
 .text.Check_Tap_Tempo_Switch_State
                0x080021bc       0x64 ./Core/Src/system.o
                0x080021bc                Check_Tap_Tempo_Switch_State
 .text.Start_Tap_Tempo_Monitoring_Timers_and_UART_Receive
                0x08002220       0x44 ./Core/Src/system.o
                0x08002220                Start_Tap_Tempo_Monitoring_Timers_and_UART_Receive
 .text.SystemInit
                0x08002264        0x4 ./Core/Src/system_stm32g0xx.o
                0x08002264                SystemInit
 .text.Reset_Handler
                0x08002268       0x50 ./Core/Startup/startup_stm32g031k8tx.o
                0x08002268                Reset_Handler
 .text.Default_Handler
                0x080022b8        0x2 ./Core/Startup/startup_stm32g031k8tx.o
                0x080022b8                TIM1_CC_IRQHandler
                0x080022b8                PVD_IRQHandler
                0x080022b8                I2C1_IRQHandler
                0x080022b8                LPTIM2_IRQHandler
                0x080022b8                RTC_TAMP_IRQHandler
                0x080022b8                SPI1_IRQHandler
                0x080022b8                DMA1_Ch4_5_DMAMUX1_OVR_IRQHandler
                0x080022b8                EXTI2_3_IRQHandler
                0x080022b8                ADC1_IRQHandler
                0x080022b8                I2C2_IRQHandler
                0x080022b8                RCC_IRQHandler
                0x080022b8                Default_Handler
                0x080022b8                TIM14_IRQHandler
                0x080022b8                EXTI0_1_IRQHandler
                0x080022b8                SPI2_IRQHandler
                0x080022b8                WWDG_IRQHandler
                0x080022b8                LPUART1_IRQHandler
                0x080022b8                FLASH_IRQHandler
                0x080022b8                USART1_IRQHandler
                0x080022b8                TIM1_BRK_UP_TRG_COM_IRQHandler
 *fill*         0x080022ba        0x2 
 .text.HAL_InitTick
                0x080022bc       0x4c ./Drivers/STM32G0xx_HAL_Driver/Src/stm32g0xx_hal.o
                0x080022bc                HAL_InitTick
 .text.HAL_Init
                0x08002308       0x28 ./Drivers/STM32G0xx_HAL_Driver/Src/stm32g0xx_hal.o
                0x08002308                HAL_Init
 .text.HAL_IncTick
                0x08002330       0x18 ./Drivers/STM32G0xx_HAL_Driver/Src/stm32g0xx_hal.o
                0x08002330                HAL_IncTick
 .text.HAL_GetTick
                0x08002348        0xc ./Drivers/STM32G0xx_HAL_Driver/Src/stm32g0xx_hal.o
                0x08002348                HAL_GetTick
 .text.ADC_DMAConvCplt
                0x08002354       0x80 ./Drivers/STM32G0xx_HAL_Driver/Src/stm32g0xx_hal_adc.o
 .text.ADC_DMAHalfConvCplt
                0x080023d4        0xc ./Drivers/STM32G0xx_HAL_Driver/Src/stm32g0xx_hal_adc.o
 .text.ADC_DMAError
                0x080023e0       0x1c ./Drivers/STM32G0xx_HAL_Driver/Src/stm32g0xx_hal_adc.o
 .text.HAL_ADC_ErrorCallback
                0x080023fc        0x4 ./Drivers/STM32G0xx_HAL_Driver/Src/stm32g0xx_hal_adc.o
                0x080023fc                HAL_ADC_ErrorCallback
 .text.HAL_ADC_ConvCpltCallback
                0x08002400        0x4 ./Drivers/STM32G0xx_HAL_Driver/Src/stm32g0xx_hal_adc.o
                0x08002400                HAL_ADC_ConvCpltCallback
 .text.HAL_ADC_ConvHalfCpltCallback
                0x08002404        0x4 ./Drivers/STM32G0xx_HAL_Driver/Src/stm32g0xx_hal_adc.o
                0x08002404                HAL_ADC_ConvHalfCpltCallback
 .text.HAL_ADC_LevelOutOfWindowCallback
                0x08002408        0x4 ./Drivers/STM32G0xx_HAL_Driver/Src/stm32g0xx_hal_adc.o
                0x08002408                HAL_ADC_LevelOutOfWindowCallback
 .text.HAL_ADC_Init
                0x0800240c      0x284 ./Drivers/STM32G0xx_HAL_Driver/Src/stm32g0xx_hal_adc.o
                0x0800240c                HAL_ADC_Init
 .text.HAL_ADC_RegisterCallback
                0x08002690       0x70 ./Drivers/STM32G0xx_HAL_Driver/Src/stm32g0xx_hal_adc.o
                0x08002690                HAL_ADC_RegisterCallback
 .text.HAL_ADC_ConfigChannel
                0x08002700      0x284 ./Drivers/STM32G0xx_HAL_Driver/Src/stm32g0xx_hal_adc.o
                0x08002700                HAL_ADC_ConfigChannel
 .text.ADC_ConversionStop
                0x08002984       0x74 ./Drivers/STM32G0xx_HAL_Driver/Src/stm32g0xx_hal_adc.o
                0x08002984                ADC_ConversionStop
 .text.ADC_Enable
                0x080029f8       0xcc ./Drivers/STM32G0xx_HAL_Driver/Src/stm32g0xx_hal_adc.o
                0x080029f8                ADC_Enable
 .text.HAL_ADC_Start_DMA
                0x08002ac4       0xb4 ./Drivers/STM32G0xx_HAL_Driver/Src/stm32g0xx_hal_adc.o
                0x08002ac4                HAL_ADC_Start_DMA
 .text.ADC_Disable
                0x08002b78       0x88 ./Drivers/STM32G0xx_HAL_Driver/Src/stm32g0xx_hal_adc.o
                0x08002b78                ADC_Disable
 .text.HAL_ADC_Stop_DMA
                0x08002c00       0x8c ./Drivers/STM32G0xx_HAL_Driver/Src/stm32g0xx_hal_adc.o
                0x08002c00                HAL_ADC_Stop_DMA
 .text.HAL_ADCEx_Calibration_Start
                0x08002c8c      0x19c ./Drivers/STM32G0xx_HAL_Driver/Src/stm32g0xx_hal_adc_ex.o
                0x08002c8c                HAL_ADCEx_Calibration_Start
 .text.HAL_ADCEx_LevelOutOfWindow2Callback
                0x08002e28        0x4 ./Drivers/STM32G0xx_HAL_Driver/Src/stm32g0xx_hal_adc_ex.o
                0x08002e28                HAL_ADCEx_LevelOutOfWindow2Callback
 .text.HAL_ADCEx_LevelOutOfWindow3Callback
                0x08002e2c        0x4 ./Drivers/STM32G0xx_HAL_Driver/Src/stm32g0xx_hal_adc_ex.o
                0x08002e2c                HAL_ADCEx_LevelOutOfWindow3Callback
 .text.HAL_ADCEx_EndOfSamplingCallback
                0x08002e30        0x4 ./Drivers/STM32G0xx_HAL_Driver/Src/stm32g0xx_hal_adc_ex.o
                0x08002e30                HAL_ADCEx_EndOfSamplingCallback
 .text.HAL_NVIC_SetPriority
                0x08002e34       0x54 ./Drivers/STM32G0xx_HAL_Driver/Src/stm32g0xx_hal_cortex.o
                0x08002e34                HAL_NVIC_SetPriority
 .text.HAL_NVIC_EnableIRQ
                0x08002e88       0x18 ./Drivers/STM32G0xx_HAL_Driver/Src/stm32g0xx_hal_cortex.o
                0x08002e88                HAL_NVIC_EnableIRQ
 .text.HAL_SYSTICK_Config
                0x08002ea0       0x34 ./Drivers/STM32G0xx_HAL_Driver/Src/stm32g0xx_hal_cortex.o
                0x08002ea0                HAL_SYSTICK_Config
 .text.HAL_DMA_Init
                0x08002ed4       0xec ./Drivers/STM32G0xx_HAL_Driver/Src/stm32g0xx_hal_dma.o
                0x08002ed4                HAL_DMA_Init
 .text.HAL_DMA_Start_IT
                0x08002fc0       0xd0 ./Drivers/STM32G0xx_HAL_Driver/Src/stm32g0xx_hal_dma.o
                0x08002fc0                HAL_DMA_Start_IT
 .text.HAL_DMA_Abort
                0x08003090       0x78 ./Drivers/STM32G0xx_HAL_Driver/Src/stm32g0xx_hal_dma.o
                0x08003090                HAL_DMA_Abort
 .text.HAL_DMA_Abort_IT
                0x08003108       0x78 ./Drivers/STM32G0xx_HAL_Driver/Src/stm32g0xx_hal_dma.o
                0x08003108                HAL_DMA_Abort_IT
 .text.HAL_DMA_IRQHandler
                0x08003180       0xb8 ./Drivers/STM32G0xx_HAL_Driver/Src/stm32g0xx_hal_dma.o
                0x08003180                HAL_DMA_IRQHandler
 .text.HAL_GPIO_Init
                0x08003238      0x1e4 ./Drivers/STM32G0xx_HAL_Driver/Src/stm32g0xx_hal_gpio.o
                0x08003238                HAL_GPIO_Init
 .text.HAL_GPIO_ReadPin
                0x0800341c        0xc ./Drivers/STM32G0xx_HAL_Driver/Src/stm32g0xx_hal_gpio.o
                0x0800341c                HAL_GPIO_ReadPin
 .text.HAL_GPIO_WritePin
                0x08003428        0xc ./Drivers/STM32G0xx_HAL_Driver/Src/stm32g0xx_hal_gpio.o
                0x08003428                HAL_GPIO_WritePin
 .text.HAL_LPTIM_DirectionDownCallback
                0x08003434        0x4 ./Drivers/STM32G0xx_HAL_Driver/Src/stm32g0xx_hal_lptim.o
                0x08003434                HAL_LPTIM_DirectionDownCallback
 .text.HAL_LPTIM_CompareMatchCallback
                0x08003438        0x4 ./Drivers/STM32G0xx_HAL_Driver/Src/stm32g0xx_hal_lptim.o
                0x08003438                HAL_LPTIM_CompareMatchCallback
 .text.HAL_LPTIM_AutoReloadMatchCallback
                0x0800343c        0x4 ./Drivers/STM32G0xx_HAL_Driver/Src/stm32g0xx_hal_lptim.o
                0x0800343c                HAL_LPTIM_AutoReloadMatchCallback
 .text.HAL_LPTIM_TriggerCallback
                0x08003440        0x4 ./Drivers/STM32G0xx_HAL_Driver/Src/stm32g0xx_hal_lptim.o
                0x08003440                HAL_LPTIM_TriggerCallback
 .text.HAL_LPTIM_CompareWriteCallback
                0x08003444        0x4 ./Drivers/STM32G0xx_HAL_Driver/Src/stm32g0xx_hal_lptim.o
                0x08003444                HAL_LPTIM_CompareWriteCallback
 .text.HAL_LPTIM_AutoReloadWriteCallback
                0x08003448        0x4 ./Drivers/STM32G0xx_HAL_Driver/Src/stm32g0xx_hal_lptim.o
                0x08003448                HAL_LPTIM_AutoReloadWriteCallback
 .text.HAL_LPTIM_DirectionUpCallback
                0x0800344c        0x4 ./Drivers/STM32G0xx_HAL_Driver/Src/stm32g0xx_hal_lptim.o
                0x0800344c                HAL_LPTIM_DirectionUpCallback
 .text.HAL_LPTIM_Init
                0x08003450      0x108 ./Drivers/STM32G0xx_HAL_Driver/Src/stm32g0xx_hal_lptim.o
                0x08003450                HAL_LPTIM_Init
 .text.HAL_LPTIM_IRQHandler
                0x08003558       0xb8 ./Drivers/STM32G0xx_HAL_Driver/Src/stm32g0xx_hal_lptim.o
                0x08003558                HAL_LPTIM_IRQHandler
 .text.HAL_LPTIM_RegisterCallback
                0x08003610       0x70 ./Drivers/STM32G0xx_HAL_Driver/Src/stm32g0xx_hal_lptim.o
                0x08003610                HAL_LPTIM_RegisterCallback
 .text.LPTIM_Disable
                0x08003680      0x1c8 ./Drivers/STM32G0xx_HAL_Driver/Src/stm32g0xx_hal_lptim.o
                0x08003680                LPTIM_Disable
 .text.HAL_LPTIM_SetOnce_Start_IT
                0x08003848       0xc8 ./Drivers/STM32G0xx_HAL_Driver/Src/stm32g0xx_hal_lptim.o
                0x08003848                HAL_LPTIM_SetOnce_Start_IT
 .text.HAL_PWREx_ControlVoltageScaling
                0x08003910       0x60 ./Drivers/STM32G0xx_HAL_Driver/Src/stm32g0xx_hal_pwr_ex.o
                0x08003910                HAL_PWREx_ControlVoltageScaling
 .text.HAL_RCC_OscConfig
                0x08003970      0x4d0 ./Drivers/STM32G0xx_HAL_Driver/Src/stm32g0xx_hal_rcc.o
                0x08003970                HAL_RCC_OscConfig
 .text.HAL_RCC_GetSysClockFreq
                0x08003e40       0x9c ./Drivers/STM32G0xx_HAL_Driver/Src/stm32g0xx_hal_rcc.o
                0x08003e40                HAL_RCC_GetSysClockFreq
 .text.HAL_RCC_ClockConfig
                0x08003edc      0x190 ./Drivers/STM32G0xx_HAL_Driver/Src/stm32g0xx_hal_rcc.o
                0x08003edc                HAL_RCC_ClockConfig
 .text.HAL_RCC_GetPCLK1Freq
                0x0800406c       0x28 ./Drivers/STM32G0xx_HAL_Driver/Src/stm32g0xx_hal_rcc.o
                0x0800406c                HAL_RCC_GetPCLK1Freq
 .text.HAL_RCCEx_PeriphCLKConfig
                0x08004094      0x1f0 ./Drivers/STM32G0xx_HAL_Driver/Src/stm32g0xx_hal_rcc_ex.o
                0x08004094                HAL_RCCEx_PeriphCLKConfig
 .text.HAL_TIM_OC_MspInit
                0x08004284        0x4 ./Drivers/STM32G0xx_HAL_Driver/Src/stm32g0xx_hal_tim.o
                0x08004284                HAL_TIM_OC_MspInit
 .text.HAL_TIM_PWM_MspInit
                0x08004288        0x4 ./Drivers/STM32G0xx_HAL_Driver/Src/stm32g0xx_hal_tim.o
                0x08004288                HAL_TIM_PWM_MspInit
 .text.HAL_TIM_IC_MspInit
                0x0800428c        0x4 ./Drivers/STM32G0xx_HAL_Driver/Src/stm32g0xx_hal_tim.o
                0x0800428c                HAL_TIM_IC_MspInit
 .text.HAL_TIM_PeriodElapsedCallback
                0x08004290        0x4 ./Drivers/STM32G0xx_HAL_Driver/Src/stm32g0xx_hal_tim.o
                0x08004290                HAL_TIM_PeriodElapsedCallback
 .text.HAL_TIM_PeriodElapsedHalfCpltCallback
                0x08004294        0x4 ./Drivers/STM32G0xx_HAL_Driver/Src/stm32g0xx_hal_tim.o
                0x08004294                HAL_TIM_PeriodElapsedHalfCpltCallback
 .text.HAL_TIM_OC_DelayElapsedCallback
                0x08004298        0x4 ./Drivers/STM32G0xx_HAL_Driver/Src/stm32g0xx_hal_tim.o
                0x08004298                HAL_TIM_OC_DelayElapsedCallback
 .text.HAL_TIM_IC_CaptureCallback
                0x0800429c        0x4 ./Drivers/STM32G0xx_HAL_Driver/Src/stm32g0xx_hal_tim.o
                0x0800429c                HAL_TIM_IC_CaptureCallback
 .text.HAL_TIM_IC_CaptureHalfCpltCallback
                0x080042a0        0x4 ./Drivers/STM32G0xx_HAL_Driver/Src/stm32g0xx_hal_tim.o
                0x080042a0                HAL_TIM_IC_CaptureHalfCpltCallback
 .text.HAL_TIM_PWM_PulseFinishedCallback
                0x080042a4        0x4 ./Drivers/STM32G0xx_HAL_Driver/Src/stm32g0xx_hal_tim.o
                0x080042a4                HAL_TIM_PWM_PulseFinishedCallback
 .text.HAL_TIM_PWM_PulseFinishedHalfCpltCallback
                0x080042a8        0x4 ./Drivers/STM32G0xx_HAL_Driver/Src/stm32g0xx_hal_tim.o
                0x080042a8                HAL_TIM_PWM_PulseFinishedHalfCpltCallback
 .text.HAL_TIM_TriggerCallback
                0x080042ac        0x4 ./Drivers/STM32G0xx_HAL_Driver/Src/stm32g0xx_hal_tim.o
                0x080042ac                HAL_TIM_TriggerCallback
 .text.HAL_TIM_TriggerHalfCpltCallback
                0x080042b0        0x4 ./Drivers/STM32G0xx_HAL_Driver/Src/stm32g0xx_hal_tim.o
                0x080042b0                HAL_TIM_TriggerHalfCpltCallback
 .text.HAL_TIM_ErrorCallback
                0x080042b4        0x4 ./Drivers/STM32G0xx_HAL_Driver/Src/stm32g0xx_hal_tim.o
                0x080042b4                HAL_TIM_ErrorCallback
 .text.HAL_TIM_Base_Init
                0x080042b8      0x190 ./Drivers/STM32G0xx_HAL_Driver/Src/stm32g0xx_hal_tim.o
                0x080042b8                HAL_TIM_Base_Init
 .text.HAL_TIM_Base_Start
                0x08004448       0x5c ./Drivers/STM32G0xx_HAL_Driver/Src/stm32g0xx_hal_tim.o
                0x08004448                HAL_TIM_Base_Start
 .text.HAL_TIM_Base_Start_IT
                0x080044a4       0x64 ./Drivers/STM32G0xx_HAL_Driver/Src/stm32g0xx_hal_tim.o
                0x080044a4                HAL_TIM_Base_Start_IT
 .text.HAL_TIM_OC_Init
                0x08004508      0x190 ./Drivers/STM32G0xx_HAL_Driver/Src/stm32g0xx_hal_tim.o
                0x08004508                HAL_TIM_OC_Init
 .text.HAL_TIM_OC_Start_IT
                0x08004698      0x104 ./Drivers/STM32G0xx_HAL_Driver/Src/stm32g0xx_hal_tim.o
                0x08004698                HAL_TIM_OC_Start_IT
 .text.HAL_TIM_OC_Stop_IT
                0x0800479c      0x100 ./Drivers/STM32G0xx_HAL_Driver/Src/stm32g0xx_hal_tim.o
                0x0800479c                HAL_TIM_OC_Stop_IT
 .text.HAL_TIM_PWM_Init
                0x0800489c      0x190 ./Drivers/STM32G0xx_HAL_Driver/Src/stm32g0xx_hal_tim.o
                0x0800489c                HAL_TIM_PWM_Init
 .text.HAL_TIM_PWM_Start
                0x08004a2c       0xd0 ./Drivers/STM32G0xx_HAL_Driver/Src/stm32g0xx_hal_tim.o
                0x08004a2c                HAL_TIM_PWM_Start
 .text.HAL_TIM_IC_Init
                0x08004afc      0x190 ./Drivers/STM32G0xx_HAL_Driver/Src/stm32g0xx_hal_tim.o
                0x08004afc                HAL_TIM_IC_Init
 .text.HAL_TIM_IC_Start_IT
                0x08004c8c      0x168 ./Drivers/STM32G0xx_HAL_Driver/Src/stm32g0xx_hal_tim.o
                0x08004c8c                HAL_TIM_IC_Start_IT
 .text.HAL_TIM_IRQHandler
                0x08004df4      0x1b4 ./Drivers/STM32G0xx_HAL_Driver/Src/stm32g0xx_hal_tim.o
                0x08004df4                HAL_TIM_IRQHandler
 .text.HAL_TIM_OC_ConfigChannel
                0x08004fa8      0x2a4 ./Drivers/STM32G0xx_HAL_Driver/Src/stm32g0xx_hal_tim.o
                0x08004fa8                HAL_TIM_OC_ConfigChannel
 .text.HAL_TIM_IC_ConfigChannel
                0x0800524c      0x1bc ./Drivers/STM32G0xx_HAL_Driver/Src/stm32g0xx_hal_tim.o
                0x0800524c                HAL_TIM_IC_ConfigChannel
 .text.HAL_TIM_PWM_ConfigChannel
                0x08005408      0x348 ./Drivers/STM32G0xx_HAL_Driver/Src/stm32g0xx_hal_tim.o
                0x08005408                HAL_TIM_PWM_ConfigChannel
 .text.HAL_TIM_ConfigClockSource
                0x08005750      0x170 ./Drivers/STM32G0xx_HAL_Driver/Src/stm32g0xx_hal_tim.o
                0x08005750                HAL_TIM_ConfigClockSource
 .text.HAL_TIM_ReadCapturedValue
                0x080058c0       0x30 ./Drivers/STM32G0xx_HAL_Driver/Src/stm32g0xx_hal_tim.o
                0x080058c0                HAL_TIM_ReadCapturedValue
 .text.HAL_TIM_RegisterCallback
                0x080058f0      0x104 ./Drivers/STM32G0xx_HAL_Driver/Src/stm32g0xx_hal_tim.o
                0x080058f0                HAL_TIM_RegisterCallback
 .text.HAL_TIMEx_MasterConfigSynchronization
                0x080059f4       0x70 ./Drivers/STM32G0xx_HAL_Driver/Src/stm32g0xx_hal_tim_ex.o
                0x080059f4                HAL_TIMEx_MasterConfigSynchronization
 .text.HAL_TIMEx_ConfigBreakDeadTime
                0x08005a64       0xc0 ./Drivers/STM32G0xx_HAL_Driver/Src/stm32g0xx_hal_tim_ex.o
                0x08005a64                HAL_TIMEx_ConfigBreakDeadTime
 .text.HAL_TIMEx_CommutCallback
                0x08005b24        0x4 ./Drivers/STM32G0xx_HAL_Driver/Src/stm32g0xx_hal_tim_ex.o
                0x08005b24                HAL_TIMEx_CommutCallback
 .text.HAL_TIMEx_CommutHalfCpltCallback
                0x08005b28        0x4 ./Drivers/STM32G0xx_HAL_Driver/Src/stm32g0xx_hal_tim_ex.o
                0x08005b28                HAL_TIMEx_CommutHalfCpltCallback
 .text.HAL_TIMEx_BreakCallback
                0x08005b2c        0x4 ./Drivers/STM32G0xx_HAL_Driver/Src/stm32g0xx_hal_tim_ex.o
                0x08005b2c                HAL_TIMEx_BreakCallback
 .text.HAL_TIMEx_Break2Callback
                0x08005b30        0x4 ./Drivers/STM32G0xx_HAL_Driver/Src/stm32g0xx_hal_tim_ex.o
                0x08005b30                HAL_TIMEx_Break2Callback
 .text.HAL_UARTEx_RxEventCallback
                0x08005b34        0x4 ./Drivers/STM32G0xx_HAL_Driver/Src/stm32g0xx_hal_uart.o
                0x08005b34                HAL_UARTEx_RxEventCallback
 .text.UART_DMAReceiveCplt
                0x08005b38       0xa0 ./Drivers/STM32G0xx_HAL_Driver/Src/stm32g0xx_hal_uart.o
 .text.UART_DMARxHalfCplt
                0x08005bd8       0x24 ./Drivers/STM32G0xx_HAL_Driver/Src/stm32g0xx_hal_uart.o
 .text.UART_DMAAbortOnError
                0x08005bfc       0x18 ./Drivers/STM32G0xx_HAL_Driver/Src/stm32g0xx_hal_uart.o
 .text.HAL_UART_AbortReceiveCpltCallback
                0x08005c14        0x4 ./Drivers/STM32G0xx_HAL_Driver/Src/stm32g0xx_hal_uart.o
                0x08005c14                HAL_UART_AbortReceiveCpltCallback
 .text.HAL_UART_TxCpltCallback
                0x08005c18        0x4 ./Drivers/STM32G0xx_HAL_Driver/Src/stm32g0xx_hal_uart.o
                0x08005c18                HAL_UART_TxCpltCallback
 .text.HAL_UART_TxHalfCpltCallback
                0x08005c1c        0x4 ./Drivers/STM32G0xx_HAL_Driver/Src/stm32g0xx_hal_uart.o
                0x08005c1c                HAL_UART_TxHalfCpltCallback
 .text.HAL_UART_RxCpltCallback
                0x08005c20        0x4 ./Drivers/STM32G0xx_HAL_Driver/Src/stm32g0xx_hal_uart.o
                0x08005c20                HAL_UART_RxCpltCallback
 .text.HAL_UART_RxHalfCpltCallback
                0x08005c24        0x4 ./Drivers/STM32G0xx_HAL_Driver/Src/stm32g0xx_hal_uart.o
                0x08005c24                HAL_UART_RxHalfCpltCallback
 .text.HAL_UART_ErrorCallback
                0x08005c28        0x4 ./Drivers/STM32G0xx_HAL_Driver/Src/stm32g0xx_hal_uart.o
                0x08005c28                HAL_UART_ErrorCallback
 .text.HAL_UART_AbortCpltCallback
                0x08005c2c        0x4 ./Drivers/STM32G0xx_HAL_Driver/Src/stm32g0xx_hal_uart.o
                0x08005c2c                HAL_UART_AbortCpltCallback
 .text.HAL_UART_AbortTransmitCpltCallback
                0x08005c30        0x4 ./Drivers/STM32G0xx_HAL_Driver/Src/stm32g0xx_hal_uart.o
                0x08005c30                HAL_UART_AbortTransmitCpltCallback
 .text.UART_DMAError
                0x08005c34       0xdc ./Drivers/STM32G0xx_HAL_Driver/Src/stm32g0xx_hal_uart.o
 .text.HAL_UART_RegisterCallback
                0x08005d10       0xa4 ./Drivers/STM32G0xx_HAL_Driver/Src/stm32g0xx_hal_uart.o
                0x08005d10                HAL_UART_RegisterCallback
 .text.HAL_UART_Receive_DMA
                0x08005db4      0x100 ./Drivers/STM32G0xx_HAL_Driver/Src/stm32g0xx_hal_uart.o
                0x08005db4                HAL_UART_Receive_DMA
 .text.HAL_UART_IRQHandler
                0x08005eb4      0x3cc ./Drivers/STM32G0xx_HAL_Driver/Src/stm32g0xx_hal_uart.o
                0x08005eb4                HAL_UART_IRQHandler
 .text.UART_AdvFeatureConfig
                0x08006280       0xd0 ./Drivers/STM32G0xx_HAL_Driver/Src/stm32g0xx_hal_uart.o
                0x08006280                UART_AdvFeatureConfig
 .text.UART_CheckIdleState
                0x08006350      0x2ac ./Drivers/STM32G0xx_HAL_Driver/Src/stm32g0xx_hal_uart.o
                0x08006350                UART_CheckIdleState
 .text.HAL_UART_Init
                0x080065fc      0x324 ./Drivers/STM32G0xx_HAL_Driver/Src/stm32g0xx_hal_uart.o
                0x080065fc                HAL_UART_Init
 .text.HAL_UARTEx_WakeupCallback
                0x08006920        0x4 ./Drivers/STM32G0xx_HAL_Driver/Src/stm32g0xx_hal_uart_ex.o
                0x08006920                HAL_UARTEx_WakeupCallback
 .text.HAL_UARTEx_RxFifoFullCallback
                0x08006924        0x4 ./Drivers/STM32G0xx_HAL_Driver/Src/stm32g0xx_hal_uart_ex.o
                0x08006924                HAL_UARTEx_RxFifoFullCallback
 .text.HAL_UARTEx_TxFifoEmptyCallback
                0x08006928        0x4 ./Drivers/STM32G0xx_HAL_Driver/Src/stm32g0xx_hal_uart_ex.o
                0x08006928                HAL_UARTEx_TxFifoEmptyCallback
 .text.memset   0x0800692c       0x10 C:/ST/STM32CubeIDE_1.16.1/STM32CubeIDE/plugins/com.st.stm32cube.ide.mcu.externaltools.gnu-tools-for-stm32.12.3.rel1.win32_1.1.0.202410251130/tools/bin/../lib/gcc/arm-none-eabi/12.3.1/../../../../arm-none-eabi/lib/thumb/v6-m/nofp\libc_nano.a(libc_a-memset.o)
                0x0800692c                memset
 .text.__libc_init_array
                0x0800693c       0x48 C:/ST/STM32CubeIDE_1.16.1/STM32CubeIDE/plugins/com.st.stm32cube.ide.mcu.externaltools.gnu-tools-for-stm32.12.3.rel1.win32_1.1.0.202410251130/tools/bin/../lib/gcc/arm-none-eabi/12.3.1/../../../../arm-none-eabi/lib/thumb/v6-m/nofp\libc_nano.a(libc_a-init.o)
                0x0800693c                __libc_init_array
 *(.glue_7)
 .glue_7        0x08006984        0x0 linker stubs
 *(.glue_7t)
 .glue_7t       0x08006984        0x0 linker stubs
 *(.eh_frame)
 .eh_frame      0x08006984        0x0 C:/ST/STM32CubeIDE_1.16.1/STM32CubeIDE/plugins/com.st.stm32cube.ide.mcu.externaltools.gnu-tools-for-stm32.12.3.rel1.win32_1.1.0.202410251130/tools/bin/../lib/gcc/arm-none-eabi/12.3.1/thumb/v6-m/nofp/crtbegin.o
 *(.init)
 .init          0x08006984        0x4 C:/ST/STM32CubeIDE_1.16.1/STM32CubeIDE/plugins/com.st.stm32cube.ide.mcu.externaltools.gnu-tools-for-stm32.12.3.rel1.win32_1.1.0.202410251130/tools/bin/../lib/gcc/arm-none-eabi/12.3.1/thumb/v6-m/nofp/crti.o
                0x08006984                _init
 .init          0x08006988        0x8 C:/ST/STM32CubeIDE_1.16.1/STM32CubeIDE/plugins/com.st.stm32cube.ide.mcu.externaltools.gnu-tools-for-stm32.12.3.rel1.win32_1.1.0.202410251130/tools/bin/../lib/gcc/arm-none-eabi/12.3.1/thumb/v6-m/nofp/crtn.o
 *(.fini)
 .fini          0x08006990        0x4 C:/ST/STM32CubeIDE_1.16.1/STM32CubeIDE/plugins/com.st.stm32cube.ide.mcu.externaltools.gnu-tools-for-stm32.12.3.rel1.win32_1.1.0.202410251130/tools/bin/../lib/gcc/arm-none-eabi/12.3.1/thumb/v6-m/nofp/crti.o
                0x08006990                _fini
 .fini          0x08006994        0x8 C:/ST/STM32CubeIDE_1.16.1/STM32CubeIDE/plugins/com.st.stm32cube.ide.mcu.externaltools.gnu-tools-for-stm32.12.3.rel1.win32_1.1.0.202410251130/tools/bin/../lib/gcc/arm-none-eabi/12.3.1/thumb/v6-m/nofp/crtn.o
                0x0800699c                        . = ALIGN (0x4)
                0x0800699c                        _etext = .

.vfp11_veneer   0x0800699c        0x0
 .vfp11_veneer  0x0800699c        0x0 linker stubs

.v4_bx          0x0800699c        0x0
 .v4_bx         0x0800699c        0x0 linker stubs

.iplt           0x0800699c        0x0
 .iplt          0x0800699c        0x0 C:/ST/STM32CubeIDE_1.16.1/STM32CubeIDE/plugins/com.st.stm32cube.ide.mcu.externaltools.gnu-tools-for-stm32.12.3.rel1.win32_1.1.0.202410251130/tools/bin/../lib/gcc/arm-none-eabi/12.3.1/thumb/v6-m/nofp/crtbegin.o

.rodata         0x0800699c      0xb50
                0x0800699c                        . = ALIGN (0x4)
 *(.rodata)
 *(.rodata*)
 .rodata.num_ADC_conversions
                0x0800699c        0x1 ./Core/Src/system.o
                0x0800699c                num_ADC_conversions
 *fill*         0x0800699d        0x3 
 .rodata.tri_wavetable
                0x080069a0      0x400 ./Core/Src/system.o
                0x080069a0                tri_wavetable
 .rodata.sine_wavetable
                0x08006da0      0x400 ./Core/Src/system.o
                0x08006da0                sine_wavetable
 .rodata.APBPrescTable
                0x080071a0       0x20 ./Core/Src/system_stm32g0xx.o
                0x080071a0                APBPrescTable
 .rodata.AHBPrescTable
                0x080071c0       0x40 ./Core/Src/system_stm32g0xx.o
                0x080071c0                AHBPrescTable
 .rodata.HAL_ADC_RegisterCallback
                0x08007200       0x2c ./Drivers/STM32G0xx_HAL_Driver/Src/stm32g0xx_hal_adc.o
 .rodata.HAL_LPTIM_RegisterCallback
                0x0800722c       0x24 ./Drivers/STM32G0xx_HAL_Driver/Src/stm32g0xx_hal_lptim.o
 .rodata.HAL_TIM_OC_Start_IT
                0x08007250       0x44 ./Drivers/STM32G0xx_HAL_Driver/Src/stm32g0xx_hal_tim.o
 .rodata.HAL_TIM_PWM_Start
                0x08007294       0x44 ./Drivers/STM32G0xx_HAL_Driver/Src/stm32g0xx_hal_tim.o
 .rodata.HAL_TIM_IC_Start_IT
                0x080072d8       0x78 ./Drivers/STM32G0xx_HAL_Driver/Src/stm32g0xx_hal_tim.o
 .rodata.HAL_TIM_OC_ConfigChannel
                0x08007350       0x54 ./Drivers/STM32G0xx_HAL_Driver/Src/stm32g0xx_hal_tim.o
 .rodata.HAL_TIM_PWM_ConfigChannel
                0x080073a4       0x54 ./Drivers/STM32G0xx_HAL_Driver/Src/stm32g0xx_hal_tim.o
 .rodata.HAL_TIM_RegisterCallback
                0x080073f8       0xa8 ./Drivers/STM32G0xx_HAL_Driver/Src/stm32g0xx_hal_tim.o
 .rodata.HAL_UART_RegisterCallback
                0x080074a0       0x34 ./Drivers/STM32G0xx_HAL_Driver/Src/stm32g0xx_hal_uart.o
 .rodata.UARTPrescTable
                0x080074d4       0x18 ./Drivers/STM32G0xx_HAL_Driver/Src/stm32g0xx_hal_uart.o
                0x080074d4                UARTPrescTable
                0x080074ec                        . = ALIGN (0x4)

.ARM.extab      0x080074ec        0x0
                0x080074ec                        . = ALIGN (0x4)
 *(.ARM.extab* .gnu.linkonce.armextab.*)
                0x080074ec                        . = ALIGN (0x4)

.ARM            0x080074ec        0x8
                0x080074ec                        . = ALIGN (0x4)
                0x080074ec                        __exidx_start = .
 *(.ARM.exidx*)
 .ARM.exidx     0x080074ec        0x8 C:/ST/STM32CubeIDE_1.16.1/STM32CubeIDE/plugins/com.st.stm32cube.ide.mcu.externaltools.gnu-tools-for-stm32.12.3.rel1.win32_1.1.0.202410251130/tools/bin/../lib/gcc/arm-none-eabi/12.3.1/thumb/v6-m/nofp\libgcc.a(_udivmoddi4.o)
                0x080074f4                        __exidx_end = .
                0x080074f4                        . = ALIGN (0x4)

.preinit_array  0x080074f4        0x0
                0x080074f4                        . = ALIGN (0x4)
                0x080074f4                        PROVIDE (__preinit_array_start = .)
 *(.preinit_array*)
                0x080074f4                        PROVIDE (__preinit_array_end = .)
                0x080074f4                        . = ALIGN (0x4)

.init_array     0x080074f4        0x4
                0x080074f4                        . = ALIGN (0x4)
                0x080074f4                        PROVIDE (__init_array_start = .)
 *(SORT_BY_NAME(.init_array.*))
 *(.init_array*)
 .init_array    0x080074f4        0x4 C:/ST/STM32CubeIDE_1.16.1/STM32CubeIDE/plugins/com.st.stm32cube.ide.mcu.externaltools.gnu-tools-for-stm32.12.3.rel1.win32_1.1.0.202410251130/tools/bin/../lib/gcc/arm-none-eabi/12.3.1/thumb/v6-m/nofp/crtbegin.o
                0x080074f8                        PROVIDE (__init_array_end = .)
                0x080074f8                        . = ALIGN (0x4)

.fini_array     0x080074f8        0x4
                0x080074f8                        . = ALIGN (0x4)
                [!provide]                        PROVIDE (__fini_array_start = .)
 *(SORT_BY_NAME(.fini_array.*))
 *(.fini_array*)
 .fini_array    0x080074f8        0x4 C:/ST/STM32CubeIDE_1.16.1/STM32CubeIDE/plugins/com.st.stm32cube.ide.mcu.externaltools.gnu-tools-for-stm32.12.3.rel1.win32_1.1.0.202410251130/tools/bin/../lib/gcc/arm-none-eabi/12.3.1/thumb/v6-m/nofp/crtbegin.o
                [!provide]                        PROVIDE (__fini_array_end = .)
                0x080074fc                        . = ALIGN (0x4)
                0x080074fc                        _sidata = LOADADDR (.data)

.rel.dyn        0x080074fc        0x0
 .rel.iplt      0x080074fc        0x0 C:/ST/STM32CubeIDE_1.16.1/STM32CubeIDE/plugins/com.st.stm32cube.ide.mcu.externaltools.gnu-tools-for-stm32.12.3.rel1.win32_1.1.0.202410251130/tools/bin/../lib/gcc/arm-none-eabi/12.3.1/thumb/v6-m/nofp/crtbegin.o

.data           0x20000000       0x14 load address 0x080074fc
                0x20000000                        . = ALIGN (0x4)
                0x20000000                        _sdata = .
 *(.data)
 *(.data*)
 .data.tap_tempo_switch_state_counter
                0x20000000        0x1 ./Core/Src/system.o
                0x20000000                tap_tempo_switch_state_counter
 .data.UART_DMA_TX_is_complete
                0x20000001        0x1 ./Core/Src/system.o
                0x20000001                UART_DMA_TX_is_complete
 .data.duty_delay_line_finish_offset
                0x20000002        0x2 ./Core/Src/system.o
                0x20000002                duty_delay_line_finish_offset
 .data.duty_delay_line_start_offset
                0x20000004        0x2 ./Core/Src/system.o
                0x20000004                duty_delay_line_start_offset
 *fill*         0x20000006        0x2 
 .data.SystemCoreClock
                0x20000008        0x4 ./Core/Src/system_stm32g0xx.o
                0x20000008                SystemCoreClock
 .data.uwTickFreq
                0x2000000c        0x1 ./Drivers/STM32G0xx_HAL_Driver/Src/stm32g0xx_hal.o
                0x2000000c                uwTickFreq
 *fill*         0x2000000d        0x3 
 .data.uwTickPrio
                0x20000010        0x4 ./Drivers/STM32G0xx_HAL_Driver/Src/stm32g0xx_hal.o
                0x20000010                uwTickPrio
 *(.RamFunc)
 *(.RamFunc*)
                0x20000014                        . = ALIGN (0x4)
                0x20000014                        _edata = .

.igot.plt       0x20000014        0x0 load address 0x08007510
 .igot.plt      0x20000014        0x0 C:/ST/STM32CubeIDE_1.16.1/STM32CubeIDE/plugins/com.st.stm32cube.ide.mcu.externaltools.gnu-tools-for-stm32.12.3.rel1.win32_1.1.0.202410251130/tools/bin/../lib/gcc/arm-none-eabi/12.3.1/thumb/v6-m/nofp/crtbegin.o
                0x20000014                        . = ALIGN (0x4)

.bss            0x20000018      0xaec load address 0x08007510
                0x20000018                        _sbss = .
                0x20000018                        __bss_start__ = _sbss
 *(.bss)
 .bss           0x20000018       0x1c C:/ST/STM32CubeIDE_1.16.1/STM32CubeIDE/plugins/com.st.stm32cube.ide.mcu.externaltools.gnu-tools-for-stm32.12.3.rel1.win32_1.1.0.202410251130/tools/bin/../lib/gcc/arm-none-eabi/12.3.1/thumb/v6-m/nofp/crtbegin.o
 *(.bss*)
 *fill*         0x20000034        0x4 
 .bss.hlptim1   0x20000038       0x5c ./Core/Src/config.o
                0x20000038                hlptim1
 .bss.hdma_usart2_tx
                0x20000094       0x5c ./Core/Src/config.o
                0x20000094                hdma_usart2_tx
 .bss.hdma_usart2_rx
                0x200000f0       0x5c ./Core/Src/config.o
                0x200000f0                hdma_usart2_rx
 .bss.huart2    0x2000014c       0xcc ./Core/Src/config.o
                0x2000014c                huart2
 .bss.htim17    0x20000218       0xbc ./Core/Src/config.o
                0x20000218                htim17
 .bss.htim1     0x200002d4       0xbc ./Core/Src/config.o
                0x200002d4                htim1
 .bss.htim3     0x20000390       0xbc ./Core/Src/config.o
                0x20000390                htim3
 .bss.htim2     0x2000044c       0xbc ./Core/Src/config.o
                0x2000044c                htim2
 .bss.htim16    0x20000508       0xbc ./Core/Src/config.o
                0x20000508                htim16
 .bss.hdma_adc1
                0x200005c4       0x5c ./Core/Src/config.o
                0x200005c4                hdma_adc1
 .bss.hadc1     0x20000620       0x88 ./Core/Src/config.o
                0x20000620                hadc1
 .bss.rx_buffer
                0x200006a8        0x1 ./Core/Src/main.o
                0x200006a8                rx_buffer
 .bss.extend_rising_edge.0
                0x200006a9        0x1 ./Core/Src/system.o
 .bss.second_speed_measurement.1
                0x200006aa        0x2 ./Core/Src/system.o
 .bss.first_speed_measurement.2
                0x200006ac        0x2 ./Core/Src/system.o
 .bss.tap_tempo_switch_state
                0x200006ae        0x1 ./Core/Src/system.o
                0x200006ae                tap_tempo_switch_state
 .bss.speed_pot_adc_measurement_num
                0x200006af        0x1 ./Core/Src/system.o
                0x200006af                speed_pot_adc_measurement_num
 .bss.tap_tempo_mode_is_active
                0x200006b0        0x1 ./Core/Src/system.o
                0x200006b0                tap_tempo_mode_is_active
 *fill*         0x200006b1        0x1 
 .bss.duty_delayed
                0x200006b2        0x2 ./Core/Src/system.o
                0x200006b2                duty_delayed
 .bss.duty_delay_line_read_pointer_offset
                0x200006b4        0x2 ./Core/Src/system.o
                0x200006b4                duty_delay_line_read_pointer_offset
 *fill*         0x200006b6        0x2 
 .bss.duty_delay_line_storage_array
                0x200006b8      0x402 ./Core/Src/system.o
                0x200006b8                duty_delay_line_storage_array
 .bss.current_depth_to_be_loaded
                0x20000aba        0x2 ./Core/Src/system.o
                0x20000aba                current_depth_to_be_loaded
 .bss.current_index_to_be_loaded
                0x20000abc        0x2 ./Core/Src/system.o
                0x20000abc                current_index_to_be_loaded
 .bss.current_quadrant_to_be_loaded
                0x20000abe        0x1 ./Core/Src/system.o
                0x20000abe                current_quadrant_to_be_loaded
 .bss.current_halfcycle_to_be_loaded
                0x20000abf        0x1 ./Core/Src/system.o
                0x20000abf                current_halfcycle_to_be_loaded
 .bss.TIM16_final_prescaler_to_be_loaded
                0x20000ac0        0x2 ./Core/Src/system.o
                0x20000ac0                TIM16_final_prescaler_to_be_loaded
 .bss.duty_to_be_loaded
                0x20000ac2        0x2 ./Core/Src/system.o
                0x20000ac2                duty_to_be_loaded
 .bss.TIM16_raw_prescaler_to_be_loaded
                0x20000ac4        0x2 ./Core/Src/system.o
                0x20000ac4                TIM16_raw_prescaler_to_be_loaded
 .bss.TIM16_final_start_value_to_be_loaded
                0x20000ac6        0x2 ./Core/Src/system.o
                0x20000ac6                TIM16_final_start_value_to_be_loaded
 .bss.TIM16_raw_start_value_to_be_loaded
                0x20000ac8        0x2 ./Core/Src/system.o
                0x20000ac8                TIM16_raw_start_value_to_be_loaded
 .bss.TIM16_prescaler_adjust_to_be_loaded
                0x20000aca        0x1 ./Core/Src/system.o
                0x20000aca                TIM16_prescaler_adjust_to_be_loaded
 *fill*         0x20000acb        0x1 
 .bss.interrupt_period
                0x20000acc        0x2 ./Core/Src/system.o
                0x20000acc                interrupt_period
 .bss.input_capture_measurement_reelapse_is_ongoing
                0x20000ace        0x1 ./Core/Src/system.o
                0x20000ace                input_capture_measurement_reelapse_is_ongoing
 .bss.speed_pot_is_disabled
                0x20000acf        0x1 ./Core/Src/system.o
                0x20000acf                speed_pot_is_disabled
 .bss.input_capture_measurement_is_ongoing
                0x20000ad0        0x1 ./Core/Src/system.o
                0x20000ad0                input_capture_measurement_is_ongoing
 *fill*         0x20000ad1        0x3 
 .bss.TIM2_ch1_input_capture_value
                0x20000ad4        0x4 ./Core/Src/system.o
                0x20000ad4                TIM2_ch1_input_capture_value
 .bss.input_capture_event
                0x20000ad8        0x1 ./Core/Src/system.o
                0x20000ad8                input_capture_event
 *fill*         0x20000ad9        0x1 
 .bss.prev_duty
                0x20000ada        0x2 ./Core/Src/system.o
                0x20000ada                prev_duty
 .bss.TIM16_callback_active
                0x20000adc        0x1 ./Core/Src/system.o
                0x20000adc                TIM16_callback_active
 .bss.initial_ADC_conversion_complete
                0x20000add        0x1 ./Core/Src/system.o
                0x20000add                initial_ADC_conversion_complete
 *fill*         0x20000ade        0x2 
 .bss.ADCResultsDMA
                0x20000ae0        0x8 ./Core/Src/system.o
                0x20000ae0                ADCResultsDMA
 .bss.TIM16_final_prescaler
                0x20000ae8        0x2 ./Core/Src/system.o
                0x20000ae8                TIM16_final_prescaler
 .bss.duty      0x20000aea        0x2 ./Core/Src/system.o
                0x20000aea                duty
 .bss.TIM16_raw_prescaler
                0x20000aec        0x2 ./Core/Src/system.o
                0x20000aec                TIM16_raw_prescaler
 .bss.TIM16_raw_start_value
                0x20000aee        0x2 ./Core/Src/system.o
                0x20000aee                TIM16_raw_start_value
 .bss.TIM16_prescaler_adjust
                0x20000af0        0x1 ./Core/Src/system.o
                0x20000af0                TIM16_prescaler_adjust
 *fill*         0x20000af1        0x1 
 .bss.TIM16_final_start_value
                0x20000af2        0x2 ./Core/Src/system.o
                0x20000af2                TIM16_final_start_value
 .bss.current_quadrant
                0x20000af4        0x1 ./Core/Src/system.o
                0x20000af4                current_quadrant
 .bss.current_halfcycle
                0x20000af5        0x1 ./Core/Src/system.o
                0x20000af5                current_halfcycle
 .bss.current_index
                0x20000af6        0x2 ./Core/Src/system.o
                0x20000af6                current_index
 .bss.current_symmetry
                0x20000af8        0x2 ./Core/Src/system.o
                0x20000af8                current_symmetry
 .bss.current_depth
                0x20000afa        0x2 ./Core/Src/system.o
                0x20000afa                current_depth
 .bss.current_speed
                0x20000afc        0x2 ./Core/Src/system.o
                0x20000afc                current_speed
 .bss.current_waveshape
                0x20000afe        0x1 ./Core/Src/system.o
                0x20000afe                current_waveshape
 *fill*         0x20000aff        0x1 
 .bss.uwTick    0x20000b00        0x4 ./Drivers/STM32G0xx_HAL_Driver/Src/stm32g0xx_hal.o
                0x20000b00                uwTick
 *(COMMON)
                0x20000b04                        . = ALIGN (0x4)
                0x20000b04                        _ebss = .
                0x20000b04                        __bss_end__ = _ebss

._user_heap_stack
                0x20000b04      0x604 load address 0x08007510
                0x20000b08                        . = ALIGN (0x8)
 *fill*         0x20000b04        0x4 
                [!provide]                        PROVIDE (end = .)
                0x20000b08                        PROVIDE (_end = .)
                0x20000d08                        . = (. + _Min_Heap_Size)
 *fill*         0x20000b08      0x200 
                0x20001108                        . = (. + _Min_Stack_Size)
 *fill*         0x20000d08      0x400 
                0x20001108                        . = ALIGN (0x8)

/DISCARD/
 libc.a(*)
 libm.a(*)
 libgcc.a(*)

.ARM.attributes
                0x00000000       0x28
 *(.ARM.attributes)
 .ARM.attributes
                0x00000000       0x1e C:/ST/STM32CubeIDE_1.16.1/STM32CubeIDE/plugins/com.st.stm32cube.ide.mcu.externaltools.gnu-tools-for-stm32.12.3.rel1.win32_1.1.0.202410251130/tools/bin/../lib/gcc/arm-none-eabi/12.3.1/thumb/v6-m/nofp/crti.o
 .ARM.attributes
                0x0000001e       0x2c C:/ST/STM32CubeIDE_1.16.1/STM32CubeIDE/plugins/com.st.stm32cube.ide.mcu.externaltools.gnu-tools-for-stm32.12.3.rel1.win32_1.1.0.202410251130/tools/bin/../lib/gcc/arm-none-eabi/12.3.1/thumb/v6-m/nofp/crtbegin.o
 .ARM.attributes
                0x0000004a       0x28 ./Core/Src/config.o
 .ARM.attributes
                0x00000072       0x28 ./Core/Src/custom_callbacks.o
 .ARM.attributes
                0x0000009a       0x28 ./Core/Src/main.o
 .ARM.attributes
                0x000000c2       0x28 ./Core/Src/stm32g0xx_hal_msp.o
 .ARM.attributes
                0x000000ea       0x28 ./Core/Src/stm32g0xx_it.o
 .ARM.attributes
                0x00000112       0x28 ./Core/Src/system.o
 .ARM.attributes
                0x0000013a       0x28 ./Core/Src/system_stm32g0xx.o
 .ARM.attributes
                0x00000162       0x22 ./Core/Startup/startup_stm32g031k8tx.o
 .ARM.attributes
                0x00000184       0x28 ./Drivers/STM32G0xx_HAL_Driver/Src/stm32g0xx_hal.o
 .ARM.attributes
                0x000001ac       0x28 ./Drivers/STM32G0xx_HAL_Driver/Src/stm32g0xx_hal_adc.o
 .ARM.attributes
                0x000001d4       0x28 ./Drivers/STM32G0xx_HAL_Driver/Src/stm32g0xx_hal_adc_ex.o
 .ARM.attributes
                0x000001fc       0x28 ./Drivers/STM32G0xx_HAL_Driver/Src/stm32g0xx_hal_cortex.o
 .ARM.attributes
                0x00000224       0x28 ./Drivers/STM32G0xx_HAL_Driver/Src/stm32g0xx_hal_dma.o
 .ARM.attributes
                0x0000024c       0x28 ./Drivers/STM32G0xx_HAL_Driver/Src/stm32g0xx_hal_gpio.o
 .ARM.attributes
                0x00000274       0x28 ./Drivers/STM32G0xx_HAL_Driver/Src/stm32g0xx_hal_lptim.o
 .ARM.attributes
                0x0000029c       0x28 ./Drivers/STM32G0xx_HAL_Driver/Src/stm32g0xx_hal_pwr_ex.o
 .ARM.attributes
                0x000002c4       0x28 ./Drivers/STM32G0xx_HAL_Driver/Src/stm32g0xx_hal_rcc.o
 .ARM.attributes
                0x000002ec       0x28 ./Drivers/STM32G0xx_HAL_Driver/Src/stm32g0xx_hal_rcc_ex.o
 .ARM.attributes
                0x00000314       0x28 ./Drivers/STM32G0xx_HAL_Driver/Src/stm32g0xx_hal_tim.o
 .ARM.attributes
                0x0000033c       0x28 ./Drivers/STM32G0xx_HAL_Driver/Src/stm32g0xx_hal_tim_ex.o
 .ARM.attributes
                0x00000364       0x28 ./Drivers/STM32G0xx_HAL_Driver/Src/stm32g0xx_hal_uart.o
 .ARM.attributes
                0x0000038c       0x28 ./Drivers/STM32G0xx_HAL_Driver/Src/stm32g0xx_hal_uart_ex.o
 .ARM.attributes
                0x000003b4       0x2c C:/ST/STM32CubeIDE_1.16.1/STM32CubeIDE/plugins/com.st.stm32cube.ide.mcu.externaltools.gnu-tools-for-stm32.12.3.rel1.win32_1.1.0.202410251130/tools/bin/../lib/gcc/arm-none-eabi/12.3.1/../../../../arm-none-eabi/lib/thumb/v6-m/nofp\libc_nano.a(libc_a-memset.o)
 .ARM.attributes
                0x000003e0       0x2c C:/ST/STM32CubeIDE_1.16.1/STM32CubeIDE/plugins/com.st.stm32cube.ide.mcu.externaltools.gnu-tools-for-stm32.12.3.rel1.win32_1.1.0.202410251130/tools/bin/../lib/gcc/arm-none-eabi/12.3.1/../../../../arm-none-eabi/lib/thumb/v6-m/nofp\libc_nano.a(libc_a-init.o)
 .ARM.attributes
                0x0000040c       0x1e C:/ST/STM32CubeIDE_1.16.1/STM32CubeIDE/plugins/com.st.stm32cube.ide.mcu.externaltools.gnu-tools-for-stm32.12.3.rel1.win32_1.1.0.202410251130/tools/bin/../lib/gcc/arm-none-eabi/12.3.1/thumb/v6-m/nofp\libgcc.a(_udivsi3.o)
 .ARM.attributes
                0x0000042a       0x1e C:/ST/STM32CubeIDE_1.16.1/STM32CubeIDE/plugins/com.st.stm32cube.ide.mcu.externaltools.gnu-tools-for-stm32.12.3.rel1.win32_1.1.0.202410251130/tools/bin/../lib/gcc/arm-none-eabi/12.3.1/thumb/v6-m/nofp\libgcc.a(_dvmd_tls.o)
 .ARM.attributes
                0x00000448       0x1e C:/ST/STM32CubeIDE_1.16.1/STM32CubeIDE/plugins/com.st.stm32cube.ide.mcu.externaltools.gnu-tools-for-stm32.12.3.rel1.win32_1.1.0.202410251130/tools/bin/../lib/gcc/arm-none-eabi/12.3.1/thumb/v6-m/nofp\libgcc.a(_aeabi_uldivmod.o)
 .ARM.attributes
                0x00000466       0x2c C:/ST/STM32CubeIDE_1.16.1/STM32CubeIDE/plugins/com.st.stm32cube.ide.mcu.externaltools.gnu-tools-for-stm32.12.3.rel1.win32_1.1.0.202410251130/tools/bin/../lib/gcc/arm-none-eabi/12.3.1/thumb/v6-m/nofp\libgcc.a(_udivmoddi4.o)
 .ARM.attributes
                0x00000492       0x1e C:/ST/STM32CubeIDE_1.16.1/STM32CubeIDE/plugins/com.st.stm32cube.ide.mcu.externaltools.gnu-tools-for-stm32.12.3.rel1.win32_1.1.0.202410251130/tools/bin/../lib/gcc/arm-none-eabi/12.3.1/thumb/v6-m/nofp\libgcc.a(_clzdi2.o)
 .ARM.attributes
                0x000004b0       0x1e C:/ST/STM32CubeIDE_1.16.1/STM32CubeIDE/plugins/com.st.stm32cube.ide.mcu.externaltools.gnu-tools-for-stm32.12.3.rel1.win32_1.1.0.202410251130/tools/bin/../lib/gcc/arm-none-eabi/12.3.1/thumb/v6-m/nofp\libgcc.a(_clzsi2.o)
 .ARM.attributes
                0x000004ce       0x1e C:/ST/STM32CubeIDE_1.16.1/STM32CubeIDE/plugins/com.st.stm32cube.ide.mcu.externaltools.gnu-tools-for-stm32.12.3.rel1.win32_1.1.0.202410251130/tools/bin/../lib/gcc/arm-none-eabi/12.3.1/thumb/v6-m/nofp/crtn.o
OUTPUT(g031k8.elf elf32-littlearm)
LOAD linker stubs
LOAD C:/ST/STM32CubeIDE_1.16.1/STM32CubeIDE/plugins/com.st.stm32cube.ide.mcu.externaltools.gnu-tools-for-stm32.12.3.rel1.win32_1.1.0.202410251130/tools/bin/../lib/gcc/arm-none-eabi/12.3.1/../../../../arm-none-eabi/lib/thumb/v6-m/nofp\libc.a
LOAD C:/ST/STM32CubeIDE_1.16.1/STM32CubeIDE/plugins/com.st.stm32cube.ide.mcu.externaltools.gnu-tools-for-stm32.12.3.rel1.win32_1.1.0.202410251130/tools/bin/../lib/gcc/arm-none-eabi/12.3.1/../../../../arm-none-eabi/lib/thumb/v6-m/nofp\libm.a
LOAD C:/ST/STM32CubeIDE_1.16.1/STM32CubeIDE/plugins/com.st.stm32cube.ide.mcu.externaltools.gnu-tools-for-stm32.12.3.rel1.win32_1.1.0.202410251130/tools/bin/../lib/gcc/arm-none-eabi/12.3.1/thumb/v6-m/nofp\libgcc.a

.debug_info     0x00000000    0x259b6
 .debug_info    0x00000000     0x3656 ./Core/Src/config.o
 .debug_info    0x00003656     0x21e3 ./Core/Src/custom_callbacks.o
 .debug_info    0x00005839      0xa0f ./Core/Src/main.o
 .debug_info    0x00006248     0x2047 ./Core/Src/stm32g0xx_hal_msp.o
 .debug_info    0x0000828f     0x1270 ./Core/Src/stm32g0xx_it.o
 .debug_info    0x000094ff     0x25af ./Core/Src/system.o
 .debug_info    0x0000baae      0x34e ./Core/Src/system_stm32g0xx.o
 .debug_info    0x0000bdfc       0x30 ./Core/Startup/startup_stm32g031k8tx.o
 .debug_info    0x0000be2c      0xb3c ./Drivers/STM32G0xx_HAL_Driver/Src/stm32g0xx_hal.o
 .debug_info    0x0000c968     0x23a8 ./Drivers/STM32G0xx_HAL_Driver/Src/stm32g0xx_hal_adc.o
 .debug_info    0x0000ed10      0xd8e ./Drivers/STM32G0xx_HAL_Driver/Src/stm32g0xx_hal_adc_ex.o
 .debug_info    0x0000fa9e      0xa40 ./Drivers/STM32G0xx_HAL_Driver/Src/stm32g0xx_hal_cortex.o
 .debug_info    0x000104de      0xab0 ./Drivers/STM32G0xx_HAL_Driver/Src/stm32g0xx_hal_dma.o
 .debug_info    0x00010f8e      0x5ef ./Drivers/STM32G0xx_HAL_Driver/Src/stm32g0xx_hal_gpio.o
 .debug_info    0x0001157d     0x1c86 ./Drivers/STM32G0xx_HAL_Driver/Src/stm32g0xx_hal_lptim.o
 .debug_info    0x00013203      0x7ef ./Drivers/STM32G0xx_HAL_Driver/Src/stm32g0xx_hal_pwr_ex.o
 .debug_info    0x000139f2      0xdc8 ./Drivers/STM32G0xx_HAL_Driver/Src/stm32g0xx_hal_rcc.o
 .debug_info    0x000147ba      0x854 ./Drivers/STM32G0xx_HAL_Driver/Src/stm32g0xx_hal_rcc_ex.o
 .debug_info    0x0001500e     0x5491 ./Drivers/STM32G0xx_HAL_Driver/Src/stm32g0xx_hal_tim.o
 .debug_info    0x0001a49f     0x2151 ./Drivers/STM32G0xx_HAL_Driver/Src/stm32g0xx_hal_tim_ex.o
 .debug_info    0x0001c5f0     0x7f18 ./Drivers/STM32G0xx_HAL_Driver/Src/stm32g0xx_hal_uart.o
 .debug_info    0x00024508     0x14ae ./Drivers/STM32G0xx_HAL_Driver/Src/stm32g0xx_hal_uart_ex.o

.debug_abbrev   0x00000000     0x40fb
 .debug_abbrev  0x00000000      0x37e ./Core/Src/config.o
 .debug_abbrev  0x0000037e      0x350 ./Core/Src/custom_callbacks.o
 .debug_abbrev  0x000006ce      0x209 ./Core/Src/main.o
 .debug_abbrev  0x000008d7      0x2ae ./Core/Src/stm32g0xx_hal_msp.o
 .debug_abbrev  0x00000b85      0x22e ./Core/Src/stm32g0xx_it.o
 .debug_abbrev  0x00000db3      0x454 ./Core/Src/system.o
 .debug_abbrev  0x00001207      0x148 ./Core/Src/system_stm32g0xx.o
 .debug_abbrev  0x0000134f       0x24 ./Core/Startup/startup_stm32g031k8tx.o
 .debug_abbrev  0x00001373      0x341 ./Drivers/STM32G0xx_HAL_Driver/Src/stm32g0xx_hal.o
 .debug_abbrev  0x000016b4      0x370 ./Drivers/STM32G0xx_HAL_Driver/Src/stm32g0xx_hal_adc.o
 .debug_abbrev  0x00001a24      0x30f ./Drivers/STM32G0xx_HAL_Driver/Src/stm32g0xx_hal_adc_ex.o
 .debug_abbrev  0x00001d33      0x2dc ./Drivers/STM32G0xx_HAL_Driver/Src/stm32g0xx_hal_cortex.o
 .debug_abbrev  0x0000200f      0x28a ./Drivers/STM32G0xx_HAL_Driver/Src/stm32g0xx_hal_dma.o
 .debug_abbrev  0x00002299      0x26c ./Drivers/STM32G0xx_HAL_Driver/Src/stm32g0xx_hal_gpio.o
 .debug_abbrev  0x00002505      0x37c ./Drivers/STM32G0xx_HAL_Driver/Src/stm32g0xx_hal_lptim.o
 .debug_abbrev  0x00002881      0x28a ./Drivers/STM32G0xx_HAL_Driver/Src/stm32g0xx_hal_pwr_ex.o
 .debug_abbrev  0x00002b0b      0x36b ./Drivers/STM32G0xx_HAL_Driver/Src/stm32g0xx_hal_rcc.o
 .debug_abbrev  0x00002e76      0x296 ./Drivers/STM32G0xx_HAL_Driver/Src/stm32g0xx_hal_rcc_ex.o
 .debug_abbrev  0x0000310c      0x3e7 ./Drivers/STM32G0xx_HAL_Driver/Src/stm32g0xx_hal_tim.o
 .debug_abbrev  0x000034f3      0x3f8 ./Drivers/STM32G0xx_HAL_Driver/Src/stm32g0xx_hal_tim_ex.o
 .debug_abbrev  0x000038eb      0x4a2 ./Drivers/STM32G0xx_HAL_Driver/Src/stm32g0xx_hal_uart.o
 .debug_abbrev  0x00003d8d      0x36e ./Drivers/STM32G0xx_HAL_Driver/Src/stm32g0xx_hal_uart_ex.o

.debug_aranges  0x00000000     0x1240
 .debug_aranges
                0x00000000       0x88 ./Core/Src/config.o
 .debug_aranges
                0x00000088       0x68 ./Core/Src/custom_callbacks.o
 .debug_aranges
                0x000000f0       0x20 ./Core/Src/main.o
 .debug_aranges
                0x00000110       0x68 ./Core/Src/stm32g0xx_hal_msp.o
 .debug_aranges
                0x00000178       0x88 ./Core/Src/stm32g0xx_it.o
 .debug_aranges
                0x00000200       0x98 ./Core/Src/system.o
 .debug_aranges
                0x00000298       0x28 ./Core/Src/system_stm32g0xx.o
 .debug_aranges
                0x000002c0       0x28 ./Core/Startup/startup_stm32g031k8tx.o
 .debug_aranges
                0x000002e8      0x128 ./Drivers/STM32G0xx_HAL_Driver/Src/stm32g0xx_hal.o
 .debug_aranges
                0x00000410      0x108 ./Drivers/STM32G0xx_HAL_Driver/Src/stm32g0xx_hal_adc.o
 .debug_aranges
                0x00000518       0x58 ./Drivers/STM32G0xx_HAL_Driver/Src/stm32g0xx_hal_adc_ex.o
 .debug_aranges
                0x00000570       0xa0 ./Drivers/STM32G0xx_HAL_Driver/Src/stm32g0xx_hal_cortex.o
 .debug_aranges
                0x00000610       0x78 ./Drivers/STM32G0xx_HAL_Driver/Src/stm32g0xx_hal_dma.o
 .debug_aranges
                0x00000688       0x60 ./Drivers/STM32G0xx_HAL_Driver/Src/stm32g0xx_hal_gpio.o
 .debug_aranges
                0x000006e8      0x170 ./Drivers/STM32G0xx_HAL_Driver/Src/stm32g0xx_hal_lptim.o
 .debug_aranges
                0x00000858       0xf0 ./Drivers/STM32G0xx_HAL_Driver/Src/stm32g0xx_hal_pwr_ex.o
 .debug_aranges
                0x00000948       0x98 ./Drivers/STM32G0xx_HAL_Driver/Src/stm32g0xx_hal_rcc.o
 .debug_aranges
                0x000009e0       0x40 ./Drivers/STM32G0xx_HAL_Driver/Src/stm32g0xx_hal_rcc_ex.o
 .debug_aranges
                0x00000a20      0x398 ./Drivers/STM32G0xx_HAL_Driver/Src/stm32g0xx_hal_tim.o
 .debug_aranges
                0x00000db8      0x190 ./Drivers/STM32G0xx_HAL_Driver/Src/stm32g0xx_hal_tim_ex.o
 .debug_aranges
                0x00000f48      0x260 ./Drivers/STM32G0xx_HAL_Driver/Src/stm32g0xx_hal_uart.o
 .debug_aranges
                0x000011a8       0x98 ./Drivers/STM32G0xx_HAL_Driver/Src/stm32g0xx_hal_uart_ex.o

.debug_rnglists
                0x00000000     0x1ae4
 .debug_rnglists
                0x00000000       0xd6 ./Core/Src/config.o
 .debug_rnglists
                0x000000d6       0x81 ./Core/Src/custom_callbacks.o
 .debug_rnglists
                0x00000157       0x13 ./Core/Src/main.o
 .debug_rnglists
                0x0000016a      0x135 ./Core/Src/stm32g0xx_hal_msp.o
 .debug_rnglists
                0x0000029f       0x61 ./Core/Src/stm32g0xx_it.o
 .debug_rnglists
                0x00000300       0xb4 ./Core/Src/system.o
 .debug_rnglists
                0x000003b4       0x1a ./Core/Src/system_stm32g0xx.o
 .debug_rnglists
                0x000003ce       0x19 ./Core/Startup/startup_stm32g031k8tx.o
 .debug_rnglists
                0x000003e7       0xd9 ./Drivers/STM32G0xx_HAL_Driver/Src/stm32g0xx_hal.o
 .debug_rnglists
                0x000004c0      0x26b ./Drivers/STM32G0xx_HAL_Driver/Src/stm32g0xx_hal_adc.o
 .debug_rnglists
                0x0000072b       0xb9 ./Drivers/STM32G0xx_HAL_Driver/Src/stm32g0xx_hal_adc_ex.o
 .debug_rnglists
                0x000007e4       0x9d ./Drivers/STM32G0xx_HAL_Driver/Src/stm32g0xx_hal_cortex.o
 .debug_rnglists
                0x00000881       0x9e ./Drivers/STM32G0xx_HAL_Driver/Src/stm32g0xx_hal_dma.o
 .debug_rnglists
                0x0000091f       0x45 ./Drivers/STM32G0xx_HAL_Driver/Src/stm32g0xx_hal_gpio.o
 .debug_rnglists
                0x00000964      0x256 ./Drivers/STM32G0xx_HAL_Driver/Src/stm32g0xx_hal_lptim.o
 .debug_rnglists
                0x00000bba       0xb0 ./Drivers/STM32G0xx_HAL_Driver/Src/stm32g0xx_hal_pwr_ex.o
 .debug_rnglists
                0x00000c6a       0xb4 ./Drivers/STM32G0xx_HAL_Driver/Src/stm32g0xx_hal_rcc.o
 .debug_rnglists
                0x00000d1e       0x71 ./Drivers/STM32G0xx_HAL_Driver/Src/stm32g0xx_hal_rcc_ex.o
 .debug_rnglists
                0x00000d8f      0x72a ./Drivers/STM32G0xx_HAL_Driver/Src/stm32g0xx_hal_tim.o
 .debug_rnglists
                0x000014b9      0x192 ./Drivers/STM32G0xx_HAL_Driver/Src/stm32g0xx_hal_tim_ex.o
 .debug_rnglists
                0x0000164b      0x3f0 ./Drivers/STM32G0xx_HAL_Driver/Src/stm32g0xx_hal_uart.o
 .debug_rnglists
                0x00001a3b       0xa9 ./Drivers/STM32G0xx_HAL_Driver/Src/stm32g0xx_hal_uart_ex.o

.debug_macro    0x00000000     0x2e40
 .debug_macro   0x00000000      0x24b ./Core/Src/config.o
 .debug_macro   0x0000024b      0x243 ./Core/Src/custom_callbacks.o
 .debug_macro   0x0000048e      0x239 ./Core/Src/main.o
 .debug_macro   0x000006c7      0x22a ./Core/Src/stm32g0xx_hal_msp.o
 .debug_macro   0x000008f1      0x247 ./Core/Src/stm32g0xx_it.o
 .debug_macro   0x00000b38      0x239 ./Core/Src/system.o
 .debug_macro   0x00000d71      0x21b ./Core/Src/system_stm32g0xx.o
 .debug_macro   0x00000f8c      0x23f ./Drivers/STM32G0xx_HAL_Driver/Src/stm32g0xx_hal.o
 .debug_macro   0x000011cb      0x23f ./Drivers/STM32G0xx_HAL_Driver/Src/stm32g0xx_hal_adc.o
 .debug_macro   0x0000140a      0x227 ./Drivers/STM32G0xx_HAL_Driver/Src/stm32g0xx_hal_adc_ex.o
 .debug_macro   0x00001631      0x21b ./Drivers/STM32G0xx_HAL_Driver/Src/stm32g0xx_hal_cortex.o
 .debug_macro   0x0000184c      0x21b ./Drivers/STM32G0xx_HAL_Driver/Src/stm32g0xx_hal_dma.o
 .debug_macro   0x00001a67      0x222 ./Drivers/STM32G0xx_HAL_Driver/Src/stm32g0xx_hal_gpio.o
 .debug_macro   0x00001c89      0x231 ./Drivers/STM32G0xx_HAL_Driver/Src/stm32g0xx_hal_lptim.o
 .debug_macro   0x00001eba      0x245 ./Drivers/STM32G0xx_HAL_Driver/Src/stm32g0xx_hal_pwr_ex.o
 .debug_macro   0x000020ff      0x25d ./Drivers/STM32G0xx_HAL_Driver/Src/stm32g0xx_hal_rcc.o
 .debug_macro   0x0000235c      0x233 ./Drivers/STM32G0xx_HAL_Driver/Src/stm32g0xx_hal_rcc_ex.o
 .debug_macro   0x0000258f      0x223 ./Drivers/STM32G0xx_HAL_Driver/Src/stm32g0xx_hal_tim.o
 .debug_macro   0x000027b2      0x221 ./Drivers/STM32G0xx_HAL_Driver/Src/stm32g0xx_hal_tim_ex.o
 .debug_macro   0x000029d3      0x246 ./Drivers/STM32G0xx_HAL_Driver/Src/stm32g0xx_hal_uart.o
 .debug_macro   0x00002c19      0x227 ./Drivers/STM32G0xx_HAL_Driver/Src/stm32g0xx_hal_uart_ex.o

.debug_line     0x00000000    0x24cc7
 .debug_line    0x00000000     0x199f ./Core/Src/config.o
 .debug_line    0x0000199f     0x14b8 ./Core/Src/custom_callbacks.o
 .debug_line    0x00002e57      0x834 ./Core/Src/main.o
 .debug_line    0x0000368b      0xdbe ./Core/Src/stm32g0xx_hal_msp.o
 .debug_line    0x00004449      0x9a7 ./Core/Src/stm32g0xx_it.o
 .debug_line    0x00004df0     0x1399 ./Core/Src/system.o
 .debug_line    0x00006189      0x8dc ./Core/Src/system_stm32g0xx.o
 .debug_line    0x00006a65       0x7b ./Core/Startup/startup_stm32g031k8tx.o
 .debug_line    0x00006ae0      0xd4c ./Drivers/STM32G0xx_HAL_Driver/Src/stm32g0xx_hal.o
 .debug_line    0x0000782c     0x24ac ./Drivers/STM32G0xx_HAL_Driver/Src/stm32g0xx_hal_adc.o
 .debug_line    0x00009cd8      0xd15 ./Drivers/STM32G0xx_HAL_Driver/Src/stm32g0xx_hal_adc_ex.o
 .debug_line    0x0000a9ed      0xd13 ./Drivers/STM32G0xx_HAL_Driver/Src/stm32g0xx_hal_cortex.o
 .debug_line    0x0000b700     0x1359 ./Drivers/STM32G0xx_HAL_Driver/Src/stm32g0xx_hal_dma.o
 .debug_line    0x0000ca59      0xdc3 ./Drivers/STM32G0xx_HAL_Driver/Src/stm32g0xx_hal_gpio.o
 .debug_line    0x0000d81c     0x2194 ./Drivers/STM32G0xx_HAL_Driver/Src/stm32g0xx_hal_lptim.o
 .debug_line    0x0000f9b0      0xd0c ./Drivers/STM32G0xx_HAL_Driver/Src/stm32g0xx_hal_pwr_ex.o
 .debug_line    0x000106bc     0x15b1 ./Drivers/STM32G0xx_HAL_Driver/Src/stm32g0xx_hal_rcc.o
 .debug_line    0x00011c6d      0xf40 ./Drivers/STM32G0xx_HAL_Driver/Src/stm32g0xx_hal_rcc_ex.o
 .debug_line    0x00012bad     0x76a3 ./Drivers/STM32G0xx_HAL_Driver/Src/stm32g0xx_hal_tim.o
 .debug_line    0x0001a250     0x23a9 ./Drivers/STM32G0xx_HAL_Driver/Src/stm32g0xx_hal_tim_ex.o
 .debug_line    0x0001c5f9     0x70f7 ./Drivers/STM32G0xx_HAL_Driver/Src/stm32g0xx_hal_uart.o
 .debug_line    0x000236f0     0x15d7 ./Drivers/STM32G0xx_HAL_Driver/Src/stm32g0xx_hal_uart_ex.o

.debug_str      0x00000000    0x9ea61
 .debug_str     0x00000000    0x9943b ./Core/Src/config.o
                              0x9a00c (size before relaxing)
 .debug_str     0x0009943b      0x8f1 ./Core/Src/custom_callbacks.o
                              0x997f5 (size before relaxing)
 .debug_str     0x00099d2c       0xdb ./Core/Src/main.o
                              0x98518 (size before relaxing)
 .debug_str     0x00099e07      0x216 ./Core/Src/stm32g0xx_hal_msp.o
                              0x98c75 (size before relaxing)
 .debug_str     0x0009a01d      0x17f ./Core/Src/stm32g0xx_it.o
                              0x98be2 (size before relaxing)
 .debug_str     0x0009a19c      0x3c9 ./Core/Src/system.o
                              0x999db (size before relaxing)
 .debug_str     0x0009a565       0x8e ./Core/Src/system_stm32g0xx.o
                              0x973ab (size before relaxing)
 .debug_str     0x0009a5f3       0x44 ./Core/Startup/startup_stm32g031k8tx.o
                                 0x73 (size before relaxing)
 .debug_str     0x0009a637      0x571 ./Drivers/STM32G0xx_HAL_Driver/Src/stm32g0xx_hal.o
                              0x97b81 (size before relaxing)
 .debug_str     0x0009aba8      0x8d3 ./Drivers/STM32G0xx_HAL_Driver/Src/stm32g0xx_hal_adc.o
                              0x983be (size before relaxing)
 .debug_str     0x0009b47b      0x1e2 ./Drivers/STM32G0xx_HAL_Driver/Src/stm32g0xx_hal_adc_ex.o
                              0x97c01 (size before relaxing)
 .debug_str     0x0009b65d      0x28b ./Drivers/STM32G0xx_HAL_Driver/Src/stm32g0xx_hal_cortex.o
                              0x97827 (size before relaxing)
 .debug_str     0x0009b8e8      0x261 ./Drivers/STM32G0xx_HAL_Driver/Src/stm32g0xx_hal_dma.o
                              0x97845 (size before relaxing)
 .debug_str     0x0009bb49      0x12c ./Drivers/STM32G0xx_HAL_Driver/Src/stm32g0xx_hal_gpio.o
                              0x974d2 (size before relaxing)
 .debug_str     0x0009bc75      0x5a2 ./Drivers/STM32G0xx_HAL_Driver/Src/stm32g0xx_hal_lptim.o
                              0x97e36 (size before relaxing)
 .debug_str     0x0009c217      0x37b ./Drivers/STM32G0xx_HAL_Driver/Src/stm32g0xx_hal_pwr_ex.o
                              0x97824 (size before relaxing)
 .debug_str     0x0009c592      0x4ae ./Drivers/STM32G0xx_HAL_Driver/Src/stm32g0xx_hal_rcc.o
                              0x97b01 (size before relaxing)
 .debug_str     0x0009ca40      0x185 ./Drivers/STM32G0xx_HAL_Driver/Src/stm32g0xx_hal_rcc_ex.o
                              0x9773a (size before relaxing)
 .debug_str     0x0009cbc5      0xd1f ./Drivers/STM32G0xx_HAL_Driver/Src/stm32g0xx_hal_tim.o
                              0x98f76 (size before relaxing)
 .debug_str     0x0009d8e4      0x4a0 ./Drivers/STM32G0xx_HAL_Driver/Src/stm32g0xx_hal_tim_ex.o
                              0x984d8 (size before relaxing)
 .debug_str     0x0009dd84      0xa15 ./Drivers/STM32G0xx_HAL_Driver/Src/stm32g0xx_hal_uart.o
                              0x986f9 (size before relaxing)
 .debug_str     0x0009e799      0x2c8 ./Drivers/STM32G0xx_HAL_Driver/Src/stm32g0xx_hal_uart_ex.o
                              0x97d4f (size before relaxing)

.comment        0x00000000       0x43
 .comment       0x00000000       0x43 ./Core/Src/config.o
                                 0x44 (size before relaxing)
 .comment       0x00000043       0x44 ./Core/Src/custom_callbacks.o
 .comment       0x00000043       0x44 ./Core/Src/main.o
 .comment       0x00000043       0x44 ./Core/Src/stm32g0xx_hal_msp.o
 .comment       0x00000043       0x44 ./Core/Src/stm32g0xx_it.o
 .comment       0x00000043       0x44 ./Core/Src/system.o
 .comment       0x00000043       0x44 ./Core/Src/system_stm32g0xx.o
 .comment       0x00000043       0x44 ./Drivers/STM32G0xx_HAL_Driver/Src/stm32g0xx_hal.o
 .comment       0x00000043       0x44 ./Drivers/STM32G0xx_HAL_Driver/Src/stm32g0xx_hal_adc.o
 .comment       0x00000043       0x44 ./Drivers/STM32G0xx_HAL_Driver/Src/stm32g0xx_hal_adc_ex.o
 .comment       0x00000043       0x44 ./Drivers/STM32G0xx_HAL_Driver/Src/stm32g0xx_hal_cortex.o
 .comment       0x00000043       0x44 ./Drivers/STM32G0xx_HAL_Driver/Src/stm32g0xx_hal_dma.o
 .comment       0x00000043       0x44 ./Drivers/STM32G0xx_HAL_Driver/Src/stm32g0xx_hal_gpio.o
 .comment       0x00000043       0x44 ./Drivers/STM32G0xx_HAL_Driver/Src/stm32g0xx_hal_lptim.o
 .comment       0x00000043       0x44 ./Drivers/STM32G0xx_HAL_Driver/Src/stm32g0xx_hal_pwr_ex.o
 .comment       0x00000043       0x44 ./Drivers/STM32G0xx_HAL_Driver/Src/stm32g0xx_hal_rcc.o
 .comment       0x00000043       0x44 ./Drivers/STM32G0xx_HAL_Driver/Src/stm32g0xx_hal_rcc_ex.o
 .comment       0x00000043       0x44 ./Drivers/STM32G0xx_HAL_Driver/Src/stm32g0xx_hal_tim.o
 .comment       0x00000043       0x44 ./Drivers/STM32G0xx_HAL_Driver/Src/stm32g0xx_hal_tim_ex.o
 .comment       0x00000043       0x44 ./Drivers/STM32G0xx_HAL_Driver/Src/stm32g0xx_hal_uart.o
 .comment       0x00000043       0x44 ./Drivers/STM32G0xx_HAL_Driver/Src/stm32g0xx_hal_uart_ex.o

.debug_frame    0x00000000     0x31f8
 .debug_frame   0x00000000      0x194 ./Core/Src/config.o
 .debug_frame   0x00000194      0x110 ./Core/Src/custom_callbacks.o
 .debug_frame   0x000002a4       0x28 ./Core/Src/main.o
 .debug_frame   0x000002cc      0x110 ./Core/Src/stm32g0xx_hal_msp.o
 .debug_frame   0x000003dc      0x138 ./Core/Src/stm32g0xx_it.o
 .debug_frame   0x00000514      0x194 ./Core/Src/system.o
 .debug_frame   0x000006a8       0x38 ./Core/Src/system_stm32g0xx.o
 .debug_frame   0x000006e0      0x270 ./Drivers/STM32G0xx_HAL_Driver/Src/stm32g0xx_hal.o
 .debug_frame   0x00000950      0x318 ./Drivers/STM32G0xx_HAL_Driver/Src/stm32g0xx_hal_adc.o
 .debug_frame   0x00000c68       0xb8 ./Drivers/STM32G0xx_HAL_Driver/Src/stm32g0xx_hal_adc_ex.o
 .debug_frame   0x00000d20      0x130 ./Drivers/STM32G0xx_HAL_Driver/Src/stm32g0xx_hal_cortex.o
 .debug_frame   0x00000e50      0x168 ./Drivers/STM32G0xx_HAL_Driver/Src/stm32g0xx_hal_dma.o
 .debug_frame   0x00000fb8       0xe4 ./Drivers/STM32G0xx_HAL_Driver/Src/stm32g0xx_hal_gpio.o
 .debug_frame   0x0000109c      0x438 ./Drivers/STM32G0xx_HAL_Driver/Src/stm32g0xx_hal_lptim.o
 .debug_frame   0x000014d4      0x1e4 ./Drivers/STM32G0xx_HAL_Driver/Src/stm32g0xx_hal_pwr_ex.o
 .debug_frame   0x000016b8      0x184 ./Drivers/STM32G0xx_HAL_Driver/Src/stm32g0xx_hal_rcc.o
 .debug_frame   0x0000183c       0xa8 ./Drivers/STM32G0xx_HAL_Driver/Src/stm32g0xx_hal_rcc_ex.o
 .debug_frame   0x000018e4      0xa80 ./Drivers/STM32G0xx_HAL_Driver/Src/stm32g0xx_hal_tim.o
 .debug_frame   0x00002364      0x4b4 ./Drivers/STM32G0xx_HAL_Driver/Src/stm32g0xx_hal_tim_ex.o
 .debug_frame   0x00002818      0x770 ./Drivers/STM32G0xx_HAL_Driver/Src/stm32g0xx_hal_uart.o
 .debug_frame   0x00002f88      0x1c8 ./Drivers/STM32G0xx_HAL_Driver/Src/stm32g0xx_hal_uart_ex.o
 .debug_frame   0x00003150       0x20 C:/ST/STM32CubeIDE_1.16.1/STM32CubeIDE/plugins/com.st.stm32cube.ide.mcu.externaltools.gnu-tools-for-stm32.12.3.rel1.win32_1.1.0.202410251130/tools/bin/../lib/gcc/arm-none-eabi/12.3.1/../../../../arm-none-eabi/lib/thumb/v6-m/nofp\libc_nano.a(libc_a-memset.o)
 .debug_frame   0x00003170       0x2c C:/ST/STM32CubeIDE_1.16.1/STM32CubeIDE/plugins/com.st.stm32cube.ide.mcu.externaltools.gnu-tools-for-stm32.12.3.rel1.win32_1.1.0.202410251130/tools/bin/../lib/gcc/arm-none-eabi/12.3.1/../../../../arm-none-eabi/lib/thumb/v6-m/nofp\libc_nano.a(libc_a-init.o)
 .debug_frame   0x0000319c       0x20 C:/ST/STM32CubeIDE_1.16.1/STM32CubeIDE/plugins/com.st.stm32cube.ide.mcu.externaltools.gnu-tools-for-stm32.12.3.rel1.win32_1.1.0.202410251130/tools/bin/../lib/gcc/arm-none-eabi/12.3.1/thumb/v6-m/nofp\libgcc.a(_udivsi3.o)
 .debug_frame   0x000031bc       0x3c C:/ST/STM32CubeIDE_1.16.1/STM32CubeIDE/plugins/com.st.stm32cube.ide.mcu.externaltools.gnu-tools-for-stm32.12.3.rel1.win32_1.1.0.202410251130/tools/bin/../lib/gcc/arm-none-eabi/12.3.1/thumb/v6-m/nofp\libgcc.a(_udivmoddi4.o)

.debug_loclists
                0x00000000     0xf588
 .debug_loclists
                0x00000000      0x5fa ./Core/Src/custom_callbacks.o
 .debug_loclists
                0x000005fa      0x1af ./Core/Src/stm32g0xx_hal_msp.o
 .debug_loclists
                0x000007a9      0x792 ./Core/Src/system.o
 .debug_loclists
                0x00000f3b       0xa7 ./Core/Src/system_stm32g0xx.o
 .debug_loclists
                0x00000fe2      0x143 ./Drivers/STM32G0xx_HAL_Driver/Src/stm32g0xx_hal.o
 .debug_loclists
                0x00001125     0x1121 ./Drivers/STM32G0xx_HAL_Driver/Src/stm32g0xx_hal_adc.o
 .debug_loclists
                0x00002246      0x2a3 ./Drivers/STM32G0xx_HAL_Driver/Src/stm32g0xx_hal_adc_ex.o
 .debug_loclists
                0x000024e9      0x1ef ./Drivers/STM32G0xx_HAL_Driver/Src/stm32g0xx_hal_cortex.o
 .debug_loclists
                0x000026d8      0x747 ./Drivers/STM32G0xx_HAL_Driver/Src/stm32g0xx_hal_dma.o
 .debug_loclists
                0x00002e1f      0x372 ./Drivers/STM32G0xx_HAL_Driver/Src/stm32g0xx_hal_gpio.o
 .debug_loclists
                0x00003191     0x1041 ./Drivers/STM32G0xx_HAL_Driver/Src/stm32g0xx_hal_lptim.o
 .debug_loclists
                0x000041d2      0x1b3 ./Drivers/STM32G0xx_HAL_Driver/Src/stm32g0xx_hal_pwr_ex.o
 .debug_loclists
                0x00004385      0x4e1 ./Drivers/STM32G0xx_HAL_Driver/Src/stm32g0xx_hal_rcc.o
 .debug_loclists
                0x00004866      0x46c ./Drivers/STM32G0xx_HAL_Driver/Src/stm32g0xx_hal_rcc_ex.o
 .debug_loclists
                0x00004cd2     0x4f53 ./Drivers/STM32G0xx_HAL_Driver/Src/stm32g0xx_hal_tim.o
 .debug_loclists
                0x00009c25     0x1392 ./Drivers/STM32G0xx_HAL_Driver/Src/stm32g0xx_hal_tim_ex.o
 .debug_loclists
                0x0000afb7     0x3cb5 ./Drivers/STM32G0xx_HAL_Driver/Src/stm32g0xx_hal_uart.o
 .debug_loclists
                0x0000ec6c      0x91c ./Drivers/STM32G0xx_HAL_Driver/Src/stm32g0xx_hal_uart_ex.o

.debug_line_str
                0x00000000       0x57
 .debug_line_str
                0x00000000       0x57 ./Core/Startup/startup_stm32g031k8tx.o
