Archive member included to satisfy reference by file (symbol)

/Applications/STM32CubeIDE.app/Contents/Eclipse/plugins/com.st.stm32cube.ide.mcu.externaltools.gnu-tools-for-stm32.12.3.rel1.macos64_1.1.0.202410301201/tools/bin/../lib/gcc/arm-none-eabi/12.3.1/../../../../arm-none-eabi/lib/thumb/v6-m/nofp/libc_nano.a(libc_a-exit.o)
                              /Applications/STM32CubeIDE.app/Contents/Eclipse/plugins/com.st.stm32cube.ide.mcu.externaltools.gnu-tools-for-stm32.12.3.rel1.macos64_1.1.0.202410301201/tools/bin/../lib/gcc/arm-none-eabi/12.3.1/../../../../arm-none-eabi/lib/thumb/v6-m/nofp/crt0.o (exit)
/Applications/STM32CubeIDE.app/Contents/Eclipse/plugins/com.st.stm32cube.ide.mcu.externaltools.gnu-tools-for-stm32.12.3.rel1.macos64_1.1.0.202410301201/tools/bin/../lib/gcc/arm-none-eabi/12.3.1/../../../../arm-none-eabi/lib/thumb/v6-m/nofp/libc_nano.a(libc_a-findfp.o)
                              /Applications/STM32CubeIDE.app/Contents/Eclipse/plugins/com.st.stm32cube.ide.mcu.externaltools.gnu-tools-for-stm32.12.3.rel1.macos64_1.1.0.202410301201/tools/bin/../lib/gcc/arm-none-eabi/12.3.1/../../../../arm-none-eabi/lib/thumb/v6-m/nofp/libc_nano.a(libc_a-exit.o) (__stdio_exit_handler)
/Applications/STM32CubeIDE.app/Contents/Eclipse/plugins/com.st.stm32cube.ide.mcu.externaltools.gnu-tools-for-stm32.12.3.rel1.macos64_1.1.0.202410301201/tools/bin/../lib/gcc/arm-none-eabi/12.3.1/../../../../arm-none-eabi/lib/thumb/v6-m/nofp/libc_nano.a(libc_a-fwalk.o)
                              /Applications/STM32CubeIDE.app/Contents/Eclipse/plugins/com.st.stm32cube.ide.mcu.externaltools.gnu-tools-for-stm32.12.3.rel1.macos64_1.1.0.202410301201/tools/bin/../lib/gcc/arm-none-eabi/12.3.1/../../../../arm-none-eabi/lib/thumb/v6-m/nofp/libc_nano.a(libc_a-findfp.o) (_fwalk_sglue)
/Applications/STM32CubeIDE.app/Contents/Eclipse/plugins/com.st.stm32cube.ide.mcu.externaltools.gnu-tools-for-stm32.12.3.rel1.macos64_1.1.0.202410301201/tools/bin/../lib/gcc/arm-none-eabi/12.3.1/../../../../arm-none-eabi/lib/thumb/v6-m/nofp/libc_nano.a(libc_a-memset.o)
                              /Applications/STM32CubeIDE.app/Contents/Eclipse/plugins/com.st.stm32cube.ide.mcu.externaltools.gnu-tools-for-stm32.12.3.rel1.macos64_1.1.0.202410301201/tools/bin/../lib/gcc/arm-none-eabi/12.3.1/../../../../arm-none-eabi/lib/thumb/v6-m/nofp/crt0.o (memset)
/Applications/STM32CubeIDE.app/Contents/Eclipse/plugins/com.st.stm32cube.ide.mcu.externaltools.gnu-tools-for-stm32.12.3.rel1.macos64_1.1.0.202410301201/tools/bin/../lib/gcc/arm-none-eabi/12.3.1/../../../../arm-none-eabi/lib/thumb/v6-m/nofp/libc_nano.a(libc_a-impure.o)
                              /Applications/STM32CubeIDE.app/Contents/Eclipse/plugins/com.st.stm32cube.ide.mcu.externaltools.gnu-tools-for-stm32.12.3.rel1.macos64_1.1.0.202410301201/tools/bin/../lib/gcc/arm-none-eabi/12.3.1/../../../../arm-none-eabi/lib/thumb/v6-m/nofp/libc_nano.a(libc_a-findfp.o) (_impure_data)
/Applications/STM32CubeIDE.app/Contents/Eclipse/plugins/com.st.stm32cube.ide.mcu.externaltools.gnu-tools-for-stm32.12.3.rel1.macos64_1.1.0.202410301201/tools/bin/../lib/gcc/arm-none-eabi/12.3.1/../../../../arm-none-eabi/lib/thumb/v6-m/nofp/libc_nano.a(libc_a-errno.o)
                              ./Core/Src/syscalls.o (__errno)
/Applications/STM32CubeIDE.app/Contents/Eclipse/plugins/com.st.stm32cube.ide.mcu.externaltools.gnu-tools-for-stm32.12.3.rel1.macos64_1.1.0.202410301201/tools/bin/../lib/gcc/arm-none-eabi/12.3.1/../../../../arm-none-eabi/lib/thumb/v6-m/nofp/libc_nano.a(libc_a-init.o)
                              /Applications/STM32CubeIDE.app/Contents/Eclipse/plugins/com.st.stm32cube.ide.mcu.externaltools.gnu-tools-for-stm32.12.3.rel1.macos64_1.1.0.202410301201/tools/bin/../lib/gcc/arm-none-eabi/12.3.1/../../../../arm-none-eabi/lib/thumb/v6-m/nofp/crt0.o (__libc_init_array)
/Applications/STM32CubeIDE.app/Contents/Eclipse/plugins/com.st.stm32cube.ide.mcu.externaltools.gnu-tools-for-stm32.12.3.rel1.macos64_1.1.0.202410301201/tools/bin/../lib/gcc/arm-none-eabi/12.3.1/../../../../arm-none-eabi/lib/thumb/v6-m/nofp/libc_nano.a(libc_a-lock.o)
                              /Applications/STM32CubeIDE.app/Contents/Eclipse/plugins/com.st.stm32cube.ide.mcu.externaltools.gnu-tools-for-stm32.12.3.rel1.macos64_1.1.0.202410301201/tools/bin/../lib/gcc/arm-none-eabi/12.3.1/../../../../arm-none-eabi/lib/thumb/v6-m/nofp/libc_nano.a(libc_a-findfp.o) (__retarget_lock_init_recursive)
/Applications/STM32CubeIDE.app/Contents/Eclipse/plugins/com.st.stm32cube.ide.mcu.externaltools.gnu-tools-for-stm32.12.3.rel1.macos64_1.1.0.202410301201/tools/bin/../lib/gcc/arm-none-eabi/12.3.1/../../../../arm-none-eabi/lib/thumb/v6-m/nofp/libc_nano.a(libc_a-memcpy-stub.o)
                              ./Core/Src/oscillator.o (memcpy)
[...]
Memory Configuration

Name             Origin             Length             Attributes
RAM              0x20000000         0x00002000         xrw
FLASH            0x08000000         0x00010000         xr
*default*        0x00000000         0xffffffff

Linker script and memory map

LOAD /Applications/STM32CubeIDE.app/Contents/Eclipse/plugins/com.st.stm32cube.ide.mcu.externaltools.gnu-tools-for-stm32.12.3.rel1.macos64_1.1.0.202410301201/tools/bin/../lib/gcc/arm-none-eabi/12.3.1/thumb/v6-m/nofp/crti.o
LOAD /Applications/STM32CubeIDE.app/Contents/Eclipse/plugins/com.st.stm32cube.ide.mcu.externaltools.gnu-tools-for-stm32.12.3.rel1.macos64_1.1.0.202410301201/tools/bin/../lib/gcc/arm-none-eabi/12.3.1/thumb/v6-m/nofp/crtbegin.o
LOAD /Applications/STM32CubeIDE.app/Contents/Eclipse/plugins/com.st.stm32cube.ide.mcu.externaltools.gnu-tools-for-stm32.12.3.rel1.macos64_1.1.0.202410301201/tools/bin/../lib/gcc/arm-none-eabi/12.3.1/../../../../arm-none-eabi/lib/thumb/v6-m/nofp/crt0.o
LOAD ./Core/Src/UART.o
LOAD ./Core/Src/checking_functions.o
LOAD ./Core/Src/config.o
LOAD ./Core/Src/custom_callbacks.o
LOAD ./Core/Src/debug.o
LOAD ./Core/Src/input_capture.o
LOAD ./Core/Src/main.o
LOAD ./Core/Src/oscillator.o
LOAD ./Core/Src/speed_control_state_machine.o
LOAD ./Core/Src/startup.o
LOAD ./Core/Src/stm32g0xx_hal_msp.o
LOAD ./Core/Src/stm32g0xx_it.o
LOAD ./Core/Src/symmetry_adjustment.o
LOAD ./Core/Src/syscalls.o
LOAD ./Core/Src/sysmem.o
LOAD ./Core/Src/system_stm32g0xx.o
LOAD ./Core/Src/timers.o
LOAD ./Core/Src/utility.o
LOAD ./Core/Startup/startup_stm32g031k8tx.o
LOAD ./Drivers/STM32G0xx_HAL_Driver/Src/stm32g0xx_hal.o
LOAD ./Drivers/STM32G0xx_HAL_Driver/Src/stm32g0xx_hal_adc.o
LOAD ./Drivers/STM32G0xx_HAL_Driver/Src/stm32g0xx_hal_adc_ex.o
LOAD ./Drivers/STM32G0xx_HAL_Driver/Src/stm32g0xx_hal_cortex.o
LOAD ./Drivers/STM32G0xx_HAL_Driver/Src/stm32g0xx_hal_dma.o
LOAD ./Drivers/STM32G0xx_HAL_Driver/Src/stm32g0xx_hal_dma_ex.o
LOAD ./Drivers/STM32G0xx_HAL_Driver/Src/stm32g0xx_hal_exti.o
LOAD ./Drivers/STM32G0xx_HAL_Driver/Src/stm32g0xx_hal_flash.o
LOAD ./Drivers/STM32G0xx_HAL_Driver/Src/stm32g0xx_hal_flash_ex.o
LOAD ./Drivers/STM32G0xx_HAL_Driver/Src/stm32g0xx_hal_gpio.o
LOAD ./Drivers/STM32G0xx_HAL_Driver/Src/stm32g0xx_hal_iwdg.o
LOAD ./Drivers/STM32G0xx_HAL_Driver/Src/stm32g0xx_hal_lptim.o
LOAD ./Drivers/STM32G0xx_HAL_Driver/Src/stm32g0xx_hal_pwr.o
LOAD ./Drivers/STM32G0xx_HAL_Driver/Src/stm32g0xx_hal_pwr_ex.o
LOAD ./Drivers/STM32G0xx_HAL_Driver/Src/stm32g0xx_hal_rcc.o
LOAD ./Drivers/STM32G0xx_HAL_Driver/Src/stm32g0xx_hal_rcc_ex.o
LOAD ./Drivers/STM32G0xx_HAL_Driver/Src/stm32g0xx_hal_tim.o
LOAD ./Drivers/STM32G0xx_HAL_Driver/Src/stm32g0xx_hal_tim_ex.o
LOAD ./Drivers/STM32G0xx_HAL_Driver/Src/stm32g0xx_hal_uart.o
LOAD ./Drivers/STM32G0xx_HAL_Driver/Src/stm32g0xx_hal_uart_ex.o
LOAD ./Drivers/STM32G0xx_HAL_Driver/Src/stm32g0xx_ll_adc.o
LOAD ./Drivers/STM32G0xx_HAL_Driver/Src/stm32g0xx_ll_rcc.o
START GROUP
LOAD /Applications/STM32CubeIDE.app/Contents/Eclipse/plugins/com.st.stm32cube.ide.mcu.externaltools.gnu-tools-for-stm32.12.3.rel1.macos64_1.1.0.202410301201/tools/bin/../lib/gcc/arm-none-eabi/12.3.1/../../../../arm-none-eabi/lib/thumb/v6-m/nofp/libc_nano.a
LOAD /Applications/STM32CubeIDE.app/Contents/Eclipse/plugins/com.st.stm32cube.ide.mcu.externaltools.gnu-tools-for-stm32.12.3.rel1.macos64_1.1.0.202410301201/tools/bin/../lib/gcc/arm-none-eabi/12.3.1/../../../../arm-none-eabi/lib/thumb/v6-m/nofp/libm.a
END GROUP
START GROUP
LOAD /Applications/STM32CubeIDE.app/Contents/Eclipse/plugins/com.st.stm32cube.ide.mcu.externaltools.gnu-tools-for-stm32.12.3.rel1.macos64_1.1.0.202410301201/tools/bin/../lib/gcc/arm-none-eabi/12.3.1/thumb/v6-m/nofp/libgcc.a
LOAD /Applications/STM32CubeIDE.app/Contents/Eclipse/plugins/com.st.stm32cube.ide.mcu.externaltools.gnu-tools-for-stm32.12.3.rel1.macos64_1.1.0.202410301201/tools/bin/../lib/gcc/arm-none-eabi/12.3.1/../../../../arm-none-eabi/lib/thumb/v6-m/nofp/libc_nano.a
END GROUP
START GROUP
LOAD /Applications/STM32CubeIDE.app/Contents/Eclipse/plugins/com.st.stm32cube.ide.mcu.externaltools.gnu-tools-for-stm32.12.3.rel1.macos64_1.1.0.202410301201/tools/bin/../lib/gcc/arm-none-eabi/12.3.1/thumb/v6-m/nofp/libgcc.a
LOAD /Applications/STM32CubeIDE.app/Contents/Eclipse/plugins/com.st.stm32cube.ide.mcu.externaltools.gnu-tools-for-stm32.12.3.rel1.macos64_1.1.0.202410301201/tools/bin/../lib/gcc/arm-none-eabi/12.3.1/../../../../arm-none-eabi/lib/thumb/v6-m/nofp/libc_nano.a
LOAD /Applications/STM32CubeIDE.app/Contents/Eclipse/plugins/com.st.stm32cube.ide.mcu.externaltools.gnu-tools-for-stm32.12.3.rel1.macos64_1.1.0.202410301201/tools/bin/../lib/gcc/arm-none-eabi/12.3.1/../../../../arm-none-eabi/lib/thumb/v6-m/nofp/libnosys.a
END GROUP
START GROUP
LOAD /Applications/STM32CubeIDE.app/Contents/Eclipse/plugins/com.st.stm32cube.ide.mcu.externaltools.gnu-tools-for-stm32.12.3.rel1.macos64_1.1.0.202410301201/tools/bin/../lib/gcc/arm-none-eabi/12.3.1/thumb/v6-m/nofp/libgcc.a
LOAD /Applications/STM32CubeIDE.app/Contents/Eclipse/plugins/com.st.stm32cube.ide.mcu.externaltools.gnu-tools-for-stm32.12.3.rel1.macos64_1.1.0.202410301201/tools/bin/../lib/gcc/arm-none-eabi/12.3.1/../../../../arm-none-eabi/lib/thumb/v6-m/nofp/libc_nano.a
LOAD /Applications/STM32CubeIDE.app/Contents/Eclipse/plugins/com.st.stm32cube.ide.mcu.externaltools.gnu-tools-for-stm32.12.3.rel1.macos64_1.1.0.202410301201/tools/bin/../lib/gcc/arm-none-eabi/12.3.1/../../../../arm-none-eabi/lib/thumb/v6-m/nofp/libnosys.a
END GROUP
LOAD /Applications/STM32CubeIDE.app/Contents/Eclipse/plugins/com.st.stm32cube.ide.mcu.externaltools.gnu-tools-for-stm32.12.3.rel1.macos64_1.1.0.202410301201/tools/bin/../lib/gcc/arm-none-eabi/12.3.1/thumb/v6-m/nofp/crtend.o
LOAD /Applications/STM32CubeIDE.app/Contents/Eclipse/plugins/com.st.stm32cube.ide.mcu.externaltools.gnu-tools-for-stm32.12.3.rel1.macos64_1.1.0.202410301201/tools/bin/../lib/gcc/arm-none-eabi/12.3.1/thumb/v6-m/nofp/crtn.o
                0x20002000                        _estack = (ORIGIN (RAM) + LENGTH (RAM))
                0x00000200                        _Min_Heap_Size = 0x200
                0x00000400                        _Min_Stack_Size = 0x400

.isr_vector     0x08000000       0xbc
                0x08000000                        . = ALIGN (0x4)
 *(.isr_vector)
 .isr_vector    0x08000000       0xbc ./Core/Startup/startup_stm32g031k8tx.o
                0x08000000                g_pfnVectors
                0x080000bc                        . = ALIGN (0x4)

.text           0x080000bc     0x634c
                0x080000bc                        . = ALIGN (0x4)
 *(.text)
 .text          0x080000bc       0x48 /Applications/STM32CubeIDE.app/Contents/Eclipse/plugins/com.st.stm32cube.ide.mcu.externaltools.gnu-tools-for-stm32.12.3.rel1.macos64_1.1.0.202410301201/tools/bin/../lib/gcc/arm-none-eabi/12.3.1/thumb/v6-m/nofp/crtbegin.o
 .text          0x08000104      0x114 /Applications/STM32CubeIDE.app/Contents/Eclipse/plugins/com.st.stm32cube.ide.mcu.externaltools.gnu-tools-for-stm32.12.3.rel1.macos64_1.1.0.202410301201/tools/bin/../lib/gcc/arm-none-eabi/12.3.1/thumb/v6-m/nofp/libgcc.a(_udivsi3.o)
                0x08000104                __udivsi3
                0x08000104                __aeabi_uidiv
                0x08000210                __aeabi_uidivmod
 .text          0x08000218        0x4 /Applications/STM32CubeIDE.app/Contents/Eclipse/plugins/com.st.stm32cube.ide.mcu.externaltools.gnu-tools-for-stm32.12.3.rel1.macos64_1.1.0.202410301201/tools/bin/../lib/gcc/arm-none-eabi/12.3.1/thumb/v6-m/nofp/libgcc.a(_dvmd_tls.o)
                0x08000218                __aeabi_ldiv0
                0x08000218                __aeabi_idiv0
 .text          0x0800021c       0x40 /Applications/STM32CubeIDE.app/Contents/Eclipse/plugins/com.st.stm32cube.ide.mcu.externaltools.gnu-tools-for-stm32.12.3.rel1.macos64_1.1.0.202410301201/tools/bin/../lib/gcc/arm-none-eabi/12.3.1/thumb/v6-m/nofp/libgcc.a(_aeabi_uldivmod.o)
                0x0800021c                __aeabi_uldivmod
 .text          0x0800025c      0x198 /Applications/STM32CubeIDE.app/Contents/Eclipse/plugins/com.st.stm32cube.ide.mcu.externaltools.gnu-tools-for-stm32.12.3.rel1.macos64_1.1.0.202410301201/tools/bin/../lib/gcc/arm-none-eabi/12.3.1/thumb/v6-m/nofp/libgcc.a(_udivmoddi4.o)
                0x0800025c                __udivmoddi4
 .text          0x080003f4       0x18 /Applications/STM32CubeIDE.app/Contents/Eclipse/plugins/com.st.stm32cube.ide.mcu.externaltools.gnu-tools-for-stm32.12.3.rel1.macos64_1.1.0.202410301201/tools/bin/../lib/gcc/arm-none-eabi/12.3.1/thumb/v6-m/nofp/libgcc.a(_clzdi2.o)
                0x080003f4                __clzdi2
 .text          0x0800040c       0x3c /Applications/STM32CubeIDE.app/Contents/Eclipse/plugins/com.st.stm32cube.ide.mcu.externaltools.gnu-tools-for-stm32.12.3.rel1.macos64_1.1.0.202410301201/tools/bin/../lib/gcc/arm-none-eabi/12.3.1/thumb/v6-m/nofp/libgcc.a(_clzsi2.o)
                0x0800040c                __clzsi2
 *(.text*)
 .text.Start_UART_Receive
                0x08000448       0x18 ./Core/Src/UART.o
                0x08000448                Start_UART_Receive
 .text.Speed_Pot_Check
                0x08000460       0x70 ./Core/Src/checking_functions.o
                0x08000460                Speed_Pot_Check
 .text.Check_Tap_Tempo_Switch_State
                0x080004d0       0x64 ./Core/Src/checking_functions.o
                0x080004d0                Check_Tap_Tempo_Switch_State
 .text.Check_CLK_IN_State
                0x08000534       0x20 ./Core/Src/checking_functions.o
                0x08000534                Check_CLK_IN_State
 .text.SystemClock_Config
                0x08000554       0x80 ./Core/Src/config.o
                0x08000554                SystemClock_Config
 .text.MX_ADC1_Init
                0x080005d4       0xf4 ./Core/Src/config.o
                0x080005d4                MX_ADC1_Init
 .text.MX_TIM16_Init
                0x080006c8       0xb0 ./Core/Src/config.o
                0x080006c8                MX_TIM16_Init
 .text.MX_TIM2_Init
                0x08000778       0xb8 ./Core/Src/config.o
                0x08000778                MX_TIM2_Init
 .text.MX_TIM3_Init
                0x08000830       0xc0 ./Core/Src/config.o
                0x08000830                MX_TIM3_Init
 .text.MX_TIM1_Init
                0x080008f0      0x128 ./Core/Src/config.o
                0x080008f0                MX_TIM1_Init
 .text.MX_GPIO_Init
                0x08000a18      0x11c ./Core/Src/config.o
                0x08000a18                MX_GPIO_Init
 .text.Error_Handler
                0x08000b34        0x4 ./Core/Src/config.o
                0x08000b34                Error_Handler
 .text.System_Init
                0x08000b38      0x170 ./Core/Src/config.o
                0x08000b38                System_Init
 .text.TIM16_callback
                0x08000ca8       0x40 ./Core/Src/custom_callbacks.o
                0x08000ca8                TIM16_callback
 .text.ADC_DMA_conversion_complete_callback
                0x08000ce8       0x9c ./Core/Src/custom_callbacks.o
                0x08000ce8                ADC_DMA_conversion_complete_callback
 .text.TIM2_ch1_IP_capture_callback
                0x08000d84       0xa8 ./Core/Src/custom_callbacks.o
                0x08000d84                TIM2_ch1_IP_capture_callback
 .text.TIM2_ch1_overflow_callback
                0x08000e2c       0x24 ./Core/Src/custom_callbacks.o
                0x08000e2c                TIM2_ch1_overflow_callback
 .text.TIM3_ch1_IP_capture_measurement_reelapse_callback
                0x08000e50       0x80 ./Core/Src/custom_callbacks.o
                0x08000e50                TIM3_ch1_IP_capture_measurement_reelapse_callback
 .text.UART2_TX_transfer_complete_callback
                0x08000ed0        0xc ./Core/Src/custom_callbacks.o
                0x08000ed0                UART2_TX_transfer_complete_callback
 .text.UART2_RX_transfer_complete_callback
                0x08000edc       0x30 ./Core/Src/custom_callbacks.o
                0x08000edc                UART2_RX_transfer_complete_callback
 .text.LPTIM1_callback
                0x08000f0c       0xdc ./Core/Src/custom_callbacks.o
                0x08000f0c                LPTIM1_callback
 .text.Input_Capture_Processing
                0x08000fe8       0x84 ./Core/Src/input_capture.o
                0x08000fe8                Input_Capture_Processing
 .text.Start_Input_Capture_Timer
                0x0800106c       0x30 ./Core/Src/input_capture.o
                0x0800106c                Start_Input_Capture_Timer
 .text.startup.main
                0x0800109c       0x28 ./Core/Src/main.o
                0x0800109c                main
 .text.Start_PWM_Gen_Timer_Main_and_Secondary_Oscillators
                0x080010c4       0x34 ./Core/Src/oscillator.o
                0x080010c4                Start_PWM_Gen_Timer_Main_and_Secondary_Oscillators
 .text.Start_Freq_Gen_Timer
                0x080010f8       0x1c ./Core/Src/oscillator.o
                0x080010f8                Start_Freq_Gen_Timer
 .text.Process_TIM16_Raw_Start_Value_and_Raw_Prescaler
                0x08001114       0x2c ./Core/Src/oscillator.o
                0x08001114                Process_TIM16_Raw_Start_Value_and_Raw_Prescaler
 .text.Set_Oscillator_Values
                0x08001140       0x30 ./Core/Src/oscillator.o
                0x08001140                Set_Oscillator_Values
 .text.Calculate_Next_Main_Oscillator_Values
                0x08001170      0x138 ./Core/Src/oscillator.o
                0x08001170                Calculate_Next_Main_Oscillator_Values
 .text.Write_Next_Main_Oscillator_Values_to_Delay_Line
                0x080012a8       0xb8 ./Core/Src/oscillator.o
                0x080012a8                Write_Next_Main_Oscillator_Values_to_Delay_Line
 .text.Process_ADC_Conversion_Values
                0x08001360       0x5c ./Core/Src/oscillator.o
                0x08001360                Process_ADC_Conversion_Values
 .text.Copy_Params_Structs
                0x080013bc       0x14 ./Core/Src/oscillator.o
                0x080013bc                Copy_Params_Structs
 .text.Startup  0x080013d0      0x110 ./Core/Src/startup.o
                0x080013d0                Startup
 .text.HAL_MspInit
                0x080014e0       0x30 ./Core/Src/stm32g0xx_hal_msp.o
                0x080014e0                HAL_MspInit
 .text.HAL_ADC_MspInit
                0x08001510       0xa0 ./Core/Src/stm32g0xx_hal_msp.o
                0x08001510                HAL_ADC_MspInit
 .text.HAL_LPTIM_MspInit
                0x080015b0       0x8c ./Core/Src/stm32g0xx_hal_msp.o
                0x080015b0                HAL_LPTIM_MspInit
 .text.HAL_TIM_Base_MspInit
                0x0800163c      0x10c ./Core/Src/stm32g0xx_hal_msp.o
                0x0800163c                HAL_TIM_Base_MspInit
 .text.HAL_TIM_MspPostInit
                0x08001748       0x78 ./Core/Src/stm32g0xx_hal_msp.o
                0x08001748                HAL_TIM_MspPostInit
 .text.HAL_UART_MspInit
                0x080017c0       0xec ./Core/Src/stm32g0xx_hal_msp.o
                0x080017c0                HAL_UART_MspInit
 .text.NMI_Handler
                0x080018ac        0x4 ./Core/Src/stm32g0xx_it.o
                0x080018ac                NMI_Handler
 .text.HardFault_Handler
                0x080018b0        0x4 ./Core/Src/stm32g0xx_it.o
                0x080018b0                HardFault_Handler
 .text.SVC_Handler
                0x080018b4        0x4 ./Core/Src/stm32g0xx_it.o
                0x080018b4                SVC_Handler
 .text.PendSV_Handler
                0x080018b8        0x4 ./Core/Src/stm32g0xx_it.o
                0x080018b8                PendSV_Handler
 .text.SysTick_Handler
                0x080018bc        0x8 ./Core/Src/stm32g0xx_it.o
                0x080018bc                SysTick_Handler
 .text.EXTI4_15_IRQHandler
                0x080018c4       0x10 ./Core/Src/stm32g0xx_it.o
                0x080018c4                EXTI4_15_IRQHandler
 .text.DMA1_Channel1_IRQHandler
                0x080018d4       0x10 ./Core/Src/stm32g0xx_it.o
                0x080018d4                DMA1_Channel1_IRQHandler
 .text.DMA1_Channel2_3_IRQHandler
                0x080018e4       0x18 ./Core/Src/stm32g0xx_it.o
                0x080018e4                DMA1_Channel2_3_IRQHandler
 .text.TIM2_IRQHandler
                0x080018fc       0x10 ./Core/Src/stm32g0xx_it.o
                0x080018fc                TIM2_IRQHandler
 .text.TIM3_IRQHandler
                0x0800190c       0x10 ./Core/Src/stm32g0xx_it.o
                0x0800190c                TIM3_IRQHandler
 .text.TIM16_IRQHandler
                0x0800191c       0x10 ./Core/Src/stm32g0xx_it.o
                0x0800191c                TIM16_IRQHandler
 .text.USART2_IRQHandler
                0x0800192c       0x10 ./Core/Src/stm32g0xx_it.o
                0x0800192c                USART2_IRQHandler
 .text.LPTIM1_IRQHandler
                0x0800193c       0x10 ./Core/Src/stm32g0xx_it.o
                0x0800193c                LPTIM1_IRQHandler
 .text.Process_TIM16_Final_Start_Value_and_Final_Prescaler
                0x0800194c      0x2a4 ./Core/Src/symmetry_adjustment.o
                0x0800194c                Process_TIM16_Final_Start_Value_and_Final_Prescaler
 .text.SystemInit
                0x08001bf0        0x4 ./Core/Src/system_stm32g0xx.o
                0x08001bf0                SystemInit
 .text.Start_OC_TIM
                0x08001bf4       0x14 ./Core/Src/timers.o
                0x08001bf4                Start_OC_TIM
 .text.Stop_OC_TIM
                0x08001c08       0x14 ./Core/Src/timers.o
                0x08001c08                Stop_OC_TIM
 .text.isPrime  0x08001c1c       0x34 ./Core/Src/utility.o
                0x08001c1c                isPrime
 .text.unsigned_bitwise_modulo
                0x08001c50        0xc ./Core/Src/utility.o
                0x08001c50                unsigned_bitwise_modulo
 .text.Global_Interrupt_Enable
                0x08001c5c        0x8 ./Core/Src/utility.o
                0x08001c5c                Global_Interrupt_Enable
 .text.Reset_Handler
                0x08001c64       0x50 ./Core/Startup/startup_stm32g031k8tx.o
                0x08001c64                Reset_Handler
 .text.Default_Handler
                0x08001cb4        0x2 ./Core/Startup/startup_stm32g031k8tx.o
                0x08001cb4                TIM1_BRK_UP_TRG_COM_IRQHandler
                0x08001cb4                PVD_IRQHandler
                0x08001cb4                I2C1_IRQHandler
                0x08001cb4                LPTIM2_IRQHandler
                0x08001cb4                RTC_TAMP_IRQHandler
                0x08001cb4                SPI1_IRQHandler
                0x08001cb4                DMA1_Ch4_5_DMAMUX1_OVR_IRQHandler
                0x08001cb4                EXTI2_3_IRQHandler
                0x08001cb4                ADC1_IRQHandler
                0x08001cb4                I2C2_IRQHandler
                0x08001cb4                TIM17_IRQHandler
                0x08001cb4                RCC_IRQHandler
                0x08001cb4                Default_Handler
                0x08001cb4                TIM14_IRQHandler
                0x08001cb4                EXTI0_1_IRQHandler
                0x08001cb4                SPI2_IRQHandler
                0x08001cb4                WWDG_IRQHandler
                0x08001cb4                LPUART1_IRQHandler
                0x08001cb4                FLASH_IRQHandler
                0x08001cb4                USART1_IRQHandler
                0x08001cb4                TIM1_CC_IRQHandler
 *fill*         0x08001cb6        0x2 
 .text.HAL_InitTick
                0x08001cb8       0x4c ./Drivers/STM32G0xx_HAL_Driver/Src/stm32g0xx_hal.o
                0x08001cb8                HAL_InitTick
 .text.HAL_Init
                0x08001d04       0x28 ./Drivers/STM32G0xx_HAL_Driver/Src/stm32g0xx_hal.o
                0x08001d04                HAL_Init
 .text.HAL_IncTick
                0x08001d2c       0x18 ./Drivers/STM32G0xx_HAL_Driver/Src/stm32g0xx_hal.o
                0x08001d2c                HAL_IncTick
 .text.HAL_GetTick
                0x08001d44        0xc ./Drivers/STM32G0xx_HAL_Driver/Src/stm32g0xx_hal.o
                0x08001d44                HAL_GetTick
 .text.ADC_DMAConvCplt
                0x08001d50       0x80 ./Drivers/STM32G0xx_HAL_Driver/Src/stm32g0xx_hal_adc.o
 .text.ADC_DMAHalfConvCplt
                0x08001dd0        0xc ./Drivers/STM32G0xx_HAL_Driver/Src/stm32g0xx_hal_adc.o
 .text.ADC_DMAError
                0x08001ddc       0x1c ./Drivers/STM32G0xx_HAL_Driver/Src/stm32g0xx_hal_adc.o
 .text.HAL_ADC_ErrorCallback
                0x08001df8        0x4 ./Drivers/STM32G0xx_HAL_Driver/Src/stm32g0xx_hal_adc.o
                0x08001df8                HAL_ADC_ErrorCallback
 .text.HAL_ADC_ConvCpltCallback
                0x08001dfc        0x4 ./Drivers/STM32G0xx_HAL_Driver/Src/stm32g0xx_hal_adc.o
                0x08001dfc                HAL_ADC_ConvCpltCallback
 .text.HAL_ADC_ConvHalfCpltCallback
                0x08001e00        0x4 ./Drivers/STM32G0xx_HAL_Driver/Src/stm32g0xx_hal_adc.o
                0x08001e00                HAL_ADC_ConvHalfCpltCallback
 .text.HAL_ADC_LevelOutOfWindowCallback
                0x08001e04        0x4 ./Drivers/STM32G0xx_HAL_Driver/Src/stm32g0xx_hal_adc.o
                0x08001e04                HAL_ADC_LevelOutOfWindowCallback
 .text.HAL_ADC_Init
                0x08001e08      0x284 ./Drivers/STM32G0xx_HAL_Driver/Src/stm32g0xx_hal_adc.o
                0x08001e08                HAL_ADC_Init
 .text.HAL_ADC_RegisterCallback
                0x0800208c       0x70 ./Drivers/STM32G0xx_HAL_Driver/Src/stm32g0xx_hal_adc.o
                0x0800208c                HAL_ADC_RegisterCallback
 .text.HAL_ADC_ConfigChannel
                0x080020fc      0x284 ./Drivers/STM32G0xx_HAL_Driver/Src/stm32g0xx_hal_adc.o
                0x080020fc                HAL_ADC_ConfigChannel
 .text.ADC_ConversionStop
                0x08002380       0x74 ./Drivers/STM32G0xx_HAL_Driver/Src/stm32g0xx_hal_adc.o
                0x08002380                ADC_ConversionStop
 .text.ADC_Enable
                0x080023f4       0xcc ./Drivers/STM32G0xx_HAL_Driver/Src/stm32g0xx_hal_adc.o
                0x080023f4                ADC_Enable
 .text.HAL_ADC_Start_DMA
                0x080024c0       0xb4 ./Drivers/STM32G0xx_HAL_Driver/Src/stm32g0xx_hal_adc.o
                0x080024c0                HAL_ADC_Start_DMA
 .text.ADC_Disable
                0x08002574       0x88 ./Drivers/STM32G0xx_HAL_Driver/Src/stm32g0xx_hal_adc.o
                0x08002574                ADC_Disable
 .text.HAL_ADC_Stop_DMA
                0x080025fc       0x8c ./Drivers/STM32G0xx_HAL_Driver/Src/stm32g0xx_hal_adc.o
                0x080025fc                HAL_ADC_Stop_DMA
 .text.HAL_ADCEx_Calibration_Start
                0x08002688      0x19c ./Drivers/STM32G0xx_HAL_Driver/Src/stm32g0xx_hal_adc_ex.o
                0x08002688                HAL_ADCEx_Calibration_Start
 .text.HAL_ADCEx_LevelOutOfWindow2Callback
                0x08002824        0x4 ./Drivers/STM32G0xx_HAL_Driver/Src/stm32g0xx_hal_adc_ex.o
                0x08002824                HAL_ADCEx_LevelOutOfWindow2Callback
 .text.HAL_ADCEx_LevelOutOfWindow3Callback
                0x08002828        0x4 ./Drivers/STM32G0xx_HAL_Driver/Src/stm32g0xx_hal_adc_ex.o
                0x08002828                HAL_ADCEx_LevelOutOfWindow3Callback
 .text.HAL_ADCEx_EndOfSamplingCallback
                0x0800282c        0x4 ./Drivers/STM32G0xx_HAL_Driver/Src/stm32g0xx_hal_adc_ex.o
                0x0800282c                HAL_ADCEx_EndOfSamplingCallback
 .text.HAL_NVIC_SetPriority
                0x08002830       0x54 ./Drivers/STM32G0xx_HAL_Driver/Src/stm32g0xx_hal_cortex.o
                0x08002830                HAL_NVIC_SetPriority
 .text.HAL_NVIC_EnableIRQ
                0x08002884       0x18 ./Drivers/STM32G0xx_HAL_Driver/Src/stm32g0xx_hal_cortex.o
                0x08002884                HAL_NVIC_EnableIRQ
 .text.HAL_NVIC_DisableIRQ
                0x0800289c       0x20 ./Drivers/STM32G0xx_HAL_Driver/Src/stm32g0xx_hal_cortex.o
                0x0800289c                HAL_NVIC_DisableIRQ
 .text.HAL_SYSTICK_Config
                0x080028bc       0x34 ./Drivers/STM32G0xx_HAL_Driver/Src/stm32g0xx_hal_cortex.o
                0x080028bc                HAL_SYSTICK_Config
 .text.HAL_DMA_Init
                0x080028f0       0xec ./Drivers/STM32G0xx_HAL_Driver/Src/stm32g0xx_hal_dma.o
                0x080028f0                HAL_DMA_Init
 .text.HAL_DMA_Start_IT
                0x080029dc       0xd0 ./Drivers/STM32G0xx_HAL_Driver/Src/stm32g0xx_hal_dma.o
                0x080029dc                HAL_DMA_Start_IT
 .text.HAL_DMA_Abort
                0x08002aac       0x78 ./Drivers/STM32G0xx_HAL_Driver/Src/stm32g0xx_hal_dma.o
                0x08002aac                HAL_DMA_Abort
 .text.HAL_DMA_Abort_IT
                0x08002b24       0x78 ./Drivers/STM32G0xx_HAL_Driver/Src/stm32g0xx_hal_dma.o
                0x08002b24                HAL_DMA_Abort_IT
 .text.HAL_DMA_IRQHandler
                0x08002b9c       0xb8 ./Drivers/STM32G0xx_HAL_Driver/Src/stm32g0xx_hal_dma.o
                0x08002b9c                HAL_DMA_IRQHandler
 .text.HAL_GPIO_Init
                0x08002c54      0x1e4 ./Drivers/STM32G0xx_HAL_Driver/Src/stm32g0xx_hal_gpio.o
                0x08002c54                HAL_GPIO_Init
 .text.HAL_GPIO_ReadPin
                0x08002e38        0xc ./Drivers/STM32G0xx_HAL_Driver/Src/stm32g0xx_hal_gpio.o
                0x08002e38                HAL_GPIO_ReadPin
 .text.HAL_GPIO_WritePin
                0x08002e44        0xc ./Drivers/STM32G0xx_HAL_Driver/Src/stm32g0xx_hal_gpio.o
                0x08002e44                HAL_GPIO_WritePin
 .text.HAL_GPIO_EXTI_Rising_Callback
                0x08002e50        0x4 ./Drivers/STM32G0xx_HAL_Driver/Src/stm32g0xx_hal_gpio.o
                0x08002e50                HAL_GPIO_EXTI_Rising_Callback
 .text.HAL_GPIO_EXTI_Falling_Callback
                0x08002e54        0x4 ./Drivers/STM32G0xx_HAL_Driver/Src/stm32g0xx_hal_gpio.o
                0x08002e54                HAL_GPIO_EXTI_Falling_Callback
 .text.HAL_GPIO_EXTI_IRQHandler
                0x08002e58       0x34 ./Drivers/STM32G0xx_HAL_Driver/Src/stm32g0xx_hal_gpio.o
                0x08002e58                HAL_GPIO_EXTI_IRQHandler
 .text.HAL_LPTIM_DirectionDownCallback
                0x08002e8c        0x4 ./Drivers/STM32G0xx_HAL_Driver/Src/stm32g0xx_hal_lptim.o
                0x08002e8c                HAL_LPTIM_DirectionDownCallback
 .text.HAL_LPTIM_CompareMatchCallback
                0x08002e90        0x4 ./Drivers/STM32G0xx_HAL_Driver/Src/stm32g0xx_hal_lptim.o
                0x08002e90                HAL_LPTIM_CompareMatchCallback
 .text.HAL_LPTIM_AutoReloadMatchCallback
                0x08002e94        0x4 ./Drivers/STM32G0xx_HAL_Driver/Src/stm32g0xx_hal_lptim.o
                0x08002e94                HAL_LPTIM_AutoReloadMatchCallback
 .text.HAL_LPTIM_TriggerCallback
                0x08002e98        0x4 ./Drivers/STM32G0xx_HAL_Driver/Src/stm32g0xx_hal_lptim.o
                0x08002e98                HAL_LPTIM_TriggerCallback
 .text.HAL_LPTIM_CompareWriteCallback
                0x08002e9c        0x4 ./Drivers/STM32G0xx_HAL_Driver/Src/stm32g0xx_hal_lptim.o
                0x08002e9c                HAL_LPTIM_CompareWriteCallback
 .text.HAL_LPTIM_AutoReloadWriteCallback
                0x08002ea0        0x4 ./Drivers/STM32G0xx_HAL_Driver/Src/stm32g0xx_hal_lptim.o
                0x08002ea0                HAL_LPTIM_AutoReloadWriteCallback
 .text.HAL_LPTIM_DirectionUpCallback
                0x08002ea4        0x4 ./Drivers/STM32G0xx_HAL_Driver/Src/stm32g0xx_hal_lptim.o
                0x08002ea4                HAL_LPTIM_DirectionUpCallback
 .text.HAL_LPTIM_Init
                0x08002ea8      0x108 ./Drivers/STM32G0xx_HAL_Driver/Src/stm32g0xx_hal_lptim.o
                0x08002ea8                HAL_LPTIM_Init
 .text.HAL_LPTIM_IRQHandler
                0x08002fb0       0xb8 ./Drivers/STM32G0xx_HAL_Driver/Src/stm32g0xx_hal_lptim.o
                0x08002fb0                HAL_LPTIM_IRQHandler
 .text.HAL_LPTIM_RegisterCallback
                0x08003068       0x70 ./Drivers/STM32G0xx_HAL_Driver/Src/stm32g0xx_hal_lptim.o
                0x08003068                HAL_LPTIM_RegisterCallback
 .text.LPTIM_Disable
                0x080030d8      0x1c8 ./Drivers/STM32G0xx_HAL_Driver/Src/stm32g0xx_hal_lptim.o
                0x080030d8                LPTIM_Disable
 .text.HAL_LPTIM_SetOnce_Start_IT
                0x080032a0       0xc8 ./Drivers/STM32G0xx_HAL_Driver/Src/stm32g0xx_hal_lptim.o
                0x080032a0                HAL_LPTIM_SetOnce_Start_IT
 .text.HAL_PWREx_ControlVoltageScaling
                0x08003368       0x60 ./Drivers/STM32G0xx_HAL_Driver/Src/stm32g0xx_hal_pwr_ex.o
                0x08003368                HAL_PWREx_ControlVoltageScaling
 .text.HAL_RCC_OscConfig
                0x080033c8      0x4d0 ./Drivers/STM32G0xx_HAL_Driver/Src/stm32g0xx_hal_rcc.o
                0x080033c8                HAL_RCC_OscConfig
 .text.HAL_RCC_GetSysClockFreq
                0x08003898       0x9c ./Drivers/STM32G0xx_HAL_Driver/Src/stm32g0xx_hal_rcc.o
                0x08003898                HAL_RCC_GetSysClockFreq
 .text.HAL_RCC_ClockConfig
                0x08003934      0x190 ./Drivers/STM32G0xx_HAL_Driver/Src/stm32g0xx_hal_rcc.o
                0x08003934                HAL_RCC_ClockConfig
 .text.HAL_RCC_GetPCLK1Freq
                0x08003ac4       0x28 ./Drivers/STM32G0xx_HAL_Driver/Src/stm32g0xx_hal_rcc.o
                0x08003ac4                HAL_RCC_GetPCLK1Freq
 .text.HAL_RCCEx_PeriphCLKConfig
                0x08003aec      0x1f0 ./Drivers/STM32G0xx_HAL_Driver/Src/stm32g0xx_hal_rcc_ex.o
                0x08003aec                HAL_RCCEx_PeriphCLKConfig
 .text.HAL_TIM_OC_MspInit
                0x08003cdc        0x4 ./Drivers/STM32G0xx_HAL_Driver/Src/stm32g0xx_hal_tim.o
                0x08003cdc                HAL_TIM_OC_MspInit
 .text.HAL_TIM_PWM_MspInit
                0x08003ce0        0x4 ./Drivers/STM32G0xx_HAL_Driver/Src/stm32g0xx_hal_tim.o
                0x08003ce0                HAL_TIM_PWM_MspInit
 .text.HAL_TIM_IC_MspInit
                0x08003ce4        0x4 ./Drivers/STM32G0xx_HAL_Driver/Src/stm32g0xx_hal_tim.o
                0x08003ce4                HAL_TIM_IC_MspInit
 .text.HAL_TIM_PeriodElapsedCallback
                0x08003ce8        0x4 ./Drivers/STM32G0xx_HAL_Driver/Src/stm32g0xx_hal_tim.o
                0x08003ce8                HAL_TIM_PeriodElapsedCallback
 .text.HAL_TIM_PeriodElapsedHalfCpltCallback
                0x08003cec        0x4 ./Drivers/STM32G0xx_HAL_Driver/Src/stm32g0xx_hal_tim.o
                0x08003cec                HAL_TIM_PeriodElapsedHalfCpltCallback
 .text.HAL_TIM_OC_DelayElapsedCallback
                0x08003cf0        0x4 ./Drivers/STM32G0xx_HAL_Driver/Src/stm32g0xx_hal_tim.o
                0x08003cf0                HAL_TIM_OC_DelayElapsedCallback
 .text.HAL_TIM_IC_CaptureCallback
                0x08003cf4        0x4 ./Drivers/STM32G0xx_HAL_Driver/Src/stm32g0xx_hal_tim.o
                0x08003cf4                HAL_TIM_IC_CaptureCallback
 .text.HAL_TIM_IC_CaptureHalfCpltCallback
                0x08003cf8        0x4 ./Drivers/STM32G0xx_HAL_Driver/Src/stm32g0xx_hal_tim.o
                0x08003cf8                HAL_TIM_IC_CaptureHalfCpltCallback
 .text.HAL_TIM_PWM_PulseFinishedCallback
                0x08003cfc        0x4 ./Drivers/STM32G0xx_HAL_Driver/Src/stm32g0xx_hal_tim.o
                0x08003cfc                HAL_TIM_PWM_PulseFinishedCallback
 .text.HAL_TIM_PWM_PulseFinishedHalfCpltCallback
                0x08003d00        0x4 ./Drivers/STM32G0xx_HAL_Driver/Src/stm32g0xx_hal_tim.o
                0x08003d00                HAL_TIM_PWM_PulseFinishedHalfCpltCallback
 .text.HAL_TIM_TriggerCallback
                0x08003d04        0x4 ./Drivers/STM32G0xx_HAL_Driver/Src/stm32g0xx_hal_tim.o
                0x08003d04                HAL_TIM_TriggerCallback
 .text.HAL_TIM_TriggerHalfCpltCallback
                0x08003d08        0x4 ./Drivers/STM32G0xx_HAL_Driver/Src/stm32g0xx_hal_tim.o
                0x08003d08                HAL_TIM_TriggerHalfCpltCallback
 .text.HAL_TIM_ErrorCallback
                0x08003d0c        0x4 ./Drivers/STM32G0xx_HAL_Driver/Src/stm32g0xx_hal_tim.o
                0x08003d0c                HAL_TIM_ErrorCallback
 .text.HAL_TIM_Base_Init
                0x08003d10      0x190 ./Drivers/STM32G0xx_HAL_Driver/Src/stm32g0xx_hal_tim.o
                0x08003d10                HAL_TIM_Base_Init
 .text.HAL_TIM_Base_Start
                0x08003ea0       0x5c ./Drivers/STM32G0xx_HAL_Driver/Src/stm32g0xx_hal_tim.o
                0x08003ea0                HAL_TIM_Base_Start
 .text.HAL_TIM_Base_Start_IT
                0x08003efc       0x64 ./Drivers/STM32G0xx_HAL_Driver/Src/stm32g0xx_hal_tim.o
                0x08003efc                HAL_TIM_Base_Start_IT
 .text.HAL_TIM_OC_Init
                0x08003f60      0x190 ./Drivers/STM32G0xx_HAL_Driver/Src/stm32g0xx_hal_tim.o
                0x08003f60                HAL_TIM_OC_Init
 .text.HAL_TIM_OC_Start_IT
                0x080040f0      0x104 ./Drivers/STM32G0xx_HAL_Driver/Src/stm32g0xx_hal_tim.o
                0x080040f0                HAL_TIM_OC_Start_IT
 .text.HAL_TIM_OC_Stop_IT
                0x080041f4      0x100 ./Drivers/STM32G0xx_HAL_Driver/Src/stm32g0xx_hal_tim.o
                0x080041f4                HAL_TIM_OC_Stop_IT
 .text.HAL_TIM_PWM_Init
                0x080042f4      0x190 ./Drivers/STM32G0xx_HAL_Driver/Src/stm32g0xx_hal_tim.o
                0x080042f4                HAL_TIM_PWM_Init
 .text.HAL_TIM_PWM_Start
                0x08004484       0xd0 ./Drivers/STM32G0xx_HAL_Driver/Src/stm32g0xx_hal_tim.o
                0x08004484                HAL_TIM_PWM_Start
 .text.HAL_TIM_IC_Init
                0x08004554      0x190 ./Drivers/STM32G0xx_HAL_Driver/Src/stm32g0xx_hal_tim.o
                0x08004554                HAL_TIM_IC_Init
 .text.HAL_TIM_IC_Start_IT
                0x080046e4      0x168 ./Drivers/STM32G0xx_HAL_Driver/Src/stm32g0xx_hal_tim.o
                0x080046e4                HAL_TIM_IC_Start_IT
 .text.HAL_TIM_IRQHandler
                0x0800484c      0x1b4 ./Drivers/STM32G0xx_HAL_Driver/Src/stm32g0xx_hal_tim.o
                0x0800484c                HAL_TIM_IRQHandler
 .text.HAL_TIM_OC_ConfigChannel
                0x08004a00      0x2a4 ./Drivers/STM32G0xx_HAL_Driver/Src/stm32g0xx_hal_tim.o
                0x08004a00                HAL_TIM_OC_ConfigChannel
 .text.HAL_TIM_IC_ConfigChannel
                0x08004ca4      0x1bc ./Drivers/STM32G0xx_HAL_Driver/Src/stm32g0xx_hal_tim.o
                0x08004ca4                HAL_TIM_IC_ConfigChannel
 .text.HAL_TIM_PWM_ConfigChannel
                0x08004e60      0x348 ./Drivers/STM32G0xx_HAL_Driver/Src/stm32g0xx_hal_tim.o
                0x08004e60                HAL_TIM_PWM_ConfigChannel
 .text.HAL_TIM_ConfigClockSource
                0x080051a8      0x170 ./Drivers/STM32G0xx_HAL_Driver/Src/stm32g0xx_hal_tim.o
                0x080051a8                HAL_TIM_ConfigClockSource
 .text.HAL_TIM_ReadCapturedValue
                0x08005318       0x30 ./Drivers/STM32G0xx_HAL_Driver/Src/stm32g0xx_hal_tim.o
                0x08005318                HAL_TIM_ReadCapturedValue
 .text.HAL_TIM_RegisterCallback
                0x08005348      0x104 ./Drivers/STM32G0xx_HAL_Driver/Src/stm32g0xx_hal_tim.o
                0x08005348                HAL_TIM_RegisterCallback
 .text.HAL_TIMEx_MasterConfigSynchronization
                0x0800544c       0x70 ./Drivers/STM32G0xx_HAL_Driver/Src/stm32g0xx_hal_tim_ex.o
                0x0800544c                HAL_TIMEx_MasterConfigSynchronization
 .text.HAL_TIMEx_ConfigBreakDeadTime
                0x080054bc       0xc0 ./Drivers/STM32G0xx_HAL_Driver/Src/stm32g0xx_hal_tim_ex.o
                0x080054bc                HAL_TIMEx_ConfigBreakDeadTime
 .text.HAL_TIMEx_CommutCallback
                0x0800557c        0x4 ./Drivers/STM32G0xx_HAL_Driver/Src/stm32g0xx_hal_tim_ex.o
                0x0800557c                HAL_TIMEx_CommutCallback
 .text.HAL_TIMEx_CommutHalfCpltCallback
                0x08005580        0x4 ./Drivers/STM32G0xx_HAL_Driver/Src/stm32g0xx_hal_tim_ex.o
                0x08005580                HAL_TIMEx_CommutHalfCpltCallback
 .text.HAL_TIMEx_BreakCallback
                0x08005584        0x4 ./Drivers/STM32G0xx_HAL_Driver/Src/stm32g0xx_hal_tim_ex.o
                0x08005584                HAL_TIMEx_BreakCallback
 .text.HAL_TIMEx_Break2Callback
                0x08005588        0x4 ./Drivers/STM32G0xx_HAL_Driver/Src/stm32g0xx_hal_tim_ex.o
                0x08005588                HAL_TIMEx_Break2Callback
 .text.HAL_UARTEx_RxEventCallback
                0x0800558c        0x4 ./Drivers/STM32G0xx_HAL_Driver/Src/stm32g0xx_hal_uart.o
                0x0800558c                HAL_UARTEx_RxEventCallback
 .text.UART_DMAReceiveCplt
                0x08005590       0xa0 ./Drivers/STM32G0xx_HAL_Driver/Src/stm32g0xx_hal_uart.o
 .text.UART_DMARxHalfCplt
                0x08005630       0x24 ./Drivers/STM32G0xx_HAL_Driver/Src/stm32g0xx_hal_uart.o
 .text.UART_DMAAbortOnError
                0x08005654       0x18 ./Drivers/STM32G0xx_HAL_Driver/Src/stm32g0xx_hal_uart.o
 .text.HAL_UART_AbortReceiveCpltCallback
                0x0800566c        0x4 ./Drivers/STM32G0xx_HAL_Driver/Src/stm32g0xx_hal_uart.o
                0x0800566c                HAL_UART_AbortReceiveCpltCallback
 .text.HAL_UART_TxCpltCallback
                0x08005670        0x4 ./Drivers/STM32G0xx_HAL_Driver/Src/stm32g0xx_hal_uart.o
                0x08005670                HAL_UART_TxCpltCallback
 .text.HAL_UART_TxHalfCpltCallback
                0x08005674        0x4 ./Drivers/STM32G0xx_HAL_Driver/Src/stm32g0xx_hal_uart.o
                0x08005674                HAL_UART_TxHalfCpltCallback
 .text.HAL_UART_RxCpltCallback
                0x08005678        0x4 ./Drivers/STM32G0xx_HAL_Driver/Src/stm32g0xx_hal_uart.o
                0x08005678                HAL_UART_RxCpltCallback
 .text.HAL_UART_RxHalfCpltCallback
                0x0800567c        0x4 ./Drivers/STM32G0xx_HAL_Driver/Src/stm32g0xx_hal_uart.o
                0x0800567c                HAL_UART_RxHalfCpltCallback
 .text.HAL_UART_ErrorCallback
                0x08005680        0x4 ./Drivers/STM32G0xx_HAL_Driver/Src/stm32g0xx_hal_uart.o
                0x08005680                HAL_UART_ErrorCallback
 .text.HAL_UART_AbortCpltCallback
                0x08005684        0x4 ./Drivers/STM32G0xx_HAL_Driver/Src/stm32g0xx_hal_uart.o
                0x08005684                HAL_UART_AbortCpltCallback
 .text.HAL_UART_AbortTransmitCpltCallback
                0x08005688        0x4 ./Drivers/STM32G0xx_HAL_Driver/Src/stm32g0xx_hal_uart.o
                0x08005688                HAL_UART_AbortTransmitCpltCallback
 .text.UART_DMAError
                0x0800568c       0xdc ./Drivers/STM32G0xx_HAL_Driver/Src/stm32g0xx_hal_uart.o
 .text.HAL_UART_RegisterCallback
                0x08005768       0xa4 ./Drivers/STM32G0xx_HAL_Driver/Src/stm32g0xx_hal_uart.o
                0x08005768                HAL_UART_RegisterCallback
 .text.HAL_UART_Receive_DMA
                0x0800580c      0x100 ./Drivers/STM32G0xx_HAL_Driver/Src/stm32g0xx_hal_uart.o
                0x0800580c                HAL_UART_Receive_DMA
 .text.HAL_UART_IRQHandler
                0x0800590c      0x3cc ./Drivers/STM32G0xx_HAL_Driver/Src/stm32g0xx_hal_uart.o
                0x0800590c                HAL_UART_IRQHandler
 .text.UART_AdvFeatureConfig
                0x08005cd8       0xd0 ./Drivers/STM32G0xx_HAL_Driver/Src/stm32g0xx_hal_uart.o
                0x08005cd8                UART_AdvFeatureConfig
 .text.UART_CheckIdleState
                0x08005da8      0x2ac ./Drivers/STM32G0xx_HAL_Driver/Src/stm32g0xx_hal_uart.o
                0x08005da8                UART_CheckIdleState
 .text.HAL_UART_Init
                0x08006054      0x324 ./Drivers/STM32G0xx_HAL_Driver/Src/stm32g0xx_hal_uart.o
                0x08006054                HAL_UART_Init
 .text.HAL_UARTEx_WakeupCallback
                0x08006378        0x4 ./Drivers/STM32G0xx_HAL_Driver/Src/stm32g0xx_hal_uart_ex.o
                0x08006378                HAL_UARTEx_WakeupCallback
 .text.HAL_UARTEx_RxFifoFullCallback
                0x0800637c        0x4 ./Drivers/STM32G0xx_HAL_Driver/Src/stm32g0xx_hal_uart_ex.o
                0x0800637c                HAL_UARTEx_RxFifoFullCallback
 .text.HAL_UARTEx_TxFifoEmptyCallback
                0x08006380        0x4 ./Drivers/STM32G0xx_HAL_Driver/Src/stm32g0xx_hal_uart_ex.o
                0x08006380                HAL_UARTEx_TxFifoEmptyCallback
 .text.memset   0x08006384       0x10 /Applications/STM32CubeIDE.app/Contents/Eclipse/plugins/com.st.stm32cube.ide.mcu.externaltools.gnu-tools-for-stm32.12.3.rel1.macos64_1.1.0.202410301201/tools/bin/../lib/gcc/arm-none-eabi/12.3.1/../../../../arm-none-eabi/lib/thumb/v6-m/nofp/libc_nano.a(libc_a-memset.o)
                0x08006384                memset
 .text.__libc_init_array
                0x08006394       0x48 /Applications/STM32CubeIDE.app/Contents/Eclipse/plugins/com.st.stm32cube.ide.mcu.externaltools.gnu-tools-for-stm32.12.3.rel1.macos64_1.1.0.202410301201/tools/bin/../lib/gcc/arm-none-eabi/12.3.1/../../../../arm-none-eabi/lib/thumb/v6-m/nofp/libc_nano.a(libc_a-init.o)
                0x08006394                __libc_init_array
 .text.memcpy   0x080063dc       0x12 /Applications/STM32CubeIDE.app/Contents/Eclipse/plugins/com.st.stm32cube.ide.mcu.externaltools.gnu-tools-for-stm32.12.3.rel1.macos64_1.1.0.202410301201/tools/bin/../lib/gcc/arm-none-eabi/12.3.1/../../../../arm-none-eabi/lib/thumb/v6-m/nofp/libc_nano.a(libc_a-memcpy-stub.o)
                0x080063dc                memcpy
 *(.glue_7)
 .glue_7        0x080063ee        0x0 linker stubs
 *(.glue_7t)
 .glue_7t       0x080063ee        0x0 linker stubs
 *(.eh_frame)
 *fill*         0x080063ee        0x2 
 .eh_frame      0x080063f0        0x0 /Applications/STM32CubeIDE.app/Contents/Eclipse/plugins/com.st.stm32cube.ide.mcu.externaltools.gnu-tools-for-stm32.12.3.rel1.macos64_1.1.0.202410301201/tools/bin/../lib/gcc/arm-none-eabi/12.3.1/thumb/v6-m/nofp/crtbegin.o
 *(.init)
 .init          0x080063f0        0x4 /Applications/STM32CubeIDE.app/Contents/Eclipse/plugins/com.st.stm32cube.ide.mcu.externaltools.gnu-tools-for-stm32.12.3.rel1.macos64_1.1.0.202410301201/tools/bin/../lib/gcc/arm-none-eabi/12.3.1/thumb/v6-m/nofp/crti.o
                0x080063f0                _init
 .init          0x080063f4        0x8 /Applications/STM32CubeIDE.app/Contents/Eclipse/plugins/com.st.stm32cube.ide.mcu.externaltools.gnu-tools-for-stm32.12.3.rel1.macos64_1.1.0.202410301201/tools/bin/../lib/gcc/arm-none-eabi/12.3.1/thumb/v6-m/nofp/crtn.o
 *(.fini)
 .fini          0x080063fc        0x4 /Applications/STM32CubeIDE.app/Contents/Eclipse/plugins/com.st.stm32cube.ide.mcu.externaltools.gnu-tools-for-stm32.12.3.rel1.macos64_1.1.0.202410301201/tools/bin/../lib/gcc/arm-none-eabi/12.3.1/thumb/v6-m/nofp/crti.o
                0x080063fc                _fini
 .fini          0x08006400        0x8 /Applications/STM32CubeIDE.app/Contents/Eclipse/plugins/com.st.stm32cube.ide.mcu.externaltools.gnu-tools-for-stm32.12.3.rel1.macos64_1.1.0.202410301201/tools/bin/../lib/gcc/arm-none-eabi/12.3.1/thumb/v6-m/nofp/crtn.o
                0x08006408                        . = ALIGN (0x4)
                0x08006408                        _etext = .

.vfp11_veneer   0x08006408        0x0
 .vfp11_veneer  0x08006408        0x0 linker stubs

.v4_bx          0x08006408        0x0
 .v4_bx         0x08006408        0x0 linker stubs

.iplt           0x08006408        0x0
 .iplt          0x08006408        0x0 /Applications/STM32CubeIDE.app/Contents/Eclipse/plugins/com.st.stm32cube.ide.mcu.externaltools.gnu-tools-for-stm32.12.3.rel1.macos64_1.1.0.202410301201/tools/bin/../lib/gcc/arm-none-eabi/12.3.1/thumb/v6-m/nofp/crtbegin.o

.rodata         0x08006408      0xb60
                0x08006408                        . = ALIGN (0x4)
 *(.rodata)
 *(.rodata*)
 .rodata.all_params_structs
                0x08006408       0x10 ./Core/Src/oscillator.o
                0x08006408                all_params_structs
 .rodata.num_ADC_conversions
                0x08006418        0x1 ./Core/Src/oscillator.o
                0x08006418                num_ADC_conversions
 *fill*         0x08006419        0x3 
 .rodata.tri_wavetable
                0x0800641c      0x400 ./Core/Src/oscillator.o
                0x0800641c                tri_wavetable
 .rodata.sine_wavetable
                0x0800681c      0x400 ./Core/Src/oscillator.o
                0x0800681c                sine_wavetable
 .rodata.APBPrescTable
                0x08006c1c       0x20 ./Core/Src/system_stm32g0xx.o
                0x08006c1c                APBPrescTable
 .rodata.AHBPrescTable
                0x08006c3c       0x40 ./Core/Src/system_stm32g0xx.o
                0x08006c3c                AHBPrescTable
 .rodata.HAL_ADC_RegisterCallback
                0x08006c7c       0x2c ./Drivers/STM32G0xx_HAL_Driver/Src/stm32g0xx_hal_adc.o
 .rodata.HAL_LPTIM_RegisterCallback
                0x08006ca8       0x24 ./Drivers/STM32G0xx_HAL_Driver/Src/stm32g0xx_hal_lptim.o
 .rodata.HAL_TIM_OC_Start_IT
                0x08006ccc       0x44 ./Drivers/STM32G0xx_HAL_Driver/Src/stm32g0xx_hal_tim.o
 .rodata.HAL_TIM_PWM_Start
                0x08006d10       0x44 ./Drivers/STM32G0xx_HAL_Driver/Src/stm32g0xx_hal_tim.o
 .rodata.HAL_TIM_IC_Start_IT
                0x08006d54       0x78 ./Drivers/STM32G0xx_HAL_Driver/Src/stm32g0xx_hal_tim.o
 .rodata.HAL_TIM_OC_ConfigChannel
                0x08006dcc       0x54 ./Drivers/STM32G0xx_HAL_Driver/Src/stm32g0xx_hal_tim.o
 .rodata.HAL_TIM_PWM_ConfigChannel
                0x08006e20       0x54 ./Drivers/STM32G0xx_HAL_Driver/Src/stm32g0xx_hal_tim.o
 .rodata.HAL_TIM_RegisterCallback
                0x08006e74       0xa8 ./Drivers/STM32G0xx_HAL_Driver/Src/stm32g0xx_hal_tim.o
 .rodata.HAL_UART_RegisterCallback
                0x08006f1c       0x34 ./Drivers/STM32G0xx_HAL_Driver/Src/stm32g0xx_hal_uart.o
 .rodata.UARTPrescTable
                0x08006f50       0x18 ./Drivers/STM32G0xx_HAL_Driver/Src/stm32g0xx_hal_uart.o
                0x08006f50                UARTPrescTable
                0x08006f68                        . = ALIGN (0x4)

.ARM.extab      0x08006f68        0x0
                0x08006f68                        . = ALIGN (0x4)
 *(.ARM.extab* .gnu.linkonce.armextab.*)
                0x08006f68                        . = ALIGN (0x4)

.ARM            0x08006f68        0x8
                0x08006f68                        . = ALIGN (0x4)
                0x08006f68                        __exidx_start = .
 *(.ARM.exidx*)
 .ARM.exidx     0x08006f68        0x8 /Applications/STM32CubeIDE.app/Contents/Eclipse/plugins/com.st.stm32cube.ide.mcu.externaltools.gnu-tools-for-stm32.12.3.rel1.macos64_1.1.0.202410301201/tools/bin/../lib/gcc/arm-none-eabi/12.3.1/thumb/v6-m/nofp/libgcc.a(_udivmoddi4.o)
                0x08006f70                        __exidx_end = .
                0x08006f70                        . = ALIGN (0x4)

.preinit_array  0x08006f70        0x0
                0x08006f70                        . = ALIGN (0x4)
                0x08006f70                        PROVIDE (__preinit_array_start = .)
 *(.preinit_array*)
                0x08006f70                        PROVIDE (__preinit_array_end = .)
                0x08006f70                        . = ALIGN (0x4)

.init_array     0x08006f70        0x4
                0x08006f70                        . = ALIGN (0x4)
                0x08006f70                        PROVIDE (__init_array_start = .)
 *(SORT_BY_NAME(.init_array.*))
 *(.init_array*)
 .init_array    0x08006f70        0x4 /Applications/STM32CubeIDE.app/Contents/Eclipse/plugins/com.st.stm32cube.ide.mcu.externaltools.gnu-tools-for-stm32.12.3.rel1.macos64_1.1.0.202410301201/tools/bin/../lib/gcc/arm-none-eabi/12.3.1/thumb/v6-m/nofp/crtbegin.o
                0x08006f74                        PROVIDE (__init_array_end = .)
                0x08006f74                        . = ALIGN (0x4)

.fini_array     0x08006f74        0x4
                0x08006f74                        . = ALIGN (0x4)
                [!provide]                        PROVIDE (__fini_array_start = .)
 *(SORT_BY_NAME(.fini_array.*))
 *(.fini_array*)
 .fini_array    0x08006f74        0x4 /Applications/STM32CubeIDE.app/Contents/Eclipse/plugins/com.st.stm32cube.ide.mcu.externaltools.gnu-tools-for-stm32.12.3.rel1.macos64_1.1.0.202410301201/tools/bin/../lib/gcc/arm-none-eabi/12.3.1/thumb/v6-m/nofp/crtbegin.o
                [!provide]                        PROVIDE (__fini_array_end = .)
                0x08006f78                        . = ALIGN (0x4)
                0x08006f78                        _sidata = LOADADDR (.data)

.rel.dyn        0x08006f78        0x0
 .rel.iplt      0x08006f78        0x0 /Applications/STM32CubeIDE.app/Contents/Eclipse/plugins/com.st.stm32cube.ide.mcu.externaltools.gnu-tools-for-stm32.12.3.rel1.macos64_1.1.0.202410301201/tools/bin/../lib/gcc/arm-none-eabi/12.3.1/thumb/v6-m/nofp/crtbegin.o

.data           0x20000000      0x418 load address 0x08006f78
                0x20000000                        . = ALIGN (0x4)
                0x20000000                        _sdata = .
 *(.data)
 *(.data*)
 .data.UART_DMA_TX_is_complete
                0x20000000        0x1 ./Core/Src/UART.o
                0x20000000                UART_DMA_TX_is_complete
 .data.tap_tempo_switch_state_counter.1
                0x20000001        0x1 ./Core/Src/checking_functions.o
 *fill*         0x20000002        0x2 
 .data.delay_line
                0x20000004      0x408 ./Core/Src/oscillator.o
                0x20000004                delay_line
 .data.SystemCoreClock
                0x2000040c        0x4 ./Core/Src/system_stm32g0xx.o
                0x2000040c                SystemCoreClock
 .data.uwTickFreq
                0x20000410        0x1 ./Drivers/STM32G0xx_HAL_Driver/Src/stm32g0xx_hal.o
                0x20000410                uwTickFreq
 *fill*         0x20000411        0x3 
 .data.uwTickPrio
                0x20000414        0x4 ./Drivers/STM32G0xx_HAL_Driver/Src/stm32g0xx_hal.o
                0x20000414                uwTickPrio
 *(.RamFunc)
 *(.RamFunc*)
                0x20000418                        . = ALIGN (0x4)
                0x20000418                        _edata = .

.igot.plt       0x20000418        0x0 load address 0x08007390
 .igot.plt      0x20000418        0x0 /Applications/STM32CubeIDE.app/Contents/Eclipse/plugins/com.st.stm32cube.ide.mcu.externaltools.gnu-tools-for-stm32.12.3.rel1.macos64_1.1.0.202410301201/tools/bin/../lib/gcc/arm-none-eabi/12.3.1/thumb/v6-m/nofp/crtbegin.o
                0x20000418                        . = ALIGN (0x4)

.bss            0x20000418      0x68c load address 0x08007390
                0x20000418                        _sbss = .
                0x20000418                        __bss_start__ = _sbss
 *(.bss)
 .bss           0x20000418       0x1c /Applications/STM32CubeIDE.app/Contents/Eclipse/plugins/com.st.stm32cube.ide.mcu.externaltools.gnu-tools-for-stm32.12.3.rel1.macos64_1.1.0.202410301201/tools/bin/../lib/gcc/arm-none-eabi/12.3.1/thumb/v6-m/nofp/crtbegin.o
 *(.bss*)
 .bss.rx_buffer
                0x20000434        0x1 ./Core/Src/UART.o
                0x20000434                rx_buffer
 .bss.extend_rising_edge.0
                0x20000435        0x1 ./Core/Src/checking_functions.o
 .bss.second_speed_measurement.2
                0x20000436        0x2 ./Core/Src/checking_functions.o
 .bss.first_speed_measurement.3
                0x20000438        0x2 ./Core/Src/checking_functions.o
 .bss.speed_pot_adc_measurement_num.4
                0x2000043a        0x1 ./Core/Src/checking_functions.o
 *fill*         0x2000043b        0x5 
 .bss.hlptim1   0x20000440       0x5c ./Core/Src/config.o
                0x20000440                hlptim1
 .bss.hdma_usart2_tx
                0x2000049c       0x5c ./Core/Src/config.o
                0x2000049c                hdma_usart2_tx
 .bss.hdma_usart2_rx
                0x200004f8       0x5c ./Core/Src/config.o
                0x200004f8                hdma_usart2_rx
 .bss.huart2    0x20000554       0xcc ./Core/Src/config.o
                0x20000554                huart2
 .bss.htim1     0x20000620       0xbc ./Core/Src/config.o
                0x20000620                htim1
 .bss.htim3     0x200006dc       0xbc ./Core/Src/config.o
                0x200006dc                htim3
 .bss.htim2     0x20000798       0xbc ./Core/Src/config.o
                0x20000798                htim2
 .bss.htim16    0x20000854       0xbc ./Core/Src/config.o
                0x20000854                htim16
 .bss.hdma_adc1
                0x20000910       0x5c ./Core/Src/config.o
                0x20000910                hdma_adc1
 .bss.hadc1     0x2000096c       0x88 ./Core/Src/config.o
                0x2000096c                hadc1
 .bss.tap_tempo_switch_states.0
                0x200009f4        0x2 ./Core/Src/custom_callbacks.o
 .bss.interrupt_period
                0x200009f6        0x2 ./Core/Src/input_capture.o
                0x200009f6                interrupt_period
 .bss.input_capture_processing_can_be_started
                0x200009f8        0x1 ./Core/Src/input_capture.o
                0x200009f8                input_capture_processing_can_be_started
 .bss.input_capture_measurement_reelapse_is_ongoing
                0x200009f9        0x1 ./Core/Src/input_capture.o
                0x200009f9                input_capture_measurement_reelapse_is_ongoing
 .bss.input_capture_measurement_is_ongoing
                0x200009fa        0x1 ./Core/Src/input_capture.o
                0x200009fa                input_capture_measurement_is_ongoing
 *fill*         0x200009fb        0x1 
 .bss.TIM2_ch1_input_capture_value
                0x200009fc        0x4 ./Core/Src/input_capture.o
                0x200009fc                TIM2_ch1_input_capture_value
 .bss.input_capture_event
                0x20000a00        0x1 ./Core/Src/input_capture.o
                0x20000a00                input_capture_event
 *fill*         0x20000a01        0x3 
 .bss.params_working
                0x20000a04       0x22 ./Core/Src/oscillator.o
                0x20000a04                params_working
 *fill*         0x20000a26        0x2 
 .bss.params_to_be_loaded
                0x20000a28       0x22 ./Core/Src/oscillator.o
                0x20000a28                params_to_be_loaded
 *fill*         0x20000a4a        0x2 
 .bss.params_pot_control
                0x20000a4c       0x22 ./Core/Src/oscillator.o
                0x20000a4c                params_pot_control
 *fill*         0x20000a6e        0x2 
 .bss.params    0x20000a70       0x22 ./Core/Src/oscillator.o
                0x20000a70                params
 .bss.first_sync_complete
                0x20000a92        0x1 ./Core/Src/oscillator.o
                0x20000a92                first_sync_complete
 .bss.initial_ADC_conversion_complete
                0x20000a93        0x1 ./Core/Src/oscillator.o
                0x20000a93                initial_ADC_conversion_complete
 .bss.ADCResultsDMA
                0x20000a94        0xa ./Core/Src/oscillator.o
                0x20000a94                ADCResultsDMA
 .bss.state     0x20000a9e        0x1 ./Core/Src/speed_control_state_machine.o
                0x20000a9e                state
 *fill*         0x20000a9f        0x1 
 .bss.uwTick    0x20000aa0        0x4 ./Drivers/STM32G0xx_HAL_Driver/Src/stm32g0xx_hal.o
                0x20000aa0                uwTick
 *(COMMON)
                0x20000aa4                        . = ALIGN (0x4)
                0x20000aa4                        _ebss = .
                0x20000aa4                        __bss_end__ = _ebss

._user_heap_stack
                0x20000aa4      0x604 load address 0x08007390
                0x20000aa8                        . = ALIGN (0x8)
 *fill*         0x20000aa4        0x4 
                [!provide]                        PROVIDE (end = .)
                0x20000aa8                        PROVIDE (_end = .)
                0x20000ca8                        . = (. + _Min_Heap_Size)
 *fill*         0x20000aa8      0x200 
                0x200010a8                        . = (. + _Min_Stack_Size)
 *fill*         0x20000ca8      0x400 
                0x200010a8                        . = ALIGN (0x8)

/DISCARD/
 libc.a(*)
 libm.a(*)
 libgcc.a(*)

.ARM.attributes
                0x00000000       0x28
 *(.ARM.attributes)
 .ARM.attributes
                0x00000000       0x1e /Applications/STM32CubeIDE.app/Contents/Eclipse/plugins/com.st.stm32cube.ide.mcu.externaltools.gnu-tools-for-stm32.12.3.rel1.macos64_1.1.0.202410301201/tools/bin/../lib/gcc/arm-none-eabi/12.3.1/thumb/v6-m/nofp/crti.o
 .ARM.attributes
                0x0000001e       0x2c /Applications/STM32CubeIDE.app/Contents/Eclipse/plugins/com.st.stm32cube.ide.mcu.externaltools.gnu-tools-for-stm32.12.3.rel1.macos64_1.1.0.202410301201/tools/bin/../lib/gcc/arm-none-eabi/12.3.1/thumb/v6-m/nofp/crtbegin.o
 .ARM.attributes
                0x0000004a       0x28 ./Core/Src/UART.o
 .ARM.attributes
                0x00000072       0x28 ./Core/Src/checking_functions.o
 .ARM.attributes
                0x0000009a       0x28 ./Core/Src/config.o
 .ARM.attributes
                0x000000c2       0x28 ./Core/Src/custom_callbacks.o
 .ARM.attributes
                0x000000ea       0x28 ./Core/Src/input_capture.o
 .ARM.attributes
                0x00000112       0x28 ./Core/Src/main.o
 .ARM.attributes
                0x0000013a       0x28 ./Core/Src/oscillator.o
 .ARM.attributes
                0x00000162       0x28 ./Core/Src/speed_control_state_machine.o
 .ARM.attributes
                0x0000018a       0x28 ./Core/Src/startup.o
 .ARM.attributes
                0x000001b2       0x28 ./Core/Src/stm32g0xx_hal_msp.o
 .ARM.attributes
                0x000001da       0x28 ./Core/Src/stm32g0xx_it.o
 .ARM.attributes
                0x00000202       0x28 ./Core/Src/symmetry_adjustment.o
 .ARM.attributes
                0x0000022a       0x28 ./Core/Src/system_stm32g0xx.o
 .ARM.attributes
                0x00000252       0x28 ./Core/Src/timers.o
 .ARM.attributes
                0x0000027a       0x28 ./Core/Src/utility.o
 .ARM.attributes
                0x000002a2       0x22 ./Core/Startup/startup_stm32g031k8tx.o
 .ARM.attributes
                0x000002c4       0x28 ./Drivers/STM32G0xx_HAL_Driver/Src/stm32g0xx_hal.o
 .ARM.attributes
                0x000002ec       0x28 ./Drivers/STM32G0xx_HAL_Driver/Src/stm32g0xx_hal_adc.o
 .ARM.attributes
                0x00000314       0x28 ./Drivers/STM32G0xx_HAL_Driver/Src/stm32g0xx_hal_adc_ex.o
 .ARM.attributes
                0x0000033c       0x28 ./Drivers/STM32G0xx_HAL_Driver/Src/stm32g0xx_hal_cortex.o
 .ARM.attributes
                0x00000364       0x28 ./Drivers/STM32G0xx_HAL_Driver/Src/stm32g0xx_hal_dma.o
 .ARM.attributes
                0x0000038c       0x28 ./Drivers/STM32G0xx_HAL_Driver/Src/stm32g0xx_hal_gpio.o
 .ARM.attributes
                0x000003b4       0x28 ./Drivers/STM32G0xx_HAL_Driver/Src/stm32g0xx_hal_lptim.o
 .ARM.attributes
                0x000003dc       0x28 ./Drivers/STM32G0xx_HAL_Driver/Src/stm32g0xx_hal_pwr_ex.o
 .ARM.attributes
                0x00000404       0x28 ./Drivers/STM32G0xx_HAL_Driver/Src/stm32g0xx_hal_rcc.o
 .ARM.attributes
                0x0000042c       0x28 ./Drivers/STM32G0xx_HAL_Driver/Src/stm32g0xx_hal_rcc_ex.o
 .ARM.attributes
                0x00000454       0x28 ./Drivers/STM32G0xx_HAL_Driver/Src/stm32g0xx_hal_tim.o
 .ARM.attributes
                0x0000047c       0x28 ./Drivers/STM32G0xx_HAL_Driver/Src/stm32g0xx_hal_tim_ex.o
 .ARM.attributes
                0x000004a4       0x28 ./Drivers/STM32G0xx_HAL_Driver/Src/stm32g0xx_hal_uart.o
 .ARM.attributes
                0x000004cc       0x28 ./Drivers/STM32G0xx_HAL_Driver/Src/stm32g0xx_hal_uart_ex.o
 .ARM.attributes
                0x000004f4       0x2c /Applications/STM32CubeIDE.app/Contents/Eclipse/plugins/com.st.stm32cube.ide.mcu.externaltools.gnu-tools-for-stm32.12.3.rel1.macos64_1.1.0.202410301201/tools/bin/../lib/gcc/arm-none-eabi/12.3.1/../../../../arm-none-eabi/lib/thumb/v6-m/nofp/libc_nano.a(libc_a-memset.o)
 .ARM.attributes
                0x00000520       0x2c /Applications/STM32CubeIDE.app/Contents/Eclipse/plugins/com.st.stm32cube.ide.mcu.externaltools.gnu-tools-for-stm32.12.3.rel1.macos64_1.1.0.202410301201/tools/bin/../lib/gcc/arm-none-eabi/12.3.1/../../../../arm-none-eabi/lib/thumb/v6-m/nofp/libc_nano.a(libc_a-init.o)
 .ARM.attributes
                0x0000054c       0x2c /Applications/STM32CubeIDE.app/Contents/Eclipse/plugins/com.st.stm32cube.ide.mcu.externaltools.gnu-tools-for-stm32.12.3.rel1.macos64_1.1.0.202410301201/tools/bin/../lib/gcc/arm-none-eabi/12.3.1/../../../../arm-none-eabi/lib/thumb/v6-m/nofp/libc_nano.a(libc_a-memcpy-stub.o)
 .ARM.attributes
                0x00000578       0x1e /Applications/STM32CubeIDE.app/Contents/Eclipse/plugins/com.st.stm32cube.ide.mcu.externaltools.gnu-tools-for-stm32.12.3.rel1.macos64_1.1.0.202410301201/tools/bin/../lib/gcc/arm-none-eabi/12.3.1/thumb/v6-m/nofp/libgcc.a(_udivsi3.o)
 .ARM.attributes
                0x00000596       0x1e /Applications/STM32CubeIDE.app/Contents/Eclipse/plugins/com.st.stm32cube.ide.mcu.externaltools.gnu-tools-for-stm32.12.3.rel1.macos64_1.1.0.202410301201/tools/bin/../lib/gcc/arm-none-eabi/12.3.1/thumb/v6-m/nofp/libgcc.a(_dvmd_tls.o)
 .ARM.attributes
                0x000005b4       0x1e /Applications/STM32CubeIDE.app/Contents/Eclipse/plugins/com.st.stm32cube.ide.mcu.externaltools.gnu-tools-for-stm32.12.3.rel1.macos64_1.1.0.202410301201/tools/bin/../lib/gcc/arm-none-eabi/12.3.1/thumb/v6-m/nofp/libgcc.a(_aeabi_uldivmod.o)
 .ARM.attributes
                0x000005d2       0x2c /Applications/STM32CubeIDE.app/Contents/Eclipse/plugins/com.st.stm32cube.ide.mcu.externaltools.gnu-tools-for-stm32.12.3.rel1.macos64_1.1.0.202410301201/tools/bin/../lib/gcc/arm-none-eabi/12.3.1/thumb/v6-m/nofp/libgcc.a(_udivmoddi4.o)
 .ARM.attributes
                0x000005fe       0x1e /Applications/STM32CubeIDE.app/Contents/Eclipse/plugins/com.st.stm32cube.ide.mcu.externaltools.gnu-tools-for-stm32.12.3.rel1.macos64_1.1.0.202410301201/tools/bin/../lib/gcc/arm-none-eabi/12.3.1/thumb/v6-m/nofp/libgcc.a(_clzdi2.o)
 .ARM.attributes
                0x0000061c       0x1e /Applications/STM32CubeIDE.app/Contents/Eclipse/plugins/com.st.stm32cube.ide.mcu.externaltools.gnu-tools-for-stm32.12.3.rel1.macos64_1.1.0.202410301201/tools/bin/../lib/gcc/arm-none-eabi/12.3.1/thumb/v6-m/nofp/libgcc.a(_clzsi2.o)
 .ARM.attributes
                0x0000063a       0x1e /Applications/STM32CubeIDE.app/Contents/Eclipse/plugins/com.st.stm32cube.ide.mcu.externaltools.gnu-tools-for-stm32.12.3.rel1.macos64_1.1.0.202410301201/tools/bin/../lib/gcc/arm-none-eabi/12.3.1/thumb/v6-m/nofp/crtn.o
OUTPUT(g031k8.elf elf32-littlearm)
LOAD linker stubs
LOAD /Applications/STM32CubeIDE.app/Contents/Eclipse/plugins/com.st.stm32cube.ide.mcu.externaltools.gnu-tools-for-stm32.12.3.rel1.macos64_1.1.0.202410301201/tools/bin/../lib/gcc/arm-none-eabi/12.3.1/../../../../arm-none-eabi/lib/thumb/v6-m/nofp/libc.a
LOAD /Applications/STM32CubeIDE.app/Contents/Eclipse/plugins/com.st.stm32cube.ide.mcu.externaltools.gnu-tools-for-stm32.12.3.rel1.macos64_1.1.0.202410301201/tools/bin/../lib/gcc/arm-none-eabi/12.3.1/../../../../arm-none-eabi/lib/thumb/v6-m/nofp/libm.a
LOAD /Applications/STM32CubeIDE.app/Contents/Eclipse/plugins/com.st.stm32cube.ide.mcu.externaltools.gnu-tools-for-stm32.12.3.rel1.macos64_1.1.0.202410301201/tools/bin/../lib/gcc/arm-none-eabi/12.3.1/thumb/v6-m/nofp/libgcc.a

.debug_info     0x00000000    0x27cc1
 .debug_info    0x00000000      0x92c ./Core/Src/UART.o
 .debug_info    0x0000092c      0x509 ./Core/Src/checking_functions.o
 .debug_info    0x00000e35     0x34e5 ./Core/Src/config.o
 .debug_info    0x0000431a     0x1ee2 ./Core/Src/custom_callbacks.o
 .debug_info    0x000061fc      0xe5a ./Core/Src/input_capture.o
 .debug_info    0x00007056      0x175 ./Core/Src/main.o
 .debug_info    0x000071cb     0x1097 ./Core/Src/oscillator.o
 .debug_info    0x00008262       0xb3 ./Core/Src/speed_control_state_machine.o
 .debug_info    0x00008315     0x15b2 ./Core/Src/startup.o
 .debug_info    0x000098c7     0x1fea ./Core/Src/stm32g0xx_hal_msp.o
 .debug_info    0x0000b8b1     0x1381 ./Core/Src/stm32g0xx_it.o
 .debug_info    0x0000cc32      0x53d ./Core/Src/symmetry_adjustment.o
 .debug_info    0x0000d16f      0x34e ./Core/Src/system_stm32g0xx.o
 .debug_info    0x0000d4bd      0xa48 ./Core/Src/timers.o
 .debug_info    0x0000df05      0x202 ./Core/Src/utility.o
 .debug_info    0x0000e107       0x30 ./Core/Startup/startup_stm32g031k8tx.o
 .debug_info    0x0000e137      0xb3c ./Drivers/STM32G0xx_HAL_Driver/Src/stm32g0xx_hal.o
 .debug_info    0x0000ec73     0x23a8 ./Drivers/STM32G0xx_HAL_Driver/Src/stm32g0xx_hal_adc.o
 .debug_info    0x0001101b      0xd8e ./Drivers/STM32G0xx_HAL_Driver/Src/stm32g0xx_hal_adc_ex.o
 .debug_info    0x00011da9      0xa40 ./Drivers/STM32G0xx_HAL_Driver/Src/stm32g0xx_hal_cortex.o
 .debug_info    0x000127e9      0xab0 ./Drivers/STM32G0xx_HAL_Driver/Src/stm32g0xx_hal_dma.o
 .debug_info    0x00013299      0x5ef ./Drivers/STM32G0xx_HAL_Driver/Src/stm32g0xx_hal_gpio.o
 .debug_info    0x00013888     0x1c86 ./Drivers/STM32G0xx_HAL_Driver/Src/stm32g0xx_hal_lptim.o
 .debug_info    0x0001550e      0x7ef ./Drivers/STM32G0xx_HAL_Driver/Src/stm32g0xx_hal_pwr_ex.o
 .debug_info    0x00015cfd      0xdc8 ./Drivers/STM32G0xx_HAL_Driver/Src/stm32g0xx_hal_rcc.o
 .debug_info    0x00016ac5      0x854 ./Drivers/STM32G0xx_HAL_Driver/Src/stm32g0xx_hal_rcc_ex.o
 .debug_info    0x00017319     0x5491 ./Drivers/STM32G0xx_HAL_Driver/Src/stm32g0xx_hal_tim.o
 .debug_info    0x0001c7aa     0x2151 ./Drivers/STM32G0xx_HAL_Driver/Src/stm32g0xx_hal_tim_ex.o
 .debug_info    0x0001e8fb     0x7f18 ./Drivers/STM32G0xx_HAL_Driver/Src/stm32g0xx_hal_uart.o
 .debug_info    0x00026813     0x14ae ./Drivers/STM32G0xx_HAL_Driver/Src/stm32g0xx_hal_uart_ex.o

.debug_abbrev   0x00000000     0x4cdc
 .debug_abbrev  0x00000000      0x1b9 ./Core/Src/UART.o
 .debug_abbrev  0x000001b9      0x1d4 ./Core/Src/checking_functions.o
 .debug_abbrev  0x0000038d      0x37e ./Core/Src/config.o
 .debug_abbrev  0x0000070b      0x298 ./Core/Src/custom_callbacks.o
 .debug_abbrev  0x000009a3      0x30d ./Core/Src/input_capture.o
 .debug_abbrev  0x00000cb0      0x108 ./Core/Src/main.o
 .debug_abbrev  0x00000db8      0x32f ./Core/Src/oscillator.o
 .debug_abbrev  0x000010e7       0x6f ./Core/Src/speed_control_state_machine.o
 .debug_abbrev  0x00001156      0x27a ./Core/Src/startup.o
 .debug_abbrev  0x000013d0      0x2ae ./Core/Src/stm32g0xx_hal_msp.o
 .debug_abbrev  0x0000167e      0x263 ./Core/Src/stm32g0xx_it.o
 .debug_abbrev  0x000018e1      0x1b4 ./Core/Src/symmetry_adjustment.o
 .debug_abbrev  0x00001a95      0x148 ./Core/Src/system_stm32g0xx.o
 .debug_abbrev  0x00001bdd      0x21c ./Core/Src/timers.o
 .debug_abbrev  0x00001df9      0x137 ./Core/Src/utility.o
 .debug_abbrev  0x00001f30       0x24 ./Core/Startup/startup_stm32g031k8tx.o
 .debug_abbrev  0x00001f54      0x341 ./Drivers/STM32G0xx_HAL_Driver/Src/stm32g0xx_hal.o
 .debug_abbrev  0x00002295      0x370 ./Drivers/STM32G0xx_HAL_Driver/Src/stm32g0xx_hal_adc.o
 .debug_abbrev  0x00002605      0x30f ./Drivers/STM32G0xx_HAL_Driver/Src/stm32g0xx_hal_adc_ex.o
 .debug_abbrev  0x00002914      0x2dc ./Drivers/STM32G0xx_HAL_Driver/Src/stm32g0xx_hal_cortex.o
 .debug_abbrev  0x00002bf0      0x28a ./Drivers/STM32G0xx_HAL_Driver/Src/stm32g0xx_hal_dma.o
 .debug_abbrev  0x00002e7a      0x26c ./Drivers/STM32G0xx_HAL_Driver/Src/stm32g0xx_hal_gpio.o
 .debug_abbrev  0x000030e6      0x37c ./Drivers/STM32G0xx_HAL_Driver/Src/stm32g0xx_hal_lptim.o
 .debug_abbrev  0x00003462      0x28a ./Drivers/STM32G0xx_HAL_Driver/Src/stm32g0xx_hal_pwr_ex.o
 .debug_abbrev  0x000036ec      0x36b ./Drivers/STM32G0xx_HAL_Driver/Src/stm32g0xx_hal_rcc.o
 .debug_abbrev  0x00003a57      0x296 ./Drivers/STM32G0xx_HAL_Driver/Src/stm32g0xx_hal_rcc_ex.o
 .debug_abbrev  0x00003ced      0x3e7 ./Drivers/STM32G0xx_HAL_Driver/Src/stm32g0xx_hal_tim.o
 .debug_abbrev  0x000040d4      0x3f8 ./Drivers/STM32G0xx_HAL_Driver/Src/stm32g0xx_hal_tim_ex.o
 .debug_abbrev  0x000044cc      0x4a2 ./Drivers/STM32G0xx_HAL_Driver/Src/stm32g0xx_hal_uart.o
 .debug_abbrev  0x0000496e      0x36e ./Drivers/STM32G0xx_HAL_Driver/Src/stm32g0xx_hal_uart_ex.o

.debug_aranges  0x00000000     0x1320
 .debug_aranges
                0x00000000       0x20 ./Core/Src/UART.o
 .debug_aranges
                0x00000020       0x30 ./Core/Src/checking_functions.o
 .debug_aranges
                0x00000050       0x80 ./Core/Src/config.o
 .debug_aranges
                0x000000d0       0x58 ./Core/Src/custom_callbacks.o
 .debug_aranges
                0x00000128       0x30 ./Core/Src/input_capture.o
 .debug_aranges
                0x00000158       0x20 ./Core/Src/main.o
 .debug_aranges
                0x00000178       0x58 ./Core/Src/oscillator.o
 .debug_aranges
                0x000001d0       0x18 ./Core/Src/speed_control_state_machine.o
 .debug_aranges
                0x000001e8       0x20 ./Core/Src/startup.o
 .debug_aranges
                0x00000208       0x68 ./Core/Src/stm32g0xx_hal_msp.o
 .debug_aranges
                0x00000270       0x80 ./Core/Src/stm32g0xx_it.o
 .debug_aranges
                0x000002f0       0x28 ./Core/Src/symmetry_adjustment.o
 .debug_aranges
                0x00000318       0x28 ./Core/Src/system_stm32g0xx.o
 .debug_aranges
                0x00000340       0x28 ./Core/Src/timers.o
 .debug_aranges
                0x00000368       0x38 ./Core/Src/utility.o
 .debug_aranges
                0x000003a0       0x28 ./Core/Startup/startup_stm32g031k8tx.o
 .debug_aranges
                0x000003c8      0x128 ./Drivers/STM32G0xx_HAL_Driver/Src/stm32g0xx_hal.o
 .debug_aranges
                0x000004f0      0x108 ./Drivers/STM32G0xx_HAL_Driver/Src/stm32g0xx_hal_adc.o
 .debug_aranges
                0x000005f8       0x58 ./Drivers/STM32G0xx_HAL_Driver/Src/stm32g0xx_hal_adc_ex.o
 .debug_aranges
                0x00000650       0xa0 ./Drivers/STM32G0xx_HAL_Driver/Src/stm32g0xx_hal_cortex.o
 .debug_aranges
                0x000006f0       0x78 ./Drivers/STM32G0xx_HAL_Driver/Src/stm32g0xx_hal_dma.o
 .debug_aranges
                0x00000768       0x60 ./Drivers/STM32G0xx_HAL_Driver/Src/stm32g0xx_hal_gpio.o
 .debug_aranges
                0x000007c8      0x170 ./Drivers/STM32G0xx_HAL_Driver/Src/stm32g0xx_hal_lptim.o
 .debug_aranges
                0x00000938       0xf0 ./Drivers/STM32G0xx_HAL_Driver/Src/stm32g0xx_hal_pwr_ex.o
 .debug_aranges
                0x00000a28       0x98 ./Drivers/STM32G0xx_HAL_Driver/Src/stm32g0xx_hal_rcc.o
 .debug_aranges
                0x00000ac0       0x40 ./Drivers/STM32G0xx_HAL_Driver/Src/stm32g0xx_hal_rcc_ex.o
 .debug_aranges
                0x00000b00      0x398 ./Drivers/STM32G0xx_HAL_Driver/Src/stm32g0xx_hal_tim.o
 .debug_aranges
                0x00000e98      0x190 ./Drivers/STM32G0xx_HAL_Driver/Src/stm32g0xx_hal_tim_ex.o
 .debug_aranges
                0x00001028      0x260 ./Drivers/STM32G0xx_HAL_Driver/Src/stm32g0xx_hal_uart.o
 .debug_aranges
                0x00001288       0x98 ./Drivers/STM32G0xx_HAL_Driver/Src/stm32g0xx_hal_uart_ex.o

.debug_rnglists
                0x00000000     0x1af9
 .debug_rnglists
                0x00000000       0x13 ./Core/Src/UART.o
 .debug_rnglists
                0x00000013       0x1f ./Core/Src/checking_functions.o
 .debug_rnglists
                0x00000032       0xcf ./Core/Src/config.o
 .debug_rnglists
                0x00000101       0x41 ./Core/Src/custom_callbacks.o
 .debug_rnglists
                0x00000142       0x2f ./Core/Src/input_capture.o
 .debug_rnglists
                0x00000171       0x13 ./Core/Src/main.o
 .debug_rnglists
                0x00000184       0x3f ./Core/Src/oscillator.o
 .debug_rnglists
                0x000001c3       0x14 ./Core/Src/startup.o
 .debug_rnglists
                0x000001d7      0x123 ./Core/Src/stm32g0xx_hal_msp.o
 .debug_rnglists
                0x000002fa       0x5b ./Core/Src/stm32g0xx_it.o
 .debug_rnglists
                0x00000355       0x27 ./Core/Src/symmetry_adjustment.o
 .debug_rnglists
                0x0000037c       0x1a ./Core/Src/system_stm32g0xx.o
 .debug_rnglists
                0x00000396       0x19 ./Core/Src/timers.o
 .debug_rnglists
                0x000003af       0x34 ./Core/Src/utility.o
 .debug_rnglists
                0x000003e3       0x19 ./Core/Startup/startup_stm32g031k8tx.o
 .debug_rnglists
                0x000003fc       0xd9 ./Drivers/STM32G0xx_HAL_Driver/Src/stm32g0xx_hal.o
 .debug_rnglists
                0x000004d5      0x26b ./Drivers/STM32G0xx_HAL_Driver/Src/stm32g0xx_hal_adc.o
 .debug_rnglists
                0x00000740       0xb9 ./Drivers/STM32G0xx_HAL_Driver/Src/stm32g0xx_hal_adc_ex.o
 .debug_rnglists
                0x000007f9       0x9d ./Drivers/STM32G0xx_HAL_Driver/Src/stm32g0xx_hal_cortex.o
 .debug_rnglists
                0x00000896       0x9e ./Drivers/STM32G0xx_HAL_Driver/Src/stm32g0xx_hal_dma.o
 .debug_rnglists
                0x00000934       0x45 ./Drivers/STM32G0xx_HAL_Driver/Src/stm32g0xx_hal_gpio.o
 .debug_rnglists
                0x00000979      0x256 ./Drivers/STM32G0xx_HAL_Driver/Src/stm32g0xx_hal_lptim.o
 .debug_rnglists
                0x00000bcf       0xb0 ./Drivers/STM32G0xx_HAL_Driver/Src/stm32g0xx_hal_pwr_ex.o
 .debug_rnglists
                0x00000c7f       0xb4 ./Drivers/STM32G0xx_HAL_Driver/Src/stm32g0xx_hal_rcc.o
 .debug_rnglists
                0x00000d33       0x71 ./Drivers/STM32G0xx_HAL_Driver/Src/stm32g0xx_hal_rcc_ex.o
 .debug_rnglists
                0x00000da4      0x72a ./Drivers/STM32G0xx_HAL_Driver/Src/stm32g0xx_hal_tim.o
 .debug_rnglists
                0x000014ce      0x192 ./Drivers/STM32G0xx_HAL_Driver/Src/stm32g0xx_hal_tim_ex.o
 .debug_rnglists
                0x00001660      0x3f0 ./Drivers/STM32G0xx_HAL_Driver/Src/stm32g0xx_hal_uart.o
 .debug_rnglists
                0x00001a50       0xa9 ./Drivers/STM32G0xx_HAL_Driver/Src/stm32g0xx_hal_uart_ex.o

.debug_macro    0x00000000    0x19899
 .debug_macro   0x00000000      0x23d ./Core/Src/UART.o
 .debug_macro   0x0000023d      0xaae ./Core/Src/UART.o
 .debug_macro   0x00000ceb       0x22 ./Core/Src/UART.o
 .debug_macro   0x00000d0d       0x8e ./Core/Src/UART.o
 .debug_macro   0x00000d9b       0x51 ./Core/Src/UART.o
 .debug_macro   0x00000dec      0x103 ./Core/Src/UART.o
 .debug_macro   0x00000eef       0x6a ./Core/Src/UART.o
 .debug_macro   0x00000f59      0x1df ./Core/Src/UART.o
 .debug_macro   0x00001138      0x12f ./Core/Src/UART.o
 .debug_macro   0x00001267       0x2e ./Core/Src/UART.o
 .debug_macro   0x00001295       0x28 ./Core/Src/UART.o
 .debug_macro   0x000012bd       0x1c ./Core/Src/UART.o
 .debug_macro   0x000012d9       0x22 ./Core/Src/UART.o
 .debug_macro   0x000012fb       0xd1 ./Core/Src/UART.o
 .debug_macro   0x000013cc      0x4da ./Core/Src/UART.o
 .debug_macro   0x000018a6      0x11f ./Core/Src/UART.o
 .debug_macro   0x000019c5     0xac2c ./Core/Src/UART.o
 .debug_macro   0x0000c5f1       0x66 ./Core/Src/UART.o
 .debug_macro   0x0000c657     0x350e ./Core/Src/UART.o
 .debug_macro   0x0000fb65      0x189 ./Core/Src/UART.o
 .debug_macro   0x0000fcee       0x5c ./Core/Src/UART.o
 .debug_macro   0x0000fd4a      0x518 ./Core/Src/UART.o
 .debug_macro   0x00010262      0xf70 ./Core/Src/UART.o
 .debug_macro   0x000111d2      0x1d8 ./Core/Src/UART.o
 .debug_macro   0x000113aa      0x1cf ./Core/Src/UART.o
 .debug_macro   0x00011579      0x122 ./Core/Src/UART.o
 .debug_macro   0x0001169b      0x390 ./Core/Src/UART.o
 .debug_macro   0x00011a2b      0x202 ./Core/Src/UART.o
 .debug_macro   0x00011c2d      0x2ff ./Core/Src/UART.o
 .debug_macro   0x00011f2c      0x1b2 ./Core/Src/UART.o
 .debug_macro   0x000120de       0x43 ./Core/Src/UART.o
 .debug_macro   0x00012121      0x1f1 ./Core/Src/UART.o
 .debug_macro   0x00012312      0x8a8 ./Core/Src/UART.o
 .debug_macro   0x00012bba      0x5bb ./Core/Src/UART.o
 .debug_macro   0x00013175       0x2e ./Core/Src/UART.o
 .debug_macro   0x000131a3      0x1d6 ./Core/Src/UART.o
 .debug_macro   0x00013379      0x38a ./Core/Src/UART.o
 .debug_macro   0x00013703       0x28 ./Core/Src/UART.o
 .debug_macro   0x0001372b       0xe4 ./Core/Src/UART.o
 .debug_macro   0x0001380f       0x85 ./Core/Src/UART.o
 .debug_macro   0x00013894      0x2bd ./Core/Src/UART.o
 .debug_macro   0x00013b51      0x10c ./Core/Src/UART.o
 .debug_macro   0x00013c5d      0x240 ./Core/Src/UART.o
 .debug_macro   0x00013e9d      0xac2 ./Core/Src/UART.o
 .debug_macro   0x0001495f      0x135 ./Core/Src/UART.o
 .debug_macro   0x00014a94      0x69a ./Core/Src/UART.o
 .debug_macro   0x0001512e       0xa6 ./Core/Src/UART.o
 .debug_macro   0x000151d4      0x49d ./Core/Src/UART.o
 .debug_macro   0x00015671       0xe8 ./Core/Src/UART.o
 .debug_macro   0x00015759       0x16 ./Core/Src/UART.o
 .debug_macro   0x0001576f      0x2ab ./Core/Src/checking_functions.o
 .debug_macro   0x00015a1a       0x16 ./Core/Src/checking_functions.o
 .debug_macro   0x00015a30       0xe2 ./Core/Src/checking_functions.o
 .debug_macro   0x00015b12       0x4c ./Core/Src/checking_functions.o
 .debug_macro   0x00015b5e       0x1c ./Core/Src/checking_functions.o
 .debug_macro   0x00015b7a      0x2db ./Core/Src/config.o
 .debug_macro   0x00015e55      0x2d7 ./Core/Src/custom_callbacks.o
 .debug_macro   0x0001612c      0x285 ./Core/Src/input_capture.o
 .debug_macro   0x000163b1      0x2d3 ./Core/Src/main.o
 .debug_macro   0x00016684      0x27b ./Core/Src/oscillator.o
 .debug_macro   0x000168ff       0x6d ./Core/Src/speed_control_state_machine.o
 .debug_macro   0x0001696c      0x2c9 ./Core/Src/startup.o
 .debug_macro   0x00016c35      0x22a ./Core/Src/stm32g0xx_hal_msp.o
 .debug_macro   0x00016e5f      0x289 ./Core/Src/stm32g0xx_it.o
 .debug_macro   0x000170e8      0x27b ./Core/Src/symmetry_adjustment.o
 .debug_macro   0x00017363      0x21b ./Core/Src/system_stm32g0xx.o
 .debug_macro   0x0001757e      0x234 ./Core/Src/timers.o
 .debug_macro   0x000177b2      0x233 ./Core/Src/utility.o
 .debug_macro   0x000179e5      0x23f ./Drivers/STM32G0xx_HAL_Driver/Src/stm32g0xx_hal.o
 .debug_macro   0x00017c24      0x23f ./Drivers/STM32G0xx_HAL_Driver/Src/stm32g0xx_hal_adc.o
 .debug_macro   0x00017e63      0x227 ./Drivers/STM32G0xx_HAL_Driver/Src/stm32g0xx_hal_adc_ex.o
 .debug_macro   0x0001808a      0x21b ./Drivers/STM32G0xx_HAL_Driver/Src/stm32g0xx_hal_cortex.o
 .debug_macro   0x000182a5      0x21b ./Drivers/STM32G0xx_HAL_Driver/Src/stm32g0xx_hal_dma.o
 .debug_macro   0x000184c0      0x222 ./Drivers/STM32G0xx_HAL_Driver/Src/stm32g0xx_hal_gpio.o
 .debug_macro   0x000186e2      0x231 ./Drivers/STM32G0xx_HAL_Driver/Src/stm32g0xx_hal_lptim.o
 .debug_macro   0x00018913      0x245 ./Drivers/STM32G0xx_HAL_Driver/Src/stm32g0xx_hal_pwr_ex.o
 .debug_macro   0x00018b58      0x25d ./Drivers/STM32G0xx_HAL_Driver/Src/stm32g0xx_hal_rcc.o
 .debug_macro   0x00018db5      0x233 ./Drivers/STM32G0xx_HAL_Driver/Src/stm32g0xx_hal_rcc_ex.o
 .debug_macro   0x00018fe8      0x223 ./Drivers/STM32G0xx_HAL_Driver/Src/stm32g0xx_hal_tim.o
 .debug_macro   0x0001920b      0x221 ./Drivers/STM32G0xx_HAL_Driver/Src/stm32g0xx_hal_tim_ex.o
 .debug_macro   0x0001942c      0x246 ./Drivers/STM32G0xx_HAL_Driver/Src/stm32g0xx_hal_uart.o
 .debug_macro   0x00019672      0x227 ./Drivers/STM32G0xx_HAL_Driver/Src/stm32g0xx_hal_uart_ex.o

.debug_line     0x00000000    0x27d26
 .debug_line    0x00000000      0x7af ./Core/Src/UART.o
 .debug_line    0x000007af      0xa1d ./Core/Src/checking_functions.o
 .debug_line    0x000011cc     0x195f ./Core/Src/config.o
 .debug_line    0x00002b2b      0xc63 ./Core/Src/custom_callbacks.o
 .debug_line    0x0000378e      0x979 ./Core/Src/input_capture.o
 .debug_line    0x00004107      0x8d0 ./Core/Src/main.o
 .debug_line    0x000049d7      0xd43 ./Core/Src/oscillator.o
 .debug_line    0x0000571a      0x3cb ./Core/Src/speed_control_state_machine.o
 .debug_line    0x00005ae5      0x955 ./Core/Src/startup.o
 .debug_line    0x0000643a      0xd22 ./Core/Src/stm32g0xx_hal_msp.o
 .debug_line    0x0000715c      0x9c1 ./Core/Src/stm32g0xx_it.o
 .debug_line    0x00007b1d      0xcc4 ./Core/Src/symmetry_adjustment.o
 .debug_line    0x000087e1      0x871 ./Core/Src/system_stm32g0xx.o
 .debug_line    0x00009052      0x7e3 ./Core/Src/timers.o
 .debug_line    0x00009835      0x869 ./Core/Src/utility.o
 .debug_line    0x0000a09e       0x7b ./Core/Startup/startup_stm32g031k8tx.o
 .debug_line    0x0000a119      0xce1 ./Drivers/STM32G0xx_HAL_Driver/Src/stm32g0xx_hal.o
 .debug_line    0x0000adfa     0x2441 ./Drivers/STM32G0xx_HAL_Driver/Src/stm32g0xx_hal_adc.o
 .debug_line    0x0000d23b      0xcaa ./Drivers/STM32G0xx_HAL_Driver/Src/stm32g0xx_hal_adc_ex.o
 .debug_line    0x0000dee5      0xca8 ./Drivers/STM32G0xx_HAL_Driver/Src/stm32g0xx_hal_cortex.o
 .debug_line    0x0000eb8d     0x12ee ./Drivers/STM32G0xx_HAL_Driver/Src/stm32g0xx_hal_dma.o
 .debug_line    0x0000fe7b      0xd58 ./Drivers/STM32G0xx_HAL_Driver/Src/stm32g0xx_hal_gpio.o
 .debug_line    0x00010bd3     0x2129 ./Drivers/STM32G0xx_HAL_Driver/Src/stm32g0xx_hal_lptim.o
 .debug_line    0x00012cfc      0xca1 ./Drivers/STM32G0xx_HAL_Driver/Src/stm32g0xx_hal_pwr_ex.o
 .debug_line    0x0001399d     0x1546 ./Drivers/STM32G0xx_HAL_Driver/Src/stm32g0xx_hal_rcc.o
 .debug_line    0x00014ee3      0xed5 ./Drivers/STM32G0xx_HAL_Driver/Src/stm32g0xx_hal_rcc_ex.o
 .debug_line    0x00015db8     0x7638 ./Drivers/STM32G0xx_HAL_Driver/Src/stm32g0xx_hal_tim.o
 .debug_line    0x0001d3f0     0x233e ./Drivers/STM32G0xx_HAL_Driver/Src/stm32g0xx_hal_tim_ex.o
 .debug_line    0x0001f72e     0x708c ./Drivers/STM32G0xx_HAL_Driver/Src/stm32g0xx_hal_uart.o
 .debug_line    0x000267ba     0x156c ./Drivers/STM32G0xx_HAL_Driver/Src/stm32g0xx_hal_uart_ex.o

.debug_str      0x00000000    0x9ec5a
 .debug_str     0x00000000    0x974fc ./Core/Src/UART.o
                              0x97d12 (size before relaxing)
 .debug_str     0x000974fc      0xb06 ./Core/Src/checking_functions.o
                              0x981bc (size before relaxing)
 .debug_str     0x00098002     0x19bd ./Core/Src/config.o
                              0x9a269 (size before relaxing)
 .debug_str     0x000999bf      0x457 ./Core/Src/custom_callbacks.o
                              0x99810 (size before relaxing)
 .debug_str     0x00099e16       0xe4 ./Core/Src/input_capture.o
                              0x989cf (size before relaxing)
 .debug_str     0x00099efa       0x3d ./Core/Src/main.o
                              0x97ed8 (size before relaxing)
 .debug_str     0x00099f37      0x16e ./Core/Src/oscillator.o
                              0x98b16 (size before relaxing)
 .debug_str     0x0009a0a5       0x2a ./Core/Src/speed_control_state_machine.o
                               0x3d0a (size before relaxing)
 .debug_str     0x0009a0cf       0x2e ./Core/Src/startup.o
                              0x990f9 (size before relaxing)
 .debug_str     0x0009a0fd      0x216 ./Core/Src/stm32g0xx_hal_msp.o
                              0x98ce2 (size before relaxing)
 .debug_str     0x0009a313      0x187 ./Core/Src/stm32g0xx_it.o
                              0x98ef2 (size before relaxing)
 .debug_str     0x0009a49a      0x23d ./Core/Src/symmetry_adjustment.o
                              0x9808f (size before relaxing)
 .debug_str     0x0009a6d7       0x8e ./Core/Src/system_stm32g0xx.o
                              0x973a8 (size before relaxing)
 .debug_str     0x0009a765       0x4b ./Core/Src/timers.o
                              0x97f36 (size before relaxing)
 .debug_str     0x0009a7b0       0x55 ./Core/Src/utility.o
                              0x976f1 (size before relaxing)
 .debug_str     0x0009a805       0x44 ./Core/Startup/startup_stm32g031k8tx.o
                                 0x70 (size before relaxing)
 .debug_str     0x0009a849      0x571 ./Drivers/STM32G0xx_HAL_Driver/Src/stm32g0xx_hal.o
                              0x97b7e (size before relaxing)
 .debug_str     0x0009adba      0x8d3 ./Drivers/STM32G0xx_HAL_Driver/Src/stm32g0xx_hal_adc.o
                              0x983bb (size before relaxing)
 .debug_str     0x0009b68d      0x1e2 ./Drivers/STM32G0xx_HAL_Driver/Src/stm32g0xx_hal_adc_ex.o
                              0x97bfe (size before relaxing)
 .debug_str     0x0009b86f      0x28b ./Drivers/STM32G0xx_HAL_Driver/Src/stm32g0xx_hal_cortex.o
                              0x97824 (size before relaxing)
 .debug_str     0x0009bafa      0x261 ./Drivers/STM32G0xx_HAL_Driver/Src/stm32g0xx_hal_dma.o
                              0x97842 (size before relaxing)
 .debug_str     0x0009bd5b      0x113 ./Drivers/STM32G0xx_HAL_Driver/Src/stm32g0xx_hal_gpio.o
                              0x974cf (size before relaxing)
 .debug_str     0x0009be6e      0x5a2 ./Drivers/STM32G0xx_HAL_Driver/Src/stm32g0xx_hal_lptim.o
                              0x97e33 (size before relaxing)
 .debug_str     0x0009c410      0x37b ./Drivers/STM32G0xx_HAL_Driver/Src/stm32g0xx_hal_pwr_ex.o
                              0x97821 (size before relaxing)
 .debug_str     0x0009c78b      0x4ae ./Drivers/STM32G0xx_HAL_Driver/Src/stm32g0xx_hal_rcc.o
                              0x97afe (size before relaxing)
 .debug_str     0x0009cc39      0x185 ./Drivers/STM32G0xx_HAL_Driver/Src/stm32g0xx_hal_rcc_ex.o
                              0x97737 (size before relaxing)
 .debug_str     0x0009cdbe      0xd1f ./Drivers/STM32G0xx_HAL_Driver/Src/stm32g0xx_hal_tim.o
                              0x98f73 (size before relaxing)
 .debug_str     0x0009dadd      0x4a0 ./Drivers/STM32G0xx_HAL_Driver/Src/stm32g0xx_hal_tim_ex.o
                              0x984d5 (size before relaxing)
 .debug_str     0x0009df7d      0xa15 ./Drivers/STM32G0xx_HAL_Driver/Src/stm32g0xx_hal_uart.o
                              0x986f6 (size before relaxing)
 .debug_str     0x0009e992      0x2c8 ./Drivers/STM32G0xx_HAL_Driver/Src/stm32g0xx_hal_uart_ex.o
                              0x97d4c (size before relaxing)

.comment        0x00000000       0x43
 .comment       0x00000000       0x43 ./Core/Src/UART.o
                                 0x44 (size before relaxing)
 .comment       0x00000043       0x44 ./Core/Src/checking_functions.o
 .comment       0x00000043       0x44 ./Core/Src/config.o
 .comment       0x00000043       0x44 ./Core/Src/custom_callbacks.o
 .comment       0x00000043       0x44 ./Core/Src/input_capture.o
 .comment       0x00000043       0x44 ./Core/Src/main.o
 .comment       0x00000043       0x44 ./Core/Src/oscillator.o
 .comment       0x00000043       0x44 ./Core/Src/speed_control_state_machine.o
 .comment       0x00000043       0x44 ./Core/Src/startup.o
 .comment       0x00000043       0x44 ./Core/Src/stm32g0xx_hal_msp.o
 .comment       0x00000043       0x44 ./Core/Src/stm32g0xx_it.o
 .comment       0x00000043       0x44 ./Core/Src/symmetry_adjustment.o
 .comment       0x00000043       0x44 ./Core/Src/system_stm32g0xx.o
 .comment       0x00000043       0x44 ./Core/Src/timers.o
 .comment       0x00000043       0x44 ./Core/Src/utility.o
 .comment       0x00000043       0x44 ./Drivers/STM32G0xx_HAL_Driver/Src/stm32g0xx_hal.o
 .comment       0x00000043       0x44 ./Drivers/STM32G0xx_HAL_Driver/Src/stm32g0xx_hal_adc.o
 .comment       0x00000043       0x44 ./Drivers/STM32G0xx_HAL_Driver/Src/stm32g0xx_hal_adc_ex.o
 .comment       0x00000043       0x44 ./Drivers/STM32G0xx_HAL_Driver/Src/stm32g0xx_hal_cortex.o
 .comment       0x00000043       0x44 ./Drivers/STM32G0xx_HAL_Driver/Src/stm32g0xx_hal_dma.o
 .comment       0x00000043       0x44 ./Drivers/STM32G0xx_HAL_Driver/Src/stm32g0xx_hal_gpio.o
 .comment       0x00000043       0x44 ./Drivers/STM32G0xx_HAL_Driver/Src/stm32g0xx_hal_lptim.o
 .comment       0x00000043       0x44 ./Drivers/STM32G0xx_HAL_Driver/Src/stm32g0xx_hal_pwr_ex.o
 .comment       0x00000043       0x44 ./Drivers/STM32G0xx_HAL_Driver/Src/stm32g0xx_hal_rcc.o
 .comment       0x00000043       0x44 ./Drivers/STM32G0xx_HAL_Driver/Src/stm32g0xx_hal_rcc_ex.o
 .comment       0x00000043       0x44 ./Drivers/STM32G0xx_HAL_Driver/Src/stm32g0xx_hal_tim.o
 .comment       0x00000043       0x44 ./Drivers/STM32G0xx_HAL_Driver/Src/stm32g0xx_hal_tim_ex.o
 .comment       0x00000043       0x44 ./Drivers/STM32G0xx_HAL_Driver/Src/stm32g0xx_hal_uart.o
 .comment       0x00000043       0x44 ./Drivers/STM32G0xx_HAL_Driver/Src/stm32g0xx_hal_uart_ex.o

.debug_frame    0x00000000     0x32d8
 .debug_frame   0x00000000       0x28 ./Core/Src/UART.o
 .debug_frame   0x00000028       0x50 ./Core/Src/checking_functions.o
 .debug_frame   0x00000078      0x174 ./Core/Src/config.o
 .debug_frame   0x000001ec       0xd0 ./Core/Src/custom_callbacks.o
 .debug_frame   0x000002bc       0x68 ./Core/Src/input_capture.o
 .debug_frame   0x00000324       0x2c ./Core/Src/main.o
 .debug_frame   0x00000350       0xc8 ./Core/Src/oscillator.o
 .debug_frame   0x00000418       0x2c ./Core/Src/startup.o
 .debug_frame   0x00000444      0x110 ./Core/Src/stm32g0xx_hal_msp.o
 .debug_frame   0x00000554      0x128 ./Core/Src/stm32g0xx_it.o
 .debug_frame   0x0000067c       0x48 ./Core/Src/symmetry_adjustment.o
 .debug_frame   0x000006c4       0x38 ./Core/Src/system_stm32g0xx.o
 .debug_frame   0x000006fc       0x40 ./Core/Src/timers.o
 .debug_frame   0x0000073c       0x5c ./Core/Src/utility.o
 .debug_frame   0x00000798      0x270 ./Drivers/STM32G0xx_HAL_Driver/Src/stm32g0xx_hal.o
 .debug_frame   0x00000a08      0x318 ./Drivers/STM32G0xx_HAL_Driver/Src/stm32g0xx_hal_adc.o
 .debug_frame   0x00000d20       0xb8 ./Drivers/STM32G0xx_HAL_Driver/Src/stm32g0xx_hal_adc_ex.o
 .debug_frame   0x00000dd8      0x130 ./Drivers/STM32G0xx_HAL_Driver/Src/stm32g0xx_hal_cortex.o
 .debug_frame   0x00000f08      0x168 ./Drivers/STM32G0xx_HAL_Driver/Src/stm32g0xx_hal_dma.o
 .debug_frame   0x00001070       0xe4 ./Drivers/STM32G0xx_HAL_Driver/Src/stm32g0xx_hal_gpio.o
 .debug_frame   0x00001154      0x438 ./Drivers/STM32G0xx_HAL_Driver/Src/stm32g0xx_hal_lptim.o
 .debug_frame   0x0000158c      0x1e4 ./Drivers/STM32G0xx_HAL_Driver/Src/stm32g0xx_hal_pwr_ex.o
 .debug_frame   0x00001770      0x184 ./Drivers/STM32G0xx_HAL_Driver/Src/stm32g0xx_hal_rcc.o
 .debug_frame   0x000018f4       0xa8 ./Drivers/STM32G0xx_HAL_Driver/Src/stm32g0xx_hal_rcc_ex.o
 .debug_frame   0x0000199c      0xa80 ./Drivers/STM32G0xx_HAL_Driver/Src/stm32g0xx_hal_tim.o
 .debug_frame   0x0000241c      0x4b4 ./Drivers/STM32G0xx_HAL_Driver/Src/stm32g0xx_hal_tim_ex.o
 .debug_frame   0x000028d0      0x770 ./Drivers/STM32G0xx_HAL_Driver/Src/stm32g0xx_hal_uart.o
 .debug_frame   0x00003040      0x1c8 ./Drivers/STM32G0xx_HAL_Driver/Src/stm32g0xx_hal_uart_ex.o
 .debug_frame   0x00003208       0x20 /Applications/STM32CubeIDE.app/Contents/Eclipse/plugins/com.st.stm32cube.ide.mcu.externaltools.gnu-tools-for-stm32.12.3.rel1.macos64_1.1.0.202410301201/tools/bin/../lib/gcc/arm-none-eabi/12.3.1/../../../../arm-none-eabi/lib/thumb/v6-m/nofp/libc_nano.a(libc_a-memset.o)
 .debug_frame   0x00003228       0x2c /Applications/STM32CubeIDE.app/Contents/Eclipse/plugins/com.st.stm32cube.ide.mcu.externaltools.gnu-tools-for-stm32.12.3.rel1.macos64_1.1.0.202410301201/tools/bin/../lib/gcc/arm-none-eabi/12.3.1/../../../../arm-none-eabi/lib/thumb/v6-m/nofp/libc_nano.a(libc_a-init.o)
 .debug_frame   0x00003254       0x28 /Applications/STM32CubeIDE.app/Contents/Eclipse/plugins/com.st.stm32cube.ide.mcu.externaltools.gnu-tools-for-stm32.12.3.rel1.macos64_1.1.0.202410301201/tools/bin/../lib/gcc/arm-none-eabi/12.3.1/../../../../arm-none-eabi/lib/thumb/v6-m/nofp/libc_nano.a(libc_a-memcpy-stub.o)
 .debug_frame   0x0000327c       0x20 /Applications/STM32CubeIDE.app/Contents/Eclipse/plugins/com.st.stm32cube.ide.mcu.externaltools.gnu-tools-for-stm32.12.3.rel1.macos64_1.1.0.202410301201/tools/bin/../lib/gcc/arm-none-eabi/12.3.1/thumb/v6-m/nofp/libgcc.a(_udivsi3.o)
 .debug_frame   0x0000329c       0x3c /Applications/STM32CubeIDE.app/Contents/Eclipse/plugins/com.st.stm32cube.ide.mcu.externaltools.gnu-tools-for-stm32.12.3.rel1.macos64_1.1.0.202410301201/tools/bin/../lib/gcc/arm-none-eabi/12.3.1/thumb/v6-m/nofp/libgcc.a(_udivmoddi4.o)

.debug_loclists
                0x00000000     0xf237
 .debug_loclists
                0x00000000       0x9c ./Core/Src/checking_functions.o
 .debug_loclists
                0x0000009c       0x9a ./Core/Src/custom_callbacks.o
 .debug_loclists
                0x00000136      0x11a ./Core/Src/input_capture.o
 .debug_loclists
                0x00000250      0x34e ./Core/Src/oscillator.o
 .debug_loclists
                0x0000059e       0x20 ./Core/Src/startup.o
 .debug_loclists
                0x000005be      0x19e ./Core/Src/stm32g0xx_hal_msp.o
 .debug_loclists
                0x0000075c      0x3a8 ./Core/Src/symmetry_adjustment.o
 .debug_loclists
                0x00000b04       0xa7 ./Core/Src/system_stm32g0xx.o
 .debug_loclists
                0x00000bab       0x90 ./Core/Src/timers.o
 .debug_loclists
                0x00000c3b       0x56 ./Core/Src/utility.o
 .debug_loclists
                0x00000c91      0x143 ./Drivers/STM32G0xx_HAL_Driver/Src/stm32g0xx_hal.o
 .debug_loclists
                0x00000dd4     0x1121 ./Drivers/STM32G0xx_HAL_Driver/Src/stm32g0xx_hal_adc.o
 .debug_loclists
                0x00001ef5      0x2a3 ./Drivers/STM32G0xx_HAL_Driver/Src/stm32g0xx_hal_adc_ex.o
 .debug_loclists
                0x00002198      0x1ef ./Drivers/STM32G0xx_HAL_Driver/Src/stm32g0xx_hal_cortex.o
 .debug_loclists
                0x00002387      0x747 ./Drivers/STM32G0xx_HAL_Driver/Src/stm32g0xx_hal_dma.o
 .debug_loclists
                0x00002ace      0x372 ./Drivers/STM32G0xx_HAL_Driver/Src/stm32g0xx_hal_gpio.o
 .debug_loclists
                0x00002e40     0x1041 ./Drivers/STM32G0xx_HAL_Driver/Src/stm32g0xx_hal_lptim.o
 .debug_loclists
                0x00003e81      0x1b3 ./Drivers/STM32G0xx_HAL_Driver/Src/stm32g0xx_hal_pwr_ex.o
 .debug_loclists
                0x00004034      0x4e1 ./Drivers/STM32G0xx_HAL_Driver/Src/stm32g0xx_hal_rcc.o
 .debug_loclists
                0x00004515      0x46c ./Drivers/STM32G0xx_HAL_Driver/Src/stm32g0xx_hal_rcc_ex.o
 .debug_loclists
                0x00004981     0x4f53 ./Drivers/STM32G0xx_HAL_Driver/Src/stm32g0xx_hal_tim.o
 .debug_loclists
                0x000098d4     0x1392 ./Drivers/STM32G0xx_HAL_Driver/Src/stm32g0xx_hal_tim_ex.o
 .debug_loclists