Archive member included to satisfy reference by file (symbol)

/Applications/STM32CubeIDE.app/Contents/Eclipse/plugins/com.st.stm32cube.ide.mcu.externaltools.gnu-tools-for-stm32.12.3.rel1.macos64_1.1.0.202410301201/tools/bin/../lib/gcc/arm-none-eabi/12.3.1/../../../../arm-none-eabi/lib/thumb/v6-m/nofp/libc_nano.a(libc_a-exit.o)
                              /Applications/STM32CubeIDE.app/Contents/Eclipse/plugins/com.st.stm32cube.ide.mcu.externaltools.gnu-tools-for-stm32.12.3.rel1.macos64_1.1.0.202410301201/tools/bin/../lib/gcc/arm-none-eabi/12.3.1/../../../../arm-none-eabi/lib/thumb/v6-m/nofp/crt0.o (exit)
/Applications/STM32CubeIDE.app/Contents/Eclipse/plugins/com.st.stm32cube.ide.mcu.externaltools.gnu-tools-for-stm32.12.3.rel1.macos64_1.1.0.202410301201/tools/bin/../lib/gcc/arm-none-eabi/12.3.1/../../../../arm-none-eabi/lib/thumb/v6-m/nofp/libc_nano.a(libc_a-findfp.o)
                              /Applications/STM32CubeIDE.app/Contents/Eclipse/plugins/com.st.stm32cube.ide.mcu.externaltools.gnu-tools-for-stm32.12.3.rel1.macos64_1.1.0.202410301201/tools/bin/../lib/gcc/arm-none-eabi/12.3.1/../../../../arm-none-eabi/lib/thumb/v6-m/nofp/libc_nano.a(libc_a-exit.o) (__stdio_exit_handler)
/Applications/STM32CubeIDE.app/Contents/Eclipse/plugins/com.st.stm32cube.ide.mcu.externaltools.gnu-tools-for-stm32.12.3.rel1.macos64_1.1.0.202410301201/tools/bin/../lib/gcc/arm-none-eabi/12.3.1/../../../../arm-none-eabi/lib/thumb/v6-m/nofp/libc_nano.a(libc_a-fwalk.o)
                              /Applications/STM32CubeIDE.app/Contents/Eclipse/plugins/com.st.stm32cube.ide.mcu.externaltools.gnu-tools-for-stm32.12.3.rel1.macos64_1.1.0.202410301201/tools/bin/../lib/gcc/arm-none-eabi/12.3.1/../../../../arm-none-eabi/lib/thumb/v6-m/nofp/libc_nano.a(libc_a-findfp.o) (_fwalk_sglue)
/Applications/STM32CubeIDE.app/Contents/Eclipse/plugins/com.st.stm32cube.ide.mcu.externaltools.gnu-tools-for-stm32.12.3.rel1.macos64_1.1.0.202410301201/tools/bin/../lib/gcc/arm-none-eabi/12.3.1/../../../../arm-none-eabi/lib/thumb/v6-m/nofp/libc_nano.a(libc_a-memset.o)
                              /Applications/STM32CubeIDE.app/Contents/Eclipse/plugins/com.st.stm32cube.ide.mcu.externaltools.gnu-tools-for-stm32.12.3.rel1.macos64_1.1.0.202410301201/tools/bin/../lib/gcc/arm-none-eabi/12.3.1/../../../../arm-none-eabi/lib/thumb/v6-m/nofp/crt0.o (memset)
/Applications/STM32CubeIDE.app/Contents/Eclipse/plugins/com.st.stm32cube.ide.mcu.externaltools.gnu-tools-for-stm32.12.3.rel1.macos64_1.1.0.202410301201/tools/bin/../lib/gcc/arm-none-eabi/12.3.1/../../../../arm-none-eabi/lib/thumb/v6-m/nofp/libc_nano.a(libc_a-impure.o)
                              /Applications/STM32CubeIDE.app/Contents/Eclipse/plugins/com.st.stm32cube.ide.mcu.externaltools.gnu-tools-for-stm32.12.3.rel1.macos64_1.1.0.202410301201/tools/bin/../lib/gcc/arm-none-eabi/12.3.1/../../../../arm-none-eabi/lib/thumb/v6-m/nofp/libc_nano.a(libc_a-findfp.o) (_impure_data)
/Applications/STM32CubeIDE.app/Contents/Eclipse/plugins/com.st.stm32cube.ide.mcu.externaltools.gnu-tools-for-stm32.12.3.rel1.macos64_1.1.0.202410301201/tools/bin/../lib/gcc/arm-none-eabi/12.3.1/../../../../arm-none-eabi/lib/thumb/v6-m/nofp/libc_nano.a(libc_a-errno.o)
                              ./Core/Src/syscalls.o (__errno)
/Applications/STM32CubeIDE.app/Contents/Eclipse/plugins/com.st.stm32cube.ide.mcu.externaltools.gnu-tools-for-stm32.12.3.rel1.macos64_1.1.0.202410301201/tools/bin/../lib/gcc/arm-none-eabi/12.3.1/../../../../arm-none-eabi/lib/thumb/v6-m/nofp/libc_nano.a(libc_a-init.o)
                              /Applications/STM32CubeIDE.app/Contents/Eclipse/plugins/com.st.stm32cube.ide.mcu.externaltools.gnu-tools-for-stm32.12.3.rel1.macos64_1.1.0.202410301201/tools/bin/../lib/gcc/arm-none-eabi/12.3.1/../../../../arm-none-eabi/lib/thumb/v6-m/nofp/crt0.o (__libc_init_array)
/Applications/STM32CubeIDE.app/Contents/Eclipse/plugins/com.st.stm32cube.ide.mcu.externaltools.gnu-tools-for-stm32.12.3.rel1.macos64_1.1.0.202410301201/tools/bin/../lib/gcc/arm-none-eabi/12.3.1/../../../../arm-none-eabi/lib/thumb/v6-m/nofp/libc_nano.a(libc_a-lock.o)
                              /Applications/STM32CubeIDE.app/Contents/Eclipse/plugins/com.st.stm32cube.ide.mcu.externaltools.gnu-tools-for-stm32.12.3.rel1.macos64_1.1.0.202410301201/tools/bin/../lib/gcc/arm-none-eabi/12.3.1/../../../../arm-none-eabi/lib/thumb/v6-m/nofp/libc_nano.a(libc_a-findfp.o) (__retarget_lock_init_recursive)
/Applications/STM32CubeIDE.app/Contents/Eclipse/plugins/com.st.stm32cube.ide.mcu.externaltools.gnu-tools-for-stm32.12.3.rel1.macos64_1.1.0.202410301201/tools/bin/../lib/gcc/arm-none-eabi/12.3.1/../../../../arm-none-eabi/lib/thumb/v6-m/nofp/libc_nano.a(libc_a-memcpy-stub.o)
                              ./Core/Src/input_capture.o (memcpy)
[...]
Memory Configuration

Name             Origin             Length             Attributes
RAM              0x20000000         0x00002000         xrw
FLASH            0x08000000         0x00010000         xr
*default*        0x00000000         0xffffffff

Linker script and memory map

LOAD /Applications/STM32CubeIDE.app/Contents/Eclipse/plugins/com.st.stm32cube.ide.mcu.externaltools.gnu-tools-for-stm32.12.3.rel1.macos64_1.1.0.202410301201/tools/bin/../lib/gcc/arm-none-eabi/12.3.1/thumb/v6-m/nofp/crti.o
LOAD /Applications/STM32CubeIDE.app/Contents/Eclipse/plugins/com.st.stm32cube.ide.mcu.externaltools.gnu-tools-for-stm32.12.3.rel1.macos64_1.1.0.202410301201/tools/bin/../lib/gcc/arm-none-eabi/12.3.1/thumb/v6-m/nofp/crtbegin.o
LOAD /Applications/STM32CubeIDE.app/Contents/Eclipse/plugins/com.st.stm32cube.ide.mcu.externaltools.gnu-tools-for-stm32.12.3.rel1.macos64_1.1.0.202410301201/tools/bin/../lib/gcc/arm-none-eabi/12.3.1/../../../../arm-none-eabi/lib/thumb/v6-m/nofp/crt0.o
LOAD ./Core/Src/UART.o
LOAD ./Core/Src/checking_functions.o
LOAD ./Core/Src/config.o
LOAD ./Core/Src/custom_callbacks.o
LOAD ./Core/Src/debug.o
LOAD ./Core/Src/input_capture.o
LOAD ./Core/Src/main.o
LOAD ./Core/Src/oscillator.o
LOAD ./Core/Src/speed_control_state_machine.o
LOAD ./Core/Src/startup.o
LOAD ./Core/Src/stm32g0xx_hal_msp.o
LOAD ./Core/Src/stm32g0xx_it.o
LOAD ./Core/Src/symmetry_adjustment.o
LOAD ./Core/Src/syscalls.o
LOAD ./Core/Src/sysmem.o
LOAD ./Core/Src/system_stm32g0xx.o
LOAD ./Core/Src/timers.o
LOAD ./Core/Src/utility.o
LOAD ./Core/Startup/startup_stm32g031k8tx.o
LOAD ./Drivers/STM32G0xx_HAL_Driver/Src/stm32g0xx_hal.o
LOAD ./Drivers/STM32G0xx_HAL_Driver/Src/stm32g0xx_hal_adc.o
LOAD ./Drivers/STM32G0xx_HAL_Driver/Src/stm32g0xx_hal_adc_ex.o
LOAD ./Drivers/STM32G0xx_HAL_Driver/Src/stm32g0xx_hal_cortex.o
LOAD ./Drivers/STM32G0xx_HAL_Driver/Src/stm32g0xx_hal_dma.o
LOAD ./Drivers/STM32G0xx_HAL_Driver/Src/stm32g0xx_hal_dma_ex.o
LOAD ./Drivers/STM32G0xx_HAL_Driver/Src/stm32g0xx_hal_exti.o
LOAD ./Drivers/STM32G0xx_HAL_Driver/Src/stm32g0xx_hal_flash.o
LOAD ./Drivers/STM32G0xx_HAL_Driver/Src/stm32g0xx_hal_flash_ex.o
LOAD ./Drivers/STM32G0xx_HAL_Driver/Src/stm32g0xx_hal_gpio.o
LOAD ./Drivers/STM32G0xx_HAL_Driver/Src/stm32g0xx_hal_iwdg.o
LOAD ./Drivers/STM32G0xx_HAL_Driver/Src/stm32g0xx_hal_lptim.o
LOAD ./Drivers/STM32G0xx_HAL_Driver/Src/stm32g0xx_hal_pwr.o
LOAD ./Drivers/STM32G0xx_HAL_Driver/Src/stm32g0xx_hal_pwr_ex.o
LOAD ./Drivers/STM32G0xx_HAL_Driver/Src/stm32g0xx_hal_rcc.o
LOAD ./Drivers/STM32G0xx_HAL_Driver/Src/stm32g0xx_hal_rcc_ex.o
LOAD ./Drivers/STM32G0xx_HAL_Driver/Src/stm32g0xx_hal_tim.o
LOAD ./Drivers/STM32G0xx_HAL_Driver/Src/stm32g0xx_hal_tim_ex.o
LOAD ./Drivers/STM32G0xx_HAL_Driver/Src/stm32g0xx_hal_uart.o
LOAD ./Drivers/STM32G0xx_HAL_Driver/Src/stm32g0xx_hal_uart_ex.o
LOAD ./Drivers/STM32G0xx_HAL_Driver/Src/stm32g0xx_ll_adc.o
LOAD ./Drivers/STM32G0xx_HAL_Driver/Src/stm32g0xx_ll_rcc.o
START GROUP
LOAD /Applications/STM32CubeIDE.app/Contents/Eclipse/plugins/com.st.stm32cube.ide.mcu.externaltools.gnu-tools-for-stm32.12.3.rel1.macos64_1.1.0.202410301201/tools/bin/../lib/gcc/arm-none-eabi/12.3.1/../../../../arm-none-eabi/lib/thumb/v6-m/nofp/libc_nano.a
LOAD /Applications/STM32CubeIDE.app/Contents/Eclipse/plugins/com.st.stm32cube.ide.mcu.externaltools.gnu-tools-for-stm32.12.3.rel1.macos64_1.1.0.202410301201/tools/bin/../lib/gcc/arm-none-eabi/12.3.1/../../../../arm-none-eabi/lib/thumb/v6-m/nofp/libm.a
END GROUP
START GROUP
LOAD /Applications/STM32CubeIDE.app/Contents/Eclipse/plugins/com.st.stm32cube.ide.mcu.externaltools.gnu-tools-for-stm32.12.3.rel1.macos64_1.1.0.202410301201/tools/bin/../lib/gcc/arm-none-eabi/12.3.1/thumb/v6-m/nofp/libgcc.a
LOAD /Applications/STM32CubeIDE.app/Contents/Eclipse/plugins/com.st.stm32cube.ide.mcu.externaltools.gnu-tools-for-stm32.12.3.rel1.macos64_1.1.0.202410301201/tools/bin/../lib/gcc/arm-none-eabi/12.3.1/../../../../arm-none-eabi/lib/thumb/v6-m/nofp/libc_nano.a
END GROUP
START GROUP
LOAD /Applications/STM32CubeIDE.app/Contents/Eclipse/plugins/com.st.stm32cube.ide.mcu.externaltools.gnu-tools-for-stm32.12.3.rel1.macos64_1.1.0.202410301201/tools/bin/../lib/gcc/arm-none-eabi/12.3.1/thumb/v6-m/nofp/libgcc.a
LOAD /Applications/STM32CubeIDE.app/Contents/Eclipse/plugins/com.st.stm32cube.ide.mcu.externaltools.gnu-tools-for-stm32.12.3.rel1.macos64_1.1.0.202410301201/tools/bin/../lib/gcc/arm-none-eabi/12.3.1/../../../../arm-none-eabi/lib/thumb/v6-m/nofp/libc_nano.a
LOAD /Applications/STM32CubeIDE.app/Contents/Eclipse/plugins/com.st.stm32cube.ide.mcu.externaltools.gnu-tools-for-stm32.12.3.rel1.macos64_1.1.0.202410301201/tools/bin/../lib/gcc/arm-none-eabi/12.3.1/../../../../arm-none-eabi/lib/thumb/v6-m/nofp/libnosys.a
END GROUP
START GROUP
LOAD /Applications/STM32CubeIDE.app/Contents/Eclipse/plugins/com.st.stm32cube.ide.mcu.externaltools.gnu-tools-for-stm32.12.3.rel1.macos64_1.1.0.202410301201/tools/bin/../lib/gcc/arm-none-eabi/12.3.1/thumb/v6-m/nofp/libgcc.a
LOAD /Applications/STM32CubeIDE.app/Contents/Eclipse/plugins/com.st.stm32cube.ide.mcu.externaltools.gnu-tools-for-stm32.12.3.rel1.macos64_1.1.0.202410301201/tools/bin/../lib/gcc/arm-none-eabi/12.3.1/../../../../arm-none-eabi/lib/thumb/v6-m/nofp/libc_nano.a
LOAD /Applications/STM32CubeIDE.app/Contents/Eclipse/plugins/com.st.stm32cube.ide.mcu.externaltools.gnu-tools-for-stm32.12.3.rel1.macos64_1.1.0.202410301201/tools/bin/../lib/gcc/arm-none-eabi/12.3.1/../../../../arm-none-eabi/lib/thumb/v6-m/nofp/libnosys.a
END GROUP
LOAD /Applications/STM32CubeIDE.app/Contents/Eclipse/plugins/com.st.stm32cube.ide.mcu.externaltools.gnu-tools-for-stm32.12.3.rel1.macos64_1.1.0.202410301201/tools/bin/../lib/gcc/arm-none-eabi/12.3.1/thumb/v6-m/nofp/crtend.o
LOAD /Applications/STM32CubeIDE.app/Contents/Eclipse/plugins/com.st.stm32cube.ide.mcu.externaltools.gnu-tools-for-stm32.12.3.rel1.macos64_1.1.0.202410301201/tools/bin/../lib/gcc/arm-none-eabi/12.3.1/thumb/v6-m/nofp/crtn.o
                0x20002000                        _estack = (ORIGIN (RAM) + LENGTH (RAM))
                0x00000200                        _Min_Heap_Size = 0x200
                0x00000400                        _Min_Stack_Size = 0x400

.isr_vector     0x08000000       0xbc
                0x08000000                        . = ALIGN (0x4)
 *(.isr_vector)
 .isr_vector    0x08000000       0xbc ./Core/Startup/startup_stm32g031k8tx.o
                0x08000000                g_pfnVectors
                0x080000bc                        . = ALIGN (0x4)

.text           0x080000bc     0x656c
                0x080000bc                        . = ALIGN (0x4)
 *(.text)
 .text          0x080000bc       0x48 /Applications/STM32CubeIDE.app/Contents/Eclipse/plugins/com.st.stm32cube.ide.mcu.externaltools.gnu-tools-for-stm32.12.3.rel1.macos64_1.1.0.202410301201/tools/bin/../lib/gcc/arm-none-eabi/12.3.1/thumb/v6-m/nofp/crtbegin.o
 .text          0x08000104      0x114 /Applications/STM32CubeIDE.app/Contents/Eclipse/plugins/com.st.stm32cube.ide.mcu.externaltools.gnu-tools-for-stm32.12.3.rel1.macos64_1.1.0.202410301201/tools/bin/../lib/gcc/arm-none-eabi/12.3.1/thumb/v6-m/nofp/libgcc.a(_udivsi3.o)
                0x08000104                __udivsi3
                0x08000104                __aeabi_uidiv
                0x08000210                __aeabi_uidivmod
 .text          0x08000218        0x4 /Applications/STM32CubeIDE.app/Contents/Eclipse/plugins/com.st.stm32cube.ide.mcu.externaltools.gnu-tools-for-stm32.12.3.rel1.macos64_1.1.0.202410301201/tools/bin/../lib/gcc/arm-none-eabi/12.3.1/thumb/v6-m/nofp/libgcc.a(_dvmd_tls.o)
                0x08000218                __aeabi_ldiv0
                0x08000218                __aeabi_idiv0
 .text          0x0800021c       0x40 /Applications/STM32CubeIDE.app/Contents/Eclipse/plugins/com.st.stm32cube.ide.mcu.externaltools.gnu-tools-for-stm32.12.3.rel1.macos64_1.1.0.202410301201/tools/bin/../lib/gcc/arm-none-eabi/12.3.1/thumb/v6-m/nofp/libgcc.a(_aeabi_uldivmod.o)
                0x0800021c                __aeabi_uldivmod
 .text          0x0800025c      0x198 /Applications/STM32CubeIDE.app/Contents/Eclipse/plugins/com.st.stm32cube.ide.mcu.externaltools.gnu-tools-for-stm32.12.3.rel1.macos64_1.1.0.202410301201/tools/bin/../lib/gcc/arm-none-eabi/12.3.1/thumb/v6-m/nofp/libgcc.a(_udivmoddi4.o)
                0x0800025c                __udivmoddi4
 .text          0x080003f4       0x18 /Applications/STM32CubeIDE.app/Contents/Eclipse/plugins/com.st.stm32cube.ide.mcu.externaltools.gnu-tools-for-stm32.12.3.rel1.macos64_1.1.0.202410301201/tools/bin/../lib/gcc/arm-none-eabi/12.3.1/thumb/v6-m/nofp/libgcc.a(_clzdi2.o)
                0x080003f4                __clzdi2
 .text          0x0800040c       0x3c /Applications/STM32CubeIDE.app/Contents/Eclipse/plugins/com.st.stm32cube.ide.mcu.externaltools.gnu-tools-for-stm32.12.3.rel1.macos64_1.1.0.202410301201/tools/bin/../lib/gcc/arm-none-eabi/12.3.1/thumb/v6-m/nofp/libgcc.a(_clzsi2.o)
                0x0800040c                __clzsi2
 *(.text*)
 .text.Start_UART_Receive
                0x08000448       0x18 ./Core/Src/UART.o
                0x08000448                Start_UART_Receive
 .text.Speed_Pot_Check
                0x08000460       0x74 ./Core/Src/checking_functions.o
                0x08000460                Speed_Pot_Check
 .text.Check_Tap_Tempo_Switch_State
                0x080004d4       0x64 ./Core/Src/checking_functions.o
                0x080004d4                Check_Tap_Tempo_Switch_State
 .text.SystemClock_Config
                0x08000538       0x80 ./Core/Src/config.o
                0x08000538                SystemClock_Config
 .text.MX_ADC1_Init
                0x080005b8       0xf4 ./Core/Src/config.o
                0x080005b8                MX_ADC1_Init
 .text.MX_TIM16_Init
                0x080006ac       0xb0 ./Core/Src/config.o
                0x080006ac                MX_TIM16_Init
 .text.MX_TIM2_Init
                0x0800075c       0xb8 ./Core/Src/config.o
                0x0800075c                MX_TIM2_Init
 .text.MX_TIM3_Init
                0x08000814       0xc0 ./Core/Src/config.o
                0x08000814                MX_TIM3_Init
 .text.MX_TIM1_Init
                0x080008d4      0x128 ./Core/Src/config.o
                0x080008d4                MX_TIM1_Init
 .text.MX_TIM17_Init
                0x080009fc       0xb4 ./Core/Src/config.o
                0x080009fc                MX_TIM17_Init
 .text.MX_TIM14_Init
                0x08000ab0       0x74 ./Core/Src/config.o
                0x08000ab0                MX_TIM14_Init
 .text.MX_GPIO_Init
                0x08000b24      0x130 ./Core/Src/config.o
                0x08000b24                MX_GPIO_Init
 .text.Error_Handler
                0x08000c54        0x4 ./Core/Src/config.o
                0x08000c54                Error_Handler
 .text.System_Init
                0x08000c58      0x19c ./Core/Src/config.o
                0x08000c58                System_Init
 .text.TIM16_callback
                0x08000df4       0x3c ./Core/Src/custom_callbacks.o
                0x08000df4                TIM16_callback
 .text.ADC_DMA_conversion_complete_callback
                0x08000e30       0x7c ./Core/Src/custom_callbacks.o
                0x08000e30                ADC_DMA_conversion_complete_callback
 .text.TIM2_ch1_IP_capture_callback
                0x08000eac       0x9c ./Core/Src/custom_callbacks.o
                0x08000eac                TIM2_ch1_IP_capture_callback
 .text.TIM2_ch1_overflow_callback
                0x08000f48       0x24 ./Core/Src/custom_callbacks.o
                0x08000f48                TIM2_ch1_overflow_callback
 .text.TIM3_ch1_IP_capture_measurement_reelapse_callback
                0x08000f6c       0x78 ./Core/Src/custom_callbacks.o
                0x08000f6c                TIM3_ch1_IP_capture_measurement_reelapse_callback
 .text.UART2_TX_transfer_complete_callback
                0x08000fe4        0xc ./Core/Src/custom_callbacks.o
                0x08000fe4                UART2_TX_transfer_complete_callback
 .text.UART2_RX_transfer_complete_callback
                0x08000ff0       0x30 ./Core/Src/custom_callbacks.o
                0x08000ff0                UART2_RX_transfer_complete_callback
 .text.HAL_GPIO_EXTI_Falling_Callback
                0x08001020       0x4c ./Core/Src/custom_callbacks.o
                0x08001020                HAL_GPIO_EXTI_Falling_Callback
 .text.HAL_GPIO_EXTI_Rising_Callback
                0x0800106c        0x4 ./Core/Src/custom_callbacks.o
                0x0800106c                HAL_GPIO_EXTI_Rising_Callback
 .text.LPTIM1_callback
                0x08001070       0xa0 ./Core/Src/custom_callbacks.o
                0x08001070                LPTIM1_callback
 .text.TIM17_callback
                0x08001110        0x4 ./Core/Src/custom_callbacks.o
                0x08001110                TIM17_callback
 .text.TIM14_callback
                0x08001114       0x2c ./Core/Src/custom_callbacks.o
                0x08001114                TIM14_callback
 .text.Input_Capture_Processing
                0x08001140       0x7c ./Core/Src/input_capture.o
                0x08001140                Input_Capture_Processing
 .text.Start_Input_Capture_Timer
                0x080011bc       0x30 ./Core/Src/input_capture.o
                0x080011bc                Start_Input_Capture_Timer
 .text.Copy_Params_Structs
                0x080011ec       0x14 ./Core/Src/input_capture.o
                0x080011ec                Copy_Params_Structs
 .text.startup.main
                0x08001200       0x30 ./Core/Src/main.o
                0x08001200                main
 .text.Start_PWM_Gen_Timer_Main_and_Secondary_Oscillators
                0x08001230       0x34 ./Core/Src/oscillator.o
                0x08001230                Start_PWM_Gen_Timer_Main_and_Secondary_Oscillators
 .text.Start_Freq_Gen_Timer
                0x08001264       0x1c ./Core/Src/oscillator.o
                0x08001264                Start_Freq_Gen_Timer
 .text.Process_TIM16_Raw_Start_Value_and_Raw_Prescaler
                0x08001280       0x2c ./Core/Src/oscillator.o
                0x08001280                Process_TIM16_Raw_Start_Value_and_Raw_Prescaler
 .text.Set_Oscillator_Values
                0x080012ac       0x30 ./Core/Src/oscillator.o
                0x080012ac                Set_Oscillator_Values
 .text.Calculate_Next_Main_Oscillator_Values
                0x080012dc      0x11c ./Core/Src/oscillator.o
                0x080012dc                Calculate_Next_Main_Oscillator_Values
 .text.Write_Next_Main_Oscillator_Values_to_Delay_Line
                0x080013f8       0xb8 ./Core/Src/oscillator.o
                0x080013f8                Write_Next_Main_Oscillator_Values_to_Delay_Line
 .text.Process_ADC_Conversion_Values
                0x080014b0       0x4c ./Core/Src/oscillator.o
                0x080014b0                Process_ADC_Conversion_Values
 .text.Startup  0x080014fc      0x110 ./Core/Src/startup.o
                0x080014fc                Startup
 .text.HAL_MspInit
                0x0800160c       0x30 ./Core/Src/stm32g0xx_hal_msp.o
                0x0800160c                HAL_MspInit
 .text.HAL_ADC_MspInit
                0x0800163c       0xa0 ./Core/Src/stm32g0xx_hal_msp.o
                0x0800163c                HAL_ADC_MspInit
 .text.HAL_LPTIM_MspInit
                0x080016dc       0xf4 ./Core/Src/stm32g0xx_hal_msp.o
                0x080016dc                HAL_LPTIM_MspInit
 .text.HAL_TIM_Base_MspInit
                0x080017d0      0x170 ./Core/Src/stm32g0xx_hal_msp.o
                0x080017d0                HAL_TIM_Base_MspInit
 .text.HAL_TIM_MspPostInit
                0x08001940       0x78 ./Core/Src/stm32g0xx_hal_msp.o
                0x08001940                HAL_TIM_MspPostInit
 .text.HAL_UART_MspInit
                0x080019b8       0xec ./Core/Src/stm32g0xx_hal_msp.o
                0x080019b8                HAL_UART_MspInit
 .text.NMI_Handler
                0x08001aa4        0x4 ./Core/Src/stm32g0xx_it.o
                0x08001aa4                NMI_Handler
 .text.HardFault_Handler
                0x08001aa8        0x4 ./Core/Src/stm32g0xx_it.o
                0x08001aa8                HardFault_Handler
 .text.SVC_Handler
                0x08001aac        0x4 ./Core/Src/stm32g0xx_it.o
                0x08001aac                SVC_Handler
 .text.PendSV_Handler
                0x08001ab0        0x4 ./Core/Src/stm32g0xx_it.o
                0x08001ab0                PendSV_Handler
 .text.SysTick_Handler
                0x08001ab4        0x8 ./Core/Src/stm32g0xx_it.o
                0x08001ab4                SysTick_Handler
 .text.EXTI4_15_IRQHandler
                0x08001abc       0x10 ./Core/Src/stm32g0xx_it.o
                0x08001abc                EXTI4_15_IRQHandler
 .text.DMA1_Channel1_IRQHandler
                0x08001acc       0x10 ./Core/Src/stm32g0xx_it.o
                0x08001acc                DMA1_Channel1_IRQHandler
 .text.DMA1_Channel2_3_IRQHandler
                0x08001adc       0x18 ./Core/Src/stm32g0xx_it.o
                0x08001adc                DMA1_Channel2_3_IRQHandler
 .text.TIM2_IRQHandler
                0x08001af4       0x10 ./Core/Src/stm32g0xx_it.o
                0x08001af4                TIM2_IRQHandler
 .text.TIM3_IRQHandler
                0x08001b04       0x10 ./Core/Src/stm32g0xx_it.o
                0x08001b04                TIM3_IRQHandler
 .text.TIM16_IRQHandler
                0x08001b14       0x10 ./Core/Src/stm32g0xx_it.o
                0x08001b14                TIM16_IRQHandler
 .text.USART2_IRQHandler
                0x08001b24       0x10 ./Core/Src/stm32g0xx_it.o
                0x08001b24                USART2_IRQHandler
 .text.LPTIM1_IRQHandler
                0x08001b34       0x10 ./Core/Src/stm32g0xx_it.o
                0x08001b34                LPTIM1_IRQHandler
 .text.TIM17_IRQHandler
                0x08001b44       0x10 ./Core/Src/stm32g0xx_it.o
                0x08001b44                TIM17_IRQHandler
 .text.TIM14_IRQHandler
                0x08001b54       0x10 ./Core/Src/stm32g0xx_it.o
                0x08001b54                TIM14_IRQHandler
 .text.Process_TIM16_Final_Start_Value_and_Final_Prescaler
                0x08001b64      0x2a4 ./Core/Src/symmetry_adjustment.o
                0x08001b64                Process_TIM16_Final_Start_Value_and_Final_Prescaler
 .text.SystemInit
                0x08001e08        0x4 ./Core/Src/system_stm32g0xx.o
                0x08001e08                SystemInit
 .text.Start_OC_TIM
                0x08001e0c       0x14 ./Core/Src/timers.o
                0x08001e0c                Start_OC_TIM
 .text.Stop_OC_TIM
                0x08001e20       0x14 ./Core/Src/timers.o
                0x08001e20                Stop_OC_TIM
 .text.isPrime  0x08001e34       0x34 ./Core/Src/utility.o
                0x08001e34                isPrime
 .text.unsigned_bitwise_modulo
                0x08001e68        0xc ./Core/Src/utility.o
                0x08001e68                unsigned_bitwise_modulo
 .text.Global_Interrupt_Enable
                0x08001e74        0x8 ./Core/Src/utility.o
                0x08001e74                Global_Interrupt_Enable
 .text.Reset_Handler
                0x08001e7c       0x50 ./Core/Startup/startup_stm32g031k8tx.o
                0x08001e7c                Reset_Handler
 .text.Default_Handler
                0x08001ecc        0x2 ./Core/Startup/startup_stm32g031k8tx.o
                0x08001ecc                TIM1_BRK_UP_TRG_COM_IRQHandler
                0x08001ecc                PVD_IRQHandler
                0x08001ecc                I2C1_IRQHandler
                0x08001ecc                LPTIM2_IRQHandler
                0x08001ecc                RTC_TAMP_IRQHandler
                0x08001ecc                SPI1_IRQHandler
                0x08001ecc                DMA1_Ch4_5_DMAMUX1_OVR_IRQHandler
                0x08001ecc                EXTI2_3_IRQHandler
                0x08001ecc                ADC1_IRQHandler
                0x08001ecc                I2C2_IRQHandler
                0x08001ecc                RCC_IRQHandler
                0x08001ecc                Default_Handler
                0x08001ecc                EXTI0_1_IRQHandler
                0x08001ecc                SPI2_IRQHandler
                0x08001ecc                WWDG_IRQHandler
                0x08001ecc                LPUART1_IRQHandler
                0x08001ecc                FLASH_IRQHandler
                0x08001ecc                USART1_IRQHandler
                0x08001ecc                TIM1_CC_IRQHandler
 *fill*         0x08001ece        0x2 
 .text.HAL_InitTick
                0x08001ed0       0x4c ./Drivers/STM32G0xx_HAL_Driver/Src/stm32g0xx_hal.o
                0x08001ed0                HAL_InitTick
 .text.HAL_Init
                0x08001f1c       0x28 ./Drivers/STM32G0xx_HAL_Driver/Src/stm32g0xx_hal.o
                0x08001f1c                HAL_Init
 .text.HAL_IncTick
                0x08001f44       0x18 ./Drivers/STM32G0xx_HAL_Driver/Src/stm32g0xx_hal.o
                0x08001f44                HAL_IncTick
 .text.HAL_GetTick
                0x08001f5c        0xc ./Drivers/STM32G0xx_HAL_Driver/Src/stm32g0xx_hal.o
                0x08001f5c                HAL_GetTick
 .text.ADC_DMAConvCplt
                0x08001f68       0x80 ./Drivers/STM32G0xx_HAL_Driver/Src/stm32g0xx_hal_adc.o
 .text.ADC_DMAHalfConvCplt
                0x08001fe8        0xc ./Drivers/STM32G0xx_HAL_Driver/Src/stm32g0xx_hal_adc.o
 .text.ADC_DMAError
                0x08001ff4       0x1c ./Drivers/STM32G0xx_HAL_Driver/Src/stm32g0xx_hal_adc.o
 .text.HAL_ADC_ErrorCallback
                0x08002010        0x4 ./Drivers/STM32G0xx_HAL_Driver/Src/stm32g0xx_hal_adc.o
                0x08002010                HAL_ADC_ErrorCallback
 .text.HAL_ADC_ConvCpltCallback
                0x08002014        0x4 ./Drivers/STM32G0xx_HAL_Driver/Src/stm32g0xx_hal_adc.o
                0x08002014                HAL_ADC_ConvCpltCallback
 .text.HAL_ADC_ConvHalfCpltCallback
                0x08002018        0x4 ./Drivers/STM32G0xx_HAL_Driver/Src/stm32g0xx_hal_adc.o
                0x08002018                HAL_ADC_ConvHalfCpltCallback
 .text.HAL_ADC_LevelOutOfWindowCallback
                0x0800201c        0x4 ./Drivers/STM32G0xx_HAL_Driver/Src/stm32g0xx_hal_adc.o
                0x0800201c                HAL_ADC_LevelOutOfWindowCallback
 .text.HAL_ADC_Init
                0x08002020      0x284 ./Drivers/STM32G0xx_HAL_Driver/Src/stm32g0xx_hal_adc.o
                0x08002020                HAL_ADC_Init
 .text.HAL_ADC_RegisterCallback
                0x080022a4       0x70 ./Drivers/STM32G0xx_HAL_Driver/Src/stm32g0xx_hal_adc.o
                0x080022a4                HAL_ADC_RegisterCallback
 .text.HAL_ADC_ConfigChannel
                0x08002314      0x284 ./Drivers/STM32G0xx_HAL_Driver/Src/stm32g0xx_hal_adc.o
                0x08002314                HAL_ADC_ConfigChannel
 .text.ADC_ConversionStop
                0x08002598       0x74 ./Drivers/STM32G0xx_HAL_Driver/Src/stm32g0xx_hal_adc.o
                0x08002598                ADC_ConversionStop
 .text.ADC_Enable
                0x0800260c       0xcc ./Drivers/STM32G0xx_HAL_Driver/Src/stm32g0xx_hal_adc.o
                0x0800260c                ADC_Enable
 .text.HAL_ADC_Start_DMA
                0x080026d8       0xb4 ./Drivers/STM32G0xx_HAL_Driver/Src/stm32g0xx_hal_adc.o
                0x080026d8                HAL_ADC_Start_DMA
 .text.ADC_Disable
                0x0800278c       0x88 ./Drivers/STM32G0xx_HAL_Driver/Src/stm32g0xx_hal_adc.o
                0x0800278c                ADC_Disable
 .text.HAL_ADC_Stop_DMA
                0x08002814       0x8c ./Drivers/STM32G0xx_HAL_Driver/Src/stm32g0xx_hal_adc.o
                0x08002814                HAL_ADC_Stop_DMA
 .text.HAL_ADCEx_Calibration_Start
                0x080028a0      0x19c ./Drivers/STM32G0xx_HAL_Driver/Src/stm32g0xx_hal_adc_ex.o
                0x080028a0                HAL_ADCEx_Calibration_Start
 .text.HAL_ADCEx_LevelOutOfWindow2Callback
                0x08002a3c        0x4 ./Drivers/STM32G0xx_HAL_Driver/Src/stm32g0xx_hal_adc_ex.o
                0x08002a3c                HAL_ADCEx_LevelOutOfWindow2Callback
 .text.HAL_ADCEx_LevelOutOfWindow3Callback
                0x08002a40        0x4 ./Drivers/STM32G0xx_HAL_Driver/Src/stm32g0xx_hal_adc_ex.o
                0x08002a40                HAL_ADCEx_LevelOutOfWindow3Callback
 .text.HAL_ADCEx_EndOfSamplingCallback
                0x08002a44        0x4 ./Drivers/STM32G0xx_HAL_Driver/Src/stm32g0xx_hal_adc_ex.o
                0x08002a44                HAL_ADCEx_EndOfSamplingCallback
 .text.HAL_NVIC_SetPriority
                0x08002a48       0x54 ./Drivers/STM32G0xx_HAL_Driver/Src/stm32g0xx_hal_cortex.o
                0x08002a48                HAL_NVIC_SetPriority
 .text.HAL_NVIC_EnableIRQ
                0x08002a9c       0x18 ./Drivers/STM32G0xx_HAL_Driver/Src/stm32g0xx_hal_cortex.o
                0x08002a9c                HAL_NVIC_EnableIRQ
 .text.HAL_NVIC_DisableIRQ
                0x08002ab4       0x20 ./Drivers/STM32G0xx_HAL_Driver/Src/stm32g0xx_hal_cortex.o
                0x08002ab4                HAL_NVIC_DisableIRQ
 .text.HAL_SYSTICK_Config
                0x08002ad4       0x34 ./Drivers/STM32G0xx_HAL_Driver/Src/stm32g0xx_hal_cortex.o
                0x08002ad4                HAL_SYSTICK_Config
 .text.HAL_DMA_Init
                0x08002b08       0xec ./Drivers/STM32G0xx_HAL_Driver/Src/stm32g0xx_hal_dma.o
                0x08002b08                HAL_DMA_Init
 .text.HAL_DMA_Start_IT
                0x08002bf4       0xd0 ./Drivers/STM32G0xx_HAL_Driver/Src/stm32g0xx_hal_dma.o
                0x08002bf4                HAL_DMA_Start_IT
 .text.HAL_DMA_Abort
                0x08002cc4       0x78 ./Drivers/STM32G0xx_HAL_Driver/Src/stm32g0xx_hal_dma.o
                0x08002cc4                HAL_DMA_Abort
 .text.HAL_DMA_Abort_IT
                0x08002d3c       0x78 ./Drivers/STM32G0xx_HAL_Driver/Src/stm32g0xx_hal_dma.o
                0x08002d3c                HAL_DMA_Abort_IT
 .text.HAL_DMA_IRQHandler
                0x08002db4       0xb8 ./Drivers/STM32G0xx_HAL_Driver/Src/stm32g0xx_hal_dma.o
                0x08002db4                HAL_DMA_IRQHandler
 .text.HAL_GPIO_Init
                0x08002e6c      0x1e4 ./Drivers/STM32G0xx_HAL_Driver/Src/stm32g0xx_hal_gpio.o
                0x08002e6c                HAL_GPIO_Init
 .text.HAL_GPIO_ReadPin
                0x08003050        0xc ./Drivers/STM32G0xx_HAL_Driver/Src/stm32g0xx_hal_gpio.o
                0x08003050                HAL_GPIO_ReadPin
 .text.HAL_GPIO_WritePin
                0x0800305c        0xc ./Drivers/STM32G0xx_HAL_Driver/Src/stm32g0xx_hal_gpio.o
                0x0800305c                HAL_GPIO_WritePin
 .text.HAL_GPIO_TogglePin
                0x08003068       0x10 ./Drivers/STM32G0xx_HAL_Driver/Src/stm32g0xx_hal_gpio.o
                0x08003068                HAL_GPIO_TogglePin
 .text.HAL_GPIO_EXTI_IRQHandler
                0x08003078       0x34 ./Drivers/STM32G0xx_HAL_Driver/Src/stm32g0xx_hal_gpio.o
                0x08003078                HAL_GPIO_EXTI_IRQHandler
 .text.HAL_LPTIM_DirectionDownCallback
                0x080030ac        0x4 ./Drivers/STM32G0xx_HAL_Driver/Src/stm32g0xx_hal_lptim.o
                0x080030ac                HAL_LPTIM_DirectionDownCallback
 .text.HAL_LPTIM_CompareMatchCallback
                0x080030b0        0x4 ./Drivers/STM32G0xx_HAL_Driver/Src/stm32g0xx_hal_lptim.o
                0x080030b0                HAL_LPTIM_CompareMatchCallback
 .text.HAL_LPTIM_AutoReloadMatchCallback
                0x080030b4        0x4 ./Drivers/STM32G0xx_HAL_Driver/Src/stm32g0xx_hal_lptim.o
                0x080030b4                HAL_LPTIM_AutoReloadMatchCallback
 .text.HAL_LPTIM_TriggerCallback
                0x080030b8        0x4 ./Drivers/STM32G0xx_HAL_Driver/Src/stm32g0xx_hal_lptim.o
                0x080030b8                HAL_LPTIM_TriggerCallback
 .text.HAL_LPTIM_CompareWriteCallback
                0x080030bc        0x4 ./Drivers/STM32G0xx_HAL_Driver/Src/stm32g0xx_hal_lptim.o
                0x080030bc                HAL_LPTIM_CompareWriteCallback
 .text.HAL_LPTIM_AutoReloadWriteCallback
                0x080030c0        0x4 ./Drivers/STM32G0xx_HAL_Driver/Src/stm32g0xx_hal_lptim.o
                0x080030c0                HAL_LPTIM_AutoReloadWriteCallback
 .text.HAL_LPTIM_DirectionUpCallback
                0x080030c4        0x4 ./Drivers/STM32G0xx_HAL_Driver/Src/stm32g0xx_hal_lptim.o
                0x080030c4                HAL_LPTIM_DirectionUpCallback
 .text.HAL_LPTIM_Init
                0x080030c8      0x108 ./Drivers/STM32G0xx_HAL_Driver/Src/stm32g0xx_hal_lptim.o
                0x080030c8                HAL_LPTIM_Init
 .text.HAL_LPTIM_IRQHandler
                0x080031d0       0xb8 ./Drivers/STM32G0xx_HAL_Driver/Src/stm32g0xx_hal_lptim.o
                0x080031d0                HAL_LPTIM_IRQHandler
 .text.HAL_LPTIM_RegisterCallback
                0x08003288       0x70 ./Drivers/STM32G0xx_HAL_Driver/Src/stm32g0xx_hal_lptim.o
                0x08003288                HAL_LPTIM_RegisterCallback
 .text.LPTIM_Disable
                0x080032f8      0x1c8 ./Drivers/STM32G0xx_HAL_Driver/Src/stm32g0xx_hal_lptim.o
                0x080032f8                LPTIM_Disable
 .text.HAL_LPTIM_SetOnce_Start_IT
                0x080034c0       0xc8 ./Drivers/STM32G0xx_HAL_Driver/Src/stm32g0xx_hal_lptim.o
                0x080034c0                HAL_LPTIM_SetOnce_Start_IT
 .text.HAL_PWREx_ControlVoltageScaling
                0x08003588       0x60 ./Drivers/STM32G0xx_HAL_Driver/Src/stm32g0xx_hal_pwr_ex.o
                0x08003588                HAL_PWREx_ControlVoltageScaling
 .text.HAL_RCC_OscConfig
                0x080035e8      0x4d0 ./Drivers/STM32G0xx_HAL_Driver/Src/stm32g0xx_hal_rcc.o
                0x080035e8                HAL_RCC_OscConfig
 .text.HAL_RCC_GetSysClockFreq
                0x08003ab8       0x9c ./Drivers/STM32G0xx_HAL_Driver/Src/stm32g0xx_hal_rcc.o
                0x08003ab8                HAL_RCC_GetSysClockFreq
 .text.HAL_RCC_ClockConfig
                0x08003b54      0x190 ./Drivers/STM32G0xx_HAL_Driver/Src/stm32g0xx_hal_rcc.o
                0x08003b54                HAL_RCC_ClockConfig
 .text.HAL_RCC_GetPCLK1Freq
                0x08003ce4       0x28 ./Drivers/STM32G0xx_HAL_Driver/Src/stm32g0xx_hal_rcc.o
                0x08003ce4                HAL_RCC_GetPCLK1Freq
 .text.HAL_RCCEx_PeriphCLKConfig
                0x08003d0c      0x1f0 ./Drivers/STM32G0xx_HAL_Driver/Src/stm32g0xx_hal_rcc_ex.o
                0x08003d0c                HAL_RCCEx_PeriphCLKConfig
 .text.HAL_TIM_OC_MspInit
                0x08003efc        0x4 ./Drivers/STM32G0xx_HAL_Driver/Src/stm32g0xx_hal_tim.o
                0x08003efc                HAL_TIM_OC_MspInit
 .text.HAL_TIM_PWM_MspInit
                0x08003f00        0x4 ./Drivers/STM32G0xx_HAL_Driver/Src/stm32g0xx_hal_tim.o
                0x08003f00                HAL_TIM_PWM_MspInit
 .text.HAL_TIM_IC_MspInit
                0x08003f04        0x4 ./Drivers/STM32G0xx_HAL_Driver/Src/stm32g0xx_hal_tim.o
                0x08003f04                HAL_TIM_IC_MspInit
 .text.HAL_TIM_PeriodElapsedCallback
                0x08003f08        0x4 ./Drivers/STM32G0xx_HAL_Driver/Src/stm32g0xx_hal_tim.o
                0x08003f08                HAL_TIM_PeriodElapsedCallback
 .text.HAL_TIM_PeriodElapsedHalfCpltCallback
                0x08003f0c        0x4 ./Drivers/STM32G0xx_HAL_Driver/Src/stm32g0xx_hal_tim.o
                0x08003f0c                HAL_TIM_PeriodElapsedHalfCpltCallback
 .text.HAL_TIM_OC_DelayElapsedCallback
                0x08003f10        0x4 ./Drivers/STM32G0xx_HAL_Driver/Src/stm32g0xx_hal_tim.o
                0x08003f10                HAL_TIM_OC_DelayElapsedCallback
 .text.HAL_TIM_IC_CaptureCallback
                0x08003f14        0x4 ./Drivers/STM32G0xx_HAL_Driver/Src/stm32g0xx_hal_tim.o
                0x08003f14                HAL_TIM_IC_CaptureCallback
 .text.HAL_TIM_IC_CaptureHalfCpltCallback
                0x08003f18        0x4 ./Drivers/STM32G0xx_HAL_Driver/Src/stm32g0xx_hal_tim.o
                0x08003f18                HAL_TIM_IC_CaptureHalfCpltCallback
 .text.HAL_TIM_PWM_PulseFinishedCallback
                0x08003f1c        0x4 ./Drivers/STM32G0xx_HAL_Driver/Src/stm32g0xx_hal_tim.o
                0x08003f1c                HAL_TIM_PWM_PulseFinishedCallback
 .text.HAL_TIM_PWM_PulseFinishedHalfCpltCallback
                0x08003f20        0x4 ./Drivers/STM32G0xx_HAL_Driver/Src/stm32g0xx_hal_tim.o
                0x08003f20                HAL_TIM_PWM_PulseFinishedHalfCpltCallback
 .text.HAL_TIM_TriggerCallback
                0x08003f24        0x4 ./Drivers/STM32G0xx_HAL_Driver/Src/stm32g0xx_hal_tim.o
                0x08003f24                HAL_TIM_TriggerCallback
 .text.HAL_TIM_TriggerHalfCpltCallback
                0x08003f28        0x4 ./Drivers/STM32G0xx_HAL_Driver/Src/stm32g0xx_hal_tim.o
                0x08003f28                HAL_TIM_TriggerHalfCpltCallback
 .text.HAL_TIM_ErrorCallback
                0x08003f2c        0x4 ./Drivers/STM32G0xx_HAL_Driver/Src/stm32g0xx_hal_tim.o
                0x08003f2c                HAL_TIM_ErrorCallback
 .text.HAL_TIM_Base_Init
                0x08003f30      0x190 ./Drivers/STM32G0xx_HAL_Driver/Src/stm32g0xx_hal_tim.o
                0x08003f30                HAL_TIM_Base_Init
 .text.HAL_TIM_Base_Start
                0x080040c0       0x5c ./Drivers/STM32G0xx_HAL_Driver/Src/stm32g0xx_hal_tim.o
                0x080040c0                HAL_TIM_Base_Start
 .text.HAL_TIM_Base_Start_IT
                0x0800411c       0x64 ./Drivers/STM32G0xx_HAL_Driver/Src/stm32g0xx_hal_tim.o
                0x0800411c                HAL_TIM_Base_Start_IT
 .text.HAL_TIM_OC_Init
                0x08004180      0x190 ./Drivers/STM32G0xx_HAL_Driver/Src/stm32g0xx_hal_tim.o
                0x08004180                HAL_TIM_OC_Init
 .text.HAL_TIM_OC_Start_IT
                0x08004310      0x104 ./Drivers/STM32G0xx_HAL_Driver/Src/stm32g0xx_hal_tim.o
                0x08004310                HAL_TIM_OC_Start_IT
 .text.HAL_TIM_OC_Stop_IT
                0x08004414      0x100 ./Drivers/STM32G0xx_HAL_Driver/Src/stm32g0xx_hal_tim.o
                0x08004414                HAL_TIM_OC_Stop_IT
 .text.HAL_TIM_PWM_Init
                0x08004514      0x190 ./Drivers/STM32G0xx_HAL_Driver/Src/stm32g0xx_hal_tim.o
                0x08004514                HAL_TIM_PWM_Init
 .text.HAL_TIM_PWM_Start
                0x080046a4       0xd0 ./Drivers/STM32G0xx_HAL_Driver/Src/stm32g0xx_hal_tim.o
                0x080046a4                HAL_TIM_PWM_Start
 .text.HAL_TIM_IC_Init
                0x08004774      0x190 ./Drivers/STM32G0xx_HAL_Driver/Src/stm32g0xx_hal_tim.o
                0x08004774                HAL_TIM_IC_Init
 .text.HAL_TIM_IC_Start_IT
                0x08004904      0x168 ./Drivers/STM32G0xx_HAL_Driver/Src/stm32g0xx_hal_tim.o
                0x08004904                HAL_TIM_IC_Start_IT
 .text.HAL_TIM_IRQHandler
                0x08004a6c      0x1b4 ./Drivers/STM32G0xx_HAL_Driver/Src/stm32g0xx_hal_tim.o
                0x08004a6c                HAL_TIM_IRQHandler
 .text.HAL_TIM_OC_ConfigChannel
                0x08004c20      0x2a4 ./Drivers/STM32G0xx_HAL_Driver/Src/stm32g0xx_hal_tim.o
                0x08004c20                HAL_TIM_OC_ConfigChannel
 .text.HAL_TIM_IC_ConfigChannel
                0x08004ec4      0x1bc ./Drivers/STM32G0xx_HAL_Driver/Src/stm32g0xx_hal_tim.o
                0x08004ec4                HAL_TIM_IC_ConfigChannel
 .text.HAL_TIM_PWM_ConfigChannel
                0x08005080      0x348 ./Drivers/STM32G0xx_HAL_Driver/Src/stm32g0xx_hal_tim.o
                0x08005080                HAL_TIM_PWM_ConfigChannel
 .text.HAL_TIM_ConfigClockSource
                0x080053c8      0x170 ./Drivers/STM32G0xx_HAL_Driver/Src/stm32g0xx_hal_tim.o
                0x080053c8                HAL_TIM_ConfigClockSource
 .text.HAL_TIM_ReadCapturedValue
                0x08005538       0x30 ./Drivers/STM32G0xx_HAL_Driver/Src/stm32g0xx_hal_tim.o
                0x08005538                HAL_TIM_ReadCapturedValue
 .text.HAL_TIM_RegisterCallback
                0x08005568      0x104 ./Drivers/STM32G0xx_HAL_Driver/Src/stm32g0xx_hal_tim.o
                0x08005568                HAL_TIM_RegisterCallback
 .text.HAL_TIMEx_MasterConfigSynchronization
                0x0800566c       0x70 ./Drivers/STM32G0xx_HAL_Driver/Src/stm32g0xx_hal_tim_ex.o
                0x0800566c                HAL_TIMEx_MasterConfigSynchronization
 .text.HAL_TIMEx_ConfigBreakDeadTime
                0x080056dc       0xc0 ./Drivers/STM32G0xx_HAL_Driver/Src/stm32g0xx_hal_tim_ex.o
                0x080056dc                HAL_TIMEx_ConfigBreakDeadTime
 .text.HAL_TIMEx_CommutCallback
                0x0800579c        0x4 ./Drivers/STM32G0xx_HAL_Driver/Src/stm32g0xx_hal_tim_ex.o
                0x0800579c                HAL_TIMEx_CommutCallback
 .text.HAL_TIMEx_CommutHalfCpltCallback
                0x080057a0        0x4 ./Drivers/STM32G0xx_HAL_Driver/Src/stm32g0xx_hal_tim_ex.o
                0x080057a0                HAL_TIMEx_CommutHalfCpltCallback
 .text.HAL_TIMEx_BreakCallback
                0x080057a4        0x4 ./Drivers/STM32G0xx_HAL_Driver/Src/stm32g0xx_hal_tim_ex.o
                0x080057a4                HAL_TIMEx_BreakCallback
 .text.HAL_TIMEx_Break2Callback
                0x080057a8        0x4 ./Drivers/STM32G0xx_HAL_Driver/Src/stm32g0xx_hal_tim_ex.o
                0x080057a8                HAL_TIMEx_Break2Callback
 .text.HAL_UARTEx_RxEventCallback
                0x080057ac        0x4 ./Drivers/STM32G0xx_HAL_Driver/Src/stm32g0xx_hal_uart.o
                0x080057ac                HAL_UARTEx_RxEventCallback
 .text.UART_DMAReceiveCplt
                0x080057b0       0xa0 ./Drivers/STM32G0xx_HAL_Driver/Src/stm32g0xx_hal_uart.o
 .text.UART_DMARxHalfCplt
                0x08005850       0x24 ./Drivers/STM32G0xx_HAL_Driver/Src/stm32g0xx_hal_uart.o
 .text.UART_DMAAbortOnError
                0x08005874       0x18 ./Drivers/STM32G0xx_HAL_Driver/Src/stm32g0xx_hal_uart.o
 .text.HAL_UART_AbortReceiveCpltCallback
                0x0800588c        0x4 ./Drivers/STM32G0xx_HAL_Driver/Src/stm32g0xx_hal_uart.o
                0x0800588c                HAL_UART_AbortReceiveCpltCallback
 .text.HAL_UART_TxCpltCallback
                0x08005890        0x4 ./Drivers/STM32G0xx_HAL_Driver/Src/stm32g0xx_hal_uart.o
                0x08005890                HAL_UART_TxCpltCallback
 .text.HAL_UART_TxHalfCpltCallback
                0x08005894        0x4 ./Drivers/STM32G0xx_HAL_Driver/Src/stm32g0xx_hal_uart.o
                0x08005894                HAL_UART_TxHalfCpltCallback
 .text.HAL_UART_RxCpltCallback
                0x08005898        0x4 ./Drivers/STM32G0xx_HAL_Driver/Src/stm32g0xx_hal_uart.o
                0x08005898                HAL_UART_RxCpltCallback
 .text.HAL_UART_RxHalfCpltCallback
                0x0800589c        0x4 ./Drivers/STM32G0xx_HAL_Driver/Src/stm32g0xx_hal_uart.o
                0x0800589c                HAL_UART_RxHalfCpltCallback
 .text.HAL_UART_ErrorCallback
                0x080058a0        0x4 ./Drivers/STM32G0xx_HAL_Driver/Src/stm32g0xx_hal_uart.o
                0x080058a0                HAL_UART_ErrorCallback
 .text.HAL_UART_AbortCpltCallback
                0x080058a4        0x4 ./Drivers/STM32G0xx_HAL_Driver/Src/stm32g0xx_hal_uart.o
                0x080058a4                HAL_UART_AbortCpltCallback
 .text.HAL_UART_AbortTransmitCpltCallback
                0x080058a8        0x4 ./Drivers/STM32G0xx_HAL_Driver/Src/stm32g0xx_hal_uart.o
                0x080058a8                HAL_UART_AbortTransmitCpltCallback
 .text.UART_DMAError
                0x080058ac       0xdc ./Drivers/STM32G0xx_HAL_Driver/Src/stm32g0xx_hal_uart.o
 .text.HAL_UART_RegisterCallback
                0x08005988       0xa4 ./Drivers/STM32G0xx_HAL_Driver/Src/stm32g0xx_hal_uart.o
                0x08005988                HAL_UART_RegisterCallback
 .text.HAL_UART_Receive_DMA
                0x08005a2c      0x100 ./Drivers/STM32G0xx_HAL_Driver/Src/stm32g0xx_hal_uart.o
                0x08005a2c                HAL_UART_Receive_DMA
 .text.HAL_UART_IRQHandler
                0x08005b2c      0x3cc ./Drivers/STM32G0xx_HAL_Driver/Src/stm32g0xx_hal_uart.o
                0x08005b2c                HAL_UART_IRQHandler
 .text.UART_AdvFeatureConfig
                0x08005ef8       0xd0 ./Drivers/STM32G0xx_HAL_Driver/Src/stm32g0xx_hal_uart.o
                0x08005ef8                UART_AdvFeatureConfig
 .text.UART_CheckIdleState
                0x08005fc8      0x2ac ./Drivers/STM32G0xx_HAL_Driver/Src/stm32g0xx_hal_uart.o
                0x08005fc8                UART_CheckIdleState
 .text.HAL_UART_Init
                0x08006274      0x324 ./Drivers/STM32G0xx_HAL_Driver/Src/stm32g0xx_hal_uart.o
                0x08006274                HAL_UART_Init
 .text.HAL_UARTEx_WakeupCallback
                0x08006598        0x4 ./Drivers/STM32G0xx_HAL_Driver/Src/stm32g0xx_hal_uart_ex.o
                0x08006598                HAL_UARTEx_WakeupCallback
 .text.HAL_UARTEx_RxFifoFullCallback
                0x0800659c        0x4 ./Drivers/STM32G0xx_HAL_Driver/Src/stm32g0xx_hal_uart_ex.o
                0x0800659c                HAL_UARTEx_RxFifoFullCallback
 .text.HAL_UARTEx_TxFifoEmptyCallback
                0x080065a0        0x4 ./Drivers/STM32G0xx_HAL_Driver/Src/stm32g0xx_hal_uart_ex.o
                0x080065a0                HAL_UARTEx_TxFifoEmptyCallback
 .text.memset   0x080065a4       0x10 /Applications/STM32CubeIDE.app/Contents/Eclipse/plugins/com.st.stm32cube.ide.mcu.externaltools.gnu-tools-for-stm32.12.3.rel1.macos64_1.1.0.202410301201/tools/bin/../lib/gcc/arm-none-eabi/12.3.1/../../../../arm-none-eabi/lib/thumb/v6-m/nofp/libc_nano.a(libc_a-memset.o)
                0x080065a4                memset
 .text.__libc_init_array
                0x080065b4       0x48 /Applications/STM32CubeIDE.app/Contents/Eclipse/plugins/com.st.stm32cube.ide.mcu.externaltools.gnu-tools-for-stm32.12.3.rel1.macos64_1.1.0.202410301201/tools/bin/../lib/gcc/arm-none-eabi/12.3.1/../../../../arm-none-eabi/lib/thumb/v6-m/nofp/libc_nano.a(libc_a-init.o)
                0x080065b4                __libc_init_array
 .text.memcpy   0x080065fc       0x12 /Applications/STM32CubeIDE.app/Contents/Eclipse/plugins/com.st.stm32cube.ide.mcu.externaltools.gnu-tools-for-stm32.12.3.rel1.macos64_1.1.0.202410301201/tools/bin/../lib/gcc/arm-none-eabi/12.3.1/../../../../arm-none-eabi/lib/thumb/v6-m/nofp/libc_nano.a(libc_a-memcpy-stub.o)
                0x080065fc                memcpy
 *(.glue_7)
 .glue_7        0x0800660e        0x0 linker stubs
 *(.glue_7t)
 .glue_7t       0x0800660e        0x0 linker stubs
 *(.eh_frame)
 *fill*         0x0800660e        0x2 
 .eh_frame      0x08006610        0x0 /Applications/STM32CubeIDE.app/Contents/Eclipse/plugins/com.st.stm32cube.ide.mcu.externaltools.gnu-tools-for-stm32.12.3.rel1.macos64_1.1.0.202410301201/tools/bin/../lib/gcc/arm-none-eabi/12.3.1/thumb/v6-m/nofp/crtbegin.o
 *(.init)
 .init          0x08006610        0x4 /Applications/STM32CubeIDE.app/Contents/Eclipse/plugins/com.st.stm32cube.ide.mcu.externaltools.gnu-tools-for-stm32.12.3.rel1.macos64_1.1.0.202410301201/tools/bin/../lib/gcc/arm-none-eabi/12.3.1/thumb/v6-m/nofp/crti.o
                0x08006610                _init
 .init          0x08006614        0x8 /Applications/STM32CubeIDE.app/Contents/Eclipse/plugins/com.st.stm32cube.ide.mcu.externaltools.gnu-tools-for-stm32.12.3.rel1.macos64_1.1.0.202410301201/tools/bin/../lib/gcc/arm-none-eabi/12.3.1/thumb/v6-m/nofp/crtn.o
 *(.fini)
 .fini          0x0800661c        0x4 /Applications/STM32CubeIDE.app/Contents/Eclipse/plugins/com.st.stm32cube.ide.mcu.externaltools.gnu-tools-for-stm32.12.3.rel1.macos64_1.1.0.202410301201/tools/bin/../lib/gcc/arm-none-eabi/12.3.1/thumb/v6-m/nofp/crti.o
                0x0800661c                _fini
 .fini          0x08006620        0x8 /Applications/STM32CubeIDE.app/Contents/Eclipse/plugins/com.st.stm32cube.ide.mcu.externaltools.gnu-tools-for-stm32.12.3.rel1.macos64_1.1.0.202410301201/tools/bin/../lib/gcc/arm-none-eabi/12.3.1/thumb/v6-m/nofp/crtn.o
                0x08006628                        . = ALIGN (0x4)
                0x08006628                        _etext = .

.vfp11_veneer   0x08006628        0x0
 .vfp11_veneer  0x08006628        0x0 linker stubs

.v4_bx          0x08006628        0x0
 .v4_bx         0x08006628        0x0 linker stubs

.iplt           0x08006628        0x0
 .iplt          0x08006628        0x0 /Applications/STM32CubeIDE.app/Contents/Eclipse/plugins/com.st.stm32cube.ide.mcu.externaltools.gnu-tools-for-stm32.12.3.rel1.macos64_1.1.0.202410301201/tools/bin/../lib/gcc/arm-none-eabi/12.3.1/thumb/v6-m/nofp/crtbegin.o

.rodata         0x08006628      0xb50
                0x08006628                        . = ALIGN (0x4)
 *(.rodata)
 *(.rodata*)
 .rodata.num_ADC_conversions
                0x08006628        0x1 ./Core/Src/oscillator.o
                0x08006628                num_ADC_conversions
 *fill*         0x08006629        0x3 
 .rodata.tri_wavetable
                0x0800662c      0x400 ./Core/Src/oscillator.o
                0x0800662c                tri_wavetable
 .rodata.sine_wavetable
                0x08006a2c      0x400 ./Core/Src/oscillator.o
                0x08006a2c                sine_wavetable
 .rodata.APBPrescTable
                0x08006e2c       0x20 ./Core/Src/system_stm32g0xx.o
                0x08006e2c                APBPrescTable
 .rodata.AHBPrescTable
                0x08006e4c       0x40 ./Core/Src/system_stm32g0xx.o
                0x08006e4c                AHBPrescTable
 .rodata.HAL_ADC_RegisterCallback
                0x08006e8c       0x2c ./Drivers/STM32G0xx_HAL_Driver/Src/stm32g0xx_hal_adc.o
 .rodata.HAL_LPTIM_RegisterCallback
                0x08006eb8       0x24 ./Drivers/STM32G0xx_HAL_Driver/Src/stm32g0xx_hal_lptim.o
 .rodata.HAL_TIM_OC_Start_IT
                0x08006edc       0x44 ./Drivers/STM32G0xx_HAL_Driver/Src/stm32g0xx_hal_tim.o
 .rodata.HAL_TIM_PWM_Start
                0x08006f20       0x44 ./Drivers/STM32G0xx_HAL_Driver/Src/stm32g0xx_hal_tim.o
 .rodata.HAL_TIM_IC_Start_IT
                0x08006f64       0x78 ./Drivers/STM32G0xx_HAL_Driver/Src/stm32g0xx_hal_tim.o
 .rodata.HAL_TIM_OC_ConfigChannel
                0x08006fdc       0x54 ./Drivers/STM32G0xx_HAL_Driver/Src/stm32g0xx_hal_tim.o
 .rodata.HAL_TIM_PWM_ConfigChannel
                0x08007030       0x54 ./Drivers/STM32G0xx_HAL_Driver/Src/stm32g0xx_hal_tim.o
 .rodata.HAL_TIM_RegisterCallback
                0x08007084       0xa8 ./Drivers/STM32G0xx_HAL_Driver/Src/stm32g0xx_hal_tim.o
 .rodata.HAL_UART_RegisterCallback
                0x0800712c       0x34 ./Drivers/STM32G0xx_HAL_Driver/Src/stm32g0xx_hal_uart.o
 .rodata.UARTPrescTable
                0x08007160       0x18 ./Drivers/STM32G0xx_HAL_Driver/Src/stm32g0xx_hal_uart.o
                0x08007160                UARTPrescTable
                0x08007178                        . = ALIGN (0x4)

.ARM.extab      0x08007178        0x0
                0x08007178                        . = ALIGN (0x4)
 *(.ARM.extab* .gnu.linkonce.armextab.*)
                0x08007178                        . = ALIGN (0x4)

.ARM            0x08007178        0x8
                0x08007178                        . = ALIGN (0x4)
                0x08007178                        __exidx_start = .
 *(.ARM.exidx*)
 .ARM.exidx     0x08007178        0x8 /Applications/STM32CubeIDE.app/Contents/Eclipse/plugins/com.st.stm32cube.ide.mcu.externaltools.gnu-tools-for-stm32.12.3.rel1.macos64_1.1.0.202410301201/tools/bin/../lib/gcc/arm-none-eabi/12.3.1/thumb/v6-m/nofp/libgcc.a(_udivmoddi4.o)
                0x08007180                        __exidx_end = .
                0x08007180                        . = ALIGN (0x4)

.preinit_array  0x08007180        0x0
                0x08007180                        . = ALIGN (0x4)
                0x08007180                        PROVIDE (__preinit_array_start = .)
 *(.preinit_array*)
                0x08007180                        PROVIDE (__preinit_array_end = .)
                0x08007180                        . = ALIGN (0x4)

.init_array     0x08007180        0x4
                0x08007180                        . = ALIGN (0x4)
                0x08007180                        PROVIDE (__init_array_start = .)
 *(SORT_BY_NAME(.init_array.*))
 *(.init_array*)
 .init_array    0x08007180        0x4 /Applications/STM32CubeIDE.app/Contents/Eclipse/plugins/com.st.stm32cube.ide.mcu.externaltools.gnu-tools-for-stm32.12.3.rel1.macos64_1.1.0.202410301201/tools/bin/../lib/gcc/arm-none-eabi/12.3.1/thumb/v6-m/nofp/crtbegin.o
                0x08007184                        PROVIDE (__init_array_end = .)
                0x08007184                        . = ALIGN (0x4)

.fini_array     0x08007184        0x4
                0x08007184                        . = ALIGN (0x4)
                [!provide]                        PROVIDE (__fini_array_start = .)
 *(SORT_BY_NAME(.fini_array.*))
 *(.fini_array*)
 .fini_array    0x08007184        0x4 /Applications/STM32CubeIDE.app/Contents/Eclipse/plugins/com.st.stm32cube.ide.mcu.externaltools.gnu-tools-for-stm32.12.3.rel1.macos64_1.1.0.202410301201/tools/bin/../lib/gcc/arm-none-eabi/12.3.1/thumb/v6-m/nofp/crtbegin.o
                [!provide]                        PROVIDE (__fini_array_end = .)
                0x08007188                        . = ALIGN (0x4)
                0x08007188                        _sidata = LOADADDR (.data)

.rel.dyn        0x08007188        0x0
 .rel.iplt      0x08007188        0x0 /Applications/STM32CubeIDE.app/Contents/Eclipse/plugins/com.st.stm32cube.ide.mcu.externaltools.gnu-tools-for-stm32.12.3.rel1.macos64_1.1.0.202410301201/tools/bin/../lib/gcc/arm-none-eabi/12.3.1/thumb/v6-m/nofp/crtbegin.o

.data           0x20000000      0x418 load address 0x08007188
                0x20000000                        . = ALIGN (0x4)
                0x20000000                        _sdata = .
 *(.data)
 *(.data*)
 .data.UART_DMA_TX_is_complete
                0x20000000        0x1 ./Core/Src/UART.o
                0x20000000                UART_DMA_TX_is_complete
 .data.tap_tempo_switch_state_counter.1
                0x20000001        0x1 ./Core/Src/checking_functions.o
 *fill*         0x20000002        0x2 
 .data.delay_line
                0x20000004      0x408 ./Core/Src/oscillator.o
                0x20000004                delay_line
 .data.SystemCoreClock
                0x2000040c        0x4 ./Core/Src/system_stm32g0xx.o
                0x2000040c                SystemCoreClock
 .data.uwTickFreq
                0x20000410        0x1 ./Drivers/STM32G0xx_HAL_Driver/Src/stm32g0xx_hal.o
                0x20000410                uwTickFreq
 *fill*         0x20000411        0x3 
 .data.uwTickPrio
                0x20000414        0x4 ./Drivers/STM32G0xx_HAL_Driver/Src/stm32g0xx_hal.o
                0x20000414                uwTickPrio
 *(.RamFunc)
 *(.RamFunc*)
                0x20000418                        . = ALIGN (0x4)
                0x20000418                        _edata = .

.igot.plt       0x20000418        0x0 load address 0x080075a0
 .igot.plt      0x20000418        0x0 /Applications/STM32CubeIDE.app/Contents/Eclipse/plugins/com.st.stm32cube.ide.mcu.externaltools.gnu-tools-for-stm32.12.3.rel1.macos64_1.1.0.202410301201/tools/bin/../lib/gcc/arm-none-eabi/12.3.1/thumb/v6-m/nofp/crtbegin.o
                0x20000418                        . = ALIGN (0x4)

.bss            0x20000418      0x7e8 load address 0x080075a0
                0x20000418                        _sbss = .
                0x20000418                        __bss_start__ = _sbss
 *(.bss)
 .bss           0x20000418       0x1c /Applications/STM32CubeIDE.app/Contents/Eclipse/plugins/com.st.stm32cube.ide.mcu.externaltools.gnu-tools-for-stm32.12.3.rel1.macos64_1.1.0.202410301201/tools/bin/../lib/gcc/arm-none-eabi/12.3.1/thumb/v6-m/nofp/crtbegin.o
 *(.bss*)
 .bss.rx_buffer
                0x20000434        0x1 ./Core/Src/UART.o
                0x20000434                rx_buffer
 .bss.extend_rising_edge.0
                0x20000435        0x1 ./Core/Src/checking_functions.o
 .bss.second_speed_measurement.2
                0x20000436        0x2 ./Core/Src/checking_functions.o
 .bss.first_speed_measurement.3
                0x20000438        0x2 ./Core/Src/checking_functions.o
 .bss.speed_pot_adc_measurement_num.4
                0x2000043a        0x1 ./Core/Src/checking_functions.o
 .bss.IP_CAP_events_detection_timeout
                0x2000043b        0x1 ./Core/Src/checking_functions.o
                0x2000043b                IP_CAP_events_detection_timeout
 *fill*         0x2000043c        0x4 
 .bss.hlptim1   0x20000440       0x5c ./Core/Src/config.o
                0x20000440                hlptim1
 .bss.hdma_usart2_tx
                0x2000049c       0x5c ./Core/Src/config.o
                0x2000049c                hdma_usart2_tx
 .bss.hdma_usart2_rx
                0x200004f8       0x5c ./Core/Src/config.o
                0x200004f8                hdma_usart2_rx
 .bss.huart2    0x20000554       0xcc ./Core/Src/config.o
                0x20000554                huart2
 .bss.htim1     0x20000620       0xbc ./Core/Src/config.o
                0x20000620                htim1
 .bss.htim3     0x200006dc       0xbc ./Core/Src/config.o
                0x200006dc                htim3
 .bss.htim2     0x20000798       0xbc ./Core/Src/config.o
                0x20000798                htim2
 .bss.htim16    0x20000854       0xbc ./Core/Src/config.o
                0x20000854                htim16
 .bss.htim17    0x20000910       0xbc ./Core/Src/config.o
                0x20000910                htim17
 .bss.htim14    0x200009cc       0xbc ./Core/Src/config.o
                0x200009cc                htim14
 .bss.hdma_adc1
                0x20000a88       0x5c ./Core/Src/config.o
                0x20000a88                hdma_adc1
 .bss.hadc1     0x20000ae4       0x88 ./Core/Src/config.o
                0x20000ae4                hadc1
 .bss.tap_tempo_switch_states.0
                0x20000b6c        0x2 ./Core/Src/custom_callbacks.o
 *fill*         0x20000b6e        0x2 
 .bss.flags     0x20000b70        0x4 ./Core/Src/debug.o
                0x20000b70                flags
 .bss.interrupt_period
                0x20000b74        0x2 ./Core/Src/input_capture.o
                0x20000b74                interrupt_period
 .bss.input_capture_processing_can_be_started
                0x20000b76        0x1 ./Core/Src/input_capture.o
                0x20000b76                input_capture_processing_can_be_started
 .bss.input_capture_measurement_reelapse_is_ongoing
                0x20000b77        0x1 ./Core/Src/input_capture.o
                0x20000b77                input_capture_measurement_reelapse_is_ongoing
 .bss.input_capture_measurement_is_ongoing
                0x20000b78        0x1 ./Core/Src/input_capture.o
                0x20000b78                input_capture_measurement_is_ongoing
 *fill*         0x20000b79        0x3 
 .bss.TIM2_ch1_input_capture_value
                0x20000b7c        0x4 ./Core/Src/input_capture.o
                0x20000b7c                TIM2_ch1_input_capture_value
 .bss.input_capture_event
                0x20000b80        0x1 ./Core/Src/input_capture.o
                0x20000b80                input_capture_event
 *fill*         0x20000b81        0x3 
 .bss.params_working
                0x20000b84       0x22 ./Core/Src/oscillator.o
                0x20000b84                params_working
 *fill*         0x20000ba6        0x2 
 .bss.params_to_be_loaded
                0x20000ba8       0x22 ./Core/Src/oscillator.o
                0x20000ba8                params_to_be_loaded
 *fill*         0x20000bca        0x2 
 .bss.params    0x20000bcc       0x22 ./Core/Src/oscillator.o
                0x20000bcc                params
 .bss.first_sync_complete
                0x20000bee        0x1 ./Core/Src/oscillator.o
                0x20000bee                first_sync_complete
 .bss.initial_ADC_conversion_complete
                0x20000bef        0x1 ./Core/Src/oscillator.o
                0x20000bef                initial_ADC_conversion_complete
 .bss.ADCResultsDMA
                0x20000bf0        0xa ./Core/Src/oscillator.o
                0x20000bf0                ADCResultsDMA
 .bss.state     0x20000bfa        0x1 ./Core/Src/speed_control_state_machine.o
                0x20000bfa                state
 *fill*         0x20000bfb        0x1 
 .bss.uwTick    0x20000bfc        0x4 ./Drivers/STM32G0xx_HAL_Driver/Src/stm32g0xx_hal.o
                0x20000bfc                uwTick
 *(COMMON)
                0x20000c00                        . = ALIGN (0x4)
                0x20000c00                        _ebss = .
                0x20000c00                        __bss_end__ = _ebss

._user_heap_stack
                0x20000c00      0x600 load address 0x080075a0
                0x20000c00                        . = ALIGN (0x8)
                [!provide]                        PROVIDE (end = .)
                0x20000c00                        PROVIDE (_end = .)
                0x20000e00                        . = (. + _Min_Heap_Size)
 *fill*         0x20000c00      0x200 
                0x20001200                        . = (. + _Min_Stack_Size)
 *fill*         0x20000e00      0x400 
                0x20001200                        . = ALIGN (0x8)

/DISCARD/
 libc.a(*)
 libm.a(*)
 libgcc.a(*)

.ARM.attributes
                0x00000000       0x28
 *(.ARM.attributes)
 .ARM.attributes
                0x00000000       0x1e /Applications/STM32CubeIDE.app/Contents/Eclipse/plugins/com.st.stm32cube.ide.mcu.externaltools.gnu-tools-for-stm32.12.3.rel1.macos64_1.1.0.202410301201/tools/bin/../lib/gcc/arm-none-eabi/12.3.1/thumb/v6-m/nofp/crti.o
 .ARM.attributes
                0x0000001e       0x2c /Applications/STM32CubeIDE.app/Contents/Eclipse/plugins/com.st.stm32cube.ide.mcu.externaltools.gnu-tools-for-stm32.12.3.rel1.macos64_1.1.0.202410301201/tools/bin/../lib/gcc/arm-none-eabi/12.3.1/thumb/v6-m/nofp/crtbegin.o
 .ARM.attributes
                0x0000004a       0x28 ./Core/Src/UART.o
 .ARM.attributes
                0x00000072       0x28 ./Core/Src/checking_functions.o
 .ARM.attributes
                0x0000009a       0x28 ./Core/Src/config.o
 .ARM.attributes
                0x000000c2       0x28 ./Core/Src/custom_callbacks.o
 .ARM.attributes
                0x000000ea       0x28 ./Core/Src/debug.o
 .ARM.attributes
                0x00000112       0x28 ./Core/Src/input_capture.o
 .ARM.attributes
                0x0000013a       0x28 ./Core/Src/main.o
 .ARM.attributes
                0x00000162       0x28 ./Core/Src/oscillator.o
 .ARM.attributes
                0x0000018a       0x28 ./Core/Src/speed_control_state_machine.o
 .ARM.attributes
                0x000001b2       0x28 ./Core/Src/startup.o
 .ARM.attributes
                0x000001da       0x28 ./Core/Src/stm32g0xx_hal_msp.o
 .ARM.attributes
                0x00000202       0x28 ./Core/Src/stm32g0xx_it.o
 .ARM.attributes
                0x0000022a       0x28 ./Core/Src/symmetry_adjustment.o
 .ARM.attributes
                0x00000252       0x28 ./Core/Src/system_stm32g0xx.o
 .ARM.attributes
                0x0000027a       0x28 ./Core/Src/timers.o
 .ARM.attributes
                0x000002a2       0x28 ./Core/Src/utility.o
 .ARM.attributes
                0x000002ca       0x22 ./Core/Startup/startup_stm32g031k8tx.o
 .ARM.attributes
                0x000002ec       0x28 ./Drivers/STM32G0xx_HAL_Driver/Src/stm32g0xx_hal.o
 .ARM.attributes
                0x00000314       0x28 ./Drivers/STM32G0xx_HAL_Driver/Src/stm32g0xx_hal_adc.o
 .ARM.attributes
                0x0000033c       0x28 ./Drivers/STM32G0xx_HAL_Driver/Src/stm32g0xx_hal_adc_ex.o
 .ARM.attributes
                0x00000364       0x28 ./Drivers/STM32G0xx_HAL_Driver/Src/stm32g0xx_hal_cortex.o
 .ARM.attributes
                0x0000038c       0x28 ./Drivers/STM32G0xx_HAL_Driver/Src/stm32g0xx_hal_dma.o
 .ARM.attributes
                0x000003b4       0x28 ./Drivers/STM32G0xx_HAL_Driver/Src/stm32g0xx_hal_gpio.o
 .ARM.attributes
                0x000003dc       0x28 ./Drivers/STM32G0xx_HAL_Driver/Src/stm32g0xx_hal_lptim.o
 .ARM.attributes
                0x00000404       0x28 ./Drivers/STM32G0xx_HAL_Driver/Src/stm32g0xx_hal_pwr_ex.o
 .ARM.attributes
                0x0000042c       0x28 ./Drivers/STM32G0xx_HAL_Driver/Src/stm32g0xx_hal_rcc.o
 .ARM.attributes
                0x00000454       0x28 ./Drivers/STM32G0xx_HAL_Driver/Src/stm32g0xx_hal_rcc_ex.o
 .ARM.attributes
                0x0000047c       0x28 ./Drivers/STM32G0xx_HAL_Driver/Src/stm32g0xx_hal_tim.o
 .ARM.attributes
                0x000004a4       0x28 ./Drivers/STM32G0xx_HAL_Driver/Src/stm32g0xx_hal_tim_ex.o
 .ARM.attributes
                0x000004cc       0x28 ./Drivers/STM32G0xx_HAL_Driver/Src/stm32g0xx_hal_uart.o
 .ARM.attributes
                0x000004f4       0x28 ./Drivers/STM32G0xx_HAL_Driver/Src/stm32g0xx_hal_uart_ex.o
 .ARM.attributes
                0x0000051c       0x2c /Applications/STM32CubeIDE.app/Contents/Eclipse/plugins/com.st.stm32cube.ide.mcu.externaltools.gnu-tools-for-stm32.12.3.rel1.macos64_1.1.0.202410301201/tools/bin/../lib/gcc/arm-none-eabi/12.3.1/../../../../arm-none-eabi/lib/thumb/v6-m/nofp/libc_nano.a(libc_a-memset.o)
 .ARM.attributes
                0x00000548       0x2c /Applications/STM32CubeIDE.app/Contents/Eclipse/plugins/com.st.stm32cube.ide.mcu.externaltools.gnu-tools-for-stm32.12.3.rel1.macos64_1.1.0.202410301201/tools/bin/../lib/gcc/arm-none-eabi/12.3.1/../../../../arm-none-eabi/lib/thumb/v6-m/nofp/libc_nano.a(libc_a-init.o)
 .ARM.attributes
                0x00000574       0x2c /Applications/STM32CubeIDE.app/Contents/Eclipse/plugins/com.st.stm32cube.ide.mcu.externaltools.gnu-tools-for-stm32.12.3.rel1.macos64_1.1.0.202410301201/tools/bin/../lib/gcc/arm-none-eabi/12.3.1/../../../../arm-none-eabi/lib/thumb/v6-m/nofp/libc_nano.a(libc_a-memcpy-stub.o)
 .ARM.attributes
                0x000005a0       0x1e /Applications/STM32CubeIDE.app/Contents/Eclipse/plugins/com.st.stm32cube.ide.mcu.externaltools.gnu-tools-for-stm32.12.3.rel1.macos64_1.1.0.202410301201/tools/bin/../lib/gcc/arm-none-eabi/12.3.1/thumb/v6-m/nofp/libgcc.a(_udivsi3.o)
 .ARM.attributes
                0x000005be       0x1e /Applications/STM32CubeIDE.app/Contents/Eclipse/plugins/com.st.stm32cube.ide.mcu.externaltools.gnu-tools-for-stm32.12.3.rel1.macos64_1.1.0.202410301201/tools/bin/../lib/gcc/arm-none-eabi/12.3.1/thumb/v6-m/nofp/libgcc.a(_dvmd_tls.o)
 .ARM.attributes
                0x000005dc       0x1e /Applications/STM32CubeIDE.app/Contents/Eclipse/plugins/com.st.stm32cube.ide.mcu.externaltools.gnu-tools-for-stm32.12.3.rel1.macos64_1.1.0.202410301201/tools/bin/../lib/gcc/arm-none-eabi/12.3.1/thumb/v6-m/nofp/libgcc.a(_aeabi_uldivmod.o)
 .ARM.attributes
                0x000005fa       0x2c /Applications/STM32CubeIDE.app/Contents/Eclipse/plugins/com.st.stm32cube.ide.mcu.externaltools.gnu-tools-for-stm32.12.3.rel1.macos64_1.1.0.202410301201/tools/bin/../lib/gcc/arm-none-eabi/12.3.1/thumb/v6-m/nofp/libgcc.a(_udivmoddi4.o)
 .ARM.attributes
                0x00000626       0x1e /Applications/STM32CubeIDE.app/Contents/Eclipse/plugins/com.st.stm32cube.ide.mcu.externaltools.gnu-tools-for-stm32.12.3.rel1.macos64_1.1.0.202410301201/tools/bin/../lib/gcc/arm-none-eabi/12.3.1/thumb/v6-m/nofp/libgcc.a(_clzdi2.o)
 .ARM.attributes
                0x00000644       0x1e /Applications/STM32CubeIDE.app/Contents/Eclipse/plugins/com.st.stm32cube.ide.mcu.externaltools.gnu-tools-for-stm32.12.3.rel1.macos64_1.1.0.202410301201/tools/bin/../lib/gcc/arm-none-eabi/12.3.1/thumb/v6-m/nofp/libgcc.a(_clzsi2.o)
 .ARM.attributes
                0x00000662       0x1e /Applications/STM32CubeIDE.app/Contents/Eclipse/plugins/com.st.stm32cube.ide.mcu.externaltools.gnu-tools-for-stm32.12.3.rel1.macos64_1.1.0.202410301201/tools/bin/../lib/gcc/arm-none-eabi/12.3.1/thumb/v6-m/nofp/crtn.o
OUTPUT(g031k8.elf elf32-littlearm)
LOAD linker stubs
LOAD /Applications/STM32CubeIDE.app/Contents/Eclipse/plugins/com.st.stm32cube.ide.mcu.externaltools.gnu-tools-for-stm32.12.3.rel1.macos64_1.1.0.202410301201/tools/bin/../lib/gcc/arm-none-eabi/12.3.1/../../../../arm-none-eabi/lib/thumb/v6-m/nofp/libc.a
LOAD /Applications/STM32CubeIDE.app/Contents/Eclipse/plugins/com.st.stm32cube.ide.mcu.externaltools.gnu-tools-for-stm32.12.3.rel1.macos64_1.1.0.202410301201/tools/bin/../lib/gcc/arm-none-eabi/12.3.1/../../../../arm-none-eabi/lib/thumb/v6-m/nofp/libm.a
LOAD /Applications/STM32CubeIDE.app/Contents/Eclipse/plugins/com.st.stm32cube.ide.mcu.externaltools.gnu-tools-for-stm32.12.3.rel1.macos64_1.1.0.202410301201/tools/bin/../lib/gcc/arm-none-eabi/12.3.1/thumb/v6-m/nofp/libgcc.a

.debug_info     0x00000000    0x283e9
 .debug_info    0x00000000      0x92c ./Core/Src/UART.o
 .debug_info    0x0000092c      0x53d ./Core/Src/checking_functions.o
 .debug_info    0x00000e69     0x382b ./Core/Src/config.o
 .debug_info    0x00004694     0x208d ./Core/Src/custom_callbacks.o
 .debug_info    0x00006721       0xa0 ./Core/Src/debug.o
 .debug_info    0x000067c1      0xe7d ./Core/Src/input_capture.o
 .debug_info    0x0000763e      0x29e ./Core/Src/main.o
 .debug_info    0x000078dc      0xf81 ./Core/Src/oscillator.o
 .debug_info    0x0000885d       0xb3 ./Core/Src/speed_control_state_machine.o
 .debug_info    0x00008910     0x1564 ./Core/Src/startup.o
 .debug_info    0x00009e74     0x2113 ./Core/Src/stm32g0xx_hal_msp.o
 .debug_info    0x0000bf87     0x13d3 ./Core/Src/stm32g0xx_it.o
 .debug_info    0x0000d35a      0x53d ./Core/Src/symmetry_adjustment.o
 .debug_info    0x0000d897      0x34e ./Core/Src/system_stm32g0xx.o
 .debug_info    0x0000dbe5      0xa48 ./Core/Src/timers.o
 .debug_info    0x0000e62d      0x202 ./Core/Src/utility.o
 .debug_info    0x0000e82f       0x30 ./Core/Startup/startup_stm32g031k8tx.o
 .debug_info    0x0000e85f      0xb3c ./Drivers/STM32G0xx_HAL_Driver/Src/stm32g0xx_hal.o
 .debug_info    0x0000f39b     0x23a8 ./Drivers/STM32G0xx_HAL_Driver/Src/stm32g0xx_hal_adc.o
 .debug_info    0x00011743      0xd8e ./Drivers/STM32G0xx_HAL_Driver/Src/stm32g0xx_hal_adc_ex.o
 .debug_info    0x000124d1      0xa40 ./Drivers/STM32G0xx_HAL_Driver/Src/stm32g0xx_hal_cortex.o
 .debug_info    0x00012f11      0xab0 ./Drivers/STM32G0xx_HAL_Driver/Src/stm32g0xx_hal_dma.o
 .debug_info    0x000139c1      0x5ef ./Drivers/STM32G0xx_HAL_Driver/Src/stm32g0xx_hal_gpio.o
 .debug_info    0x00013fb0     0x1c86 ./Drivers/STM32G0xx_HAL_Driver/Src/stm32g0xx_hal_lptim.o
 .debug_info    0x00015c36      0x7ef ./Drivers/STM32G0xx_HAL_Driver/Src/stm32g0xx_hal_pwr_ex.o
 .debug_info    0x00016425      0xdc8 ./Drivers/STM32G0xx_HAL_Driver/Src/stm32g0xx_hal_rcc.o
 .debug_info    0x000171ed      0x854 ./Drivers/STM32G0xx_HAL_Driver/Src/stm32g0xx_hal_rcc_ex.o
 .debug_info    0x00017a41     0x5491 ./Drivers/STM32G0xx_HAL_Driver/Src/stm32g0xx_hal_tim.o
 .debug_info    0x0001ced2     0x2151 ./Drivers/STM32G0xx_HAL_Driver/Src/stm32g0xx_hal_tim_ex.o
 .debug_info    0x0001f023     0x7f18 ./Drivers/STM32G0xx_HAL_Driver/Src/stm32g0xx_hal_uart.o
 .debug_info    0x00026f3b     0x14ae ./Drivers/STM32G0xx_HAL_Driver/Src/stm32g0xx_hal_uart_ex.o

.debug_abbrev   0x00000000     0x4dab
 .debug_abbrev  0x00000000      0x1b9 ./Core/Src/UART.o
 .debug_abbrev  0x000001b9      0x1c9 ./Core/Src/checking_functions.o
 .debug_abbrev  0x00000382      0x36b ./Core/Src/config.o
 .debug_abbrev  0x000006ed      0x31c ./Core/Src/custom_callbacks.o
 .debug_abbrev  0x00000a09       0x60 ./Core/Src/debug.o
 .debug_abbrev  0x00000a69      0x328 ./Core/Src/input_capture.o
 .debug_abbrev  0x00000d91      0x151 ./Core/Src/main.o
 .debug_abbrev  0x00000ee2      0x2d3 ./Core/Src/oscillator.o
 .debug_abbrev  0x000011b5       0x6f ./Core/Src/speed_control_state_machine.o
 .debug_abbrev  0x00001224      0x279 ./Core/Src/startup.o
 .debug_abbrev  0x0000149d      0x2ae ./Core/Src/stm32g0xx_hal_msp.o
 .debug_abbrev  0x0000174b      0x265 ./Core/Src/stm32g0xx_it.o
 .debug_abbrev  0x000019b0      0x1b4 ./Core/Src/symmetry_adjustment.o
 .debug_abbrev  0x00001b64      0x148 ./Core/Src/system_stm32g0xx.o
 .debug_abbrev  0x00001cac      0x21c ./Core/Src/timers.o
 .debug_abbrev  0x00001ec8      0x137 ./Core/Src/utility.o
 .debug_abbrev  0x00001fff       0x24 ./Core/Startup/startup_stm32g031k8tx.o
 .debug_abbrev  0x00002023      0x341 ./Drivers/STM32G0xx_HAL_Driver/Src/stm32g0xx_hal.o
 .debug_abbrev  0x00002364      0x370 ./Drivers/STM32G0xx_HAL_Driver/Src/stm32g0xx_hal_adc.o
 .debug_abbrev  0x000026d4      0x30f ./Drivers/STM32G0xx_HAL_Driver/Src/stm32g0xx_hal_adc_ex.o
 .debug_abbrev  0x000029e3      0x2dc ./Drivers/STM32G0xx_HAL_Driver/Src/stm32g0xx_hal_cortex.o
 .debug_abbrev  0x00002cbf      0x28a ./Drivers/STM32G0xx_HAL_Driver/Src/stm32g0xx_hal_dma.o
 .debug_abbrev  0x00002f49      0x26c ./Drivers/STM32G0xx_HAL_Driver/Src/stm32g0xx_hal_gpio.o
 .debug_abbrev  0x000031b5      0x37c ./Drivers/STM32G0xx_HAL_Driver/Src/stm32g0xx_hal_lptim.o
 .debug_abbrev  0x00003531      0x28a ./Drivers/STM32G0xx_HAL_Driver/Src/stm32g0xx_hal_pwr_ex.o
 .debug_abbrev  0x000037bb      0x36b ./Drivers/STM32G0xx_HAL_Driver/Src/stm32g0xx_hal_rcc.o
 .debug_abbrev  0x00003b26      0x296 ./Drivers/STM32G0xx_HAL_Driver/Src/stm32g0xx_hal_rcc_ex.o
 .debug_abbrev  0x00003dbc      0x3e7 ./Drivers/STM32G0xx_HAL_Driver/Src/stm32g0xx_hal_tim.o
 .debug_abbrev  0x000041a3      0x3f8 ./Drivers/STM32G0xx_HAL_Driver/Src/stm32g0xx_hal_tim_ex.o
 .debug_abbrev  0x0000459b      0x4a2 ./Drivers/STM32G0xx_HAL_Driver/Src/stm32g0xx_hal_uart.o
 .debug_abbrev  0x00004a3d      0x36e ./Drivers/STM32G0xx_HAL_Driver/Src/stm32g0xx_hal_uart_ex.o

.debug_aranges  0x00000000     0x1380
 .debug_aranges
                0x00000000       0x20 ./Core/Src/UART.o
 .debug_aranges
                0x00000020       0x30 ./Core/Src/checking_functions.o
 .debug_aranges
                0x00000050       0x90 ./Core/Src/config.o
 .debug_aranges
                0x000000e0       0x80 ./Core/Src/custom_callbacks.o
 .debug_aranges
                0x00000160       0x18 ./Core/Src/debug.o
 .debug_aranges
                0x00000178       0x38 ./Core/Src/input_capture.o
 .debug_aranges
                0x000001b0       0x20 ./Core/Src/main.o
 .debug_aranges
                0x000001d0       0x50 ./Core/Src/oscillator.o
 .debug_aranges
                0x00000220       0x18 ./Core/Src/speed_control_state_machine.o
 .debug_aranges
                0x00000238       0x20 ./Core/Src/startup.o
 .debug_aranges
                0x00000258       0x68 ./Core/Src/stm32g0xx_hal_msp.o
 .debug_aranges
                0x000002c0       0x90 ./Core/Src/stm32g0xx_it.o
 .debug_aranges
                0x00000350       0x28 ./Core/Src/symmetry_adjustment.o
 .debug_aranges
                0x00000378       0x28 ./Core/Src/system_stm32g0xx.o
 .debug_aranges
                0x000003a0       0x28 ./Core/Src/timers.o
 .debug_aranges
                0x000003c8       0x38 ./Core/Src/utility.o
 .debug_aranges
                0x00000400       0x28 ./Core/Startup/startup_stm32g031k8tx.o
 .debug_aranges
                0x00000428      0x128 ./Drivers/STM32G0xx_HAL_Driver/Src/stm32g0xx_hal.o
 .debug_aranges
                0x00000550      0x108 ./Drivers/STM32G0xx_HAL_Driver/Src/stm32g0xx_hal_adc.o
 .debug_aranges
                0x00000658       0x58 ./Drivers/STM32G0xx_HAL_Driver/Src/stm32g0xx_hal_adc_ex.o
 .debug_aranges
                0x000006b0       0xa0 ./Drivers/STM32G0xx_HAL_Driver/Src/stm32g0xx_hal_cortex.o
 .debug_aranges
                0x00000750       0x78 ./Drivers/STM32G0xx_HAL_Driver/Src/stm32g0xx_hal_dma.o
 .debug_aranges
                0x000007c8       0x60 ./Drivers/STM32G0xx_HAL_Driver/Src/stm32g0xx_hal_gpio.o
 .debug_aranges
                0x00000828      0x170 ./Drivers/STM32G0xx_HAL_Driver/Src/stm32g0xx_hal_lptim.o
 .debug_aranges
                0x00000998       0xf0 ./Drivers/STM32G0xx_HAL_Driver/Src/stm32g0xx_hal_pwr_ex.o
 .debug_aranges
                0x00000a88       0x98 ./Drivers/STM32G0xx_HAL_Driver/Src/stm32g0xx_hal_rcc.o
 .debug_aranges
                0x00000b20       0x40 ./Drivers/STM32G0xx_HAL_Driver/Src/stm32g0xx_hal_rcc_ex.o
 .debug_aranges
                0x00000b60      0x398 ./Drivers/STM32G0xx_HAL_Driver/Src/stm32g0xx_hal_tim.o
 .debug_aranges
                0x00000ef8      0x190 ./Drivers/STM32G0xx_HAL_Driver/Src/stm32g0xx_hal_tim_ex.o
 .debug_aranges
                0x00001088      0x260 ./Drivers/STM32G0xx_HAL_Driver/Src/stm32g0xx_hal_uart.o
 .debug_aranges
                0x000012e8       0x98 ./Drivers/STM32G0xx_HAL_Driver/Src/stm32g0xx_hal_uart_ex.o

.debug_rnglists
                0x00000000     0x1b6f
 .debug_rnglists
                0x00000000       0x13 ./Core/Src/UART.o
 .debug_rnglists
                0x00000013       0x1f ./Core/Src/checking_functions.o
 .debug_rnglists
                0x00000032       0xdc ./Core/Src/config.o
 .debug_rnglists
                0x0000010e       0x5d ./Core/Src/custom_callbacks.o
 .debug_rnglists
                0x0000016b       0x34 ./Core/Src/input_capture.o
 .debug_rnglists
                0x0000019f       0x13 ./Core/Src/main.o
 .debug_rnglists
                0x000001b2       0x39 ./Core/Src/oscillator.o
 .debug_rnglists
                0x000001eb       0x14 ./Core/Src/startup.o
 .debug_rnglists
                0x000001ff      0x165 ./Core/Src/stm32g0xx_hal_msp.o
 .debug_rnglists
                0x00000364       0x67 ./Core/Src/stm32g0xx_it.o
 .debug_rnglists
                0x000003cb       0x27 ./Core/Src/symmetry_adjustment.o
 .debug_rnglists
                0x000003f2       0x1a ./Core/Src/system_stm32g0xx.o
 .debug_rnglists
                0x0000040c       0x19 ./Core/Src/timers.o
 .debug_rnglists
                0x00000425       0x34 ./Core/Src/utility.o
 .debug_rnglists
                0x00000459       0x19 ./Core/Startup/startup_stm32g031k8tx.o
 .debug_rnglists
                0x00000472       0xd9 ./Drivers/STM32G0xx_HAL_Driver/Src/stm32g0xx_hal.o
 .debug_rnglists
                0x0000054b      0x26b ./Drivers/STM32G0xx_HAL_Driver/Src/stm32g0xx_hal_adc.o
 .debug_rnglists
                0x000007b6       0xb9 ./Drivers/STM32G0xx_HAL_Driver/Src/stm32g0xx_hal_adc_ex.o
 .debug_rnglists
                0x0000086f       0x9d ./Drivers/STM32G0xx_HAL_Driver/Src/stm32g0xx_hal_cortex.o
 .debug_rnglists
                0x0000090c       0x9e ./Drivers/STM32G0xx_HAL_Driver/Src/stm32g0xx_hal_dma.o
 .debug_rnglists
                0x000009aa       0x45 ./Drivers/STM32G0xx_HAL_Driver/Src/stm32g0xx_hal_gpio.o
 .debug_rnglists
                0x000009ef      0x256 ./Drivers/STM32G0xx_HAL_Driver/Src/stm32g0xx_hal_lptim.o
 .debug_rnglists
                0x00000c45       0xb0 ./Drivers/STM32G0xx_HAL_Driver/Src/stm32g0xx_hal_pwr_ex.o
 .debug_rnglists
                0x00000cf5       0xb4 ./Drivers/STM32G0xx_HAL_Driver/Src/stm32g0xx_hal_rcc.o
 .debug_rnglists
                0x00000da9       0x71 ./Drivers/STM32G0xx_HAL_Driver/Src/stm32g0xx_hal_rcc_ex.o
 .debug_rnglists
                0x00000e1a      0x72a ./Drivers/STM32G0xx_HAL_Driver/Src/stm32g0xx_hal_tim.o
 .debug_rnglists
                0x00001544      0x192 ./Drivers/STM32G0xx_HAL_Driver/Src/stm32g0xx_hal_tim_ex.o
 .debug_rnglists
                0x000016d6      0x3f0 ./Drivers/STM32G0xx_HAL_Driver/Src/stm32g0xx_hal_uart.o
 .debug_rnglists
                0x00001ac6       0xa9 ./Drivers/STM32G0xx_HAL_Driver/Src/stm32g0xx_hal_uart_ex.o

.debug_macro    0x00000000    0x19b25
 .debug_macro   0x00000000      0x23d ./Core/Src/UART.o
 .debug_macro   0x0000023d      0xaae ./Core/Src/UART.o
 .debug_macro   0x00000ceb       0x22 ./Core/Src/UART.o
 .debug_macro   0x00000d0d       0x8e ./Core/Src/UART.o
 .debug_macro   0x00000d9b       0x51 ./Core/Src/UART.o
 .debug_macro   0x00000dec      0x103 ./Core/Src/UART.o
 .debug_macro   0x00000eef       0x6a ./Core/Src/UART.o
 .debug_macro   0x00000f59      0x1df ./Core/Src/UART.o
 .debug_macro   0x00001138      0x12f ./Core/Src/UART.o
 .debug_macro   0x00001267       0x2e ./Core/Src/UART.o
 .debug_macro   0x00001295       0x28 ./Core/Src/UART.o
 .debug_macro   0x000012bd       0x1c ./Core/Src/UART.o
 .debug_macro   0x000012d9       0x22 ./Core/Src/UART.o
 .debug_macro   0x000012fb       0xd1 ./Core/Src/UART.o
 .debug_macro   0x000013cc      0x4da ./Core/Src/UART.o
 .debug_macro   0x000018a6      0x11f ./Core/Src/UART.o
 .debug_macro   0x000019c5     0xac2c ./Core/Src/UART.o
 .debug_macro   0x0000c5f1       0x66 ./Core/Src/UART.o
 .debug_macro   0x0000c657     0x350e ./Core/Src/UART.o
 .debug_macro   0x0000fb65      0x189 ./Core/Src/UART.o
 .debug_macro   0x0000fcee       0x5c ./Core/Src/UART.o
 .debug_macro   0x0000fd4a      0x518 ./Core/Src/UART.o
 .debug_macro   0x00010262      0xf70 ./Core/Src/UART.o
 .debug_macro   0x000111d2      0x1d8 ./Core/Src/UART.o
 .debug_macro   0x000113aa      0x1cf ./Core/Src/UART.o
 .debug_macro   0x00011579      0x122 ./Core/Src/UART.o
 .debug_macro   0x0001169b      0x390 ./Core/Src/UART.o
 .debug_macro   0x00011a2b      0x202 ./Core/Src/UART.o
 .debug_macro   0x00011c2d      0x2ff ./Core/Src/UART.o
 .debug_macro   0x00011f2c      0x1b2 ./Core/Src/UART.o
 .debug_macro   0x000120de       0x43 ./Core/Src/UART.o
 .debug_macro   0x00012121      0x1f1 ./Core/Src/UART.o
 .debug_macro   0x00012312      0x8a8 ./Core/Src/UART.o
 .debug_macro   0x00012bba      0x5bb ./Core/Src/UART.o
 .debug_macro   0x00013175       0x2e ./Core/Src/UART.o
 .debug_macro   0x000131a3      0x1d6 ./Core/Src/UART.o
 .debug_macro   0x00013379      0x38a ./Core/Src/UART.o
 .debug_macro   0x00013703       0x28 ./Core/Src/UART.o
 .debug_macro   0x0001372b       0xe4 ./Core/Src/UART.o
 .debug_macro   0x0001380f       0x85 ./Core/Src/UART.o
 .debug_macro   0x00013894      0x2bd ./Core/Src/UART.o
 .debug_macro   0x00013b51      0x10c ./Core/Src/UART.o
 .debug_macro   0x00013c5d      0x240 ./Core/Src/UART.o
 .debug_macro   0x00013e9d      0xac2 ./Core/Src/UART.o
 .debug_macro   0x0001495f      0x135 ./Core/Src/UART.o
 .debug_macro   0x00014a94      0x69a ./Core/Src/UART.o
 .debug_macro   0x0001512e       0xa6 ./Core/Src/UART.o
 .debug_macro   0x000151d4      0x49d ./Core/Src/UART.o
 .debug_macro   0x00015671       0xe8 ./Core/Src/UART.o
 .debug_macro   0x00015759       0x16 ./Core/Src/UART.o
 .debug_macro   0x0001576f      0x2a9 ./Core/Src/checking_functions.o
 .debug_macro   0x00015a18       0x1c ./Core/Src/checking_functions.o
 .debug_macro   0x00015a34       0x16 ./Core/Src/checking_functions.o
 .debug_macro   0x00015a4a       0xe2 ./Core/Src/checking_functions.o
 .debug_macro   0x00015b2c       0x4c ./Core/Src/checking_functions.o
 .debug_macro   0x00015b78       0x16 ./Core/Src/checking_functions.o
 .debug_macro   0x00015b8e       0x16 ./Core/Src/checking_functions.o
 .debug_macro   0x00015ba4      0x2d9 ./Core/Src/config.o
 .debug_macro   0x00015e7d      0x2d5 ./Core/Src/custom_callbacks.o
 .debug_macro   0x00016152       0x6d ./Core/Src/debug.o
 .debug_macro   0x000161bf      0x285 ./Core/Src/input_capture.o
 .debug_macro   0x00016444      0x2d1 ./Core/Src/main.o
 .debug_macro   0x00016715      0x27b ./Core/Src/oscillator.o
 .debug_macro   0x00016990       0x6d ./Core/Src/speed_control_state_machine.o
 .debug_macro   0x000169fd      0x2d0 ./Core/Src/startup.o
 .debug_macro   0x00016ccd      0x1f4 ./Core/Src/startup.o
 .debug_macro   0x00016ec1      0x22a ./Core/Src/stm32g0xx_hal_msp.o
 .debug_macro   0x000170eb      0x289 ./Core/Src/stm32g0xx_it.o
 .debug_macro   0x00017374      0x27b ./Core/Src/symmetry_adjustment.o
 .debug_macro   0x000175ef      0x21b ./Core/Src/system_stm32g0xx.o
 .debug_macro   0x0001780a      0x234 ./Core/Src/timers.o
 .debug_macro   0x00017a3e      0x233 ./Core/Src/utility.o
 .debug_macro   0x00017c71      0x23f ./Drivers/STM32G0xx_HAL_Driver/Src/stm32g0xx_hal.o
 .debug_macro   0x00017eb0      0x23f ./Drivers/STM32G0xx_HAL_Driver/Src/stm32g0xx_hal_adc.o
 .debug_macro   0x000180ef      0x227 ./Drivers/STM32G0xx_HAL_Driver/Src/stm32g0xx_hal_adc_ex.o
 .debug_macro   0x00018316      0x21b ./Drivers/STM32G0xx_HAL_Driver/Src/stm32g0xx_hal_cortex.o
 .debug_macro   0x00018531      0x21b ./Drivers/STM32G0xx_HAL_Driver/Src/stm32g0xx_hal_dma.o
 .debug_macro   0x0001874c      0x222 ./Drivers/STM32G0xx_HAL_Driver/Src/stm32g0xx_hal_gpio.o
 .debug_macro   0x0001896e      0x231 ./Drivers/STM32G0xx_HAL_Driver/Src/stm32g0xx_hal_lptim.o
 .debug_macro   0x00018b9f      0x245 ./Drivers/STM32G0xx_HAL_Driver/Src/stm32g0xx_hal_pwr_ex.o
 .debug_macro   0x00018de4      0x25d ./Drivers/STM32G0xx_HAL_Driver/Src/stm32g0xx_hal_rcc.o
 .debug_macro   0x00019041      0x233 ./Drivers/STM32G0xx_HAL_Driver/Src/stm32g0xx_hal_rcc_ex.o
 .debug_macro   0x00019274      0x223 ./Drivers/STM32G0xx_HAL_Driver/Src/stm32g0xx_hal_tim.o
 .debug_macro   0x00019497      0x221 ./Drivers/STM32G0xx_HAL_Driver/Src/stm32g0xx_hal_tim_ex.o
 .debug_macro   0x000196b8      0x246 ./Drivers/STM32G0xx_HAL_Driver/Src/stm32g0xx_hal_uart.o
 .debug_macro   0x000198fe      0x227 ./Drivers/STM32G0xx_HAL_Driver/Src/stm32g0xx_hal_uart_ex.o

.debug_line     0x00000000    0x284ce
 .debug_line    0x00000000      0x7af ./Core/Src/UART.o
 .debug_line    0x000007af      0xa20 ./Core/Src/checking_functions.o
 .debug_line    0x000011cf     0x1c38 ./Core/Src/config.o
 .debug_line    0x00002e07      0xc93 ./Core/Src/custom_callbacks.o
 .debug_line    0x00003a9a      0x39f ./Core/Src/debug.o
 .debug_line    0x00003e39      0x9b5 ./Core/Src/input_capture.o
 .debug_line    0x000047ee      0x8d0 ./Core/Src/main.o
 .debug_line    0x000050be      0xcd6 ./Core/Src/oscillator.o
 .debug_line    0x00005d94      0x3cb ./Core/Src/speed_control_state_machine.o
 .debug_line    0x0000615f      0x972 ./Core/Src/startup.o
 .debug_line    0x00006ad1      0xdf5 ./Core/Src/stm32g0xx_hal_msp.o
 .debug_line    0x000078c6      0x9ff ./Core/Src/stm32g0xx_it.o
 .debug_line    0x000082c5      0xcc4 ./Core/Src/symmetry_adjustment.o
 .debug_line    0x00008f89      0x871 ./Core/Src/system_stm32g0xx.o
 .debug_line    0x000097fa      0x7e3 ./Core/Src/timers.o
 .debug_line    0x00009fdd      0x869 ./Core/Src/utility.o
 .debug_line    0x0000a846       0x7b ./Core/Startup/startup_stm32g031k8tx.o
 .debug_line    0x0000a8c1      0xce1 ./Drivers/STM32G0xx_HAL_Driver/Src/stm32g0xx_hal.o
 .debug_line    0x0000b5a2     0x2441 ./Drivers/STM32G0xx_HAL_Driver/Src/stm32g0xx_hal_adc.o
 .debug_line    0x0000d9e3      0xcaa ./Drivers/STM32G0xx_HAL_Driver/Src/stm32g0xx_hal_adc_ex.o
 .debug_line    0x0000e68d      0xca8 ./Drivers/STM32G0xx_HAL_Driver/Src/stm32g0xx_hal_cortex.o
 .debug_line    0x0000f335     0x12ee ./Drivers/STM32G0xx_HAL_Driver/Src/stm32g0xx_hal_dma.o
 .debug_line    0x00010623      0xd58 ./Drivers/STM32G0xx_HAL_Driver/Src/stm32g0xx_hal_gpio.o
 .debug_line    0x0001137b     0x2129 ./Drivers/STM32G0xx_HAL_Driver/Src/stm32g0xx_hal_lptim.o
 .debug_line    0x000134a4      0xca1 ./Drivers/STM32G0xx_HAL_Driver/Src/stm32g0xx_hal_pwr_ex.o
 .debug_line    0x00014145     0x1546 ./Drivers/STM32G0xx_HAL_Driver/Src/stm32g0xx_hal_rcc.o
 .debug_line    0x0001568b      0xed5 ./Drivers/STM32G0xx_HAL_Driver/Src/stm32g0xx_hal_rcc_ex.o
 .debug_line    0x00016560     0x7638 ./Drivers/STM32G0xx_HAL_Driver/Src/stm32g0xx_hal_tim.o
 .debug_line    0x0001db98     0x233e ./Drivers/STM32G0xx_HAL_Driver/Src/stm32g0xx_hal_tim_ex.o
 .debug_line    0x0001fed6     0x708c ./Drivers/STM32G0xx_HAL_Driver/Src/stm32g0xx_hal_uart.o
 .debug_line    0x00026f62     0x156c ./Drivers/STM32G0xx_HAL_Driver/Src/stm32g0xx_hal_uart_ex.o

.debug_str      0x00000000    0x9f970
 .debug_str     0x00000000    0x9743a ./Core/Src/UART.o
                              0x97d12 (size before relaxing)
 .debug_str     0x0009743a      0xb76 ./Core/Src/checking_functions.o
                              0x9823b (size before relaxing)
 .debug_str     0x00097fb0     0x19fe ./Core/Src/config.o
                              0x9a2f3 (size before relaxing)
 .debug_str     0x000999ae      0x43c ./Core/Src/custom_callbacks.o
                              0x99a2d (size before relaxing)
 .debug_str     0x00099dea       0x14 ./Core/Src/debug.o
                               0x3cb8 (size before relaxing)
 .debug_str     0x00099dfe      0x105 ./Core/Src/input_capture.o
                              0x98997 (size before relaxing)
 .debug_str     0x00099f03       0x3d ./Core/Src/main.o
                              0x98045 (size before relaxing)
 .debug_str     0x00099f40      0x165 ./Core/Src/oscillator.o
                              0x98a74 (size before relaxing)
 .debug_str     0x0009a0a5       0x2a ./Core/Src/speed_control_state_machine.o
                               0x3d0a (size before relaxing)
 .debug_str     0x0009a0cf      0xd7b ./Core/Src/startup.o
                              0x99e11 (size before relaxing)
 .debug_str     0x0009ae4a      0x216 ./Core/Src/stm32g0xx_hal_msp.o
                              0x98ce2 (size before relaxing)
 .debug_str     0x0009b060      0x1a9 ./Core/Src/stm32g0xx_it.o
                              0x98f22 (size before relaxing)
 .debug_str     0x0009b209      0x23d ./Core/Src/symmetry_adjustment.o
                              0x9808f (size before relaxing)
 .debug_str     0x0009b446       0x8e ./Core/Src/system_stm32g0xx.o
                              0x973a8 (size before relaxing)
 .debug_str     0x0009b4d4       0x4b ./Core/Src/timers.o
                              0x97f36 (size before relaxing)
 .debug_str     0x0009b51f       0x55 ./Core/Src/utility.o
                              0x976f1 (size before relaxing)
 .debug_str     0x0009b574       0x44 ./Core/Startup/startup_stm32g031k8tx.o
                                 0x70 (size before relaxing)
 .debug_str     0x0009b5b8      0x571 ./Drivers/STM32G0xx_HAL_Driver/Src/stm32g0xx_hal.o
                              0x97b7e (size before relaxing)
 .debug_str     0x0009bb29      0x8d3 ./Drivers/STM32G0xx_HAL_Driver/Src/stm32g0xx_hal_adc.o
                              0x983bb (size before relaxing)
 .debug_str     0x0009c3fc      0x1e2 ./Drivers/STM32G0xx_HAL_Driver/Src/stm32g0xx_hal_adc_ex.o
                              0x97bfe (size before relaxing)
 .debug_str     0x0009c5de      0x28b ./Drivers/STM32G0xx_HAL_Driver/Src/stm32g0xx_hal_cortex.o
                              0x97824 (size before relaxing)
 .debug_str     0x0009c869      0x261 ./Drivers/STM32G0xx_HAL_Driver/Src/stm32g0xx_hal_dma.o
                              0x97842 (size before relaxing)
 .debug_str     0x0009caca       0xba ./Drivers/STM32G0xx_HAL_Driver/Src/stm32g0xx_hal_gpio.o
                              0x974cf (size before relaxing)
 .debug_str     0x0009cb84      0x5a2 ./Drivers/STM32G0xx_HAL_Driver/Src/stm32g0xx_hal_lptim.o
                              0x97e33 (size before relaxing)
 .debug_str     0x0009d126      0x37b ./Drivers/STM32G0xx_HAL_Driver/Src/stm32g0xx_hal_pwr_ex.o
                              0x97821 (size before relaxing)
 .debug_str     0x0009d4a1      0x4ae ./Drivers/STM32G0xx_HAL_Driver/Src/stm32g0xx_hal_rcc.o
                              0x97afe (size before relaxing)
 .debug_str     0x0009d94f      0x185 ./Drivers/STM32G0xx_HAL_Driver/Src/stm32g0xx_hal_rcc_ex.o
                              0x97737 (size before relaxing)
 .debug_str     0x0009dad4      0xd1f ./Drivers/STM32G0xx_HAL_Driver/Src/stm32g0xx_hal_tim.o
                              0x98f73 (size before relaxing)
 .debug_str     0x0009e7f3      0x4a0 ./Drivers/STM32G0xx_HAL_Driver/Src/stm32g0xx_hal_tim_ex.o
                              0x984d5 (size before relaxing)
 .debug_str     0x0009ec93      0xa15 ./Drivers/STM32G0xx_HAL_Driver/Src/stm32g0xx_hal_uart.o
                              0x986f6 (size before relaxing)
 .debug_str     0x0009f6a8      0x2c8 ./Drivers/STM32G0xx_HAL_Driver/Src/stm32g0xx_hal_uart_ex.o
                              0x97d4c (size before relaxing)

.comment        0x00000000       0x43
 .comment       0x00000000       0x43 ./Core/Src/UART.o
                                 0x44 (size before relaxing)
 .comment       0x00000043       0x44 ./Core/Src/checking_functions.o
 .comment       0x00000043       0x44 ./Core/Src/config.o
 .comment       0x00000043       0x44 ./Core/Src/custom_callbacks.o
 .comment       0x00000043       0x44 ./Core/Src/debug.o
 .comment       0x00000043       0x44 ./Core/Src/input_capture.o
 .comment       0x00000043       0x44 ./Core/Src/main.o
 .comment       0x00000043       0x44 ./Core/Src/oscillator.o
 .comment       0x00000043       0x44 ./Core/Src/speed_control_state_machine.o
 .comment       0x00000043       0x44 ./Core/Src/startup.o
 .comment       0x00000043       0x44 ./Core/Src/stm32g0xx_hal_msp.o
 .comment       0x00000043       0x44 ./Core/Src/stm32g0xx_it.o
 .comment       0x00000043       0x44 ./Core/Src/symmetry_adjustment.o
 .comment       0x00000043       0x44 ./Core/Src/system_stm32g0xx.o
 .comment       0x00000043       0x44 ./Core/Src/timers.o
 .comment       0x00000043       0x44 ./Core/Src/utility.o
 .comment       0x00000043       0x44 ./Drivers/STM32G0xx_HAL_Driver/Src/stm32g0xx_hal.o
 .comment       0x00000043       0x44 ./Drivers/STM32G0xx_HAL_Driver/Src/stm32g0xx_hal_adc.o
 .comment       0x00000043       0x44 ./Drivers/STM32G0xx_HAL_Driver/Src/stm32g0xx_hal_adc_ex.o
 .comment       0x00000043       0x44 ./Drivers/STM32G0xx_HAL_Driver/Src/stm32g0xx_hal_cortex.o
 .comment       0x00000043       0x44 ./Drivers/STM32G0xx_HAL_Driver/Src/stm32g0xx_hal_dma.o
 .comment       0x00000043       0x44 ./Drivers/STM32G0xx_HAL_Driver/Src/stm32g0xx_hal_gpio.o
 .comment       0x00000043       0x44 ./Drivers/STM32G0xx_HAL_Driver/Src/stm32g0xx_hal_lptim.o
 .comment       0x00000043       0x44 ./Drivers/STM32G0xx_HAL_Driver/Src/stm32g0xx_hal_pwr_ex.o
 .comment       0x00000043       0x44 ./Drivers/STM32G0xx_HAL_Driver/Src/stm32g0xx_hal_rcc.o
 .comment       0x00000043       0x44 ./Drivers/STM32G0xx_HAL_Driver/Src/stm32g0xx_hal_rcc_ex.o
 .comment       0x00000043       0x44 ./Drivers/STM32G0xx_HAL_Driver/Src/stm32g0xx_hal_tim.o
 .comment       0x00000043       0x44 ./Drivers/STM32G0xx_HAL_Driver/Src/stm32g0xx_hal_tim_ex.o
 .comment       0x00000043       0x44 ./Drivers/STM32G0xx_HAL_Driver/Src/stm32g0xx_hal_uart.o
 .comment       0x00000043       0x44 ./Drivers/STM32G0xx_HAL_Driver/Src/stm32g0xx_hal_uart_ex.o

.debug_frame    0x00000000     0x338c
 .debug_frame   0x00000000       0x28 ./Core/Src/UART.o
 .debug_frame   0x00000028       0x50 ./Core/Src/checking_functions.o
 .debug_frame   0x00000078      0x1ac ./Core/Src/config.o
 .debug_frame   0x00000224      0x128 ./Core/Src/custom_callbacks.o
 .debug_frame   0x0000034c       0x80 ./Core/Src/input_capture.o
 .debug_frame   0x000003cc       0x2c ./Core/Src/main.o
 .debug_frame   0x000003f8       0xa4 ./Core/Src/oscillator.o
 .debug_frame   0x0000049c       0x2c ./Core/Src/startup.o
 .debug_frame   0x000004c8      0x110 ./Core/Src/stm32g0xx_hal_msp.o
 .debug_frame   0x000005d8      0x158 ./Core/Src/stm32g0xx_it.o
 .debug_frame   0x00000730       0x48 ./Core/Src/symmetry_adjustment.o
 .debug_frame   0x00000778       0x38 ./Core/Src/system_stm32g0xx.o
 .debug_frame   0x000007b0       0x40 ./Core/Src/timers.o
 .debug_frame   0x000007f0       0x5c ./Core/Src/utility.o
 .debug_frame   0x0000084c      0x270 ./Drivers/STM32G0xx_HAL_Driver/Src/stm32g0xx_hal.o
 .debug_frame   0x00000abc      0x318 ./Drivers/STM32G0xx_HAL_Driver/Src/stm32g0xx_hal_adc.o
 .debug_frame   0x00000dd4       0xb8 ./Drivers/STM32G0xx_HAL_Driver/Src/stm32g0xx_hal_adc_ex.o
 .debug_frame   0x00000e8c      0x130 ./Drivers/STM32G0xx_HAL_Driver/Src/stm32g0xx_hal_cortex.o
 .debug_frame   0x00000fbc      0x168 ./Drivers/STM32G0xx_HAL_Driver/Src/stm32g0xx_hal_dma.o
 .debug_frame   0x00001124       0xe4 ./Drivers/STM32G0xx_HAL_Driver/Src/stm32g0xx_hal_gpio.o
 .debug_frame   0x00001208      0x438 ./Drivers/STM32G0xx_HAL_Driver/Src/stm32g0xx_hal_lptim.o
 .debug_frame   0x00001640      0x1e4 ./Drivers/STM32G0xx_HAL_Driver/Src/stm32g0xx_hal_pwr_ex.o
 .debug_frame   0x00001824      0x184 ./Drivers/STM32G0xx_HAL_Driver/Src/stm32g0xx_hal_rcc.o
 .debug_frame   0x000019a8       0xa8 ./Drivers/STM32G0xx_HAL_Driver/Src/stm32g0xx_hal_rcc_ex.o
 .debug_frame   0x00001a50      0xa80 ./Drivers/STM32G0xx_HAL_Driver/Src/stm32g0xx_hal_tim.o
 .debug_frame   0x000024d0      0x4b4 ./Drivers/STM32G0xx_HAL_Driver/Src/stm32g0xx_hal_tim_ex.o
 .debug_frame   0x00002984      0x770 ./Drivers/STM32G0xx_HAL_Driver/Src/stm32g0xx_hal_uart.o
 .debug_frame   0x000030f4      0x1c8 ./Drivers/STM32G0xx_HAL_Driver/Src/stm32g0xx_hal_uart_ex.o
 .debug_frame   0x000032bc       0x20 /Applications/STM32CubeIDE.app/Contents/Eclipse/plugins/com.st.stm32cube.ide.mcu.externaltools.gnu-tools-for-stm32.12.3.rel1.macos64_1.1.0.202410301201/tools/bin/../lib/gcc/arm-none-eabi/12.3.1/../../../../arm-none-eabi/lib/thumb/v6-m/nofp/libc_nano.a(libc_a-memset.o)
 .debug_frame   0x000032dc       0x2c /Applications/STM32CubeIDE.app/Contents/Eclipse/plugins/com.st.stm32cube.ide.mcu.externaltools.gnu-tools-for-stm32.12.3.rel1.macos64_1.1.0.202410301201/tools/bin/../lib/gcc/arm-none-eabi/12.3.1/../../../../arm-none-eabi/lib/thumb/v6-m/nofp/libc_nano.a(libc_a-init.o)
 .debug_frame   0x00003308       0x28 /Applications/STM32CubeIDE.app/Contents/Eclipse/plugins/com.st.stm32cube.ide.mcu.externaltools.gnu-tools-for-stm32.12.3.rel1.macos64_1.1.0.202410301201/tools/bin/../lib/gcc/arm-none-eabi/12.3.1/../../../../arm-none-eabi/lib/thumb/v6-m/nofp/libc_nano.a(libc_a-memcpy-stub.o)
 .debug_frame   0x00003330       0x20 /Applications/STM32CubeIDE.app/Contents/Eclipse/plugins/com.st.stm32cube.ide.mcu.externaltools.gnu-tools-for-stm32.12.3.rel1.macos64_1.1.0.202410301201/tools/bin/../lib/gcc/arm-none-eabi/12.3.1/thumb/v6-m/nofp/libgcc.a(_udivsi3.o)
 .debug_frame   0x00003350       0x3c /Applications/STM32CubeIDE.app/Contents/Eclipse/plugins/com.st.stm32cube.ide.mcu.externaltools.gnu-tools-for-stm32.12.3.rel1.macos64_1.1.0.202410301201/tools/bin/../lib/gcc/arm-none-eabi/12.3.1/thumb/v6-m/nofp/libgcc.a(_udivmoddi4.o)

.debug_loclists
                0x00000000     0xf1f5
 .debug_loclists
                0x00000000       0x9c ./Core/Src/checking_functions.o
 .debug_loclists
                0x0000009c       0xd7 ./Core/Src/custom_callbacks.o
 .debug_loclists
                0x00000173      0x157 ./Core/Src/input_capture.o
 .debug_loclists
                0x000002ca      0x26a ./Core/Src/oscillator.o
 .debug_loclists
                0x00000534       0x20 ./Core/Src/startup.o
 .debug_loclists
                0x00000554      0x1c6 ./Core/Src/stm32g0xx_hal_msp.o
 .debug_loclists
                0x0000071a      0x3a8 ./Core/Src/symmetry_adjustment.o
 .debug_loclists