Archive member included to satisfy reference by file (symbol)

C:/ST/STM32CubeIDE_1.16.1/STM32CubeIDE/plugins/com.st.stm32cube.ide.mcu.externaltools.gnu-tools-for-stm32.12.3.rel1.win32_1.1.0.202410251130/tools/bin/../lib/gcc/arm-none-eabi/12.3.1/../../../../arm-none-eabi/lib/thumb/v6-m/nofp\libc_nano.a(libc_a-exit.o)
                              C:/ST/STM32CubeIDE_1.16.1/STM32CubeIDE/plugins/com.st.stm32cube.ide.mcu.externaltools.gnu-tools-for-stm32.12.3.rel1.win32_1.1.0.202410251130/tools/bin/../lib/gcc/arm-none-eabi/12.3.1/../../../../arm-none-eabi/lib/thumb/v6-m/nofp/crt0.o (exit)
C:/ST/STM32CubeIDE_1.16.1/STM32CubeIDE/plugins/com.st.stm32cube.ide.mcu.externaltools.gnu-tools-for-stm32.12.3.rel1.win32_1.1.0.202410251130/tools/bin/../lib/gcc/arm-none-eabi/12.3.1/../../../../arm-none-eabi/lib/thumb/v6-m/nofp\libc_nano.a(libc_a-findfp.o)
                              C:/ST/STM32CubeIDE_1.16.1/STM32CubeIDE/plugins/com.st.stm32cube.ide.mcu.externaltools.gnu-tools-for-stm32.12.3.rel1.win32_1.1.0.202410251130/tools/bin/../lib/gcc/arm-none-eabi/12.3.1/../../../../arm-none-eabi/lib/thumb/v6-m/nofp\libc_nano.a(libc_a-exit.o) (__stdio_exit_handler)
C:/ST/STM32CubeIDE_1.16.1/STM32CubeIDE/plugins/com.st.stm32cube.ide.mcu.externaltools.gnu-tools-for-stm32.12.3.rel1.win32_1.1.0.202410251130/tools/bin/../lib/gcc/arm-none-eabi/12.3.1/../../../../arm-none-eabi/lib/thumb/v6-m/nofp\libc_nano.a(libc_a-fwalk.o)
                              C:/ST/STM32CubeIDE_1.16.1/STM32CubeIDE/plugins/com.st.stm32cube.ide.mcu.externaltools.gnu-tools-for-stm32.12.3.rel1.win32_1.1.0.202410251130/tools/bin/../lib/gcc/arm-none-eabi/12.3.1/../../../../arm-none-eabi/lib/thumb/v6-m/nofp\libc_nano.a(libc_a-findfp.o) (_fwalk_sglue)
C:/ST/STM32CubeIDE_1.16.1/STM32CubeIDE/plugins/com.st.stm32cube.ide.mcu.externaltools.gnu-tools-for-stm32.12.3.rel1.win32_1.1.0.202410251130/tools/bin/../lib/gcc/arm-none-eabi/12.3.1/../../../../arm-none-eabi/lib/thumb/v6-m/nofp\libc_nano.a(libc_a-stdio.o)
                              C:/ST/STM32CubeIDE_1.16.1/STM32CubeIDE/plugins/com.st.stm32cube.ide.mcu.externaltools.gnu-tools-for-stm32.12.3.rel1.win32_1.1.0.202410251130/tools/bin/../lib/gcc/arm-none-eabi/12.3.1/../../../../arm-none-eabi/lib/thumb/v6-m/nofp\libc_nano.a(libc_a-findfp.o) (__sread)
C:/ST/STM32CubeIDE_1.16.1/STM32CubeIDE/plugins/com.st.stm32cube.ide.mcu.externaltools.gnu-tools-for-stm32.12.3.rel1.win32_1.1.0.202410251130/tools/bin/../lib/gcc/arm-none-eabi/12.3.1/../../../../arm-none-eabi/lib/thumb/v6-m/nofp\libc_nano.a(libc_a-memset.o)
                              C:/ST/STM32CubeIDE_1.16.1/STM32CubeIDE/plugins/com.st.stm32cube.ide.mcu.externaltools.gnu-tools-for-stm32.12.3.rel1.win32_1.1.0.202410251130/tools/bin/../lib/gcc/arm-none-eabi/12.3.1/../../../../arm-none-eabi/lib/thumb/v6-m/nofp/crt0.o (memset)
C:/ST/STM32CubeIDE_1.16.1/STM32CubeIDE/plugins/com.st.stm32cube.ide.mcu.externaltools.gnu-tools-for-stm32.12.3.rel1.win32_1.1.0.202410251130/tools/bin/../lib/gcc/arm-none-eabi/12.3.1/../../../../arm-none-eabi/lib/thumb/v6-m/nofp\libc_nano.a(libc_a-closer.o)
                              C:/ST/STM32CubeIDE_1.16.1/STM32CubeIDE/plugins/com.st.stm32cube.ide.mcu.externaltools.gnu-tools-for-stm32.12.3.rel1.win32_1.1.0.202410251130/tools/bin/../lib/gcc/arm-none-eabi/12.3.1/../../../../arm-none-eabi/lib/thumb/v6-m/nofp\libc_nano.a(libc_a-stdio.o) (_close_r)
C:/ST/STM32CubeIDE_1.16.1/STM32CubeIDE/plugins/com.st.stm32cube.ide.mcu.externaltools.gnu-tools-for-stm32.12.3.rel1.win32_1.1.0.202410251130/tools/bin/../lib/gcc/arm-none-eabi/12.3.1/../../../../arm-none-eabi/lib/thumb/v6-m/nofp\libc_nano.a(libc_a-reent.o)
                              C:/ST/STM32CubeIDE_1.16.1/STM32CubeIDE/plugins/com.st.stm32cube.ide.mcu.externaltools.gnu-tools-for-stm32.12.3.rel1.win32_1.1.0.202410251130/tools/bin/../lib/gcc/arm-none-eabi/12.3.1/../../../../arm-none-eabi/lib/thumb/v6-m/nofp\libc_nano.a(libc_a-closer.o) (errno)
C:/ST/STM32CubeIDE_1.16.1/STM32CubeIDE/plugins/com.st.stm32cube.ide.mcu.externaltools.gnu-tools-for-stm32.12.3.rel1.win32_1.1.0.202410251130/tools/bin/../lib/gcc/arm-none-eabi/12.3.1/../../../../arm-none-eabi/lib/thumb/v6-m/nofp\libc_nano.a(libc_a-impure.o)
                              C:/ST/STM32CubeIDE_1.16.1/STM32CubeIDE/plugins/com.st.stm32cube.ide.mcu.externaltools.gnu-tools-for-stm32.12.3.rel1.win32_1.1.0.202410251130/tools/bin/../lib/gcc/arm-none-eabi/12.3.1/../../../../arm-none-eabi/lib/thumb/v6-m/nofp\libc_nano.a(libc_a-reent.o) (_impure_ptr)
C:/ST/STM32CubeIDE_1.16.1/STM32CubeIDE/plugins/com.st.stm32cube.ide.mcu.externaltools.gnu-tools-for-stm32.12.3.rel1.win32_1.1.0.202410251130/tools/bin/../lib/gcc/arm-none-eabi/12.3.1/../../../../arm-none-eabi/lib/thumb/v6-m/nofp\libc_nano.a(libc_a-lseekr.o)
[...]
Memory Configuration

Name             Origin             Length             Attributes
RAM              0x20000000         0x00002000         xrw
FLASH            0x08000000         0x00010000         xr
*default*        0x00000000         0xffffffff

Linker script and memory map

LOAD C:/ST/STM32CubeIDE_1.16.1/STM32CubeIDE/plugins/com.st.stm32cube.ide.mcu.externaltools.gnu-tools-for-stm32.12.3.rel1.win32_1.1.0.202410251130/tools/bin/../lib/gcc/arm-none-eabi/12.3.1/thumb/v6-m/nofp/crti.o
LOAD C:/ST/STM32CubeIDE_1.16.1/STM32CubeIDE/plugins/com.st.stm32cube.ide.mcu.externaltools.gnu-tools-for-stm32.12.3.rel1.win32_1.1.0.202410251130/tools/bin/../lib/gcc/arm-none-eabi/12.3.1/thumb/v6-m/nofp/crtbegin.o
LOAD C:/ST/STM32CubeIDE_1.16.1/STM32CubeIDE/plugins/com.st.stm32cube.ide.mcu.externaltools.gnu-tools-for-stm32.12.3.rel1.win32_1.1.0.202410251130/tools/bin/../lib/gcc/arm-none-eabi/12.3.1/../../../../arm-none-eabi/lib/thumb/v6-m/nofp/crt0.o
LOAD ./Core/Src/config.o
LOAD ./Core/Src/custom_callbacks.o
LOAD ./Core/Src/main.o
LOAD ./Core/Src/stm32g0xx_hal_msp.o
LOAD ./Core/Src/stm32g0xx_it.o
LOAD ./Core/Src/syscalls.o
LOAD ./Core/Src/sysmem.o
LOAD ./Core/Src/system.o
LOAD ./Core/Src/system_stm32g0xx.o
LOAD ./Core/Startup/startup_stm32g031k8tx.o
LOAD ./Drivers/STM32G0xx_HAL_Driver/Src/stm32g0xx_hal.o
LOAD ./Drivers/STM32G0xx_HAL_Driver/Src/stm32g0xx_hal_adc.o
LOAD ./Drivers/STM32G0xx_HAL_Driver/Src/stm32g0xx_hal_adc_ex.o
LOAD ./Drivers/STM32G0xx_HAL_Driver/Src/stm32g0xx_hal_cortex.o
LOAD ./Drivers/STM32G0xx_HAL_Driver/Src/stm32g0xx_hal_dma.o
LOAD ./Drivers/STM32G0xx_HAL_Driver/Src/stm32g0xx_hal_dma_ex.o
LOAD ./Drivers/STM32G0xx_HAL_Driver/Src/stm32g0xx_hal_exti.o
LOAD ./Drivers/STM32G0xx_HAL_Driver/Src/stm32g0xx_hal_flash.o
LOAD ./Drivers/STM32G0xx_HAL_Driver/Src/stm32g0xx_hal_flash_ex.o
LOAD ./Drivers/STM32G0xx_HAL_Driver/Src/stm32g0xx_hal_gpio.o
LOAD ./Drivers/STM32G0xx_HAL_Driver/Src/stm32g0xx_hal_iwdg.o
LOAD ./Drivers/STM32G0xx_HAL_Driver/Src/stm32g0xx_hal_pwr.o
LOAD ./Drivers/STM32G0xx_HAL_Driver/Src/stm32g0xx_hal_pwr_ex.o
LOAD ./Drivers/STM32G0xx_HAL_Driver/Src/stm32g0xx_hal_rcc.o
LOAD ./Drivers/STM32G0xx_HAL_Driver/Src/stm32g0xx_hal_rcc_ex.o
LOAD ./Drivers/STM32G0xx_HAL_Driver/Src/stm32g0xx_hal_tim.o
LOAD ./Drivers/STM32G0xx_HAL_Driver/Src/stm32g0xx_hal_tim_ex.o
LOAD ./Drivers/STM32G0xx_HAL_Driver/Src/stm32g0xx_hal_uart.o
LOAD ./Drivers/STM32G0xx_HAL_Driver/Src/stm32g0xx_hal_uart_ex.o
LOAD ./Drivers/STM32G0xx_HAL_Driver/Src/stm32g0xx_ll_adc.o
LOAD ./Drivers/STM32G0xx_HAL_Driver/Src/stm32g0xx_ll_rcc.o
START GROUP
LOAD C:/ST/STM32CubeIDE_1.16.1/STM32CubeIDE/plugins/com.st.stm32cube.ide.mcu.externaltools.gnu-tools-for-stm32.12.3.rel1.win32_1.1.0.202410251130/tools/bin/../lib/gcc/arm-none-eabi/12.3.1/../../../../arm-none-eabi/lib/thumb/v6-m/nofp\libc_nano.a
LOAD C:/ST/STM32CubeIDE_1.16.1/STM32CubeIDE/plugins/com.st.stm32cube.ide.mcu.externaltools.gnu-tools-for-stm32.12.3.rel1.win32_1.1.0.202410251130/tools/bin/../lib/gcc/arm-none-eabi/12.3.1/../../../../arm-none-eabi/lib/thumb/v6-m/nofp\libm.a
END GROUP
START GROUP
LOAD C:/ST/STM32CubeIDE_1.16.1/STM32CubeIDE/plugins/com.st.stm32cube.ide.mcu.externaltools.gnu-tools-for-stm32.12.3.rel1.win32_1.1.0.202410251130/tools/bin/../lib/gcc/arm-none-eabi/12.3.1/thumb/v6-m/nofp\libgcc.a
LOAD C:/ST/STM32CubeIDE_1.16.1/STM32CubeIDE/plugins/com.st.stm32cube.ide.mcu.externaltools.gnu-tools-for-stm32.12.3.rel1.win32_1.1.0.202410251130/tools/bin/../lib/gcc/arm-none-eabi/12.3.1/../../../../arm-none-eabi/lib/thumb/v6-m/nofp\libc_nano.a
END GROUP
START GROUP
LOAD C:/ST/STM32CubeIDE_1.16.1/STM32CubeIDE/plugins/com.st.stm32cube.ide.mcu.externaltools.gnu-tools-for-stm32.12.3.rel1.win32_1.1.0.202410251130/tools/bin/../lib/gcc/arm-none-eabi/12.3.1/thumb/v6-m/nofp\libgcc.a
LOAD C:/ST/STM32CubeIDE_1.16.1/STM32CubeIDE/plugins/com.st.stm32cube.ide.mcu.externaltools.gnu-tools-for-stm32.12.3.rel1.win32_1.1.0.202410251130/tools/bin/../lib/gcc/arm-none-eabi/12.3.1/../../../../arm-none-eabi/lib/thumb/v6-m/nofp\libc_nano.a
LOAD C:/ST/STM32CubeIDE_1.16.1/STM32CubeIDE/plugins/com.st.stm32cube.ide.mcu.externaltools.gnu-tools-for-stm32.12.3.rel1.win32_1.1.0.202410251130/tools/bin/../lib/gcc/arm-none-eabi/12.3.1/../../../../arm-none-eabi/lib/thumb/v6-m/nofp\libnosys.a
END GROUP
START GROUP
LOAD C:/ST/STM32CubeIDE_1.16.1/STM32CubeIDE/plugins/com.st.stm32cube.ide.mcu.externaltools.gnu-tools-for-stm32.12.3.rel1.win32_1.1.0.202410251130/tools/bin/../lib/gcc/arm-none-eabi/12.3.1/thumb/v6-m/nofp\libgcc.a
LOAD C:/ST/STM32CubeIDE_1.16.1/STM32CubeIDE/plugins/com.st.stm32cube.ide.mcu.externaltools.gnu-tools-for-stm32.12.3.rel1.win32_1.1.0.202410251130/tools/bin/../lib/gcc/arm-none-eabi/12.3.1/../../../../arm-none-eabi/lib/thumb/v6-m/nofp\libc_nano.a
LOAD C:/ST/STM32CubeIDE_1.16.1/STM32CubeIDE/plugins/com.st.stm32cube.ide.mcu.externaltools.gnu-tools-for-stm32.12.3.rel1.win32_1.1.0.202410251130/tools/bin/../lib/gcc/arm-none-eabi/12.3.1/../../../../arm-none-eabi/lib/thumb/v6-m/nofp\libnosys.a
END GROUP
LOAD C:/ST/STM32CubeIDE_1.16.1/STM32CubeIDE/plugins/com.st.stm32cube.ide.mcu.externaltools.gnu-tools-for-stm32.12.3.rel1.win32_1.1.0.202410251130/tools/bin/../lib/gcc/arm-none-eabi/12.3.1/thumb/v6-m/nofp/crtend.o
LOAD C:/ST/STM32CubeIDE_1.16.1/STM32CubeIDE/plugins/com.st.stm32cube.ide.mcu.externaltools.gnu-tools-for-stm32.12.3.rel1.win32_1.1.0.202410251130/tools/bin/../lib/gcc/arm-none-eabi/12.3.1/thumb/v6-m/nofp/crtn.o
                0x20002000                        _estack = (ORIGIN (RAM) + LENGTH (RAM))
                0x00000200                        _Min_Heap_Size = 0x200
                0x00000400                        _Min_Stack_Size = 0x400

.isr_vector     0x08000000       0xbc
                0x08000000                        . = ALIGN (0x4)
 *(.isr_vector)
 .isr_vector    0x08000000       0xbc ./Core/Startup/startup_stm32g031k8tx.o
                0x08000000                g_pfnVectors
                0x080000bc                        . = ALIGN (0x4)

.text           0x080000bc     0x60c8
                0x080000bc                        . = ALIGN (0x4)
 *(.text)
 .text          0x080000bc       0x48 C:/ST/STM32CubeIDE_1.16.1/STM32CubeIDE/plugins/com.st.stm32cube.ide.mcu.externaltools.gnu-tools-for-stm32.12.3.rel1.win32_1.1.0.202410251130/tools/bin/../lib/gcc/arm-none-eabi/12.3.1/thumb/v6-m/nofp/crtbegin.o
 .text          0x08000104      0x114 C:/ST/STM32CubeIDE_1.16.1/STM32CubeIDE/plugins/com.st.stm32cube.ide.mcu.externaltools.gnu-tools-for-stm32.12.3.rel1.win32_1.1.0.202410251130/tools/bin/../lib/gcc/arm-none-eabi/12.3.1/thumb/v6-m/nofp\libgcc.a(_udivsi3.o)
                0x08000104                __aeabi_uidiv
                0x08000104                __udivsi3
                0x08000210                __aeabi_uidivmod
 .text          0x08000218        0x4 C:/ST/STM32CubeIDE_1.16.1/STM32CubeIDE/plugins/com.st.stm32cube.ide.mcu.externaltools.gnu-tools-for-stm32.12.3.rel1.win32_1.1.0.202410251130/tools/bin/../lib/gcc/arm-none-eabi/12.3.1/thumb/v6-m/nofp\libgcc.a(_dvmd_tls.o)
                0x08000218                __aeabi_idiv0
                0x08000218                __aeabi_ldiv0
 .text          0x0800021c       0x40 C:/ST/STM32CubeIDE_1.16.1/STM32CubeIDE/plugins/com.st.stm32cube.ide.mcu.externaltools.gnu-tools-for-stm32.12.3.rel1.win32_1.1.0.202410251130/tools/bin/../lib/gcc/arm-none-eabi/12.3.1/thumb/v6-m/nofp\libgcc.a(_aeabi_uldivmod.o)
                0x0800021c                __aeabi_uldivmod
 .text          0x0800025c      0x198 C:/ST/STM32CubeIDE_1.16.1/STM32CubeIDE/plugins/com.st.stm32cube.ide.mcu.externaltools.gnu-tools-for-stm32.12.3.rel1.win32_1.1.0.202410251130/tools/bin/../lib/gcc/arm-none-eabi/12.3.1/thumb/v6-m/nofp\libgcc.a(_udivmoddi4.o)
                0x0800025c                __udivmoddi4
 .text          0x080003f4       0x18 C:/ST/STM32CubeIDE_1.16.1/STM32CubeIDE/plugins/com.st.stm32cube.ide.mcu.externaltools.gnu-tools-for-stm32.12.3.rel1.win32_1.1.0.202410251130/tools/bin/../lib/gcc/arm-none-eabi/12.3.1/thumb/v6-m/nofp\libgcc.a(_clzdi2.o)
                0x080003f4                __clzdi2
 .text          0x0800040c       0x3c C:/ST/STM32CubeIDE_1.16.1/STM32CubeIDE/plugins/com.st.stm32cube.ide.mcu.externaltools.gnu-tools-for-stm32.12.3.rel1.win32_1.1.0.202410251130/tools/bin/../lib/gcc/arm-none-eabi/12.3.1/thumb/v6-m/nofp\libgcc.a(_clzsi2.o)
                0x0800040c                __clzsi2
 *(.text*)
 .text.SystemClock_Config
                0x08000448       0x80 ./Core/Src/config.o
                0x08000448                SystemClock_Config
 .text.MX_ADC1_Init
                0x080004c8       0xd4 ./Core/Src/config.o
                0x080004c8                MX_ADC1_Init
 .text.MX_TIM16_Init
                0x0800059c       0xc0 ./Core/Src/config.o
                0x0800059c                MX_TIM16_Init
 .text.MX_TIM2_Init
                0x0800065c       0xb8 ./Core/Src/config.o
                0x0800065c                MX_TIM2_Init
 .text.MX_TIM3_Init
                0x08000714       0xb8 ./Core/Src/config.o
                0x08000714                MX_TIM3_Init
 .text.MX_TIM1_Init
                0x080007cc      0x114 ./Core/Src/config.o
                0x080007cc                MX_TIM1_Init
 .text.MX_TIM17_Init
                0x080008e0       0xb4 ./Core/Src/config.o
                0x080008e0                MX_TIM17_Init
 .text.MX_GPIO_Init
                0x08000994       0xd4 ./Core/Src/config.o
                0x08000994                MX_GPIO_Init
 .text.Error_Handler
                0x08000a68        0x4 ./Core/Src/config.o
                0x08000a68                Error_Handler
 .text.System_Init
                0x08000a6c      0x120 ./Core/Src/config.o
                0x08000a6c                System_Init
 .text.TIM16_callback
                0x08000b8c      0x2ac ./Core/Src/custom_callbacks.o
                0x08000b8c                TIM16_callback
 .text.ADC_DMA_conversion_complete_callback
                0x08000e38       0xf8 ./Core/Src/custom_callbacks.o
                0x08000e38                ADC_DMA_conversion_complete_callback
 .text.TIM2_ch1_IP_capture_callback
                0x08000f30      0x584 ./Core/Src/custom_callbacks.o
                0x08000f30                TIM2_ch1_IP_capture_callback
 .text.TIM2_ch1_overflow_callback
                0x080014b4       0x24 ./Core/Src/custom_callbacks.o
                0x080014b4                TIM2_ch1_overflow_callback
 .text.TIM3_ch1_IP_capture_measurement_reelapse_callback
                0x080014d8       0xc0 ./Core/Src/custom_callbacks.o
                0x080014d8                TIM3_ch1_IP_capture_measurement_reelapse_callback
 .text.TIM17_callback_debounce
                0x08001598       0x30 ./Core/Src/custom_callbacks.o
                0x08001598                TIM17_callback_debounce
 .text.HAL_GPIO_EXTI_Falling_Callback
                0x080015c8       0x3c ./Core/Src/custom_callbacks.o
                0x080015c8                HAL_GPIO_EXTI_Falling_Callback
 .text.UART2_TX_transfer_complete_callback
                0x08001604        0xc ./Core/Src/custom_callbacks.o
                0x08001604                UART2_TX_transfer_complete_callback
 .text.UART2_RX_transfer_complete_callback
                0x08001610       0x30 ./Core/Src/custom_callbacks.o
                0x08001610                UART2_RX_transfer_complete_callback
 .text.startup.main
                0x08001640       0x44 ./Core/Src/main.o
                0x08001640                main
 .text.HAL_MspInit
                0x08001684       0x30 ./Core/Src/stm32g0xx_hal_msp.o
                0x08001684                HAL_MspInit
 .text.HAL_ADC_MspInit
                0x080016b4       0xa0 ./Core/Src/stm32g0xx_hal_msp.o
                0x080016b4                HAL_ADC_MspInit
 .text.HAL_TIM_Base_MspInit
                0x08001754      0x13c ./Core/Src/stm32g0xx_hal_msp.o
                0x08001754                HAL_TIM_Base_MspInit
 .text.HAL_TIM_MspPostInit
                0x08001890       0x78 ./Core/Src/stm32g0xx_hal_msp.o
                0x08001890                HAL_TIM_MspPostInit
 .text.HAL_UART_MspInit
                0x08001908       0xec ./Core/Src/stm32g0xx_hal_msp.o
                0x08001908                HAL_UART_MspInit
 .text.NMI_Handler
                0x080019f4        0x4 ./Core/Src/stm32g0xx_it.o
                0x080019f4                NMI_Handler
 .text.HardFault_Handler
                0x080019f8        0x4 ./Core/Src/stm32g0xx_it.o
                0x080019f8                HardFault_Handler
 .text.SVC_Handler
                0x080019fc        0x4 ./Core/Src/stm32g0xx_it.o
                0x080019fc                SVC_Handler
 .text.PendSV_Handler
                0x08001a00        0x4 ./Core/Src/stm32g0xx_it.o
                0x08001a00                PendSV_Handler
 .text.SysTick_Handler
                0x08001a04        0x8 ./Core/Src/stm32g0xx_it.o
                0x08001a04                SysTick_Handler
 .text.EXTI4_15_IRQHandler
                0x08001a0c        0xc ./Core/Src/stm32g0xx_it.o
                0x08001a0c                EXTI4_15_IRQHandler
 .text.DMA1_Channel1_IRQHandler
                0x08001a18       0x10 ./Core/Src/stm32g0xx_it.o
                0x08001a18                DMA1_Channel1_IRQHandler
 .text.DMA1_Channel2_3_IRQHandler
                0x08001a28       0x18 ./Core/Src/stm32g0xx_it.o
                0x08001a28                DMA1_Channel2_3_IRQHandler
 .text.TIM2_IRQHandler
                0x08001a40       0x10 ./Core/Src/stm32g0xx_it.o
                0x08001a40                TIM2_IRQHandler
 .text.TIM3_IRQHandler
                0x08001a50       0x10 ./Core/Src/stm32g0xx_it.o
                0x08001a50                TIM3_IRQHandler
 .text.TIM16_IRQHandler
                0x08001a60       0x10 ./Core/Src/stm32g0xx_it.o
                0x08001a60                TIM16_IRQHandler
 .text.TIM17_IRQHandler
                0x08001a70       0x10 ./Core/Src/stm32g0xx_it.o
                0x08001a70                TIM17_IRQHandler
 .text.USART2_IRQHandler
                0x08001a80       0x10 ./Core/Src/stm32g0xx_it.o
                0x08001a80                USART2_IRQHandler
 .text.Global_Interrupt_Enable
                0x08001a90        0x8 ./Core/Src/system.o
                0x08001a90                Global_Interrupt_Enable
 .text.Startup  0x08001a98       0x6c ./Core/Src/system.o
                0x08001a98                Startup
 .text.Start_PWM_Gen_Timer_Main_and_Secondary_Oscillators
                0x08001b04       0x38 ./Core/Src/system.o
                0x08001b04                Start_PWM_Gen_Timer_Main_and_Secondary_Oscillators
 .text.Start_Freq_Gen_Timer
                0x08001b3c       0x20 ./Core/Src/system.o
                0x08001b3c                Start_Freq_Gen_Timer
 .text.Start_OC_TIM
                0x08001b5c       0x14 ./Core/Src/system.o
                0x08001b5c                Start_OC_TIM
 .text.Stop_OC_TIM
                0x08001b70       0x14 ./Core/Src/system.o
                0x08001b70                Stop_OC_TIM
 .text.Start_Input_Capture_Timer
                0x08001b84       0x30 ./Core/Src/system.o
                0x08001b84                Start_Input_Capture_Timer
 .text.Process_TIM16_Raw_Start_Value_and_Raw_Prescaler
                0x08001bb4       0x50 ./Core/Src/system.o
                0x08001bb4                Process_TIM16_Raw_Start_Value_and_Raw_Prescaler
 .text.Process_TIM16_Final_Start_Value_and_Prescaler_Adjust
                0x08001c04      0x3c4 ./Core/Src/system.o
                0x08001c04                Process_TIM16_Final_Start_Value_and_Prescaler_Adjust
 .text.unsigned_bitwise_modulo
                0x08001fc8        0xc ./Core/Src/system.o
                0x08001fc8                unsigned_bitwise_modulo
 .text.Speed_pot_check
                0x08001fd4       0x80 ./Core/Src/system.o
                0x08001fd4                Speed_pot_check
 .text.SystemInit
                0x08002054        0x4 ./Core/Src/system_stm32g0xx.o
                0x08002054                SystemInit
 .text.Reset_Handler
                0x08002058       0x50 ./Core/Startup/startup_stm32g031k8tx.o
                0x08002058                Reset_Handler
 .text.Default_Handler
                0x080020a8        0x2 ./Core/Startup/startup_stm32g031k8tx.o
                0x080020a8                TIM1_CC_IRQHandler
                0x080020a8                PVD_IRQHandler
                0x080020a8                I2C1_IRQHandler
                0x080020a8                LPTIM2_IRQHandler
                0x080020a8                RTC_TAMP_IRQHandler
                0x080020a8                SPI1_IRQHandler
                0x080020a8                DMA1_Ch4_5_DMAMUX1_OVR_IRQHandler
                0x080020a8                EXTI2_3_IRQHandler
                0x080020a8                ADC1_IRQHandler
                0x080020a8                I2C2_IRQHandler
                0x080020a8                RCC_IRQHandler
                0x080020a8                Default_Handler
                0x080020a8                TIM14_IRQHandler
                0x080020a8                EXTI0_1_IRQHandler
                0x080020a8                SPI2_IRQHandler
                0x080020a8                WWDG_IRQHandler
                0x080020a8                LPUART1_IRQHandler
                0x080020a8                FLASH_IRQHandler
                0x080020a8                USART1_IRQHandler
                0x080020a8                TIM1_BRK_UP_TRG_COM_IRQHandler
                0x080020a8                LPTIM1_IRQHandler
 *fill*         0x080020aa        0x2 
 .text.HAL_InitTick
                0x080020ac       0x4c ./Drivers/STM32G0xx_HAL_Driver/Src/stm32g0xx_hal.o
                0x080020ac                HAL_InitTick
 .text.HAL_Init
                0x080020f8       0x28 ./Drivers/STM32G0xx_HAL_Driver/Src/stm32g0xx_hal.o
                0x080020f8                HAL_Init
 .text.HAL_IncTick
                0x08002120       0x18 ./Drivers/STM32G0xx_HAL_Driver/Src/stm32g0xx_hal.o
                0x08002120                HAL_IncTick
 .text.HAL_GetTick
                0x08002138        0xc ./Drivers/STM32G0xx_HAL_Driver/Src/stm32g0xx_hal.o
                0x08002138                HAL_GetTick
 .text.HAL_Delay
                0x08002144       0x24 ./Drivers/STM32G0xx_HAL_Driver/Src/stm32g0xx_hal.o
                0x08002144                HAL_Delay
 .text.ADC_DMAConvCplt
                0x08002168       0x80 ./Drivers/STM32G0xx_HAL_Driver/Src/stm32g0xx_hal_adc.o
 .text.ADC_DMAHalfConvCplt
                0x080021e8        0xc ./Drivers/STM32G0xx_HAL_Driver/Src/stm32g0xx_hal_adc.o
 .text.ADC_DMAError
                0x080021f4       0x1c ./Drivers/STM32G0xx_HAL_Driver/Src/stm32g0xx_hal_adc.o
 .text.HAL_ADC_ErrorCallback
                0x08002210        0x4 ./Drivers/STM32G0xx_HAL_Driver/Src/stm32g0xx_hal_adc.o
                0x08002210                HAL_ADC_ErrorCallback
 .text.HAL_ADC_ConvCpltCallback
                0x08002214        0x4 ./Drivers/STM32G0xx_HAL_Driver/Src/stm32g0xx_hal_adc.o
                0x08002214                HAL_ADC_ConvCpltCallback
 .text.HAL_ADC_ConvHalfCpltCallback
                0x08002218        0x4 ./Drivers/STM32G0xx_HAL_Driver/Src/stm32g0xx_hal_adc.o
                0x08002218                HAL_ADC_ConvHalfCpltCallback
 .text.HAL_ADC_LevelOutOfWindowCallback
                0x0800221c        0x4 ./Drivers/STM32G0xx_HAL_Driver/Src/stm32g0xx_hal_adc.o
                0x0800221c                HAL_ADC_LevelOutOfWindowCallback
 .text.HAL_ADC_Init
                0x08002220      0x284 ./Drivers/STM32G0xx_HAL_Driver/Src/stm32g0xx_hal_adc.o
                0x08002220                HAL_ADC_Init
 .text.HAL_ADC_RegisterCallback
                0x080024a4       0x70 ./Drivers/STM32G0xx_HAL_Driver/Src/stm32g0xx_hal_adc.o
                0x080024a4                HAL_ADC_RegisterCallback
 .text.HAL_ADC_ConfigChannel
                0x08002514      0x284 ./Drivers/STM32G0xx_HAL_Driver/Src/stm32g0xx_hal_adc.o
                0x08002514                HAL_ADC_ConfigChannel
 .text.ADC_ConversionStop
                0x08002798       0x74 ./Drivers/STM32G0xx_HAL_Driver/Src/stm32g0xx_hal_adc.o
                0x08002798                ADC_ConversionStop
 .text.ADC_Enable
                0x0800280c       0xcc ./Drivers/STM32G0xx_HAL_Driver/Src/stm32g0xx_hal_adc.o
                0x0800280c                ADC_Enable
 .text.HAL_ADC_Start_DMA
                0x080028d8       0xb4 ./Drivers/STM32G0xx_HAL_Driver/Src/stm32g0xx_hal_adc.o
                0x080028d8                HAL_ADC_Start_DMA
 .text.ADC_Disable
                0x0800298c       0x88 ./Drivers/STM32G0xx_HAL_Driver/Src/stm32g0xx_hal_adc.o
                0x0800298c                ADC_Disable
 .text.HAL_ADC_Stop_DMA
                0x08002a14       0x8c ./Drivers/STM32G0xx_HAL_Driver/Src/stm32g0xx_hal_adc.o
                0x08002a14                HAL_ADC_Stop_DMA
 .text.HAL_ADCEx_LevelOutOfWindow2Callback
                0x08002aa0        0x4 ./Drivers/STM32G0xx_HAL_Driver/Src/stm32g0xx_hal_adc_ex.o
                0x08002aa0                HAL_ADCEx_LevelOutOfWindow2Callback
 .text.HAL_ADCEx_LevelOutOfWindow3Callback
                0x08002aa4        0x4 ./Drivers/STM32G0xx_HAL_Driver/Src/stm32g0xx_hal_adc_ex.o
                0x08002aa4                HAL_ADCEx_LevelOutOfWindow3Callback
 .text.HAL_ADCEx_EndOfSamplingCallback
                0x08002aa8        0x4 ./Drivers/STM32G0xx_HAL_Driver/Src/stm32g0xx_hal_adc_ex.o
                0x08002aa8                HAL_ADCEx_EndOfSamplingCallback
 .text.HAL_NVIC_SetPriority
                0x08002aac       0x54 ./Drivers/STM32G0xx_HAL_Driver/Src/stm32g0xx_hal_cortex.o
                0x08002aac                HAL_NVIC_SetPriority
 .text.HAL_NVIC_EnableIRQ
                0x08002b00       0x18 ./Drivers/STM32G0xx_HAL_Driver/Src/stm32g0xx_hal_cortex.o
                0x08002b00                HAL_NVIC_EnableIRQ
 .text.HAL_NVIC_DisableIRQ
                0x08002b18       0x20 ./Drivers/STM32G0xx_HAL_Driver/Src/stm32g0xx_hal_cortex.o
                0x08002b18                HAL_NVIC_DisableIRQ
 .text.HAL_SYSTICK_Config
                0x08002b38       0x34 ./Drivers/STM32G0xx_HAL_Driver/Src/stm32g0xx_hal_cortex.o
                0x08002b38                HAL_SYSTICK_Config
 .text.HAL_DMA_Init
                0x08002b6c       0xec ./Drivers/STM32G0xx_HAL_Driver/Src/stm32g0xx_hal_dma.o
                0x08002b6c                HAL_DMA_Init
 .text.HAL_DMA_Start_IT
                0x08002c58       0xd0 ./Drivers/STM32G0xx_HAL_Driver/Src/stm32g0xx_hal_dma.o
                0x08002c58                HAL_DMA_Start_IT
 .text.HAL_DMA_Abort
                0x08002d28       0x78 ./Drivers/STM32G0xx_HAL_Driver/Src/stm32g0xx_hal_dma.o
                0x08002d28                HAL_DMA_Abort
 .text.HAL_DMA_Abort_IT
                0x08002da0       0x78 ./Drivers/STM32G0xx_HAL_Driver/Src/stm32g0xx_hal_dma.o
                0x08002da0                HAL_DMA_Abort_IT
 .text.HAL_DMA_IRQHandler
                0x08002e18       0xb8 ./Drivers/STM32G0xx_HAL_Driver/Src/stm32g0xx_hal_dma.o
                0x08002e18                HAL_DMA_IRQHandler
 .text.HAL_GPIO_Init
                0x08002ed0      0x1e4 ./Drivers/STM32G0xx_HAL_Driver/Src/stm32g0xx_hal_gpio.o
                0x08002ed0                HAL_GPIO_Init
 .text.HAL_GPIO_WritePin
                0x080030b4        0xc ./Drivers/STM32G0xx_HAL_Driver/Src/stm32g0xx_hal_gpio.o
                0x080030b4                HAL_GPIO_WritePin
 .text.HAL_GPIO_EXTI_Rising_Callback
                0x080030c0        0x4 ./Drivers/STM32G0xx_HAL_Driver/Src/stm32g0xx_hal_gpio.o
                0x080030c0                HAL_GPIO_EXTI_Rising_Callback
 .text.HAL_GPIO_EXTI_IRQHandler
                0x080030c4       0x34 ./Drivers/STM32G0xx_HAL_Driver/Src/stm32g0xx_hal_gpio.o
                0x080030c4                HAL_GPIO_EXTI_IRQHandler
 .text.HAL_PWREx_ControlVoltageScaling
                0x080030f8       0x60 ./Drivers/STM32G0xx_HAL_Driver/Src/stm32g0xx_hal_pwr_ex.o
                0x080030f8                HAL_PWREx_ControlVoltageScaling
 .text.HAL_RCC_OscConfig
                0x08003158      0x4d0 ./Drivers/STM32G0xx_HAL_Driver/Src/stm32g0xx_hal_rcc.o
                0x08003158                HAL_RCC_OscConfig
 .text.HAL_RCC_GetSysClockFreq
                0x08003628       0x9c ./Drivers/STM32G0xx_HAL_Driver/Src/stm32g0xx_hal_rcc.o
                0x08003628                HAL_RCC_GetSysClockFreq
 .text.HAL_RCC_ClockConfig
                0x080036c4      0x190 ./Drivers/STM32G0xx_HAL_Driver/Src/stm32g0xx_hal_rcc.o
                0x080036c4                HAL_RCC_ClockConfig
 .text.HAL_RCC_GetPCLK1Freq
                0x08003854       0x28 ./Drivers/STM32G0xx_HAL_Driver/Src/stm32g0xx_hal_rcc.o
                0x08003854                HAL_RCC_GetPCLK1Freq
 .text.HAL_RCCEx_PeriphCLKConfig
                0x0800387c      0x1f0 ./Drivers/STM32G0xx_HAL_Driver/Src/stm32g0xx_hal_rcc_ex.o
                0x0800387c                HAL_RCCEx_PeriphCLKConfig
 .text.HAL_TIM_OC_MspInit
                0x08003a6c        0x4 ./Drivers/STM32G0xx_HAL_Driver/Src/stm32g0xx_hal_tim.o
                0x08003a6c                HAL_TIM_OC_MspInit
 .text.HAL_TIM_PWM_MspInit
                0x08003a70        0x4 ./Drivers/STM32G0xx_HAL_Driver/Src/stm32g0xx_hal_tim.o
                0x08003a70                HAL_TIM_PWM_MspInit
 .text.HAL_TIM_IC_MspInit
                0x08003a74        0x4 ./Drivers/STM32G0xx_HAL_Driver/Src/stm32g0xx_hal_tim.o
                0x08003a74                HAL_TIM_IC_MspInit
 .text.HAL_TIM_PeriodElapsedCallback
                0x08003a78        0x4 ./Drivers/STM32G0xx_HAL_Driver/Src/stm32g0xx_hal_tim.o
                0x08003a78                HAL_TIM_PeriodElapsedCallback
 .text.HAL_TIM_PeriodElapsedHalfCpltCallback
                0x08003a7c        0x4 ./Drivers/STM32G0xx_HAL_Driver/Src/stm32g0xx_hal_tim.o
                0x08003a7c                HAL_TIM_PeriodElapsedHalfCpltCallback
 .text.HAL_TIM_OC_DelayElapsedCallback
                0x08003a80        0x4 ./Drivers/STM32G0xx_HAL_Driver/Src/stm32g0xx_hal_tim.o
                0x08003a80                HAL_TIM_OC_DelayElapsedCallback
 .text.HAL_TIM_IC_CaptureCallback
                0x08003a84        0x4 ./Drivers/STM32G0xx_HAL_Driver/Src/stm32g0xx_hal_tim.o
                0x08003a84                HAL_TIM_IC_CaptureCallback
 .text.HAL_TIM_IC_CaptureHalfCpltCallback
                0x08003a88        0x4 ./Drivers/STM32G0xx_HAL_Driver/Src/stm32g0xx_hal_tim.o
                0x08003a88                HAL_TIM_IC_CaptureHalfCpltCallback
 .text.HAL_TIM_PWM_PulseFinishedCallback
                0x08003a8c        0x4 ./Drivers/STM32G0xx_HAL_Driver/Src/stm32g0xx_hal_tim.o
                0x08003a8c                HAL_TIM_PWM_PulseFinishedCallback
 .text.HAL_TIM_PWM_PulseFinishedHalfCpltCallback
                0x08003a90        0x4 ./Drivers/STM32G0xx_HAL_Driver/Src/stm32g0xx_hal_tim.o
                0x08003a90                HAL_TIM_PWM_PulseFinishedHalfCpltCallback
 .text.HAL_TIM_TriggerCallback
                0x08003a94        0x4 ./Drivers/STM32G0xx_HAL_Driver/Src/stm32g0xx_hal_tim.o
                0x08003a94                HAL_TIM_TriggerCallback
 .text.HAL_TIM_TriggerHalfCpltCallback
                0x08003a98        0x4 ./Drivers/STM32G0xx_HAL_Driver/Src/stm32g0xx_hal_tim.o
                0x08003a98                HAL_TIM_TriggerHalfCpltCallback
 .text.HAL_TIM_ErrorCallback
                0x08003a9c        0x4 ./Drivers/STM32G0xx_HAL_Driver/Src/stm32g0xx_hal_tim.o
                0x08003a9c                HAL_TIM_ErrorCallback
 .text.HAL_TIM_Base_Init
                0x08003aa0      0x190 ./Drivers/STM32G0xx_HAL_Driver/Src/stm32g0xx_hal_tim.o
                0x08003aa0                HAL_TIM_Base_Init
 .text.HAL_TIM_Base_Start
                0x08003c30       0x5c ./Drivers/STM32G0xx_HAL_Driver/Src/stm32g0xx_hal_tim.o
                0x08003c30                HAL_TIM_Base_Start
 .text.HAL_TIM_Base_Start_IT
                0x08003c8c       0x64 ./Drivers/STM32G0xx_HAL_Driver/Src/stm32g0xx_hal_tim.o
                0x08003c8c                HAL_TIM_Base_Start_IT
 .text.HAL_TIM_OC_Init
                0x08003cf0      0x190 ./Drivers/STM32G0xx_HAL_Driver/Src/stm32g0xx_hal_tim.o
                0x08003cf0                HAL_TIM_OC_Init
 .text.HAL_TIM_OC_Start_IT
                0x08003e80      0x104 ./Drivers/STM32G0xx_HAL_Driver/Src/stm32g0xx_hal_tim.o
                0x08003e80                HAL_TIM_OC_Start_IT
 .text.HAL_TIM_OC_Stop_IT
                0x08003f84      0x100 ./Drivers/STM32G0xx_HAL_Driver/Src/stm32g0xx_hal_tim.o
                0x08003f84                HAL_TIM_OC_Stop_IT
 .text.HAL_TIM_PWM_Init
                0x08004084      0x190 ./Drivers/STM32G0xx_HAL_Driver/Src/stm32g0xx_hal_tim.o
                0x08004084                HAL_TIM_PWM_Init
 .text.HAL_TIM_PWM_Start
                0x08004214       0xd0 ./Drivers/STM32G0xx_HAL_Driver/Src/stm32g0xx_hal_tim.o
                0x08004214                HAL_TIM_PWM_Start
 .text.HAL_TIM_IC_Init
                0x080042e4      0x190 ./Drivers/STM32G0xx_HAL_Driver/Src/stm32g0xx_hal_tim.o
                0x080042e4                HAL_TIM_IC_Init
 .text.HAL_TIM_IC_Start_IT
                0x08004474      0x168 ./Drivers/STM32G0xx_HAL_Driver/Src/stm32g0xx_hal_tim.o
                0x08004474                HAL_TIM_IC_Start_IT
 .text.HAL_TIM_IRQHandler
                0x080045dc      0x1b4 ./Drivers/STM32G0xx_HAL_Driver/Src/stm32g0xx_hal_tim.o
                0x080045dc                HAL_TIM_IRQHandler
 .text.HAL_TIM_OC_ConfigChannel
                0x08004790      0x2a4 ./Drivers/STM32G0xx_HAL_Driver/Src/stm32g0xx_hal_tim.o
                0x08004790                HAL_TIM_OC_ConfigChannel
 .text.HAL_TIM_IC_ConfigChannel
                0x08004a34      0x1bc ./Drivers/STM32G0xx_HAL_Driver/Src/stm32g0xx_hal_tim.o
                0x08004a34                HAL_TIM_IC_ConfigChannel
 .text.HAL_TIM_PWM_ConfigChannel
                0x08004bf0      0x348 ./Drivers/STM32G0xx_HAL_Driver/Src/stm32g0xx_hal_tim.o
                0x08004bf0                HAL_TIM_PWM_ConfigChannel
 .text.HAL_TIM_ConfigClockSource
                0x08004f38      0x170 ./Drivers/STM32G0xx_HAL_Driver/Src/stm32g0xx_hal_tim.o
                0x08004f38                HAL_TIM_ConfigClockSource
 .text.HAL_TIM_ReadCapturedValue
                0x080050a8       0x30 ./Drivers/STM32G0xx_HAL_Driver/Src/stm32g0xx_hal_tim.o
                0x080050a8                HAL_TIM_ReadCapturedValue
 .text.HAL_TIM_RegisterCallback
                0x080050d8      0x104 ./Drivers/STM32G0xx_HAL_Driver/Src/stm32g0xx_hal_tim.o
                0x080050d8                HAL_TIM_RegisterCallback
 .text.HAL_TIMEx_MasterConfigSynchronization
                0x080051dc       0x70 ./Drivers/STM32G0xx_HAL_Driver/Src/stm32g0xx_hal_tim_ex.o
                0x080051dc                HAL_TIMEx_MasterConfigSynchronization
 .text.HAL_TIMEx_ConfigBreakDeadTime
                0x0800524c       0xc0 ./Drivers/STM32G0xx_HAL_Driver/Src/stm32g0xx_hal_tim_ex.o
                0x0800524c                HAL_TIMEx_ConfigBreakDeadTime
 .text.HAL_TIMEx_CommutCallback
                0x0800530c        0x4 ./Drivers/STM32G0xx_HAL_Driver/Src/stm32g0xx_hal_tim_ex.o
                0x0800530c                HAL_TIMEx_CommutCallback
 .text.HAL_TIMEx_CommutHalfCpltCallback
                0x08005310        0x4 ./Drivers/STM32G0xx_HAL_Driver/Src/stm32g0xx_hal_tim_ex.o
                0x08005310                HAL_TIMEx_CommutHalfCpltCallback
 .text.HAL_TIMEx_BreakCallback
                0x08005314        0x4 ./Drivers/STM32G0xx_HAL_Driver/Src/stm32g0xx_hal_tim_ex.o
                0x08005314                HAL_TIMEx_BreakCallback
 .text.HAL_TIMEx_Break2Callback
                0x08005318        0x4 ./Drivers/STM32G0xx_HAL_Driver/Src/stm32g0xx_hal_tim_ex.o
                0x08005318                HAL_TIMEx_Break2Callback
 .text.HAL_UARTEx_RxEventCallback
                0x0800531c        0x4 ./Drivers/STM32G0xx_HAL_Driver/Src/stm32g0xx_hal_uart.o
                0x0800531c                HAL_UARTEx_RxEventCallback
 .text.UART_DMAReceiveCplt
                0x08005320       0xa0 ./Drivers/STM32G0xx_HAL_Driver/Src/stm32g0xx_hal_uart.o
 .text.UART_DMARxHalfCplt
                0x080053c0       0x24 ./Drivers/STM32G0xx_HAL_Driver/Src/stm32g0xx_hal_uart.o
 .text.UART_DMAAbortOnError
                0x080053e4       0x18 ./Drivers/STM32G0xx_HAL_Driver/Src/stm32g0xx_hal_uart.o
 .text.HAL_UART_AbortReceiveCpltCallback
                0x080053fc        0x4 ./Drivers/STM32G0xx_HAL_Driver/Src/stm32g0xx_hal_uart.o
                0x080053fc                HAL_UART_AbortReceiveCpltCallback
 .text.HAL_UART_TxCpltCallback
                0x08005400        0x4 ./Drivers/STM32G0xx_HAL_Driver/Src/stm32g0xx_hal_uart.o
                0x08005400                HAL_UART_TxCpltCallback
 .text.HAL_UART_TxHalfCpltCallback
                0x08005404        0x4 ./Drivers/STM32G0xx_HAL_Driver/Src/stm32g0xx_hal_uart.o
                0x08005404                HAL_UART_TxHalfCpltCallback
 .text.HAL_UART_RxCpltCallback
                0x08005408        0x4 ./Drivers/STM32G0xx_HAL_Driver/Src/stm32g0xx_hal_uart.o
                0x08005408                HAL_UART_RxCpltCallback
 .text.HAL_UART_RxHalfCpltCallback
                0x0800540c        0x4 ./Drivers/STM32G0xx_HAL_Driver/Src/stm32g0xx_hal_uart.o
                0x0800540c                HAL_UART_RxHalfCpltCallback
 .text.HAL_UART_ErrorCallback
                0x08005410        0x4 ./Drivers/STM32G0xx_HAL_Driver/Src/stm32g0xx_hal_uart.o
                0x08005410                HAL_UART_ErrorCallback
 .text.HAL_UART_AbortCpltCallback
                0x08005414        0x4 ./Drivers/STM32G0xx_HAL_Driver/Src/stm32g0xx_hal_uart.o
                0x08005414                HAL_UART_AbortCpltCallback
 .text.HAL_UART_AbortTransmitCpltCallback
                0x08005418        0x4 ./Drivers/STM32G0xx_HAL_Driver/Src/stm32g0xx_hal_uart.o
                0x08005418                HAL_UART_AbortTransmitCpltCallback
 .text.UART_DMAError
                0x0800541c       0xdc ./Drivers/STM32G0xx_HAL_Driver/Src/stm32g0xx_hal_uart.o
 .text.HAL_UART_RegisterCallback
                0x080054f8       0xa4 ./Drivers/STM32G0xx_HAL_Driver/Src/stm32g0xx_hal_uart.o
                0x080054f8                HAL_UART_RegisterCallback
 .text.HAL_UART_Receive_DMA
                0x0800559c      0x100 ./Drivers/STM32G0xx_HAL_Driver/Src/stm32g0xx_hal_uart.o
                0x0800559c                HAL_UART_Receive_DMA
 .text.HAL_UART_IRQHandler
                0x0800569c      0x3cc ./Drivers/STM32G0xx_HAL_Driver/Src/stm32g0xx_hal_uart.o
                0x0800569c                HAL_UART_IRQHandler
 .text.UART_AdvFeatureConfig
                0x08005a68       0xd0 ./Drivers/STM32G0xx_HAL_Driver/Src/stm32g0xx_hal_uart.o
                0x08005a68                UART_AdvFeatureConfig
 .text.UART_CheckIdleState
                0x08005b38      0x2ac ./Drivers/STM32G0xx_HAL_Driver/Src/stm32g0xx_hal_uart.o
                0x08005b38                UART_CheckIdleState
 .text.HAL_UART_Init
                0x08005de4      0x324 ./Drivers/STM32G0xx_HAL_Driver/Src/stm32g0xx_hal_uart.o
                0x08005de4                HAL_UART_Init
 .text.HAL_UARTEx_WakeupCallback
                0x08006108        0x4 ./Drivers/STM32G0xx_HAL_Driver/Src/stm32g0xx_hal_uart_ex.o
                0x08006108                HAL_UARTEx_WakeupCallback
 .text.HAL_UARTEx_RxFifoFullCallback
                0x0800610c        0x4 ./Drivers/STM32G0xx_HAL_Driver/Src/stm32g0xx_hal_uart_ex.o
                0x0800610c                HAL_UARTEx_RxFifoFullCallback
 .text.HAL_UARTEx_TxFifoEmptyCallback
                0x08006110        0x4 ./Drivers/STM32G0xx_HAL_Driver/Src/stm32g0xx_hal_uart_ex.o
                0x08006110                HAL_UARTEx_TxFifoEmptyCallback
 .text.memset   0x08006114       0x10 C:/ST/STM32CubeIDE_1.16.1/STM32CubeIDE/plugins/com.st.stm32cube.ide.mcu.externaltools.gnu-tools-for-stm32.12.3.rel1.win32_1.1.0.202410251130/tools/bin/../lib/gcc/arm-none-eabi/12.3.1/../../../../arm-none-eabi/lib/thumb/v6-m/nofp\libc_nano.a(libc_a-memset.o)
                0x08006114                memset
 .text.__libc_init_array
                0x08006124       0x48 C:/ST/STM32CubeIDE_1.16.1/STM32CubeIDE/plugins/com.st.stm32cube.ide.mcu.externaltools.gnu-tools-for-stm32.12.3.rel1.win32_1.1.0.202410251130/tools/bin/../lib/gcc/arm-none-eabi/12.3.1/../../../../arm-none-eabi/lib/thumb/v6-m/nofp\libc_nano.a(libc_a-init.o)
                0x08006124                __libc_init_array
 *(.glue_7)
 .glue_7        0x0800616c        0x0 linker stubs
 *(.glue_7t)
 .glue_7t       0x0800616c        0x0 linker stubs
 *(.eh_frame)
 .eh_frame      0x0800616c        0x0 C:/ST/STM32CubeIDE_1.16.1/STM32CubeIDE/plugins/com.st.stm32cube.ide.mcu.externaltools.gnu-tools-for-stm32.12.3.rel1.win32_1.1.0.202410251130/tools/bin/../lib/gcc/arm-none-eabi/12.3.1/thumb/v6-m/nofp/crtbegin.o
 *(.init)
 .init          0x0800616c        0x4 C:/ST/STM32CubeIDE_1.16.1/STM32CubeIDE/plugins/com.st.stm32cube.ide.mcu.externaltools.gnu-tools-for-stm32.12.3.rel1.win32_1.1.0.202410251130/tools/bin/../lib/gcc/arm-none-eabi/12.3.1/thumb/v6-m/nofp/crti.o
                0x0800616c                _init
 .init          0x08006170        0x8 C:/ST/STM32CubeIDE_1.16.1/STM32CubeIDE/plugins/com.st.stm32cube.ide.mcu.externaltools.gnu-tools-for-stm32.12.3.rel1.win32_1.1.0.202410251130/tools/bin/../lib/gcc/arm-none-eabi/12.3.1/thumb/v6-m/nofp/crtn.o
 *(.fini)
 .fini          0x08006178        0x4 C:/ST/STM32CubeIDE_1.16.1/STM32CubeIDE/plugins/com.st.stm32cube.ide.mcu.externaltools.gnu-tools-for-stm32.12.3.rel1.win32_1.1.0.202410251130/tools/bin/../lib/gcc/arm-none-eabi/12.3.1/thumb/v6-m/nofp/crti.o
                0x08006178                _fini
 .fini          0x0800617c        0x8 C:/ST/STM32CubeIDE_1.16.1/STM32CubeIDE/plugins/com.st.stm32cube.ide.mcu.externaltools.gnu-tools-for-stm32.12.3.rel1.win32_1.1.0.202410251130/tools/bin/../lib/gcc/arm-none-eabi/12.3.1/thumb/v6-m/nofp/crtn.o
                0x08006184                        . = ALIGN (0x4)
                0x08006184                        _etext = .

.vfp11_veneer   0x08006184        0x0
 .vfp11_veneer  0x08006184        0x0 linker stubs

.v4_bx          0x08006184        0x0
 .v4_bx         0x08006184        0x0 linker stubs

.iplt           0x08006184        0x0
 .iplt          0x08006184        0x0 C:/ST/STM32CubeIDE_1.16.1/STM32CubeIDE/plugins/com.st.stm32cube.ide.mcu.externaltools.gnu-tools-for-stm32.12.3.rel1.win32_1.1.0.202410251130/tools/bin/../lib/gcc/arm-none-eabi/12.3.1/thumb/v6-m/nofp/crtbegin.o

.rodata         0x08006184      0xb38
                0x08006184                        . = ALIGN (0x4)
 *(.rodata)
 *(.rodata*)
 .rodata.num_ADC_conversions
                0x08006184        0x1 ./Core/Src/system.o
                0x08006184                num_ADC_conversions
 *fill*         0x08006185        0x3 
 .rodata.TIM16_prescaler_divisors
                0x08006188        0xc ./Core/Src/system.o
                0x08006188                TIM16_prescaler_divisors
 .rodata.tri_wavetable
                0x08006194      0x400 ./Core/Src/system.o
                0x08006194                tri_wavetable
 .rodata.sine_wavetable
                0x08006594      0x400 ./Core/Src/system.o
                0x08006594                sine_wavetable
 .rodata.APBPrescTable
                0x08006994       0x20 ./Core/Src/system_stm32g0xx.o
                0x08006994                APBPrescTable
 .rodata.AHBPrescTable
                0x080069b4       0x40 ./Core/Src/system_stm32g0xx.o
                0x080069b4                AHBPrescTable
 .rodata.HAL_ADC_RegisterCallback
                0x080069f4       0x2c ./Drivers/STM32G0xx_HAL_Driver/Src/stm32g0xx_hal_adc.o
 .rodata.HAL_TIM_OC_Start_IT
                0x08006a20       0x44 ./Drivers/STM32G0xx_HAL_Driver/Src/stm32g0xx_hal_tim.o
 .rodata.HAL_TIM_PWM_Start
                0x08006a64       0x44 ./Drivers/STM32G0xx_HAL_Driver/Src/stm32g0xx_hal_tim.o
 .rodata.HAL_TIM_IC_Start_IT
                0x08006aa8       0x78 ./Drivers/STM32G0xx_HAL_Driver/Src/stm32g0xx_hal_tim.o
 .rodata.HAL_TIM_OC_ConfigChannel
                0x08006b20       0x54 ./Drivers/STM32G0xx_HAL_Driver/Src/stm32g0xx_hal_tim.o
 .rodata.HAL_TIM_PWM_ConfigChannel
                0x08006b74       0x54 ./Drivers/STM32G0xx_HAL_Driver/Src/stm32g0xx_hal_tim.o
 .rodata.HAL_TIM_RegisterCallback
                0x08006bc8       0xa8 ./Drivers/STM32G0xx_HAL_Driver/Src/stm32g0xx_hal_tim.o
 .rodata.HAL_UART_RegisterCallback
                0x08006c70       0x34 ./Drivers/STM32G0xx_HAL_Driver/Src/stm32g0xx_hal_uart.o
 .rodata.UARTPrescTable
                0x08006ca4       0x18 ./Drivers/STM32G0xx_HAL_Driver/Src/stm32g0xx_hal_uart.o
                0x08006ca4                UARTPrescTable
                0x08006cbc                        . = ALIGN (0x4)

.ARM.extab      0x08006cbc        0x0
                0x08006cbc                        . = ALIGN (0x4)
 *(.ARM.extab* .gnu.linkonce.armextab.*)
                0x08006cbc                        . = ALIGN (0x4)

.ARM            0x08006cbc        0x8
                0x08006cbc                        . = ALIGN (0x4)
                0x08006cbc                        __exidx_start = .
 *(.ARM.exidx*)
 .ARM.exidx     0x08006cbc        0x8 C:/ST/STM32CubeIDE_1.16.1/STM32CubeIDE/plugins/com.st.stm32cube.ide.mcu.externaltools.gnu-tools-for-stm32.12.3.rel1.win32_1.1.0.202410251130/tools/bin/../lib/gcc/arm-none-eabi/12.3.1/thumb/v6-m/nofp\libgcc.a(_udivmoddi4.o)
                0x08006cc4                        __exidx_end = .
                0x08006cc4                        . = ALIGN (0x4)

.preinit_array  0x08006cc4        0x0
                0x08006cc4                        . = ALIGN (0x4)
                0x08006cc4                        PROVIDE (__preinit_array_start = .)
 *(.preinit_array*)
                0x08006cc4                        PROVIDE (__preinit_array_end = .)
                0x08006cc4                        . = ALIGN (0x4)

.init_array     0x08006cc4        0x4
                0x08006cc4                        . = ALIGN (0x4)
                0x08006cc4                        PROVIDE (__init_array_start = .)
 *(SORT_BY_NAME(.init_array.*))
 *(.init_array*)
 .init_array    0x08006cc4        0x4 C:/ST/STM32CubeIDE_1.16.1/STM32CubeIDE/plugins/com.st.stm32cube.ide.mcu.externaltools.gnu-tools-for-stm32.12.3.rel1.win32_1.1.0.202410251130/tools/bin/../lib/gcc/arm-none-eabi/12.3.1/thumb/v6-m/nofp/crtbegin.o
                0x08006cc8                        PROVIDE (__init_array_end = .)
                0x08006cc8                        . = ALIGN (0x4)

.fini_array     0x08006cc8        0x4
                0x08006cc8                        . = ALIGN (0x4)
                [!provide]                        PROVIDE (__fini_array_start = .)
 *(SORT_BY_NAME(.fini_array.*))
 *(.fini_array*)
 .fini_array    0x08006cc8        0x4 C:/ST/STM32CubeIDE_1.16.1/STM32CubeIDE/plugins/com.st.stm32cube.ide.mcu.externaltools.gnu-tools-for-stm32.12.3.rel1.win32_1.1.0.202410251130/tools/bin/../lib/gcc/arm-none-eabi/12.3.1/thumb/v6-m/nofp/crtbegin.o
                [!provide]                        PROVIDE (__fini_array_end = .)
                0x08006ccc                        . = ALIGN (0x4)
                0x08006ccc                        _sidata = LOADADDR (.data)

.rel.dyn        0x08006ccc        0x0
 .rel.iplt      0x08006ccc        0x0 C:/ST/STM32CubeIDE_1.16.1/STM32CubeIDE/plugins/com.st.stm32cube.ide.mcu.externaltools.gnu-tools-for-stm32.12.3.rel1.win32_1.1.0.202410251130/tools/bin/../lib/gcc/arm-none-eabi/12.3.1/thumb/v6-m/nofp/crtbegin.o

.data           0x20000000       0x14 load address 0x08006ccc
                0x20000000                        . = ALIGN (0x4)
                0x20000000                        _sdata = .
 *(.data)
 *(.data*)
 .data.UART_DMA_TX_is_complete
                0x20000000        0x1 ./Core/Src/system.o
                0x20000000                UART_DMA_TX_is_complete
 *fill*         0x20000001        0x1 
 .data.duty_delay_line_finish_offset
                0x20000002        0x2 ./Core/Src/system.o
                0x20000002                duty_delay_line_finish_offset
 .data.duty_delay_line_start_offset
                0x20000004        0x2 ./Core/Src/system.o
                0x20000004                duty_delay_line_start_offset
 *fill*         0x20000006        0x2 
 .data.SystemCoreClock
                0x20000008        0x4 ./Core/Src/system_stm32g0xx.o
                0x20000008                SystemCoreClock
 .data.uwTickFreq
                0x2000000c        0x1 ./Drivers/STM32G0xx_HAL_Driver/Src/stm32g0xx_hal.o
                0x2000000c                uwTickFreq
 *fill*         0x2000000d        0x3 
 .data.uwTickPrio
                0x20000010        0x4 ./Drivers/STM32G0xx_HAL_Driver/Src/stm32g0xx_hal.o
                0x20000010                uwTickPrio
 *(.RamFunc)
 *(.RamFunc*)
                0x20000014                        . = ALIGN (0x4)
                0x20000014                        _edata = .

.igot.plt       0x20000014        0x0 load address 0x08006ce0
 .igot.plt      0x20000014        0x0 C:/ST/STM32CubeIDE_1.16.1/STM32CubeIDE/plugins/com.st.stm32cube.ide.mcu.externaltools.gnu-tools-for-stm32.12.3.rel1.win32_1.1.0.202410251130/tools/bin/../lib/gcc/arm-none-eabi/12.3.1/thumb/v6-m/nofp/crtbegin.o
                0x20000014                        . = ALIGN (0x4)

.bss            0x20000014      0xa90 load address 0x08006ce0
                0x20000014                        _sbss = .
                0x20000014                        __bss_start__ = _sbss
 *(.bss)
 .bss           0x20000014       0x1c C:/ST/STM32CubeIDE_1.16.1/STM32CubeIDE/plugins/com.st.stm32cube.ide.mcu.externaltools.gnu-tools-for-stm32.12.3.rel1.win32_1.1.0.202410251130/tools/bin/../lib/gcc/arm-none-eabi/12.3.1/thumb/v6-m/nofp/crtbegin.o
 *(.bss*)
 .bss.hdma_usart2_tx
                0x20000030       0x5c ./Core/Src/config.o
                0x20000030                hdma_usart2_tx
 .bss.hdma_usart2_rx
                0x2000008c       0x5c ./Core/Src/config.o
                0x2000008c                hdma_usart2_rx
 .bss.huart2    0x200000e8       0xcc ./Core/Src/config.o
                0x200000e8                huart2
 .bss.htim17    0x200001b4       0xbc ./Core/Src/config.o
                0x200001b4                htim17
 .bss.htim1     0x20000270       0xbc ./Core/Src/config.o
                0x20000270                htim1
 .bss.htim3     0x2000032c       0xbc ./Core/Src/config.o
                0x2000032c                htim3
 .bss.htim2     0x200003e8       0xbc ./Core/Src/config.o
                0x200003e8                htim2
 .bss.htim16    0x200004a4       0xbc ./Core/Src/config.o
                0x200004a4                htim16
 .bss.hdma_adc1
                0x20000560       0x5c ./Core/Src/config.o
                0x20000560                hdma_adc1
 .bss.hadc1     0x200005bc       0x88 ./Core/Src/config.o
                0x200005bc                hadc1
 .bss.rx_buffer
                0x20000644        0x1 ./Core/Src/main.o
                0x20000644                rx_buffer
 *fill*         0x20000645        0x1 
 .bss.second_speed_measurement.0
                0x20000646        0x2 ./Core/Src/system.o
 .bss.first_speed_measurement.1
                0x20000648        0x2 ./Core/Src/system.o
 .bss.speed_pot_adc_measurement_num
                0x2000064a        0x1 ./Core/Src/system.o
                0x2000064a                speed_pot_adc_measurement_num
 .bss.tap_tempo_mode_is_active
                0x2000064b        0x1 ./Core/Src/system.o
                0x2000064b                tap_tempo_mode_is_active
 .bss.TAP_TEMPO_EXTI4_15_IRQ_is_disabled
                0x2000064c        0x1 ./Core/Src/system.o
                0x2000064c                TAP_TEMPO_EXTI4_15_IRQ_is_disabled
 *fill*         0x2000064d        0x1 
 .bss.duty_delayed
                0x2000064e        0x2 ./Core/Src/system.o
                0x2000064e                duty_delayed
 .bss.duty_delay_line_read_pointer_offset
                0x20000650        0x2 ./Core/Src/system.o
                0x20000650                duty_delay_line_read_pointer_offset
 *fill*         0x20000652        0x2 
 .bss.duty_delay_line_storage_array
                0x20000654      0x402 ./Core/Src/system.o
                0x20000654                duty_delay_line_storage_array
 .bss.current_depth_to_be_loaded
                0x20000a56        0x2 ./Core/Src/system.o
                0x20000a56                current_depth_to_be_loaded
 .bss.current_index_to_be_loaded
                0x20000a58        0x2 ./Core/Src/system.o
                0x20000a58                current_index_to_be_loaded
 .bss.current_quadrant_to_be_loaded
                0x20000a5a        0x1 ./Core/Src/system.o
                0x20000a5a                current_quadrant_to_be_loaded
 .bss.current_halfcycle_to_be_loaded
                0x20000a5b        0x1 ./Core/Src/system.o
                0x20000a5b                current_halfcycle_to_be_loaded
 .bss.TIM16_prescaler_divisors_final_index_to_be_loaded
                0x20000a5c        0x1 ./Core/Src/system.o
                0x20000a5c                TIM16_prescaler_divisors_final_index_to_be_loaded
 *fill*         0x20000a5d        0x1 
 .bss.duty_to_be_loaded
                0x20000a5e        0x2 ./Core/Src/system.o
                0x20000a5e                duty_to_be_loaded
 .bss.TIM16_base_prescaler_divisors_index_to_be_loaded
                0x20000a60        0x1 ./Core/Src/system.o
                0x20000a60                TIM16_base_prescaler_divisors_index_to_be_loaded
 *fill*         0x20000a61        0x1 
 .bss.TIM16_final_start_value_to_be_loaded
                0x20000a62        0x2 ./Core/Src/system.o
                0x20000a62                TIM16_final_start_value_to_be_loaded
 .bss.TIM16_raw_start_value_to_be_loaded
                0x20000a64        0x2 ./Core/Src/system.o
                0x20000a64                TIM16_raw_start_value_to_be_loaded
 .bss.TIM16_prescaler_adjust_to_be_loaded
                0x20000a66        0x1 ./Core/Src/system.o
                0x20000a66                TIM16_prescaler_adjust_to_be_loaded
 *fill*         0x20000a67        0x1 
 .bss.interrupt_period
                0x20000a68        0x2 ./Core/Src/system.o
                0x20000a68                interrupt_period
 .bss.input_capture_measurement_reelapse_is_ongoing
                0x20000a6a        0x1 ./Core/Src/system.o
                0x20000a6a                input_capture_measurement_reelapse_is_ongoing
 .bss.speed_pot_is_disabled
                0x20000a6b        0x1 ./Core/Src/system.o
                0x20000a6b                speed_pot_is_disabled
 .bss.input_capture_measurement_is_ongoing
                0x20000a6c        0x1 ./Core/Src/system.o
                0x20000a6c                input_capture_measurement_is_ongoing
 *fill*         0x20000a6d        0x3 
 .bss.TIM2_ch1_input_capture_value
                0x20000a70        0x4 ./Core/Src/system.o
                0x20000a70                TIM2_ch1_input_capture_value
 .bss.input_capture_event
                0x20000a74        0x1 ./Core/Src/system.o
                0x20000a74                input_capture_event
 *fill*         0x20000a75        0x1 
 .bss.prev_duty
                0x20000a76        0x2 ./Core/Src/system.o
                0x20000a76                prev_duty
 .bss.TIM16_final_start_value_locked
                0x20000a78        0x2 ./Core/Src/system.o
                0x20000a78                TIM16_final_start_value_locked
 .bss.TIM16_callback_active
                0x20000a7a        0x1 ./Core/Src/system.o
                0x20000a7a                TIM16_callback_active
 .bss.initial_ADC_conversion_complete
                0x20000a7b        0x1 ./Core/Src/system.o
                0x20000a7b                initial_ADC_conversion_complete
 .bss.ADCResultsDMA
                0x20000a7c        0x8 ./Core/Src/system.o
                0x20000a7c                ADCResultsDMA
 .bss.TIM16_prescaler_divisors_final_index_locked
                0x20000a84        0x1 ./Core/Src/system.o
                0x20000a84                TIM16_prescaler_divisors_final_index_locked
 .bss.TIM16_prescaler_divisors_final_index
                0x20000a85        0x1 ./Core/Src/system.o
                0x20000a85                TIM16_prescaler_divisors_final_index
 .bss.duty      0x20000a86        0x2 ./Core/Src/system.o
                0x20000a86                duty
 .bss.TIM16_base_prescaler_divisors_index
                0x20000a88        0x1 ./Core/Src/system.o
                0x20000a88                TIM16_base_prescaler_divisors_index
 *fill*         0x20000a89        0x1 
 .bss.TIM16_raw_start_value
                0x20000a8a        0x2 ./Core/Src/system.o
                0x20000a8a                TIM16_raw_start_value
 .bss.TIM16_prescaler_adjust
                0x20000a8c        0x1 ./Core/Src/system.o
                0x20000a8c                TIM16_prescaler_adjust
 *fill*         0x20000a8d        0x1 
 .bss.TIM16_final_start_value
                0x20000a8e        0x2 ./Core/Src/system.o
                0x20000a8e                TIM16_final_start_value
 .bss.current_quadrant
                0x20000a90        0x1 ./Core/Src/system.o
                0x20000a90                current_quadrant
 .bss.current_halfcycle
                0x20000a91        0x1 ./Core/Src/system.o
                0x20000a91                current_halfcycle
 .bss.current_index
                0x20000a92        0x2 ./Core/Src/system.o
                0x20000a92                current_index
 .bss.current_symmetry
                0x20000a94        0x4 ./Core/Src/system.o
                0x20000a94                current_symmetry
 .bss.current_depth
                0x20000a98        0x2 ./Core/Src/system.o
                0x20000a98                current_depth
 .bss.current_speed
                0x20000a9a        0x2 ./Core/Src/system.o
                0x20000a9a                current_speed
 .bss.current_waveshape
                0x20000a9c        0x1 ./Core/Src/system.o
                0x20000a9c                current_waveshape
 *fill*         0x20000a9d        0x3 
 .bss.uwTick    0x20000aa0        0x4 ./Drivers/STM32G0xx_HAL_Driver/Src/stm32g0xx_hal.o
                0x20000aa0                uwTick
 *(COMMON)
                0x20000aa4                        . = ALIGN (0x4)
                0x20000aa4                        _ebss = .
                0x20000aa4                        __bss_end__ = _ebss

._user_heap_stack
                0x20000aa4      0x604 load address 0x08006ce0
                0x20000aa8                        . = ALIGN (0x8)
 *fill*         0x20000aa4        0x4 
                [!provide]                        PROVIDE (end = .)
                0x20000aa8                        PROVIDE (_end = .)
                0x20000ca8                        . = (. + _Min_Heap_Size)
 *fill*         0x20000aa8      0x200 
                0x200010a8                        . = (. + _Min_Stack_Size)
 *fill*         0x20000ca8      0x400 
                0x200010a8                        . = ALIGN (0x8)

/DISCARD/
 libc.a(*)
 libm.a(*)
 libgcc.a(*)

.ARM.attributes
                0x00000000       0x28
 *(.ARM.attributes)
 .ARM.attributes
                0x00000000       0x1e C:/ST/STM32CubeIDE_1.16.1/STM32CubeIDE/plugins/com.st.stm32cube.ide.mcu.externaltools.gnu-tools-for-stm32.12.3.rel1.win32_1.1.0.202410251130/tools/bin/../lib/gcc/arm-none-eabi/12.3.1/thumb/v6-m/nofp/crti.o
 .ARM.attributes
                0x0000001e       0x2c C:/ST/STM32CubeIDE_1.16.1/STM32CubeIDE/plugins/com.st.stm32cube.ide.mcu.externaltools.gnu-tools-for-stm32.12.3.rel1.win32_1.1.0.202410251130/tools/bin/../lib/gcc/arm-none-eabi/12.3.1/thumb/v6-m/nofp/crtbegin.o
 .ARM.attributes
                0x0000004a       0x28 ./Core/Src/config.o
 .ARM.attributes
                0x00000072       0x28 ./Core/Src/custom_callbacks.o
 .ARM.attributes
                0x0000009a       0x28 ./Core/Src/main.o
 .ARM.attributes
                0x000000c2       0x28 ./Core/Src/stm32g0xx_hal_msp.o
 .ARM.attributes
                0x000000ea       0x28 ./Core/Src/stm32g0xx_it.o
 .ARM.attributes
                0x00000112       0x28 ./Core/Src/system.o
 .ARM.attributes
                0x0000013a       0x28 ./Core/Src/system_stm32g0xx.o
 .ARM.attributes
                0x00000162       0x22 ./Core/Startup/startup_stm32g031k8tx.o
 .ARM.attributes
                0x00000184       0x28 ./Drivers/STM32G0xx_HAL_Driver/Src/stm32g0xx_hal.o
 .ARM.attributes
                0x000001ac       0x28 ./Drivers/STM32G0xx_HAL_Driver/Src/stm32g0xx_hal_adc.o
 .ARM.attributes
                0x000001d4       0x28 ./Drivers/STM32G0xx_HAL_Driver/Src/stm32g0xx_hal_adc_ex.o
 .ARM.attributes
                0x000001fc       0x28 ./Drivers/STM32G0xx_HAL_Driver/Src/stm32g0xx_hal_cortex.o
 .ARM.attributes
                0x00000224       0x28 ./Drivers/STM32G0xx_HAL_Driver/Src/stm32g0xx_hal_dma.o
 .ARM.attributes
                0x0000024c       0x28 ./Drivers/STM32G0xx_HAL_Driver/Src/stm32g0xx_hal_gpio.o
 .ARM.attributes
                0x00000274       0x28 ./Drivers/STM32G0xx_HAL_Driver/Src/stm32g0xx_hal_pwr_ex.o
 .ARM.attributes
                0x0000029c       0x28 ./Drivers/STM32G0xx_HAL_Driver/Src/stm32g0xx_hal_rcc.o
 .ARM.attributes
                0x000002c4       0x28 ./Drivers/STM32G0xx_HAL_Driver/Src/stm32g0xx_hal_rcc_ex.o
 .ARM.attributes
                0x000002ec       0x28 ./Drivers/STM32G0xx_HAL_Driver/Src/stm32g0xx_hal_tim.o
 .ARM.attributes
                0x00000314       0x28 ./Drivers/STM32G0xx_HAL_Driver/Src/stm32g0xx_hal_tim_ex.o
 .ARM.attributes
                0x0000033c       0x28 ./Drivers/STM32G0xx_HAL_Driver/Src/stm32g0xx_hal_uart.o
 .ARM.attributes
                0x00000364       0x28 ./Drivers/STM32G0xx_HAL_Driver/Src/stm32g0xx_hal_uart_ex.o
 .ARM.attributes
                0x0000038c       0x2c C:/ST/STM32CubeIDE_1.16.1/STM32CubeIDE/plugins/com.st.stm32cube.ide.mcu.externaltools.gnu-tools-for-stm32.12.3.rel1.win32_1.1.0.202410251130/tools/bin/../lib/gcc/arm-none-eabi/12.3.1/../../../../arm-none-eabi/lib/thumb/v6-m/nofp\libc_nano.a(libc_a-memset.o)
 .ARM.attributes
                0x000003b8       0x2c C:/ST/STM32CubeIDE_1.16.1/STM32CubeIDE/plugins/com.st.stm32cube.ide.mcu.externaltools.gnu-tools-for-stm32.12.3.rel1.win32_1.1.0.202410251130/tools/bin/../lib/gcc/arm-none-eabi/12.3.1/../../../../arm-none-eabi/lib/thumb/v6-m/nofp\libc_nano.a(libc_a-init.o)
 .ARM.attributes
                0x000003e4       0x1e C:/ST/STM32CubeIDE_1.16.1/STM32CubeIDE/plugins/com.st.stm32cube.ide.mcu.externaltools.gnu-tools-for-stm32.12.3.rel1.win32_1.1.0.202410251130/tools/bin/../lib/gcc/arm-none-eabi/12.3.1/thumb/v6-m/nofp\libgcc.a(_udivsi3.o)
 .ARM.attributes
                0x00000402       0x1e C:/ST/STM32CubeIDE_1.16.1/STM32CubeIDE/plugins/com.st.stm32cube.ide.mcu.externaltools.gnu-tools-for-stm32.12.3.rel1.win32_1.1.0.202410251130/tools/bin/../lib/gcc/arm-none-eabi/12.3.1/thumb/v6-m/nofp\libgcc.a(_dvmd_tls.o)
 .ARM.attributes
                0x00000420       0x1e C:/ST/STM32CubeIDE_1.16.1/STM32CubeIDE/plugins/com.st.stm32cube.ide.mcu.externaltools.gnu-tools-for-stm32.12.3.rel1.win32_1.1.0.202410251130/tools/bin/../lib/gcc/arm-none-eabi/12.3.1/thumb/v6-m/nofp\libgcc.a(_aeabi_uldivmod.o)
 .ARM.attributes
                0x0000043e       0x2c C:/ST/STM32CubeIDE_1.16.1/STM32CubeIDE/plugins/com.st.stm32cube.ide.mcu.externaltools.gnu-tools-for-stm32.12.3.rel1.win32_1.1.0.202410251130/tools/bin/../lib/gcc/arm-none-eabi/12.3.1/thumb/v6-m/nofp\libgcc.a(_udivmoddi4.o)
 .ARM.attributes
                0x0000046a       0x1e C:/ST/STM32CubeIDE_1.16.1/STM32CubeIDE/plugins/com.st.stm32cube.ide.mcu.externaltools.gnu-tools-for-stm32.12.3.rel1.win32_1.1.0.202410251130/tools/bin/../lib/gcc/arm-none-eabi/12.3.1/thumb/v6-m/nofp\libgcc.a(_clzdi2.o)
 .ARM.attributes
                0x00000488       0x1e C:/ST/STM32CubeIDE_1.16.1/STM32CubeIDE/plugins/com.st.stm32cube.ide.mcu.externaltools.gnu-tools-for-stm32.12.3.rel1.win32_1.1.0.202410251130/tools/bin/../lib/gcc/arm-none-eabi/12.3.1/thumb/v6-m/nofp\libgcc.a(_clzsi2.o)
 .ARM.attributes
                0x000004a6       0x1e C:/ST/STM32CubeIDE_1.16.1/STM32CubeIDE/plugins/com.st.stm32cube.ide.mcu.externaltools.gnu-tools-for-stm32.12.3.rel1.win32_1.1.0.202410251130/tools/bin/../lib/gcc/arm-none-eabi/12.3.1/thumb/v6-m/nofp/crtn.o
OUTPUT(g031k8.elf elf32-littlearm)
LOAD linker stubs
LOAD C:/ST/STM32CubeIDE_1.16.1/STM32CubeIDE/plugins/com.st.stm32cube.ide.mcu.externaltools.gnu-tools-for-stm32.12.3.rel1.win32_1.1.0.202410251130/tools/bin/../lib/gcc/arm-none-eabi/12.3.1/../../../../arm-none-eabi/lib/thumb/v6-m/nofp\libc.a
LOAD C:/ST/STM32CubeIDE_1.16.1/STM32CubeIDE/plugins/com.st.stm32cube.ide.mcu.externaltools.gnu-tools-for-stm32.12.3.rel1.win32_1.1.0.202410251130/tools/bin/../lib/gcc/arm-none-eabi/12.3.1/../../../../arm-none-eabi/lib/thumb/v6-m/nofp\libm.a
LOAD C:/ST/STM32CubeIDE_1.16.1/STM32CubeIDE/plugins/com.st.stm32cube.ide.mcu.externaltools.gnu-tools-for-stm32.12.3.rel1.win32_1.1.0.202410251130/tools/bin/../lib/gcc/arm-none-eabi/12.3.1/thumb/v6-m/nofp\libgcc.a

.debug_info     0x00000000    0x22803
 .debug_info    0x00000000     0x3143 ./Core/Src/config.o
 .debug_info    0x00003143     0x1de8 ./Core/Src/custom_callbacks.o
 .debug_info    0x00004f2b      0xf0a ./Core/Src/main.o
 .debug_info    0x00005e35     0x1c3d ./Core/Src/stm32g0xx_hal_msp.o
 .debug_info    0x00007a72      0xf69 ./Core/Src/stm32g0xx_it.o
 .debug_info    0x000089db     0x1ba6 ./Core/Src/system.o
 .debug_info    0x0000a581      0x34e ./Core/Src/system_stm32g0xx.o
 .debug_info    0x0000a8cf       0x30 ./Core/Startup/startup_stm32g031k8tx.o
 .debug_info    0x0000a8ff      0xb3c ./Drivers/STM32G0xx_HAL_Driver/Src/stm32g0xx_hal.o
 .debug_info    0x0000b43b     0x23a8 ./Drivers/STM32G0xx_HAL_Driver/Src/stm32g0xx_hal_adc.o
 .debug_info    0x0000d7e3      0xd8e ./Drivers/STM32G0xx_HAL_Driver/Src/stm32g0xx_hal_adc_ex.o
 .debug_info    0x0000e571      0xa40 ./Drivers/STM32G0xx_HAL_Driver/Src/stm32g0xx_hal_cortex.o
 .debug_info    0x0000efb1      0xab0 ./Drivers/STM32G0xx_HAL_Driver/Src/stm32g0xx_hal_dma.o
 .debug_info    0x0000fa61      0x5ef ./Drivers/STM32G0xx_HAL_Driver/Src/stm32g0xx_hal_gpio.o
 .debug_info    0x00010050      0x7ef ./Drivers/STM32G0xx_HAL_Driver/Src/stm32g0xx_hal_pwr_ex.o
 .debug_info    0x0001083f      0xdc8 ./Drivers/STM32G0xx_HAL_Driver/Src/stm32g0xx_hal_rcc.o
 .debug_info    0x00011607      0x854 ./Drivers/STM32G0xx_HAL_Driver/Src/stm32g0xx_hal_rcc_ex.o
 .debug_info    0x00011e5b     0x5491 ./Drivers/STM32G0xx_HAL_Driver/Src/stm32g0xx_hal_tim.o
 .debug_info    0x000172ec     0x2151 ./Drivers/STM32G0xx_HAL_Driver/Src/stm32g0xx_hal_tim_ex.o
 .debug_info    0x0001943d     0x7f18 ./Drivers/STM32G0xx_HAL_Driver/Src/stm32g0xx_hal_uart.o
 .debug_info    0x00021355     0x14ae ./Drivers/STM32G0xx_HAL_Driver/Src/stm32g0xx_hal_uart_ex.o

.debug_abbrev   0x00000000     0x3d7e
 .debug_abbrev  0x00000000      0x368 ./Core/Src/config.o
 .debug_abbrev  0x00000368      0x346 ./Core/Src/custom_callbacks.o
 .debug_abbrev  0x000006ae      0x23f ./Core/Src/main.o
 .debug_abbrev  0x000008ed      0x2ae ./Core/Src/stm32g0xx_hal_msp.o
 .debug_abbrev  0x00000b9b      0x220 ./Core/Src/stm32g0xx_it.o
 .debug_abbrev  0x00000dbb      0x44b ./Core/Src/system.o
 .debug_abbrev  0x00001206      0x148 ./Core/Src/system_stm32g0xx.o
 .debug_abbrev  0x0000134e       0x24 ./Core/Startup/startup_stm32g031k8tx.o
 .debug_abbrev  0x00001372      0x341 ./Drivers/STM32G0xx_HAL_Driver/Src/stm32g0xx_hal.o
 .debug_abbrev  0x000016b3      0x370 ./Drivers/STM32G0xx_HAL_Driver/Src/stm32g0xx_hal_adc.o
 .debug_abbrev  0x00001a23      0x30f ./Drivers/STM32G0xx_HAL_Driver/Src/stm32g0xx_hal_adc_ex.o
 .debug_abbrev  0x00001d32      0x2dc ./Drivers/STM32G0xx_HAL_Driver/Src/stm32g0xx_hal_cortex.o
 .debug_abbrev  0x0000200e      0x28a ./Drivers/STM32G0xx_HAL_Driver/Src/stm32g0xx_hal_dma.o
 .debug_abbrev  0x00002298      0x26c ./Drivers/STM32G0xx_HAL_Driver/Src/stm32g0xx_hal_gpio.o
 .debug_abbrev  0x00002504      0x28a ./Drivers/STM32G0xx_HAL_Driver/Src/stm32g0xx_hal_pwr_ex.o
 .debug_abbrev  0x0000278e      0x36b ./Drivers/STM32G0xx_HAL_Driver/Src/stm32g0xx_hal_rcc.o
 .debug_abbrev  0x00002af9      0x296 ./Drivers/STM32G0xx_HAL_Driver/Src/stm32g0xx_hal_rcc_ex.o
 .debug_abbrev  0x00002d8f      0x3e7 ./Drivers/STM32G0xx_HAL_Driver/Src/stm32g0xx_hal_tim.o
 .debug_abbrev  0x00003176      0x3f8 ./Drivers/STM32G0xx_HAL_Driver/Src/stm32g0xx_hal_tim_ex.o
 .debug_abbrev  0x0000356e      0x4a2 ./Drivers/STM32G0xx_HAL_Driver/Src/stm32g0xx_hal_uart.o
 .debug_abbrev  0x00003a10      0x36e ./Drivers/STM32G0xx_HAL_Driver/Src/stm32g0xx_hal_uart_ex.o

.debug_aranges  0x00000000     0x10a0
 .debug_aranges
                0x00000000       0x80 ./Core/Src/config.o
 .debug_aranges
                0x00000080       0x68 ./Core/Src/custom_callbacks.o
 .debug_aranges
                0x000000e8       0x20 ./Core/Src/main.o
 .debug_aranges
                0x00000108       0x58 ./Core/Src/stm32g0xx_hal_msp.o
 .debug_aranges
                0x00000160       0x80 ./Core/Src/stm32g0xx_it.o
 .debug_aranges
                0x000001e0       0x88 ./Core/Src/system.o
 .debug_aranges
                0x00000268       0x28 ./Core/Src/system_stm32g0xx.o
 .debug_aranges
                0x00000290       0x28 ./Core/Startup/startup_stm32g031k8tx.o
 .debug_aranges
                0x000002b8      0x128 ./Drivers/STM32G0xx_HAL_Driver/Src/stm32g0xx_hal.o
 .debug_aranges
                0x000003e0      0x108 ./Drivers/STM32G0xx_HAL_Driver/Src/stm32g0xx_hal_adc.o
 .debug_aranges
                0x000004e8       0x58 ./Drivers/STM32G0xx_HAL_Driver/Src/stm32g0xx_hal_adc_ex.o
 .debug_aranges
                0x00000540       0xa0 ./Drivers/STM32G0xx_HAL_Driver/Src/stm32g0xx_hal_cortex.o
 .debug_aranges
                0x000005e0       0x78 ./Drivers/STM32G0xx_HAL_Driver/Src/stm32g0xx_hal_dma.o
 .debug_aranges
                0x00000658       0x60 ./Drivers/STM32G0xx_HAL_Driver/Src/stm32g0xx_hal_gpio.o
 .debug_aranges
                0x000006b8       0xf0 ./Drivers/STM32G0xx_HAL_Driver/Src/stm32g0xx_hal_pwr_ex.o
 .debug_aranges
                0x000007a8       0x98 ./Drivers/STM32G0xx_HAL_Driver/Src/stm32g0xx_hal_rcc.o
 .debug_aranges
                0x00000840       0x40 ./Drivers/STM32G0xx_HAL_Driver/Src/stm32g0xx_hal_rcc_ex.o
 .debug_aranges
                0x00000880      0x398 ./Drivers/STM32G0xx_HAL_Driver/Src/stm32g0xx_hal_tim.o
 .debug_aranges
                0x00000c18      0x190 ./Drivers/STM32G0xx_HAL_Driver/Src/stm32g0xx_hal_tim_ex.o
 .debug_aranges
                0x00000da8      0x260 ./Drivers/STM32G0xx_HAL_Driver/Src/stm32g0xx_hal_uart.o
 .debug_aranges
                0x00001008       0x98 ./Drivers/STM32G0xx_HAL_Driver/Src/stm32g0xx_hal_uart_ex.o

.debug_rnglists
                0x00000000     0x1817
 .debug_rnglists
                0x00000000       0xca ./Core/Src/config.o
 .debug_rnglists
                0x000000ca       0x5c ./Core/Src/custom_callbacks.o
 .debug_rnglists
                0x00000126       0x13 ./Core/Src/main.o
 .debug_rnglists
                0x00000139      0x110 ./Core/Src/stm32g0xx_hal_msp.o
 .debug_rnglists
                0x00000249       0x5b ./Core/Src/stm32g0xx_it.o
 .debug_rnglists
                0x000002a4       0x99 ./Core/Src/system.o
 .debug_rnglists
                0x0000033d       0x1a ./Core/Src/system_stm32g0xx.o
 .debug_rnglists
                0x00000357       0x19 ./Core/Startup/startup_stm32g031k8tx.o
 .debug_rnglists
                0x00000370       0xd9 ./Drivers/STM32G0xx_HAL_Driver/Src/stm32g0xx_hal.o
 .debug_rnglists
                0x00000449      0x26b ./Drivers/STM32G0xx_HAL_Driver/Src/stm32g0xx_hal_adc.o
 .debug_rnglists
                0x000006b4       0xb9 ./Drivers/STM32G0xx_HAL_Driver/Src/stm32g0xx_hal_adc_ex.o
 .debug_rnglists
                0x0000076d       0x9d ./Drivers/STM32G0xx_HAL_Driver/Src/stm32g0xx_hal_cortex.o
 .debug_rnglists
                0x0000080a       0x9e ./Drivers/STM32G0xx_HAL_Driver/Src/stm32g0xx_hal_dma.o
 .debug_rnglists
                0x000008a8       0x45 ./Drivers/STM32G0xx_HAL_Driver/Src/stm32g0xx_hal_gpio.o
 .debug_rnglists
                0x000008ed       0xb0 ./Drivers/STM32G0xx_HAL_Driver/Src/stm32g0xx_hal_pwr_ex.o
 .debug_rnglists
                0x0000099d       0xb4 ./Drivers/STM32G0xx_HAL_Driver/Src/stm32g0xx_hal_rcc.o
 .debug_rnglists
                0x00000a51       0x71 ./Drivers/STM32G0xx_HAL_Driver/Src/stm32g0xx_hal_rcc_ex.o
 .debug_rnglists
                0x00000ac2      0x72a ./Drivers/STM32G0xx_HAL_Driver/Src/stm32g0xx_hal_tim.o
 .debug_rnglists
                0x000011ec      0x192 ./Drivers/STM32G0xx_HAL_Driver/Src/stm32g0xx_hal_tim_ex.o
 .debug_rnglists
                0x0000137e      0x3f0 ./Drivers/STM32G0xx_HAL_Driver/Src/stm32g0xx_hal_uart.o
 .debug_rnglists
                0x0000176e       0xa9 ./Drivers/STM32G0xx_HAL_Driver/Src/stm32g0xx_hal_uart_ex.o

.debug_macro    0x00000000    0x17e90
 .debug_macro   0x00000000      0x23d ./Core/Src/config.o
 .debug_macro   0x0000023d      0xaae ./Core/Src/config.o
 .debug_macro   0x00000ceb      0x129 ./Core/Src/config.o
 .debug_macro   0x00000e14       0x2e ./Core/Src/config.o
 .debug_macro   0x00000e42       0x28 ./Core/Src/config.o
 .debug_macro   0x00000e6a       0x22 ./Core/Src/config.o
 .debug_macro   0x00000e8c       0x8e ./Core/Src/config.o
 .debug_macro   0x00000f1a       0x51 ./Core/Src/config.o
 .debug_macro   0x00000f6b      0x103 ./Core/Src/config.o
 .debug_macro   0x0000106e       0x6a ./Core/Src/config.o
 .debug_macro   0x000010d8      0x1df ./Core/Src/config.o
 .debug_macro   0x000012b7       0x1c ./Core/Src/config.o
 .debug_macro   0x000012d3       0x22 ./Core/Src/config.o
 .debug_macro   0x000012f5       0xd1 ./Core/Src/config.o
 .debug_macro   0x000013c6      0x4da ./Core/Src/config.o
 .debug_macro   0x000018a0      0x11f ./Core/Src/config.o
 .debug_macro   0x000019bf     0xac2c ./Core/Src/config.o
 .debug_macro   0x0000c5eb       0x66 ./Core/Src/config.o
 .debug_macro   0x0000c651     0x350e ./Core/Src/config.o
 .debug_macro   0x0000fb5f      0x189 ./Core/Src/config.o
 .debug_macro   0x0000fce8       0x5c ./Core/Src/config.o
 .debug_macro   0x0000fd44      0x518 ./Core/Src/config.o
 .debug_macro   0x0001025c      0xf70 ./Core/Src/config.o
 .debug_macro   0x000111cc      0x1d8 ./Core/Src/config.o
 .debug_macro   0x000113a4      0x1cf ./Core/Src/config.o
 .debug_macro   0x00011573      0x122 ./Core/Src/config.o
 .debug_macro   0x00011695      0x390 ./Core/Src/config.o
 .debug_macro   0x00011a25      0x202 ./Core/Src/config.o
 .debug_macro   0x00011c27      0x2ff ./Core/Src/config.o
 .debug_macro   0x00011f26      0x1b2 ./Core/Src/config.o
 .debug_macro   0x000120d8       0x43 ./Core/Src/config.o
 .debug_macro   0x0001211b      0x1f1 ./Core/Src/config.o
 .debug_macro   0x0001230c      0x8a8 ./Core/Src/config.o
 .debug_macro   0x00012bb4      0x5bb ./Core/Src/config.o
 .debug_macro   0x0001316f       0x2e ./Core/Src/config.o
 .debug_macro   0x0001319d      0x1d6 ./Core/Src/config.o
 .debug_macro   0x00013373      0x38a ./Core/Src/config.o
 .debug_macro   0x000136fd       0x28 ./Core/Src/config.o
 .debug_macro   0x00013725       0xe4 ./Core/Src/config.o
 .debug_macro   0x00013809       0x85 ./Core/Src/config.o
 .debug_macro   0x0001388e      0x10c ./Core/Src/config.o
 .debug_macro   0x0001399a      0x240 ./Core/Src/config.o
 .debug_macro   0x00013bda      0xac2 ./Core/Src/config.o
 .debug_macro   0x0001469c      0x135 ./Core/Src/config.o
 .debug_macro   0x000147d1      0x69a ./Core/Src/config.o
 .debug_macro   0x00014e6b       0xa6 ./Core/Src/config.o
 .debug_macro   0x00014f11      0x49d ./Core/Src/config.o
 .debug_macro   0x000153ae       0xc4 ./Core/Src/config.o
 .debug_macro   0x00015472      0x118 ./Core/Src/config.o
 .debug_macro   0x0001558a      0x239 ./Core/Src/custom_callbacks.o
 .debug_macro   0x000157c3      0x22f ./Core/Src/main.o
 .debug_macro   0x000159f2      0x220 ./Core/Src/stm32g0xx_hal_msp.o
 .debug_macro   0x00015c12      0x23d ./Core/Src/stm32g0xx_it.o
 .debug_macro   0x00015e4f      0x22f ./Core/Src/system.o
 .debug_macro   0x0001607e      0x211 ./Core/Src/system_stm32g0xx.o
 .debug_macro   0x0001628f      0x235 ./Drivers/STM32G0xx_HAL_Driver/Src/stm32g0xx_hal.o
 .debug_macro   0x000164c4      0x235 ./Drivers/STM32G0xx_HAL_Driver/Src/stm32g0xx_hal_adc.o
 .debug_macro   0x000166f9      0x21d ./Drivers/STM32G0xx_HAL_Driver/Src/stm32g0xx_hal_adc_ex.o
 .debug_macro   0x00016916      0x211 ./Drivers/STM32G0xx_HAL_Driver/Src/stm32g0xx_hal_cortex.o
 .debug_macro   0x00016b27      0x211 ./Drivers/STM32G0xx_HAL_Driver/Src/stm32g0xx_hal_dma.o
 .debug_macro   0x00016d38      0x218 ./Drivers/STM32G0xx_HAL_Driver/Src/stm32g0xx_hal_gpio.o
 .debug_macro   0x00016f50      0x23b ./Drivers/STM32G0xx_HAL_Driver/Src/stm32g0xx_hal_pwr_ex.o
 .debug_macro   0x0001718b      0x253 ./Drivers/STM32G0xx_HAL_Driver/Src/stm32g0xx_hal_rcc.o
 .debug_macro   0x000173de      0x229 ./Drivers/STM32G0xx_HAL_Driver/Src/stm32g0xx_hal_rcc_ex.o
 .debug_macro   0x00017607      0x219 ./Drivers/STM32G0xx_HAL_Driver/Src/stm32g0xx_hal_tim.o
 .debug_macro   0x00017820      0x217 ./Drivers/STM32G0xx_HAL_Driver/Src/stm32g0xx_hal_tim_ex.o
 .debug_macro   0x00017a37      0x23c ./Drivers/STM32G0xx_HAL_Driver/Src/stm32g0xx_hal_uart.o
 .debug_macro   0x00017c73      0x21d ./Drivers/STM32G0xx_HAL_Driver/Src/stm32g0xx_hal_uart_ex.o

.debug_line     0x00000000    0x2262f
 .debug_line    0x00000000     0x1849 ./Core/Src/config.o
 .debug_line    0x00001849     0x14dc ./Core/Src/custom_callbacks.o
 .debug_line    0x00002d25      0x80e ./Core/Src/main.o
 .debug_line    0x00003533      0xce4 ./Core/Src/stm32g0xx_hal_msp.o
 .debug_line    0x00004217      0x97c ./Core/Src/stm32g0xx_it.o
 .debug_line    0x00004b93     0x1250 ./Core/Src/system.o
 .debug_line    0x00005de3      0x8c3 ./Core/Src/system_stm32g0xx.o
 .debug_line    0x000066a6       0x7b ./Core/Startup/startup_stm32g031k8tx.o
 .debug_line    0x00006721      0xd33 ./Drivers/STM32G0xx_HAL_Driver/Src/stm32g0xx_hal.o
 .debug_line    0x00007454     0x2493 ./Drivers/STM32G0xx_HAL_Driver/Src/stm32g0xx_hal_adc.o
 .debug_line    0x000098e7      0xcfc ./Drivers/STM32G0xx_HAL_Driver/Src/stm32g0xx_hal_adc_ex.o
 .debug_line    0x0000a5e3      0xcfa ./Drivers/STM32G0xx_HAL_Driver/Src/stm32g0xx_hal_cortex.o
 .debug_line    0x0000b2dd     0x1340 ./Drivers/STM32G0xx_HAL_Driver/Src/stm32g0xx_hal_dma.o
 .debug_line    0x0000c61d      0xdaa ./Drivers/STM32G0xx_HAL_Driver/Src/stm32g0xx_hal_gpio.o
 .debug_line    0x0000d3c7      0xcf3 ./Drivers/STM32G0xx_HAL_Driver/Src/stm32g0xx_hal_pwr_ex.o
 .debug_line    0x0000e0ba     0x1598 ./Drivers/STM32G0xx_HAL_Driver/Src/stm32g0xx_hal_rcc.o
 .debug_line    0x0000f652      0xf27 ./Drivers/STM32G0xx_HAL_Driver/Src/stm32g0xx_hal_rcc_ex.o
 .debug_line    0x00010579     0x768a ./Drivers/STM32G0xx_HAL_Driver/Src/stm32g0xx_hal_tim.o
 .debug_line    0x00017c03     0x2390 ./Drivers/STM32G0xx_HAL_Driver/Src/stm32g0xx_hal_tim_ex.o
 .debug_line    0x00019f93     0x70de ./Drivers/STM32G0xx_HAL_Driver/Src/stm32g0xx_hal_uart.o
 .debug_line    0x00021071     0x15be ./Drivers/STM32G0xx_HAL_Driver/Src/stm32g0xx_hal_uart_ex.o

.debug_str      0x00000000    0x9c125
 .debug_str     0x00000000    0x972ef ./Core/Src/config.o
                              0x97dd4 (size before relaxing)
 .debug_str     0x000972ef      0x85c ./Core/Src/custom_callbacks.o
                              0x97841 (size before relaxing)
 .debug_str     0x00097b4b       0xd7 ./Core/Src/main.o
                              0x96a6a (size before relaxing)
 .debug_str     0x00097c22      0x1dc ./Core/Src/stm32g0xx_hal_msp.o
                              0x96b3d (size before relaxing)
 .debug_str     0x00097dfe      0x171 ./Core/Src/stm32g0xx_it.o
                              0x96af2 (size before relaxing)
 .debug_str     0x00097f6f      0x231 ./Core/Src/system.o
                              0x97435 (size before relaxing)
 .debug_str     0x000981a0       0x9c ./Core/Src/system_stm32g0xx.o
                              0x95503 (size before relaxing)
 .debug_str     0x0009823c       0x44 ./Core/Startup/startup_stm32g031k8tx.o
                                 0x73 (size before relaxing)
 .debug_str     0x00098280      0x567 ./Drivers/STM32G0xx_HAL_Driver/Src/stm32g0xx_hal.o
                              0x95cd9 (size before relaxing)
 .debug_str     0x000987e7      0x8d3 ./Drivers/STM32G0xx_HAL_Driver/Src/stm32g0xx_hal_adc.o
                              0x96516 (size before relaxing)
 .debug_str     0x000990ba      0x1fe ./Drivers/STM32G0xx_HAL_Driver/Src/stm32g0xx_hal_adc_ex.o
                              0x95d59 (size before relaxing)
 .debug_str     0x000992b8      0x28b ./Drivers/STM32G0xx_HAL_Driver/Src/stm32g0xx_hal_cortex.o
                              0x9597f (size before relaxing)
 .debug_str     0x00099543      0x261 ./Drivers/STM32G0xx_HAL_Driver/Src/stm32g0xx_hal_dma.o
                              0x9599d (size before relaxing)
 .debug_str     0x000997a4       0xfc ./Drivers/STM32G0xx_HAL_Driver/Src/stm32g0xx_hal_gpio.o
                              0x9562a (size before relaxing)
 .debug_str     0x000998a0      0x37b ./Drivers/STM32G0xx_HAL_Driver/Src/stm32g0xx_hal_pwr_ex.o
                              0x9597c (size before relaxing)
 .debug_str     0x00099c1b      0x4ae ./Drivers/STM32G0xx_HAL_Driver/Src/stm32g0xx_hal_rcc.o
                              0x95c59 (size before relaxing)
 .debug_str     0x0009a0c9      0x185 ./Drivers/STM32G0xx_HAL_Driver/Src/stm32g0xx_hal_rcc_ex.o
                              0x95892 (size before relaxing)
 .debug_str     0x0009a24e      0xd31 ./Drivers/STM32G0xx_HAL_Driver/Src/stm32g0xx_hal_tim.o
                              0x970ce (size before relaxing)
 .debug_str     0x0009af7f      0x4a0 ./Drivers/STM32G0xx_HAL_Driver/Src/stm32g0xx_hal_tim_ex.o
                              0x96630 (size before relaxing)
 .debug_str     0x0009b41f      0xa3e ./Drivers/STM32G0xx_HAL_Driver/Src/stm32g0xx_hal_uart.o
                              0x96851 (size before relaxing)
 .debug_str     0x0009be5d      0x2c8 ./Drivers/STM32G0xx_HAL_Driver/Src/stm32g0xx_hal_uart_ex.o
                              0x95ea7 (size before relaxing)

.comment        0x00000000       0x43
 .comment       0x00000000       0x43 ./Core/Src/config.o
                                 0x44 (size before relaxing)
 .comment       0x00000043       0x44 ./Core/Src/custom_callbacks.o
 .comment       0x00000043       0x44 ./Core/Src/main.o
 .comment       0x00000043       0x44 ./Core/Src/stm32g0xx_hal_msp.o
 .comment       0x00000043       0x44 ./Core/Src/stm32g0xx_it.o
 .comment       0x00000043       0x44 ./Core/Src/system.o
 .comment       0x00000043       0x44 ./Core/Src/system_stm32g0xx.o
 .comment       0x00000043       0x44 ./Drivers/STM32G0xx_HAL_Driver/Src/stm32g0xx_hal.o
 .comment       0x00000043       0x44 ./Drivers/STM32G0xx_HAL_Driver/Src/stm32g0xx_hal_adc.o
 .comment       0x00000043       0x44 ./Drivers/STM32G0xx_HAL_Driver/Src/stm32g0xx_hal_adc_ex.o
 .comment       0x00000043       0x44 ./Drivers/STM32G0xx_HAL_Driver/Src/stm32g0xx_hal_cortex.o
 .comment       0x00000043       0x44 ./Drivers/STM32G0xx_HAL_Driver/Src/stm32g0xx_hal_dma.o
 .comment       0x00000043       0x44 ./Drivers/STM32G0xx_HAL_Driver/Src/stm32g0xx_hal_gpio.o
 .comment       0x00000043       0x44 ./Drivers/STM32G0xx_HAL_Driver/Src/stm32g0xx_hal_pwr_ex.o
 .comment       0x00000043       0x44 ./Drivers/STM32G0xx_HAL_Driver/Src/stm32g0xx_hal_rcc.o
 .comment       0x00000043       0x44 ./Drivers/STM32G0xx_HAL_Driver/Src/stm32g0xx_hal_rcc_ex.o
 .comment       0x00000043       0x44 ./Drivers/STM32G0xx_HAL_Driver/Src/stm32g0xx_hal_tim.o
 .comment       0x00000043       0x44 ./Drivers/STM32G0xx_HAL_Driver/Src/stm32g0xx_hal_tim_ex.o
 .comment       0x00000043       0x44 ./Drivers/STM32G0xx_HAL_Driver/Src/stm32g0xx_hal_uart.o
 .comment       0x00000043       0x44 ./Drivers/STM32G0xx_HAL_Driver/Src/stm32g0xx_hal_uart_ex.o

.debug_frame    0x00000000     0x2cfc
 .debug_frame   0x00000000      0x16c ./Core/Src/config.o
 .debug_frame   0x0000016c      0x104 ./Core/Src/custom_callbacks.o
 .debug_frame   0x00000270       0x28 ./Core/Src/main.o
 .debug_frame   0x00000298       0xdc ./Core/Src/stm32g0xx_hal_msp.o
 .debug_frame   0x00000374      0x128 ./Core/Src/stm32g0xx_it.o
 .debug_frame   0x0000049c      0x148 ./Core/Src/system.o
 .debug_frame   0x000005e4       0x38 ./Core/Src/system_stm32g0xx.o
 .debug_frame   0x0000061c      0x270 ./Drivers/STM32G0xx_HAL_Driver/Src/stm32g0xx_hal.o
 .debug_frame   0x0000088c      0x318 ./Drivers/STM32G0xx_HAL_Driver/Src/stm32g0xx_hal_adc.o
 .debug_frame   0x00000ba4       0xb8 ./Drivers/STM32G0xx_HAL_Driver/Src/stm32g0xx_hal_adc_ex.o
 .debug_frame   0x00000c5c      0x130 ./Drivers/STM32G0xx_HAL_Driver/Src/stm32g0xx_hal_cortex.o
 .debug_frame   0x00000d8c      0x168 ./Drivers/STM32G0xx_HAL_Driver/Src/stm32g0xx_hal_dma.o
 .debug_frame   0x00000ef4       0xe4 ./Drivers/STM32G0xx_HAL_Driver/Src/stm32g0xx_hal_gpio.o
 .debug_frame   0x00000fd8      0x1e4 ./Drivers/STM32G0xx_HAL_Driver/Src/stm32g0xx_hal_pwr_ex.o
 .debug_frame   0x000011bc      0x184 ./Drivers/STM32G0xx_HAL_Driver/Src/stm32g0xx_hal_rcc.o
 .debug_frame   0x00001340       0xa8 ./Drivers/STM32G0xx_HAL_Driver/Src/stm32g0xx_hal_rcc_ex.o
 .debug_frame   0x000013e8      0xa80 ./Drivers/STM32G0xx_HAL_Driver/Src/stm32g0xx_hal_tim.o
 .debug_frame   0x00001e68      0x4b4 ./Drivers/STM32G0xx_HAL_Driver/Src/stm32g0xx_hal_tim_ex.o
 .debug_frame   0x0000231c      0x770 ./Drivers/STM32G0xx_HAL_Driver/Src/stm32g0xx_hal_uart.o
 .debug_frame   0x00002a8c      0x1c8 ./Drivers/STM32G0xx_HAL_Driver/Src/stm32g0xx_hal_uart_ex.o
 .debug_frame   0x00002c54       0x20 C:/ST/STM32CubeIDE_1.16.1/STM32CubeIDE/plugins/com.st.stm32cube.ide.mcu.externaltools.gnu-tools-for-stm32.12.3.rel1.win32_1.1.0.202410251130/tools/bin/../lib/gcc/arm-none-eabi/12.3.1/../../../../arm-none-eabi/lib/thumb/v6-m/nofp\libc_nano.a(libc_a-memset.o)
 .debug_frame   0x00002c74       0x2c C:/ST/STM32CubeIDE_1.16.1/STM32CubeIDE/plugins/com.st.stm32cube.ide.mcu.externaltools.gnu-tools-for-stm32.12.3.rel1.win32_1.1.0.202410251130/tools/bin/../lib/gcc/arm-none-eabi/12.3.1/../../../../arm-none-eabi/lib/thumb/v6-m/nofp\libc_nano.a(libc_a-init.o)
 .debug_frame   0x00002ca0       0x20 C:/ST/STM32CubeIDE_1.16.1/STM32CubeIDE/plugins/com.st.stm32cube.ide.mcu.externaltools.gnu-tools-for-stm32.12.3.rel1.win32_1.1.0.202410251130/tools/bin/../lib/gcc/arm-none-eabi/12.3.1/thumb/v6-m/nofp\libgcc.a(_udivsi3.o)
 .debug_frame   0x00002cc0       0x3c C:/ST/STM32CubeIDE_1.16.1/STM32CubeIDE/plugins/com.st.stm32cube.ide.mcu.externaltools.gnu-tools-for-stm32.12.3.rel1.win32_1.1.0.202410251130/tools/bin/../lib/gcc/arm-none-eabi/12.3.1/thumb/v6-m/nofp\libgcc.a(_udivmoddi4.o)

.debug_loclists
                0x00000000     0xe0da
 .debug_loclists
                0x00000000      0x424 ./Core/Src/custom_callbacks.o
 .debug_loclists
                0x00000424      0x161 ./Core/Src/stm32g0xx_hal_msp.o
 .debug_loclists
                0x00000585      0x549 ./Core/Src/system.o
 .debug_loclists
                0x00000ace       0xa7 ./Core/Src/system_stm32g0xx.o
 .debug_loclists
                0x00000b75      0x143 ./Drivers/STM32G0xx_HAL_Driver/Src/stm32g0xx_hal.o
 .debug_loclists
                0x00000cb8     0x1121 ./Drivers/STM32G0xx_HAL_Driver/Src/stm32g0xx_hal_adc.o
 .debug_loclists
                0x00001dd9      0x2a3 ./Drivers/STM32G0xx_HAL_Driver/Src/stm32g0xx_hal_adc_ex.o
 .debug_loclists
                0x0000207c      0x1ef ./Drivers/STM32G0xx_HAL_Driver/Src/stm32g0xx_hal_cortex.o
 .debug_loclists
                0x0000226b      0x747 ./Drivers/STM32G0xx_HAL_Driver/Src/stm32g0xx_hal_dma.o
 .debug_loclists
                0x000029b2      0x372 ./Drivers/STM32G0xx_HAL_Driver/Src/stm32g0xx_hal_gpio.o
 .debug_loclists
                0x00002d24      0x1b3 ./Drivers/STM32G0xx_HAL_Driver/Src/stm32g0xx_hal_pwr_ex.o
 .debug_loclists
                0x00002ed7      0x4e1 ./Drivers/STM32G0xx_HAL_Driver/Src/stm32g0xx_hal_rcc.o
 .debug_loclists
                0x000033b8      0x46c ./Drivers/STM32G0xx_HAL_Driver/Src/stm32g0xx_hal_rcc_ex.o
 .debug_loclists
                0x00003824     0x4f53 ./Drivers/STM32G0xx_HAL_Driver/Src/stm32g0xx_hal_tim.o
 .debug_loclists
                0x00008777     0x1392 ./Drivers/STM32G0xx_HAL_Driver/Src/stm32g0xx_hal_tim_ex.o
 .debug_loclists
                0x00009b09     0x3cb5 ./Drivers/STM32G0xx_HAL_Driver/Src/stm32g0xx_hal_uart.o
 .debug_loclists
                0x0000d7be      0x91c ./Drivers/STM32G0xx_HAL_Driver/Src/stm32g0xx_hal_uart_ex.o

.debug_line_str
                0x00000000       0x57
 .debug_line_str
                0x00000000       0x57 ./Core/Startup/startup_stm32g031k8tx.o
