Archive member included to satisfy reference by file (symbol)

/Applications/STM32CubeIDE.app/Contents/Eclipse/plugins/com.st.stm32cube.ide.mcu.externaltools.gnu-tools-for-stm32.12.3.rel1.macos64_1.1.0.202410301201/tools/bin/../lib/gcc/arm-none-eabi/12.3.1/../../../../arm-none-eabi/lib/thumb/v6-m/nofp/libc_nano.a(libc_a-exit.o)
                              /Applications/STM32CubeIDE.app/Contents/Eclipse/plugins/com.st.stm32cube.ide.mcu.externaltools.gnu-tools-for-stm32.12.3.rel1.macos64_1.1.0.202410301201/tools/bin/../lib/gcc/arm-none-eabi/12.3.1/../../../../arm-none-eabi/lib/thumb/v6-m/nofp/crt0.o (exit)
/Applications/STM32CubeIDE.app/Contents/Eclipse/plugins/com.st.stm32cube.ide.mcu.externaltools.gnu-tools-for-stm32.12.3.rel1.macos64_1.1.0.202410301201/tools/bin/../lib/gcc/arm-none-eabi/12.3.1/../../../../arm-none-eabi/lib/thumb/v6-m/nofp/libc_nano.a(libc_a-findfp.o)
                              /Applications/STM32CubeIDE.app/Contents/Eclipse/plugins/com.st.stm32cube.ide.mcu.externaltools.gnu-tools-for-stm32.12.3.rel1.macos64_1.1.0.202410301201/tools/bin/../lib/gcc/arm-none-eabi/12.3.1/../../../../arm-none-eabi/lib/thumb/v6-m/nofp/libc_nano.a(libc_a-exit.o) (__stdio_exit_handler)
/Applications/STM32CubeIDE.app/Contents/Eclipse/plugins/com.st.stm32cube.ide.mcu.externaltools.gnu-tools-for-stm32.12.3.rel1.macos64_1.1.0.202410301201/tools/bin/../lib/gcc/arm-none-eabi/12.3.1/../../../../arm-none-eabi/lib/thumb/v6-m/nofp/libc_nano.a(libc_a-fwalk.o)
                              /Applications/STM32CubeIDE.app/Contents/Eclipse/plugins/com.st.stm32cube.ide.mcu.externaltools.gnu-tools-for-stm32.12.3.rel1.macos64_1.1.0.202410301201/tools/bin/../lib/gcc/arm-none-eabi/12.3.1/../../../../arm-none-eabi/lib/thumb/v6-m/nofp/libc_nano.a(libc_a-findfp.o) (_fwalk_sglue)
/Applications/STM32CubeIDE.app/Contents/Eclipse/plugins/com.st.stm32cube.ide.mcu.externaltools.gnu-tools-for-stm32.12.3.rel1.macos64_1.1.0.202410301201/tools/bin/../lib/gcc/arm-none-eabi/12.3.1/../../../../arm-none-eabi/lib/thumb/v6-m/nofp/libc_nano.a(libc_a-memset.o)
                              /Applications/STM32CubeIDE.app/Contents/Eclipse/plugins/com.st.stm32cube.ide.mcu.externaltools.gnu-tools-for-stm32.12.3.rel1.macos64_1.1.0.202410301201/tools/bin/../lib/gcc/arm-none-eabi/12.3.1/../../../../arm-none-eabi/lib/thumb/v6-m/nofp/crt0.o (memset)
/Applications/STM32CubeIDE.app/Contents/Eclipse/plugins/com.st.stm32cube.ide.mcu.externaltools.gnu-tools-for-stm32.12.3.rel1.macos64_1.1.0.202410301201/tools/bin/../lib/gcc/arm-none-eabi/12.3.1/../../../../arm-none-eabi/lib/thumb/v6-m/nofp/libc_nano.a(libc_a-impure.o)
                              /Applications/STM32CubeIDE.app/Contents/Eclipse/plugins/com.st.stm32cube.ide.mcu.externaltools.gnu-tools-for-stm32.12.3.rel1.macos64_1.1.0.202410301201/tools/bin/../lib/gcc/arm-none-eabi/12.3.1/../../../../arm-none-eabi/lib/thumb/v6-m/nofp/libc_nano.a(libc_a-findfp.o) (_impure_data)
/Applications/STM32CubeIDE.app/Contents/Eclipse/plugins/com.st.stm32cube.ide.mcu.externaltools.gnu-tools-for-stm32.12.3.rel1.macos64_1.1.0.202410301201/tools/bin/../lib/gcc/arm-none-eabi/12.3.1/../../../../arm-none-eabi/lib/thumb/v6-m/nofp/libc_nano.a(libc_a-errno.o)
                              ./Core/Src/syscalls.o (__errno)
/Applications/STM32CubeIDE.app/Contents/Eclipse/plugins/com.st.stm32cube.ide.mcu.externaltools.gnu-tools-for-stm32.12.3.rel1.macos64_1.1.0.202410301201/tools/bin/../lib/gcc/arm-none-eabi/12.3.1/../../../../arm-none-eabi/lib/thumb/v6-m/nofp/libc_nano.a(libc_a-init.o)
                              /Applications/STM32CubeIDE.app/Contents/Eclipse/plugins/com.st.stm32cube.ide.mcu.externaltools.gnu-tools-for-stm32.12.3.rel1.macos64_1.1.0.202410301201/tools/bin/../lib/gcc/arm-none-eabi/12.3.1/../../../../arm-none-eabi/lib/thumb/v6-m/nofp/crt0.o (__libc_init_array)
/Applications/STM32CubeIDE.app/Contents/Eclipse/plugins/com.st.stm32cube.ide.mcu.externaltools.gnu-tools-for-stm32.12.3.rel1.macos64_1.1.0.202410301201/tools/bin/../lib/gcc/arm-none-eabi/12.3.1/../../../../arm-none-eabi/lib/thumb/v6-m/nofp/libc_nano.a(libc_a-lock.o)
                              /Applications/STM32CubeIDE.app/Contents/Eclipse/plugins/com.st.stm32cube.ide.mcu.externaltools.gnu-tools-for-stm32.12.3.rel1.macos64_1.1.0.202410301201/tools/bin/../lib/gcc/arm-none-eabi/12.3.1/../../../../arm-none-eabi/lib/thumb/v6-m/nofp/libc_nano.a(libc_a-findfp.o) (__retarget_lock_init_recursive)
/Applications/STM32CubeIDE.app/Contents/Eclipse/plugins/com.st.stm32cube.ide.mcu.externaltools.gnu-tools-for-stm32.12.3.rel1.macos64_1.1.0.202410301201/tools/bin/../lib/gcc/arm-none-eabi/12.3.1/../../../../arm-none-eabi/lib/thumb/v6-m/nofp/libc_nano.a(libc_a-memcpy-stub.o)
                              ./Core/Src/input_capture.o (memcpy)
[...]
Memory Configuration

Name             Origin             Length             Attributes
RAM              0x20000000         0x00002000         xrw
FLASH            0x08000000         0x00010000         xr
*default*        0x00000000         0xffffffff

Linker script and memory map

LOAD /Applications/STM32CubeIDE.app/Contents/Eclipse/plugins/com.st.stm32cube.ide.mcu.externaltools.gnu-tools-for-stm32.12.3.rel1.macos64_1.1.0.202410301201/tools/bin/../lib/gcc/arm-none-eabi/12.3.1/thumb/v6-m/nofp/crti.o
LOAD /Applications/STM32CubeIDE.app/Contents/Eclipse/plugins/com.st.stm32cube.ide.mcu.externaltools.gnu-tools-for-stm32.12.3.rel1.macos64_1.1.0.202410301201/tools/bin/../lib/gcc/arm-none-eabi/12.3.1/thumb/v6-m/nofp/crtbegin.o
LOAD /Applications/STM32CubeIDE.app/Contents/Eclipse/plugins/com.st.stm32cube.ide.mcu.externaltools.gnu-tools-for-stm32.12.3.rel1.macos64_1.1.0.202410301201/tools/bin/../lib/gcc/arm-none-eabi/12.3.1/../../../../arm-none-eabi/lib/thumb/v6-m/nofp/crt0.o
LOAD ./Core/Src/UART.o
LOAD ./Core/Src/checking_functions.o
LOAD ./Core/Src/config.o
LOAD ./Core/Src/custom_callbacks.o
LOAD ./Core/Src/debug.o
LOAD ./Core/Src/input_capture.o
LOAD ./Core/Src/main.o
LOAD ./Core/Src/oscillator.o
LOAD ./Core/Src/speed_control_state_machine.o
LOAD ./Core/Src/startup.o
LOAD ./Core/Src/stm32g0xx_hal_msp.o
LOAD ./Core/Src/stm32g0xx_it.o
LOAD ./Core/Src/symmetry_adjustment.o
LOAD ./Core/Src/syscalls.o
LOAD ./Core/Src/sysmem.o
LOAD ./Core/Src/system_stm32g0xx.o
LOAD ./Core/Src/timers.o
LOAD ./Core/Src/utility.o
LOAD ./Core/Startup/startup_stm32g031k8tx.o
LOAD ./Drivers/STM32G0xx_HAL_Driver/Src/stm32g0xx_hal.o
LOAD ./Drivers/STM32G0xx_HAL_Driver/Src/stm32g0xx_hal_adc.o
LOAD ./Drivers/STM32G0xx_HAL_Driver/Src/stm32g0xx_hal_adc_ex.o
LOAD ./Drivers/STM32G0xx_HAL_Driver/Src/stm32g0xx_hal_cortex.o
LOAD ./Drivers/STM32G0xx_HAL_Driver/Src/stm32g0xx_hal_dma.o
LOAD ./Drivers/STM32G0xx_HAL_Driver/Src/stm32g0xx_hal_dma_ex.o
LOAD ./Drivers/STM32G0xx_HAL_Driver/Src/stm32g0xx_hal_exti.o
LOAD ./Drivers/STM32G0xx_HAL_Driver/Src/stm32g0xx_hal_flash.o
LOAD ./Drivers/STM32G0xx_HAL_Driver/Src/stm32g0xx_hal_flash_ex.o
LOAD ./Drivers/STM32G0xx_HAL_Driver/Src/stm32g0xx_hal_gpio.o
LOAD ./Drivers/STM32G0xx_HAL_Driver/Src/stm32g0xx_hal_iwdg.o
LOAD ./Drivers/STM32G0xx_HAL_Driver/Src/stm32g0xx_hal_lptim.o
LOAD ./Drivers/STM32G0xx_HAL_Driver/Src/stm32g0xx_hal_pwr.o
LOAD ./Drivers/STM32G0xx_HAL_Driver/Src/stm32g0xx_hal_pwr_ex.o
LOAD ./Drivers/STM32G0xx_HAL_Driver/Src/stm32g0xx_hal_rcc.o
LOAD ./Drivers/STM32G0xx_HAL_Driver/Src/stm32g0xx_hal_rcc_ex.o
LOAD ./Drivers/STM32G0xx_HAL_Driver/Src/stm32g0xx_hal_tim.o
LOAD ./Drivers/STM32G0xx_HAL_Driver/Src/stm32g0xx_hal_tim_ex.o
LOAD ./Drivers/STM32G0xx_HAL_Driver/Src/stm32g0xx_hal_uart.o
LOAD ./Drivers/STM32G0xx_HAL_Driver/Src/stm32g0xx_hal_uart_ex.o
LOAD ./Drivers/STM32G0xx_HAL_Driver/Src/stm32g0xx_ll_adc.o
LOAD ./Drivers/STM32G0xx_HAL_Driver/Src/stm32g0xx_ll_rcc.o
START GROUP
LOAD /Applications/STM32CubeIDE.app/Contents/Eclipse/plugins/com.st.stm32cube.ide.mcu.externaltools.gnu-tools-for-stm32.12.3.rel1.macos64_1.1.0.202410301201/tools/bin/../lib/gcc/arm-none-eabi/12.3.1/../../../../arm-none-eabi/lib/thumb/v6-m/nofp/libc_nano.a
LOAD /Applications/STM32CubeIDE.app/Contents/Eclipse/plugins/com.st.stm32cube.ide.mcu.externaltools.gnu-tools-for-stm32.12.3.rel1.macos64_1.1.0.202410301201/tools/bin/../lib/gcc/arm-none-eabi/12.3.1/../../../../arm-none-eabi/lib/thumb/v6-m/nofp/libm.a
END GROUP
START GROUP
LOAD /Applications/STM32CubeIDE.app/Contents/Eclipse/plugins/com.st.stm32cube.ide.mcu.externaltools.gnu-tools-for-stm32.12.3.rel1.macos64_1.1.0.202410301201/tools/bin/../lib/gcc/arm-none-eabi/12.3.1/thumb/v6-m/nofp/libgcc.a
LOAD /Applications/STM32CubeIDE.app/Contents/Eclipse/plugins/com.st.stm32cube.ide.mcu.externaltools.gnu-tools-for-stm32.12.3.rel1.macos64_1.1.0.202410301201/tools/bin/../lib/gcc/arm-none-eabi/12.3.1/../../../../arm-none-eabi/lib/thumb/v6-m/nofp/libc_nano.a
END GROUP
START GROUP
LOAD /Applications/STM32CubeIDE.app/Contents/Eclipse/plugins/com.st.stm32cube.ide.mcu.externaltools.gnu-tools-for-stm32.12.3.rel1.macos64_1.1.0.202410301201/tools/bin/../lib/gcc/arm-none-eabi/12.3.1/thumb/v6-m/nofp/libgcc.a
LOAD /Applications/STM32CubeIDE.app/Contents/Eclipse/plugins/com.st.stm32cube.ide.mcu.externaltools.gnu-tools-for-stm32.12.3.rel1.macos64_1.1.0.202410301201/tools/bin/../lib/gcc/arm-none-eabi/12.3.1/../../../../arm-none-eabi/lib/thumb/v6-m/nofp/libc_nano.a
LOAD /Applications/STM32CubeIDE.app/Contents/Eclipse/plugins/com.st.stm32cube.ide.mcu.externaltools.gnu-tools-for-stm32.12.3.rel1.macos64_1.1.0.202410301201/tools/bin/../lib/gcc/arm-none-eabi/12.3.1/../../../../arm-none-eabi/lib/thumb/v6-m/nofp/libnosys.a
END GROUP
START GROUP
LOAD /Applications/STM32CubeIDE.app/Contents/Eclipse/plugins/com.st.stm32cube.ide.mcu.externaltools.gnu-tools-for-stm32.12.3.rel1.macos64_1.1.0.202410301201/tools/bin/../lib/gcc/arm-none-eabi/12.3.1/thumb/v6-m/nofp/libgcc.a
LOAD /Applications/STM32CubeIDE.app/Contents/Eclipse/plugins/com.st.stm32cube.ide.mcu.externaltools.gnu-tools-for-stm32.12.3.rel1.macos64_1.1.0.202410301201/tools/bin/../lib/gcc/arm-none-eabi/12.3.1/../../../../arm-none-eabi/lib/thumb/v6-m/nofp/libc_nano.a
LOAD /Applications/STM32CubeIDE.app/Contents/Eclipse/plugins/com.st.stm32cube.ide.mcu.externaltools.gnu-tools-for-stm32.12.3.rel1.macos64_1.1.0.202410301201/tools/bin/../lib/gcc/arm-none-eabi/12.3.1/../../../../arm-none-eabi/lib/thumb/v6-m/nofp/libnosys.a
END GROUP
LOAD /Applications/STM32CubeIDE.app/Contents/Eclipse/plugins/com.st.stm32cube.ide.mcu.externaltools.gnu-tools-for-stm32.12.3.rel1.macos64_1.1.0.202410301201/tools/bin/../lib/gcc/arm-none-eabi/12.3.1/thumb/v6-m/nofp/crtend.o
LOAD /Applications/STM32CubeIDE.app/Contents/Eclipse/plugins/com.st.stm32cube.ide.mcu.externaltools.gnu-tools-for-stm32.12.3.rel1.macos64_1.1.0.202410301201/tools/bin/../lib/gcc/arm-none-eabi/12.3.1/thumb/v6-m/nofp/crtn.o
                0x20002000                        _estack = (ORIGIN (RAM) + LENGTH (RAM))
                0x00000200                        _Min_Heap_Size = 0x200
                0x00000400                        _Min_Stack_Size = 0x400

.isr_vector     0x08000000       0xbc
                0x08000000                        . = ALIGN (0x4)
 *(.isr_vector)
 .isr_vector    0x08000000       0xbc ./Core/Startup/startup_stm32g031k8tx.o
                0x08000000                g_pfnVectors
                0x080000bc                        . = ALIGN (0x4)

.text           0x080000bc     0x63a0
                0x080000bc                        . = ALIGN (0x4)
 *(.text)
 .text          0x080000bc       0x48 /Applications/STM32CubeIDE.app/Contents/Eclipse/plugins/com.st.stm32cube.ide.mcu.externaltools.gnu-tools-for-stm32.12.3.rel1.macos64_1.1.0.202410301201/tools/bin/../lib/gcc/arm-none-eabi/12.3.1/thumb/v6-m/nofp/crtbegin.o
 .text          0x08000104      0x114 /Applications/STM32CubeIDE.app/Contents/Eclipse/plugins/com.st.stm32cube.ide.mcu.externaltools.gnu-tools-for-stm32.12.3.rel1.macos64_1.1.0.202410301201/tools/bin/../lib/gcc/arm-none-eabi/12.3.1/thumb/v6-m/nofp/libgcc.a(_udivsi3.o)
                0x08000104                __udivsi3
                0x08000104                __aeabi_uidiv
                0x08000210                __aeabi_uidivmod
 .text          0x08000218        0x4 /Applications/STM32CubeIDE.app/Contents/Eclipse/plugins/com.st.stm32cube.ide.mcu.externaltools.gnu-tools-for-stm32.12.3.rel1.macos64_1.1.0.202410301201/tools/bin/../lib/gcc/arm-none-eabi/12.3.1/thumb/v6-m/nofp/libgcc.a(_dvmd_tls.o)
                0x08000218                __aeabi_ldiv0
                0x08000218                __aeabi_idiv0
 .text          0x0800021c       0x40 /Applications/STM32CubeIDE.app/Contents/Eclipse/plugins/com.st.stm32cube.ide.mcu.externaltools.gnu-tools-for-stm32.12.3.rel1.macos64_1.1.0.202410301201/tools/bin/../lib/gcc/arm-none-eabi/12.3.1/thumb/v6-m/nofp/libgcc.a(_aeabi_uldivmod.o)
                0x0800021c                __aeabi_uldivmod
 .text          0x0800025c      0x198 /Applications/STM32CubeIDE.app/Contents/Eclipse/plugins/com.st.stm32cube.ide.mcu.externaltools.gnu-tools-for-stm32.12.3.rel1.macos64_1.1.0.202410301201/tools/bin/../lib/gcc/arm-none-eabi/12.3.1/thumb/v6-m/nofp/libgcc.a(_udivmoddi4.o)
                0x0800025c                __udivmoddi4
 .text          0x080003f4       0x18 /Applications/STM32CubeIDE.app/Contents/Eclipse/plugins/com.st.stm32cube.ide.mcu.externaltools.gnu-tools-for-stm32.12.3.rel1.macos64_1.1.0.202410301201/tools/bin/../lib/gcc/arm-none-eabi/12.3.1/thumb/v6-m/nofp/libgcc.a(_clzdi2.o)
                0x080003f4                __clzdi2
 .text          0x0800040c       0x3c /Applications/STM32CubeIDE.app/Contents/Eclipse/plugins/com.st.stm32cube.ide.mcu.externaltools.gnu-tools-for-stm32.12.3.rel1.macos64_1.1.0.202410301201/tools/bin/../lib/gcc/arm-none-eabi/12.3.1/thumb/v6-m/nofp/libgcc.a(_clzsi2.o)
                0x0800040c                __clzsi2
 *(.text*)
 .text.Start_UART_Receive
                0x08000448       0x18 ./Core/Src/UART.o
                0x08000448                Start_UART_Receive
 .text.Check_Tap_Tempo_Switch_State
                0x08000460       0x64 ./Core/Src/checking_functions.o
                0x08000460                Check_Tap_Tempo_Switch_State
 .text.SystemClock_Config
                0x080004c4       0x80 ./Core/Src/config.o
                0x080004c4                SystemClock_Config
 .text.MX_ADC1_Init
                0x08000544       0xf4 ./Core/Src/config.o
                0x08000544                MX_ADC1_Init
 .text.MX_TIM16_Init
                0x08000638       0xb0 ./Core/Src/config.o
                0x08000638                MX_TIM16_Init
 .text.MX_TIM2_Init
                0x080006e8       0xb8 ./Core/Src/config.o
                0x080006e8                MX_TIM2_Init
 .text.MX_TIM3_Init
                0x080007a0       0xc0 ./Core/Src/config.o
                0x080007a0                MX_TIM3_Init
 .text.MX_TIM1_Init
                0x08000860      0x128 ./Core/Src/config.o
                0x08000860                MX_TIM1_Init
 .text.MX_TIM17_Init
                0x08000988       0xb4 ./Core/Src/config.o
                0x08000988                MX_TIM17_Init
 .text.MX_GPIO_Init
                0x08000a3c      0x130 ./Core/Src/config.o
                0x08000a3c                MX_GPIO_Init
 .text.Error_Handler
                0x08000b6c        0x4 ./Core/Src/config.o
                0x08000b6c                Error_Handler
 .text.System_Init
                0x08000b70      0x188 ./Core/Src/config.o
                0x08000b70                System_Init
 .text.TIM16_callback
                0x08000cf8       0x3c ./Core/Src/custom_callbacks.o
                0x08000cf8                TIM16_callback
 .text.ADC_DMA_conversion_complete_callback
                0x08000d34       0x7c ./Core/Src/custom_callbacks.o
                0x08000d34                ADC_DMA_conversion_complete_callback
 .text.TIM2_ch1_IP_capture_callback
                0x08000db0       0x9c ./Core/Src/custom_callbacks.o
                0x08000db0                TIM2_ch1_IP_capture_callback
 .text.TIM2_ch1_overflow_callback
                0x08000e4c       0x24 ./Core/Src/custom_callbacks.o
                0x08000e4c                TIM2_ch1_overflow_callback
 .text.TIM3_ch1_IP_capture_measurement_reelapse_callback
                0x08000e70       0x78 ./Core/Src/custom_callbacks.o
                0x08000e70                TIM3_ch1_IP_capture_measurement_reelapse_callback
 .text.UART2_TX_transfer_complete_callback
                0x08000ee8        0xc ./Core/Src/custom_callbacks.o
                0x08000ee8                UART2_TX_transfer_complete_callback
 .text.UART2_RX_transfer_complete_callback
                0x08000ef4       0x30 ./Core/Src/custom_callbacks.o
                0x08000ef4                UART2_RX_transfer_complete_callback
 .text.HAL_GPIO_EXTI_Falling_Callback
                0x08000f24       0x28 ./Core/Src/custom_callbacks.o
                0x08000f24                HAL_GPIO_EXTI_Falling_Callback
 .text.HAL_GPIO_EXTI_Rising_Callback
                0x08000f4c       0x30 ./Core/Src/custom_callbacks.o
                0x08000f4c                HAL_GPIO_EXTI_Rising_Callback
 .text.LPTIM1_callback
                0x08000f7c       0x8c ./Core/Src/custom_callbacks.o
                0x08000f7c                LPTIM1_callback
 .text.TIM17_overflow_callback
                0x08001008       0x18 ./Core/Src/custom_callbacks.o
                0x08001008                TIM17_overflow_callback
 .text.Input_Capture_Processing
                0x08001020       0x7c ./Core/Src/input_capture.o
                0x08001020                Input_Capture_Processing
 .text.Start_Input_Capture_Timer
                0x0800109c       0x30 ./Core/Src/input_capture.o
                0x0800109c                Start_Input_Capture_Timer
 .text.Copy_Params_Structs
                0x080010cc       0x14 ./Core/Src/input_capture.o
                0x080010cc                Copy_Params_Structs
 .text.startup.main
                0x080010e0       0x30 ./Core/Src/main.o
                0x080010e0                main
 .text.Start_PWM_Gen_Timer_Main_and_Secondary_Oscillators
                0x08001110       0x34 ./Core/Src/oscillator.o
                0x08001110                Start_PWM_Gen_Timer_Main_and_Secondary_Oscillators
 .text.Start_Freq_Gen_Timer
                0x08001144       0x1c ./Core/Src/oscillator.o
                0x08001144                Start_Freq_Gen_Timer
 .text.Process_TIM16_Raw_Start_Value_and_Raw_Prescaler
                0x08001160       0x2c ./Core/Src/oscillator.o
                0x08001160                Process_TIM16_Raw_Start_Value_and_Raw_Prescaler
 .text.Set_Oscillator_Values
                0x0800118c       0x30 ./Core/Src/oscillator.o
                0x0800118c                Set_Oscillator_Values
 .text.Calculate_Next_Main_Oscillator_Values
                0x080011bc      0x11c ./Core/Src/oscillator.o
                0x080011bc                Calculate_Next_Main_Oscillator_Values
 .text.Write_Next_Main_Oscillator_Values_to_Delay_Line
                0x080012d8       0xb8 ./Core/Src/oscillator.o
                0x080012d8                Write_Next_Main_Oscillator_Values_to_Delay_Line
 .text.Process_ADC_Conversion_Values
                0x08001390       0x4c ./Core/Src/oscillator.o
                0x08001390                Process_ADC_Conversion_Values
 .text.Startup  0x080013dc      0x10c ./Core/Src/startup.o
                0x080013dc                Startup
 .text.HAL_MspInit
                0x080014e8       0x30 ./Core/Src/stm32g0xx_hal_msp.o
                0x080014e8                HAL_MspInit
 .text.HAL_ADC_MspInit
                0x08001518       0xa0 ./Core/Src/stm32g0xx_hal_msp.o
                0x08001518                HAL_ADC_MspInit
 .text.HAL_LPTIM_MspInit
                0x080015b8       0x8c ./Core/Src/stm32g0xx_hal_msp.o
                0x080015b8                HAL_LPTIM_MspInit
 .text.HAL_TIM_Base_MspInit
                0x08001644      0x13c ./Core/Src/stm32g0xx_hal_msp.o
                0x08001644                HAL_TIM_Base_MspInit
 .text.HAL_TIM_MspPostInit
                0x08001780       0x78 ./Core/Src/stm32g0xx_hal_msp.o
                0x08001780                HAL_TIM_MspPostInit
 .text.HAL_UART_MspInit
                0x080017f8       0xec ./Core/Src/stm32g0xx_hal_msp.o
                0x080017f8                HAL_UART_MspInit
 .text.NMI_Handler
                0x080018e4        0x4 ./Core/Src/stm32g0xx_it.o
                0x080018e4                NMI_Handler
 .text.HardFault_Handler
                0x080018e8        0x4 ./Core/Src/stm32g0xx_it.o
                0x080018e8                HardFault_Handler
 .text.SVC_Handler
                0x080018ec        0x4 ./Core/Src/stm32g0xx_it.o
                0x080018ec                SVC_Handler
 .text.PendSV_Handler
                0x080018f0        0x4 ./Core/Src/stm32g0xx_it.o
                0x080018f0                PendSV_Handler
 .text.SysTick_Handler
                0x080018f4        0x8 ./Core/Src/stm32g0xx_it.o
                0x080018f4                SysTick_Handler
 .text.EXTI4_15_IRQHandler
                0x080018fc       0x24 ./Core/Src/stm32g0xx_it.o
                0x080018fc                EXTI4_15_IRQHandler
 .text.DMA1_Channel1_IRQHandler
                0x08001920       0x10 ./Core/Src/stm32g0xx_it.o
                0x08001920                DMA1_Channel1_IRQHandler
 .text.DMA1_Channel2_3_IRQHandler
                0x08001930       0x18 ./Core/Src/stm32g0xx_it.o
                0x08001930                DMA1_Channel2_3_IRQHandler
 .text.TIM2_IRQHandler
                0x08001948       0x10 ./Core/Src/stm32g0xx_it.o
                0x08001948                TIM2_IRQHandler
 .text.TIM3_IRQHandler
                0x08001958       0x10 ./Core/Src/stm32g0xx_it.o
                0x08001958                TIM3_IRQHandler
 .text.TIM16_IRQHandler
                0x08001968       0x10 ./Core/Src/stm32g0xx_it.o
                0x08001968                TIM16_IRQHandler
 .text.USART2_IRQHandler
                0x08001978       0x10 ./Core/Src/stm32g0xx_it.o
                0x08001978                USART2_IRQHandler
 .text.LPTIM1_IRQHandler
                0x08001988       0x10 ./Core/Src/stm32g0xx_it.o
                0x08001988                LPTIM1_IRQHandler
 .text.TIM17_IRQHandler
                0x08001998       0x10 ./Core/Src/stm32g0xx_it.o
                0x08001998                TIM17_IRQHandler
 .text.Process_TIM16_Final_Start_Value_and_Final_Prescaler
                0x080019a8      0x2a4 ./Core/Src/symmetry_adjustment.o
                0x080019a8                Process_TIM16_Final_Start_Value_and_Final_Prescaler
 .text.SystemInit
                0x08001c4c        0x4 ./Core/Src/system_stm32g0xx.o
                0x08001c4c                SystemInit
 .text.Start_OC_TIM
                0x08001c50       0x14 ./Core/Src/timers.o
                0x08001c50                Start_OC_TIM
 .text.Stop_OC_TIM
                0x08001c64       0x14 ./Core/Src/timers.o
                0x08001c64                Stop_OC_TIM
 .text.isPrime  0x08001c78       0x34 ./Core/Src/utility.o
                0x08001c78                isPrime
 .text.unsigned_bitwise_modulo
                0x08001cac        0xc ./Core/Src/utility.o
                0x08001cac                unsigned_bitwise_modulo
 .text.Global_Interrupt_Enable
                0x08001cb8        0x8 ./Core/Src/utility.o
                0x08001cb8                Global_Interrupt_Enable
 .text.Reset_Handler
                0x08001cc0       0x50 ./Core/Startup/startup_stm32g031k8tx.o
                0x08001cc0                Reset_Handler
 .text.Default_Handler
                0x08001d10        0x2 ./Core/Startup/startup_stm32g031k8tx.o
                0x08001d10                TIM1_BRK_UP_TRG_COM_IRQHandler
                0x08001d10                PVD_IRQHandler
                0x08001d10                I2C1_IRQHandler
                0x08001d10                LPTIM2_IRQHandler
                0x08001d10                RTC_TAMP_IRQHandler
                0x08001d10                SPI1_IRQHandler
                0x08001d10                DMA1_Ch4_5_DMAMUX1_OVR_IRQHandler
                0x08001d10                EXTI2_3_IRQHandler
                0x08001d10                ADC1_IRQHandler
                0x08001d10                I2C2_IRQHandler
                0x08001d10                RCC_IRQHandler
                0x08001d10                Default_Handler
                0x08001d10                TIM14_IRQHandler
                0x08001d10                EXTI0_1_IRQHandler
                0x08001d10                SPI2_IRQHandler
                0x08001d10                WWDG_IRQHandler
                0x08001d10                LPUART1_IRQHandler
                0x08001d10                FLASH_IRQHandler
                0x08001d10                USART1_IRQHandler
                0x08001d10                TIM1_CC_IRQHandler
 *fill*         0x08001d12        0x2 
 .text.HAL_InitTick
                0x08001d14       0x4c ./Drivers/STM32G0xx_HAL_Driver/Src/stm32g0xx_hal.o
                0x08001d14                HAL_InitTick
 .text.HAL_Init
                0x08001d60       0x28 ./Drivers/STM32G0xx_HAL_Driver/Src/stm32g0xx_hal.o
                0x08001d60                HAL_Init
 .text.HAL_IncTick
                0x08001d88       0x18 ./Drivers/STM32G0xx_HAL_Driver/Src/stm32g0xx_hal.o
                0x08001d88                HAL_IncTick
 .text.HAL_GetTick
                0x08001da0        0xc ./Drivers/STM32G0xx_HAL_Driver/Src/stm32g0xx_hal.o
                0x08001da0                HAL_GetTick
 .text.ADC_DMAConvCplt
                0x08001dac       0x80 ./Drivers/STM32G0xx_HAL_Driver/Src/stm32g0xx_hal_adc.o
 .text.ADC_DMAHalfConvCplt
                0x08001e2c        0xc ./Drivers/STM32G0xx_HAL_Driver/Src/stm32g0xx_hal_adc.o
 .text.ADC_DMAError
                0x08001e38       0x1c ./Drivers/STM32G0xx_HAL_Driver/Src/stm32g0xx_hal_adc.o
 .text.HAL_ADC_ErrorCallback
                0x08001e54        0x4 ./Drivers/STM32G0xx_HAL_Driver/Src/stm32g0xx_hal_adc.o
                0x08001e54                HAL_ADC_ErrorCallback
 .text.HAL_ADC_ConvCpltCallback
                0x08001e58        0x4 ./Drivers/STM32G0xx_HAL_Driver/Src/stm32g0xx_hal_adc.o
                0x08001e58                HAL_ADC_ConvCpltCallback
 .text.HAL_ADC_ConvHalfCpltCallback
                0x08001e5c        0x4 ./Drivers/STM32G0xx_HAL_Driver/Src/stm32g0xx_hal_adc.o
                0x08001e5c                HAL_ADC_ConvHalfCpltCallback
 .text.HAL_ADC_LevelOutOfWindowCallback
                0x08001e60        0x4 ./Drivers/STM32G0xx_HAL_Driver/Src/stm32g0xx_hal_adc.o
                0x08001e60                HAL_ADC_LevelOutOfWindowCallback
 .text.HAL_ADC_Init
                0x08001e64      0x284 ./Drivers/STM32G0xx_HAL_Driver/Src/stm32g0xx_hal_adc.o
                0x08001e64                HAL_ADC_Init
 .text.HAL_ADC_RegisterCallback
                0x080020e8       0x70 ./Drivers/STM32G0xx_HAL_Driver/Src/stm32g0xx_hal_adc.o
                0x080020e8                HAL_ADC_RegisterCallback
 .text.HAL_ADC_ConfigChannel
                0x08002158      0x284 ./Drivers/STM32G0xx_HAL_Driver/Src/stm32g0xx_hal_adc.o
                0x08002158                HAL_ADC_ConfigChannel
 .text.ADC_ConversionStop
                0x080023dc       0x74 ./Drivers/STM32G0xx_HAL_Driver/Src/stm32g0xx_hal_adc.o
                0x080023dc                ADC_ConversionStop
 .text.ADC_Enable
                0x08002450       0xcc ./Drivers/STM32G0xx_HAL_Driver/Src/stm32g0xx_hal_adc.o
                0x08002450                ADC_Enable
 .text.HAL_ADC_Start_DMA
                0x0800251c       0xb4 ./Drivers/STM32G0xx_HAL_Driver/Src/stm32g0xx_hal_adc.o
                0x0800251c                HAL_ADC_Start_DMA
 .text.ADC_Disable
                0x080025d0       0x88 ./Drivers/STM32G0xx_HAL_Driver/Src/stm32g0xx_hal_adc.o
                0x080025d0                ADC_Disable
 .text.HAL_ADC_Stop_DMA
                0x08002658       0x8c ./Drivers/STM32G0xx_HAL_Driver/Src/stm32g0xx_hal_adc.o
                0x08002658                HAL_ADC_Stop_DMA
 .text.HAL_ADCEx_Calibration_Start
                0x080026e4      0x19c ./Drivers/STM32G0xx_HAL_Driver/Src/stm32g0xx_hal_adc_ex.o
                0x080026e4                HAL_ADCEx_Calibration_Start
 .text.HAL_ADCEx_LevelOutOfWindow2Callback
                0x08002880        0x4 ./Drivers/STM32G0xx_HAL_Driver/Src/stm32g0xx_hal_adc_ex.o
                0x08002880                HAL_ADCEx_LevelOutOfWindow2Callback
 .text.HAL_ADCEx_LevelOutOfWindow3Callback
                0x08002884        0x4 ./Drivers/STM32G0xx_HAL_Driver/Src/stm32g0xx_hal_adc_ex.o
                0x08002884                HAL_ADCEx_LevelOutOfWindow3Callback
 .text.HAL_ADCEx_EndOfSamplingCallback
                0x08002888        0x4 ./Drivers/STM32G0xx_HAL_Driver/Src/stm32g0xx_hal_adc_ex.o
                0x08002888                HAL_ADCEx_EndOfSamplingCallback
 .text.HAL_NVIC_SetPriority
                0x0800288c       0x54 ./Drivers/STM32G0xx_HAL_Driver/Src/stm32g0xx_hal_cortex.o
                0x0800288c                HAL_NVIC_SetPriority
 .text.HAL_NVIC_EnableIRQ
                0x080028e0       0x18 ./Drivers/STM32G0xx_HAL_Driver/Src/stm32g0xx_hal_cortex.o
                0x080028e0                HAL_NVIC_EnableIRQ
 .text.HAL_NVIC_DisableIRQ
                0x080028f8       0x20 ./Drivers/STM32G0xx_HAL_Driver/Src/stm32g0xx_hal_cortex.o
                0x080028f8                HAL_NVIC_DisableIRQ
 .text.HAL_SYSTICK_Config
                0x08002918       0x34 ./Drivers/STM32G0xx_HAL_Driver/Src/stm32g0xx_hal_cortex.o
                0x08002918                HAL_SYSTICK_Config
 .text.HAL_DMA_Init
                0x0800294c       0xec ./Drivers/STM32G0xx_HAL_Driver/Src/stm32g0xx_hal_dma.o
                0x0800294c                HAL_DMA_Init
 .text.HAL_DMA_Start_IT
                0x08002a38       0xd0 ./Drivers/STM32G0xx_HAL_Driver/Src/stm32g0xx_hal_dma.o
                0x08002a38                HAL_DMA_Start_IT
 .text.HAL_DMA_Abort
                0x08002b08       0x78 ./Drivers/STM32G0xx_HAL_Driver/Src/stm32g0xx_hal_dma.o
                0x08002b08                HAL_DMA_Abort
 .text.HAL_DMA_Abort_IT
                0x08002b80       0x78 ./Drivers/STM32G0xx_HAL_Driver/Src/stm32g0xx_hal_dma.o
                0x08002b80                HAL_DMA_Abort_IT
 .text.HAL_DMA_IRQHandler
                0x08002bf8       0xb8 ./Drivers/STM32G0xx_HAL_Driver/Src/stm32g0xx_hal_dma.o
                0x08002bf8                HAL_DMA_IRQHandler
 .text.HAL_GPIO_Init
                0x08002cb0      0x1e4 ./Drivers/STM32G0xx_HAL_Driver/Src/stm32g0xx_hal_gpio.o
                0x08002cb0                HAL_GPIO_Init
 .text.HAL_GPIO_ReadPin
                0x08002e94        0xc ./Drivers/STM32G0xx_HAL_Driver/Src/stm32g0xx_hal_gpio.o
                0x08002e94                HAL_GPIO_ReadPin
 .text.HAL_GPIO_WritePin
                0x08002ea0        0xc ./Drivers/STM32G0xx_HAL_Driver/Src/stm32g0xx_hal_gpio.o
                0x08002ea0                HAL_GPIO_WritePin
 .text.HAL_GPIO_EXTI_IRQHandler
                0x08002eac       0x34 ./Drivers/STM32G0xx_HAL_Driver/Src/stm32g0xx_hal_gpio.o
                0x08002eac                HAL_GPIO_EXTI_IRQHandler
 .text.HAL_LPTIM_DirectionDownCallback
                0x08002ee0        0x4 ./Drivers/STM32G0xx_HAL_Driver/Src/stm32g0xx_hal_lptim.o
                0x08002ee0                HAL_LPTIM_DirectionDownCallback
 .text.HAL_LPTIM_CompareMatchCallback
                0x08002ee4        0x4 ./Drivers/STM32G0xx_HAL_Driver/Src/stm32g0xx_hal_lptim.o
                0x08002ee4                HAL_LPTIM_CompareMatchCallback
 .text.HAL_LPTIM_AutoReloadMatchCallback
                0x08002ee8        0x4 ./Drivers/STM32G0xx_HAL_Driver/Src/stm32g0xx_hal_lptim.o
                0x08002ee8                HAL_LPTIM_AutoReloadMatchCallback
 .text.HAL_LPTIM_TriggerCallback
                0x08002eec        0x4 ./Drivers/STM32G0xx_HAL_Driver/Src/stm32g0xx_hal_lptim.o
                0x08002eec                HAL_LPTIM_TriggerCallback
 .text.HAL_LPTIM_CompareWriteCallback
                0x08002ef0        0x4 ./Drivers/STM32G0xx_HAL_Driver/Src/stm32g0xx_hal_lptim.o
                0x08002ef0                HAL_LPTIM_CompareWriteCallback
 .text.HAL_LPTIM_AutoReloadWriteCallback
                0x08002ef4        0x4 ./Drivers/STM32G0xx_HAL_Driver/Src/stm32g0xx_hal_lptim.o
                0x08002ef4                HAL_LPTIM_AutoReloadWriteCallback
 .text.HAL_LPTIM_DirectionUpCallback
                0x08002ef8        0x4 ./Drivers/STM32G0xx_HAL_Driver/Src/stm32g0xx_hal_lptim.o
                0x08002ef8                HAL_LPTIM_DirectionUpCallback
 .text.HAL_LPTIM_Init
                0x08002efc      0x108 ./Drivers/STM32G0xx_HAL_Driver/Src/stm32g0xx_hal_lptim.o
                0x08002efc                HAL_LPTIM_Init
 .text.HAL_LPTIM_IRQHandler
                0x08003004       0xb8 ./Drivers/STM32G0xx_HAL_Driver/Src/stm32g0xx_hal_lptim.o
                0x08003004                HAL_LPTIM_IRQHandler
 .text.HAL_LPTIM_RegisterCallback
                0x080030bc       0x70 ./Drivers/STM32G0xx_HAL_Driver/Src/stm32g0xx_hal_lptim.o
                0x080030bc                HAL_LPTIM_RegisterCallback
 .text.LPTIM_Disable
                0x0800312c      0x1c8 ./Drivers/STM32G0xx_HAL_Driver/Src/stm32g0xx_hal_lptim.o
                0x0800312c                LPTIM_Disable
 .text.HAL_LPTIM_SetOnce_Start_IT
                0x080032f4       0xc8 ./Drivers/STM32G0xx_HAL_Driver/Src/stm32g0xx_hal_lptim.o
                0x080032f4                HAL_LPTIM_SetOnce_Start_IT
 .text.HAL_PWREx_ControlVoltageScaling
                0x080033bc       0x60 ./Drivers/STM32G0xx_HAL_Driver/Src/stm32g0xx_hal_pwr_ex.o
                0x080033bc                HAL_PWREx_ControlVoltageScaling
 .text.HAL_RCC_OscConfig
                0x0800341c      0x4d0 ./Drivers/STM32G0xx_HAL_Driver/Src/stm32g0xx_hal_rcc.o
                0x0800341c                HAL_RCC_OscConfig
 .text.HAL_RCC_GetSysClockFreq
                0x080038ec       0x9c ./Drivers/STM32G0xx_HAL_Driver/Src/stm32g0xx_hal_rcc.o
                0x080038ec                HAL_RCC_GetSysClockFreq
 .text.HAL_RCC_ClockConfig
                0x08003988      0x190 ./Drivers/STM32G0xx_HAL_Driver/Src/stm32g0xx_hal_rcc.o
                0x08003988                HAL_RCC_ClockConfig
 .text.HAL_RCC_GetPCLK1Freq
                0x08003b18       0x28 ./Drivers/STM32G0xx_HAL_Driver/Src/stm32g0xx_hal_rcc.o
                0x08003b18                HAL_RCC_GetPCLK1Freq
 .text.HAL_RCCEx_PeriphCLKConfig
                0x08003b40      0x1f0 ./Drivers/STM32G0xx_HAL_Driver/Src/stm32g0xx_hal_rcc_ex.o
                0x08003b40                HAL_RCCEx_PeriphCLKConfig
 .text.HAL_TIM_OC_MspInit
                0x08003d30        0x4 ./Drivers/STM32G0xx_HAL_Driver/Src/stm32g0xx_hal_tim.o
                0x08003d30                HAL_TIM_OC_MspInit
 .text.HAL_TIM_PWM_MspInit
                0x08003d34        0x4 ./Drivers/STM32G0xx_HAL_Driver/Src/stm32g0xx_hal_tim.o
                0x08003d34                HAL_TIM_PWM_MspInit
 .text.HAL_TIM_IC_MspInit
                0x08003d38        0x4 ./Drivers/STM32G0xx_HAL_Driver/Src/stm32g0xx_hal_tim.o
                0x08003d38                HAL_TIM_IC_MspInit
 .text.HAL_TIM_PeriodElapsedCallback
                0x08003d3c        0x4 ./Drivers/STM32G0xx_HAL_Driver/Src/stm32g0xx_hal_tim.o
                0x08003d3c                HAL_TIM_PeriodElapsedCallback
 .text.HAL_TIM_PeriodElapsedHalfCpltCallback
                0x08003d40        0x4 ./Drivers/STM32G0xx_HAL_Driver/Src/stm32g0xx_hal_tim.o
                0x08003d40                HAL_TIM_PeriodElapsedHalfCpltCallback
 .text.HAL_TIM_OC_DelayElapsedCallback
                0x08003d44        0x4 ./Drivers/STM32G0xx_HAL_Driver/Src/stm32g0xx_hal_tim.o
                0x08003d44                HAL_TIM_OC_DelayElapsedCallback
 .text.HAL_TIM_IC_CaptureCallback
                0x08003d48        0x4 ./Drivers/STM32G0xx_HAL_Driver/Src/stm32g0xx_hal_tim.o
                0x08003d48                HAL_TIM_IC_CaptureCallback
 .text.HAL_TIM_IC_CaptureHalfCpltCallback
                0x08003d4c        0x4 ./Drivers/STM32G0xx_HAL_Driver/Src/stm32g0xx_hal_tim.o
                0x08003d4c                HAL_TIM_IC_CaptureHalfCpltCallback
 .text.HAL_TIM_PWM_PulseFinishedCallback
                0x08003d50        0x4 ./Drivers/STM32G0xx_HAL_Driver/Src/stm32g0xx_hal_tim.o
                0x08003d50                HAL_TIM_PWM_PulseFinishedCallback
 .text.HAL_TIM_PWM_PulseFinishedHalfCpltCallback
                0x08003d54        0x4 ./Drivers/STM32G0xx_HAL_Driver/Src/stm32g0xx_hal_tim.o
                0x08003d54                HAL_TIM_PWM_PulseFinishedHalfCpltCallback
 .text.HAL_TIM_TriggerCallback
                0x08003d58        0x4 ./Drivers/STM32G0xx_HAL_Driver/Src/stm32g0xx_hal_tim.o
                0x08003d58                HAL_TIM_TriggerCallback
 .text.HAL_TIM_TriggerHalfCpltCallback
                0x08003d5c        0x4 ./Drivers/STM32G0xx_HAL_Driver/Src/stm32g0xx_hal_tim.o
                0x08003d5c                HAL_TIM_TriggerHalfCpltCallback
 .text.HAL_TIM_ErrorCallback
                0x08003d60        0x4 ./Drivers/STM32G0xx_HAL_Driver/Src/stm32g0xx_hal_tim.o
                0x08003d60                HAL_TIM_ErrorCallback
 .text.HAL_TIM_Base_Init
                0x08003d64      0x190 ./Drivers/STM32G0xx_HAL_Driver/Src/stm32g0xx_hal_tim.o
                0x08003d64                HAL_TIM_Base_Init
 .text.HAL_TIM_Base_Start
                0x08003ef4       0x5c ./Drivers/STM32G0xx_HAL_Driver/Src/stm32g0xx_hal_tim.o
                0x08003ef4                HAL_TIM_Base_Start
 .text.HAL_TIM_Base_Start_IT
                0x08003f50       0x64 ./Drivers/STM32G0xx_HAL_Driver/Src/stm32g0xx_hal_tim.o
                0x08003f50                HAL_TIM_Base_Start_IT
 .text.HAL_TIM_OC_Init
                0x08003fb4      0x190 ./Drivers/STM32G0xx_HAL_Driver/Src/stm32g0xx_hal_tim.o
                0x08003fb4                HAL_TIM_OC_Init
 .text.HAL_TIM_OC_Start_IT
                0x08004144      0x104 ./Drivers/STM32G0xx_HAL_Driver/Src/stm32g0xx_hal_tim.o
                0x08004144                HAL_TIM_OC_Start_IT
 .text.HAL_TIM_OC_Stop_IT
                0x08004248      0x100 ./Drivers/STM32G0xx_HAL_Driver/Src/stm32g0xx_hal_tim.o
                0x08004248                HAL_TIM_OC_Stop_IT
 .text.HAL_TIM_PWM_Init
                0x08004348      0x190 ./Drivers/STM32G0xx_HAL_Driver/Src/stm32g0xx_hal_tim.o
                0x08004348                HAL_TIM_PWM_Init
 .text.HAL_TIM_PWM_Start
                0x080044d8       0xd0 ./Drivers/STM32G0xx_HAL_Driver/Src/stm32g0xx_hal_tim.o
                0x080044d8                HAL_TIM_PWM_Start
 .text.HAL_TIM_IC_Init
                0x080045a8      0x190 ./Drivers/STM32G0xx_HAL_Driver/Src/stm32g0xx_hal_tim.o
                0x080045a8                HAL_TIM_IC_Init
 .text.HAL_TIM_IC_Start_IT
                0x08004738      0x168 ./Drivers/STM32G0xx_HAL_Driver/Src/stm32g0xx_hal_tim.o
                0x08004738                HAL_TIM_IC_Start_IT
 .text.HAL_TIM_IRQHandler
                0x080048a0      0x1b4 ./Drivers/STM32G0xx_HAL_Driver/Src/stm32g0xx_hal_tim.o
                0x080048a0                HAL_TIM_IRQHandler
 .text.HAL_TIM_OC_ConfigChannel
                0x08004a54      0x2a4 ./Drivers/STM32G0xx_HAL_Driver/Src/stm32g0xx_hal_tim.o
                0x08004a54                HAL_TIM_OC_ConfigChannel
 .text.HAL_TIM_IC_ConfigChannel
                0x08004cf8      0x1bc ./Drivers/STM32G0xx_HAL_Driver/Src/stm32g0xx_hal_tim.o
                0x08004cf8                HAL_TIM_IC_ConfigChannel
 .text.HAL_TIM_PWM_ConfigChannel
                0x08004eb4      0x348 ./Drivers/STM32G0xx_HAL_Driver/Src/stm32g0xx_hal_tim.o
                0x08004eb4                HAL_TIM_PWM_ConfigChannel
 .text.HAL_TIM_ConfigClockSource
                0x080051fc      0x170 ./Drivers/STM32G0xx_HAL_Driver/Src/stm32g0xx_hal_tim.o
                0x080051fc                HAL_TIM_ConfigClockSource
 .text.HAL_TIM_ReadCapturedValue
                0x0800536c       0x30 ./Drivers/STM32G0xx_HAL_Driver/Src/stm32g0xx_hal_tim.o
                0x0800536c                HAL_TIM_ReadCapturedValue
 .text.HAL_TIM_RegisterCallback
                0x0800539c      0x104 ./Drivers/STM32G0xx_HAL_Driver/Src/stm32g0xx_hal_tim.o
                0x0800539c                HAL_TIM_RegisterCallback
 .text.HAL_TIMEx_MasterConfigSynchronization
                0x080054a0       0x70 ./Drivers/STM32G0xx_HAL_Driver/Src/stm32g0xx_hal_tim_ex.o
                0x080054a0                HAL_TIMEx_MasterConfigSynchronization
 .text.HAL_TIMEx_ConfigBreakDeadTime
                0x08005510       0xc0 ./Drivers/STM32G0xx_HAL_Driver/Src/stm32g0xx_hal_tim_ex.o
                0x08005510                HAL_TIMEx_ConfigBreakDeadTime
 .text.HAL_TIMEx_CommutCallback
                0x080055d0        0x4 ./Drivers/STM32G0xx_HAL_Driver/Src/stm32g0xx_hal_tim_ex.o
                0x080055d0                HAL_TIMEx_CommutCallback
 .text.HAL_TIMEx_CommutHalfCpltCallback
                0x080055d4        0x4 ./Drivers/STM32G0xx_HAL_Driver/Src/stm32g0xx_hal_tim_ex.o
                0x080055d4                HAL_TIMEx_CommutHalfCpltCallback
 .text.HAL_TIMEx_BreakCallback
                0x080055d8        0x4 ./Drivers/STM32G0xx_HAL_Driver/Src/stm32g0xx_hal_tim_ex.o
                0x080055d8                HAL_TIMEx_BreakCallback
 .text.HAL_TIMEx_Break2Callback
                0x080055dc        0x4 ./Drivers/STM32G0xx_HAL_Driver/Src/stm32g0xx_hal_tim_ex.o
                0x080055dc                HAL_TIMEx_Break2Callback
 .text.HAL_UARTEx_RxEventCallback
                0x080055e0        0x4 ./Drivers/STM32G0xx_HAL_Driver/Src/stm32g0xx_hal_uart.o
                0x080055e0                HAL_UARTEx_RxEventCallback
 .text.UART_DMAReceiveCplt
                0x080055e4       0xa0 ./Drivers/STM32G0xx_HAL_Driver/Src/stm32g0xx_hal_uart.o
 .text.UART_DMARxHalfCplt
                0x08005684       0x24 ./Drivers/STM32G0xx_HAL_Driver/Src/stm32g0xx_hal_uart.o
 .text.UART_DMAAbortOnError
                0x080056a8       0x18 ./Drivers/STM32G0xx_HAL_Driver/Src/stm32g0xx_hal_uart.o
 .text.HAL_UART_AbortReceiveCpltCallback
                0x080056c0        0x4 ./Drivers/STM32G0xx_HAL_Driver/Src/stm32g0xx_hal_uart.o
                0x080056c0                HAL_UART_AbortReceiveCpltCallback
 .text.HAL_UART_TxCpltCallback
                0x080056c4        0x4 ./Drivers/STM32G0xx_HAL_Driver/Src/stm32g0xx_hal_uart.o
                0x080056c4                HAL_UART_TxCpltCallback
 .text.HAL_UART_TxHalfCpltCallback
                0x080056c8        0x4 ./Drivers/STM32G0xx_HAL_Driver/Src/stm32g0xx_hal_uart.o
                0x080056c8                HAL_UART_TxHalfCpltCallback
 .text.HAL_UART_RxCpltCallback
                0x080056cc        0x4 ./Drivers/STM32G0xx_HAL_Driver/Src/stm32g0xx_hal_uart.o
                0x080056cc                HAL_UART_RxCpltCallback
 .text.HAL_UART_RxHalfCpltCallback
                0x080056d0        0x4 ./Drivers/STM32G0xx_HAL_Driver/Src/stm32g0xx_hal_uart.o
                0x080056d0                HAL_UART_RxHalfCpltCallback
 .text.HAL_UART_ErrorCallback
                0x080056d4        0x4 ./Drivers/STM32G0xx_HAL_Driver/Src/stm32g0xx_hal_uart.o
                0x080056d4                HAL_UART_ErrorCallback
 .text.HAL_UART_AbortCpltCallback
                0x080056d8        0x4 ./Drivers/STM32G0xx_HAL_Driver/Src/stm32g0xx_hal_uart.o
                0x080056d8                HAL_UART_AbortCpltCallback
 .text.HAL_UART_AbortTransmitCpltCallback
                0x080056dc        0x4 ./Drivers/STM32G0xx_HAL_Driver/Src/stm32g0xx_hal_uart.o
                0x080056dc                HAL_UART_AbortTransmitCpltCallback
 .text.UART_DMAError
                0x080056e0       0xdc ./Drivers/STM32G0xx_HAL_Driver/Src/stm32g0xx_hal_uart.o
 .text.HAL_UART_RegisterCallback
                0x080057bc       0xa4 ./Drivers/STM32G0xx_HAL_Driver/Src/stm32g0xx_hal_uart.o
                0x080057bc                HAL_UART_RegisterCallback
 .text.HAL_UART_Receive_DMA
                0x08005860      0x100 ./Drivers/STM32G0xx_HAL_Driver/Src/stm32g0xx_hal_uart.o
                0x08005860                HAL_UART_Receive_DMA
 .text.HAL_UART_IRQHandler
                0x08005960      0x3cc ./Drivers/STM32G0xx_HAL_Driver/Src/stm32g0xx_hal_uart.o
                0x08005960                HAL_UART_IRQHandler
 .text.UART_AdvFeatureConfig
                0x08005d2c       0xd0 ./Drivers/STM32G0xx_HAL_Driver/Src/stm32g0xx_hal_uart.o
                0x08005d2c                UART_AdvFeatureConfig
 .text.UART_CheckIdleState
                0x08005dfc      0x2ac ./Drivers/STM32G0xx_HAL_Driver/Src/stm32g0xx_hal_uart.o
                0x08005dfc                UART_CheckIdleState
 .text.HAL_UART_Init
                0x080060a8      0x324 ./Drivers/STM32G0xx_HAL_Driver/Src/stm32g0xx_hal_uart.o
                0x080060a8                HAL_UART_Init
 .text.HAL_UARTEx_WakeupCallback
                0x080063cc        0x4 ./Drivers/STM32G0xx_HAL_Driver/Src/stm32g0xx_hal_uart_ex.o
                0x080063cc                HAL_UARTEx_WakeupCallback
 .text.HAL_UARTEx_RxFifoFullCallback
                0x080063d0        0x4 ./Drivers/STM32G0xx_HAL_Driver/Src/stm32g0xx_hal_uart_ex.o
                0x080063d0                HAL_UARTEx_RxFifoFullCallback
 .text.HAL_UARTEx_TxFifoEmptyCallback
                0x080063d4        0x4 ./Drivers/STM32G0xx_HAL_Driver/Src/stm32g0xx_hal_uart_ex.o
                0x080063d4                HAL_UARTEx_TxFifoEmptyCallback
 .text.memset   0x080063d8       0x10 /Applications/STM32CubeIDE.app/Contents/Eclipse/plugins/com.st.stm32cube.ide.mcu.externaltools.gnu-tools-for-stm32.12.3.rel1.macos64_1.1.0.202410301201/tools/bin/../lib/gcc/arm-none-eabi/12.3.1/../../../../arm-none-eabi/lib/thumb/v6-m/nofp/libc_nano.a(libc_a-memset.o)
                0x080063d8                memset
 .text.__libc_init_array
                0x080063e8       0x48 /Applications/STM32CubeIDE.app/Contents/Eclipse/plugins/com.st.stm32cube.ide.mcu.externaltools.gnu-tools-for-stm32.12.3.rel1.macos64_1.1.0.202410301201/tools/bin/../lib/gcc/arm-none-eabi/12.3.1/../../../../arm-none-eabi/lib/thumb/v6-m/nofp/libc_nano.a(libc_a-init.o)
                0x080063e8                __libc_init_array
 .text.memcpy   0x08006430       0x12 /Applications/STM32CubeIDE.app/Contents/Eclipse/plugins/com.st.stm32cube.ide.mcu.externaltools.gnu-tools-for-stm32.12.3.rel1.macos64_1.1.0.202410301201/tools/bin/../lib/gcc/arm-none-eabi/12.3.1/../../../../arm-none-eabi/lib/thumb/v6-m/nofp/libc_nano.a(libc_a-memcpy-stub.o)
                0x08006430                memcpy
 *(.glue_7)
 .glue_7        0x08006442        0x0 linker stubs
 *(.glue_7t)
 .glue_7t       0x08006442        0x0 linker stubs
 *(.eh_frame)
 *fill*         0x08006442        0x2 
 .eh_frame      0x08006444        0x0 /Applications/STM32CubeIDE.app/Contents/Eclipse/plugins/com.st.stm32cube.ide.mcu.externaltools.gnu-tools-for-stm32.12.3.rel1.macos64_1.1.0.202410301201/tools/bin/../lib/gcc/arm-none-eabi/12.3.1/thumb/v6-m/nofp/crtbegin.o
 *(.init)
 .init          0x08006444        0x4 /Applications/STM32CubeIDE.app/Contents/Eclipse/plugins/com.st.stm32cube.ide.mcu.externaltools.gnu-tools-for-stm32.12.3.rel1.macos64_1.1.0.202410301201/tools/bin/../lib/gcc/arm-none-eabi/12.3.1/thumb/v6-m/nofp/crti.o
                0x08006444                _init
 .init          0x08006448        0x8 /Applications/STM32CubeIDE.app/Contents/Eclipse/plugins/com.st.stm32cube.ide.mcu.externaltools.gnu-tools-for-stm32.12.3.rel1.macos64_1.1.0.202410301201/tools/bin/../lib/gcc/arm-none-eabi/12.3.1/thumb/v6-m/nofp/crtn.o
 *(.fini)
 .fini          0x08006450        0x4 /Applications/STM32CubeIDE.app/Contents/Eclipse/plugins/com.st.stm32cube.ide.mcu.externaltools.gnu-tools-for-stm32.12.3.rel1.macos64_1.1.0.202410301201/tools/bin/../lib/gcc/arm-none-eabi/12.3.1/thumb/v6-m/nofp/crti.o
                0x08006450                _fini
 .fini          0x08006454        0x8 /Applications/STM32CubeIDE.app/Contents/Eclipse/plugins/com.st.stm32cube.ide.mcu.externaltools.gnu-tools-for-stm32.12.3.rel1.macos64_1.1.0.202410301201/tools/bin/../lib/gcc/arm-none-eabi/12.3.1/thumb/v6-m/nofp/crtn.o
                0x0800645c                        . = ALIGN (0x4)
                0x0800645c                        _etext = .

.vfp11_veneer   0x0800645c        0x0
 .vfp11_veneer  0x0800645c        0x0 linker stubs

.v4_bx          0x0800645c        0x0
 .v4_bx         0x0800645c        0x0 linker stubs

.iplt           0x0800645c        0x0
 .iplt          0x0800645c        0x0 /Applications/STM32CubeIDE.app/Contents/Eclipse/plugins/com.st.stm32cube.ide.mcu.externaltools.gnu-tools-for-stm32.12.3.rel1.macos64_1.1.0.202410301201/tools/bin/../lib/gcc/arm-none-eabi/12.3.1/thumb/v6-m/nofp/crtbegin.o

.rodata         0x0800645c      0xb50
                0x0800645c                        . = ALIGN (0x4)
 *(.rodata)
 *(.rodata*)
 .rodata.num_ADC_conversions
                0x0800645c        0x1 ./Core/Src/oscillator.o
                0x0800645c                num_ADC_conversions
 *fill*         0x0800645d        0x3 
 .rodata.tri_wavetable
                0x08006460      0x400 ./Core/Src/oscillator.o
                0x08006460                tri_wavetable
 .rodata.sine_wavetable
                0x08006860      0x400 ./Core/Src/oscillator.o
                0x08006860                sine_wavetable
 .rodata.APBPrescTable
                0x08006c60       0x20 ./Core/Src/system_stm32g0xx.o
                0x08006c60                APBPrescTable
 .rodata.AHBPrescTable
                0x08006c80       0x40 ./Core/Src/system_stm32g0xx.o
                0x08006c80                AHBPrescTable
 .rodata.HAL_ADC_RegisterCallback
                0x08006cc0       0x2c ./Drivers/STM32G0xx_HAL_Driver/Src/stm32g0xx_hal_adc.o
 .rodata.HAL_LPTIM_RegisterCallback
                0x08006cec       0x24 ./Drivers/STM32G0xx_HAL_Driver/Src/stm32g0xx_hal_lptim.o
 .rodata.HAL_TIM_OC_Start_IT
                0x08006d10       0x44 ./Drivers/STM32G0xx_HAL_Driver/Src/stm32g0xx_hal_tim.o
 .rodata.HAL_TIM_PWM_Start
                0x08006d54       0x44 ./Drivers/STM32G0xx_HAL_Driver/Src/stm32g0xx_hal_tim.o
 .rodata.HAL_TIM_IC_Start_IT
                0x08006d98       0x78 ./Drivers/STM32G0xx_HAL_Driver/Src/stm32g0xx_hal_tim.o
 .rodata.HAL_TIM_OC_ConfigChannel
                0x08006e10       0x54 ./Drivers/STM32G0xx_HAL_Driver/Src/stm32g0xx_hal_tim.o
 .rodata.HAL_TIM_PWM_ConfigChannel
                0x08006e64       0x54 ./Drivers/STM32G0xx_HAL_Driver/Src/stm32g0xx_hal_tim.o
 .rodata.HAL_TIM_RegisterCallback
                0x08006eb8       0xa8 ./Drivers/STM32G0xx_HAL_Driver/Src/stm32g0xx_hal_tim.o
 .rodata.HAL_UART_RegisterCallback
                0x08006f60       0x34 ./Drivers/STM32G0xx_HAL_Driver/Src/stm32g0xx_hal_uart.o
 .rodata.UARTPrescTable
                0x08006f94       0x18 ./Drivers/STM32G0xx_HAL_Driver/Src/stm32g0xx_hal_uart.o
                0x08006f94                UARTPrescTable
                0x08006fac                        . = ALIGN (0x4)

.ARM.extab      0x08006fac        0x0
                0x08006fac                        . = ALIGN (0x4)
 *(.ARM.extab* .gnu.linkonce.armextab.*)
                0x08006fac                        . = ALIGN (0x4)

.ARM            0x08006fac        0x8
                0x08006fac                        . = ALIGN (0x4)
                0x08006fac                        __exidx_start = .
 *(.ARM.exidx*)
 .ARM.exidx     0x08006fac        0x8 /Applications/STM32CubeIDE.app/Contents/Eclipse/plugins/com.st.stm32cube.ide.mcu.externaltools.gnu-tools-for-stm32.12.3.rel1.macos64_1.1.0.202410301201/tools/bin/../lib/gcc/arm-none-eabi/12.3.1/thumb/v6-m/nofp/libgcc.a(_udivmoddi4.o)
                0x08006fb4                        __exidx_end = .
                0x08006fb4                        . = ALIGN (0x4)

.preinit_array  0x08006fb4        0x0
                0x08006fb4                        . = ALIGN (0x4)
                0x08006fb4                        PROVIDE (__preinit_array_start = .)
 *(.preinit_array*)
                0x08006fb4                        PROVIDE (__preinit_array_end = .)
                0x08006fb4                        . = ALIGN (0x4)

.init_array     0x08006fb4        0x4
                0x08006fb4                        . = ALIGN (0x4)
                0x08006fb4                        PROVIDE (__init_array_start = .)
 *(SORT_BY_NAME(.init_array.*))
 *(.init_array*)
 .init_array    0x08006fb4        0x4 /Applications/STM32CubeIDE.app/Contents/Eclipse/plugins/com.st.stm32cube.ide.mcu.externaltools.gnu-tools-for-stm32.12.3.rel1.macos64_1.1.0.202410301201/tools/bin/../lib/gcc/arm-none-eabi/12.3.1/thumb/v6-m/nofp/crtbegin.o
                0x08006fb8                        PROVIDE (__init_array_end = .)
                0x08006fb8                        . = ALIGN (0x4)

.fini_array     0x08006fb8        0x4
                0x08006fb8                        . = ALIGN (0x4)
                [!provide]                        PROVIDE (__fini_array_start = .)
 *(SORT_BY_NAME(.fini_array.*))
 *(.fini_array*)
 .fini_array    0x08006fb8        0x4 /Applications/STM32CubeIDE.app/Contents/Eclipse/plugins/com.st.stm32cube.ide.mcu.externaltools.gnu-tools-for-stm32.12.3.rel1.macos64_1.1.0.202410301201/tools/bin/../lib/gcc/arm-none-eabi/12.3.1/thumb/v6-m/nofp/crtbegin.o
                [!provide]                        PROVIDE (__fini_array_end = .)
                0x08006fbc                        . = ALIGN (0x4)
                0x08006fbc                        _sidata = LOADADDR (.data)

.rel.dyn        0x08006fbc        0x0
 .rel.iplt      0x08006fbc        0x0 /Applications/STM32CubeIDE.app/Contents/Eclipse/plugins/com.st.stm32cube.ide.mcu.externaltools.gnu-tools-for-stm32.12.3.rel1.macos64_1.1.0.202410301201/tools/bin/../lib/gcc/arm-none-eabi/12.3.1/thumb/v6-m/nofp/crtbegin.o

.data           0x20000000      0x418 load address 0x08006fbc
                0x20000000                        . = ALIGN (0x4)
                0x20000000                        _sdata = .
 *(.data)
 *(.data*)
 .data.UART_DMA_TX_is_complete
                0x20000000        0x1 ./Core/Src/UART.o
                0x20000000                UART_DMA_TX_is_complete
 .data.tap_tempo_switch_state_counter.1
                0x20000001        0x1 ./Core/Src/checking_functions.o
 *fill*         0x20000002        0x2 
 .data.delay_line
                0x20000004      0x408 ./Core/Src/oscillator.o
                0x20000004                delay_line
 .data.SystemCoreClock
                0x2000040c        0x4 ./Core/Src/system_stm32g0xx.o
                0x2000040c                SystemCoreClock
 .data.uwTickFreq
                0x20000410        0x1 ./Drivers/STM32G0xx_HAL_Driver/Src/stm32g0xx_hal.o
                0x20000410                uwTickFreq
 *fill*         0x20000411        0x3 
 .data.uwTickPrio
                0x20000414        0x4 ./Drivers/STM32G0xx_HAL_Driver/Src/stm32g0xx_hal.o
                0x20000414                uwTickPrio
 *(.RamFunc)
 *(.RamFunc*)
                0x20000418                        . = ALIGN (0x4)
                0x20000418                        _edata = .

.igot.plt       0x20000418        0x0 load address 0x080073d4
 .igot.plt      0x20000418        0x0 /Applications/STM32CubeIDE.app/Contents/Eclipse/plugins/com.st.stm32cube.ide.mcu.externaltools.gnu-tools-for-stm32.12.3.rel1.macos64_1.1.0.202410301201/tools/bin/../lib/gcc/arm-none-eabi/12.3.1/thumb/v6-m/nofp/crtbegin.o
                0x20000418                        . = ALIGN (0x4)

.bss            0x20000418      0x71c load address 0x080073d4
                0x20000418                        _sbss = .
                0x20000418                        __bss_start__ = _sbss
 *(.bss)
 .bss           0x20000418       0x1c /Applications/STM32CubeIDE.app/Contents/Eclipse/plugins/com.st.stm32cube.ide.mcu.externaltools.gnu-tools-for-stm32.12.3.rel1.macos64_1.1.0.202410301201/tools/bin/../lib/gcc/arm-none-eabi/12.3.1/thumb/v6-m/nofp/crtbegin.o
 *(.bss*)
 .bss.rx_buffer
                0x20000434        0x1 ./Core/Src/UART.o
                0x20000434                rx_buffer
 .bss.extend_rising_edge.0
                0x20000435        0x1 ./Core/Src/checking_functions.o
 *fill*         0x20000436        0x2 
 .bss.hlptim1   0x20000438       0x5c ./Core/Src/config.o
                0x20000438                hlptim1
 .bss.hdma_usart2_tx
                0x20000494       0x5c ./Core/Src/config.o
                0x20000494                hdma_usart2_tx
 .bss.hdma_usart2_rx
                0x200004f0       0x5c ./Core/Src/config.o
                0x200004f0                hdma_usart2_rx
 .bss.huart2    0x2000054c       0xcc ./Core/Src/config.o
                0x2000054c                huart2
 .bss.htim1     0x20000618       0xbc ./Core/Src/config.o
                0x20000618                htim1
 .bss.htim3     0x200006d4       0xbc ./Core/Src/config.o
                0x200006d4                htim3
 .bss.htim2     0x20000790       0xbc ./Core/Src/config.o
                0x20000790                htim2
 .bss.htim16    0x2000084c       0xbc ./Core/Src/config.o
                0x2000084c                htim16
 .bss.htim17    0x20000908       0xbc ./Core/Src/config.o
                0x20000908                htim17
 .bss.hdma_adc1
                0x200009c4       0x5c ./Core/Src/config.o
                0x200009c4                hdma_adc1
 .bss.hadc1     0x20000a20       0x88 ./Core/Src/config.o
                0x20000a20                hadc1
 .bss.tap_tempo_switch_states.0
                0x20000aa8        0x2 ./Core/Src/custom_callbacks.o
 .bss.interrupt_period
                0x20000aaa        0x2 ./Core/Src/input_capture.o
                0x20000aaa                interrupt_period
 .bss.input_capture_processing_can_be_started
                0x20000aac        0x1 ./Core/Src/input_capture.o
                0x20000aac                input_capture_processing_can_be_started
 .bss.input_capture_measurement_reelapse_is_ongoing
                0x20000aad        0x1 ./Core/Src/input_capture.o
                0x20000aad                input_capture_measurement_reelapse_is_ongoing
 .bss.input_capture_measurement_is_ongoing
                0x20000aae        0x1 ./Core/Src/input_capture.o
                0x20000aae                input_capture_measurement_is_ongoing
 *fill*         0x20000aaf        0x1 
 .bss.TIM2_ch1_input_capture_value
                0x20000ab0        0x4 ./Core/Src/input_capture.o
                0x20000ab0                TIM2_ch1_input_capture_value
 .bss.input_capture_event
                0x20000ab4        0x1 ./Core/Src/input_capture.o
                0x20000ab4                input_capture_event
 *fill*         0x20000ab5        0x3 
 .bss.params_working
                0x20000ab8       0x22 ./Core/Src/oscillator.o
                0x20000ab8                params_working
 *fill*         0x20000ada        0x2 
 .bss.params_to_be_loaded
                0x20000adc       0x22 ./Core/Src/oscillator.o
                0x20000adc                params_to_be_loaded
 *fill*         0x20000afe        0x2 
 .bss.params    0x20000b00       0x22 ./Core/Src/oscillator.o
                0x20000b00                params
 .bss.first_sync_complete
                0x20000b22        0x1 ./Core/Src/oscillator.o
                0x20000b22                first_sync_complete
 .bss.initial_ADC_conversion_complete
                0x20000b23        0x1 ./Core/Src/oscillator.o
                0x20000b23                initial_ADC_conversion_complete
 .bss.ADCResultsDMA
                0x20000b24        0xa ./Core/Src/oscillator.o
                0x20000b24                ADCResultsDMA
 .bss.state     0x20000b2e        0x1 ./Core/Src/speed_control_state_machine.o
                0x20000b2e                state
 *fill*         0x20000b2f        0x1 
 .bss.uwTick    0x20000b30        0x4 ./Drivers/STM32G0xx_HAL_Driver/Src/stm32g0xx_hal.o
                0x20000b30                uwTick
 *(COMMON)
                0x20000b34                        . = ALIGN (0x4)
                0x20000b34                        _ebss = .
                0x20000b34                        __bss_end__ = _ebss

._user_heap_stack
                0x20000b34      0x604 load address 0x080073d4
                0x20000b38                        . = ALIGN (0x8)
 *fill*         0x20000b34        0x4 
                [!provide]                        PROVIDE (end = .)
                0x20000b38                        PROVIDE (_end = .)
                0x20000d38                        . = (. + _Min_Heap_Size)
 *fill*         0x20000b38      0x200 
                0x20001138                        . = (. + _Min_Stack_Size)
 *fill*         0x20000d38      0x400 
                0x20001138                        . = ALIGN (0x8)

/DISCARD/
 libc.a(*)
 libm.a(*)
 libgcc.a(*)

.ARM.attributes
                0x00000000       0x28
 *(.ARM.attributes)
 .ARM.attributes
                0x00000000       0x1e /Applications/STM32CubeIDE.app/Contents/Eclipse/plugins/com.st.stm32cube.ide.mcu.externaltools.gnu-tools-for-stm32.12.3.rel1.macos64_1.1.0.202410301201/tools/bin/../lib/gcc/arm-none-eabi/12.3.1/thumb/v6-m/nofp/crti.o
 .ARM.attributes
                0x0000001e       0x2c /Applications/STM32CubeIDE.app/Contents/Eclipse/plugins/com.st.stm32cube.ide.mcu.externaltools.gnu-tools-for-stm32.12.3.rel1.macos64_1.1.0.202410301201/tools/bin/../lib/gcc/arm-none-eabi/12.3.1/thumb/v6-m/nofp/crtbegin.o
 .ARM.attributes
                0x0000004a       0x28 ./Core/Src/UART.o
 .ARM.attributes
                0x00000072       0x28 ./Core/Src/checking_functions.o
 .ARM.attributes
                0x0000009a       0x28 ./Core/Src/config.o
 .ARM.attributes
                0x000000c2       0x28 ./Core/Src/custom_callbacks.o
 .ARM.attributes
                0x000000ea       0x28 ./Core/Src/input_capture.o
 .ARM.attributes
                0x00000112       0x28 ./Core/Src/main.o
 .ARM.attributes
                0x0000013a       0x28 ./Core/Src/oscillator.o
 .ARM.attributes
                0x00000162       0x28 ./Core/Src/speed_control_state_machine.o
 .ARM.attributes
                0x0000018a       0x28 ./Core/Src/startup.o
 .ARM.attributes
                0x000001b2       0x28 ./Core/Src/stm32g0xx_hal_msp.o
 .ARM.attributes
                0x000001da       0x28 ./Core/Src/stm32g0xx_it.o
 .ARM.attributes
                0x00000202       0x28 ./Core/Src/symmetry_adjustment.o
 .ARM.attributes
                0x0000022a       0x28 ./Core/Src/system_stm32g0xx.o
 .ARM.attributes
                0x00000252       0x28 ./Core/Src/timers.o
 .ARM.attributes
                0x0000027a       0x28 ./Core/Src/utility.o
 .ARM.attributes
                0x000002a2       0x22 ./Core/Startup/startup_stm32g031k8tx.o
 .ARM.attributes
                0x000002c4       0x28 ./Drivers/STM32G0xx_HAL_Driver/Src/stm32g0xx_hal.o
 .ARM.attributes
                0x000002ec       0x28 ./Drivers/STM32G0xx_HAL_Driver/Src/stm32g0xx_hal_adc.o
 .ARM.attributes
                0x00000314       0x28 ./Drivers/STM32G0xx_HAL_Driver/Src/stm32g0xx_hal_adc_ex.o
 .ARM.attributes
                0x0000033c       0x28 ./Drivers/STM32G0xx_HAL_Driver/Src/stm32g0xx_hal_cortex.o
 .ARM.attributes
                0x00000364       0x28 ./Drivers/STM32G0xx_HAL_Driver/Src/stm32g0xx_hal_dma.o
 .ARM.attributes
                0x0000038c       0x28 ./Drivers/STM32G0xx_HAL_Driver/Src/stm32g0xx_hal_gpio.o
 .ARM.attributes
                0x000003b4       0x28 ./Drivers/STM32G0xx_HAL_Driver/Src/stm32g0xx_hal_lptim.o
 .ARM.attributes
                0x000003dc       0x28 ./Drivers/STM32G0xx_HAL_Driver/Src/stm32g0xx_hal_pwr_ex.o
 .ARM.attributes
                0x00000404       0x28 ./Drivers/STM32G0xx_HAL_Driver/Src/stm32g0xx_hal_rcc.o
 .ARM.attributes
                0x0000042c       0x28 ./Drivers/STM32G0xx_HAL_Driver/Src/stm32g0xx_hal_rcc_ex.o
 .ARM.attributes
                0x00000454       0x28 ./Drivers/STM32G0xx_HAL_Driver/Src/stm32g0xx_hal_tim.o
 .ARM.attributes
                0x0000047c       0x28 ./Drivers/STM32G0xx_HAL_Driver/Src/stm32g0xx_hal_tim_ex.o
 .ARM.attributes
                0x000004a4       0x28 ./Drivers/STM32G0xx_HAL_Driver/Src/stm32g0xx_hal_uart.o
 .ARM.attributes
                0x000004cc       0x28 ./Drivers/STM32G0xx_HAL_Driver/Src/stm32g0xx_hal_uart_ex.o
 .ARM.attributes
                0x000004f4       0x2c /Applications/STM32CubeIDE.app/Contents/Eclipse/plugins/com.st.stm32cube.ide.mcu.externaltools.gnu-tools-for-stm32.12.3.rel1.macos64_1.1.0.202410301201/tools/bin/../lib/gcc/arm-none-eabi/12.3.1/../../../../arm-none-eabi/lib/thumb/v6-m/nofp/libc_nano.a(libc_a-memset.o)
 .ARM.attributes
                0x00000520       0x2c /Applications/STM32CubeIDE.app/Contents/Eclipse/plugins/com.st.stm32cube.ide.mcu.externaltools.gnu-tools-for-stm32.12.3.rel1.macos64_1.1.0.202410301201/tools/bin/../lib/gcc/arm-none-eabi/12.3.1/../../../../arm-none-eabi/lib/thumb/v6-m/nofp/libc_nano.a(libc_a-init.o)
 .ARM.attributes
                0x0000054c       0x2c /Applications/STM32CubeIDE.app/Contents/Eclipse/plugins/com.st.stm32cube.ide.mcu.externaltools.gnu-tools-for-stm32.12.3.rel1.macos64_1.1.0.202410301201/tools/bin/../lib/gcc/arm-none-eabi/12.3.1/../../../../arm-none-eabi/lib/thumb/v6-m/nofp/libc_nano.a(libc_a-memcpy-stub.o)
 .ARM.attributes
                0x00000578       0x1e /Applications/STM32CubeIDE.app/Contents/Eclipse/plugins/com.st.stm32cube.ide.mcu.externaltools.gnu-tools-for-stm32.12.3.rel1.macos64_1.1.0.202410301201/tools/bin/../lib/gcc/arm-none-eabi/12.3.1/thumb/v6-m/nofp/libgcc.a(_udivsi3.o)
 .ARM.attributes
                0x00000596       0x1e /Applications/STM32CubeIDE.app/Contents/Eclipse/plugins/com.st.stm32cube.ide.mcu.externaltools.gnu-tools-for-stm32.12.3.rel1.macos64_1.1.0.202410301201/tools/bin/../lib/gcc/arm-none-eabi/12.3.1/thumb/v6-m/nofp/libgcc.a(_dvmd_tls.o)
 .ARM.attributes
                0x000005b4       0x1e /Applications/STM32CubeIDE.app/Contents/Eclipse/plugins/com.st.stm32cube.ide.mcu.externaltools.gnu-tools-for-stm32.12.3.rel1.macos64_1.1.0.202410301201/tools/bin/../lib/gcc/arm-none-eabi/12.3.1/thumb/v6-m/nofp/libgcc.a(_aeabi_uldivmod.o)
 .ARM.attributes
                0x000005d2       0x2c /Applications/STM32CubeIDE.app/Contents/Eclipse/plugins/com.st.stm32cube.ide.mcu.externaltools.gnu-tools-for-stm32.12.3.rel1.macos64_1.1.0.202410301201/tools/bin/../lib/gcc/arm-none-eabi/12.3.1/thumb/v6-m/nofp/libgcc.a(_udivmoddi4.o)
 .ARM.attributes
                0x000005fe       0x1e /Applications/STM32CubeIDE.app/Contents/Eclipse/plugins/com.st.stm32cube.ide.mcu.externaltools.gnu-tools-for-stm32.12.3.rel1.macos64_1.1.0.202410301201/tools/bin/../lib/gcc/arm-none-eabi/12.3.1/thumb/v6-m/nofp/libgcc.a(_clzdi2.o)
 .ARM.attributes
                0x0000061c       0x1e /Applications/STM32CubeIDE.app/Contents/Eclipse/plugins/com.st.stm32cube.ide.mcu.externaltools.gnu-tools-for-stm32.12.3.rel1.macos64_1.1.0.202410301201/tools/bin/../lib/gcc/arm-none-eabi/12.3.1/thumb/v6-m/nofp/libgcc.a(_clzsi2.o)
 .ARM.attributes
                0x0000063a       0x1e /Applications/STM32CubeIDE.app/Contents/Eclipse/plugins/com.st.stm32cube.ide.mcu.externaltools.gnu-tools-for-stm32.12.3.rel1.macos64_1.1.0.202410301201/tools/bin/../lib/gcc/arm-none-eabi/12.3.1/thumb/v6-m/nofp/crtn.o
OUTPUT(g031k8.elf elf32-littlearm)
LOAD linker stubs
LOAD /Applications/STM32CubeIDE.app/Contents/Eclipse/plugins/com.st.stm32cube.ide.mcu.externaltools.gnu-tools-for-stm32.12.3.rel1.macos64_1.1.0.202410301201/tools/bin/../lib/gcc/arm-none-eabi/12.3.1/../../../../arm-none-eabi/lib/thumb/v6-m/nofp/libc.a
LOAD /Applications/STM32CubeIDE.app/Contents/Eclipse/plugins/com.st.stm32cube.ide.mcu.externaltools.gnu-tools-for-stm32.12.3.rel1.macos64_1.1.0.202410301201/tools/bin/../lib/gcc/arm-none-eabi/12.3.1/../../../../arm-none-eabi/lib/thumb/v6-m/nofp/libm.a
LOAD /Applications/STM32CubeIDE.app/Contents/Eclipse/plugins/com.st.stm32cube.ide.mcu.externaltools.gnu-tools-for-stm32.12.3.rel1.macos64_1.1.0.202410301201/tools/bin/../lib/gcc/arm-none-eabi/12.3.1/thumb/v6-m/nofp/libgcc.a

.debug_info     0x00000000    0x28046
 .debug_info    0x00000000      0x92c ./Core/Src/UART.o
 .debug_info    0x0000092c      0x50b ./Core/Src/checking_functions.o
 .debug_info    0x00000e37     0x36e2 ./Core/Src/config.o
 .debug_info    0x00004519     0x1ffe ./Core/Src/custom_callbacks.o
 .debug_info    0x00006517      0xe7d ./Core/Src/input_capture.o
 .debug_info    0x00007394      0x29e ./Core/Src/main.o
 .debug_info    0x00007632      0xf81 ./Core/Src/oscillator.o
 .debug_info    0x000085b3       0xb3 ./Core/Src/speed_control_state_machine.o
 .debug_info    0x00008666     0x1533 ./Core/Src/startup.o
 .debug_info    0x00009b99     0x2047 ./Core/Src/stm32g0xx_hal_msp.o
 .debug_info    0x0000bbe0     0x13d7 ./Core/Src/stm32g0xx_it.o
 .debug_info    0x0000cfb7      0x53d ./Core/Src/symmetry_adjustment.o
 .debug_info    0x0000d4f4      0x34e ./Core/Src/system_stm32g0xx.o
 .debug_info    0x0000d842      0xa48 ./Core/Src/timers.o
 .debug_info    0x0000e28a      0x202 ./Core/Src/utility.o
 .debug_info    0x0000e48c       0x30 ./Core/Startup/startup_stm32g031k8tx.o
 .debug_info    0x0000e4bc      0xb3c ./Drivers/STM32G0xx_HAL_Driver/Src/stm32g0xx_hal.o
 .debug_info    0x0000eff8     0x23a8 ./Drivers/STM32G0xx_HAL_Driver/Src/stm32g0xx_hal_adc.o
 .debug_info    0x000113a0      0xd8e ./Drivers/STM32G0xx_HAL_Driver/Src/stm32g0xx_hal_adc_ex.o
 .debug_info    0x0001212e      0xa40 ./Drivers/STM32G0xx_HAL_Driver/Src/stm32g0xx_hal_cortex.o
 .debug_info    0x00012b6e      0xab0 ./Drivers/STM32G0xx_HAL_Driver/Src/stm32g0xx_hal_dma.o
 .debug_info    0x0001361e      0x5ef ./Drivers/STM32G0xx_HAL_Driver/Src/stm32g0xx_hal_gpio.o
 .debug_info    0x00013c0d     0x1c86 ./Drivers/STM32G0xx_HAL_Driver/Src/stm32g0xx_hal_lptim.o
 .debug_info    0x00015893      0x7ef ./Drivers/STM32G0xx_HAL_Driver/Src/stm32g0xx_hal_pwr_ex.o
 .debug_info    0x00016082      0xdc8 ./Drivers/STM32G0xx_HAL_Driver/Src/stm32g0xx_hal_rcc.o
 .debug_info    0x00016e4a      0x854 ./Drivers/STM32G0xx_HAL_Driver/Src/stm32g0xx_hal_rcc_ex.o
 .debug_info    0x0001769e     0x5491 ./Drivers/STM32G0xx_HAL_Driver/Src/stm32g0xx_hal_tim.o
 .debug_info    0x0001cb2f     0x2151 ./Drivers/STM32G0xx_HAL_Driver/Src/stm32g0xx_hal_tim_ex.o
 .debug_info    0x0001ec80     0x7f18 ./Drivers/STM32G0xx_HAL_Driver/Src/stm32g0xx_hal_uart.o
 .debug_info    0x00026b98     0x14ae ./Drivers/STM32G0xx_HAL_Driver/Src/stm32g0xx_hal_uart_ex.o

.debug_abbrev   0x00000000     0x4d2d
 .debug_abbrev  0x00000000      0x1b9 ./Core/Src/UART.o
 .debug_abbrev  0x000001b9      0x1b9 ./Core/Src/checking_functions.o
 .debug_abbrev  0x00000372      0x37e ./Core/Src/config.o
 .debug_abbrev  0x000006f0      0x2e3 ./Core/Src/custom_callbacks.o
 .debug_abbrev  0x000009d3      0x328 ./Core/Src/input_capture.o
 .debug_abbrev  0x00000cfb      0x151 ./Core/Src/main.o
 .debug_abbrev  0x00000e4c      0x2d3 ./Core/Src/oscillator.o
 .debug_abbrev  0x0000111f       0x6f ./Core/Src/speed_control_state_machine.o
 .debug_abbrev  0x0000118e      0x27a ./Core/Src/startup.o
 .debug_abbrev  0x00001408      0x2ae ./Core/Src/stm32g0xx_hal_msp.o
 .debug_abbrev  0x000016b6      0x27c ./Core/Src/stm32g0xx_it.o
 .debug_abbrev  0x00001932      0x1b4 ./Core/Src/symmetry_adjustment.o
 .debug_abbrev  0x00001ae6      0x148 ./Core/Src/system_stm32g0xx.o
 .debug_abbrev  0x00001c2e      0x21c ./Core/Src/timers.o
 .debug_abbrev  0x00001e4a      0x137 ./Core/Src/utility.o
 .debug_abbrev  0x00001f81       0x24 ./Core/Startup/startup_stm32g031k8tx.o
 .debug_abbrev  0x00001fa5      0x341 ./Drivers/STM32G0xx_HAL_Driver/Src/stm32g0xx_hal.o
 .debug_abbrev  0x000022e6      0x370 ./Drivers/STM32G0xx_HAL_Driver/Src/stm32g0xx_hal_adc.o
 .debug_abbrev  0x00002656      0x30f ./Drivers/STM32G0xx_HAL_Driver/Src/stm32g0xx_hal_adc_ex.o
 .debug_abbrev  0x00002965      0x2dc ./Drivers/STM32G0xx_HAL_Driver/Src/stm32g0xx_hal_cortex.o
 .debug_abbrev  0x00002c41      0x28a ./Drivers/STM32G0xx_HAL_Driver/Src/stm32g0xx_hal_dma.o
 .debug_abbrev  0x00002ecb      0x26c ./Drivers/STM32G0xx_HAL_Driver/Src/stm32g0xx_hal_gpio.o
 .debug_abbrev  0x00003137      0x37c ./Drivers/STM32G0xx_HAL_Driver/Src/stm32g0xx_hal_lptim.o
 .debug_abbrev  0x000034b3      0x28a ./Drivers/STM32G0xx_HAL_Driver/Src/stm32g0xx_hal_pwr_ex.o
 .debug_abbrev  0x0000373d      0x36b ./Drivers/STM32G0xx_HAL_Driver/Src/stm32g0xx_hal_rcc.o
 .debug_abbrev  0x00003aa8      0x296 ./Drivers/STM32G0xx_HAL_Driver/Src/stm32g0xx_hal_rcc_ex.o
 .debug_abbrev  0x00003d3e      0x3e7 ./Drivers/STM32G0xx_HAL_Driver/Src/stm32g0xx_hal_tim.o
 .debug_abbrev  0x00004125      0x3f8 ./Drivers/STM32G0xx_HAL_Driver/Src/stm32g0xx_hal_tim_ex.o
 .debug_abbrev  0x0000451d      0x4a2 ./Drivers/STM32G0xx_HAL_Driver/Src/stm32g0xx_hal_uart.o
 .debug_abbrev  0x000049bf      0x36e ./Drivers/STM32G0xx_HAL_Driver/Src/stm32g0xx_hal_uart_ex.o

.debug_aranges  0x00000000     0x1348
 .debug_aranges
                0x00000000       0x20 ./Core/Src/UART.o
 .debug_aranges
                0x00000020       0x30 ./Core/Src/checking_functions.o
 .debug_aranges
                0x00000050       0x88 ./Core/Src/config.o
 .debug_aranges
                0x000000d8       0x70 ./Core/Src/custom_callbacks.o
 .debug_aranges
                0x00000148       0x38 ./Core/Src/input_capture.o
 .debug_aranges
                0x00000180       0x20 ./Core/Src/main.o
 .debug_aranges
                0x000001a0       0x50 ./Core/Src/oscillator.o
 .debug_aranges
                0x000001f0       0x18 ./Core/Src/speed_control_state_machine.o
 .debug_aranges
                0x00000208       0x20 ./Core/Src/startup.o
 .debug_aranges
                0x00000228       0x68 ./Core/Src/stm32g0xx_hal_msp.o
 .debug_aranges
                0x00000290       0x88 ./Core/Src/stm32g0xx_it.o
 .debug_aranges
                0x00000318       0x28 ./Core/Src/symmetry_adjustment.o
 .debug_aranges
                0x00000340       0x28 ./Core/Src/system_stm32g0xx.o
 .debug_aranges
                0x00000368       0x28 ./Core/Src/timers.o
 .debug_aranges
                0x00000390       0x38 ./Core/Src/utility.o
 .debug_aranges
                0x000003c8       0x28 ./Core/Startup/startup_stm32g031k8tx.o
 .debug_aranges
                0x000003f0      0x128 ./Drivers/STM32G0xx_HAL_Driver/Src/stm32g0xx_hal.o
 .debug_aranges
                0x00000518      0x108 ./Drivers/STM32G0xx_HAL_Driver/Src/stm32g0xx_hal_adc.o
 .debug_aranges
                0x00000620       0x58 ./Drivers/STM32G0xx_HAL_Driver/Src/stm32g0xx_hal_adc_ex.o
 .debug_aranges
                0x00000678       0xa0 ./Drivers/STM32G0xx_HAL_Driver/Src/stm32g0xx_hal_cortex.o
 .debug_aranges
                0x00000718       0x78 ./Drivers/STM32G0xx_HAL_Driver/Src/stm32g0xx_hal_dma.o
 .debug_aranges
                0x00000790       0x60 ./Drivers/STM32G0xx_HAL_Driver/Src/stm32g0xx_hal_gpio.o
 .debug_aranges
                0x000007f0      0x170 ./Drivers/STM32G0xx_HAL_Driver/Src/stm32g0xx_hal_lptim.o
 .debug_aranges
                0x00000960       0xf0 ./Drivers/STM32G0xx_HAL_Driver/Src/stm32g0xx_hal_pwr_ex.o
 .debug_aranges
                0x00000a50       0x98 ./Drivers/STM32G0xx_HAL_Driver/Src/stm32g0xx_hal_rcc.o
 .debug_aranges
                0x00000ae8       0x40 ./Drivers/STM32G0xx_HAL_Driver/Src/stm32g0xx_hal_rcc_ex.o
 .debug_aranges
                0x00000b28      0x398 ./Drivers/STM32G0xx_HAL_Driver/Src/stm32g0xx_hal_tim.o
 .debug_aranges
                0x00000ec0      0x190 ./Drivers/STM32G0xx_HAL_Driver/Src/stm32g0xx_hal_tim_ex.o
 .debug_aranges
                0x00001050      0x260 ./Drivers/STM32G0xx_HAL_Driver/Src/stm32g0xx_hal_uart.o
 .debug_aranges
                0x000012b0       0x98 ./Drivers/STM32G0xx_HAL_Driver/Src/stm32g0xx_hal_uart_ex.o

.debug_rnglists
                0x00000000     0x1b27
 .debug_rnglists
                0x00000000       0x13 ./Core/Src/UART.o
 .debug_rnglists
                0x00000013       0x1f ./Core/Src/checking_functions.o
 .debug_rnglists
                0x00000032       0xd6 ./Core/Src/config.o
 .debug_rnglists
                0x00000108       0x51 ./Core/Src/custom_callbacks.o
 .debug_rnglists
                0x00000159       0x34 ./Core/Src/input_capture.o
 .debug_rnglists
                0x0000018d       0x13 ./Core/Src/main.o
 .debug_rnglists
                0x000001a0       0x39 ./Core/Src/oscillator.o
 .debug_rnglists
                0x000001d9       0x14 ./Core/Src/startup.o
 .debug_rnglists
                0x000001ed      0x135 ./Core/Src/stm32g0xx_hal_msp.o
 .debug_rnglists
                0x00000322       0x61 ./Core/Src/stm32g0xx_it.o
 .debug_rnglists
                0x00000383       0x27 ./Core/Src/symmetry_adjustment.o
 .debug_rnglists
                0x000003aa       0x1a ./Core/Src/system_stm32g0xx.o
 .debug_rnglists
                0x000003c4       0x19 ./Core/Src/timers.o
 .debug_rnglists
                0x000003dd       0x34 ./Core/Src/utility.o
 .debug_rnglists
                0x00000411       0x19 ./Core/Startup/startup_stm32g031k8tx.o
 .debug_rnglists
                0x0000042a       0xd9 ./Drivers/STM32G0xx_HAL_Driver/Src/stm32g0xx_hal.o
 .debug_rnglists
                0x00000503      0x26b ./Drivers/STM32G0xx_HAL_Driver/Src/stm32g0xx_hal_adc.o
 .debug_rnglists
                0x0000076e       0xb9 ./Drivers/STM32G0xx_HAL_Driver/Src/stm32g0xx_hal_adc_ex.o
 .debug_rnglists
                0x00000827       0x9d ./Drivers/STM32G0xx_HAL_Driver/Src/stm32g0xx_hal_cortex.o
 .debug_rnglists
                0x000008c4       0x9e ./Drivers/STM32G0xx_HAL_Driver/Src/stm32g0xx_hal_dma.o
 .debug_rnglists
                0x00000962       0x45 ./Drivers/STM32G0xx_HAL_Driver/Src/stm32g0xx_hal_gpio.o
 .debug_rnglists
                0x000009a7      0x256 ./Drivers/STM32G0xx_HAL_Driver/Src/stm32g0xx_hal_lptim.o
 .debug_rnglists
                0x00000bfd       0xb0 ./Drivers/STM32G0xx_HAL_Driver/Src/stm32g0xx_hal_pwr_ex.o
 .debug_rnglists
                0x00000cad       0xb4 ./Drivers/STM32G0xx_HAL_Driver/Src/stm32g0xx_hal_rcc.o
 .debug_rnglists
                0x00000d61       0x71 ./Drivers/STM32G0xx_HAL_Driver/Src/stm32g0xx_hal_rcc_ex.o
 .debug_rnglists
                0x00000dd2      0x72a ./Drivers/STM32G0xx_HAL_Driver/Src/stm32g0xx_hal_tim.o
 .debug_rnglists
                0x000014fc      0x192 ./Drivers/STM32G0xx_HAL_Driver/Src/stm32g0xx_hal_tim_ex.o
 .debug_rnglists
                0x0000168e      0x3f0 ./Drivers/STM32G0xx_HAL_Driver/Src/stm32g0xx_hal_uart.o
 .debug_rnglists
                0x00001a7e       0xa9 ./Drivers/STM32G0xx_HAL_Driver/Src/stm32g0xx_hal_uart_ex.o

.debug_macro    0x00000000    0x198a9
 .debug_macro   0x00000000      0x23d ./Core/Src/UART.o
 .debug_macro   0x0000023d      0xaae ./Core/Src/UART.o
 .debug_macro   0x00000ceb       0x22 ./Core/Src/UART.o
 .debug_macro   0x00000d0d       0x8e ./Core/Src/UART.o
 .debug_macro   0x00000d9b       0x51 ./Core/Src/UART.o
 .debug_macro   0x00000dec      0x103 ./Core/Src/UART.o
 .debug_macro   0x00000eef       0x6a ./Core/Src/UART.o
 .debug_macro   0x00000f59      0x1df ./Core/Src/UART.o
 .debug_macro   0x00001138      0x12f ./Core/Src/UART.o
 .debug_macro   0x00001267       0x2e ./Core/Src/UART.o
 .debug_macro   0x00001295       0x28 ./Core/Src/UART.o
 .debug_macro   0x000012bd       0x1c ./Core/Src/UART.o
 .debug_macro   0x000012d9       0x22 ./Core/Src/UART.o
 .debug_macro   0x000012fb       0xd1 ./Core/Src/UART.o
 .debug_macro   0x000013cc      0x4da ./Core/Src/UART.o
 .debug_macro   0x000018a6      0x11f ./Core/Src/UART.o
 .debug_macro   0x000019c5     0xac2c ./Core/Src/UART.o
 .debug_macro   0x0000c5f1       0x66 ./Core/Src/UART.o
 .debug_macro   0x0000c657     0x350e ./Core/Src/UART.o
 .debug_macro   0x0000fb65      0x189 ./Core/Src/UART.o
 .debug_macro   0x0000fcee       0x5c ./Core/Src/UART.o
 .debug_macro   0x0000fd4a      0x518 ./Core/Src/UART.o
 .debug_macro   0x00010262      0xf70 ./Core/Src/UART.o
 .debug_macro   0x000111d2      0x1d8 ./Core/Src/UART.o
 .debug_macro   0x000113aa      0x1cf ./Core/Src/UART.o
 .debug_macro   0x00011579      0x122 ./Core/Src/UART.o
 .debug_macro   0x0001169b      0x390 ./Core/Src/UART.o
 .debug_macro   0x00011a2b      0x202 ./Core/Src/UART.o
 .debug_macro   0x00011c2d      0x2ff ./Core/Src/UART.o
 .debug_macro   0x00011f2c      0x1b2 ./Core/Src/UART.o
 .debug_macro   0x000120de       0x43 ./Core/Src/UART.o
 .debug_macro   0x00012121      0x1f1 ./Core/Src/UART.o
 .debug_macro   0x00012312      0x8a8 ./Core/Src/UART.o
 .debug_macro   0x00012bba      0x5bb ./Core/Src/UART.o
 .debug_macro   0x00013175       0x2e ./Core/Src/UART.o
 .debug_macro   0x000131a3      0x1d6 ./Core/Src/UART.o
 .debug_macro   0x00013379      0x38a ./Core/Src/UART.o
 .debug_macro   0x00013703       0x28 ./Core/Src/UART.o
 .debug_macro   0x0001372b       0xe4 ./Core/Src/UART.o
 .debug_macro   0x0001380f       0x85 ./Core/Src/UART.o
 .debug_macro   0x00013894      0x2bd ./Core/Src/UART.o
 .debug_macro   0x00013b51      0x10c ./Core/Src/UART.o
 .debug_macro   0x00013c5d      0x240 ./Core/Src/UART.o
 .debug_macro   0x00013e9d      0xac2 ./Core/Src/UART.o
 .debug_macro   0x0001495f      0x135 ./Core/Src/UART.o
 .debug_macro   0x00014a94      0x69a ./Core/Src/UART.o
 .debug_macro   0x0001512e       0xa6 ./Core/Src/UART.o
 .debug_macro   0x000151d4      0x49d ./Core/Src/UART.o
 .debug_macro   0x00015671       0xe8 ./Core/Src/UART.o
 .debug_macro   0x00015759       0x16 ./Core/Src/UART.o
 .debug_macro   0x0001576f      0x2a9 ./Core/Src/checking_functions.o
 .debug_macro   0x00015a18       0x10 ./Core/Src/checking_functions.o
 .debug_macro   0x00015a28       0x16 ./Core/Src/checking_functions.o
 .debug_macro   0x00015a3e       0xe2 ./Core/Src/checking_functions.o
 .debug_macro   0x00015b20       0x4c ./Core/Src/checking_functions.o
 .debug_macro   0x00015b6c       0x16 ./Core/Src/checking_functions.o
 .debug_macro   0x00015b82       0x10 ./Core/Src/checking_functions.o
 .debug_macro   0x00015b92      0x2d9 ./Core/Src/config.o
 .debug_macro   0x00015e6b      0x2d5 ./Core/Src/custom_callbacks.o
 .debug_macro   0x00016140      0x285 ./Core/Src/input_capture.o
 .debug_macro   0x000163c5      0x2d1 ./Core/Src/main.o
 .debug_macro   0x00016696      0x27b ./Core/Src/oscillator.o
 .debug_macro   0x00016911       0x6d ./Core/Src/speed_control_state_machine.o
 .debug_macro   0x0001697e      0x2c7 ./Core/Src/startup.o
 .debug_macro   0x00016c45      0x22a ./Core/Src/stm32g0xx_hal_msp.o
 .debug_macro   0x00016e6f      0x289 ./Core/Src/stm32g0xx_it.o
 .debug_macro   0x000170f8      0x27b ./Core/Src/symmetry_adjustment.o
 .debug_macro   0x00017373      0x21b ./Core/Src/system_stm32g0xx.o
 .debug_macro   0x0001758e      0x234 ./Core/Src/timers.o
 .debug_macro   0x000177c2      0x233 ./Core/Src/utility.o
 .debug_macro   0x000179f5      0x23f ./Drivers/STM32G0xx_HAL_Driver/Src/stm32g0xx_hal.o
 .debug_macro   0x00017c34      0x23f ./Drivers/STM32G0xx_HAL_Driver/Src/stm32g0xx_hal_adc.o
 .debug_macro   0x00017e73      0x227 ./Drivers/STM32G0xx_HAL_Driver/Src/stm32g0xx_hal_adc_ex.o
 .debug_macro   0x0001809a      0x21b ./Drivers/STM32G0xx_HAL_Driver/Src/stm32g0xx_hal_cortex.o
 .debug_macro   0x000182b5      0x21b ./Drivers/STM32G0xx_HAL_Driver/Src/stm32g0xx_hal_dma.o
 .debug_macro   0x000184d0      0x222 ./Drivers/STM32G0xx_HAL_Driver/Src/stm32g0xx_hal_gpio.o
 .debug_macro   0x000186f2      0x231 ./Drivers/STM32G0xx_HAL_Driver/Src/stm32g0xx_hal_lptim.o
 .debug_macro   0x00018923      0x245 ./Drivers/STM32G0xx_HAL_Driver/Src/stm32g0xx_hal_pwr_ex.o
 .debug_macro   0x00018b68      0x25d ./Drivers/STM32G0xx_HAL_Driver/Src/stm32g0xx_hal_rcc.o
 .debug_macro   0x00018dc5      0x233 ./Drivers/STM32G0xx_HAL_Driver/Src/stm32g0xx_hal_rcc_ex.o
 .debug_macro   0x00018ff8      0x223 ./Drivers/STM32G0xx_HAL_Driver/Src/stm32g0xx_hal_tim.o
 .debug_macro   0x0001921b      0x221 ./Drivers/STM32G0xx_HAL_Driver/Src/stm32g0xx_hal_tim_ex.o
 .debug_macro   0x0001943c      0x246 ./Drivers/STM32G0xx_HAL_Driver/Src/stm32g0xx_hal_uart.o
 .debug_macro   0x00019682      0x227 ./Drivers/STM32G0xx_HAL_Driver/Src/stm32g0xx_hal_uart_ex.o

.debug_line     0x00000000    0x27edd
 .debug_line    0x00000000      0x7af ./Core/Src/UART.o
 .debug_line    0x000007af      0xa18 ./Core/Src/checking_functions.o
 .debug_line    0x000011c7     0x1b23 ./Core/Src/config.o
 .debug_line    0x00002cea      0xc3a ./Core/Src/custom_callbacks.o
 .debug_line    0x00003924      0x9b5 ./Core/Src/input_capture.o
 .debug_line    0x000042d9      0x8d0 ./Core/Src/main.o
 .debug_line    0x00004ba9      0xcd6 ./Core/Src/oscillator.o
 .debug_line    0x0000587f      0x3cb ./Core/Src/speed_control_state_machine.o
 .debug_line    0x00005c4a      0x951 ./Core/Src/startup.o
 .debug_line    0x0000659b      0xd53 ./Core/Src/stm32g0xx_hal_msp.o
 .debug_line    0x000072ee      0x9e6 ./Core/Src/stm32g0xx_it.o
 .debug_line    0x00007cd4      0xcc4 ./Core/Src/symmetry_adjustment.o
 .debug_line    0x00008998      0x871 ./Core/Src/system_stm32g0xx.o
 .debug_line    0x00009209      0x7e3 ./Core/Src/timers.o
 .debug_line    0x000099ec      0x869 ./Core/Src/utility.o
 .debug_line    0x0000a255       0x7b ./Core/Startup/startup_stm32g031k8tx.o
 .debug_line    0x0000a2d0      0xce1 ./Drivers/STM32G0xx_HAL_Driver/Src/stm32g0xx_hal.o
 .debug_line    0x0000afb1     0x2441 ./Drivers/STM32G0xx_HAL_Driver/Src/stm32g0xx_hal_adc.o
 .debug_line    0x0000d3f2      0xcaa ./Drivers/STM32G0xx_HAL_Driver/Src/stm32g0xx_hal_adc_ex.o
 .debug_line    0x0000e09c      0xca8 ./Drivers/STM32G0xx_HAL_Driver/Src/stm32g0xx_hal_cortex.o
 .debug_line    0x0000ed44     0x12ee ./Drivers/STM32G0xx_HAL_Driver/Src/stm32g0xx_hal_dma.o
 .debug_line    0x00010032      0xd58 ./Drivers/STM32G0xx_HAL_Driver/Src/stm32g0xx_hal_gpio.o
 .debug_line    0x00010d8a     0x2129 ./Drivers/STM32G0xx_HAL_Driver/Src/stm32g0xx_hal_lptim.o
 .debug_line    0x00012eb3      0xca1 ./Drivers/STM32G0xx_HAL_Driver/Src/stm32g0xx_hal_pwr_ex.o
 .debug_line    0x00013b54     0x1546 ./Drivers/STM32G0xx_HAL_Driver/Src/stm32g0xx_hal_rcc.o
 .debug_line    0x0001509a      0xed5 ./Drivers/STM32G0xx_HAL_Driver/Src/stm32g0xx_hal_rcc_ex.o
 .debug_line    0x00015f6f     0x7638 ./Drivers/STM32G0xx_HAL_Driver/Src/stm32g0xx_hal_tim.o
 .debug_line    0x0001d5a7     0x233e ./Drivers/STM32G0xx_HAL_Driver/Src/stm32g0xx_hal_tim_ex.o
 .debug_line    0x0001f8e5     0x708c ./Drivers/STM32G0xx_HAL_Driver/Src/stm32g0xx_hal_uart.o
 .debug_line    0x00026971     0x156c ./Drivers/STM32G0xx_HAL_Driver/Src/stm32g0xx_hal_uart_ex.o

.debug_str      0x00000000    0x9ec25
 .debug_str     0x00000000    0x974fc ./Core/Src/UART.o
                              0x97d12 (size before relaxing)
 .debug_str     0x000974fc      0xaff ./Core/Src/checking_functions.o
                              0x981c4 (size before relaxing)
 .debug_str     0x00097ffb     0x19ea ./Core/Src/config.o
                              0x9a29e (size before relaxing)
 .debug_str     0x000999e5      0x419 ./Core/Src/custom_callbacks.o
                              0x9998d (size before relaxing)
 .debug_str     0x00099dfe      0x105 ./Core/Src/input_capture.o
                              0x98997 (size before relaxing)
 .debug_str     0x00099f03       0x3d ./Core/Src/main.o
                              0x98004 (size before relaxing)
 .debug_str     0x00099f40      0x165 ./Core/Src/oscillator.o
                              0x98a74 (size before relaxing)
 .debug_str     0x0009a0a5       0x2a ./Core/Src/speed_control_state_machine.o
                               0x3d0a (size before relaxing)
 .debug_str     0x0009a0cf       0x2e ./Core/Src/startup.o
                              0x99076 (size before relaxing)
 .debug_str     0x0009a0fd      0x216 ./Core/Src/stm32g0xx_hal_msp.o
                              0x98ce2 (size before relaxing)
 .debug_str     0x0009a313      0x198 ./Core/Src/stm32g0xx_it.o
                              0x98f17 (size before relaxing)
 .debug_str     0x0009a4ab      0x23d ./Core/Src/symmetry_adjustment.o
                              0x9808f (size before relaxing)
 .debug_str     0x0009a6e8       0x8e ./Core/Src/system_stm32g0xx.o
                              0x973a8 (size before relaxing)
 .debug_str     0x0009a776       0x4b ./Core/Src/timers.o
                              0x97f36 (size before relaxing)
 .debug_str     0x0009a7c1       0x55 ./Core/Src/utility.o
                              0x976f1 (size before relaxing)
 .debug_str     0x0009a816       0x44 ./Core/Startup/startup_stm32g031k8tx.o
                                 0x70 (size before relaxing)
 .debug_str     0x0009a85a      0x571 ./Drivers/STM32G0xx_HAL_Driver/Src/stm32g0xx_hal.o
                              0x97b7e (size before relaxing)
 .debug_str     0x0009adcb      0x8d3 ./Drivers/STM32G0xx_HAL_Driver/Src/stm32g0xx_hal_adc.o
                              0x983bb (size before relaxing)
 .debug_str     0x0009b69e      0x1e2 ./Drivers/STM32G0xx_HAL_Driver/Src/stm32g0xx_hal_adc_ex.o
                              0x97bfe (size before relaxing)
 .debug_str     0x0009b880      0x28b ./Drivers/STM32G0xx_HAL_Driver/Src/stm32g0xx_hal_cortex.o
                              0x97824 (size before relaxing)
 .debug_str     0x0009bb0b      0x261 ./Drivers/STM32G0xx_HAL_Driver/Src/stm32g0xx_hal_dma.o
                              0x97842 (size before relaxing)
 .debug_str     0x0009bd6c       0xcd ./Drivers/STM32G0xx_HAL_Driver/Src/stm32g0xx_hal_gpio.o
                              0x974cf (size before relaxing)
 .debug_str     0x0009be39      0x5a2 ./Drivers/STM32G0xx_HAL_Driver/Src/stm32g0xx_hal_lptim.o
                              0x97e33 (size before relaxing)
 .debug_str     0x0009c3db      0x37b ./Drivers/STM32G0xx_HAL_Driver/Src/stm32g0xx_hal_pwr_ex.o
                              0x97821 (size before relaxing)
 .debug_str     0x0009c756      0x4ae ./Drivers/STM32G0xx_HAL_Driver/Src/stm32g0xx_hal_rcc.o
                              0x97afe (size before relaxing)
 .debug_str     0x0009cc04      0x185 ./Drivers/STM32G0xx_HAL_Driver/Src/stm32g0xx_hal_rcc_ex.o
                              0x97737 (size before relaxing)
 .debug_str     0x0009cd89      0xd1f ./Drivers/STM32G0xx_HAL_Driver/Src/stm32g0xx_hal_tim.o
                              0x98f73 (size before relaxing)
 .debug_str     0x0009daa8      0x4a0 ./Drivers/STM32G0xx_HAL_Driver/Src/stm32g0xx_hal_tim_ex.o
                              0x984d5 (size before relaxing)
 .debug_str     0x0009df48      0xa15 ./Drivers/STM32G0xx_HAL_Driver/Src/stm32g0xx_hal_uart.o
                              0x986f6 (size before relaxing)
 .debug_str     0x0009e95d      0x2c8 ./Drivers/STM32G0xx_HAL_Driver/Src/stm32g0xx_hal_uart_ex.o
                              0x97d4c (size before relaxing)

.comment        0x00000000       0x43
 .comment       0x00000000       0x43 ./Core/Src/UART.o
                                 0x44 (size before relaxing)
 .comment       0x00000043       0x44 ./Core/Src/checking_functions.o
 .comment       0x00000043       0x44 ./Core/Src/config.o
 .comment       0x00000043       0x44 ./Core/Src/custom_callbacks.o
 .comment       0x00000043       0x44 ./Core/Src/input_capture.o
 .comment       0x00000043       0x44 ./Core/Src/main.o
 .comment       0x00000043       0x44 ./Core/Src/oscillator.o
 .comment       0x00000043       0x44 ./Core/Src/speed_control_state_machine.o
 .comment       0x00000043       0x44 ./Core/Src/startup.o
 .comment       0x00000043       0x44 ./Core/Src/stm32g0xx_hal_msp.o
 .comment       0x00000043       0x44 ./Core/Src/stm32g0xx_it.o
 .comment       0x00000043       0x44 ./Core/Src/symmetry_adjustment.o
 .comment       0x00000043       0x44 ./Core/Src/system_stm32g0xx.o
 .comment       0x00000043       0x44 ./Core/Src/timers.o
 .comment       0x00000043       0x44 ./Core/Src/utility.o
 .comment       0x00000043       0x44 ./Drivers/STM32G0xx_HAL_Driver/Src/stm32g0xx_hal.o
 .comment       0x00000043       0x44 ./Drivers/STM32G0xx_HAL_Driver/Src/stm32g0xx_hal_adc.o
 .comment       0x00000043       0x44 ./Drivers/STM32G0xx_HAL_Driver/Src/stm32g0xx_hal_adc_ex.o
 .comment       0x00000043       0x44 ./Drivers/STM32G0xx_HAL_Driver/Src/stm32g0xx_hal_cortex.o
 .comment       0x00000043       0x44 ./Drivers/STM32G0xx_HAL_Driver/Src/stm32g0xx_hal_dma.o
 .comment       0x00000043       0x44 ./Drivers/STM32G0xx_HAL_Driver/Src/stm32g0xx_hal_gpio.o
 .comment       0x00000043       0x44 ./Drivers/STM32G0xx_HAL_Driver/Src/stm32g0xx_hal_lptim.o
 .comment       0x00000043       0x44 ./Drivers/STM32G0xx_HAL_Driver/Src/stm32g0xx_hal_pwr_ex.o
 .comment       0x00000043       0x44 ./Drivers/STM32G0xx_HAL_Driver/Src/stm32g0xx_hal_rcc.o
 .comment       0x00000043       0x44 ./Drivers/STM32G0xx_HAL_Driver/Src/stm32g0xx_hal_rcc_ex.o
 .comment       0x00000043       0x44 ./Drivers/STM32G0xx_HAL_Driver/Src/stm32g0xx_hal_tim.o
 .comment       0x00000043       0x44 ./Drivers/STM32G0xx_HAL_Driver/Src/stm32g0xx_hal_tim_ex.o
 .comment       0x00000043       0x44 ./Drivers/STM32G0xx_HAL_Driver/Src/stm32g0xx_hal_uart.o
 .comment       0x00000043       0x44 ./Drivers/STM32G0xx_HAL_Driver/Src/stm32g0xx_hal_uart_ex.o

.debug_frame    0x00000000     0x3340
 .debug_frame   0x00000000       0x28 ./Core/Src/UART.o
 .debug_frame   0x00000028       0x50 ./Core/Src/checking_functions.o
 .debug_frame   0x00000078      0x190 ./Core/Src/config.o
 .debug_frame   0x00000208      0x110 ./Core/Src/custom_callbacks.o
 .debug_frame   0x00000318       0x80 ./Core/Src/input_capture.o
 .debug_frame   0x00000398       0x2c ./Core/Src/main.o
 .debug_frame   0x000003c4       0xa4 ./Core/Src/oscillator.o
 .debug_frame   0x00000468       0x2c ./Core/Src/startup.o
 .debug_frame   0x00000494      0x110 ./Core/Src/stm32g0xx_hal_msp.o
 .debug_frame   0x000005a4      0x140 ./Core/Src/stm32g0xx_it.o
 .debug_frame   0x000006e4       0x48 ./Core/Src/symmetry_adjustment.o
 .debug_frame   0x0000072c       0x38 ./Core/Src/system_stm32g0xx.o
 .debug_frame   0x00000764       0x40 ./Core/Src/timers.o
 .debug_frame   0x000007a4       0x5c ./Core/Src/utility.o
 .debug_frame   0x00000800      0x270 ./Drivers/STM32G0xx_HAL_Driver/Src/stm32g0xx_hal.o
 .debug_frame   0x00000a70      0x318 ./Drivers/STM32G0xx_HAL_Driver/Src/stm32g0xx_hal_adc.o
 .debug_frame   0x00000d88       0xb8 ./Drivers/STM32G0xx_HAL_Driver/Src/stm32g0xx_hal_adc_ex.o
 .debug_frame   0x00000e40      0x130 ./Drivers/STM32G0xx_HAL_Driver/Src/stm32g0xx_hal_cortex.o
 .debug_frame   0x00000f70      0x168 ./Drivers/STM32G0xx_HAL_Driver/Src/stm32g0xx_hal_dma.o
 .debug_frame   0x000010d8       0xe4 ./Drivers/STM32G0xx_HAL_Driver/Src/stm32g0xx_hal_gpio.o
 .debug_frame   0x000011bc      0x438 ./Drivers/STM32G0xx_HAL_Driver/Src/stm32g0xx_hal_lptim.o
 .debug_frame   0x000015f4      0x1e4 ./Drivers/STM32G0xx_HAL_Driver/Src/stm32g0xx_hal_pwr_ex.o
 .debug_frame   0x000017d8      0x184 ./Drivers/STM32G0xx_HAL_Driver/Src/stm32g0xx_hal_rcc.o
 .debug_frame   0x0000195c       0xa8 ./Drivers/STM32G0xx_HAL_Driver/Src/stm32g0xx_hal_rcc_ex.o
 .debug_frame   0x00001a04      0xa80 ./Drivers/STM32G0xx_HAL_Driver/Src/stm32g0xx_hal_tim.o
 .debug_frame   0x00002484      0x4b4 ./Drivers/STM32G0xx_HAL_Driver/Src/stm32g0xx_hal_tim_ex.o
 .debug_frame   0x00002938      0x770 ./Drivers/STM32G0xx_HAL_Driver/Src/stm32g0xx_hal_uart.o
 .debug_frame   0x000030a8      0x1c8 ./Drivers/STM32G0xx_HAL_Driver/Src/stm32g0xx_hal_uart_ex.o
 .debug_frame   0x00003270       0x20 /Applications/STM32CubeIDE.app/Contents/Eclipse/plugins/com.st.stm32cube.ide.mcu.externaltools.gnu-tools-for-stm32.12.3.rel1.macos64_1.1.0.202410301201/tools/bin/../lib/gcc/arm-none-eabi/12.3.1/../../../../arm-none-eabi/lib/thumb/v6-m/nofp/libc_nano.a(libc_a-memset.o)
 .debug_frame   0x00003290       0x2c /Applications/STM32CubeIDE.app/Contents/Eclipse/plugins/com.st.stm32cube.ide.mcu.externaltools.gnu-tools-for-stm32.12.3.rel1.macos64_1.1.0.202410301201/tools/bin/../lib/gcc/arm-none-eabi/12.3.1/../../../../arm-none-eabi/lib/thumb/v6-m/nofp/libc_nano.a(libc_a-init.o)
 .debug_frame   0x000032bc       0x28 /Applications/STM32CubeIDE.app/Contents/Eclipse/plugins/com.st.stm32cube.ide.mcu.externaltools.gnu-tools-for-stm32.12.3.rel1.macos64_1.1.0.202410301201/tools/bin/../lib/gcc/arm-none-eabi/12.3.1/../../../../arm-none-eabi/lib/thumb/v6-m/nofp/libc_nano.a(libc_a-memcpy-stub.o)
 .debug_frame   0x000032e4       0x20 /Applications/STM32CubeIDE.app/Contents/Eclipse/plugins/com.st.stm32cube.ide.mcu.externaltools.gnu-tools-for-stm32.12.3.rel1.macos64_1.1.0.202410301201/tools/bin/../lib/gcc/arm-none-eabi/12.3.1/thumb/v6-m/nofp/libgcc.a(_udivsi3.o)
 .debug_frame   0x00003304       0x3c /Applications/STM32CubeIDE.app/Contents/Eclipse/plugins/com.st.stm32cube.ide.mcu.externaltools.gnu-tools-for-stm32.12.3.rel1.macos64_1.1.0.202410301201/tools/bin/../lib/gcc/arm-none-eabi/12.3.1/thumb/v6-m/nofp/libgcc.a(_udivmoddi4.o)

.debug_loclists
                0x00000000     0xf206
 .debug_loclists
                0x00000000       0x9c ./Core/Src/checking_functions.o
 .debug_loclists
                0x0000009c       0xff ./Core/Src/custom_callbacks.o
 .debug_loclists
                0x0000019b      0x157 ./Core/Src/input_capture.o
 .debug_loclists
                0x000002f2      0x26a ./Core/Src/oscillator.o
 .debug_loclists
                0x0000055c       0x20 ./Core/Src/startup.o
 .debug_loclists
                0x0000057c      0x1af ./Core/Src/stm32g0xx_hal_msp.o
 .debug_loclists
                0x0000072b      0x3a8 ./Core/Src/symmetry_adjustment.o
 .debug_loclists
                0x00000ad3       0xa7 ./Core/Src/system_stm32g0xx.o
 .debug_loclists
                0x00000b7a       0x90 ./Core/Src/timers.o
 .debug_loclists
                0x00000c0a       0x56 ./Core/Src/utility.o
 .debug_loclists
                0x00000c60      0x143 ./Drivers/STM32G0xx_HAL_Driver/Src/stm32g0xx_hal.o
 .debug_loclists
                0x00000da3     0x1121 ./Drivers/STM32G0xx_HAL_Driver/Src/stm32g0xx_hal_adc.o
 .debug_loclists
                0x00001ec4      0x2a3 ./Drivers/STM32G0xx_HAL_Driver/Src/stm32g0xx_hal_adc_ex.o
 .debug_loclists
                0x00002167      0x1ef ./Drivers/STM32G0xx_HAL_Driver/Src/stm32g0xx_hal_cortex.o
 .debug_loclists
                0x00002356      0x747 ./Drivers/STM32G0xx_HAL_Driver/Src/stm32g0xx_hal_dma.o
 .debug_loclists
                0x00002a9d      0x372 ./Drivers/STM32G0xx_HAL_Driver/Src/stm32g0xx_hal_gpio.o
 .debug_loclists
                0x00002e0f     0x1041 ./Drivers/STM32G0xx_HAL_Driver/Src/stm32g0xx_hal_lptim.o
 .debug_loclists
                0x00003e50      0x1b3 ./Drivers/STM32G0xx_HAL_Driver/Src/stm32g0xx_hal_pwr_ex.o
 .debug_loclists
                0x00004003      0x4e1 ./Drivers/STM32G0xx_HAL_Driver/Src/stm32g0xx_hal_rcc.o
 .debug_loclists
                0x000044e4      0x46c ./Drivers/STM32G0xx_HAL_Driver/Src/stm32g0xx_hal_rcc_ex.o
 .debug_loclists
                0x00004950     0x4f53 ./Drivers/STM32G0xx_HAL_Driver/Src/stm32g0xx_hal_tim.o
 .debug_loclists
                0x000098a3     0x1392 ./Drivers/STM32G0xx_HAL_Driver/Src/stm32g0xx_hal_tim_ex.o
 .debug_loclists
                0x0000ac35     0x3cb5 ./Drivers/STM32G0xx_HAL_Driver/Src/stm32g0xx_hal_uart.o
 .debug_loclists
                0x0000e8ea      0x91c ./Drivers/STM32G0xx_HAL_Driver/Src/stm32g0xx_hal_uart_ex.o

.debug_line_str
                0x00000000       0x54
 .debug_line_str
                0x00000000       0x54 ./Core/Startup/startup_stm32g031k8tx.o