Archive member included to satisfy reference by file (symbol)

/Applications/STM32CubeIDE.app/Contents/Eclipse/plugins/com.st.stm32cube.ide.mcu.externaltools.gnu-tools-for-stm32.12.3.rel1.macos64_1.1.0.202410301201/tools/bin/../lib/gcc/arm-none-eabi/12.3.1/../../../../arm-none-eabi/lib/thumb/v6-m/nofp/libc_nano.a(libc_a-exit.o)
                              /Applications/STM32CubeIDE.app/Contents/Eclipse/plugins/com.st.stm32cube.ide.mcu.externaltools.gnu-tools-for-stm32.12.3.rel1.macos64_1.1.0.202410301201/tools/bin/../lib/gcc/arm-none-eabi/12.3.1/../../../../arm-none-eabi/lib/thumb/v6-m/nofp/crt0.o (exit)
/Applications/STM32CubeIDE.app/Contents/Eclipse/plugins/com.st.stm32cube.ide.mcu.externaltools.gnu-tools-for-stm32.12.3.rel1.macos64_1.1.0.202410301201/tools/bin/../lib/gcc/arm-none-eabi/12.3.1/../../../../arm-none-eabi/lib/thumb/v6-m/nofp/libc_nano.a(libc_a-findfp.o)
                              /Applications/STM32CubeIDE.app/Contents/Eclipse/plugins/com.st.stm32cube.ide.mcu.externaltools.gnu-tools-for-stm32.12.3.rel1.macos64_1.1.0.202410301201/tools/bin/../lib/gcc/arm-none-eabi/12.3.1/../../../../arm-none-eabi/lib/thumb/v6-m/nofp/libc_nano.a(libc_a-exit.o) (__stdio_exit_handler)
/Applications/STM32CubeIDE.app/Contents/Eclipse/plugins/com.st.stm32cube.ide.mcu.externaltools.gnu-tools-for-stm32.12.3.rel1.macos64_1.1.0.202410301201/tools/bin/../lib/gcc/arm-none-eabi/12.3.1/../../../../arm-none-eabi/lib/thumb/v6-m/nofp/libc_nano.a(libc_a-fwalk.o)
                              /Applications/STM32CubeIDE.app/Contents/Eclipse/plugins/com.st.stm32cube.ide.mcu.externaltools.gnu-tools-for-stm32.12.3.rel1.macos64_1.1.0.202410301201/tools/bin/../lib/gcc/arm-none-eabi/12.3.1/../../../../arm-none-eabi/lib/thumb/v6-m/nofp/libc_nano.a(libc_a-findfp.o) (_fwalk_sglue)
/Applications/STM32CubeIDE.app/Contents/Eclipse/plugins/com.st.stm32cube.ide.mcu.externaltools.gnu-tools-for-stm32.12.3.rel1.macos64_1.1.0.202410301201/tools/bin/../lib/gcc/arm-none-eabi/12.3.1/../../../../arm-none-eabi/lib/thumb/v6-m/nofp/libc_nano.a(libc_a-memset.o)
                              /Applications/STM32CubeIDE.app/Contents/Eclipse/plugins/com.st.stm32cube.ide.mcu.externaltools.gnu-tools-for-stm32.12.3.rel1.macos64_1.1.0.202410301201/tools/bin/../lib/gcc/arm-none-eabi/12.3.1/../../../../arm-none-eabi/lib/thumb/v6-m/nofp/crt0.o (memset)
/Applications/STM32CubeIDE.app/Contents/Eclipse/plugins/com.st.stm32cube.ide.mcu.externaltools.gnu-tools-for-stm32.12.3.rel1.macos64_1.1.0.202410301201/tools/bin/../lib/gcc/arm-none-eabi/12.3.1/../../../../arm-none-eabi/lib/thumb/v6-m/nofp/libc_nano.a(libc_a-impure.o)
                              /Applications/STM32CubeIDE.app/Contents/Eclipse/plugins/com.st.stm32cube.ide.mcu.externaltools.gnu-tools-for-stm32.12.3.rel1.macos64_1.1.0.202410301201/tools/bin/../lib/gcc/arm-none-eabi/12.3.1/../../../../arm-none-eabi/lib/thumb/v6-m/nofp/libc_nano.a(libc_a-findfp.o) (_impure_data)
/Applications/STM32CubeIDE.app/Contents/Eclipse/plugins/com.st.stm32cube.ide.mcu.externaltools.gnu-tools-for-stm32.12.3.rel1.macos64_1.1.0.202410301201/tools/bin/../lib/gcc/arm-none-eabi/12.3.1/../../../../arm-none-eabi/lib/thumb/v6-m/nofp/libc_nano.a(libc_a-errno.o)
                              ./Core/Src/syscalls.o (__errno)
/Applications/STM32CubeIDE.app/Contents/Eclipse/plugins/com.st.stm32cube.ide.mcu.externaltools.gnu-tools-for-stm32.12.3.rel1.macos64_1.1.0.202410301201/tools/bin/../lib/gcc/arm-none-eabi/12.3.1/../../../../arm-none-eabi/lib/thumb/v6-m/nofp/libc_nano.a(libc_a-init.o)
                              /Applications/STM32CubeIDE.app/Contents/Eclipse/plugins/com.st.stm32cube.ide.mcu.externaltools.gnu-tools-for-stm32.12.3.rel1.macos64_1.1.0.202410301201/tools/bin/../lib/gcc/arm-none-eabi/12.3.1/../../../../arm-none-eabi/lib/thumb/v6-m/nofp/crt0.o (__libc_init_array)
/Applications/STM32CubeIDE.app/Contents/Eclipse/plugins/com.st.stm32cube.ide.mcu.externaltools.gnu-tools-for-stm32.12.3.rel1.macos64_1.1.0.202410301201/tools/bin/../lib/gcc/arm-none-eabi/12.3.1/../../../../arm-none-eabi/lib/thumb/v6-m/nofp/libc_nano.a(libc_a-lock.o)
                              /Applications/STM32CubeIDE.app/Contents/Eclipse/plugins/com.st.stm32cube.ide.mcu.externaltools.gnu-tools-for-stm32.12.3.rel1.macos64_1.1.0.202410301201/tools/bin/../lib/gcc/arm-none-eabi/12.3.1/../../../../arm-none-eabi/lib/thumb/v6-m/nofp/libc_nano.a(libc_a-findfp.o) (__retarget_lock_init_recursive)
/Applications/STM32CubeIDE.app/Contents/Eclipse/plugins/com.st.stm32cube.ide.mcu.externaltools.gnu-tools-for-stm32.12.3.rel1.macos64_1.1.0.202410301201/tools/bin/../lib/gcc/arm-none-eabi/12.3.1/../../../../arm-none-eabi/lib/thumb/v6-m/nofp/libc_nano.a(libc_a-memcpy-stub.o)
                              ./Core/Src/input_capture.o (memcpy)
[...]
Memory Configuration

Name             Origin             Length             Attributes
RAM              0x20000000         0x00002000         xrw
FLASH            0x08000000         0x0000f800         xr
*default*        0x00000000         0xffffffff

Linker script and memory map

LOAD /Applications/STM32CubeIDE.app/Contents/Eclipse/plugins/com.st.stm32cube.ide.mcu.externaltools.gnu-tools-for-stm32.12.3.rel1.macos64_1.1.0.202410301201/tools/bin/../lib/gcc/arm-none-eabi/12.3.1/thumb/v6-m/nofp/crti.o
LOAD /Applications/STM32CubeIDE.app/Contents/Eclipse/plugins/com.st.stm32cube.ide.mcu.externaltools.gnu-tools-for-stm32.12.3.rel1.macos64_1.1.0.202410301201/tools/bin/../lib/gcc/arm-none-eabi/12.3.1/thumb/v6-m/nofp/crtbegin.o
LOAD /Applications/STM32CubeIDE.app/Contents/Eclipse/plugins/com.st.stm32cube.ide.mcu.externaltools.gnu-tools-for-stm32.12.3.rel1.macos64_1.1.0.202410301201/tools/bin/../lib/gcc/arm-none-eabi/12.3.1/../../../../arm-none-eabi/lib/thumb/v6-m/nofp/crt0.o
LOAD ./Core/Src/CC_and_PC.o
LOAD ./Core/Src/UART.o
LOAD ./Core/Src/checking_functions.o
LOAD ./Core/Src/config.o
LOAD ./Core/Src/custom_callbacks.o
LOAD ./Core/Src/debug.o
LOAD ./Core/Src/input_capture.o
LOAD ./Core/Src/main.o
LOAD ./Core/Src/oscillator.o
LOAD ./Core/Src/startup.o
LOAD ./Core/Src/state_machine.o
LOAD ./Core/Src/stm32g0xx_hal_msp.o
LOAD ./Core/Src/stm32g0xx_it.o
LOAD ./Core/Src/symmetry_adjustment.o
LOAD ./Core/Src/syscalls.o
LOAD ./Core/Src/sysmem.o
LOAD ./Core/Src/system_stm32g0xx.o
LOAD ./Core/Src/timers.o
LOAD ./Core/Src/utility.o
LOAD ./Core/Startup/startup_stm32g031k8tx.o
LOAD ./Drivers/STM32G0xx_HAL_Driver/Src/stm32g0xx_hal.o
LOAD ./Drivers/STM32G0xx_HAL_Driver/Src/stm32g0xx_hal_adc.o
LOAD ./Drivers/STM32G0xx_HAL_Driver/Src/stm32g0xx_hal_adc_ex.o
LOAD ./Drivers/STM32G0xx_HAL_Driver/Src/stm32g0xx_hal_cortex.o
LOAD ./Drivers/STM32G0xx_HAL_Driver/Src/stm32g0xx_hal_dma.o
LOAD ./Drivers/STM32G0xx_HAL_Driver/Src/stm32g0xx_hal_dma_ex.o
LOAD ./Drivers/STM32G0xx_HAL_Driver/Src/stm32g0xx_hal_exti.o
LOAD ./Drivers/STM32G0xx_HAL_Driver/Src/stm32g0xx_hal_flash.o
LOAD ./Drivers/STM32G0xx_HAL_Driver/Src/stm32g0xx_hal_flash_ex.o
LOAD ./Drivers/STM32G0xx_HAL_Driver/Src/stm32g0xx_hal_gpio.o
LOAD ./Drivers/STM32G0xx_HAL_Driver/Src/stm32g0xx_hal_iwdg.o
LOAD ./Drivers/STM32G0xx_HAL_Driver/Src/stm32g0xx_hal_lptim.o
LOAD ./Drivers/STM32G0xx_HAL_Driver/Src/stm32g0xx_hal_pwr.o
LOAD ./Drivers/STM32G0xx_HAL_Driver/Src/stm32g0xx_hal_pwr_ex.o
LOAD ./Drivers/STM32G0xx_HAL_Driver/Src/stm32g0xx_hal_rcc.o
LOAD ./Drivers/STM32G0xx_HAL_Driver/Src/stm32g0xx_hal_rcc_ex.o
LOAD ./Drivers/STM32G0xx_HAL_Driver/Src/stm32g0xx_hal_tim.o
LOAD ./Drivers/STM32G0xx_HAL_Driver/Src/stm32g0xx_hal_tim_ex.o
LOAD ./Drivers/STM32G0xx_HAL_Driver/Src/stm32g0xx_hal_uart.o
LOAD ./Drivers/STM32G0xx_HAL_Driver/Src/stm32g0xx_hal_uart_ex.o
LOAD ./Drivers/STM32G0xx_HAL_Driver/Src/stm32g0xx_ll_adc.o
LOAD ./Drivers/STM32G0xx_HAL_Driver/Src/stm32g0xx_ll_rcc.o
START GROUP
LOAD /Applications/STM32CubeIDE.app/Contents/Eclipse/plugins/com.st.stm32cube.ide.mcu.externaltools.gnu-tools-for-stm32.12.3.rel1.macos64_1.1.0.202410301201/tools/bin/../lib/gcc/arm-none-eabi/12.3.1/../../../../arm-none-eabi/lib/thumb/v6-m/nofp/libc_nano.a
LOAD /Applications/STM32CubeIDE.app/Contents/Eclipse/plugins/com.st.stm32cube.ide.mcu.externaltools.gnu-tools-for-stm32.12.3.rel1.macos64_1.1.0.202410301201/tools/bin/../lib/gcc/arm-none-eabi/12.3.1/../../../../arm-none-eabi/lib/thumb/v6-m/nofp/libm.a
END GROUP
START GROUP
LOAD /Applications/STM32CubeIDE.app/Contents/Eclipse/plugins/com.st.stm32cube.ide.mcu.externaltools.gnu-tools-for-stm32.12.3.rel1.macos64_1.1.0.202410301201/tools/bin/../lib/gcc/arm-none-eabi/12.3.1/thumb/v6-m/nofp/libgcc.a
LOAD /Applications/STM32CubeIDE.app/Contents/Eclipse/plugins/com.st.stm32cube.ide.mcu.externaltools.gnu-tools-for-stm32.12.3.rel1.macos64_1.1.0.202410301201/tools/bin/../lib/gcc/arm-none-eabi/12.3.1/../../../../arm-none-eabi/lib/thumb/v6-m/nofp/libc_nano.a
END GROUP
START GROUP
LOAD /Applications/STM32CubeIDE.app/Contents/Eclipse/plugins/com.st.stm32cube.ide.mcu.externaltools.gnu-tools-for-stm32.12.3.rel1.macos64_1.1.0.202410301201/tools/bin/../lib/gcc/arm-none-eabi/12.3.1/thumb/v6-m/nofp/libgcc.a
LOAD /Applications/STM32CubeIDE.app/Contents/Eclipse/plugins/com.st.stm32cube.ide.mcu.externaltools.gnu-tools-for-stm32.12.3.rel1.macos64_1.1.0.202410301201/tools/bin/../lib/gcc/arm-none-eabi/12.3.1/../../../../arm-none-eabi/lib/thumb/v6-m/nofp/libc_nano.a
LOAD /Applications/STM32CubeIDE.app/Contents/Eclipse/plugins/com.st.stm32cube.ide.mcu.externaltools.gnu-tools-for-stm32.12.3.rel1.macos64_1.1.0.202410301201/tools/bin/../lib/gcc/arm-none-eabi/12.3.1/../../../../arm-none-eabi/lib/thumb/v6-m/nofp/libnosys.a
END GROUP
START GROUP
LOAD /Applications/STM32CubeIDE.app/Contents/Eclipse/plugins/com.st.stm32cube.ide.mcu.externaltools.gnu-tools-for-stm32.12.3.rel1.macos64_1.1.0.202410301201/tools/bin/../lib/gcc/arm-none-eabi/12.3.1/thumb/v6-m/nofp/libgcc.a
LOAD /Applications/STM32CubeIDE.app/Contents/Eclipse/plugins/com.st.stm32cube.ide.mcu.externaltools.gnu-tools-for-stm32.12.3.rel1.macos64_1.1.0.202410301201/tools/bin/../lib/gcc/arm-none-eabi/12.3.1/../../../../arm-none-eabi/lib/thumb/v6-m/nofp/libc_nano.a
LOAD /Applications/STM32CubeIDE.app/Contents/Eclipse/plugins/com.st.stm32cube.ide.mcu.externaltools.gnu-tools-for-stm32.12.3.rel1.macos64_1.1.0.202410301201/tools/bin/../lib/gcc/arm-none-eabi/12.3.1/../../../../arm-none-eabi/lib/thumb/v6-m/nofp/libnosys.a
END GROUP
LOAD /Applications/STM32CubeIDE.app/Contents/Eclipse/plugins/com.st.stm32cube.ide.mcu.externaltools.gnu-tools-for-stm32.12.3.rel1.macos64_1.1.0.202410301201/tools/bin/../lib/gcc/arm-none-eabi/12.3.1/thumb/v6-m/nofp/crtend.o
LOAD /Applications/STM32CubeIDE.app/Contents/Eclipse/plugins/com.st.stm32cube.ide.mcu.externaltools.gnu-tools-for-stm32.12.3.rel1.macos64_1.1.0.202410301201/tools/bin/../lib/gcc/arm-none-eabi/12.3.1/thumb/v6-m/nofp/crtn.o
                0x20002000                        _estack = (ORIGIN (RAM) + LENGTH (RAM))
                0x00000200                        _Min_Heap_Size = 0x200
                0x00000400                        _Min_Stack_Size = 0x400

.isr_vector     0x08000000       0xbc
                0x08000000                        . = ALIGN (0x4)
 *(.isr_vector)
 .isr_vector    0x08000000       0xbc ./Core/Startup/startup_stm32g031k8tx.o
                0x08000000                g_pfnVectors
                0x080000bc                        . = ALIGN (0x4)

.text           0x080000bc     0x6ee4
                0x080000bc                        . = ALIGN (0x4)
 *(.text)
 .text          0x080000bc       0x48 /Applications/STM32CubeIDE.app/Contents/Eclipse/plugins/com.st.stm32cube.ide.mcu.externaltools.gnu-tools-for-stm32.12.3.rel1.macos64_1.1.0.202410301201/tools/bin/../lib/gcc/arm-none-eabi/12.3.1/thumb/v6-m/nofp/crtbegin.o
 .text          0x08000104      0x114 /Applications/STM32CubeIDE.app/Contents/Eclipse/plugins/com.st.stm32cube.ide.mcu.externaltools.gnu-tools-for-stm32.12.3.rel1.macos64_1.1.0.202410301201/tools/bin/../lib/gcc/arm-none-eabi/12.3.1/thumb/v6-m/nofp/libgcc.a(_udivsi3.o)
                0x08000104                __udivsi3
                0x08000104                __aeabi_uidiv
                0x08000210                __aeabi_uidivmod
 .text          0x08000218        0x4 /Applications/STM32CubeIDE.app/Contents/Eclipse/plugins/com.st.stm32cube.ide.mcu.externaltools.gnu-tools-for-stm32.12.3.rel1.macos64_1.1.0.202410301201/tools/bin/../lib/gcc/arm-none-eabi/12.3.1/thumb/v6-m/nofp/libgcc.a(_dvmd_tls.o)
                0x08000218                __aeabi_ldiv0
                0x08000218                __aeabi_idiv0
 .text          0x0800021c       0x40 /Applications/STM32CubeIDE.app/Contents/Eclipse/plugins/com.st.stm32cube.ide.mcu.externaltools.gnu-tools-for-stm32.12.3.rel1.macos64_1.1.0.202410301201/tools/bin/../lib/gcc/arm-none-eabi/12.3.1/thumb/v6-m/nofp/libgcc.a(_aeabi_uldivmod.o)
                0x0800021c                __aeabi_uldivmod
 .text          0x0800025c      0x198 /Applications/STM32CubeIDE.app/Contents/Eclipse/plugins/com.st.stm32cube.ide.mcu.externaltools.gnu-tools-for-stm32.12.3.rel1.macos64_1.1.0.202410301201/tools/bin/../lib/gcc/arm-none-eabi/12.3.1/thumb/v6-m/nofp/libgcc.a(_udivmoddi4.o)
                0x0800025c                __udivmoddi4
 .text          0x080003f4       0x18 /Applications/STM32CubeIDE.app/Contents/Eclipse/plugins/com.st.stm32cube.ide.mcu.externaltools.gnu-tools-for-stm32.12.3.rel1.macos64_1.1.0.202410301201/tools/bin/../lib/gcc/arm-none-eabi/12.3.1/thumb/v6-m/nofp/libgcc.a(_clzdi2.o)
                0x080003f4                __clzdi2
 .text          0x0800040c       0x3c /Applications/STM32CubeIDE.app/Contents/Eclipse/plugins/com.st.stm32cube.ide.mcu.externaltools.gnu-tools-for-stm32.12.3.rel1.macos64_1.1.0.202410301201/tools/bin/../lib/gcc/arm-none-eabi/12.3.1/thumb/v6-m/nofp/libgcc.a(_clzsi2.o)
                0x0800040c                __clzsi2
 *(.text*)
 .text.Update_Params_If_PC_Mode_Selected
                0x08000448       0xe4 ./Core/Src/CC_and_PC.o
                0x08000448                Update_Params_If_PC_Mode_Selected
 .text.Start_UART_Receive
                0x0800052c       0x18 ./Core/Src/UART.o
                0x0800052c                Start_UART_Receive
 .text.Speed_Pot_Check
                0x08000544       0x8c ./Core/Src/checking_functions.o
                0x08000544                Speed_Pot_Check
 .text.Check_Tap_Tempo_Switch_State
                0x080005d0       0x64 ./Core/Src/checking_functions.o
                0x080005d0                Check_Tap_Tempo_Switch_State
 .text.SystemClock_Config
                0x08000634       0x80 ./Core/Src/config.o
                0x08000634                SystemClock_Config
 .text.MX_ADC1_Init
                0x080006b4       0xf4 ./Core/Src/config.o
                0x080006b4                MX_ADC1_Init
 .text.MX_TIM16_Init
                0x080007a8       0xb0 ./Core/Src/config.o
                0x080007a8                MX_TIM16_Init
 .text.MX_TIM2_Init
                0x08000858       0xb8 ./Core/Src/config.o
                0x08000858                MX_TIM2_Init
 .text.MX_TIM3_Init
                0x08000910       0xc0 ./Core/Src/config.o
                0x08000910                MX_TIM3_Init
 .text.MX_TIM1_Init
                0x080009d0      0x128 ./Core/Src/config.o
                0x080009d0                MX_TIM1_Init
 .text.MX_TIM17_Init
                0x08000af8       0xb4 ./Core/Src/config.o
                0x08000af8                MX_TIM17_Init
 .text.MX_TIM14_Init
                0x08000bac       0x70 ./Core/Src/config.o
                0x08000bac                MX_TIM14_Init
 .text.MX_GPIO_Init
                0x08000c1c      0x138 ./Core/Src/config.o
                0x08000c1c                MX_GPIO_Init
 .text.Error_Handler
                0x08000d54        0x4 ./Core/Src/config.o
                0x08000d54                Error_Handler
 .text.System_Init
                0x08000d58      0x1a0 ./Core/Src/config.o
                0x08000d58                System_Init
 .text.TIM16_callback
                0x08000ef8       0x3c ./Core/Src/custom_callbacks.o
                0x08000ef8                TIM16_callback
 .text.ADC_DMA_conversion_complete_callback
                0x08000f34       0x6c ./Core/Src/custom_callbacks.o
                0x08000f34                ADC_DMA_conversion_complete_callback
 .text.TIM2_ch1_IP_capture_callback
                0x08000fa0       0xa4 ./Core/Src/custom_callbacks.o
                0x08000fa0                TIM2_ch1_IP_capture_callback
 .text.TIM2_ch1_overflow_callback
                0x08001044       0x7c ./Core/Src/custom_callbacks.o
                0x08001044                TIM2_ch1_overflow_callback
 .text.TIM3_ch1_IP_capture_measurement_reelapse_callback
                0x080010c0       0xe4 ./Core/Src/custom_callbacks.o
                0x080010c0                TIM3_ch1_IP_capture_measurement_reelapse_callback
 .text.UART2_TX_transfer_complete_callback
                0x080011a4        0x4 ./Core/Src/custom_callbacks.o
                0x080011a4                UART2_TX_transfer_complete_callback
 .text.UART2_RX_transfer_complete_callback
                0x080011a8      0x4d4 ./Core/Src/custom_callbacks.o
                0x080011a8                UART2_RX_transfer_complete_callback
 .text.HAL_GPIO_EXTI_Falling_Callback
                0x0800167c       0x38 ./Core/Src/custom_callbacks.o
                0x0800167c                HAL_GPIO_EXTI_Falling_Callback
 .text.HAL_GPIO_EXTI_Rising_Callback
                0x080016b4      0x108 ./Core/Src/custom_callbacks.o
                0x080016b4                HAL_GPIO_EXTI_Rising_Callback
 .text.LPTIM1_callback
                0x080017bc      0x1f4 ./Core/Src/custom_callbacks.o
                0x080017bc                LPTIM1_callback
 .text.TIM17_callback
                0x080019b0        0x4 ./Core/Src/custom_callbacks.o
                0x080019b0                TIM17_callback
 .text.TIM14_callback
                0x080019b4        0x4 ./Core/Src/custom_callbacks.o
                0x080019b4                TIM14_callback
 .text.Input_Capture_Processing
                0x080019b8       0x7c ./Core/Src/input_capture.o
                0x080019b8                Input_Capture_Processing
 .text.Start_Input_Capture_Timer
                0x08001a34       0x30 ./Core/Src/input_capture.o
                0x08001a34                Start_Input_Capture_Timer
 .text.Copy_Params_Structs
                0x08001a64       0x14 ./Core/Src/input_capture.o
                0x08001a64                Copy_Params_Structs
 .text.Start_Measurement_Reelapse_Timer
                0x08001a78       0x30 ./Core/Src/input_capture.o
                0x08001a78                Start_Measurement_Reelapse_Timer
 .text.Begin_Input_Capture_Measurement
                0x08001aa8       0x10 ./Core/Src/input_capture.o
                0x08001aa8                Begin_Input_Capture_Measurement
 .text.startup.main
                0x08001ab8       0xb4 ./Core/Src/main.o
                0x08001ab8                main
 .text.Start_PWM_Gen_Timer_Main_and_Secondary_Oscillators
                0x08001b6c       0x34 ./Core/Src/oscillator.o
                0x08001b6c                Start_PWM_Gen_Timer_Main_and_Secondary_Oscillators
 .text.Start_Freq_Gen_Timer
                0x08001ba0       0x1c ./Core/Src/oscillator.o
                0x08001ba0                Start_Freq_Gen_Timer
 .text.Process_TIM16_Raw_Start_Value_and_Raw_Prescaler
                0x08001bbc       0x30 ./Core/Src/oscillator.o
                0x08001bbc                Process_TIM16_Raw_Start_Value_and_Raw_Prescaler
 .text.Set_Oscillator_Values
                0x08001bec       0x30 ./Core/Src/oscillator.o
                0x08001bec                Set_Oscillator_Values
 .text.Calculate_Next_Main_Oscillator_Values
                0x08001c1c      0x11c ./Core/Src/oscillator.o
                0x08001c1c                Calculate_Next_Main_Oscillator_Values
 .text.Write_Next_Main_Oscillator_Values_to_Delay_Line
                0x08001d38       0xb8 ./Core/Src/oscillator.o
                0x08001d38                Write_Next_Main_Oscillator_Values_to_Delay_Line
 .text.Process_ADC_Conversion_Values
                0x08001df0       0x4c ./Core/Src/oscillator.o
                0x08001df0                Process_ADC_Conversion_Values
 .text.Startup  0x08001e3c      0x118 ./Core/Src/startup.o
                0x08001e3c                Startup
 .text.Advance_Pending_States
                0x08001f54       0x2c ./Core/Src/state_machine.o
                0x08001f54                Advance_Pending_States
 .text.HAL_MspInit
                0x08001f80       0x30 ./Core/Src/stm32g0xx_hal_msp.o
                0x08001f80                HAL_MspInit
 .text.HAL_ADC_MspInit
                0x08001fb0       0xa0 ./Core/Src/stm32g0xx_hal_msp.o
                0x08001fb0                HAL_ADC_MspInit
 .text.HAL_LPTIM_MspInit
                0x08002050       0xf4 ./Core/Src/stm32g0xx_hal_msp.o
                0x08002050                HAL_LPTIM_MspInit
 .text.HAL_TIM_Base_MspInit
                0x08002144      0x170 ./Core/Src/stm32g0xx_hal_msp.o
                0x08002144                HAL_TIM_Base_MspInit
 .text.HAL_TIM_MspPostInit
                0x080022b4       0x78 ./Core/Src/stm32g0xx_hal_msp.o
                0x080022b4                HAL_TIM_MspPostInit
 .text.HAL_UART_MspInit
                0x0800232c       0xec ./Core/Src/stm32g0xx_hal_msp.o
                0x0800232c                HAL_UART_MspInit
 .text.NMI_Handler
                0x08002418        0x4 ./Core/Src/stm32g0xx_it.o
                0x08002418                NMI_Handler
 .text.HardFault_Handler
                0x0800241c        0x4 ./Core/Src/stm32g0xx_it.o
                0x0800241c                HardFault_Handler
 .text.SVC_Handler
                0x08002420        0x4 ./Core/Src/stm32g0xx_it.o
                0x08002420                SVC_Handler
 .text.PendSV_Handler
                0x08002424        0x4 ./Core/Src/stm32g0xx_it.o
                0x08002424                PendSV_Handler
 .text.SysTick_Handler
                0x08002428        0x8 ./Core/Src/stm32g0xx_it.o
                0x08002428                SysTick_Handler
 .text.EXTI4_15_IRQHandler
                0x08002430        0xc ./Core/Src/stm32g0xx_it.o
                0x08002430                EXTI4_15_IRQHandler
 .text.DMA1_Channel1_IRQHandler
                0x0800243c       0x10 ./Core/Src/stm32g0xx_it.o
                0x0800243c                DMA1_Channel1_IRQHandler
 .text.DMA1_Channel2_3_IRQHandler
                0x0800244c       0x18 ./Core/Src/stm32g0xx_it.o
                0x0800244c                DMA1_Channel2_3_IRQHandler
 .text.TIM2_IRQHandler
                0x08002464       0x10 ./Core/Src/stm32g0xx_it.o
                0x08002464                TIM2_IRQHandler
 .text.TIM3_IRQHandler
                0x08002474       0x10 ./Core/Src/stm32g0xx_it.o
                0x08002474                TIM3_IRQHandler
 .text.TIM16_IRQHandler
                0x08002484       0x10 ./Core/Src/stm32g0xx_it.o
                0x08002484                TIM16_IRQHandler
 .text.USART2_IRQHandler
                0x08002494       0x10 ./Core/Src/stm32g0xx_it.o
                0x08002494                USART2_IRQHandler
 .text.LPTIM1_IRQHandler
                0x080024a4       0x10 ./Core/Src/stm32g0xx_it.o
                0x080024a4                LPTIM1_IRQHandler
 .text.TIM17_IRQHandler
                0x080024b4       0x10 ./Core/Src/stm32g0xx_it.o
                0x080024b4                TIM17_IRQHandler
 .text.TIM14_IRQHandler
                0x080024c4       0x10 ./Core/Src/stm32g0xx_it.o
                0x080024c4                TIM14_IRQHandler
 .text.Process_TIM16_Final_Start_Value_and_Final_Prescaler
                0x080024d4      0x2a0 ./Core/Src/symmetry_adjustment.o
                0x080024d4                Process_TIM16_Final_Start_Value_and_Final_Prescaler
 .text.SystemInit
                0x08002774        0x4 ./Core/Src/system_stm32g0xx.o
                0x08002774                SystemInit
 .text.Start_OC_TIM
                0x08002778       0x14 ./Core/Src/timers.o
                0x08002778                Start_OC_TIM
 .text.Stop_OC_TIM
                0x0800278c       0x14 ./Core/Src/timers.o
                0x0800278c                Stop_OC_TIM
 .text.isPrime  0x080027a0       0x34 ./Core/Src/utility.o
                0x080027a0                isPrime
 .text.unsigned_bitwise_modulo
                0x080027d4        0xc ./Core/Src/utility.o
                0x080027d4                unsigned_bitwise_modulo
 .text.Global_Interrupt_Enable
                0x080027e0        0x8 ./Core/Src/utility.o
                0x080027e0                Global_Interrupt_Enable
 .text.Get_Status_Bit
                0x080027e8        0xc ./Core/Src/utility.o
                0x080027e8                Get_Status_Bit
 .text.Set_Status_Bit
                0x080027f4        0x8 ./Core/Src/utility.o
                0x080027f4                Set_Status_Bit
 .text.Clear_Status_Bit
                0x080027fc        0x8 ./Core/Src/utility.o
                0x080027fc                Clear_Status_Bit
 .text.Reset_Handler
                0x08002804       0x50 ./Core/Startup/startup_stm32g031k8tx.o
                0x08002804                Reset_Handler
 .text.Default_Handler
                0x08002854        0x2 ./Core/Startup/startup_stm32g031k8tx.o
                0x08002854                TIM1_BRK_UP_TRG_COM_IRQHandler
                0x08002854                PVD_IRQHandler
                0x08002854                I2C1_IRQHandler
                0x08002854                LPTIM2_IRQHandler
                0x08002854                RTC_TAMP_IRQHandler
                0x08002854                SPI1_IRQHandler
                0x08002854                DMA1_Ch4_5_DMAMUX1_OVR_IRQHandler
                0x08002854                EXTI2_3_IRQHandler
                0x08002854                ADC1_IRQHandler
                0x08002854                I2C2_IRQHandler
                0x08002854                RCC_IRQHandler
                0x08002854                Default_Handler
                0x08002854                EXTI0_1_IRQHandler
                0x08002854                SPI2_IRQHandler
                0x08002854                WWDG_IRQHandler
                0x08002854                LPUART1_IRQHandler
                0x08002854                FLASH_IRQHandler
                0x08002854                USART1_IRQHandler
                0x08002854                TIM1_CC_IRQHandler
 *fill*         0x08002856        0x2 
 .text.HAL_InitTick
                0x08002858       0x4c ./Drivers/STM32G0xx_HAL_Driver/Src/stm32g0xx_hal.o
                0x08002858                HAL_InitTick
 .text.HAL_Init
                0x080028a4       0x28 ./Drivers/STM32G0xx_HAL_Driver/Src/stm32g0xx_hal.o
                0x080028a4                HAL_Init
 .text.HAL_IncTick
                0x080028cc       0x18 ./Drivers/STM32G0xx_HAL_Driver/Src/stm32g0xx_hal.o
                0x080028cc                HAL_IncTick
 .text.HAL_GetTick
                0x080028e4        0xc ./Drivers/STM32G0xx_HAL_Driver/Src/stm32g0xx_hal.o
                0x080028e4                HAL_GetTick
 .text.ADC_DMAConvCplt
                0x080028f0       0x80 ./Drivers/STM32G0xx_HAL_Driver/Src/stm32g0xx_hal_adc.o
 .text.ADC_DMAHalfConvCplt
                0x08002970        0xc ./Drivers/STM32G0xx_HAL_Driver/Src/stm32g0xx_hal_adc.o
 .text.ADC_DMAError
                0x0800297c       0x1c ./Drivers/STM32G0xx_HAL_Driver/Src/stm32g0xx_hal_adc.o
 .text.HAL_ADC_ErrorCallback
                0x08002998        0x4 ./Drivers/STM32G0xx_HAL_Driver/Src/stm32g0xx_hal_adc.o
                0x08002998                HAL_ADC_ErrorCallback
 .text.HAL_ADC_ConvCpltCallback
                0x0800299c        0x4 ./Drivers/STM32G0xx_HAL_Driver/Src/stm32g0xx_hal_adc.o
                0x0800299c                HAL_ADC_ConvCpltCallback
 .text.HAL_ADC_ConvHalfCpltCallback
                0x080029a0        0x4 ./Drivers/STM32G0xx_HAL_Driver/Src/stm32g0xx_hal_adc.o
                0x080029a0                HAL_ADC_ConvHalfCpltCallback
 .text.HAL_ADC_LevelOutOfWindowCallback
                0x080029a4        0x4 ./Drivers/STM32G0xx_HAL_Driver/Src/stm32g0xx_hal_adc.o
                0x080029a4                HAL_ADC_LevelOutOfWindowCallback
 .text.HAL_ADC_Init
                0x080029a8      0x284 ./Drivers/STM32G0xx_HAL_Driver/Src/stm32g0xx_hal_adc.o
                0x080029a8                HAL_ADC_Init
 .text.HAL_ADC_RegisterCallback
                0x08002c2c       0x70 ./Drivers/STM32G0xx_HAL_Driver/Src/stm32g0xx_hal_adc.o
                0x08002c2c                HAL_ADC_RegisterCallback
 .text.HAL_ADC_ConfigChannel
                0x08002c9c      0x284 ./Drivers/STM32G0xx_HAL_Driver/Src/stm32g0xx_hal_adc.o
                0x08002c9c                HAL_ADC_ConfigChannel
 .text.ADC_ConversionStop
                0x08002f20       0x74 ./Drivers/STM32G0xx_HAL_Driver/Src/stm32g0xx_hal_adc.o
                0x08002f20                ADC_ConversionStop
 .text.ADC_Enable
                0x08002f94       0xcc ./Drivers/STM32G0xx_HAL_Driver/Src/stm32g0xx_hal_adc.o
                0x08002f94                ADC_Enable
 .text.HAL_ADC_Start_DMA
                0x08003060       0xb4 ./Drivers/STM32G0xx_HAL_Driver/Src/stm32g0xx_hal_adc.o
                0x08003060                HAL_ADC_Start_DMA
 .text.ADC_Disable
                0x08003114       0x88 ./Drivers/STM32G0xx_HAL_Driver/Src/stm32g0xx_hal_adc.o
                0x08003114                ADC_Disable
 .text.HAL_ADC_Stop_DMA
                0x0800319c       0x8c ./Drivers/STM32G0xx_HAL_Driver/Src/stm32g0xx_hal_adc.o
                0x0800319c                HAL_ADC_Stop_DMA
 .text.HAL_ADCEx_Calibration_Start
                0x08003228      0x19c ./Drivers/STM32G0xx_HAL_Driver/Src/stm32g0xx_hal_adc_ex.o
                0x08003228                HAL_ADCEx_Calibration_Start
 .text.HAL_ADCEx_LevelOutOfWindow2Callback
                0x080033c4        0x4 ./Drivers/STM32G0xx_HAL_Driver/Src/stm32g0xx_hal_adc_ex.o
                0x080033c4                HAL_ADCEx_LevelOutOfWindow2Callback
 .text.HAL_ADCEx_LevelOutOfWindow3Callback
                0x080033c8        0x4 ./Drivers/STM32G0xx_HAL_Driver/Src/stm32g0xx_hal_adc_ex.o
                0x080033c8                HAL_ADCEx_LevelOutOfWindow3Callback
 .text.HAL_ADCEx_EndOfSamplingCallback
                0x080033cc        0x4 ./Drivers/STM32G0xx_HAL_Driver/Src/stm32g0xx_hal_adc_ex.o
                0x080033cc                HAL_ADCEx_EndOfSamplingCallback
 .text.HAL_NVIC_SetPriority
                0x080033d0       0x54 ./Drivers/STM32G0xx_HAL_Driver/Src/stm32g0xx_hal_cortex.o
                0x080033d0                HAL_NVIC_SetPriority
 .text.HAL_NVIC_EnableIRQ
                0x08003424       0x18 ./Drivers/STM32G0xx_HAL_Driver/Src/stm32g0xx_hal_cortex.o
                0x08003424                HAL_NVIC_EnableIRQ
 .text.HAL_NVIC_DisableIRQ
                0x0800343c       0x20 ./Drivers/STM32G0xx_HAL_Driver/Src/stm32g0xx_hal_cortex.o
                0x0800343c                HAL_NVIC_DisableIRQ
 .text.HAL_SYSTICK_Config
                0x0800345c       0x34 ./Drivers/STM32G0xx_HAL_Driver/Src/stm32g0xx_hal_cortex.o
                0x0800345c                HAL_SYSTICK_Config
 .text.HAL_DMA_Init
                0x08003490       0xec ./Drivers/STM32G0xx_HAL_Driver/Src/stm32g0xx_hal_dma.o
                0x08003490                HAL_DMA_Init
 .text.HAL_DMA_Start_IT
                0x0800357c       0xd0 ./Drivers/STM32G0xx_HAL_Driver/Src/stm32g0xx_hal_dma.o
                0x0800357c                HAL_DMA_Start_IT
 .text.HAL_DMA_Abort
                0x0800364c       0x78 ./Drivers/STM32G0xx_HAL_Driver/Src/stm32g0xx_hal_dma.o
                0x0800364c                HAL_DMA_Abort
 .text.HAL_DMA_Abort_IT
                0x080036c4       0x78 ./Drivers/STM32G0xx_HAL_Driver/Src/stm32g0xx_hal_dma.o
                0x080036c4                HAL_DMA_Abort_IT
 .text.HAL_DMA_IRQHandler
                0x0800373c       0xb8 ./Drivers/STM32G0xx_HAL_Driver/Src/stm32g0xx_hal_dma.o
                0x0800373c                HAL_DMA_IRQHandler
 .text.HAL_GPIO_Init
                0x080037f4      0x1e4 ./Drivers/STM32G0xx_HAL_Driver/Src/stm32g0xx_hal_gpio.o
                0x080037f4                HAL_GPIO_Init
 .text.HAL_GPIO_ReadPin
                0x080039d8        0xc ./Drivers/STM32G0xx_HAL_Driver/Src/stm32g0xx_hal_gpio.o
                0x080039d8                HAL_GPIO_ReadPin
 .text.HAL_GPIO_WritePin
                0x080039e4        0xc ./Drivers/STM32G0xx_HAL_Driver/Src/stm32g0xx_hal_gpio.o
                0x080039e4                HAL_GPIO_WritePin
 .text.HAL_GPIO_EXTI_IRQHandler
                0x080039f0       0x34 ./Drivers/STM32G0xx_HAL_Driver/Src/stm32g0xx_hal_gpio.o
                0x080039f0                HAL_GPIO_EXTI_IRQHandler
 .text.HAL_LPTIM_DirectionDownCallback
                0x08003a24        0x4 ./Drivers/STM32G0xx_HAL_Driver/Src/stm32g0xx_hal_lptim.o
                0x08003a24                HAL_LPTIM_DirectionDownCallback
 .text.HAL_LPTIM_CompareMatchCallback
                0x08003a28        0x4 ./Drivers/STM32G0xx_HAL_Driver/Src/stm32g0xx_hal_lptim.o
                0x08003a28                HAL_LPTIM_CompareMatchCallback
 .text.HAL_LPTIM_AutoReloadMatchCallback
                0x08003a2c        0x4 ./Drivers/STM32G0xx_HAL_Driver/Src/stm32g0xx_hal_lptim.o
                0x08003a2c                HAL_LPTIM_AutoReloadMatchCallback
 .text.HAL_LPTIM_TriggerCallback
                0x08003a30        0x4 ./Drivers/STM32G0xx_HAL_Driver/Src/stm32g0xx_hal_lptim.o
                0x08003a30                HAL_LPTIM_TriggerCallback
 .text.HAL_LPTIM_CompareWriteCallback
                0x08003a34        0x4 ./Drivers/STM32G0xx_HAL_Driver/Src/stm32g0xx_hal_lptim.o
                0x08003a34                HAL_LPTIM_CompareWriteCallback
 .text.HAL_LPTIM_AutoReloadWriteCallback
                0x08003a38        0x4 ./Drivers/STM32G0xx_HAL_Driver/Src/stm32g0xx_hal_lptim.o
                0x08003a38                HAL_LPTIM_AutoReloadWriteCallback
 .text.HAL_LPTIM_DirectionUpCallback
                0x08003a3c        0x4 ./Drivers/STM32G0xx_HAL_Driver/Src/stm32g0xx_hal_lptim.o
                0x08003a3c                HAL_LPTIM_DirectionUpCallback
 .text.HAL_LPTIM_Init
                0x08003a40      0x108 ./Drivers/STM32G0xx_HAL_Driver/Src/stm32g0xx_hal_lptim.o
                0x08003a40                HAL_LPTIM_Init
 .text.HAL_LPTIM_IRQHandler
                0x08003b48       0xb8 ./Drivers/STM32G0xx_HAL_Driver/Src/stm32g0xx_hal_lptim.o
                0x08003b48                HAL_LPTIM_IRQHandler
 .text.HAL_LPTIM_RegisterCallback
                0x08003c00       0x70 ./Drivers/STM32G0xx_HAL_Driver/Src/stm32g0xx_hal_lptim.o
                0x08003c00                HAL_LPTIM_RegisterCallback
 .text.LPTIM_Disable
                0x08003c70      0x1c8 ./Drivers/STM32G0xx_HAL_Driver/Src/stm32g0xx_hal_lptim.o
                0x08003c70                LPTIM_Disable
 .text.HAL_LPTIM_SetOnce_Start_IT
                0x08003e38       0xc8 ./Drivers/STM32G0xx_HAL_Driver/Src/stm32g0xx_hal_lptim.o
                0x08003e38                HAL_LPTIM_SetOnce_Start_IT
 .text.HAL_PWREx_ControlVoltageScaling
                0x08003f00       0x60 ./Drivers/STM32G0xx_HAL_Driver/Src/stm32g0xx_hal_pwr_ex.o
                0x08003f00                HAL_PWREx_ControlVoltageScaling
 .text.HAL_RCC_OscConfig
                0x08003f60      0x4d0 ./Drivers/STM32G0xx_HAL_Driver/Src/stm32g0xx_hal_rcc.o
                0x08003f60                HAL_RCC_OscConfig
 .text.HAL_RCC_GetSysClockFreq
                0x08004430       0x9c ./Drivers/STM32G0xx_HAL_Driver/Src/stm32g0xx_hal_rcc.o
                0x08004430                HAL_RCC_GetSysClockFreq
 .text.HAL_RCC_ClockConfig
                0x080044cc      0x190 ./Drivers/STM32G0xx_HAL_Driver/Src/stm32g0xx_hal_rcc.o
                0x080044cc                HAL_RCC_ClockConfig
 .text.HAL_RCC_GetPCLK1Freq
                0x0800465c       0x28 ./Drivers/STM32G0xx_HAL_Driver/Src/stm32g0xx_hal_rcc.o
                0x0800465c                HAL_RCC_GetPCLK1Freq
 .text.HAL_RCCEx_PeriphCLKConfig
                0x08004684      0x1f0 ./Drivers/STM32G0xx_HAL_Driver/Src/stm32g0xx_hal_rcc_ex.o
                0x08004684                HAL_RCCEx_PeriphCLKConfig
 .text.HAL_TIM_OC_MspInit
                0x08004874        0x4 ./Drivers/STM32G0xx_HAL_Driver/Src/stm32g0xx_hal_tim.o
                0x08004874                HAL_TIM_OC_MspInit
 .text.HAL_TIM_PWM_MspInit
                0x08004878        0x4 ./Drivers/STM32G0xx_HAL_Driver/Src/stm32g0xx_hal_tim.o
                0x08004878                HAL_TIM_PWM_MspInit
 .text.HAL_TIM_IC_MspInit
                0x0800487c        0x4 ./Drivers/STM32G0xx_HAL_Driver/Src/stm32g0xx_hal_tim.o
                0x0800487c                HAL_TIM_IC_MspInit
 .text.HAL_TIM_PeriodElapsedCallback
                0x08004880        0x4 ./Drivers/STM32G0xx_HAL_Driver/Src/stm32g0xx_hal_tim.o
                0x08004880                HAL_TIM_PeriodElapsedCallback
 .text.HAL_TIM_PeriodElapsedHalfCpltCallback
                0x08004884        0x4 ./Drivers/STM32G0xx_HAL_Driver/Src/stm32g0xx_hal_tim.o
                0x08004884                HAL_TIM_PeriodElapsedHalfCpltCallback
 .text.HAL_TIM_OC_DelayElapsedCallback
                0x08004888        0x4 ./Drivers/STM32G0xx_HAL_Driver/Src/stm32g0xx_hal_tim.o
                0x08004888                HAL_TIM_OC_DelayElapsedCallback
 .text.HAL_TIM_IC_CaptureCallback
                0x0800488c        0x4 ./Drivers/STM32G0xx_HAL_Driver/Src/stm32g0xx_hal_tim.o
                0x0800488c                HAL_TIM_IC_CaptureCallback
 .text.HAL_TIM_IC_CaptureHalfCpltCallback
                0x08004890        0x4 ./Drivers/STM32G0xx_HAL_Driver/Src/stm32g0xx_hal_tim.o
                0x08004890                HAL_TIM_IC_CaptureHalfCpltCallback
 .text.HAL_TIM_PWM_PulseFinishedCallback
                0x08004894        0x4 ./Drivers/STM32G0xx_HAL_Driver/Src/stm32g0xx_hal_tim.o
                0x08004894                HAL_TIM_PWM_PulseFinishedCallback
 .text.HAL_TIM_PWM_PulseFinishedHalfCpltCallback
                0x08004898        0x4 ./Drivers/STM32G0xx_HAL_Driver/Src/stm32g0xx_hal_tim.o
                0x08004898                HAL_TIM_PWM_PulseFinishedHalfCpltCallback
 .text.HAL_TIM_TriggerCallback
                0x0800489c        0x4 ./Drivers/STM32G0xx_HAL_Driver/Src/stm32g0xx_hal_tim.o
                0x0800489c                HAL_TIM_TriggerCallback
 .text.HAL_TIM_TriggerHalfCpltCallback
                0x080048a0        0x4 ./Drivers/STM32G0xx_HAL_Driver/Src/stm32g0xx_hal_tim.o
                0x080048a0                HAL_TIM_TriggerHalfCpltCallback
 .text.HAL_TIM_ErrorCallback
                0x080048a4        0x4 ./Drivers/STM32G0xx_HAL_Driver/Src/stm32g0xx_hal_tim.o
                0x080048a4                HAL_TIM_ErrorCallback
 .text.HAL_TIM_Base_Init
                0x080048a8      0x190 ./Drivers/STM32G0xx_HAL_Driver/Src/stm32g0xx_hal_tim.o
                0x080048a8                HAL_TIM_Base_Init
 .text.HAL_TIM_Base_Start
                0x08004a38       0x5c ./Drivers/STM32G0xx_HAL_Driver/Src/stm32g0xx_hal_tim.o
                0x08004a38                HAL_TIM_Base_Start
 .text.HAL_TIM_Base_Start_IT
                0x08004a94       0x64 ./Drivers/STM32G0xx_HAL_Driver/Src/stm32g0xx_hal_tim.o
                0x08004a94                HAL_TIM_Base_Start_IT
 .text.HAL_TIM_OC_Init
                0x08004af8      0x190 ./Drivers/STM32G0xx_HAL_Driver/Src/stm32g0xx_hal_tim.o
                0x08004af8                HAL_TIM_OC_Init
 .text.HAL_TIM_OC_Start_IT
                0x08004c88      0x104 ./Drivers/STM32G0xx_HAL_Driver/Src/stm32g0xx_hal_tim.o
                0x08004c88                HAL_TIM_OC_Start_IT
 .text.HAL_TIM_OC_Stop_IT
                0x08004d8c      0x100 ./Drivers/STM32G0xx_HAL_Driver/Src/stm32g0xx_hal_tim.o
                0x08004d8c                HAL_TIM_OC_Stop_IT
 .text.HAL_TIM_PWM_Init
                0x08004e8c      0x190 ./Drivers/STM32G0xx_HAL_Driver/Src/stm32g0xx_hal_tim.o
                0x08004e8c                HAL_TIM_PWM_Init
 .text.HAL_TIM_PWM_Start
                0x0800501c       0xd0 ./Drivers/STM32G0xx_HAL_Driver/Src/stm32g0xx_hal_tim.o
                0x0800501c                HAL_TIM_PWM_Start
 .text.HAL_TIM_IC_Init
                0x080050ec      0x190 ./Drivers/STM32G0xx_HAL_Driver/Src/stm32g0xx_hal_tim.o
                0x080050ec                HAL_TIM_IC_Init
 .text.HAL_TIM_IC_Start_IT
                0x0800527c      0x168 ./Drivers/STM32G0xx_HAL_Driver/Src/stm32g0xx_hal_tim.o
                0x0800527c                HAL_TIM_IC_Start_IT
 .text.HAL_TIM_IRQHandler
                0x080053e4      0x1b4 ./Drivers/STM32G0xx_HAL_Driver/Src/stm32g0xx_hal_tim.o
                0x080053e4                HAL_TIM_IRQHandler
 .text.HAL_TIM_OC_ConfigChannel
                0x08005598      0x2a4 ./Drivers/STM32G0xx_HAL_Driver/Src/stm32g0xx_hal_tim.o
                0x08005598                HAL_TIM_OC_ConfigChannel
 .text.HAL_TIM_IC_ConfigChannel
                0x0800583c      0x1bc ./Drivers/STM32G0xx_HAL_Driver/Src/stm32g0xx_hal_tim.o
                0x0800583c                HAL_TIM_IC_ConfigChannel
 .text.HAL_TIM_PWM_ConfigChannel
                0x080059f8      0x348 ./Drivers/STM32G0xx_HAL_Driver/Src/stm32g0xx_hal_tim.o
                0x080059f8                HAL_TIM_PWM_ConfigChannel
 .text.HAL_TIM_ConfigClockSource
                0x08005d40      0x170 ./Drivers/STM32G0xx_HAL_Driver/Src/stm32g0xx_hal_tim.o
                0x08005d40                HAL_TIM_ConfigClockSource
 .text.HAL_TIM_ReadCapturedValue
                0x08005eb0       0x30 ./Drivers/STM32G0xx_HAL_Driver/Src/stm32g0xx_hal_tim.o
                0x08005eb0                HAL_TIM_ReadCapturedValue
 .text.HAL_TIM_RegisterCallback
                0x08005ee0      0x104 ./Drivers/STM32G0xx_HAL_Driver/Src/stm32g0xx_hal_tim.o
                0x08005ee0                HAL_TIM_RegisterCallback
 .text.HAL_TIMEx_MasterConfigSynchronization
                0x08005fe4       0x70 ./Drivers/STM32G0xx_HAL_Driver/Src/stm32g0xx_hal_tim_ex.o
                0x08005fe4                HAL_TIMEx_MasterConfigSynchronization
 .text.HAL_TIMEx_ConfigBreakDeadTime
                0x08006054       0xc0 ./Drivers/STM32G0xx_HAL_Driver/Src/stm32g0xx_hal_tim_ex.o
                0x08006054                HAL_TIMEx_ConfigBreakDeadTime
 .text.HAL_TIMEx_CommutCallback
                0x08006114        0x4 ./Drivers/STM32G0xx_HAL_Driver/Src/stm32g0xx_hal_tim_ex.o
                0x08006114                HAL_TIMEx_CommutCallback
 .text.HAL_TIMEx_CommutHalfCpltCallback
                0x08006118        0x4 ./Drivers/STM32G0xx_HAL_Driver/Src/stm32g0xx_hal_tim_ex.o
                0x08006118                HAL_TIMEx_CommutHalfCpltCallback
 .text.HAL_TIMEx_BreakCallback
                0x0800611c        0x4 ./Drivers/STM32G0xx_HAL_Driver/Src/stm32g0xx_hal_tim_ex.o
                0x0800611c                HAL_TIMEx_BreakCallback
 .text.HAL_TIMEx_Break2Callback
                0x08006120        0x4 ./Drivers/STM32G0xx_HAL_Driver/Src/stm32g0xx_hal_tim_ex.o
                0x08006120                HAL_TIMEx_Break2Callback
 .text.HAL_UARTEx_RxEventCallback
                0x08006124        0x4 ./Drivers/STM32G0xx_HAL_Driver/Src/stm32g0xx_hal_uart.o
                0x08006124                HAL_UARTEx_RxEventCallback
 .text.UART_DMAReceiveCplt
                0x08006128       0xa0 ./Drivers/STM32G0xx_HAL_Driver/Src/stm32g0xx_hal_uart.o
 .text.UART_DMARxHalfCplt
                0x080061c8       0x24 ./Drivers/STM32G0xx_HAL_Driver/Src/stm32g0xx_hal_uart.o
 .text.UART_DMAAbortOnError
                0x080061ec       0x18 ./Drivers/STM32G0xx_HAL_Driver/Src/stm32g0xx_hal_uart.o
 .text.HAL_UART_AbortReceiveCpltCallback
                0x08006204        0x4 ./Drivers/STM32G0xx_HAL_Driver/Src/stm32g0xx_hal_uart.o
                0x08006204                HAL_UART_AbortReceiveCpltCallback
 .text.HAL_UART_TxCpltCallback
                0x08006208        0x4 ./Drivers/STM32G0xx_HAL_Driver/Src/stm32g0xx_hal_uart.o
                0x08006208                HAL_UART_TxCpltCallback
 .text.HAL_UART_TxHalfCpltCallback
                0x0800620c        0x4 ./Drivers/STM32G0xx_HAL_Driver/Src/stm32g0xx_hal_uart.o
                0x0800620c                HAL_UART_TxHalfCpltCallback
 .text.HAL_UART_RxCpltCallback
                0x08006210        0x4 ./Drivers/STM32G0xx_HAL_Driver/Src/stm32g0xx_hal_uart.o
                0x08006210                HAL_UART_RxCpltCallback
 .text.HAL_UART_RxHalfCpltCallback
                0x08006214        0x4 ./Drivers/STM32G0xx_HAL_Driver/Src/stm32g0xx_hal_uart.o
                0x08006214                HAL_UART_RxHalfCpltCallback
 .text.HAL_UART_ErrorCallback
                0x08006218        0x4 ./Drivers/STM32G0xx_HAL_Driver/Src/stm32g0xx_hal_uart.o
                0x08006218                HAL_UART_ErrorCallback
 .text.HAL_UART_AbortCpltCallback
                0x0800621c        0x4 ./Drivers/STM32G0xx_HAL_Driver/Src/stm32g0xx_hal_uart.o
                0x0800621c                HAL_UART_AbortCpltCallback
 .text.HAL_UART_AbortTransmitCpltCallback
                0x08006220        0x4 ./Drivers/STM32G0xx_HAL_Driver/Src/stm32g0xx_hal_uart.o
                0x08006220                HAL_UART_AbortTransmitCpltCallback
 .text.UART_DMAError
                0x08006224       0xdc ./Drivers/STM32G0xx_HAL_Driver/Src/stm32g0xx_hal_uart.o
 .text.HAL_UART_RegisterCallback
                0x08006300       0xa4 ./Drivers/STM32G0xx_HAL_Driver/Src/stm32g0xx_hal_uart.o
                0x08006300                HAL_UART_RegisterCallback
 .text.HAL_UART_Receive_DMA
                0x080063a4      0x100 ./Drivers/STM32G0xx_HAL_Driver/Src/stm32g0xx_hal_uart.o
                0x080063a4                HAL_UART_Receive_DMA
 .text.HAL_UART_IRQHandler
                0x080064a4      0x3cc ./Drivers/STM32G0xx_HAL_Driver/Src/stm32g0xx_hal_uart.o
                0x080064a4                HAL_UART_IRQHandler
 .text.UART_AdvFeatureConfig
                0x08006870       0xd0 ./Drivers/STM32G0xx_HAL_Driver/Src/stm32g0xx_hal_uart.o
                0x08006870                UART_AdvFeatureConfig
 .text.UART_CheckIdleState
                0x08006940      0x2ac ./Drivers/STM32G0xx_HAL_Driver/Src/stm32g0xx_hal_uart.o
                0x08006940                UART_CheckIdleState
 .text.HAL_UART_Init
                0x08006bec      0x324 ./Drivers/STM32G0xx_HAL_Driver/Src/stm32g0xx_hal_uart.o
                0x08006bec                HAL_UART_Init
 .text.HAL_UARTEx_WakeupCallback
                0x08006f10        0x4 ./Drivers/STM32G0xx_HAL_Driver/Src/stm32g0xx_hal_uart_ex.o
                0x08006f10                HAL_UARTEx_WakeupCallback
 .text.HAL_UARTEx_RxFifoFullCallback
                0x08006f14        0x4 ./Drivers/STM32G0xx_HAL_Driver/Src/stm32g0xx_hal_uart_ex.o
                0x08006f14                HAL_UARTEx_RxFifoFullCallback
 .text.HAL_UARTEx_TxFifoEmptyCallback
                0x08006f18        0x4 ./Drivers/STM32G0xx_HAL_Driver/Src/stm32g0xx_hal_uart_ex.o
                0x08006f18                HAL_UARTEx_TxFifoEmptyCallback
 .text.memset   0x08006f1c       0x10 /Applications/STM32CubeIDE.app/Contents/Eclipse/plugins/com.st.stm32cube.ide.mcu.externaltools.gnu-tools-for-stm32.12.3.rel1.macos64_1.1.0.202410301201/tools/bin/../lib/gcc/arm-none-eabi/12.3.1/../../../../arm-none-eabi/lib/thumb/v6-m/nofp/libc_nano.a(libc_a-memset.o)
                0x08006f1c                memset
 .text.__libc_init_array
                0x08006f2c       0x48 /Applications/STM32CubeIDE.app/Contents/Eclipse/plugins/com.st.stm32cube.ide.mcu.externaltools.gnu-tools-for-stm32.12.3.rel1.macos64_1.1.0.202410301201/tools/bin/../lib/gcc/arm-none-eabi/12.3.1/../../../../arm-none-eabi/lib/thumb/v6-m/nofp/libc_nano.a(libc_a-init.o)
                0x08006f2c                __libc_init_array
 .text.memcpy   0x08006f74       0x12 /Applications/STM32CubeIDE.app/Contents/Eclipse/plugins/com.st.stm32cube.ide.mcu.externaltools.gnu-tools-for-stm32.12.3.rel1.macos64_1.1.0.202410301201/tools/bin/../lib/gcc/arm-none-eabi/12.3.1/../../../../arm-none-eabi/lib/thumb/v6-m/nofp/libc_nano.a(libc_a-memcpy-stub.o)
                0x08006f74                memcpy
 *(.glue_7)
 .glue_7        0x08006f86        0x0 linker stubs
 *(.glue_7t)
 .glue_7t       0x08006f86        0x0 linker stubs
 *(.eh_frame)
 *fill*         0x08006f86        0x2 
 .eh_frame      0x08006f88        0x0 /Applications/STM32CubeIDE.app/Contents/Eclipse/plugins/com.st.stm32cube.ide.mcu.externaltools.gnu-tools-for-stm32.12.3.rel1.macos64_1.1.0.202410301201/tools/bin/../lib/gcc/arm-none-eabi/12.3.1/thumb/v6-m/nofp/crtbegin.o
 *(.init)
 .init          0x08006f88        0x4 /Applications/STM32CubeIDE.app/Contents/Eclipse/plugins/com.st.stm32cube.ide.mcu.externaltools.gnu-tools-for-stm32.12.3.rel1.macos64_1.1.0.202410301201/tools/bin/../lib/gcc/arm-none-eabi/12.3.1/thumb/v6-m/nofp/crti.o
                0x08006f88                _init
 .init          0x08006f8c        0x8 /Applications/STM32CubeIDE.app/Contents/Eclipse/plugins/com.st.stm32cube.ide.mcu.externaltools.gnu-tools-for-stm32.12.3.rel1.macos64_1.1.0.202410301201/tools/bin/../lib/gcc/arm-none-eabi/12.3.1/thumb/v6-m/nofp/crtn.o
 *(.fini)
 .fini          0x08006f94        0x4 /Applications/STM32CubeIDE.app/Contents/Eclipse/plugins/com.st.stm32cube.ide.mcu.externaltools.gnu-tools-for-stm32.12.3.rel1.macos64_1.1.0.202410301201/tools/bin/../lib/gcc/arm-none-eabi/12.3.1/thumb/v6-m/nofp/crti.o
                0x08006f94                _fini
 .fini          0x08006f98        0x8 /Applications/STM32CubeIDE.app/Contents/Eclipse/plugins/com.st.stm32cube.ide.mcu.externaltools.gnu-tools-for-stm32.12.3.rel1.macos64_1.1.0.202410301201/tools/bin/../lib/gcc/arm-none-eabi/12.3.1/thumb/v6-m/nofp/crtn.o
                0x08006fa0                        . = ALIGN (0x4)
                0x08006fa0                        _etext = .

.vfp11_veneer   0x08006fa0        0x0
 .vfp11_veneer  0x08006fa0        0x0 linker stubs

.v4_bx          0x08006fa0        0x0
 .v4_bx         0x08006fa0        0x0 linker stubs

.iplt           0x08006fa0        0x0
 .iplt          0x08006fa0        0x0 /Applications/STM32CubeIDE.app/Contents/Eclipse/plugins/com.st.stm32cube.ide.mcu.externaltools.gnu-tools-for-stm32.12.3.rel1.macos64_1.1.0.202410301201/tools/bin/../lib/gcc/arm-none-eabi/12.3.1/thumb/v6-m/nofp/crtbegin.o

.rodata         0x08006fa0      0xb50
                0x08006fa0                        . = ALIGN (0x4)
 *(.rodata)
 *(.rodata*)
 .rodata.num_ADC_conversions
                0x08006fa0        0x1 ./Core/Src/oscillator.o
                0x08006fa0                num_ADC_conversions
 *fill*         0x08006fa1        0x3 
 .rodata.tri_wavetable
                0x08006fa4      0x400 ./Core/Src/oscillator.o
                0x08006fa4                tri_wavetable
 .rodata.sine_wavetable
                0x080073a4      0x400 ./Core/Src/oscillator.o
                0x080073a4                sine_wavetable
 .rodata.APBPrescTable
                0x080077a4       0x20 ./Core/Src/system_stm32g0xx.o
                0x080077a4                APBPrescTable
 .rodata.AHBPrescTable
                0x080077c4       0x40 ./Core/Src/system_stm32g0xx.o
                0x080077c4                AHBPrescTable
 .rodata.HAL_ADC_RegisterCallback
                0x08007804       0x2c ./Drivers/STM32G0xx_HAL_Driver/Src/stm32g0xx_hal_adc.o
 .rodata.HAL_LPTIM_RegisterCallback
                0x08007830       0x24 ./Drivers/STM32G0xx_HAL_Driver/Src/stm32g0xx_hal_lptim.o
 .rodata.HAL_TIM_OC_Start_IT
                0x08007854       0x44 ./Drivers/STM32G0xx_HAL_Driver/Src/stm32g0xx_hal_tim.o
 .rodata.HAL_TIM_PWM_Start
                0x08007898       0x44 ./Drivers/STM32G0xx_HAL_Driver/Src/stm32g0xx_hal_tim.o
 .rodata.HAL_TIM_IC_Start_IT
                0x080078dc       0x78 ./Drivers/STM32G0xx_HAL_Driver/Src/stm32g0xx_hal_tim.o
 .rodata.HAL_TIM_OC_ConfigChannel
                0x08007954       0x54 ./Drivers/STM32G0xx_HAL_Driver/Src/stm32g0xx_hal_tim.o
 .rodata.HAL_TIM_PWM_ConfigChannel
                0x080079a8       0x54 ./Drivers/STM32G0xx_HAL_Driver/Src/stm32g0xx_hal_tim.o
 .rodata.HAL_TIM_RegisterCallback
                0x080079fc       0xa8 ./Drivers/STM32G0xx_HAL_Driver/Src/stm32g0xx_hal_tim.o
 .rodata.HAL_UART_RegisterCallback
                0x08007aa4       0x34 ./Drivers/STM32G0xx_HAL_Driver/Src/stm32g0xx_hal_uart.o
 .rodata.UARTPrescTable
                0x08007ad8       0x18 ./Drivers/STM32G0xx_HAL_Driver/Src/stm32g0xx_hal_uart.o
                0x08007ad8                UARTPrescTable
                0x08007af0                        . = ALIGN (0x4)

.ARM.extab      0x08007af0        0x0
                0x08007af0                        . = ALIGN (0x4)
 *(.ARM.extab* .gnu.linkonce.armextab.*)
                0x08007af0                        . = ALIGN (0x4)

.ARM            0x08007af0        0x8
                0x08007af0                        . = ALIGN (0x4)
                0x08007af0                        __exidx_start = .
 *(.ARM.exidx*)
 .ARM.exidx     0x08007af0        0x8 /Applications/STM32CubeIDE.app/Contents/Eclipse/plugins/com.st.stm32cube.ide.mcu.externaltools.gnu-tools-for-stm32.12.3.rel1.macos64_1.1.0.202410301201/tools/bin/../lib/gcc/arm-none-eabi/12.3.1/thumb/v6-m/nofp/libgcc.a(_udivmoddi4.o)
                0x08007af8                        __exidx_end = .
                0x08007af8                        . = ALIGN (0x4)

.preinit_array  0x08007af8        0x0
                0x08007af8                        . = ALIGN (0x4)
                0x08007af8                        PROVIDE (__preinit_array_start = .)
 *(.preinit_array*)
                0x08007af8                        PROVIDE (__preinit_array_end = .)
                0x08007af8                        . = ALIGN (0x4)

.init_array     0x08007af8        0x4
                0x08007af8                        . = ALIGN (0x4)
                0x08007af8                        PROVIDE (__init_array_start = .)
 *(SORT_BY_NAME(.init_array.*))
 *(.init_array*)
 .init_array    0x08007af8        0x4 /Applications/STM32CubeIDE.app/Contents/Eclipse/plugins/com.st.stm32cube.ide.mcu.externaltools.gnu-tools-for-stm32.12.3.rel1.macos64_1.1.0.202410301201/tools/bin/../lib/gcc/arm-none-eabi/12.3.1/thumb/v6-m/nofp/crtbegin.o
                0x08007afc                        PROVIDE (__init_array_end = .)
                0x08007afc                        . = ALIGN (0x4)

.fini_array     0x08007afc        0x4
                0x08007afc                        . = ALIGN (0x4)
                [!provide]                        PROVIDE (__fini_array_start = .)
 *(SORT_BY_NAME(.fini_array.*))
 *(.fini_array*)
 .fini_array    0x08007afc        0x4 /Applications/STM32CubeIDE.app/Contents/Eclipse/plugins/com.st.stm32cube.ide.mcu.externaltools.gnu-tools-for-stm32.12.3.rel1.macos64_1.1.0.202410301201/tools/bin/../lib/gcc/arm-none-eabi/12.3.1/thumb/v6-m/nofp/crtbegin.o
                [!provide]                        PROVIDE (__fini_array_end = .)
                0x08007b00                        . = ALIGN (0x4)
                0x08007b00                        _sidata = LOADADDR (.data)

.rel.dyn        0x08007b00        0x0
 .rel.iplt      0x08007b00        0x0 /Applications/STM32CubeIDE.app/Contents/Eclipse/plugins/com.st.stm32cube.ide.mcu.externaltools.gnu-tools-for-stm32.12.3.rel1.macos64_1.1.0.202410301201/tools/bin/../lib/gcc/arm-none-eabi/12.3.1/thumb/v6-m/nofp/crtbegin.o

.data           0x20000000      0x430 load address 0x08007b00
                0x20000000                        . = ALIGN (0x4)
                0x20000000                        _sdata = .
 *(.data)
 *(.data*)
 .data.tap_tempo_switch_state_counter.1
                0x20000000        0x1 ./Core/Src/checking_functions.o
 *fill*         0x20000001        0x3 
 .data.delay_line
                0x20000004      0x408 ./Core/Src/oscillator.o
                0x20000004                delay_line
 .data.IP_CAP_fsm
                0x2000040c        0x2 ./Core/Src/state_machine.o
                0x2000040c                IP_CAP_fsm
 *fill*         0x2000040e        0x2 
 .data.phase_fsm
                0x20000410        0x2 ./Core/Src/state_machine.o
                0x20000410                phase_fsm
 *fill*         0x20000412        0x2 
 .data.symmetry_fsm
                0x20000414        0x2 ./Core/Src/state_machine.o
                0x20000414                symmetry_fsm
 *fill*         0x20000416        0x2 
 .data.waveshape_fsm
                0x20000418        0x2 ./Core/Src/state_machine.o
                0x20000418                waveshape_fsm
 *fill*         0x2000041a        0x2 
 .data.depth_fsm
                0x2000041c        0x2 ./Core/Src/state_machine.o
                0x2000041c                depth_fsm
 *fill*         0x2000041e        0x2 
 .data.speed_fsm
                0x20000420        0x2 ./Core/Src/state_machine.o
                0x20000420                speed_fsm
 *fill*         0x20000422        0x2 
 .data.SystemCoreClock
                0x20000424        0x4 ./Core/Src/system_stm32g0xx.o
                0x20000424                SystemCoreClock
 .data.uwTickFreq
                0x20000428        0x1 ./Drivers/STM32G0xx_HAL_Driver/Src/stm32g0xx_hal.o
                0x20000428                uwTickFreq
 *fill*         0x20000429        0x3 
 .data.uwTickPrio
                0x2000042c        0x4 ./Drivers/STM32G0xx_HAL_Driver/Src/stm32g0xx_hal.o
                0x2000042c                uwTickPrio
 *(.RamFunc)
 *(.RamFunc*)
                0x20000430                        . = ALIGN (0x4)
                0x20000430                        _edata = .

.igot.plt       0x20000430        0x0 load address 0x08007f30
 .igot.plt      0x20000430        0x0 /Applications/STM32CubeIDE.app/Contents/Eclipse/plugins/com.st.stm32cube.ide.mcu.externaltools.gnu-tools-for-stm32.12.3.rel1.macos64_1.1.0.202410301201/tools/bin/../lib/gcc/arm-none-eabi/12.3.1/thumb/v6-m/nofp/crtbegin.o
                0x20000430                        . = ALIGN (0x4)

.bss            0x20000430      0x80c load address 0x08007f30
                0x20000430                        _sbss = .
                0x20000430                        __bss_start__ = _sbss
 *(.bss)
 .bss           0x20000430       0x1c /Applications/STM32CubeIDE.app/Contents/Eclipse/plugins/com.st.stm32cube.ide.mcu.externaltools.gnu-tools-for-stm32.12.3.rel1.macos64_1.1.0.202410301201/tools/bin/../lib/gcc/arm-none-eabi/12.3.1/thumb/v6-m/nofp/crtbegin.o
 *(.bss*)
 .bss.preset_selected
                0x2000044c        0x1 ./Core/Src/CC_and_PC.o
                0x2000044c                preset_selected
 *fill*         0x2000044d        0x3 
 .bss.preset_converted_array
                0x20000450       0x28 ./Core/Src/CC_and_PC.o
                0x20000450                preset_converted_array
 .bss.rx_buffer
                0x20000478        0x1 ./Core/Src/UART.o
                0x20000478                rx_buffer
 .bss.extend_rising_edge.0
                0x20000479        0x1 ./Core/Src/checking_functions.o
 .bss.second_speed_measurement.2
                0x2000047a        0x2 ./Core/Src/checking_functions.o
 .bss.first_speed_measurement.3
                0x2000047c        0x2 ./Core/Src/checking_functions.o
 .bss.speed_pot_adc_measurement_num
                0x2000047e        0x1 ./Core/Src/checking_functions.o
                0x2000047e                speed_pot_adc_measurement_num
 *fill*         0x2000047f        0x1 
 .bss.hlptim1   0x20000480       0x5c ./Core/Src/config.o
                0x20000480                hlptim1
 .bss.hdma_usart2_tx
                0x200004dc       0x5c ./Core/Src/config.o
                0x200004dc                hdma_usart2_tx
 .bss.hdma_usart2_rx
                0x20000538       0x5c ./Core/Src/config.o
                0x20000538                hdma_usart2_rx
 .bss.huart2    0x20000594       0xcc ./Core/Src/config.o
                0x20000594                huart2
 .bss.htim1     0x20000660       0xbc ./Core/Src/config.o
                0x20000660                htim1
 .bss.htim3     0x2000071c       0xbc ./Core/Src/config.o
                0x2000071c                htim3
 .bss.htim2     0x200007d8       0xbc ./Core/Src/config.o
                0x200007d8                htim2
 .bss.htim16    0x20000894       0xbc ./Core/Src/config.o
                0x20000894                htim16
 .bss.htim17    0x20000950       0xbc ./Core/Src/config.o
                0x20000950                htim17
 .bss.htim14    0x20000a0c       0xbc ./Core/Src/config.o
                0x20000a0c                htim14
 .bss.hdma_adc1
                0x20000ac8       0x5c ./Core/Src/config.o
                0x20000ac8                hdma_adc1
 .bss.hadc1     0x20000b24       0x88 ./Core/Src/config.o
                0x20000b24                hadc1
 .bss.tap_tempo_switch_states.0
                0x20000bac        0x2 ./Core/Src/custom_callbacks.o
 .bss.MIDI_CLK_tag
                0x20000bae        0x1 ./Core/Src/input_capture.o
                0x20000bae                MIDI_CLK_tag
 *fill*         0x20000baf        0x1 
 .bss.interrupt_period
                0x20000bb0        0x2 ./Core/Src/input_capture.o
                0x20000bb0                interrupt_period
 *fill*         0x20000bb2        0x2 
 .bss.TIM2_ch1_input_capture_value
                0x20000bb4        0x4 ./Core/Src/input_capture.o
                0x20000bb4                TIM2_ch1_input_capture_value
 .bss.idle_counter
                0x20000bb8        0x4 ./Core/Src/main.o
                0x20000bb8                idle_counter
 .bss.statuses  0x20000bbc        0x4 ./Core/Src/main.o
                0x20000bbc                statuses
 .bss.params_working
                0x20000bc0       0x22 ./Core/Src/oscillator.o
                0x20000bc0                params_working
 *fill*         0x20000be2        0x2 
 .bss.params_to_be_loaded
                0x20000be4       0x22 ./Core/Src/oscillator.o
                0x20000be4                params_to_be_loaded
 *fill*         0x20000c06        0x2 
 .bss.params    0x20000c08       0x22 ./Core/Src/oscillator.o
                0x20000c08                params
 *fill*         0x20000c2a        0x2 
 .bss.ADCResultsDMA
                0x20000c2c        0xa ./Core/Src/oscillator.o
                0x20000c2c                ADCResultsDMA
 .bss.MIDI_CLK_fsm
                0x20000c36        0x1 ./Core/Src/state_machine.o
                0x20000c36                MIDI_CLK_fsm
 *fill*         0x20000c37        0x1 
 .bss.uwTick    0x20000c38        0x4 ./Drivers/STM32G0xx_HAL_Driver/Src/stm32g0xx_hal.o
                0x20000c38                uwTick
 *(COMMON)
                0x20000c3c                        . = ALIGN (0x4)
                0x20000c3c                        _ebss = .
                0x20000c3c                        __bss_end__ = _ebss

._user_heap_stack
                0x20000c3c      0x604 load address 0x08007f30
                0x20000c40                        . = ALIGN (0x8)
 *fill*         0x20000c3c        0x4 
                [!provide]                        PROVIDE (end = .)
                0x20000c40                        PROVIDE (_end = .)
                0x20000e40                        . = (. + _Min_Heap_Size)
 *fill*         0x20000c40      0x200 
                0x20001240                        . = (. + _Min_Stack_Size)
 *fill*         0x20000e40      0x400 
                0x20001240                        . = ALIGN (0x8)

/DISCARD/
 libc.a(*)
 libm.a(*)
 libgcc.a(*)

.ARM.attributes
                0x00000000       0x28
 *(.ARM.attributes)
 .ARM.attributes
                0x00000000       0x1e /Applications/STM32CubeIDE.app/Contents/Eclipse/plugins/com.st.stm32cube.ide.mcu.externaltools.gnu-tools-for-stm32.12.3.rel1.macos64_1.1.0.202410301201/tools/bin/../lib/gcc/arm-none-eabi/12.3.1/thumb/v6-m/nofp/crti.o
 .ARM.attributes
                0x0000001e       0x2c /Applications/STM32CubeIDE.app/Contents/Eclipse/plugins/com.st.stm32cube.ide.mcu.externaltools.gnu-tools-for-stm32.12.3.rel1.macos64_1.1.0.202410301201/tools/bin/../lib/gcc/arm-none-eabi/12.3.1/thumb/v6-m/nofp/crtbegin.o
 .ARM.attributes
                0x0000004a       0x28 ./Core/Src/CC_and_PC.o
 .ARM.attributes
                0x00000072       0x28 ./Core/Src/UART.o
 .ARM.attributes
                0x0000009a       0x28 ./Core/Src/checking_functions.o
 .ARM.attributes
                0x000000c2       0x28 ./Core/Src/config.o
 .ARM.attributes
                0x000000ea       0x28 ./Core/Src/custom_callbacks.o
 .ARM.attributes
                0x00000112       0x28 ./Core/Src/input_capture.o
 .ARM.attributes
                0x0000013a       0x28 ./Core/Src/main.o
 .ARM.attributes
                0x00000162       0x28 ./Core/Src/oscillator.o
 .ARM.attributes
                0x0000018a       0x28 ./Core/Src/startup.o
 .ARM.attributes
                0x000001b2       0x28 ./Core/Src/state_machine.o
 .ARM.attributes
                0x000001da       0x28 ./Core/Src/stm32g0xx_hal_msp.o
 .ARM.attributes
                0x00000202       0x28 ./Core/Src/stm32g0xx_it.o
 .ARM.attributes
                0x0000022a       0x28 ./Core/Src/symmetry_adjustment.o
 .ARM.attributes
                0x00000252       0x28 ./Core/Src/system_stm32g0xx.o
 .ARM.attributes
                0x0000027a       0x28 ./Core/Src/timers.o
 .ARM.attributes
                0x000002a2       0x28 ./Core/Src/utility.o
 .ARM.attributes
                0x000002ca       0x22 ./Core/Startup/startup_stm32g031k8tx.o
 .ARM.attributes
                0x000002ec       0x28 ./Drivers/STM32G0xx_HAL_Driver/Src/stm32g0xx_hal.o
 .ARM.attributes
                0x00000314       0x28 ./Drivers/STM32G0xx_HAL_Driver/Src/stm32g0xx_hal_adc.o
 .ARM.attributes
                0x0000033c       0x28 ./Drivers/STM32G0xx_HAL_Driver/Src/stm32g0xx_hal_adc_ex.o
 .ARM.attributes
                0x00000364       0x28 ./Drivers/STM32G0xx_HAL_Driver/Src/stm32g0xx_hal_cortex.o
 .ARM.attributes
                0x0000038c       0x28 ./Drivers/STM32G0xx_HAL_Driver/Src/stm32g0xx_hal_dma.o
 .ARM.attributes
                0x000003b4       0x28 ./Drivers/STM32G0xx_HAL_Driver/Src/stm32g0xx_hal_gpio.o
 .ARM.attributes
                0x000003dc       0x28 ./Drivers/STM32G0xx_HAL_Driver/Src/stm32g0xx_hal_lptim.o
 .ARM.attributes
                0x00000404       0x28 ./Drivers/STM32G0xx_HAL_Driver/Src/stm32g0xx_hal_pwr_ex.o
 .ARM.attributes
                0x0000042c       0x28 ./Drivers/STM32G0xx_HAL_Driver/Src/stm32g0xx_hal_rcc.o
 .ARM.attributes
                0x00000454       0x28 ./Drivers/STM32G0xx_HAL_Driver/Src/stm32g0xx_hal_rcc_ex.o
 .ARM.attributes
                0x0000047c       0x28 ./Drivers/STM32G0xx_HAL_Driver/Src/stm32g0xx_hal_tim.o
 .ARM.attributes
                0x000004a4       0x28 ./Drivers/STM32G0xx_HAL_Driver/Src/stm32g0xx_hal_tim_ex.o
 .ARM.attributes
                0x000004cc       0x28 ./Drivers/STM32G0xx_HAL_Driver/Src/stm32g0xx_hal_uart.o
 .ARM.attributes
                0x000004f4       0x28 ./Drivers/STM32G0xx_HAL_Driver/Src/stm32g0xx_hal_uart_ex.o
 .ARM.attributes
                0x0000051c       0x2c /Applications/STM32CubeIDE.app/Contents/Eclipse/plugins/com.st.stm32cube.ide.mcu.externaltools.gnu-tools-for-stm32.12.3.rel1.macos64_1.1.0.202410301201/tools/bin/../lib/gcc/arm-none-eabi/12.3.1/../../../../arm-none-eabi/lib/thumb/v6-m/nofp/libc_nano.a(libc_a-memset.o)
 .ARM.attributes
                0x00000548       0x2c /Applications/STM32CubeIDE.app/Contents/Eclipse/plugins/com.st.stm32cube.ide.mcu.externaltools.gnu-tools-for-stm32.12.3.rel1.macos64_1.1.0.202410301201/tools/bin/../lib/gcc/arm-none-eabi/12.3.1/../../../../arm-none-eabi/lib/thumb/v6-m/nofp/libc_nano.a(libc_a-init.o)
 .ARM.attributes
                0x00000574       0x2c /Applications/STM32CubeIDE.app/Contents/Eclipse/plugins/com.st.stm32cube.ide.mcu.externaltools.gnu-tools-for-stm32.12.3.rel1.macos64_1.1.0.202410301201/tools/bin/../lib/gcc/arm-none-eabi/12.3.1/../../../../arm-none-eabi/lib/thumb/v6-m/nofp/libc_nano.a(libc_a-memcpy-stub.o)
 .ARM.attributes
                0x000005a0       0x1e /Applications/STM32CubeIDE.app/Contents/Eclipse/plugins/com.st.stm32cube.ide.mcu.externaltools.gnu-tools-for-stm32.12.3.rel1.macos64_1.1.0.202410301201/tools/bin/../lib/gcc/arm-none-eabi/12.3.1/thumb/v6-m/nofp/libgcc.a(_udivsi3.o)
 .ARM.attributes
                0x000005be       0x1e /Applications/STM32CubeIDE.app/Contents/Eclipse/plugins/com.st.stm32cube.ide.mcu.externaltools.gnu-tools-for-stm32.12.3.rel1.macos64_1.1.0.202410301201/tools/bin/../lib/gcc/arm-none-eabi/12.3.1/thumb/v6-m/nofp/libgcc.a(_dvmd_tls.o)
 .ARM.attributes
                0x000005dc       0x1e /Applications/STM32CubeIDE.app/Contents/Eclipse/plugins/com.st.stm32cube.ide.mcu.externaltools.gnu-tools-for-stm32.12.3.rel1.macos64_1.1.0.202410301201/tools/bin/../lib/gcc/arm-none-eabi/12.3.1/thumb/v6-m/nofp/libgcc.a(_aeabi_uldivmod.o)
 .ARM.attributes
                0x000005fa       0x2c /Applications/STM32CubeIDE.app/Contents/Eclipse/plugins/com.st.stm32cube.ide.mcu.externaltools.gnu-tools-for-stm32.12.3.rel1.macos64_1.1.0.202410301201/tools/bin/../lib/gcc/arm-none-eabi/12.3.1/thumb/v6-m/nofp/libgcc.a(_udivmoddi4.o)
 .ARM.attributes
                0x00000626       0x1e /Applications/STM32CubeIDE.app/Contents/Eclipse/plugins/com.st.stm32cube.ide.mcu.externaltools.gnu-tools-for-stm32.12.3.rel1.macos64_1.1.0.202410301201/tools/bin/../lib/gcc/arm-none-eabi/12.3.1/thumb/v6-m/nofp/libgcc.a(_clzdi2.o)
 .ARM.attributes
                0x00000644       0x1e /Applications/STM32CubeIDE.app/Contents/Eclipse/plugins/com.st.stm32cube.ide.mcu.externaltools.gnu-tools-for-stm32.12.3.rel1.macos64_1.1.0.202410301201/tools/bin/../lib/gcc/arm-none-eabi/12.3.1/thumb/v6-m/nofp/libgcc.a(_clzsi2.o)
 .ARM.attributes
                0x00000662       0x1e /Applications/STM32CubeIDE.app/Contents/Eclipse/plugins/com.st.stm32cube.ide.mcu.externaltools.gnu-tools-for-stm32.12.3.rel1.macos64_1.1.0.202410301201/tools/bin/../lib/gcc/arm-none-eabi/12.3.1/thumb/v6-m/nofp/crtn.o
OUTPUT(g031k8.elf elf32-littlearm)
LOAD linker stubs
LOAD /Applications/STM32CubeIDE.app/Contents/Eclipse/plugins/com.st.stm32cube.ide.mcu.externaltools.gnu-tools-for-stm32.12.3.rel1.macos64_1.1.0.202410301201/tools/bin/../lib/gcc/arm-none-eabi/12.3.1/../../../../arm-none-eabi/lib/thumb/v6-m/nofp/libc.a
LOAD /Applications/STM32CubeIDE.app/Contents/Eclipse/plugins/com.st.stm32cube.ide.mcu.externaltools.gnu-tools-for-stm32.12.3.rel1.macos64_1.1.0.202410301201/tools/bin/../lib/gcc/arm-none-eabi/12.3.1/../../../../arm-none-eabi/lib/thumb/v6-m/nofp/libm.a
LOAD /Applications/STM32CubeIDE.app/Contents/Eclipse/plugins/com.st.stm32cube.ide.mcu.externaltools.gnu-tools-for-stm32.12.3.rel1.macos64_1.1.0.202410301201/tools/bin/../lib/gcc/arm-none-eabi/12.3.1/thumb/v6-m/nofp/libgcc.a

.debug_info     0x00000000    0x29e17
 .debug_info    0x00000000      0xcb7 ./Core/Src/CC_and_PC.o
 .debug_info    0x00000cb7      0x92c ./Core/Src/UART.o
 .debug_info    0x000015e3      0x5ce ./Core/Src/checking_functions.o
 .debug_info    0x00001bb1     0x382c ./Core/Src/config.o
 .debug_info    0x000053dd     0x2827 ./Core/Src/custom_callbacks.o
 .debug_info    0x00007c04      0xf13 ./Core/Src/input_capture.o
 .debug_info    0x00008b17      0x498 ./Core/Src/main.o
 .debug_info    0x00008faf      0xf4f ./Core/Src/oscillator.o
 .debug_info    0x00009efe     0x16f4 ./Core/Src/startup.o
 .debug_info    0x0000b5f2      0x2cf ./Core/Src/state_machine.o
 .debug_info    0x0000b8c1     0x2113 ./Core/Src/stm32g0xx_hal_msp.o
 .debug_info    0x0000d9d4     0x12d1 ./Core/Src/stm32g0xx_it.o
 .debug_info    0x0000eca5      0x544 ./Core/Src/symmetry_adjustment.o
 .debug_info    0x0000f1e9      0x34e ./Core/Src/system_stm32g0xx.o
 .debug_info    0x0000f537      0xa48 ./Core/Src/timers.o
 .debug_info    0x0000ff7f      0x2de ./Core/Src/utility.o
 .debug_info    0x0001025d       0x30 ./Core/Startup/startup_stm32g031k8tx.o
 .debug_info    0x0001028d      0xb3c ./Drivers/STM32G0xx_HAL_Driver/Src/stm32g0xx_hal.o
 .debug_info    0x00010dc9     0x23a8 ./Drivers/STM32G0xx_HAL_Driver/Src/stm32g0xx_hal_adc.o
 .debug_info    0x00013171      0xd8e ./Drivers/STM32G0xx_HAL_Driver/Src/stm32g0xx_hal_adc_ex.o
 .debug_info    0x00013eff      0xa40 ./Drivers/STM32G0xx_HAL_Driver/Src/stm32g0xx_hal_cortex.o
 .debug_info    0x0001493f      0xab0 ./Drivers/STM32G0xx_HAL_Driver/Src/stm32g0xx_hal_dma.o
 .debug_info    0x000153ef      0x5ef ./Drivers/STM32G0xx_HAL_Driver/Src/stm32g0xx_hal_gpio.o
 .debug_info    0x000159de     0x1c86 ./Drivers/STM32G0xx_HAL_Driver/Src/stm32g0xx_hal_lptim.o
 .debug_info    0x00017664      0x7ef ./Drivers/STM32G0xx_HAL_Driver/Src/stm32g0xx_hal_pwr_ex.o
 .debug_info    0x00017e53      0xdc8 ./Drivers/STM32G0xx_HAL_Driver/Src/stm32g0xx_hal_rcc.o
 .debug_info    0x00018c1b      0x854 ./Drivers/STM32G0xx_HAL_Driver/Src/stm32g0xx_hal_rcc_ex.o
 .debug_info    0x0001946f     0x5491 ./Drivers/STM32G0xx_HAL_Driver/Src/stm32g0xx_hal_tim.o
 .debug_info    0x0001e900     0x2151 ./Drivers/STM32G0xx_HAL_Driver/Src/stm32g0xx_hal_tim_ex.o
 .debug_info    0x00020a51     0x7f18 ./Drivers/STM32G0xx_HAL_Driver/Src/stm32g0xx_hal_uart.o
 .debug_info    0x00028969     0x14ae ./Drivers/STM32G0xx_HAL_Driver/Src/stm32g0xx_hal_uart_ex.o

.debug_abbrev   0x00000000     0x51b9
 .debug_abbrev  0x00000000      0x26b ./Core/Src/CC_and_PC.o
 .debug_abbrev  0x0000026b      0x1b9 ./Core/Src/UART.o
 .debug_abbrev  0x00000424      0x1fe ./Core/Src/checking_functions.o
 .debug_abbrev  0x00000622      0x36b ./Core/Src/config.o
 .debug_abbrev  0x0000098d      0x395 ./Core/Src/custom_callbacks.o
 .debug_abbrev  0x00000d22      0x36d ./Core/Src/input_capture.o
 .debug_abbrev  0x0000108f      0x196 ./Core/Src/main.o
 .debug_abbrev  0x00001225      0x2ca ./Core/Src/oscillator.o
 .debug_abbrev  0x000014ef      0x296 ./Core/Src/startup.o
 .debug_abbrev  0x00001785       0xff ./Core/Src/state_machine.o
 .debug_abbrev  0x00001884      0x2ae ./Core/Src/stm32g0xx_hal_msp.o
 .debug_abbrev  0x00001b32      0x23d ./Core/Src/stm32g0xx_it.o
 .debug_abbrev  0x00001d6f      0x1b4 ./Core/Src/symmetry_adjustment.o
 .debug_abbrev  0x00001f23      0x148 ./Core/Src/system_stm32g0xx.o
 .debug_abbrev  0x0000206b      0x21c ./Core/Src/timers.o
 .debug_abbrev  0x00002287      0x186 ./Core/Src/utility.o
 .debug_abbrev  0x0000240d       0x24 ./Core/Startup/startup_stm32g031k8tx.o
 .debug_abbrev  0x00002431      0x341 ./Drivers/STM32G0xx_HAL_Driver/Src/stm32g0xx_hal.o
 .debug_abbrev  0x00002772      0x370 ./Drivers/STM32G0xx_HAL_Driver/Src/stm32g0xx_hal_adc.o
 .debug_abbrev  0x00002ae2      0x30f ./Drivers/STM32G0xx_HAL_Driver/Src/stm32g0xx_hal_adc_ex.o
 .debug_abbrev  0x00002df1      0x2dc ./Drivers/STM32G0xx_HAL_Driver/Src/stm32g0xx_hal_cortex.o
 .debug_abbrev  0x000030cd      0x28a ./Drivers/STM32G0xx_HAL_Driver/Src/stm32g0xx_hal_dma.o
 .debug_abbrev  0x00003357      0x26c ./Drivers/STM32G0xx_HAL_Driver/Src/stm32g0xx_hal_gpio.o
 .debug_abbrev  0x000035c3      0x37c ./Drivers/STM32G0xx_HAL_Driver/Src/stm32g0xx_hal_lptim.o
 .debug_abbrev  0x0000393f      0x28a ./Drivers/STM32G0xx_HAL_Driver/Src/stm32g0xx_hal_pwr_ex.o
 .debug_abbrev  0x00003bc9      0x36b ./Drivers/STM32G0xx_HAL_Driver/Src/stm32g0xx_hal_rcc.o
 .debug_abbrev  0x00003f34      0x296 ./Drivers/STM32G0xx_HAL_Driver/Src/stm32g0xx_hal_rcc_ex.o
 .debug_abbrev  0x000041ca      0x3e7 ./Drivers/STM32G0xx_HAL_Driver/Src/stm32g0xx_hal_tim.o
 .debug_abbrev  0x000045b1      0x3f8 ./Drivers/STM32G0xx_HAL_Driver/Src/stm32g0xx_hal_tim_ex.o
 .debug_abbrev  0x000049a9      0x4a2 ./Drivers/STM32G0xx_HAL_Driver/Src/stm32g0xx_hal_uart.o
 .debug_abbrev  0x00004e4b      0x36e ./Drivers/STM32G0xx_HAL_Driver/Src/stm32g0xx_hal_uart_ex.o

.debug_loclists
                0x00000000     0xfa02
 .debug_loclists
                0x00000000      0x78d ./Core/Src/CC_and_PC.o
 .debug_loclists
                0x0000078d       0x6e ./Core/Src/checking_functions.o
 .debug_loclists
                0x000007fb      0x18a ./Core/Src/custom_callbacks.o
 .debug_loclists
                0x00000985      0x169 ./Core/Src/input_capture.o
 .debug_loclists
                0x00000aee      0x26b ./Core/Src/oscillator.o
 .debug_loclists
                0x00000d59       0x20 ./Core/Src/startup.o
 .debug_loclists
                0x00000d79       0x24 ./Core/Src/state_machine.o
 .debug_loclists
                0x00000d9d      0x1c6 ./Core/Src/stm32g0xx_hal_msp.o
 .debug_loclists
                0x00000f63      0x33e ./Core/Src/symmetry_adjustment.o
 .debug_loclists
                0x000012a1       0xa7 ./Core/Src/system_stm32g0xx.o
 .debug_loclists
                0x00001348       0x90 ./Core/Src/timers.o
 .debug_loclists
                0x000013d8       0x84 ./Core/Src/utility.o
 .debug_loclists
                0x0000145c      0x143 ./Drivers/STM32G0xx_HAL_Driver/Src/stm32g0xx_hal.o
 .debug_loclists
                0x0000159f     0x1121 ./Drivers/STM32G0xx_HAL_Driver/Src/stm32g0xx_hal_adc.o
 .debug_loclists
                0x000026c0      0x2a3 ./Drivers/STM32G0xx_HAL_Driver/Src/stm32g0xx_hal_adc_ex.o
 .debug_loclists
                0x00002963      0x1ef ./Drivers/STM32G0xx_HAL_Driver/Src/stm32g0xx_hal_cortex.o
 .debug_loclists
                0x00002b52      0x747 ./Drivers/STM32G0xx_HAL_Driver/Src/stm32g0xx_hal_dma.o
 .debug_loclists
                0x00003299      0x372 ./Drivers/STM32G0xx_HAL_Driver/Src/stm32g0xx_hal_gpio.o
 .debug_loclists
                0x0000360b     0x1041 ./Drivers/STM32G0xx_HAL_Driver/Src/stm32g0xx_hal_lptim.o
 .debug_loclists
                0x0000464c      0x1b3 ./Drivers/STM32G0xx_HAL_Driver/Src/stm32g0xx_hal_pwr_ex.o
 .debug_loclists
                0x000047ff      0x4e1 ./Drivers/STM32G0xx_HAL_Driver/Src/stm32g0xx_hal_rcc.o
 .debug_loclists
                0x00004ce0      0x46c ./Drivers/STM32G0xx_HAL_Driver/Src/stm32g0xx_hal_rcc_ex.o
 .debug_loclists
                0x0000514c     0x4f53 ./Drivers/STM32G0xx_HAL_Driver/Src/stm32g0xx_hal_tim.o
 .debug_loclists
                0x0000a09f     0x1392 ./Drivers/STM32G0xx_HAL_Driver/Src/stm32g0xx_hal_tim_ex.o
 .debug_loclists
                0x0000b431     0x3cb5 ./Drivers/STM32G0xx_HAL_Driver/Src/stm32g0xx_hal_uart.o
 .debug_loclists
                0x0000f0e6      0x91c ./Drivers/STM32G0xx_HAL_Driver/Src/stm32g0xx_hal_uart_ex.o

.debug_aranges  0x00000000     0x1428
 .debug_aranges
                0x00000000       0xa0 ./Core/Src/CC_and_PC.o
 .debug_aranges
                0x000000a0       0x20 ./Core/Src/UART.o
 .debug_aranges
                0x000000c0       0x28 ./Core/Src/checking_functions.o
 .debug_aranges
                0x000000e8       0x90 ./Core/Src/config.o
 .debug_aranges
                0x00000178       0x78 ./Core/Src/custom_callbacks.o
 .debug_aranges
                0x000001f0       0x48 ./Core/Src/input_capture.o
 .debug_aranges
                0x00000238       0x20 ./Core/Src/main.o
 .debug_aranges
                0x00000258       0x50 ./Core/Src/oscillator.o
 .debug_aranges
                0x000002a8       0x20 ./Core/Src/startup.o
 .debug_aranges
                0x000002c8       0x20 ./Core/Src/state_machine.o
 .debug_aranges
                0x000002e8       0x68 ./Core/Src/stm32g0xx_hal_msp.o
 .debug_aranges
                0x00000350       0x90 ./Core/Src/stm32g0xx_it.o
 .debug_aranges
                0x000003e0       0x28 ./Core/Src/symmetry_adjustment.o
 .debug_aranges
                0x00000408       0x28 ./Core/Src/system_stm32g0xx.o
 .debug_aranges
                0x00000430       0x28 ./Core/Src/timers.o
 .debug_aranges
                0x00000458       0x50 ./Core/Src/utility.o
 .debug_aranges
                0x000004a8       0x28 ./Core/Startup/startup_stm32g031k8tx.o
 .debug_aranges
                0x000004d0      0x128 ./Drivers/STM32G0xx_HAL_Driver/Src/stm32g0xx_hal.o
 .debug_aranges
                0x000005f8      0x108 ./Drivers/STM32G0xx_HAL_Driver/Src/stm32g0xx_hal_adc.o
 .debug_aranges
                0x00000700       0x58 ./Drivers/STM32G0xx_HAL_Driver/Src/stm32g0xx_hal_adc_ex.o
 .debug_aranges
                0x00000758       0xa0 ./Drivers/STM32G0xx_HAL_Driver/Src/stm32g0xx_hal_cortex.o
 .debug_aranges
                0x000007f8       0x78 ./Drivers/STM32G0xx_HAL_Driver/Src/stm32g0xx_hal_dma.o
 .debug_aranges
                0x00000870       0x60 ./Drivers/STM32G0xx_HAL_Driver/Src/stm32g0xx_hal_gpio.o
 .debug_aranges
                0x000008d0      0x170 ./Drivers/STM32G0xx_HAL_Driver/Src/stm32g0xx_hal_lptim.o
 .debug_aranges
                0x00000a40       0xf0 ./Drivers/STM32G0xx_HAL_Driver/Src/stm32g0xx_hal_pwr_ex.o
 .debug_aranges
                0x00000b30       0x98 ./Drivers/STM32G0xx_HAL_Driver/Src/stm32g0xx_hal_rcc.o
 .debug_aranges
                0x00000bc8       0x40 ./Drivers/STM32G0xx_HAL_Driver/Src/stm32g0xx_hal_rcc_ex.o
 .debug_aranges
                0x00000c08      0x398 ./Drivers/STM32G0xx_HAL_Driver/Src/stm32g0xx_hal_tim.o
 .debug_aranges
                0x00000fa0      0x190 ./Drivers/STM32G0xx_HAL_Driver/Src/stm32g0xx_hal_tim_ex.o
 .debug_aranges
                0x00001130      0x260 ./Drivers/STM32G0xx_HAL_Driver/Src/stm32g0xx_hal_uart.o
 .debug_aranges
                0x00001390       0x98 ./Drivers/STM32G0xx_HAL_Driver/Src/stm32g0xx_hal_uart_ex.o

.debug_rnglists
                0x00000000     0x1c7a
 .debug_rnglists
                0x00000000       0xdb ./Core/Src/CC_and_PC.o
 .debug_rnglists
                0x000000db       0x13 ./Core/Src/UART.o
 .debug_rnglists
                0x000000ee       0x1a ./Core/Src/checking_functions.o
 .debug_rnglists
                0x00000108       0xe2 ./Core/Src/config.o
 .debug_rnglists
                0x000001ea       0x5a ./Core/Src/custom_callbacks.o
 .debug_rnglists
                0x00000244       0x40 ./Core/Src/input_capture.o
 .debug_rnglists
                0x00000284       0x14 ./Core/Src/main.o
 .debug_rnglists
                0x00000298       0x39 ./Core/Src/oscillator.o
 .debug_rnglists
                0x000002d1       0x14 ./Core/Src/startup.o
 .debug_rnglists
                0x000002e5       0x13 ./Core/Src/state_machine.o
 .debug_rnglists
                0x000002f8      0x165 ./Core/Src/stm32g0xx_hal_msp.o
 .debug_rnglists
                0x0000045d       0x67 ./Core/Src/stm32g0xx_it.o
 .debug_rnglists
                0x000004c4       0x27 ./Core/Src/symmetry_adjustment.o
 .debug_rnglists
                0x000004eb       0x1a ./Core/Src/system_stm32g0xx.o
 .debug_rnglists
                0x00000505       0x19 ./Core/Src/timers.o
 .debug_rnglists
                0x0000051e       0x46 ./Core/Src/utility.o
 .debug_rnglists
                0x00000564       0x19 ./Core/Startup/startup_stm32g031k8tx.o
 .debug_rnglists
                0x0000057d       0xd9 ./Drivers/STM32G0xx_HAL_Driver/Src/stm32g0xx_hal.o
 .debug_rnglists
                0x00000656      0x26b ./Drivers/STM32G0xx_HAL_Driver/Src/stm32g0xx_hal_adc.o
 .debug_rnglists
                0x000008c1       0xb9 ./Drivers/STM32G0xx_HAL_Driver/Src/stm32g0xx_hal_adc_ex.o
 .debug_rnglists
                0x0000097a       0x9d ./Drivers/STM32G0xx_HAL_Driver/Src/stm32g0xx_hal_cortex.o
 .debug_rnglists
                0x00000a17       0x9e ./Drivers/STM32G0xx_HAL_Driver/Src/stm32g0xx_hal_dma.o
 .debug_rnglists
                0x00000ab5       0x45 ./Drivers/STM32G0xx_HAL_Driver/Src/stm32g0xx_hal_gpio.o
 .debug_rnglists
                0x00000afa      0x256 ./Drivers/STM32G0xx_HAL_Driver/Src/stm32g0xx_hal_lptim.o
 .debug_rnglists
                0x00000d50       0xb0 ./Drivers/STM32G0xx_HAL_Driver/Src/stm32g0xx_hal_pwr_ex.o
 .debug_rnglists
                0x00000e00       0xb4 ./Drivers/STM32G0xx_HAL_Driver/Src/stm32g0xx_hal_rcc.o
 .debug_rnglists
                0x00000eb4       0x71 ./Drivers/STM32G0xx_HAL_Driver/Src/stm32g0xx_hal_rcc_ex.o
 .debug_rnglists
                0x00000f25      0x72a ./Drivers/STM32G0xx_HAL_Driver/Src/stm32g0xx_hal_tim.o
 .debug_rnglists
                0x0000164f      0x192 ./Drivers/STM32G0xx_HAL_Driver/Src/stm32g0xx_hal_tim_ex.o
 .debug_rnglists
                0x000017e1      0x3f0 ./Drivers/STM32G0xx_HAL_Driver/Src/stm32g0xx_hal_uart.o
 .debug_rnglists
                0x00001bd1       0xa9 ./Drivers/STM32G0xx_HAL_Driver/Src/stm32g0xx_hal_uart_ex.o

.debug_macro    0x00000000    0x1a174
 .debug_macro   0x00000000      0x2e9 ./Core/Src/CC_and_PC.o
 .debug_macro   0x000002e9      0xaae ./Core/Src/CC_and_PC.o
 .debug_macro   0x00000d97       0xa6 ./Core/Src/CC_and_PC.o
 .debug_macro   0x00000e3d       0x22 ./Core/Src/CC_and_PC.o
 .debug_macro   0x00000e5f       0x8e ./Core/Src/CC_and_PC.o
 .debug_macro   0x00000eed       0x51 ./Core/Src/CC_and_PC.o
 .debug_macro   0x00000f3e      0x103 ./Core/Src/CC_and_PC.o
 .debug_macro   0x00001041       0x6a ./Core/Src/CC_and_PC.o
 .debug_macro   0x000010ab      0x1df ./Core/Src/CC_and_PC.o
 .debug_macro   0x0000128a       0x1c ./Core/Src/CC_and_PC.o
 .debug_macro   0x000012a6       0x1c ./Core/Src/CC_and_PC.o
 .debug_macro   0x000012c2      0x12f ./Core/Src/CC_and_PC.o
 .debug_macro   0x000013f1       0x2e ./Core/Src/CC_and_PC.o
 .debug_macro   0x0000141f       0x28 ./Core/Src/CC_and_PC.o
 .debug_macro   0x00001447       0x1c ./Core/Src/CC_and_PC.o
 .debug_macro   0x00001463       0x22 ./Core/Src/CC_and_PC.o
 .debug_macro   0x00001485       0xd1 ./Core/Src/CC_and_PC.o
 .debug_macro   0x00001556      0x4da ./Core/Src/CC_and_PC.o
 .debug_macro   0x00001a30      0x11f ./Core/Src/CC_and_PC.o
 .debug_macro   0x00001b4f     0xac2c ./Core/Src/CC_and_PC.o
 .debug_macro   0x0000c77b       0x66 ./Core/Src/CC_and_PC.o
 .debug_macro   0x0000c7e1     0x350e ./Core/Src/CC_and_PC.o
 .debug_macro   0x0000fcef      0x189 ./Core/Src/CC_and_PC.o
 .debug_macro   0x0000fe78       0x5c ./Core/Src/CC_and_PC.o
 .debug_macro   0x0000fed4      0x518 ./Core/Src/CC_and_PC.o
 .debug_macro   0x000103ec      0xf70 ./Core/Src/CC_and_PC.o
 .debug_macro   0x0001135c      0x1d8 ./Core/Src/CC_and_PC.o
 .debug_macro   0x00011534      0x1cf ./Core/Src/CC_and_PC.o
 .debug_macro   0x00011703      0x122 ./Core/Src/CC_and_PC.o
 .debug_macro   0x00011825      0x390 ./Core/Src/CC_and_PC.o
 .debug_macro   0x00011bb5      0x202 ./Core/Src/CC_and_PC.o
 .debug_macro   0x00011db7      0x2ff ./Core/Src/CC_and_PC.o
 .debug_macro   0x000120b6      0x1b2 ./Core/Src/CC_and_PC.o
 .debug_macro   0x00012268       0x43 ./Core/Src/CC_and_PC.o
 .debug_macro   0x000122ab      0x1f1 ./Core/Src/CC_and_PC.o
 .debug_macro   0x0001249c      0x8a8 ./Core/Src/CC_and_PC.o
 .debug_macro   0x00012d44      0x5bb ./Core/Src/CC_and_PC.o
 .debug_macro   0x000132ff       0x2e ./Core/Src/CC_and_PC.o
 .debug_macro   0x0001332d      0x1d6 ./Core/Src/CC_and_PC.o
 .debug_macro   0x00013503      0x38a ./Core/Src/CC_and_PC.o
 .debug_macro   0x0001388d       0x28 ./Core/Src/CC_and_PC.o
 .debug_macro   0x000138b5       0xe4 ./Core/Src/CC_and_PC.o
 .debug_macro   0x00013999       0x85 ./Core/Src/CC_and_PC.o
 .debug_macro   0x00013a1e      0x2bd ./Core/Src/CC_and_PC.o
 .debug_macro   0x00013cdb      0x10c ./Core/Src/CC_and_PC.o
 .debug_macro   0x00013de7      0x240 ./Core/Src/CC_and_PC.o
 .debug_macro   0x00014027      0xac2 ./Core/Src/CC_and_PC.o
 .debug_macro   0x00014ae9      0x135 ./Core/Src/CC_and_PC.o
 .debug_macro   0x00014c1e      0x69a ./Core/Src/CC_and_PC.o
 .debug_macro   0x000152b8       0xa6 ./Core/Src/CC_and_PC.o
 .debug_macro   0x0001535e      0x49d ./Core/Src/CC_and_PC.o
 .debug_macro   0x000157fb       0xe8 ./Core/Src/CC_and_PC.o
 .debug_macro   0x000158e3       0x28 ./Core/Src/CC_and_PC.o
 .debug_macro   0x0001590b       0x16 ./Core/Src/CC_and_PC.o
 .debug_macro   0x00015921       0xee ./Core/Src/CC_and_PC.o
 .debug_macro   0x00015a0f       0x46 ./Core/Src/CC_and_PC.o
 .debug_macro   0x00015a55      0x2d4 ./Core/Src/UART.o
 .debug_macro   0x00015d29      0x2d4 ./Core/Src/checking_functions.o
 .debug_macro   0x00015ffd      0x306 ./Core/Src/config.o
 .debug_macro   0x00016303       0x10 ./Core/Src/config.o
 .debug_macro   0x00016313      0x302 ./Core/Src/custom_callbacks.o
 .debug_macro   0x00016615      0x2cc ./Core/Src/input_capture.o
 .debug_macro   0x000168e1      0x2da ./Core/Src/main.o
 .debug_macro   0x00016bbb      0x2d0 ./Core/Src/oscillator.o
 .debug_macro   0x00016e8b      0x2d9 ./Core/Src/startup.o
 .debug_macro   0x00017164      0x1f4 ./Core/Src/startup.o
 .debug_macro   0x00017358       0x6d ./Core/Src/state_machine.o
 .debug_macro   0x000173c5      0x22a ./Core/Src/stm32g0xx_hal_msp.o
 .debug_macro   0x000175ef      0x2de ./Core/Src/stm32g0xx_it.o
 .debug_macro   0x000178cd      0x2d4 ./Core/Src/symmetry_adjustment.o
 .debug_macro   0x00017ba1      0x21b ./Core/Src/system_stm32g0xx.o
 .debug_macro   0x00017dbc      0x234 ./Core/Src/timers.o
 .debug_macro   0x00017ff0      0x2d0 ./Core/Src/utility.o
 .debug_macro   0x000182c0      0x23f ./Drivers/STM32G0xx_HAL_Driver/Src/stm32g0xx_hal.o
 .debug_macro   0x000184ff      0x23f ./Drivers/STM32G0xx_HAL_Driver/Src/stm32g0xx_hal_adc.o
 .debug_macro   0x0001873e      0x227 ./Drivers/STM32G0xx_HAL_Driver/Src/stm32g0xx_hal_adc_ex.o
 .debug_macro   0x00018965      0x21b ./Drivers/STM32G0xx_HAL_Driver/Src/stm32g0xx_hal_cortex.o
 .debug_macro   0x00018b80      0x21b ./Drivers/STM32G0xx_HAL_Driver/Src/stm32g0xx_hal_dma.o
 .debug_macro   0x00018d9b      0x222 ./Drivers/STM32G0xx_HAL_Driver/Src/stm32g0xx_hal_gpio.o
 .debug_macro   0x00018fbd      0x231 ./Drivers/STM32G0xx_HAL_Driver/Src/stm32g0xx_hal_lptim.o
 .debug_macro   0x000191ee      0x245 ./Drivers/STM32G0xx_HAL_Driver/Src/stm32g0xx_hal_pwr_ex.o
 .debug_macro   0x00019433      0x25d ./Drivers/STM32G0xx_HAL_Driver/Src/stm32g0xx_hal_rcc.o
 .debug_macro   0x00019690      0x233 ./Drivers/STM32G0xx_HAL_Driver/Src/stm32g0xx_hal_rcc_ex.o
 .debug_macro   0x000198c3      0x223 ./Drivers/STM32G0xx_HAL_Driver/Src/stm32g0xx_hal_tim.o
 .debug_macro   0x00019ae6      0x221 ./Drivers/STM32G0xx_HAL_Driver/Src/stm32g0xx_hal_tim_ex.o
 .debug_macro   0x00019d07      0x246 ./Drivers/STM32G0xx_HAL_Driver/Src/stm32g0xx_hal_uart.o
 .debug_macro   0x00019f4d      0x227 ./Drivers/STM32G0xx_HAL_Driver/Src/stm32g0xx_hal_uart_ex.o

.debug_line     0x00000000    0x29f0f
 .debug_line    0x00000000     0x10be ./Core/Src/CC_and_PC.o
 .debug_line    0x000010be      0x8a6 ./Core/Src/UART.o
 .debug_line    0x00001964      0x9f7 ./Core/Src/checking_functions.o
 .debug_line    0x0000235b     0x1c69 ./Core/Src/config.o
 .debug_line    0x00003fc4     0x14a7 ./Core/Src/custom_callbacks.o
 .debug_line    0x0000546b      0xa69 ./Core/Src/input_capture.o
 .debug_line    0x00005ed4      0x93b ./Core/Src/main.o
 .debug_line    0x0000680f      0xd51 ./Core/Src/oscillator.o
 .debug_line    0x00007560      0x962 ./Core/Src/startup.o
 .debug_line    0x00007ec2      0x402 ./Core/Src/state_machine.o
 .debug_line    0x000082c4      0xdf5 ./Core/Src/stm32g0xx_hal_msp.o
 .debug_line    0x000090b9      0xa72 ./Core/Src/stm32g0xx_it.o
 .debug_line    0x00009b2b      0xd37 ./Core/Src/symmetry_adjustment.o
 .debug_line    0x0000a862      0x871 ./Core/Src/system_stm32g0xx.o
 .debug_line    0x0000b0d3      0x7e3 ./Core/Src/timers.o
 .debug_line    0x0000b8b6      0x9d1 ./Core/Src/utility.o
 .debug_line    0x0000c287       0x7b ./Core/Startup/startup_stm32g031k8tx.o
 .debug_line    0x0000c302      0xce1 ./Drivers/STM32G0xx_HAL_Driver/Src/stm32g0xx_hal.o
 .debug_line    0x0000cfe3     0x2441 ./Drivers/STM32G0xx_HAL_Driver/Src/stm32g0xx_hal_adc.o
 .debug_line    0x0000f424      0xcaa ./Drivers/STM32G0xx_HAL_Driver/Src/stm32g0xx_hal_adc_ex.o
 .debug_line    0x000100ce      0xca8 ./Drivers/STM32G0xx_HAL_Driver/Src/stm32g0xx_hal_cortex.o
 .debug_line    0x00010d76     0x12ee ./Drivers/STM32G0xx_HAL_Driver/Src/stm32g0xx_hal_dma.o
 .debug_line    0x00012064      0xd58 ./Drivers/STM32G0xx_HAL_Driver/Src/stm32g0xx_hal_gpio.o
 .debug_line    0x00012dbc     0x2129 ./Drivers/STM32G0xx_HAL_Driver/Src/stm32g0xx_hal_lptim.o
 .debug_line    0x00014ee5      0xca1 ./Drivers/STM32G0xx_HAL_Driver/Src/stm32g0xx_hal_pwr_ex.o
 .debug_line    0x00015b86     0x1546 ./Drivers/STM32G0xx_HAL_Driver/Src/stm32g0xx_hal_rcc.o
 .debug_line    0x000170cc      0xed5 ./Drivers/STM32G0xx_HAL_Driver/Src/stm32g0xx_hal_rcc_ex.o
 .debug_line    0x00017fa1     0x7638 ./Drivers/STM32G0xx_HAL_Driver/Src/stm32g0xx_hal_tim.o
 .debug_line    0x0001f5d9     0x233e ./Drivers/STM32G0xx_HAL_Driver/Src/stm32g0xx_hal_tim_ex.o
 .debug_line    0x00021917     0x708c ./Drivers/STM32G0xx_HAL_Driver/Src/stm32g0xx_hal_uart.o
 .debug_line    0x000289a3     0x156c ./Drivers/STM32G0xx_HAL_Driver/Src/stm32g0xx_hal_uart_ex.o

.debug_str      0x00000000    0xa060c
 .debug_str     0x00000000    0x984a9 ./Core/Src/CC_and_PC.o
                              0x98c96 (size before relaxing)
 .debug_str     0x000984a9      0x55e ./Core/Src/UART.o
                              0x98615 (size before relaxing)
 .debug_str     0x00098a07      0x1cb ./Core/Src/checking_functions.o
                              0x98522 (size before relaxing)
 .debug_str     0x00098bd2     0x19e8 ./Core/Src/config.o
                              0x9a6f9 (size before relaxing)
 .debug_str     0x0009a5ba      0x4e2 ./Core/Src/custom_callbacks.o
                              0x9a014 (size before relaxing)
 .debug_str     0x0009aa9c      0x112 ./Core/Src/input_capture.o
                              0x98c77 (size before relaxing)
 .debug_str     0x0009abae       0x3f ./Core/Src/main.o
                              0x982a4 (size before relaxing)
 .debug_str     0x0009abed      0x160 ./Core/Src/oscillator.o
                              0x98c8a (size before relaxing)
 .debug_str     0x0009ad4d      0xd8f ./Core/Src/startup.o
                              0x9a169 (size before relaxing)
 .debug_str     0x0009badc       0x1c ./Core/Src/state_machine.o
                               0x3fc4 (size before relaxing)
 .debug_str     0x0009baf8      0x202 ./Core/Src/stm32g0xx_hal_msp.o
                              0x98ce2 (size before relaxing)
 .debug_str     0x0009bcfa      0x1a9 ./Core/Src/stm32g0xx_it.o
                              0x98f9a (size before relaxing)
 .debug_str     0x0009bea3      0x23d ./Core/Src/symmetry_adjustment.o
                              0x982d8 (size before relaxing)
 .debug_str     0x0009c0e0       0x8e ./Core/Src/system_stm32g0xx.o
                              0x973a8 (size before relaxing)
 .debug_str     0x0009c16e       0x4b ./Core/Src/timers.o
                              0x97f36 (size before relaxing)
 .debug_str     0x0009c1b9       0x55 ./Core/Src/utility.o
                              0x9810b (size before relaxing)
 .debug_str     0x0009c20e       0x44 ./Core/Startup/startup_stm32g031k8tx.o
                                 0x70 (size before relaxing)
 .debug_str     0x0009c252      0x571 ./Drivers/STM32G0xx_HAL_Driver/Src/stm32g0xx_hal.o
                              0x97b7e (size before relaxing)
 .debug_str     0x0009c7c3      0x8d3 ./Drivers/STM32G0xx_HAL_Driver/Src/stm32g0xx_hal_adc.o
                              0x983bb (size before relaxing)
 .debug_str     0x0009d096      0x1e2 ./Drivers/STM32G0xx_HAL_Driver/Src/stm32g0xx_hal_adc_ex.o
                              0x97bfe (size before relaxing)
 .debug_str     0x0009d278      0x28b ./Drivers/STM32G0xx_HAL_Driver/Src/stm32g0xx_hal_cortex.o
                              0x97824 (size before relaxing)
 .debug_str     0x0009d503      0x261 ./Drivers/STM32G0xx_HAL_Driver/Src/stm32g0xx_hal_dma.o
                              0x97842 (size before relaxing)
 .debug_str     0x0009d764       0xcd ./Drivers/STM32G0xx_HAL_Driver/Src/stm32g0xx_hal_gpio.o
                              0x974cf (size before relaxing)
 .debug_str     0x0009d831      0x5a2 ./Drivers/STM32G0xx_HAL_Driver/Src/stm32g0xx_hal_lptim.o
                              0x97e33 (size before relaxing)
 .debug_str     0x0009ddd3      0x37b ./Drivers/STM32G0xx_HAL_Driver/Src/stm32g0xx_hal_pwr_ex.o
                              0x97821 (size before relaxing)
 .debug_str     0x0009e14e      0x4a8 ./Drivers/STM32G0xx_HAL_Driver/Src/stm32g0xx_hal_rcc.o
                              0x97afe (size before relaxing)
 .debug_str     0x0009e5f6      0x185 ./Drivers/STM32G0xx_HAL_Driver/Src/stm32g0xx_hal_rcc_ex.o
                              0x97737 (size before relaxing)
 .debug_str     0x0009e77b      0xd1f ./Drivers/STM32G0xx_HAL_Driver/Src/stm32g0xx_hal_tim.o
                              0x98f73 (size before relaxing)
 .debug_str     0x0009f49a      0x4a0 ./Drivers/STM32G0xx_HAL_Driver/Src/stm32g0xx_hal_tim_ex.o
                              0x984d5 (size before relaxing)
 .debug_str     0x0009f93a      0xa0a ./Drivers/STM32G0xx_HAL_Driver/Src/stm32g0xx_hal_uart.o
                              0x986f6 (size before relaxing)
 .debug_str     0x000a0344      0x2c8 ./Drivers/STM32G0xx_HAL_Driver/Src/stm32g0xx_hal_uart_ex.o
                              0x97d4c (size before relaxing)

.comment        0x00000000       0x43
 .comment       0x00000000       0x43 ./Core/Src/CC_and_PC.o
                                 0x44 (size before relaxing)
 .comment       0x00000043       0x44 ./Core/Src/UART.o
 .comment       0x00000043       0x44 ./Core/Src/checking_functions.o
 .comment       0x00000043       0x44 ./Core/Src/config.o
 .comment       0x00000043       0x44 ./Core/Src/custom_callbacks.o
 .comment       0x00000043       0x44 ./Core/Src/input_capture.o
 .comment       0x00000043       0x44 ./Core/Src/main.o
 .comment       0x00000043       0x44 ./Core/Src/oscillator.o
 .comment       0x00000043       0x44 ./Core/Src/startup.o
 .comment       0x00000043       0x44 ./Core/Src/state_machine.o
 .comment       0x00000043       0x44 ./Core/Src/stm32g0xx_hal_msp.o
 .comment       0x00000043       0x44 ./Core/Src/stm32g0xx_it.o
 .comment       0x00000043       0x44 ./Core/Src/symmetry_adjustment.o
 .comment       0x00000043       0x44 ./Core/Src/system_stm32g0xx.o
 .comment       0x00000043       0x44 ./Core/Src/timers.o
 .comment       0x00000043       0x44 ./Core/Src/utility.o
 .comment       0x00000043       0x44 ./Drivers/STM32G0xx_HAL_Driver/Src/stm32g0xx_hal.o
 .comment       0x00000043       0x44 ./Drivers/STM32G0xx_HAL_Driver/Src/stm32g0xx_hal_adc.o
 .comment       0x00000043       0x44 ./Drivers/STM32G0xx_HAL_Driver/Src/stm32g0xx_hal_adc_ex.o
 .comment       0x00000043       0x44 ./Drivers/STM32G0xx_HAL_Driver/Src/stm32g0xx_hal_cortex.o
 .comment       0x00000043       0x44 ./Drivers/STM32G0xx_HAL_Driver/Src/stm32g0xx_hal_dma.o
 .comment       0x00000043       0x44 ./Drivers/STM32G0xx_HAL_Driver/Src/stm32g0xx_hal_gpio.o
 .comment       0x00000043       0x44 ./Drivers/STM32G0xx_HAL_Driver/Src/stm32g0xx_hal_lptim.o
 .comment       0x00000043       0x44 ./Drivers/STM32G0xx_HAL_Driver/Src/stm32g0xx_hal_pwr_ex.o
 .comment       0x00000043       0x44 ./Drivers/STM32G0xx_HAL_Driver/Src/stm32g0xx_hal_rcc.o
 .comment       0x00000043       0x44 ./Drivers/STM32G0xx_HAL_Driver/Src/stm32g0xx_hal_rcc_ex.o
 .comment       0x00000043       0x44 ./Drivers/STM32G0xx_HAL_Driver/Src/stm32g0xx_hal_tim.o
 .comment       0x00000043       0x44 ./Drivers/STM32G0xx_HAL_Driver/Src/stm32g0xx_hal_tim_ex.o
 .comment       0x00000043       0x44 ./Drivers/STM32G0xx_HAL_Driver/Src/stm32g0xx_hal_uart.o
 .comment       0x00000043       0x44 ./Drivers/STM32G0xx_HAL_Driver/Src/stm32g0xx_hal_uart_ex.o

.debug_frame    0x00000000     0x3554
 .debug_frame   0x00000000      0x138 ./Core/Src/CC_and_PC.o