Archive member included to satisfy reference by file (symbol)

C:/ST/STM32CubeIDE_1.16.1/STM32CubeIDE/plugins/com.st.stm32cube.ide.mcu.externaltools.gnu-tools-for-stm32.12.3.rel1.win32_1.1.0.202410251130/tools/bin/../lib/gcc/arm-none-eabi/12.3.1/../../../../arm-none-eabi/lib/thumb/v6-m/nofp\libc_nano.a(libc_a-exit.o)
                              C:/ST/STM32CubeIDE_1.16.1/STM32CubeIDE/plugins/com.st.stm32cube.ide.mcu.externaltools.gnu-tools-for-stm32.12.3.rel1.win32_1.1.0.202410251130/tools/bin/../lib/gcc/arm-none-eabi/12.3.1/../../../../arm-none-eabi/lib/thumb/v6-m/nofp/crt0.o (exit)
C:/ST/STM32CubeIDE_1.16.1/STM32CubeIDE/plugins/com.st.stm32cube.ide.mcu.externaltools.gnu-tools-for-stm32.12.3.rel1.win32_1.1.0.202410251130/tools/bin/../lib/gcc/arm-none-eabi/12.3.1/../../../../arm-none-eabi/lib/thumb/v6-m/nofp\libc_nano.a(libc_a-findfp.o)
                              C:/ST/STM32CubeIDE_1.16.1/STM32CubeIDE/plugins/com.st.stm32cube.ide.mcu.externaltools.gnu-tools-for-stm32.12.3.rel1.win32_1.1.0.202410251130/tools/bin/../lib/gcc/arm-none-eabi/12.3.1/../../../../arm-none-eabi/lib/thumb/v6-m/nofp\libc_nano.a(libc_a-exit.o) (__stdio_exit_handler)
C:/ST/STM32CubeIDE_1.16.1/STM32CubeIDE/plugins/com.st.stm32cube.ide.mcu.externaltools.gnu-tools-for-stm32.12.3.rel1.win32_1.1.0.202410251130/tools/bin/../lib/gcc/arm-none-eabi/12.3.1/../../../../arm-none-eabi/lib/thumb/v6-m/nofp\libc_nano.a(libc_a-fwalk.o)
                              C:/ST/STM32CubeIDE_1.16.1/STM32CubeIDE/plugins/com.st.stm32cube.ide.mcu.externaltools.gnu-tools-for-stm32.12.3.rel1.win32_1.1.0.202410251130/tools/bin/../lib/gcc/arm-none-eabi/12.3.1/../../../../arm-none-eabi/lib/thumb/v6-m/nofp\libc_nano.a(libc_a-findfp.o) (_fwalk_sglue)
C:/ST/STM32CubeIDE_1.16.1/STM32CubeIDE/plugins/com.st.stm32cube.ide.mcu.externaltools.gnu-tools-for-stm32.12.3.rel1.win32_1.1.0.202410251130/tools/bin/../lib/gcc/arm-none-eabi/12.3.1/../../../../arm-none-eabi/lib/thumb/v6-m/nofp\libc_nano.a(libc_a-stdio.o)
                              C:/ST/STM32CubeIDE_1.16.1/STM32CubeIDE/plugins/com.st.stm32cube.ide.mcu.externaltools.gnu-tools-for-stm32.12.3.rel1.win32_1.1.0.202410251130/tools/bin/../lib/gcc/arm-none-eabi/12.3.1/../../../../arm-none-eabi/lib/thumb/v6-m/nofp\libc_nano.a(libc_a-findfp.o) (__sread)
C:/ST/STM32CubeIDE_1.16.1/STM32CubeIDE/plugins/com.st.stm32cube.ide.mcu.externaltools.gnu-tools-for-stm32.12.3.rel1.win32_1.1.0.202410251130/tools/bin/../lib/gcc/arm-none-eabi/12.3.1/../../../../arm-none-eabi/lib/thumb/v6-m/nofp\libc_nano.a(libc_a-memset.o)
                              C:/ST/STM32CubeIDE_1.16.1/STM32CubeIDE/plugins/com.st.stm32cube.ide.mcu.externaltools.gnu-tools-for-stm32.12.3.rel1.win32_1.1.0.202410251130/tools/bin/../lib/gcc/arm-none-eabi/12.3.1/../../../../arm-none-eabi/lib/thumb/v6-m/nofp/crt0.o (memset)
C:/ST/STM32CubeIDE_1.16.1/STM32CubeIDE/plugins/com.st.stm32cube.ide.mcu.externaltools.gnu-tools-for-stm32.12.3.rel1.win32_1.1.0.202410251130/tools/bin/../lib/gcc/arm-none-eabi/12.3.1/../../../../arm-none-eabi/lib/thumb/v6-m/nofp\libc_nano.a(libc_a-closer.o)
                              C:/ST/STM32CubeIDE_1.16.1/STM32CubeIDE/plugins/com.st.stm32cube.ide.mcu.externaltools.gnu-tools-for-stm32.12.3.rel1.win32_1.1.0.202410251130/tools/bin/../lib/gcc/arm-none-eabi/12.3.1/../../../../arm-none-eabi/lib/thumb/v6-m/nofp\libc_nano.a(libc_a-stdio.o) (_close_r)
C:/ST/STM32CubeIDE_1.16.1/STM32CubeIDE/plugins/com.st.stm32cube.ide.mcu.externaltools.gnu-tools-for-stm32.12.3.rel1.win32_1.1.0.202410251130/tools/bin/../lib/gcc/arm-none-eabi/12.3.1/../../../../arm-none-eabi/lib/thumb/v6-m/nofp\libc_nano.a(libc_a-reent.o)
                              C:/ST/STM32CubeIDE_1.16.1/STM32CubeIDE/plugins/com.st.stm32cube.ide.mcu.externaltools.gnu-tools-for-stm32.12.3.rel1.win32_1.1.0.202410251130/tools/bin/../lib/gcc/arm-none-eabi/12.3.1/../../../../arm-none-eabi/lib/thumb/v6-m/nofp\libc_nano.a(libc_a-closer.o) (errno)
C:/ST/STM32CubeIDE_1.16.1/STM32CubeIDE/plugins/com.st.stm32cube.ide.mcu.externaltools.gnu-tools-for-stm32.12.3.rel1.win32_1.1.0.202410251130/tools/bin/../lib/gcc/arm-none-eabi/12.3.1/../../../../arm-none-eabi/lib/thumb/v6-m/nofp\libc_nano.a(libc_a-impure.o)
                              C:/ST/STM32CubeIDE_1.16.1/STM32CubeIDE/plugins/com.st.stm32cube.ide.mcu.externaltools.gnu-tools-for-stm32.12.3.rel1.win32_1.1.0.202410251130/tools/bin/../lib/gcc/arm-none-eabi/12.3.1/../../../../arm-none-eabi/lib/thumb/v6-m/nofp\libc_nano.a(libc_a-reent.o) (_impure_ptr)
C:/ST/STM32CubeIDE_1.16.1/STM32CubeIDE/plugins/com.st.stm32cube.ide.mcu.externaltools.gnu-tools-for-stm32.12.3.rel1.win32_1.1.0.202410251130/tools/bin/../lib/gcc/arm-none-eabi/12.3.1/../../../../arm-none-eabi/lib/thumb/v6-m/nofp\libc_nano.a(libc_a-lseekr.o)
[...]
Memory Configuration

Name             Origin             Length             Attributes
RAM              0x20000000         0x00002000         xrw
FLASH            0x08000000         0x00010000         xr
*default*        0x00000000         0xffffffff

Linker script and memory map

LOAD C:/ST/STM32CubeIDE_1.16.1/STM32CubeIDE/plugins/com.st.stm32cube.ide.mcu.externaltools.gnu-tools-for-stm32.12.3.rel1.win32_1.1.0.202410251130/tools/bin/../lib/gcc/arm-none-eabi/12.3.1/thumb/v6-m/nofp/crti.o
LOAD C:/ST/STM32CubeIDE_1.16.1/STM32CubeIDE/plugins/com.st.stm32cube.ide.mcu.externaltools.gnu-tools-for-stm32.12.3.rel1.win32_1.1.0.202410251130/tools/bin/../lib/gcc/arm-none-eabi/12.3.1/thumb/v6-m/nofp/crtbegin.o
LOAD C:/ST/STM32CubeIDE_1.16.1/STM32CubeIDE/plugins/com.st.stm32cube.ide.mcu.externaltools.gnu-tools-for-stm32.12.3.rel1.win32_1.1.0.202410251130/tools/bin/../lib/gcc/arm-none-eabi/12.3.1/../../../../arm-none-eabi/lib/thumb/v6-m/nofp/crt0.o
LOAD ./Core/Src/MIDI_defines.o
LOAD ./Core/Src/config.o
LOAD ./Core/Src/custom_callbacks.o
LOAD ./Core/Src/main.o
LOAD ./Core/Src/stm32g0xx_hal_msp.o
LOAD ./Core/Src/stm32g0xx_it.o
LOAD ./Core/Src/syscalls.o
LOAD ./Core/Src/sysmem.o
LOAD ./Core/Src/system.o
LOAD ./Core/Src/system_stm32g0xx.o
LOAD ./Core/Startup/startup_stm32g031k8tx.o
LOAD ./Drivers/STM32G0xx_HAL_Driver/Src/stm32g0xx_hal.o
LOAD ./Drivers/STM32G0xx_HAL_Driver/Src/stm32g0xx_hal_adc.o
LOAD ./Drivers/STM32G0xx_HAL_Driver/Src/stm32g0xx_hal_adc_ex.o
LOAD ./Drivers/STM32G0xx_HAL_Driver/Src/stm32g0xx_hal_cortex.o
LOAD ./Drivers/STM32G0xx_HAL_Driver/Src/stm32g0xx_hal_dma.o
LOAD ./Drivers/STM32G0xx_HAL_Driver/Src/stm32g0xx_hal_dma_ex.o
LOAD ./Drivers/STM32G0xx_HAL_Driver/Src/stm32g0xx_hal_exti.o
LOAD ./Drivers/STM32G0xx_HAL_Driver/Src/stm32g0xx_hal_flash.o
LOAD ./Drivers/STM32G0xx_HAL_Driver/Src/stm32g0xx_hal_flash_ex.o
LOAD ./Drivers/STM32G0xx_HAL_Driver/Src/stm32g0xx_hal_gpio.o
LOAD ./Drivers/STM32G0xx_HAL_Driver/Src/stm32g0xx_hal_iwdg.o
LOAD ./Drivers/STM32G0xx_HAL_Driver/Src/stm32g0xx_hal_pwr.o
LOAD ./Drivers/STM32G0xx_HAL_Driver/Src/stm32g0xx_hal_pwr_ex.o
LOAD ./Drivers/STM32G0xx_HAL_Driver/Src/stm32g0xx_hal_rcc.o
LOAD ./Drivers/STM32G0xx_HAL_Driver/Src/stm32g0xx_hal_rcc_ex.o
LOAD ./Drivers/STM32G0xx_HAL_Driver/Src/stm32g0xx_hal_tim.o
LOAD ./Drivers/STM32G0xx_HAL_Driver/Src/stm32g0xx_hal_tim_ex.o
LOAD ./Drivers/STM32G0xx_HAL_Driver/Src/stm32g0xx_hal_uart.o
LOAD ./Drivers/STM32G0xx_HAL_Driver/Src/stm32g0xx_hal_uart_ex.o
LOAD ./Drivers/STM32G0xx_HAL_Driver/Src/stm32g0xx_ll_adc.o
LOAD ./Drivers/STM32G0xx_HAL_Driver/Src/stm32g0xx_ll_rcc.o
START GROUP
LOAD C:/ST/STM32CubeIDE_1.16.1/STM32CubeIDE/plugins/com.st.stm32cube.ide.mcu.externaltools.gnu-tools-for-stm32.12.3.rel1.win32_1.1.0.202410251130/tools/bin/../lib/gcc/arm-none-eabi/12.3.1/../../../../arm-none-eabi/lib/thumb/v6-m/nofp\libc_nano.a
LOAD C:/ST/STM32CubeIDE_1.16.1/STM32CubeIDE/plugins/com.st.stm32cube.ide.mcu.externaltools.gnu-tools-for-stm32.12.3.rel1.win32_1.1.0.202410251130/tools/bin/../lib/gcc/arm-none-eabi/12.3.1/../../../../arm-none-eabi/lib/thumb/v6-m/nofp\libm.a
END GROUP
START GROUP
LOAD C:/ST/STM32CubeIDE_1.16.1/STM32CubeIDE/plugins/com.st.stm32cube.ide.mcu.externaltools.gnu-tools-for-stm32.12.3.rel1.win32_1.1.0.202410251130/tools/bin/../lib/gcc/arm-none-eabi/12.3.1/thumb/v6-m/nofp\libgcc.a
LOAD C:/ST/STM32CubeIDE_1.16.1/STM32CubeIDE/plugins/com.st.stm32cube.ide.mcu.externaltools.gnu-tools-for-stm32.12.3.rel1.win32_1.1.0.202410251130/tools/bin/../lib/gcc/arm-none-eabi/12.3.1/../../../../arm-none-eabi/lib/thumb/v6-m/nofp\libc_nano.a
END GROUP
START GROUP
LOAD C:/ST/STM32CubeIDE_1.16.1/STM32CubeIDE/plugins/com.st.stm32cube.ide.mcu.externaltools.gnu-tools-for-stm32.12.3.rel1.win32_1.1.0.202410251130/tools/bin/../lib/gcc/arm-none-eabi/12.3.1/thumb/v6-m/nofp\libgcc.a
LOAD C:/ST/STM32CubeIDE_1.16.1/STM32CubeIDE/plugins/com.st.stm32cube.ide.mcu.externaltools.gnu-tools-for-stm32.12.3.rel1.win32_1.1.0.202410251130/tools/bin/../lib/gcc/arm-none-eabi/12.3.1/../../../../arm-none-eabi/lib/thumb/v6-m/nofp\libc_nano.a
LOAD C:/ST/STM32CubeIDE_1.16.1/STM32CubeIDE/plugins/com.st.stm32cube.ide.mcu.externaltools.gnu-tools-for-stm32.12.3.rel1.win32_1.1.0.202410251130/tools/bin/../lib/gcc/arm-none-eabi/12.3.1/../../../../arm-none-eabi/lib/thumb/v6-m/nofp\libnosys.a
END GROUP
START GROUP
LOAD C:/ST/STM32CubeIDE_1.16.1/STM32CubeIDE/plugins/com.st.stm32cube.ide.mcu.externaltools.gnu-tools-for-stm32.12.3.rel1.win32_1.1.0.202410251130/tools/bin/../lib/gcc/arm-none-eabi/12.3.1/thumb/v6-m/nofp\libgcc.a
LOAD C:/ST/STM32CubeIDE_1.16.1/STM32CubeIDE/plugins/com.st.stm32cube.ide.mcu.externaltools.gnu-tools-for-stm32.12.3.rel1.win32_1.1.0.202410251130/tools/bin/../lib/gcc/arm-none-eabi/12.3.1/../../../../arm-none-eabi/lib/thumb/v6-m/nofp\libc_nano.a
LOAD C:/ST/STM32CubeIDE_1.16.1/STM32CubeIDE/plugins/com.st.stm32cube.ide.mcu.externaltools.gnu-tools-for-stm32.12.3.rel1.win32_1.1.0.202410251130/tools/bin/../lib/gcc/arm-none-eabi/12.3.1/../../../../arm-none-eabi/lib/thumb/v6-m/nofp\libnosys.a
END GROUP
LOAD C:/ST/STM32CubeIDE_1.16.1/STM32CubeIDE/plugins/com.st.stm32cube.ide.mcu.externaltools.gnu-tools-for-stm32.12.3.rel1.win32_1.1.0.202410251130/tools/bin/../lib/gcc/arm-none-eabi/12.3.1/thumb/v6-m/nofp/crtend.o
LOAD C:/ST/STM32CubeIDE_1.16.1/STM32CubeIDE/plugins/com.st.stm32cube.ide.mcu.externaltools.gnu-tools-for-stm32.12.3.rel1.win32_1.1.0.202410251130/tools/bin/../lib/gcc/arm-none-eabi/12.3.1/thumb/v6-m/nofp/crtn.o
                0x20002000                        _estack = (ORIGIN (RAM) + LENGTH (RAM))
                0x00000200                        _Min_Heap_Size = 0x200
                0x00000400                        _Min_Stack_Size = 0x400

.isr_vector     0x08000000       0xbc
                0x08000000                        . = ALIGN (0x4)
 *(.isr_vector)
 .isr_vector    0x08000000       0xbc ./Core/Startup/startup_stm32g031k8tx.o
                0x08000000                g_pfnVectors
                0x080000bc                        . = ALIGN (0x4)

.text           0x080000bc     0x6450
                0x080000bc                        . = ALIGN (0x4)
 *(.text)
 .text          0x080000bc       0x48 C:/ST/STM32CubeIDE_1.16.1/STM32CubeIDE/plugins/com.st.stm32cube.ide.mcu.externaltools.gnu-tools-for-stm32.12.3.rel1.win32_1.1.0.202410251130/tools/bin/../lib/gcc/arm-none-eabi/12.3.1/thumb/v6-m/nofp/crtbegin.o
 .text          0x08000104      0x114 C:/ST/STM32CubeIDE_1.16.1/STM32CubeIDE/plugins/com.st.stm32cube.ide.mcu.externaltools.gnu-tools-for-stm32.12.3.rel1.win32_1.1.0.202410251130/tools/bin/../lib/gcc/arm-none-eabi/12.3.1/thumb/v6-m/nofp\libgcc.a(_udivsi3.o)
                0x08000104                __aeabi_uidiv
                0x08000104                __udivsi3
                0x08000210                __aeabi_uidivmod
 .text          0x08000218        0x4 C:/ST/STM32CubeIDE_1.16.1/STM32CubeIDE/plugins/com.st.stm32cube.ide.mcu.externaltools.gnu-tools-for-stm32.12.3.rel1.win32_1.1.0.202410251130/tools/bin/../lib/gcc/arm-none-eabi/12.3.1/thumb/v6-m/nofp\libgcc.a(_dvmd_tls.o)
                0x08000218                __aeabi_idiv0
                0x08000218                __aeabi_ldiv0
 .text          0x0800021c       0x40 C:/ST/STM32CubeIDE_1.16.1/STM32CubeIDE/plugins/com.st.stm32cube.ide.mcu.externaltools.gnu-tools-for-stm32.12.3.rel1.win32_1.1.0.202410251130/tools/bin/../lib/gcc/arm-none-eabi/12.3.1/thumb/v6-m/nofp\libgcc.a(_aeabi_uldivmod.o)
                0x0800021c                __aeabi_uldivmod
 .text          0x0800025c      0x198 C:/ST/STM32CubeIDE_1.16.1/STM32CubeIDE/plugins/com.st.stm32cube.ide.mcu.externaltools.gnu-tools-for-stm32.12.3.rel1.win32_1.1.0.202410251130/tools/bin/../lib/gcc/arm-none-eabi/12.3.1/thumb/v6-m/nofp\libgcc.a(_udivmoddi4.o)
                0x0800025c                __udivmoddi4
 .text          0x080003f4       0x18 C:/ST/STM32CubeIDE_1.16.1/STM32CubeIDE/plugins/com.st.stm32cube.ide.mcu.externaltools.gnu-tools-for-stm32.12.3.rel1.win32_1.1.0.202410251130/tools/bin/../lib/gcc/arm-none-eabi/12.3.1/thumb/v6-m/nofp\libgcc.a(_clzdi2.o)
                0x080003f4                __clzdi2
 .text          0x0800040c       0x3c C:/ST/STM32CubeIDE_1.16.1/STM32CubeIDE/plugins/com.st.stm32cube.ide.mcu.externaltools.gnu-tools-for-stm32.12.3.rel1.win32_1.1.0.202410251130/tools/bin/../lib/gcc/arm-none-eabi/12.3.1/thumb/v6-m/nofp\libgcc.a(_clzsi2.o)
                0x0800040c                __clzsi2
 *(.text*)
 .text.SystemClock_Config
                0x08000448       0x80 ./Core/Src/config.o
                0x08000448                SystemClock_Config
 .text.MX_ADC1_Init
                0x080004c8       0xd4 ./Core/Src/config.o
                0x080004c8                MX_ADC1_Init
 .text.MX_TIM16_Init
                0x0800059c       0xc0 ./Core/Src/config.o
                0x0800059c                MX_TIM16_Init
 .text.MX_TIM2_Init
                0x0800065c       0xb8 ./Core/Src/config.o
                0x0800065c                MX_TIM2_Init
 .text.MX_TIM3_Init
                0x08000714       0xb8 ./Core/Src/config.o
                0x08000714                MX_TIM3_Init
 .text.MX_TIM1_Init
                0x080007cc      0x114 ./Core/Src/config.o
                0x080007cc                MX_TIM1_Init
 .text.MX_TIM17_Init
                0x080008e0       0xb4 ./Core/Src/config.o
                0x080008e0                MX_TIM17_Init
 .text.MX_DMA_Init
                0x08000994       0x8c ./Core/Src/config.o
                0x08000994                MX_DMA_Init
 .text.MX_GPIO_Init
                0x08000a20       0xd4 ./Core/Src/config.o
                0x08000a20                MX_GPIO_Init
 .text.Error_Handler
                0x08000af4        0x4 ./Core/Src/config.o
                0x08000af4                Error_Handler
 .text.System_Init
                0x08000af8       0xf4 ./Core/Src/config.o
                0x08000af8                System_Init
 .text.TIM16_callback
                0x08000bec      0x2ac ./Core/Src/custom_callbacks.o
                0x08000bec                TIM16_callback
 .text.ADC_DMA_conversion_complete_callback
                0x08000e98       0xf8 ./Core/Src/custom_callbacks.o
                0x08000e98                ADC_DMA_conversion_complete_callback
 .text.TIM2_ch1_IP_capture_callback
                0x08000f90      0x578 ./Core/Src/custom_callbacks.o
                0x08000f90                TIM2_ch1_IP_capture_callback
 .text.TIM2_ch1_overflow_callback
                0x08001508       0x24 ./Core/Src/custom_callbacks.o
                0x08001508                TIM2_ch1_overflow_callback
 .text.TIM3_ch1_IP_capture_measurement_reelapse_callback
                0x0800152c       0xc0 ./Core/Src/custom_callbacks.o
                0x0800152c                TIM3_ch1_IP_capture_measurement_reelapse_callback
 .text.TIM17_callback_debounce
                0x080015ec       0x70 ./Core/Src/custom_callbacks.o
                0x080015ec                TIM17_callback_debounce
 .text.HAL_GPIO_EXTI_Falling_Callback
                0x0800165c       0x60 ./Core/Src/custom_callbacks.o
                0x0800165c                HAL_GPIO_EXTI_Falling_Callback
 .text.HAL_GPIO_EXTI_Rising_Callback
                0x080016bc       0x20 ./Core/Src/custom_callbacks.o
                0x080016bc                HAL_GPIO_EXTI_Rising_Callback
 .text.UART2_TX_transfer_complete_callback
                0x080016dc        0xc ./Core/Src/custom_callbacks.o
                0x080016dc                UART2_TX_transfer_complete_callback
 .text.UART2_RX_transfer_complete_callback
                0x080016e8       0x40 ./Core/Src/custom_callbacks.o
                0x080016e8                UART2_RX_transfer_complete_callback
 .text.startup.main
                0x08001728       0x7c ./Core/Src/main.o
                0x08001728                main
 .text.HAL_MspInit
                0x080017a4       0x30 ./Core/Src/stm32g0xx_hal_msp.o
                0x080017a4                HAL_MspInit
 .text.HAL_ADC_MspInit
                0x080017d4       0xa0 ./Core/Src/stm32g0xx_hal_msp.o
                0x080017d4                HAL_ADC_MspInit
 .text.HAL_TIM_Base_MspInit
                0x08001874      0x13c ./Core/Src/stm32g0xx_hal_msp.o
                0x08001874                HAL_TIM_Base_MspInit
 .text.HAL_TIM_MspPostInit
                0x080019b0       0x78 ./Core/Src/stm32g0xx_hal_msp.o
                0x080019b0                HAL_TIM_MspPostInit
 .text.HAL_UART_MspInit
                0x08001a28       0xec ./Core/Src/stm32g0xx_hal_msp.o
                0x08001a28                HAL_UART_MspInit
 .text.NMI_Handler
                0x08001b14        0x4 ./Core/Src/stm32g0xx_it.o
                0x08001b14                NMI_Handler
 .text.HardFault_Handler
                0x08001b18        0x4 ./Core/Src/stm32g0xx_it.o
                0x08001b18                HardFault_Handler
 .text.SVC_Handler
                0x08001b1c        0x4 ./Core/Src/stm32g0xx_it.o
                0x08001b1c                SVC_Handler
 .text.PendSV_Handler
                0x08001b20        0x4 ./Core/Src/stm32g0xx_it.o
                0x08001b20                PendSV_Handler
 .text.SysTick_Handler
                0x08001b24        0x8 ./Core/Src/stm32g0xx_it.o
                0x08001b24                SysTick_Handler
 .text.EXTI4_15_IRQHandler
                0x08001b2c       0x1c ./Core/Src/stm32g0xx_it.o
                0x08001b2c                EXTI4_15_IRQHandler
 .text.DMA1_Channel1_IRQHandler
                0x08001b48       0x10 ./Core/Src/stm32g0xx_it.o
                0x08001b48                DMA1_Channel1_IRQHandler
 .text.DMA1_Channel2_3_IRQHandler
                0x08001b58       0x18 ./Core/Src/stm32g0xx_it.o
                0x08001b58                DMA1_Channel2_3_IRQHandler
 .text.TIM2_IRQHandler
                0x08001b70       0x10 ./Core/Src/stm32g0xx_it.o
                0x08001b70                TIM2_IRQHandler
 .text.TIM3_IRQHandler
                0x08001b80       0x10 ./Core/Src/stm32g0xx_it.o
                0x08001b80                TIM3_IRQHandler
 .text.TIM16_IRQHandler
                0x08001b90       0x10 ./Core/Src/stm32g0xx_it.o
                0x08001b90                TIM16_IRQHandler
 .text.TIM17_IRQHandler
                0x08001ba0       0x10 ./Core/Src/stm32g0xx_it.o
                0x08001ba0                TIM17_IRQHandler
 .text.USART2_IRQHandler
                0x08001bb0       0x10 ./Core/Src/stm32g0xx_it.o
                0x08001bb0                USART2_IRQHandler
 .text.Global_Interrupt_Enable
                0x08001bc0        0x8 ./Core/Src/system.o
                0x08001bc0                Global_Interrupt_Enable
 .text.Startup  0x08001bc8       0x6c ./Core/Src/system.o
                0x08001bc8                Startup
 .text.Start_PWM_Gen_Timer_Main_and_Secondary_Oscillators
                0x08001c34       0x38 ./Core/Src/system.o
                0x08001c34                Start_PWM_Gen_Timer_Main_and_Secondary_Oscillators
 .text.Start_Freq_Gen_Timer
                0x08001c6c       0x20 ./Core/Src/system.o
                0x08001c6c                Start_Freq_Gen_Timer
 .text.Start_OC_TIM
                0x08001c8c       0x14 ./Core/Src/system.o
                0x08001c8c                Start_OC_TIM
 .text.Stop_OC_TIM
                0x08001ca0       0x14 ./Core/Src/system.o
                0x08001ca0                Stop_OC_TIM
 .text.Start_Input_Capture_Timer
                0x08001cb4       0x30 ./Core/Src/system.o
                0x08001cb4                Start_Input_Capture_Timer
 .text.Process_TIM16_Raw_Start_Value_and_Raw_Prescaler
                0x08001ce4       0x50 ./Core/Src/system.o
                0x08001ce4                Process_TIM16_Raw_Start_Value_and_Raw_Prescaler
 .text.Process_TIM16_Final_Start_Value_and_Prescaler_Adjust
                0x08001d34      0x3c4 ./Core/Src/system.o
                0x08001d34                Process_TIM16_Final_Start_Value_and_Prescaler_Adjust
 .text.unsigned_bitwise_modulo
                0x080020f8        0xc ./Core/Src/system.o
                0x080020f8                unsigned_bitwise_modulo
 .text.Check_Tap_Tempo_Switch_State
                0x08002104       0x40 ./Core/Src/system.o
                0x08002104                Check_Tap_Tempo_Switch_State
 .text.SystemInit
                0x08002144        0x4 ./Core/Src/system_stm32g0xx.o
                0x08002144                SystemInit
 .text.Reset_Handler
                0x08002148       0x50 ./Core/Startup/startup_stm32g031k8tx.o
                0x08002148                Reset_Handler
 .text.Default_Handler
                0x08002198        0x2 ./Core/Startup/startup_stm32g031k8tx.o
                0x08002198                TIM1_CC_IRQHandler
                0x08002198                PVD_IRQHandler
                0x08002198                I2C1_IRQHandler
                0x08002198                LPTIM2_IRQHandler
                0x08002198                RTC_TAMP_IRQHandler
                0x08002198                SPI1_IRQHandler
                0x08002198                DMA1_Ch4_5_DMAMUX1_OVR_IRQHandler
                0x08002198                EXTI2_3_IRQHandler
                0x08002198                ADC1_IRQHandler
                0x08002198                I2C2_IRQHandler
                0x08002198                RCC_IRQHandler
                0x08002198                Default_Handler
                0x08002198                TIM14_IRQHandler
                0x08002198                EXTI0_1_IRQHandler
                0x08002198                SPI2_IRQHandler
                0x08002198                WWDG_IRQHandler
                0x08002198                LPUART1_IRQHandler
                0x08002198                FLASH_IRQHandler
                0x08002198                USART1_IRQHandler
                0x08002198                TIM1_BRK_UP_TRG_COM_IRQHandler
                0x08002198                LPTIM1_IRQHandler
 *fill*         0x0800219a        0x2 
 .text.HAL_InitTick
                0x0800219c       0x4c ./Drivers/STM32G0xx_HAL_Driver/Src/stm32g0xx_hal.o
                0x0800219c                HAL_InitTick
 .text.HAL_Init
                0x080021e8       0x28 ./Drivers/STM32G0xx_HAL_Driver/Src/stm32g0xx_hal.o
                0x080021e8                HAL_Init
 .text.HAL_IncTick
                0x08002210       0x18 ./Drivers/STM32G0xx_HAL_Driver/Src/stm32g0xx_hal.o
                0x08002210                HAL_IncTick
 .text.HAL_GetTick
                0x08002228        0xc ./Drivers/STM32G0xx_HAL_Driver/Src/stm32g0xx_hal.o
                0x08002228                HAL_GetTick
 .text.ADC_DMAConvCplt
                0x08002234       0x80 ./Drivers/STM32G0xx_HAL_Driver/Src/stm32g0xx_hal_adc.o
 .text.ADC_DMAHalfConvCplt
                0x080022b4        0xc ./Drivers/STM32G0xx_HAL_Driver/Src/stm32g0xx_hal_adc.o
 .text.ADC_DMAError
                0x080022c0       0x1c ./Drivers/STM32G0xx_HAL_Driver/Src/stm32g0xx_hal_adc.o
 .text.HAL_ADC_ErrorCallback
                0x080022dc        0x4 ./Drivers/STM32G0xx_HAL_Driver/Src/stm32g0xx_hal_adc.o
                0x080022dc                HAL_ADC_ErrorCallback
 .text.HAL_ADC_ConvCpltCallback
                0x080022e0        0x4 ./Drivers/STM32G0xx_HAL_Driver/Src/stm32g0xx_hal_adc.o
                0x080022e0                HAL_ADC_ConvCpltCallback
 .text.HAL_ADC_ConvHalfCpltCallback
                0x080022e4        0x4 ./Drivers/STM32G0xx_HAL_Driver/Src/stm32g0xx_hal_adc.o
                0x080022e4                HAL_ADC_ConvHalfCpltCallback
 .text.HAL_ADC_LevelOutOfWindowCallback
                0x080022e8        0x4 ./Drivers/STM32G0xx_HAL_Driver/Src/stm32g0xx_hal_adc.o
                0x080022e8                HAL_ADC_LevelOutOfWindowCallback
 .text.HAL_ADC_Init
                0x080022ec      0x284 ./Drivers/STM32G0xx_HAL_Driver/Src/stm32g0xx_hal_adc.o
                0x080022ec                HAL_ADC_Init
 .text.HAL_ADC_RegisterCallback
                0x08002570       0x70 ./Drivers/STM32G0xx_HAL_Driver/Src/stm32g0xx_hal_adc.o
                0x08002570                HAL_ADC_RegisterCallback
 .text.HAL_ADC_ConfigChannel
                0x080025e0      0x284 ./Drivers/STM32G0xx_HAL_Driver/Src/stm32g0xx_hal_adc.o
                0x080025e0                HAL_ADC_ConfigChannel
 .text.ADC_ConversionStop
                0x08002864       0x74 ./Drivers/STM32G0xx_HAL_Driver/Src/stm32g0xx_hal_adc.o
                0x08002864                ADC_ConversionStop
 .text.ADC_Enable
                0x080028d8       0xcc ./Drivers/STM32G0xx_HAL_Driver/Src/stm32g0xx_hal_adc.o
                0x080028d8                ADC_Enable
 .text.HAL_ADC_Start_DMA
                0x080029a4       0xb4 ./Drivers/STM32G0xx_HAL_Driver/Src/stm32g0xx_hal_adc.o
                0x080029a4                HAL_ADC_Start_DMA
 .text.ADC_Disable
                0x08002a58       0x88 ./Drivers/STM32G0xx_HAL_Driver/Src/stm32g0xx_hal_adc.o
                0x08002a58                ADC_Disable
 .text.HAL_ADC_Stop_DMA
                0x08002ae0       0x8c ./Drivers/STM32G0xx_HAL_Driver/Src/stm32g0xx_hal_adc.o
                0x08002ae0                HAL_ADC_Stop_DMA
 .text.HAL_ADCEx_Calibration_Start
                0x08002b6c      0x19c ./Drivers/STM32G0xx_HAL_Driver/Src/stm32g0xx_hal_adc_ex.o
                0x08002b6c                HAL_ADCEx_Calibration_Start
 .text.HAL_ADCEx_LevelOutOfWindow2Callback
                0x08002d08        0x4 ./Drivers/STM32G0xx_HAL_Driver/Src/stm32g0xx_hal_adc_ex.o
                0x08002d08                HAL_ADCEx_LevelOutOfWindow2Callback
 .text.HAL_ADCEx_LevelOutOfWindow3Callback
                0x08002d0c        0x4 ./Drivers/STM32G0xx_HAL_Driver/Src/stm32g0xx_hal_adc_ex.o
                0x08002d0c                HAL_ADCEx_LevelOutOfWindow3Callback
 .text.HAL_ADCEx_EndOfSamplingCallback
                0x08002d10        0x4 ./Drivers/STM32G0xx_HAL_Driver/Src/stm32g0xx_hal_adc_ex.o
                0x08002d10                HAL_ADCEx_EndOfSamplingCallback
 .text.HAL_NVIC_SetPriority
                0x08002d14       0x54 ./Drivers/STM32G0xx_HAL_Driver/Src/stm32g0xx_hal_cortex.o
                0x08002d14                HAL_NVIC_SetPriority
 .text.HAL_NVIC_EnableIRQ
                0x08002d68       0x18 ./Drivers/STM32G0xx_HAL_Driver/Src/stm32g0xx_hal_cortex.o
                0x08002d68                HAL_NVIC_EnableIRQ
 .text.HAL_NVIC_DisableIRQ
                0x08002d80       0x20 ./Drivers/STM32G0xx_HAL_Driver/Src/stm32g0xx_hal_cortex.o
                0x08002d80                HAL_NVIC_DisableIRQ
 .text.HAL_SYSTICK_Config
                0x08002da0       0x34 ./Drivers/STM32G0xx_HAL_Driver/Src/stm32g0xx_hal_cortex.o
                0x08002da0                HAL_SYSTICK_Config
 .text.HAL_DMA_Init
                0x08002dd4       0xec ./Drivers/STM32G0xx_HAL_Driver/Src/stm32g0xx_hal_dma.o
                0x08002dd4                HAL_DMA_Init
 .text.HAL_DMA_Start_IT
                0x08002ec0       0xd0 ./Drivers/STM32G0xx_HAL_Driver/Src/stm32g0xx_hal_dma.o
                0x08002ec0                HAL_DMA_Start_IT
 .text.HAL_DMA_Abort
                0x08002f90       0x78 ./Drivers/STM32G0xx_HAL_Driver/Src/stm32g0xx_hal_dma.o
                0x08002f90                HAL_DMA_Abort
 .text.HAL_DMA_Abort_IT
                0x08003008       0x78 ./Drivers/STM32G0xx_HAL_Driver/Src/stm32g0xx_hal_dma.o
                0x08003008                HAL_DMA_Abort_IT
 .text.HAL_DMA_IRQHandler
                0x08003080       0xb8 ./Drivers/STM32G0xx_HAL_Driver/Src/stm32g0xx_hal_dma.o
                0x08003080                HAL_DMA_IRQHandler
 .text.HAL_GPIO_Init
                0x08003138      0x1e4 ./Drivers/STM32G0xx_HAL_Driver/Src/stm32g0xx_hal_gpio.o
                0x08003138                HAL_GPIO_Init
 .text.HAL_GPIO_DeInit
                0x0800331c      0x118 ./Drivers/STM32G0xx_HAL_Driver/Src/stm32g0xx_hal_gpio.o
                0x0800331c                HAL_GPIO_DeInit
 .text.HAL_GPIO_ReadPin
                0x08003434        0xc ./Drivers/STM32G0xx_HAL_Driver/Src/stm32g0xx_hal_gpio.o
                0x08003434                HAL_GPIO_ReadPin
 .text.HAL_GPIO_WritePin
                0x08003440        0xc ./Drivers/STM32G0xx_HAL_Driver/Src/stm32g0xx_hal_gpio.o
                0x08003440                HAL_GPIO_WritePin
 .text.HAL_GPIO_EXTI_IRQHandler
                0x0800344c       0x34 ./Drivers/STM32G0xx_HAL_Driver/Src/stm32g0xx_hal_gpio.o
                0x0800344c                HAL_GPIO_EXTI_IRQHandler
 .text.HAL_PWREx_ControlVoltageScaling
                0x08003480       0x60 ./Drivers/STM32G0xx_HAL_Driver/Src/stm32g0xx_hal_pwr_ex.o
                0x08003480                HAL_PWREx_ControlVoltageScaling
 .text.HAL_RCC_OscConfig
                0x080034e0      0x4d0 ./Drivers/STM32G0xx_HAL_Driver/Src/stm32g0xx_hal_rcc.o
                0x080034e0                HAL_RCC_OscConfig
 .text.HAL_RCC_GetSysClockFreq
                0x080039b0       0x9c ./Drivers/STM32G0xx_HAL_Driver/Src/stm32g0xx_hal_rcc.o
                0x080039b0                HAL_RCC_GetSysClockFreq
 .text.HAL_RCC_ClockConfig
                0x08003a4c      0x190 ./Drivers/STM32G0xx_HAL_Driver/Src/stm32g0xx_hal_rcc.o
                0x08003a4c                HAL_RCC_ClockConfig
 .text.HAL_RCC_GetPCLK1Freq
                0x08003bdc       0x28 ./Drivers/STM32G0xx_HAL_Driver/Src/stm32g0xx_hal_rcc.o
                0x08003bdc                HAL_RCC_GetPCLK1Freq
 .text.HAL_RCCEx_PeriphCLKConfig
                0x08003c04      0x1f0 ./Drivers/STM32G0xx_HAL_Driver/Src/stm32g0xx_hal_rcc_ex.o
                0x08003c04                HAL_RCCEx_PeriphCLKConfig
 .text.HAL_TIM_OC_MspInit
                0x08003df4        0x4 ./Drivers/STM32G0xx_HAL_Driver/Src/stm32g0xx_hal_tim.o
                0x08003df4                HAL_TIM_OC_MspInit
 .text.HAL_TIM_PWM_MspInit
                0x08003df8        0x4 ./Drivers/STM32G0xx_HAL_Driver/Src/stm32g0xx_hal_tim.o
                0x08003df8                HAL_TIM_PWM_MspInit
 .text.HAL_TIM_IC_MspInit
                0x08003dfc        0x4 ./Drivers/STM32G0xx_HAL_Driver/Src/stm32g0xx_hal_tim.o
                0x08003dfc                HAL_TIM_IC_MspInit
 .text.HAL_TIM_PeriodElapsedCallback
                0x08003e00        0x4 ./Drivers/STM32G0xx_HAL_Driver/Src/stm32g0xx_hal_tim.o
                0x08003e00                HAL_TIM_PeriodElapsedCallback
 .text.HAL_TIM_PeriodElapsedHalfCpltCallback
                0x08003e04        0x4 ./Drivers/STM32G0xx_HAL_Driver/Src/stm32g0xx_hal_tim.o
                0x08003e04                HAL_TIM_PeriodElapsedHalfCpltCallback
 .text.HAL_TIM_OC_DelayElapsedCallback
                0x08003e08        0x4 ./Drivers/STM32G0xx_HAL_Driver/Src/stm32g0xx_hal_tim.o
                0x08003e08                HAL_TIM_OC_DelayElapsedCallback
 .text.HAL_TIM_IC_CaptureCallback
                0x08003e0c        0x4 ./Drivers/STM32G0xx_HAL_Driver/Src/stm32g0xx_hal_tim.o
                0x08003e0c                HAL_TIM_IC_CaptureCallback
 .text.HAL_TIM_IC_CaptureHalfCpltCallback
                0x08003e10        0x4 ./Drivers/STM32G0xx_HAL_Driver/Src/stm32g0xx_hal_tim.o
                0x08003e10                HAL_TIM_IC_CaptureHalfCpltCallback
 .text.HAL_TIM_PWM_PulseFinishedCallback
                0x08003e14        0x4 ./Drivers/STM32G0xx_HAL_Driver/Src/stm32g0xx_hal_tim.o
                0x08003e14                HAL_TIM_PWM_PulseFinishedCallback
 .text.HAL_TIM_PWM_PulseFinishedHalfCpltCallback
                0x08003e18        0x4 ./Drivers/STM32G0xx_HAL_Driver/Src/stm32g0xx_hal_tim.o
                0x08003e18                HAL_TIM_PWM_PulseFinishedHalfCpltCallback
 .text.HAL_TIM_TriggerCallback
                0x08003e1c        0x4 ./Drivers/STM32G0xx_HAL_Driver/Src/stm32g0xx_hal_tim.o
                0x08003e1c                HAL_TIM_TriggerCallback
 .text.HAL_TIM_TriggerHalfCpltCallback
                0x08003e20        0x4 ./Drivers/STM32G0xx_HAL_Driver/Src/stm32g0xx_hal_tim.o
                0x08003e20                HAL_TIM_TriggerHalfCpltCallback
 .text.HAL_TIM_ErrorCallback
                0x08003e24        0x4 ./Drivers/STM32G0xx_HAL_Driver/Src/stm32g0xx_hal_tim.o
                0x08003e24                HAL_TIM_ErrorCallback
 .text.HAL_TIM_Base_Init
                0x08003e28      0x190 ./Drivers/STM32G0xx_HAL_Driver/Src/stm32g0xx_hal_tim.o
                0x08003e28                HAL_TIM_Base_Init
 .text.HAL_TIM_Base_Start
                0x08003fb8       0x5c ./Drivers/STM32G0xx_HAL_Driver/Src/stm32g0xx_hal_tim.o
                0x08003fb8                HAL_TIM_Base_Start
 .text.HAL_TIM_Base_Start_IT
                0x08004014       0x64 ./Drivers/STM32G0xx_HAL_Driver/Src/stm32g0xx_hal_tim.o
                0x08004014                HAL_TIM_Base_Start_IT
 .text.HAL_TIM_OC_Init
                0x08004078      0x190 ./Drivers/STM32G0xx_HAL_Driver/Src/stm32g0xx_hal_tim.o
                0x08004078                HAL_TIM_OC_Init
 .text.HAL_TIM_OC_Start_IT
                0x08004208      0x104 ./Drivers/STM32G0xx_HAL_Driver/Src/stm32g0xx_hal_tim.o
                0x08004208                HAL_TIM_OC_Start_IT
 .text.HAL_TIM_OC_Stop_IT
                0x0800430c      0x100 ./Drivers/STM32G0xx_HAL_Driver/Src/stm32g0xx_hal_tim.o
                0x0800430c                HAL_TIM_OC_Stop_IT
 .text.HAL_TIM_PWM_Init
                0x0800440c      0x190 ./Drivers/STM32G0xx_HAL_Driver/Src/stm32g0xx_hal_tim.o
                0x0800440c                HAL_TIM_PWM_Init
 .text.HAL_TIM_PWM_Start
                0x0800459c       0xd0 ./Drivers/STM32G0xx_HAL_Driver/Src/stm32g0xx_hal_tim.o
                0x0800459c                HAL_TIM_PWM_Start
 .text.HAL_TIM_IC_Init
                0x0800466c      0x190 ./Drivers/STM32G0xx_HAL_Driver/Src/stm32g0xx_hal_tim.o
                0x0800466c                HAL_TIM_IC_Init
 .text.HAL_TIM_IC_Start_IT
                0x080047fc      0x168 ./Drivers/STM32G0xx_HAL_Driver/Src/stm32g0xx_hal_tim.o
                0x080047fc                HAL_TIM_IC_Start_IT
 .text.HAL_TIM_IRQHandler
                0x08004964      0x1b4 ./Drivers/STM32G0xx_HAL_Driver/Src/stm32g0xx_hal_tim.o
                0x08004964                HAL_TIM_IRQHandler
 .text.HAL_TIM_OC_ConfigChannel
                0x08004b18      0x2a4 ./Drivers/STM32G0xx_HAL_Driver/Src/stm32g0xx_hal_tim.o
                0x08004b18                HAL_TIM_OC_ConfigChannel
 .text.HAL_TIM_IC_ConfigChannel
                0x08004dbc      0x1bc ./Drivers/STM32G0xx_HAL_Driver/Src/stm32g0xx_hal_tim.o
                0x08004dbc                HAL_TIM_IC_ConfigChannel
 .text.HAL_TIM_PWM_ConfigChannel
                0x08004f78      0x348 ./Drivers/STM32G0xx_HAL_Driver/Src/stm32g0xx_hal_tim.o
                0x08004f78                HAL_TIM_PWM_ConfigChannel
 .text.HAL_TIM_ConfigClockSource
                0x080052c0      0x170 ./Drivers/STM32G0xx_HAL_Driver/Src/stm32g0xx_hal_tim.o
                0x080052c0                HAL_TIM_ConfigClockSource
 .text.HAL_TIM_ReadCapturedValue
                0x08005430       0x30 ./Drivers/STM32G0xx_HAL_Driver/Src/stm32g0xx_hal_tim.o
                0x08005430                HAL_TIM_ReadCapturedValue
 .text.HAL_TIM_RegisterCallback
                0x08005460      0x104 ./Drivers/STM32G0xx_HAL_Driver/Src/stm32g0xx_hal_tim.o
                0x08005460                HAL_TIM_RegisterCallback
 .text.HAL_TIMEx_MasterConfigSynchronization
                0x08005564       0x70 ./Drivers/STM32G0xx_HAL_Driver/Src/stm32g0xx_hal_tim_ex.o
                0x08005564                HAL_TIMEx_MasterConfigSynchronization
 .text.HAL_TIMEx_ConfigBreakDeadTime
                0x080055d4       0xc0 ./Drivers/STM32G0xx_HAL_Driver/Src/stm32g0xx_hal_tim_ex.o
                0x080055d4                HAL_TIMEx_ConfigBreakDeadTime
 .text.HAL_TIMEx_CommutCallback
                0x08005694        0x4 ./Drivers/STM32G0xx_HAL_Driver/Src/stm32g0xx_hal_tim_ex.o
                0x08005694                HAL_TIMEx_CommutCallback
 .text.HAL_TIMEx_CommutHalfCpltCallback
                0x08005698        0x4 ./Drivers/STM32G0xx_HAL_Driver/Src/stm32g0xx_hal_tim_ex.o
                0x08005698                HAL_TIMEx_CommutHalfCpltCallback
 .text.HAL_TIMEx_BreakCallback
                0x0800569c        0x4 ./Drivers/STM32G0xx_HAL_Driver/Src/stm32g0xx_hal_tim_ex.o
                0x0800569c                HAL_TIMEx_BreakCallback
 .text.HAL_TIMEx_Break2Callback
                0x080056a0        0x4 ./Drivers/STM32G0xx_HAL_Driver/Src/stm32g0xx_hal_tim_ex.o
                0x080056a0                HAL_TIMEx_Break2Callback
 .text.HAL_UARTEx_RxEventCallback
                0x080056a4        0x4 ./Drivers/STM32G0xx_HAL_Driver/Src/stm32g0xx_hal_uart.o
                0x080056a4                HAL_UARTEx_RxEventCallback
 .text.UART_DMAReceiveCplt
                0x080056a8       0xa0 ./Drivers/STM32G0xx_HAL_Driver/Src/stm32g0xx_hal_uart.o
 .text.UART_DMARxHalfCplt
                0x08005748       0x24 ./Drivers/STM32G0xx_HAL_Driver/Src/stm32g0xx_hal_uart.o
 .text.UART_DMAAbortOnError
                0x0800576c       0x18 ./Drivers/STM32G0xx_HAL_Driver/Src/stm32g0xx_hal_uart.o
 .text.HAL_UART_AbortReceiveCpltCallback
                0x08005784        0x4 ./Drivers/STM32G0xx_HAL_Driver/Src/stm32g0xx_hal_uart.o
                0x08005784                HAL_UART_AbortReceiveCpltCallback
 .text.HAL_UART_TxCpltCallback
                0x08005788        0x4 ./Drivers/STM32G0xx_HAL_Driver/Src/stm32g0xx_hal_uart.o
                0x08005788                HAL_UART_TxCpltCallback
 .text.HAL_UART_TxHalfCpltCallback
                0x0800578c        0x4 ./Drivers/STM32G0xx_HAL_Driver/Src/stm32g0xx_hal_uart.o
                0x0800578c                HAL_UART_TxHalfCpltCallback
 .text.HAL_UART_RxCpltCallback
                0x08005790        0x4 ./Drivers/STM32G0xx_HAL_Driver/Src/stm32g0xx_hal_uart.o
                0x08005790                HAL_UART_RxCpltCallback
 .text.HAL_UART_RxHalfCpltCallback
                0x08005794        0x4 ./Drivers/STM32G0xx_HAL_Driver/Src/stm32g0xx_hal_uart.o
                0x08005794                HAL_UART_RxHalfCpltCallback
 .text.HAL_UART_ErrorCallback
                0x08005798        0x4 ./Drivers/STM32G0xx_HAL_Driver/Src/stm32g0xx_hal_uart.o
                0x08005798                HAL_UART_ErrorCallback
 .text.HAL_UART_AbortCpltCallback
                0x0800579c        0x4 ./Drivers/STM32G0xx_HAL_Driver/Src/stm32g0xx_hal_uart.o
                0x0800579c                HAL_UART_AbortCpltCallback
 .text.HAL_UART_AbortTransmitCpltCallback
                0x080057a0        0x4 ./Drivers/STM32G0xx_HAL_Driver/Src/stm32g0xx_hal_uart.o
                0x080057a0                HAL_UART_AbortTransmitCpltCallback
 .text.UART_DMAError
                0x080057a4       0xdc ./Drivers/STM32G0xx_HAL_Driver/Src/stm32g0xx_hal_uart.o
 .text.HAL_UART_RegisterCallback
                0x08005880       0xa4 ./Drivers/STM32G0xx_HAL_Driver/Src/stm32g0xx_hal_uart.o
                0x08005880                HAL_UART_RegisterCallback
 .text.HAL_UART_Receive_DMA
                0x08005924      0x100 ./Drivers/STM32G0xx_HAL_Driver/Src/stm32g0xx_hal_uart.o
                0x08005924                HAL_UART_Receive_DMA
 .text.HAL_UART_IRQHandler
                0x08005a24      0x3cc ./Drivers/STM32G0xx_HAL_Driver/Src/stm32g0xx_hal_uart.o
                0x08005a24                HAL_UART_IRQHandler
 .text.UART_AdvFeatureConfig
                0x08005df0       0xd0 ./Drivers/STM32G0xx_HAL_Driver/Src/stm32g0xx_hal_uart.o
                0x08005df0                UART_AdvFeatureConfig
 .text.UART_CheckIdleState
                0x08005ec0      0x2ac ./Drivers/STM32G0xx_HAL_Driver/Src/stm32g0xx_hal_uart.o
                0x08005ec0                UART_CheckIdleState
 .text.HAL_UART_Init
                0x0800616c      0x324 ./Drivers/STM32G0xx_HAL_Driver/Src/stm32g0xx_hal_uart.o
                0x0800616c                HAL_UART_Init
 .text.HAL_UARTEx_WakeupCallback
                0x08006490        0x4 ./Drivers/STM32G0xx_HAL_Driver/Src/stm32g0xx_hal_uart_ex.o
                0x08006490                HAL_UARTEx_WakeupCallback
 .text.HAL_UARTEx_RxFifoFullCallback
                0x08006494        0x4 ./Drivers/STM32G0xx_HAL_Driver/Src/stm32g0xx_hal_uart_ex.o
                0x08006494                HAL_UARTEx_RxFifoFullCallback
 .text.HAL_UARTEx_TxFifoEmptyCallback
                0x08006498        0x4 ./Drivers/STM32G0xx_HAL_Driver/Src/stm32g0xx_hal_uart_ex.o
                0x08006498                HAL_UARTEx_TxFifoEmptyCallback
 .text.memset   0x0800649c       0x10 C:/ST/STM32CubeIDE_1.16.1/STM32CubeIDE/plugins/com.st.stm32cube.ide.mcu.externaltools.gnu-tools-for-stm32.12.3.rel1.win32_1.1.0.202410251130/tools/bin/../lib/gcc/arm-none-eabi/12.3.1/../../../../arm-none-eabi/lib/thumb/v6-m/nofp\libc_nano.a(libc_a-memset.o)
                0x0800649c                memset
 .text.__libc_init_array
                0x080064ac       0x48 C:/ST/STM32CubeIDE_1.16.1/STM32CubeIDE/plugins/com.st.stm32cube.ide.mcu.externaltools.gnu-tools-for-stm32.12.3.rel1.win32_1.1.0.202410251130/tools/bin/../lib/gcc/arm-none-eabi/12.3.1/../../../../arm-none-eabi/lib/thumb/v6-m/nofp\libc_nano.a(libc_a-init.o)
                0x080064ac                __libc_init_array
 *(.glue_7)
 .glue_7        0x080064f4        0x0 linker stubs
 *(.glue_7t)
 .glue_7t       0x080064f4        0x0 linker stubs
 *(.eh_frame)
 .eh_frame      0x080064f4        0x0 C:/ST/STM32CubeIDE_1.16.1/STM32CubeIDE/plugins/com.st.stm32cube.ide.mcu.externaltools.gnu-tools-for-stm32.12.3.rel1.win32_1.1.0.202410251130/tools/bin/../lib/gcc/arm-none-eabi/12.3.1/thumb/v6-m/nofp/crtbegin.o
 *(.init)
 .init          0x080064f4        0x4 C:/ST/STM32CubeIDE_1.16.1/STM32CubeIDE/plugins/com.st.stm32cube.ide.mcu.externaltools.gnu-tools-for-stm32.12.3.rel1.win32_1.1.0.202410251130/tools/bin/../lib/gcc/arm-none-eabi/12.3.1/thumb/v6-m/nofp/crti.o
                0x080064f4                _init
 .init          0x080064f8        0x8 C:/ST/STM32CubeIDE_1.16.1/STM32CubeIDE/plugins/com.st.stm32cube.ide.mcu.externaltools.gnu-tools-for-stm32.12.3.rel1.win32_1.1.0.202410251130/tools/bin/../lib/gcc/arm-none-eabi/12.3.1/thumb/v6-m/nofp/crtn.o
 *(.fini)
 .fini          0x08006500        0x4 C:/ST/STM32CubeIDE_1.16.1/STM32CubeIDE/plugins/com.st.stm32cube.ide.mcu.externaltools.gnu-tools-for-stm32.12.3.rel1.win32_1.1.0.202410251130/tools/bin/../lib/gcc/arm-none-eabi/12.3.1/thumb/v6-m/nofp/crti.o
                0x08006500                _fini
 .fini          0x08006504        0x8 C:/ST/STM32CubeIDE_1.16.1/STM32CubeIDE/plugins/com.st.stm32cube.ide.mcu.externaltools.gnu-tools-for-stm32.12.3.rel1.win32_1.1.0.202410251130/tools/bin/../lib/gcc/arm-none-eabi/12.3.1/thumb/v6-m/nofp/crtn.o
                0x0800650c                        . = ALIGN (0x4)
                0x0800650c                        _etext = .

.vfp11_veneer   0x0800650c        0x0
 .vfp11_veneer  0x0800650c        0x0 linker stubs

.v4_bx          0x0800650c        0x0
 .v4_bx         0x0800650c        0x0 linker stubs

.iplt           0x0800650c        0x0
 .iplt          0x0800650c        0x0 C:/ST/STM32CubeIDE_1.16.1/STM32CubeIDE/plugins/com.st.stm32cube.ide.mcu.externaltools.gnu-tools-for-stm32.12.3.rel1.win32_1.1.0.202410251130/tools/bin/../lib/gcc/arm-none-eabi/12.3.1/thumb/v6-m/nofp/crtbegin.o

.rodata         0x0800650c      0xb38
                0x0800650c                        . = ALIGN (0x4)
 *(.rodata)
 *(.rodata*)
 .rodata.num_ADC_conversions
                0x0800650c        0x1 ./Core/Src/system.o
                0x0800650c                num_ADC_conversions
 *fill*         0x0800650d        0x3 
 .rodata.TIM16_prescaler_divisors
                0x08006510        0xc ./Core/Src/system.o
                0x08006510                TIM16_prescaler_divisors
 .rodata.tri_wavetable
                0x0800651c      0x400 ./Core/Src/system.o
                0x0800651c                tri_wavetable
 .rodata.sine_wavetable
                0x0800691c      0x400 ./Core/Src/system.o
                0x0800691c                sine_wavetable
 .rodata.APBPrescTable
                0x08006d1c       0x20 ./Core/Src/system_stm32g0xx.o
                0x08006d1c                APBPrescTable
 .rodata.AHBPrescTable
                0x08006d3c       0x40 ./Core/Src/system_stm32g0xx.o
                0x08006d3c                AHBPrescTable
 .rodata.HAL_ADC_RegisterCallback
                0x08006d7c       0x2c ./Drivers/STM32G0xx_HAL_Driver/Src/stm32g0xx_hal_adc.o
 .rodata.HAL_TIM_OC_Start_IT
                0x08006da8       0x44 ./Drivers/STM32G0xx_HAL_Driver/Src/stm32g0xx_hal_tim.o
 .rodata.HAL_TIM_PWM_Start
                0x08006dec       0x44 ./Drivers/STM32G0xx_HAL_Driver/Src/stm32g0xx_hal_tim.o
 .rodata.HAL_TIM_IC_Start_IT
                0x08006e30       0x78 ./Drivers/STM32G0xx_HAL_Driver/Src/stm32g0xx_hal_tim.o
 .rodata.HAL_TIM_OC_ConfigChannel
                0x08006ea8       0x54 ./Drivers/STM32G0xx_HAL_Driver/Src/stm32g0xx_hal_tim.o
 .rodata.HAL_TIM_PWM_ConfigChannel
                0x08006efc       0x54 ./Drivers/STM32G0xx_HAL_Driver/Src/stm32g0xx_hal_tim.o
 .rodata.HAL_TIM_RegisterCallback
                0x08006f50       0xa8 ./Drivers/STM32G0xx_HAL_Driver/Src/stm32g0xx_hal_tim.o
 .rodata.HAL_UART_RegisterCallback
                0x08006ff8       0x34 ./Drivers/STM32G0xx_HAL_Driver/Src/stm32g0xx_hal_uart.o
 .rodata.UARTPrescTable
                0x0800702c       0x18 ./Drivers/STM32G0xx_HAL_Driver/Src/stm32g0xx_hal_uart.o
                0x0800702c                UARTPrescTable
                0x08007044                        . = ALIGN (0x4)

.ARM.extab      0x08007044        0x0
                0x08007044                        . = ALIGN (0x4)
 *(.ARM.extab* .gnu.linkonce.armextab.*)
                0x08007044                        . = ALIGN (0x4)

.ARM            0x08007044        0x8
                0x08007044                        . = ALIGN (0x4)
                0x08007044                        __exidx_start = .
 *(.ARM.exidx*)
 .ARM.exidx     0x08007044        0x8 C:/ST/STM32CubeIDE_1.16.1/STM32CubeIDE/plugins/com.st.stm32cube.ide.mcu.externaltools.gnu-tools-for-stm32.12.3.rel1.win32_1.1.0.202410251130/tools/bin/../lib/gcc/arm-none-eabi/12.3.1/thumb/v6-m/nofp\libgcc.a(_udivmoddi4.o)
                0x0800704c                        __exidx_end = .
                0x0800704c                        . = ALIGN (0x4)

.preinit_array  0x0800704c        0x0
                0x0800704c                        . = ALIGN (0x4)
                0x0800704c                        PROVIDE (__preinit_array_start = .)
 *(.preinit_array*)
                0x0800704c                        PROVIDE (__preinit_array_end = .)
                0x0800704c                        . = ALIGN (0x4)

.init_array     0x0800704c        0x4
                0x0800704c                        . = ALIGN (0x4)
                0x0800704c                        PROVIDE (__init_array_start = .)
 *(SORT_BY_NAME(.init_array.*))
 *(.init_array*)
 .init_array    0x0800704c        0x4 C:/ST/STM32CubeIDE_1.16.1/STM32CubeIDE/plugins/com.st.stm32cube.ide.mcu.externaltools.gnu-tools-for-stm32.12.3.rel1.win32_1.1.0.202410251130/tools/bin/../lib/gcc/arm-none-eabi/12.3.1/thumb/v6-m/nofp/crtbegin.o
                0x08007050                        PROVIDE (__init_array_end = .)
                0x08007050                        . = ALIGN (0x4)

.fini_array     0x08007050        0x4
                0x08007050                        . = ALIGN (0x4)
                [!provide]                        PROVIDE (__fini_array_start = .)
 *(SORT_BY_NAME(.fini_array.*))
 *(.fini_array*)
 .fini_array    0x08007050        0x4 C:/ST/STM32CubeIDE_1.16.1/STM32CubeIDE/plugins/com.st.stm32cube.ide.mcu.externaltools.gnu-tools-for-stm32.12.3.rel1.win32_1.1.0.202410251130/tools/bin/../lib/gcc/arm-none-eabi/12.3.1/thumb/v6-m/nofp/crtbegin.o
                [!provide]                        PROVIDE (__fini_array_end = .)
                0x08007054                        . = ALIGN (0x4)
                0x08007054                        _sidata = LOADADDR (.data)

.rel.dyn        0x08007054        0x0
 .rel.iplt      0x08007054        0x0 C:/ST/STM32CubeIDE_1.16.1/STM32CubeIDE/plugins/com.st.stm32cube.ide.mcu.externaltools.gnu-tools-for-stm32.12.3.rel1.win32_1.1.0.202410251130/tools/bin/../lib/gcc/arm-none-eabi/12.3.1/thumb/v6-m/nofp/crtbegin.o

.data           0x20000000       0x14 load address 0x08007054
                0x20000000                        . = ALIGN (0x4)
                0x20000000                        _sdata = .
 *(.data)
 *(.data*)
 .data.tap_tempo_switch_state_counter
                0x20000000        0x1 ./Core/Src/system.o
                0x20000000                tap_tempo_switch_state_counter
 .data.UART_DMA_TX_is_complete
                0x20000001        0x1 ./Core/Src/system.o
                0x20000001                UART_DMA_TX_is_complete
 .data.duty_delay_line_finish_offset
                0x20000002        0x2 ./Core/Src/system.o
                0x20000002                duty_delay_line_finish_offset
 .data.duty_delay_line_start_offset
                0x20000004        0x2 ./Core/Src/system.o
                0x20000004                duty_delay_line_start_offset
 *fill*         0x20000006        0x2 
 .data.SystemCoreClock
                0x20000008        0x4 ./Core/Src/system_stm32g0xx.o
                0x20000008                SystemCoreClock
 .data.uwTickFreq
                0x2000000c        0x1 ./Drivers/STM32G0xx_HAL_Driver/Src/stm32g0xx_hal.o
                0x2000000c                uwTickFreq
 *fill*         0x2000000d        0x3 
 .data.uwTickPrio
                0x20000010        0x4 ./Drivers/STM32G0xx_HAL_Driver/Src/stm32g0xx_hal.o
                0x20000010                uwTickPrio
 *(.RamFunc)
 *(.RamFunc*)
                0x20000014                        . = ALIGN (0x4)
                0x20000014                        _edata = .

.igot.plt       0x20000014        0x0 load address 0x08007068
 .igot.plt      0x20000014        0x0 C:/ST/STM32CubeIDE_1.16.1/STM32CubeIDE/plugins/com.st.stm32cube.ide.mcu.externaltools.gnu-tools-for-stm32.12.3.rel1.win32_1.1.0.202410251130/tools/bin/../lib/gcc/arm-none-eabi/12.3.1/thumb/v6-m/nofp/crtbegin.o
                0x20000014                        . = ALIGN (0x4)

.bss            0x20000014      0xaf0 load address 0x08007068
                0x20000014                        _sbss = .
                0x20000014                        __bss_start__ = _sbss
 *(.bss)
 .bss           0x20000014       0x1c C:/ST/STM32CubeIDE_1.16.1/STM32CubeIDE/plugins/com.st.stm32cube.ide.mcu.externaltools.gnu-tools-for-stm32.12.3.rel1.win32_1.1.0.202410251130/tools/bin/../lib/gcc/arm-none-eabi/12.3.1/thumb/v6-m/nofp/crtbegin.o
 *(.bss*)
 .bss.hdma_memtomem_dma1_channel4
                0x20000030       0x5c ./Core/Src/config.o
                0x20000030                hdma_memtomem_dma1_channel4
 .bss.hdma_usart2_tx
                0x2000008c       0x5c ./Core/Src/config.o
                0x2000008c                hdma_usart2_tx
 .bss.hdma_usart2_rx
                0x200000e8       0x5c ./Core/Src/config.o
                0x200000e8                hdma_usart2_rx
 .bss.huart2    0x20000144       0xcc ./Core/Src/config.o
                0x20000144                huart2
 .bss.htim17    0x20000210       0xbc ./Core/Src/config.o
                0x20000210                htim17
 .bss.htim1     0x200002cc       0xbc ./Core/Src/config.o
                0x200002cc                htim1
 .bss.htim3     0x20000388       0xbc ./Core/Src/config.o
                0x20000388                htim3
 .bss.htim2     0x20000444       0xbc ./Core/Src/config.o
                0x20000444                htim2
 .bss.htim16    0x20000500       0xbc ./Core/Src/config.o
                0x20000500                htim16
 .bss.hdma_adc1
                0x200005bc       0x5c ./Core/Src/config.o
                0x200005bc                hdma_adc1
 .bss.hadc1     0x20000618       0x88 ./Core/Src/config.o
                0x20000618                hadc1
 .bss.first_M2M_transfer.0
                0x200006a0        0x1 ./Core/Src/main.o
 *fill*         0x200006a1        0x3 
 .bss.rx_buffer
                0x200006a4        0x1 ./Core/Src/main.o
                0x200006a4                rx_buffer
 *fill*         0x200006a5        0x3 
 .bss.PortA_IDR_storage
                0x200006a8        0x4 ./Core/Src/system.o
                0x200006a8                PortA_IDR_storage
 .bss.TIM17_debounce_is_elapsing
                0x200006ac        0x1 ./Core/Src/system.o
                0x200006ac                TIM17_debounce_is_elapsing
 .bss.tap_tempo_switch_state
                0x200006ad        0x1 ./Core/Src/system.o
                0x200006ad                tap_tempo_switch_state
 .bss.tap_tempo_mode_is_active
                0x200006ae        0x1 ./Core/Src/system.o
                0x200006ae                tap_tempo_mode_is_active
 .bss.TAP_TEMPO_EXTI4_15_IRQ_is_disabled
                0x200006af        0x1 ./Core/Src/system.o
                0x200006af                TAP_TEMPO_EXTI4_15_IRQ_is_disabled
 .bss.duty_delayed
                0x200006b0        0x2 ./Core/Src/system.o
                0x200006b0                duty_delayed
 .bss.duty_delay_line_read_pointer_offset
                0x200006b2        0x2 ./Core/Src/system.o
                0x200006b2                duty_delay_line_read_pointer_offset
 .bss.duty_delay_line_storage_array
                0x200006b4      0x402 ./Core/Src/system.o
                0x200006b4                duty_delay_line_storage_array
 .bss.current_depth_to_be_loaded
                0x20000ab6        0x2 ./Core/Src/system.o
                0x20000ab6                current_depth_to_be_loaded
 .bss.current_index_to_be_loaded
                0x20000ab8        0x2 ./Core/Src/system.o
                0x20000ab8                current_index_to_be_loaded
 .bss.current_quadrant_to_be_loaded
                0x20000aba        0x1 ./Core/Src/system.o
                0x20000aba                current_quadrant_to_be_loaded
 .bss.current_halfcycle_to_be_loaded
                0x20000abb        0x1 ./Core/Src/system.o
                0x20000abb                current_halfcycle_to_be_loaded
 .bss.TIM16_prescaler_divisors_final_index_to_be_loaded
                0x20000abc        0x1 ./Core/Src/system.o
                0x20000abc                TIM16_prescaler_divisors_final_index_to_be_loaded
 *fill*         0x20000abd        0x1 
 .bss.duty_to_be_loaded
                0x20000abe        0x2 ./Core/Src/system.o
                0x20000abe                duty_to_be_loaded
 .bss.TIM16_base_prescaler_divisors_index_to_be_loaded
                0x20000ac0        0x1 ./Core/Src/system.o
                0x20000ac0                TIM16_base_prescaler_divisors_index_to_be_loaded
 *fill*         0x20000ac1        0x1 
 .bss.TIM16_final_start_value_to_be_loaded
                0x20000ac2        0x2 ./Core/Src/system.o
                0x20000ac2                TIM16_final_start_value_to_be_loaded
 .bss.TIM16_raw_start_value_to_be_loaded
                0x20000ac4        0x2 ./Core/Src/system.o
                0x20000ac4                TIM16_raw_start_value_to_be_loaded
 .bss.TIM16_prescaler_adjust_to_be_loaded
                0x20000ac6        0x1 ./Core/Src/system.o
                0x20000ac6                TIM16_prescaler_adjust_to_be_loaded
 *fill*         0x20000ac7        0x1 
 .bss.interrupt_period
                0x20000ac8        0x2 ./Core/Src/system.o
                0x20000ac8                interrupt_period
 .bss.input_capture_measurement_reelapse_is_ongoing
                0x20000aca        0x1 ./Core/Src/system.o
                0x20000aca                input_capture_measurement_reelapse_is_ongoing
 .bss.speed_pot_is_disabled
                0x20000acb        0x1 ./Core/Src/system.o
                0x20000acb                speed_pot_is_disabled
 .bss.input_capture_measurement_is_ongoing
                0x20000acc        0x1 ./Core/Src/system.o
                0x20000acc                input_capture_measurement_is_ongoing
 *fill*         0x20000acd        0x3 
 .bss.TIM2_ch1_input_capture_value
                0x20000ad0        0x4 ./Core/Src/system.o
                0x20000ad0                TIM2_ch1_input_capture_value
 .bss.input_capture_event
                0x20000ad4        0x1 ./Core/Src/system.o
                0x20000ad4                input_capture_event
 *fill*         0x20000ad5        0x1 
 .bss.prev_duty
                0x20000ad6        0x2 ./Core/Src/system.o
                0x20000ad6                prev_duty
 .bss.TIM16_final_start_value_locked
                0x20000ad8        0x2 ./Core/Src/system.o
                0x20000ad8                TIM16_final_start_value_locked
 .bss.TIM16_callback_active
                0x20000ada        0x1 ./Core/Src/system.o
                0x20000ada                TIM16_callback_active
 .bss.initial_ADC_conversion_complete
                0x20000adb        0x1 ./Core/Src/system.o
                0x20000adb                initial_ADC_conversion_complete
 .bss.ADCResultsDMA
                0x20000adc        0x8 ./Core/Src/system.o
                0x20000adc                ADCResultsDMA
 .bss.TIM16_prescaler_divisors_final_index_locked
                0x20000ae4        0x1 ./Core/Src/system.o
                0x20000ae4                TIM16_prescaler_divisors_final_index_locked
 .bss.TIM16_prescaler_divisors_final_index
                0x20000ae5        0x1 ./Core/Src/system.o
                0x20000ae5                TIM16_prescaler_divisors_final_index
 .bss.duty      0x20000ae6        0x2 ./Core/Src/system.o
                0x20000ae6                duty
 .bss.TIM16_base_prescaler_divisors_index
                0x20000ae8        0x1 ./Core/Src/system.o
                0x20000ae8                TIM16_base_prescaler_divisors_index
 *fill*         0x20000ae9        0x1 
 .bss.TIM16_raw_start_value
                0x20000aea        0x2 ./Core/Src/system.o
                0x20000aea                TIM16_raw_start_value
 .bss.TIM16_prescaler_adjust
                0x20000aec        0x1 ./Core/Src/system.o
                0x20000aec                TIM16_prescaler_adjust
 *fill*         0x20000aed        0x1 
 .bss.TIM16_final_start_value
                0x20000aee        0x2 ./Core/Src/system.o
                0x20000aee                TIM16_final_start_value
 .bss.current_quadrant
                0x20000af0        0x1 ./Core/Src/system.o
                0x20000af0                current_quadrant
 .bss.current_halfcycle
                0x20000af1        0x1 ./Core/Src/system.o
                0x20000af1                current_halfcycle
 .bss.current_index
                0x20000af2        0x2 ./Core/Src/system.o
                0x20000af2                current_index
 .bss.current_symmetry
                0x20000af4        0x4 ./Core/Src/system.o
                0x20000af4                current_symmetry
 .bss.current_depth
                0x20000af8        0x2 ./Core/Src/system.o
                0x20000af8                current_depth
 .bss.current_speed
                0x20000afa        0x2 ./Core/Src/system.o
                0x20000afa                current_speed
 .bss.current_waveshape
                0x20000afc        0x1 ./Core/Src/system.o
                0x20000afc                current_waveshape
 *fill*         0x20000afd        0x3 
 .bss.uwTick    0x20000b00        0x4 ./Drivers/STM32G0xx_HAL_Driver/Src/stm32g0xx_hal.o
                0x20000b00                uwTick
 *(COMMON)
                0x20000b04                        . = ALIGN (0x4)
                0x20000b04                        _ebss = .
                0x20000b04                        __bss_end__ = _ebss

._user_heap_stack
                0x20000b04      0x604 load address 0x08007068
                0x20000b08                        . = ALIGN (0x8)
 *fill*         0x20000b04        0x4 
                [!provide]                        PROVIDE (end = .)
                0x20000b08                        PROVIDE (_end = .)
                0x20000d08                        . = (. + _Min_Heap_Size)
 *fill*         0x20000b08      0x200 
                0x20001108                        . = (. + _Min_Stack_Size)
 *fill*         0x20000d08      0x400 
                0x20001108                        . = ALIGN (0x8)

/DISCARD/
 libc.a(*)
 libm.a(*)
 libgcc.a(*)

.ARM.attributes
                0x00000000       0x28
 *(.ARM.attributes)
 .ARM.attributes
                0x00000000       0x1e C:/ST/STM32CubeIDE_1.16.1/STM32CubeIDE/plugins/com.st.stm32cube.ide.mcu.externaltools.gnu-tools-for-stm32.12.3.rel1.win32_1.1.0.202410251130/tools/bin/../lib/gcc/arm-none-eabi/12.3.1/thumb/v6-m/nofp/crti.o
 .ARM.attributes
                0x0000001e       0x2c C:/ST/STM32CubeIDE_1.16.1/STM32CubeIDE/plugins/com.st.stm32cube.ide.mcu.externaltools.gnu-tools-for-stm32.12.3.rel1.win32_1.1.0.202410251130/tools/bin/../lib/gcc/arm-none-eabi/12.3.1/thumb/v6-m/nofp/crtbegin.o
 .ARM.attributes
                0x0000004a       0x28 ./Core/Src/config.o
 .ARM.attributes
                0x00000072       0x28 ./Core/Src/custom_callbacks.o
 .ARM.attributes
                0x0000009a       0x28 ./Core/Src/main.o
 .ARM.attributes
                0x000000c2       0x28 ./Core/Src/stm32g0xx_hal_msp.o
 .ARM.attributes
                0x000000ea       0x28 ./Core/Src/stm32g0xx_it.o
 .ARM.attributes
                0x00000112       0x28 ./Core/Src/system.o
 .ARM.attributes
                0x0000013a       0x28 ./Core/Src/system_stm32g0xx.o
 .ARM.attributes
                0x00000162       0x22 ./Core/Startup/startup_stm32g031k8tx.o
 .ARM.attributes
                0x00000184       0x28 ./Drivers/STM32G0xx_HAL_Driver/Src/stm32g0xx_hal.o
 .ARM.attributes
                0x000001ac       0x28 ./Drivers/STM32G0xx_HAL_Driver/Src/stm32g0xx_hal_adc.o
 .ARM.attributes
                0x000001d4       0x28 ./Drivers/STM32G0xx_HAL_Driver/Src/stm32g0xx_hal_adc_ex.o
 .ARM.attributes
                0x000001fc       0x28 ./Drivers/STM32G0xx_HAL_Driver/Src/stm32g0xx_hal_cortex.o
 .ARM.attributes
                0x00000224       0x28 ./Drivers/STM32G0xx_HAL_Driver/Src/stm32g0xx_hal_dma.o
 .ARM.attributes
                0x0000024c       0x28 ./Drivers/STM32G0xx_HAL_Driver/Src/stm32g0xx_hal_gpio.o
 .ARM.attributes
                0x00000274       0x28 ./Drivers/STM32G0xx_HAL_Driver/Src/stm32g0xx_hal_pwr_ex.o
 .ARM.attributes
                0x0000029c       0x28 ./Drivers/STM32G0xx_HAL_Driver/Src/stm32g0xx_hal_rcc.o
 .ARM.attributes
                0x000002c4       0x28 ./Drivers/STM32G0xx_HAL_Driver/Src/stm32g0xx_hal_rcc_ex.o
 .ARM.attributes
                0x000002ec       0x28 ./Drivers/STM32G0xx_HAL_Driver/Src/stm32g0xx_hal_tim.o
 .ARM.attributes
                0x00000314       0x28 ./Drivers/STM32G0xx_HAL_Driver/Src/stm32g0xx_hal_tim_ex.o
 .ARM.attributes
                0x0000033c       0x28 ./Drivers/STM32G0xx_HAL_Driver/Src/stm32g0xx_hal_uart.o
 .ARM.attributes
                0x00000364       0x28 ./Drivers/STM32G0xx_HAL_Driver/Src/stm32g0xx_hal_uart_ex.o
 .ARM.attributes
                0x0000038c       0x2c C:/ST/STM32CubeIDE_1.16.1/STM32CubeIDE/plugins/com.st.stm32cube.ide.mcu.externaltools.gnu-tools-for-stm32.12.3.rel1.win32_1.1.0.202410251130/tools/bin/../lib/gcc/arm-none-eabi/12.3.1/../../../../arm-none-eabi/lib/thumb/v6-m/nofp\libc_nano.a(libc_a-memset.o)
 .ARM.attributes
                0x000003b8       0x2c C:/ST/STM32CubeIDE_1.16.1/STM32CubeIDE/plugins/com.st.stm32cube.ide.mcu.externaltools.gnu-tools-for-stm32.12.3.rel1.win32_1.1.0.202410251130/tools/bin/../lib/gcc/arm-none-eabi/12.3.1/../../../../arm-none-eabi/lib/thumb/v6-m/nofp\libc_nano.a(libc_a-init.o)
 .ARM.attributes
                0x000003e4       0x1e C:/ST/STM32CubeIDE_1.16.1/STM32CubeIDE/plugins/com.st.stm32cube.ide.mcu.externaltools.gnu-tools-for-stm32.12.3.rel1.win32_1.1.0.202410251130/tools/bin/../lib/gcc/arm-none-eabi/12.3.1/thumb/v6-m/nofp\libgcc.a(_udivsi3.o)
 .ARM.attributes
                0x00000402       0x1e C:/ST/STM32CubeIDE_1.16.1/STM32CubeIDE/plugins/com.st.stm32cube.ide.mcu.externaltools.gnu-tools-for-stm32.12.3.rel1.win32_1.1.0.202410251130/tools/bin/../lib/gcc/arm-none-eabi/12.3.1/thumb/v6-m/nofp\libgcc.a(_dvmd_tls.o)
 .ARM.attributes
                0x00000420       0x1e C:/ST/STM32CubeIDE_1.16.1/STM32CubeIDE/plugins/com.st.stm32cube.ide.mcu.externaltools.gnu-tools-for-stm32.12.3.rel1.win32_1.1.0.202410251130/tools/bin/../lib/gcc/arm-none-eabi/12.3.1/thumb/v6-m/nofp\libgcc.a(_aeabi_uldivmod.o)
 .ARM.attributes
                0x0000043e       0x2c C:/ST/STM32CubeIDE_1.16.1/STM32CubeIDE/plugins/com.st.stm32cube.ide.mcu.externaltools.gnu-tools-for-stm32.12.3.rel1.win32_1.1.0.202410251130/tools/bin/../lib/gcc/arm-none-eabi/12.3.1/thumb/v6-m/nofp\libgcc.a(_udivmoddi4.o)
 .ARM.attributes
                0x0000046a       0x1e C:/ST/STM32CubeIDE_1.16.1/STM32CubeIDE/plugins/com.st.stm32cube.ide.mcu.externaltools.gnu-tools-for-stm32.12.3.rel1.win32_1.1.0.202410251130/tools/bin/../lib/gcc/arm-none-eabi/12.3.1/thumb/v6-m/nofp\libgcc.a(_clzdi2.o)
 .ARM.attributes
                0x00000488       0x1e C:/ST/STM32CubeIDE_1.16.1/STM32CubeIDE/plugins/com.st.stm32cube.ide.mcu.externaltools.gnu-tools-for-stm32.12.3.rel1.win32_1.1.0.202410251130/tools/bin/../lib/gcc/arm-none-eabi/12.3.1/thumb/v6-m/nofp\libgcc.a(_clzsi2.o)
 .ARM.attributes
                0x000004a6       0x1e C:/ST/STM32CubeIDE_1.16.1/STM32CubeIDE/plugins/com.st.stm32cube.ide.mcu.externaltools.gnu-tools-for-stm32.12.3.rel1.win32_1.1.0.202410251130/tools/bin/../lib/gcc/arm-none-eabi/12.3.1/thumb/v6-m/nofp/crtn.o
OUTPUT(g031k8.elf elf32-littlearm)
LOAD linker stubs
LOAD C:/ST/STM32CubeIDE_1.16.1/STM32CubeIDE/plugins/com.st.stm32cube.ide.mcu.externaltools.gnu-tools-for-stm32.12.3.rel1.win32_1.1.0.202410251130/tools/bin/../lib/gcc/arm-none-eabi/12.3.1/../../../../arm-none-eabi/lib/thumb/v6-m/nofp\libc.a
LOAD C:/ST/STM32CubeIDE_1.16.1/STM32CubeIDE/plugins/com.st.stm32cube.ide.mcu.externaltools.gnu-tools-for-stm32.12.3.rel1.win32_1.1.0.202410251130/tools/bin/../lib/gcc/arm-none-eabi/12.3.1/../../../../arm-none-eabi/lib/thumb/v6-m/nofp\libm.a
LOAD C:/ST/STM32CubeIDE_1.16.1/STM32CubeIDE/plugins/com.st.stm32cube.ide.mcu.externaltools.gnu-tools-for-stm32.12.3.rel1.win32_1.1.0.202410251130/tools/bin/../lib/gcc/arm-none-eabi/12.3.1/thumb/v6-m/nofp\libgcc.a

.debug_info     0x00000000    0x22b68
 .debug_info    0x00000000     0x3184 ./Core/Src/config.o
 .debug_info    0x00003184     0x1fce ./Core/Src/custom_callbacks.o
 .debug_info    0x00005152      0xf44 ./Core/Src/main.o
 .debug_info    0x00006096     0x1c3d ./Core/Src/stm32g0xx_hal_msp.o
 .debug_info    0x00007cd3      0xfa3 ./Core/Src/stm32g0xx_it.o
 .debug_info    0x00008c76     0x1c70 ./Core/Src/system.o
 .debug_info    0x0000a8e6      0x34e ./Core/Src/system_stm32g0xx.o
 .debug_info    0x0000ac34       0x30 ./Core/Startup/startup_stm32g031k8tx.o
 .debug_info    0x0000ac64      0xb3c ./Drivers/STM32G0xx_HAL_Driver/Src/stm32g0xx_hal.o
 .debug_info    0x0000b7a0     0x23a8 ./Drivers/STM32G0xx_HAL_Driver/Src/stm32g0xx_hal_adc.o
 .debug_info    0x0000db48      0xd8e ./Drivers/STM32G0xx_HAL_Driver/Src/stm32g0xx_hal_adc_ex.o
 .debug_info    0x0000e8d6      0xa40 ./Drivers/STM32G0xx_HAL_Driver/Src/stm32g0xx_hal_cortex.o
 .debug_info    0x0000f316      0xab0 ./Drivers/STM32G0xx_HAL_Driver/Src/stm32g0xx_hal_dma.o
 .debug_info    0x0000fdc6      0x5ef ./Drivers/STM32G0xx_HAL_Driver/Src/stm32g0xx_hal_gpio.o
 .debug_info    0x000103b5      0x7ef ./Drivers/STM32G0xx_HAL_Driver/Src/stm32g0xx_hal_pwr_ex.o
 .debug_info    0x00010ba4      0xdc8 ./Drivers/STM32G0xx_HAL_Driver/Src/stm32g0xx_hal_rcc.o
 .debug_info    0x0001196c      0x854 ./Drivers/STM32G0xx_HAL_Driver/Src/stm32g0xx_hal_rcc_ex.o
 .debug_info    0x000121c0     0x5491 ./Drivers/STM32G0xx_HAL_Driver/Src/stm32g0xx_hal_tim.o
 .debug_info    0x00017651     0x2151 ./Drivers/STM32G0xx_HAL_Driver/Src/stm32g0xx_hal_tim_ex.o
 .debug_info    0x000197a2     0x7f18 ./Drivers/STM32G0xx_HAL_Driver/Src/stm32g0xx_hal_uart.o
 .debug_info    0x000216ba     0x14ae ./Drivers/STM32G0xx_HAL_Driver/Src/stm32g0xx_hal_uart_ex.o

.debug_abbrev   0x00000000     0x3e02
 .debug_abbrev  0x00000000      0x367 ./Core/Src/config.o
 .debug_abbrev  0x00000367      0x36b ./Core/Src/custom_callbacks.o
 .debug_abbrev  0x000006d2      0x252 ./Core/Src/main.o
 .debug_abbrev  0x00000924      0x2ae ./Core/Src/stm32g0xx_hal_msp.o
 .debug_abbrev  0x00000bd2      0x258 ./Core/Src/stm32g0xx_it.o
 .debug_abbrev  0x00000e2a      0x460 ./Core/Src/system.o
 .debug_abbrev  0x0000128a      0x148 ./Core/Src/system_stm32g0xx.o
 .debug_abbrev  0x000013d2       0x24 ./Core/Startup/startup_stm32g031k8tx.o
 .debug_abbrev  0x000013f6      0x341 ./Drivers/STM32G0xx_HAL_Driver/Src/stm32g0xx_hal.o
 .debug_abbrev  0x00001737      0x370 ./Drivers/STM32G0xx_HAL_Driver/Src/stm32g0xx_hal_adc.o
 .debug_abbrev  0x00001aa7      0x30f ./Drivers/STM32G0xx_HAL_Driver/Src/stm32g0xx_hal_adc_ex.o
 .debug_abbrev  0x00001db6      0x2dc ./Drivers/STM32G0xx_HAL_Driver/Src/stm32g0xx_hal_cortex.o
 .debug_abbrev  0x00002092      0x28a ./Drivers/STM32G0xx_HAL_Driver/Src/stm32g0xx_hal_dma.o
 .debug_abbrev  0x0000231c      0x26c ./Drivers/STM32G0xx_HAL_Driver/Src/stm32g0xx_hal_gpio.o
 .debug_abbrev  0x00002588      0x28a ./Drivers/STM32G0xx_HAL_Driver/Src/stm32g0xx_hal_pwr_ex.o
 .debug_abbrev  0x00002812      0x36b ./Drivers/STM32G0xx_HAL_Driver/Src/stm32g0xx_hal_rcc.o
 .debug_abbrev  0x00002b7d      0x296 ./Drivers/STM32G0xx_HAL_Driver/Src/stm32g0xx_hal_rcc_ex.o
 .debug_abbrev  0x00002e13      0x3e7 ./Drivers/STM32G0xx_HAL_Driver/Src/stm32g0xx_hal_tim.o
 .debug_abbrev  0x000031fa      0x3f8 ./Drivers/STM32G0xx_HAL_Driver/Src/stm32g0xx_hal_tim_ex.o
 .debug_abbrev  0x000035f2      0x4a2 ./Drivers/STM32G0xx_HAL_Driver/Src/stm32g0xx_hal_uart.o
 .debug_abbrev  0x00003a94      0x36e ./Drivers/STM32G0xx_HAL_Driver/Src/stm32g0xx_hal_uart_ex.o

.debug_aranges  0x00000000     0x10b0
 .debug_aranges
                0x00000000       0x80 ./Core/Src/config.o
 .debug_aranges
                0x00000080       0x70 ./Core/Src/custom_callbacks.o
 .debug_aranges
                0x000000f0       0x20 ./Core/Src/main.o
 .debug_aranges
                0x00000110       0x58 ./Core/Src/stm32g0xx_hal_msp.o
 .debug_aranges
                0x00000168       0x80 ./Core/Src/stm32g0xx_it.o
 .debug_aranges
                0x000001e8       0x90 ./Core/Src/system.o
 .debug_aranges
                0x00000278       0x28 ./Core/Src/system_stm32g0xx.o
 .debug_aranges
                0x000002a0       0x28 ./Core/Startup/startup_stm32g031k8tx.o
 .debug_aranges
                0x000002c8      0x128 ./Drivers/STM32G0xx_HAL_Driver/Src/stm32g0xx_hal.o
 .debug_aranges
                0x000003f0      0x108 ./Drivers/STM32G0xx_HAL_Driver/Src/stm32g0xx_hal_adc.o
 .debug_aranges
                0x000004f8       0x58 ./Drivers/STM32G0xx_HAL_Driver/Src/stm32g0xx_hal_adc_ex.o
 .debug_aranges
                0x00000550       0xa0 ./Drivers/STM32G0xx_HAL_Driver/Src/stm32g0xx_hal_cortex.o
 .debug_aranges
                0x000005f0       0x78 ./Drivers/STM32G0xx_HAL_Driver/Src/stm32g0xx_hal_dma.o
 .debug_aranges
                0x00000668       0x60 ./Drivers/STM32G0xx_HAL_Driver/Src/stm32g0xx_hal_gpio.o
 .debug_aranges
                0x000006c8       0xf0 ./Drivers/STM32G0xx_HAL_Driver/Src/stm32g0xx_hal_pwr_ex.o
 .debug_aranges
                0x000007b8       0x98 ./Drivers/STM32G0xx_HAL_Driver/Src/stm32g0xx_hal_rcc.o
 .debug_aranges
                0x00000850       0x40 ./Drivers/STM32G0xx_HAL_Driver/Src/stm32g0xx_hal_rcc_ex.o
 .debug_aranges
                0x00000890      0x398 ./Drivers/STM32G0xx_HAL_Driver/Src/stm32g0xx_hal_tim.o
 .debug_aranges
                0x00000c28      0x190 ./Drivers/STM32G0xx_HAL_Driver/Src/stm32g0xx_hal_tim_ex.o
 .debug_aranges
                0x00000db8      0x260 ./Drivers/STM32G0xx_HAL_Driver/Src/stm32g0xx_hal_uart.o
 .debug_aranges
                0x00001018       0x98 ./Drivers/STM32G0xx_HAL_Driver/Src/stm32g0xx_hal_uart_ex.o

.debug_rnglists
                0x00000000     0x1815
 .debug_rnglists
                0x00000000       0xbc ./Core/Src/config.o
 .debug_rnglists
                0x000000bc       0x62 ./Core/Src/custom_callbacks.o
 .debug_rnglists
                0x0000011e       0x13 ./Core/Src/main.o
 .debug_rnglists
                0x00000131      0x110 ./Core/Src/stm32g0xx_hal_msp.o
 .debug_rnglists
                0x00000241       0x5b ./Core/Src/stm32g0xx_it.o
 .debug_rnglists
                0x0000029c       0x9f ./Core/Src/system.o
 .debug_rnglists
                0x0000033b       0x1a ./Core/Src/system_stm32g0xx.o
 .debug_rnglists
                0x00000355       0x19 ./Core/Startup/startup_stm32g031k8tx.o
 .debug_rnglists
                0x0000036e       0xd9 ./Drivers/STM32G0xx_HAL_Driver/Src/stm32g0xx_hal.o
 .debug_rnglists
                0x00000447      0x26b ./Drivers/STM32G0xx_HAL_Driver/Src/stm32g0xx_hal_adc.o
 .debug_rnglists
                0x000006b2       0xb9 ./Drivers/STM32G0xx_HAL_Driver/Src/stm32g0xx_hal_adc_ex.o
 .debug_rnglists
                0x0000076b       0x9d ./Drivers/STM32G0xx_HAL_Driver/Src/stm32g0xx_hal_cortex.o
 .debug_rnglists
                0x00000808       0x9e ./Drivers/STM32G0xx_HAL_Driver/Src/stm32g0xx_hal_dma.o
 .debug_rnglists
                0x000008a6       0x45 ./Drivers/STM32G0xx_HAL_Driver/Src/stm32g0xx_hal_gpio.o
 .debug_rnglists
                0x000008eb       0xb0 ./Drivers/STM32G0xx_HAL_Driver/Src/stm32g0xx_hal_pwr_ex.o
 .debug_rnglists
                0x0000099b       0xb4 ./Drivers/STM32G0xx_HAL_Driver/Src/stm32g0xx_hal_rcc.o
 .debug_rnglists
                0x00000a4f       0x71 ./Drivers/STM32G0xx_HAL_Driver/Src/stm32g0xx_hal_rcc_ex.o
 .debug_rnglists
                0x00000ac0      0x72a ./Drivers/STM32G0xx_HAL_Driver/Src/stm32g0xx_hal_tim.o
 .debug_rnglists
                0x000011ea      0x192 ./Drivers/STM32G0xx_HAL_Driver/Src/stm32g0xx_hal_tim_ex.o
 .debug_rnglists
                0x0000137c      0x3f0 ./Drivers/STM32G0xx_HAL_Driver/Src/stm32g0xx_hal_uart.o
 .debug_rnglists
                0x0000176c       0xa9 ./Drivers/STM32G0xx_HAL_Driver/Src/stm32g0xx_hal_uart_ex.o

.debug_macro    0x00000000     0x2b47
 .debug_macro   0x00000000      0x241 ./Core/Src/config.o
 .debug_macro   0x00000241      0x239 ./Core/Src/custom_callbacks.o
 .debug_macro   0x0000047a      0x22f ./Core/Src/main.o
 .debug_macro   0x000006a9      0x220 ./Core/Src/stm32g0xx_hal_msp.o
 .debug_macro   0x000008c9      0x23d ./Core/Src/stm32g0xx_it.o
 .debug_macro   0x00000b06      0x22f ./Core/Src/system.o
 .debug_macro   0x00000d35      0x211 ./Core/Src/system_stm32g0xx.o
 .debug_macro   0x00000f46      0x235 ./Drivers/STM32G0xx_HAL_Driver/Src/stm32g0xx_hal.o
 .debug_macro   0x0000117b      0x235 ./Drivers/STM32G0xx_HAL_Driver/Src/stm32g0xx_hal_adc.o
 .debug_macro   0x000013b0      0x21d ./Drivers/STM32G0xx_HAL_Driver/Src/stm32g0xx_hal_adc_ex.o
 .debug_macro   0x000015cd      0x211 ./Drivers/STM32G0xx_HAL_Driver/Src/stm32g0xx_hal_cortex.o
 .debug_macro   0x000017de      0x211 ./Drivers/STM32G0xx_HAL_Driver/Src/stm32g0xx_hal_dma.o
 .debug_macro   0x000019ef      0x218 ./Drivers/STM32G0xx_HAL_Driver/Src/stm32g0xx_hal_gpio.o
 .debug_macro   0x00001c07      0x23b ./Drivers/STM32G0xx_HAL_Driver/Src/stm32g0xx_hal_pwr_ex.o
 .debug_macro   0x00001e42      0x253 ./Drivers/STM32G0xx_HAL_Driver/Src/stm32g0xx_hal_rcc.o
 .debug_macro   0x00002095      0x229 ./Drivers/STM32G0xx_HAL_Driver/Src/stm32g0xx_hal_rcc_ex.o
 .debug_macro   0x000022be      0x219 ./Drivers/STM32G0xx_HAL_Driver/Src/stm32g0xx_hal_tim.o
 .debug_macro   0x000024d7      0x217 ./Drivers/STM32G0xx_HAL_Driver/Src/stm32g0xx_hal_tim_ex.o
 .debug_macro   0x000026ee      0x23c ./Drivers/STM32G0xx_HAL_Driver/Src/stm32g0xx_hal_uart.o
 .debug_macro   0x0000292a      0x21d ./Drivers/STM32G0xx_HAL_Driver/Src/stm32g0xx_hal_uart_ex.o

.debug_line     0x00000000    0x22812
 .debug_line    0x00000000     0x18f2 ./Core/Src/config.o
 .debug_line    0x000018f2     0x154e ./Core/Src/custom_callbacks.o
 .debug_line    0x00002e40      0x84d ./Core/Src/main.o
 .debug_line    0x0000368d      0xce4 ./Core/Src/stm32g0xx_hal_msp.o
 .debug_line    0x00004371      0x987 ./Core/Src/stm32g0xx_it.o
 .debug_line    0x00004cf8     0x12ce ./Core/Src/system.o
 .debug_line    0x00005fc6      0x8c3 ./Core/Src/system_stm32g0xx.o
 .debug_line    0x00006889       0x7b ./Core/Startup/startup_stm32g031k8tx.o
 .debug_line    0x00006904      0xd33 ./Drivers/STM32G0xx_HAL_Driver/Src/stm32g0xx_hal.o
 .debug_line    0x00007637     0x2493 ./Drivers/STM32G0xx_HAL_Driver/Src/stm32g0xx_hal_adc.o
 .debug_line    0x00009aca      0xcfc ./Drivers/STM32G0xx_HAL_Driver/Src/stm32g0xx_hal_adc_ex.o
 .debug_line    0x0000a7c6      0xcfa ./Drivers/STM32G0xx_HAL_Driver/Src/stm32g0xx_hal_cortex.o
 .debug_line    0x0000b4c0     0x1340 ./Drivers/STM32G0xx_HAL_Driver/Src/stm32g0xx_hal_dma.o
 .debug_line    0x0000c800      0xdaa ./Drivers/STM32G0xx_HAL_Driver/Src/stm32g0xx_hal_gpio.o
 .debug_line    0x0000d5aa      0xcf3 ./Drivers/STM32G0xx_HAL_Driver/Src/stm32g0xx_hal_pwr_ex.o
 .debug_line    0x0000e29d     0x1598 ./Drivers/STM32G0xx_HAL_Driver/Src/stm32g0xx_hal_rcc.o
 .debug_line    0x0000f835      0xf27 ./Drivers/STM32G0xx_HAL_Driver/Src/stm32g0xx_hal_rcc_ex.o
 .debug_line    0x0001075c     0x768a ./Drivers/STM32G0xx_HAL_Driver/Src/stm32g0xx_hal_tim.o
 .debug_line    0x00017de6     0x2390 ./Drivers/STM32G0xx_HAL_Driver/Src/stm32g0xx_hal_tim_ex.o
 .debug_line    0x0001a176     0x70de ./Drivers/STM32G0xx_HAL_Driver/Src/stm32g0xx_hal_uart.o
 .debug_line    0x00021254     0x15be ./Drivers/STM32G0xx_HAL_Driver/Src/stm32g0xx_hal_uart_ex.o

.debug_str      0x00000000    0x9c24a
 .debug_str     0x00000000    0x97393 ./Core/Src/config.o
                              0x97e78 (size before relaxing)
 .debug_str     0x00097393      0x8cb ./Core/Src/custom_callbacks.o
                              0x97960 (size before relaxing)
 .debug_str     0x00097c5e       0xfd ./Core/Src/main.o
                              0x96b2f (size before relaxing)
 .debug_str     0x00097d5b      0x1bf ./Core/Src/stm32g0xx_hal_msp.o
                              0x96b3d (size before relaxing)
 .debug_str     0x00097f1a      0x171 ./Core/Src/stm32g0xx_it.o
                              0x96b6b (size before relaxing)
 .debug_str     0x0009808b      0x27b ./Core/Src/system.o
                              0x97559 (size before relaxing)
 .debug_str     0x00098306       0x9c ./Core/Src/system_stm32g0xx.o
                              0x95503 (size before relaxing)
 .debug_str     0x000983a2       0x44 ./Core/Startup/startup_stm32g031k8tx.o
                                 0x73 (size before relaxing)
 .debug_str     0x000983e6      0x571 ./Drivers/STM32G0xx_HAL_Driver/Src/stm32g0xx_hal.o
                              0x95cd9 (size before relaxing)
 .debug_str     0x00098957      0x8d3 ./Drivers/STM32G0xx_HAL_Driver/Src/stm32g0xx_hal_adc.o
                              0x96516 (size before relaxing)
 .debug_str     0x0009922a      0x1e2 ./Drivers/STM32G0xx_HAL_Driver/Src/stm32g0xx_hal_adc_ex.o
                              0x95d59 (size before relaxing)
 .debug_str     0x0009940c      0x28b ./Drivers/STM32G0xx_HAL_Driver/Src/stm32g0xx_hal_cortex.o
                              0x9597f (size before relaxing)
 .debug_str     0x00099697      0x261 ./Drivers/STM32G0xx_HAL_Driver/Src/stm32g0xx_hal_dma.o
                              0x9599d (size before relaxing)
 .debug_str     0x000998f8       0xcd ./Drivers/STM32G0xx_HAL_Driver/Src/stm32g0xx_hal_gpio.o
                              0x9562a (size before relaxing)
 .debug_str     0x000999c5      0x37b ./Drivers/STM32G0xx_HAL_Driver/Src/stm32g0xx_hal_pwr_ex.o
                              0x9597c (size before relaxing)
 .debug_str     0x00099d40      0x4ae ./Drivers/STM32G0xx_HAL_Driver/Src/stm32g0xx_hal_rcc.o
                              0x95c59 (size before relaxing)
 .debug_str     0x0009a1ee      0x185 ./Drivers/STM32G0xx_HAL_Driver/Src/stm32g0xx_hal_rcc_ex.o
                              0x95892 (size before relaxing)
 .debug_str     0x0009a373      0xd31 ./Drivers/STM32G0xx_HAL_Driver/Src/stm32g0xx_hal_tim.o
                              0x970ce (size before relaxing)
 .debug_str     0x0009b0a4      0x4a0 ./Drivers/STM32G0xx_HAL_Driver/Src/stm32g0xx_hal_tim_ex.o
                              0x96630 (size before relaxing)
 .debug_str     0x0009b544      0xa3e ./Drivers/STM32G0xx_HAL_Driver/Src/stm32g0xx_hal_uart.o
                              0x96851 (size before relaxing)
 .debug_str     0x0009bf82      0x2c8 ./Drivers/STM32G0xx_HAL_Driver/Src/stm32g0xx_hal_uart_ex.o
                              0x95ea7 (size before relaxing)

.comment        0x00000000       0x43
 .comment       0x00000000       0x43 ./Core/Src/config.o
                                 0x44 (size before relaxing)
 .comment       0x00000043       0x44 ./Core/Src/custom_callbacks.o
 .comment       0x00000043       0x44 ./Core/Src/main.o
 .comment       0x00000043       0x44 ./Core/Src/stm32g0xx_hal_msp.o
 .comment       0x00000043       0x44 ./Core/Src/stm32g0xx_it.o
 .comment       0x00000043       0x44 ./Core/Src/system.o
 .comment       0x00000043       0x44 ./Core/Src/system_stm32g0xx.o
 .comment       0x00000043       0x44 ./Drivers/STM32G0xx_HAL_Driver/Src/stm32g0xx_hal.o
 .comment       0x00000043       0x44 ./Drivers/STM32G0xx_HAL_Driver/Src/stm32g0xx_hal_adc.o
 .comment       0x00000043       0x44 ./Drivers/STM32G0xx_HAL_Driver/Src/stm32g0xx_hal_adc_ex.o
 .comment       0x00000043       0x44 ./Drivers/STM32G0xx_HAL_Driver/Src/stm32g0xx_hal_cortex.o
 .comment       0x00000043       0x44 ./Drivers/STM32G0xx_HAL_Driver/Src/stm32g0xx_hal_dma.o
 .comment       0x00000043       0x44 ./Drivers/STM32G0xx_HAL_Driver/Src/stm32g0xx_hal_gpio.o
 .comment       0x00000043       0x44 ./Drivers/STM32G0xx_HAL_Driver/Src/stm32g0xx_hal_pwr_ex.o
 .comment       0x00000043       0x44 ./Drivers/STM32G0xx_HAL_Driver/Src/stm32g0xx_hal_rcc.o
 .comment       0x00000043       0x44 ./Drivers/STM32G0xx_HAL_Driver/Src/stm32g0xx_hal_rcc_ex.o
 .comment       0x00000043       0x44 ./Drivers/STM32G0xx_HAL_Driver/Src/stm32g0xx_hal_tim.o
 .comment       0x00000043       0x44 ./Drivers/STM32G0xx_HAL_Driver/Src/stm32g0xx_hal_tim_ex.o
 .comment       0x00000043       0x44 ./Drivers/STM32G0xx_HAL_Driver/Src/stm32g0xx_hal_uart.o
 .comment       0x00000043       0x44 ./Drivers/STM32G0xx_HAL_Driver/Src/stm32g0xx_hal_uart_ex.o

.debug_frame    0x00000000     0x2d40
 .debug_frame   0x00000000      0x170 ./Core/Src/config.o
 .debug_frame   0x00000170      0x128 ./Core/Src/custom_callbacks.o
 .debug_frame   0x00000298       0x34 ./Core/Src/main.o
 .debug_frame   0x000002cc       0xdc ./Core/Src/stm32g0xx_hal_msp.o
 .debug_frame   0x000003a8      0x128 ./Core/Src/stm32g0xx_it.o
 .debug_frame   0x000004d0      0x158 ./Core/Src/system.o
 .debug_frame   0x00000628       0x38 ./Core/Src/system_stm32g0xx.o
 .debug_frame   0x00000660      0x270 ./Drivers/STM32G0xx_HAL_Driver/Src/stm32g0xx_hal.o
 .debug_frame   0x000008d0      0x318 ./Drivers/STM32G0xx_HAL_Driver/Src/stm32g0xx_hal_adc.o
 .debug_frame   0x00000be8       0xb8 ./Drivers/STM32G0xx_HAL_Driver/Src/stm32g0xx_hal_adc_ex.o
 .debug_frame   0x00000ca0      0x130 ./Drivers/STM32G0xx_HAL_Driver/Src/stm32g0xx_hal_cortex.o
 .debug_frame   0x00000dd0      0x168 ./Drivers/STM32G0xx_HAL_Driver/Src/stm32g0xx_hal_dma.o
 .debug_frame   0x00000f38       0xe4 ./Drivers/STM32G0xx_HAL_Driver/Src/stm32g0xx_hal_gpio.o
 .debug_frame   0x0000101c      0x1e4 ./Drivers/STM32G0xx_HAL_Driver/Src/stm32g0xx_hal_pwr_ex.o
 .debug_frame   0x00001200      0x184 ./Drivers/STM32G0xx_HAL_Driver/Src/stm32g0xx_hal_rcc.o
 .debug_frame   0x00001384       0xa8 ./Drivers/STM32G0xx_HAL_Driver/Src/stm32g0xx_hal_rcc_ex.o
 .debug_frame   0x0000142c      0xa80 ./Drivers/STM32G0xx_HAL_Driver/Src/stm32g0xx_hal_tim.o
 .debug_frame   0x00001eac      0x4b4 ./Drivers/STM32G0xx_HAL_Driver/Src/stm32g0xx_hal_tim_ex.o
 .debug_frame   0x00002360      0x770 ./Drivers/STM32G0xx_HAL_Driver/Src/stm32g0xx_hal_uart.o
 .debug_frame   0x00002ad0      0x1c8 ./Drivers/STM32G0xx_HAL_Driver/Src/stm32g0xx_hal_uart_ex.o
 .debug_frame   0x00002c98       0x20 C:/ST/STM32CubeIDE_1.16.1/STM32CubeIDE/plugins/com.st.stm32cube.ide.mcu.externaltools.gnu-tools-for-stm32.12.3.rel1.win32_1.1.0.202410251130/tools/bin/../lib/gcc/arm-none-eabi/12.3.1/../../../../arm-none-eabi/lib/thumb/v6-m/nofp\libc_nano.a(libc_a-memset.o)
 .debug_frame   0x00002cb8       0x2c C:/ST/STM32CubeIDE_1.16.1/STM32CubeIDE/plugins/com.st.stm32cube.ide.mcu.externaltools.gnu-tools-for-stm32.12.3.rel1.win32_1.1.0.202410251130/tools/bin/../lib/gcc/arm-none-eabi/12.3.1/../../../../arm-none-eabi/lib/thumb/v6-m/nofp\libc_nano.a(libc_a-init.o)
 .debug_frame   0x00002ce4       0x20 C:/ST/STM32CubeIDE_1.16.1/STM32CubeIDE/plugins/com.st.stm32cube.ide.mcu.externaltools.gnu-tools-for-stm32.12.3.rel1.win32_1.1.0.202410251130/tools/bin/../lib/gcc/arm-none-eabi/12.3.1/thumb/v6-m/nofp\libgcc.a(_udivsi3.o)
 .debug_frame   0x00002d04       0x3c C:/ST/STM32CubeIDE_1.16.1/STM32CubeIDE/plugins/com.st.stm32cube.ide.mcu.externaltools.gnu-tools-for-stm32.12.3.rel1.win32_1.1.0.202410251130/tools/bin/../lib/gcc/arm-none-eabi/12.3.1/thumb/v6-m/nofp\libgcc.a(_udivmoddi4.o)

.debug_loclists
                0x00000000     0xe186
 .debug_loclists
                0x00000000      0x4a1 ./Core/Src/custom_callbacks.o
 .debug_loclists
                0x000004a1      0x161 ./Core/Src/stm32g0xx_hal_msp.o
 .debug_loclists
                0x00000602      0x578 ./Core/Src/system.o
 .debug_loclists
                0x00000b7a       0xa7 ./Core/Src/system_stm32g0xx.o
 .debug_loclists
                0x00000c21      0x143 ./Drivers/STM32G0xx_HAL_Driver/Src/stm32g0xx_hal.o
 .debug_loclists
                0x00000d64     0x1121 ./Drivers/STM32G0xx_HAL_Driver/Src/stm32g0xx_hal_adc.o
 .debug_loclists
                0x00001e85      0x2a3 ./Drivers/STM32G0xx_HAL_Driver/Src/stm32g0xx_hal_adc_ex.o
 .debug_loclists
                0x00002128      0x1ef ./Drivers/STM32G0xx_HAL_Driver/Src/stm32g0xx_hal_cortex.o
 .debug_loclists
                0x00002317      0x747 ./Drivers/STM32G0xx_HAL_Driver/Src/stm32g0xx_hal_dma.o
 .debug_loclists
                0x00002a5e      0x372 ./Drivers/STM32G0xx_HAL_Driver/Src/stm32g0xx_hal_gpio.o
 .debug_loclists
                0x00002dd0      0x1b3 ./Drivers/STM32G0xx_HAL_Driver/Src/stm32g0xx_hal_pwr_ex.o
 .debug_loclists
                0x00002f83      0x4e1 ./Drivers/STM32G0xx_HAL_Driver/Src/stm32g0xx_hal_rcc.o
 .debug_loclists
                0x00003464      0x46c ./Drivers/STM32G0xx_HAL_Driver/Src/stm32g0xx_hal_rcc_ex.o
 .debug_loclists
                0x000038d0     0x4f53 ./Drivers/STM32G0xx_HAL_Driver/Src/stm32g0xx_hal_tim.o
 .debug_loclists
                0x00008823     0x1392 ./Drivers/STM32G0xx_HAL_Driver/Src/stm32g0xx_hal_tim_ex.o
 .debug_loclists
                0x00009bb5     0x3cb5 ./Drivers/STM32G0xx_HAL_Driver/Src/stm32g0xx_hal_uart.o
 .debug_loclists
                0x0000d86a      0x91c ./Drivers/STM32G0xx_HAL_Driver/Src/stm32g0xx_hal_uart_ex.o

.debug_line_str
                0x00000000       0x57
 .debug_line_str
                0x00000000       0x57 ./Core/Startup/startup_stm32g031k8tx.o
