Archive member included to satisfy reference by file (symbol)

/Applications/STM32CubeIDE.app/Contents/Eclipse/plugins/com.st.stm32cube.ide.mcu.externaltools.gnu-tools-for-stm32.13.3.rel1.macos64_1.0.0.202411102158/tools/bin/../lib/gcc/arm-none-eabi/13.3.1/../../../../arm-none-eabi/lib/thumb/v6-m/nofp/libc_nano.a(libc_a-exit.o)
                              /Applications/STM32CubeIDE.app/Contents/Eclipse/plugins/com.st.stm32cube.ide.mcu.externaltools.gnu-tools-for-stm32.13.3.rel1.macos64_1.0.0.202411102158/tools/bin/../lib/gcc/arm-none-eabi/13.3.1/../../../../arm-none-eabi/lib/thumb/v6-m/nofp/crt0.o (exit)
/Applications/STM32CubeIDE.app/Contents/Eclipse/plugins/com.st.stm32cube.ide.mcu.externaltools.gnu-tools-for-stm32.13.3.rel1.macos64_1.0.0.202411102158/tools/bin/../lib/gcc/arm-none-eabi/13.3.1/../../../../arm-none-eabi/lib/thumb/v6-m/nofp/libc_nano.a(libc_a-findfp.o)
                              /Applications/STM32CubeIDE.app/Contents/Eclipse/plugins/com.st.stm32cube.ide.mcu.externaltools.gnu-tools-for-stm32.13.3.rel1.macos64_1.0.0.202411102158/tools/bin/../lib/gcc/arm-none-eabi/13.3.1/../../../../arm-none-eabi/lib/thumb/v6-m/nofp/libc_nano.a(libc_a-exit.o) (__stdio_exit_handler)
/Applications/STM32CubeIDE.app/Contents/Eclipse/plugins/com.st.stm32cube.ide.mcu.externaltools.gnu-tools-for-stm32.13.3.rel1.macos64_1.0.0.202411102158/tools/bin/../lib/gcc/arm-none-eabi/13.3.1/../../../../arm-none-eabi/lib/thumb/v6-m/nofp/libc_nano.a(libc_a-fwalk.o)
                              /Applications/STM32CubeIDE.app/Contents/Eclipse/plugins/com.st.stm32cube.ide.mcu.externaltools.gnu-tools-for-stm32.13.3.rel1.macos64_1.0.0.202411102158/tools/bin/../lib/gcc/arm-none-eabi/13.3.1/../../../../arm-none-eabi/lib/thumb/v6-m/nofp/libc_nano.a(libc_a-findfp.o) (_fwalk_sglue)
/Applications/STM32CubeIDE.app/Contents/Eclipse/plugins/com.st.stm32cube.ide.mcu.externaltools.gnu-tools-for-stm32.13.3.rel1.macos64_1.0.0.202411102158/tools/bin/../lib/gcc/arm-none-eabi/13.3.1/../../../../arm-none-eabi/lib/thumb/v6-m/nofp/libc_nano.a(libc_a-memset.o)
                              /Applications/STM32CubeIDE.app/Contents/Eclipse/plugins/com.st.stm32cube.ide.mcu.externaltools.gnu-tools-for-stm32.13.3.rel1.macos64_1.0.0.202411102158/tools/bin/../lib/gcc/arm-none-eabi/13.3.1/../../../../arm-none-eabi/lib/thumb/v6-m/nofp/crt0.o (memset)
/Applications/STM32CubeIDE.app/Contents/Eclipse/plugins/com.st.stm32cube.ide.mcu.externaltools.gnu-tools-for-stm32.13.3.rel1.macos64_1.0.0.202411102158/tools/bin/../lib/gcc/arm-none-eabi/13.3.1/../../../../arm-none-eabi/lib/thumb/v6-m/nofp/libc_nano.a(libc_a-errno.o)
                              ./Core/Src/syscalls.o (__errno)
/Applications/STM32CubeIDE.app/Contents/Eclipse/plugins/com.st.stm32cube.ide.mcu.externaltools.gnu-tools-for-stm32.13.3.rel1.macos64_1.0.0.202411102158/tools/bin/../lib/gcc/arm-none-eabi/13.3.1/../../../../arm-none-eabi/lib/thumb/v6-m/nofp/libc_nano.a(libc_a-init.o)
                              /Applications/STM32CubeIDE.app/Contents/Eclipse/plugins/com.st.stm32cube.ide.mcu.externaltools.gnu-tools-for-stm32.13.3.rel1.macos64_1.0.0.202411102158/tools/bin/../lib/gcc/arm-none-eabi/13.3.1/../../../../arm-none-eabi/lib/thumb/v6-m/nofp/crt0.o (__libc_init_array)
/Applications/STM32CubeIDE.app/Contents/Eclipse/plugins/com.st.stm32cube.ide.mcu.externaltools.gnu-tools-for-stm32.13.3.rel1.macos64_1.0.0.202411102158/tools/bin/../lib/gcc/arm-none-eabi/13.3.1/../../../../arm-none-eabi/lib/thumb/v6-m/nofp/libc_nano.a(libc_a-lock.o)
                              /Applications/STM32CubeIDE.app/Contents/Eclipse/plugins/com.st.stm32cube.ide.mcu.externaltools.gnu-tools-for-stm32.13.3.rel1.macos64_1.0.0.202411102158/tools/bin/../lib/gcc/arm-none-eabi/13.3.1/../../../../arm-none-eabi/lib/thumb/v6-m/nofp/libc_nano.a(libc_a-findfp.o) (__retarget_lock_init_recursive)
/Applications/STM32CubeIDE.app/Contents/Eclipse/plugins/com.st.stm32cube.ide.mcu.externaltools.gnu-tools-for-stm32.13.3.rel1.macos64_1.0.0.202411102158/tools/bin/../lib/gcc/arm-none-eabi/13.3.1/../../../../arm-none-eabi/lib/thumb/v6-m/nofp/libc_nano.a(libc_a-impure.o)
                              /Applications/STM32CubeIDE.app/Contents/Eclipse/plugins/com.st.stm32cube.ide.mcu.externaltools.gnu-tools-for-stm32.13.3.rel1.macos64_1.0.0.202411102158/tools/bin/../lib/gcc/arm-none-eabi/13.3.1/../../../../arm-none-eabi/lib/thumb/v6-m/nofp/libc_nano.a(libc_a-errno.o) (_impure_ptr)
/Applications/STM32CubeIDE.app/Contents/Eclipse/plugins/com.st.stm32cube.ide.mcu.externaltools.gnu-tools-for-stm32.13.3.rel1.macos64_1.0.0.202411102158/tools/bin/../lib/gcc/arm-none-eabi/13.3.1/../../../../arm-none-eabi/lib/thumb/v6-m/nofp/libc_nano.a(libc_a-memcpy-stub.o)
                              ./Core/Src/input_capture.o (memcpy)
[...]
Memory Configuration

Name             Origin             Length             Attributes
RAM              0x20000000         0x00002000         xrw
FLASH            0x08000000         0x0000f800         xr
*default*        0x00000000         0xffffffff

Linker script and memory map

LOAD /Applications/STM32CubeIDE.app/Contents/Eclipse/plugins/com.st.stm32cube.ide.mcu.externaltools.gnu-tools-for-stm32.13.3.rel1.macos64_1.0.0.202411102158/tools/bin/../lib/gcc/arm-none-eabi/13.3.1/thumb/v6-m/nofp/crti.o
LOAD /Applications/STM32CubeIDE.app/Contents/Eclipse/plugins/com.st.stm32cube.ide.mcu.externaltools.gnu-tools-for-stm32.13.3.rel1.macos64_1.0.0.202411102158/tools/bin/../lib/gcc/arm-none-eabi/13.3.1/thumb/v6-m/nofp/crtbegin.o
LOAD /Applications/STM32CubeIDE.app/Contents/Eclipse/plugins/com.st.stm32cube.ide.mcu.externaltools.gnu-tools-for-stm32.13.3.rel1.macos64_1.0.0.202411102158/tools/bin/../lib/gcc/arm-none-eabi/13.3.1/../../../../arm-none-eabi/lib/thumb/v6-m/nofp/crt0.o
LOAD ./Core/Src/CC_and_PC.o
LOAD ./Core/Src/LED.o
LOAD ./Core/Src/MIDI.o
LOAD ./Core/Src/UART.o
LOAD ./Core/Src/checking_functions.o
LOAD ./Core/Src/config.o
LOAD ./Core/Src/custom_callbacks.o
LOAD ./Core/Src/debug.o
LOAD ./Core/Src/input_capture.o
LOAD ./Core/Src/main.o
LOAD ./Core/Src/oscillator.o
LOAD ./Core/Src/startup.o
LOAD ./Core/Src/state_machine.o
LOAD ./Core/Src/stm32g0xx_hal_msp.o
LOAD ./Core/Src/stm32g0xx_it.o
LOAD ./Core/Src/symmetry_adjustment.o
LOAD ./Core/Src/syscalls.o
LOAD ./Core/Src/sysmem.o
LOAD ./Core/Src/system_stm32g0xx.o
LOAD ./Core/Src/timers.o
LOAD ./Core/Src/utility.o
LOAD ./Core/Startup/startup_stm32g031k8tx.o
LOAD ./Drivers/STM32G0xx_HAL_Driver/Src/stm32g0xx_hal.o
LOAD ./Drivers/STM32G0xx_HAL_Driver/Src/stm32g0xx_hal_adc.o
LOAD ./Drivers/STM32G0xx_HAL_Driver/Src/stm32g0xx_hal_adc_ex.o
LOAD ./Drivers/STM32G0xx_HAL_Driver/Src/stm32g0xx_hal_cortex.o
LOAD ./Drivers/STM32G0xx_HAL_Driver/Src/stm32g0xx_hal_dma.o
LOAD ./Drivers/STM32G0xx_HAL_Driver/Src/stm32g0xx_hal_dma_ex.o
LOAD ./Drivers/STM32G0xx_HAL_Driver/Src/stm32g0xx_hal_exti.o
LOAD ./Drivers/STM32G0xx_HAL_Driver/Src/stm32g0xx_hal_flash.o
LOAD ./Drivers/STM32G0xx_HAL_Driver/Src/stm32g0xx_hal_flash_ex.o
LOAD ./Drivers/STM32G0xx_HAL_Driver/Src/stm32g0xx_hal_gpio.o
LOAD ./Drivers/STM32G0xx_HAL_Driver/Src/stm32g0xx_hal_iwdg.o
LOAD ./Drivers/STM32G0xx_HAL_Driver/Src/stm32g0xx_hal_lptim.o
LOAD ./Drivers/STM32G0xx_HAL_Driver/Src/stm32g0xx_hal_pwr.o
LOAD ./Drivers/STM32G0xx_HAL_Driver/Src/stm32g0xx_hal_pwr_ex.o
LOAD ./Drivers/STM32G0xx_HAL_Driver/Src/stm32g0xx_hal_rcc.o
LOAD ./Drivers/STM32G0xx_HAL_Driver/Src/stm32g0xx_hal_rcc_ex.o
LOAD ./Drivers/STM32G0xx_HAL_Driver/Src/stm32g0xx_hal_tim.o
LOAD ./Drivers/STM32G0xx_HAL_Driver/Src/stm32g0xx_hal_tim_ex.o
LOAD ./Drivers/STM32G0xx_HAL_Driver/Src/stm32g0xx_hal_uart.o
LOAD ./Drivers/STM32G0xx_HAL_Driver/Src/stm32g0xx_hal_uart_ex.o
LOAD ./Drivers/STM32G0xx_HAL_Driver/Src/stm32g0xx_ll_adc.o
LOAD ./Drivers/STM32G0xx_HAL_Driver/Src/stm32g0xx_ll_rcc.o
START GROUP
LOAD /Applications/STM32CubeIDE.app/Contents/Eclipse/plugins/com.st.stm32cube.ide.mcu.externaltools.gnu-tools-for-stm32.13.3.rel1.macos64_1.0.0.202411102158/tools/bin/../lib/gcc/arm-none-eabi/13.3.1/../../../../arm-none-eabi/lib/thumb/v6-m/nofp/libc_nano.a
LOAD /Applications/STM32CubeIDE.app/Contents/Eclipse/plugins/com.st.stm32cube.ide.mcu.externaltools.gnu-tools-for-stm32.13.3.rel1.macos64_1.0.0.202411102158/tools/bin/../lib/gcc/arm-none-eabi/13.3.1/../../../../arm-none-eabi/lib/thumb/v6-m/nofp/libm.a
END GROUP
START GROUP
LOAD /Applications/STM32CubeIDE.app/Contents/Eclipse/plugins/com.st.stm32cube.ide.mcu.externaltools.gnu-tools-for-stm32.13.3.rel1.macos64_1.0.0.202411102158/tools/bin/../lib/gcc/arm-none-eabi/13.3.1/thumb/v6-m/nofp/libgcc.a
LOAD /Applications/STM32CubeIDE.app/Contents/Eclipse/plugins/com.st.stm32cube.ide.mcu.externaltools.gnu-tools-for-stm32.13.3.rel1.macos64_1.0.0.202411102158/tools/bin/../lib/gcc/arm-none-eabi/13.3.1/../../../../arm-none-eabi/lib/thumb/v6-m/nofp/libc_nano.a
END GROUP
START GROUP
LOAD /Applications/STM32CubeIDE.app/Contents/Eclipse/plugins/com.st.stm32cube.ide.mcu.externaltools.gnu-tools-for-stm32.13.3.rel1.macos64_1.0.0.202411102158/tools/bin/../lib/gcc/arm-none-eabi/13.3.1/thumb/v6-m/nofp/libgcc.a
LOAD /Applications/STM32CubeIDE.app/Contents/Eclipse/plugins/com.st.stm32cube.ide.mcu.externaltools.gnu-tools-for-stm32.13.3.rel1.macos64_1.0.0.202411102158/tools/bin/../lib/gcc/arm-none-eabi/13.3.1/../../../../arm-none-eabi/lib/thumb/v6-m/nofp/libc_nano.a
LOAD /Applications/STM32CubeIDE.app/Contents/Eclipse/plugins/com.st.stm32cube.ide.mcu.externaltools.gnu-tools-for-stm32.13.3.rel1.macos64_1.0.0.202411102158/tools/bin/../lib/gcc/arm-none-eabi/13.3.1/../../../../arm-none-eabi/lib/thumb/v6-m/nofp/libnosys.a
END GROUP
START GROUP
LOAD /Applications/STM32CubeIDE.app/Contents/Eclipse/plugins/com.st.stm32cube.ide.mcu.externaltools.gnu-tools-for-stm32.13.3.rel1.macos64_1.0.0.202411102158/tools/bin/../lib/gcc/arm-none-eabi/13.3.1/thumb/v6-m/nofp/libgcc.a
LOAD /Applications/STM32CubeIDE.app/Contents/Eclipse/plugins/com.st.stm32cube.ide.mcu.externaltools.gnu-tools-for-stm32.13.3.rel1.macos64_1.0.0.202411102158/tools/bin/../lib/gcc/arm-none-eabi/13.3.1/../../../../arm-none-eabi/lib/thumb/v6-m/nofp/libc_nano.a
LOAD /Applications/STM32CubeIDE.app/Contents/Eclipse/plugins/com.st.stm32cube.ide.mcu.externaltools.gnu-tools-for-stm32.13.3.rel1.macos64_1.0.0.202411102158/tools/bin/../lib/gcc/arm-none-eabi/13.3.1/../../../../arm-none-eabi/lib/thumb/v6-m/nofp/libnosys.a
END GROUP
LOAD /Applications/STM32CubeIDE.app/Contents/Eclipse/plugins/com.st.stm32cube.ide.mcu.externaltools.gnu-tools-for-stm32.13.3.rel1.macos64_1.0.0.202411102158/tools/bin/../lib/gcc/arm-none-eabi/13.3.1/thumb/v6-m/nofp/crtend.o
LOAD /Applications/STM32CubeIDE.app/Contents/Eclipse/plugins/com.st.stm32cube.ide.mcu.externaltools.gnu-tools-for-stm32.13.3.rel1.macos64_1.0.0.202411102158/tools/bin/../lib/gcc/arm-none-eabi/13.3.1/thumb/v6-m/nofp/crtn.o
                0x20002000                        _estack = (ORIGIN (RAM) + LENGTH (RAM))
                0x00000200                        _Min_Heap_Size = 0x200
                0x00000400                        _Min_Stack_Size = 0x400

.isr_vector     0x08000000       0xbc
                0x08000000                        . = ALIGN (0x4)
 *(.isr_vector)
 .isr_vector    0x08000000       0xbc ./Core/Startup/startup_stm32g031k8tx.o
                0x08000000                g_pfnVectors
                0x080000bc                        . = ALIGN (0x4)

.text           0x080000c0     0xe0d8
                0x080000c0                        . = ALIGN (0x4)
 *(.text)
 .text          0x080000c0       0x48 /Applications/STM32CubeIDE.app/Contents/Eclipse/plugins/com.st.stm32cube.ide.mcu.externaltools.gnu-tools-for-stm32.13.3.rel1.macos64_1.0.0.202411102158/tools/bin/../lib/gcc/arm-none-eabi/13.3.1/thumb/v6-m/nofp/crtbegin.o
 .text          0x08000108      0x114 /Applications/STM32CubeIDE.app/Contents/Eclipse/plugins/com.st.stm32cube.ide.mcu.externaltools.gnu-tools-for-stm32.13.3.rel1.macos64_1.0.0.202411102158/tools/bin/../lib/gcc/arm-none-eabi/13.3.1/thumb/v6-m/nofp/libgcc.a(_udivsi3.o)
                0x08000108                __udivsi3
                0x08000108                __aeabi_uidiv
                0x08000214                __aeabi_uidivmod
 .text          0x0800021c        0x4 /Applications/STM32CubeIDE.app/Contents/Eclipse/plugins/com.st.stm32cube.ide.mcu.externaltools.gnu-tools-for-stm32.13.3.rel1.macos64_1.0.0.202411102158/tools/bin/../lib/gcc/arm-none-eabi/13.3.1/thumb/v6-m/nofp/libgcc.a(_dvmd_tls.o)
                0x0800021c                __aeabi_ldiv0
                0x0800021c                __aeabi_idiv0
 .text          0x08000220       0x40 /Applications/STM32CubeIDE.app/Contents/Eclipse/plugins/com.st.stm32cube.ide.mcu.externaltools.gnu-tools-for-stm32.13.3.rel1.macos64_1.0.0.202411102158/tools/bin/../lib/gcc/arm-none-eabi/13.3.1/thumb/v6-m/nofp/libgcc.a(_aeabi_uldivmod.o)
                0x08000220                __aeabi_uldivmod
 .text          0x08000260      0x198 /Applications/STM32CubeIDE.app/Contents/Eclipse/plugins/com.st.stm32cube.ide.mcu.externaltools.gnu-tools-for-stm32.13.3.rel1.macos64_1.0.0.202411102158/tools/bin/../lib/gcc/arm-none-eabi/13.3.1/thumb/v6-m/nofp/libgcc.a(_udivmoddi4.o)
                0x08000260                __udivmoddi4
 .text          0x080003f8       0x18 /Applications/STM32CubeIDE.app/Contents/Eclipse/plugins/com.st.stm32cube.ide.mcu.externaltools.gnu-tools-for-stm32.13.3.rel1.macos64_1.0.0.202411102158/tools/bin/../lib/gcc/arm-none-eabi/13.3.1/thumb/v6-m/nofp/libgcc.a(_clzdi2.o)
                0x080003f8                __clzdi2
 .text          0x08000410       0x3c /Applications/STM32CubeIDE.app/Contents/Eclipse/plugins/com.st.stm32cube.ide.mcu.externaltools.gnu-tools-for-stm32.13.3.rel1.macos64_1.0.0.202411102158/tools/bin/../lib/gcc/arm-none-eabi/13.3.1/thumb/v6-m/nofp/libgcc.a(_clzsi2.o)
                0x08000410                __clzsi2
 *(.text*)
 .text.Initialise_Preset_Arrays
                0x0800044c      0x11c ./Core/Src/CC_and_PC.o
                0x0800044c                Initialise_Preset_Arrays
 .text.Update_Params_Based_On_Mode_Selected
                0x08000568      0x1e0 ./Core/Src/CC_and_PC.o
                0x08000568                Update_Params_Based_On_Mode_Selected
 .text.Convert_All_Preset_Values
                0x08000748       0x52 ./Core/Src/CC_and_PC.o
                0x08000748                Convert_All_Preset_Values
 .text.Convert_All_Params_Values_for_Preset
                0x0800079a       0x58 ./Core/Src/CC_and_PC.o
                0x0800079a                Convert_All_Params_Values_for_Preset
 .text.Update_Waveshape_with_Converted_Preset_Value
                0x080007f2       0x1e ./Core/Src/CC_and_PC.o
                0x080007f2                Update_Waveshape_with_Converted_Preset_Value
 .text.Update_Speed_with_Converted_Preset_Value
                0x08000810       0x1e ./Core/Src/CC_and_PC.o
                0x08000810                Update_Speed_with_Converted_Preset_Value
 .text.Update_Depth_with_Converted_Preset_Value
                0x0800082e       0x1e ./Core/Src/CC_and_PC.o
                0x0800082e                Update_Depth_with_Converted_Preset_Value
 .text.Update_Symmetry_with_Converted_Preset_Value
                0x0800084c       0x1e ./Core/Src/CC_and_PC.o
                0x0800084c                Update_Symmetry_with_Converted_Preset_Value
 .text.Update_Phase_with_Converted_Preset_Value
                0x0800086a       0x1e ./Core/Src/CC_and_PC.o
                0x0800086a                Update_Phase_with_Converted_Preset_Value
 .text.Pack_Preset_Into_Doubleword
                0x08000888       0xb2 ./Core/Src/CC_and_PC.o
                0x08000888                Pack_Preset_Into_Doubleword
 .text.Read_and_Interpret_Preset_From_Flash
                0x0800093a       0x72 ./Core/Src/CC_and_PC.o
                0x0800093a                Read_and_Interpret_Preset_From_Flash
 .text.Pack_Misc_Into_Doubleword
                0x080009ac      0x238 ./Core/Src/CC_and_PC.o
                0x080009ac                Pack_Misc_Into_Doubleword
 .text.Store_Single_Preset_In_Flash
                0x08000be4      0x280 ./Core/Src/CC_and_PC.o
                0x08000be4                Store_Single_Preset_In_Flash
 .text.Read_and_Interpret_Misc_From_Flash
                0x08000e64      0x16c ./Core/Src/CC_and_PC.o
                0x08000e64                Read_and_Interpret_Misc_From_Flash
 .text.Update_Converted_Preset_Array_with_User_or_Factory_Presets
                0x08000fd0       0xac ./Core/Src/CC_and_PC.o
                0x08000fd0                Update_Converted_Preset_Array_with_User_or_Factory_Presets
 .text.Read_and_Interpret_User_Presets_From_Flash
                0x0800107c       0x5c ./Core/Src/CC_and_PC.o
                0x0800107c                Read_and_Interpret_User_Presets_From_Flash
 .text.Update_Waveshape_with_CC_Value
                0x080010d8       0x4a ./Core/Src/CC_and_PC.o
                0x080010d8                Update_Waveshape_with_CC_Value
 .text.Update_Speed_with_CC_Value
                0x08001122       0x32 ./Core/Src/CC_and_PC.o
                0x08001122                Update_Speed_with_CC_Value
 .text.Update_Depth_with_CC_Value
                0x08001154       0x26 ./Core/Src/CC_and_PC.o
                0x08001154                Update_Depth_with_CC_Value
 .text.Update_Symmetry_with_CC_Value
                0x0800117a       0x32 ./Core/Src/CC_and_PC.o
                0x0800117a                Update_Symmetry_with_CC_Value
 .text.Update_Phase_with_CC_Value
                0x080011ac       0x32 ./Core/Src/CC_and_PC.o
                0x080011ac                Update_Phase_with_CC_Value
 *fill*         0x080011de        0x2 
 .text.Set_Waveshape_to_CC_Mode_and_Value
                0x080011e0       0x34 ./Core/Src/CC_and_PC.o
                0x080011e0                Set_Waveshape_to_CC_Mode_and_Value
 .text.Set_Speed_to_CC_Mode_and_Value
                0x08001214       0x34 ./Core/Src/CC_and_PC.o
                0x08001214                Set_Speed_to_CC_Mode_and_Value
 .text.Set_Depth_to_CC_Mode_and_Value
                0x08001248       0x34 ./Core/Src/CC_and_PC.o
                0x08001248                Set_Depth_to_CC_Mode_and_Value
 .text.Set_Symmetry_to_CC_Mode_and_Value
                0x0800127c       0x34 ./Core/Src/CC_and_PC.o
                0x0800127c                Set_Symmetry_to_CC_Mode_and_Value
 .text.Set_Phase_to_CC_Mode_and_Value
                0x080012b0       0x34 ./Core/Src/CC_and_PC.o
                0x080012b0                Set_Phase_to_CC_Mode_and_Value
 .text.Set_All_Pots_to_PC_Mode
                0x080012e4       0x70 ./Core/Src/CC_and_PC.o
                0x080012e4                Set_All_Pots_to_PC_Mode
 .text.Store_Params_as_User_Preset
                0x08001354       0x5c ./Core/Src/CC_and_PC.o
                0x08001354                Store_Params_as_User_Preset
 .text.Set_to_PC_Mode
                0x080013b0       0x38 ./Core/Src/CC_and_PC.o
                0x080013b0                Set_to_PC_Mode
 .text.Set_LED_to_State
                0x080013e8       0x9c ./Core/Src/LED.o
                0x080013e8                Set_LED_to_State
 .text.Is_Status_Byte
                0x08001484       0x32 ./Core/Src/MIDI.o
                0x08001484                Is_Status_Byte
 .text.Is_Data_Byte
                0x080014b6       0x32 ./Core/Src/MIDI.o
                0x080014b6                Is_Data_Byte
 .text.Is_PC_Status_Byte
                0x080014e8       0x38 ./Core/Src/MIDI.o
                0x080014e8                Is_PC_Status_Byte
 .text.Is_CC_Status_Byte
                0x08001520       0x38 ./Core/Src/MIDI.o
                0x08001520                Is_CC_Status_Byte
 .text.Is_Utilised_Channel_Mode_CC_First_Data_Byte
                0x08001558       0x58 ./Core/Src/MIDI.o
                0x08001558                Is_Utilised_Channel_Mode_CC_First_Data_Byte
 .text.Is_Utilised_CC_First_Data_Byte
                0x080015b0       0x66 ./Core/Src/MIDI.o
                0x080015b0                Is_Utilised_CC_First_Data_Byte
 .text.Channel_Mode_CC_Second_Data_Byte_Is_Valid_Given_Utilised_First_Data_Byte
                0x08001616       0x8e ./Core/Src/MIDI.o
                0x08001616                Channel_Mode_CC_Second_Data_Byte_Is_Valid_Given_Utilised_First_Data_Byte
 .text.Is_Sysex_Start_Status_Byte
                0x080016a4       0x20 ./Core/Src/MIDI.o
                0x080016a4                Is_Sysex_Start_Status_Byte
 .text.Is_Channelised_Status_Byte_On_Basic_Channel
                0x080016c4       0x42 ./Core/Src/MIDI.o
                0x080016c4                Is_Channelised_Status_Byte_On_Basic_Channel
 .text.Is_Data_Buffer_Empty
                0x08001706       0x60 ./Core/Src/MIDI.o
                0x08001706                Is_Data_Buffer_Empty
 .text.Clear_Data_Buffer
                0x08001766       0x3c ./Core/Src/MIDI.o
                0x08001766                Clear_Data_Buffer
 .text.Is_Program_Change_Data_Byte_In_Range
                0x080017a2       0x2a ./Core/Src/MIDI.o
                0x080017a2                Is_Program_Change_Data_Byte_In_Range
 .text.Is_System_Real_Time_Status_Byte
                0x080017cc       0x66 ./Core/Src/MIDI.o
                0x080017cc                Is_System_Real_Time_Status_Byte
 .text.Is_OMNI_On
                0x08001832       0x34 ./Core/Src/MIDI.o
                0x08001832                Is_OMNI_On
 .text.Reset_and_Stop_MIDI_Software_Timer
                0x08001866       0x36 ./Core/Src/MIDI.o
                0x08001866                Reset_and_Stop_MIDI_Software_Timer
 .text.Reset_All_Controllers
                0x0800189c       0xb4 ./Core/Src/MIDI.o
                0x0800189c                Reset_All_Controllers
 .text.Set_Local_Control
                0x08001950       0x70 ./Core/Src/MIDI.o
                0x08001950                Set_Local_Control
 .text.Set_OMNI_Off
                0x080019c0       0x20 ./Core/Src/MIDI.o
                0x080019c0                Set_OMNI_Off
 .text.Set_OMNI_On
                0x080019e0       0x20 ./Core/Src/MIDI.o
                0x080019e0                Set_OMNI_On
 .text.Start_UART_Receive
                0x08001a00       0x20 ./Core/Src/UART.o
                0x08001a00                Start_UART_Receive
 .text.Pot_Check
                0x08001a20      0x240 ./Core/Src/checking_functions.o
                0x08001a20                Pot_Check
 .text.Check_Tap_Tempo_Switch_State
                0x08001c60       0xa0 ./Core/Src/checking_functions.o
                0x08001c60                Check_Tap_Tempo_Switch_State
 .text.SystemClock_Config
                0x08001d00       0xbc ./Core/Src/config.o
                0x08001d00                SystemClock_Config
 .text.MX_ADC1_Init
                0x08001dbc      0x180 ./Core/Src/config.o
                0x08001dbc                MX_ADC1_Init
 .text.MX_TIM16_Init
                0x08001f3c      0x118 ./Core/Src/config.o
                0x08001f3c                MX_TIM16_Init
 .text.MX_TIM2_Init
                0x08002054       0xf8 ./Core/Src/config.o
                0x08002054                MX_TIM2_Init
 .text.MX_TIM3_Init
                0x0800214c      0x110 ./Core/Src/config.o
                0x0800214c                MX_TIM3_Init
 .text.MX_TIM1_Init
                0x0800225c      0x1d4 ./Core/Src/config.o
                0x0800225c                MX_TIM1_Init
 .text.MX_TIM17_Init
                0x08002430      0x124 ./Core/Src/config.o
                0x08002430                MX_TIM17_Init
 .text.MX_LPTIM1_Init
                0x08002554       0x70 ./Core/Src/config.o
                0x08002554                MX_LPTIM1_Init
 .text.MX_TIM14_Init
                0x080025c4       0xa4 ./Core/Src/config.o
                0x080025c4                MX_TIM14_Init
 .text.MX_USART2_UART_Init
                0x08002668       0x68 ./Core/Src/config.o
                0x08002668                MX_USART2_UART_Init
 .text.MX_DMA_Init
                0x080026d0       0x4c ./Core/Src/config.o
                0x080026d0                MX_DMA_Init
 .text.MX_GPIO_Init
                0x0800271c      0x204 ./Core/Src/config.o
                0x0800271c                MX_GPIO_Init
 .text.Error_Handler
                0x08002920        0xc ./Core/Src/config.o
                0x08002920                Error_Handler
 .text.System_Init
                0x0800292c      0x108 ./Core/Src/config.o
                0x0800292c                System_Init
 .text.TIM16_callback
                0x08002a34       0x54 ./Core/Src/custom_callbacks.o
                0x08002a34                TIM16_callback
 .text.ADC_DMA_conversion_complete_callback
                0x08002a88       0x94 ./Core/Src/custom_callbacks.o
                0x08002a88                ADC_DMA_conversion_complete_callback
 .text.TIM2_ch1_IP_capture_callback
                0x08002b1c      0x11c ./Core/Src/custom_callbacks.o
                0x08002b1c                TIM2_ch1_IP_capture_callback
 .text.TIM2_ch1_overflow_callback
                0x08002c38      0x10c ./Core/Src/custom_callbacks.o
                0x08002c38                TIM2_ch1_overflow_callback
 .text.TIM3_ch1_IP_capture_measurement_reelapse_callback
                0x08002d44      0x13c ./Core/Src/custom_callbacks.o
                0x08002d44                TIM3_ch1_IP_capture_measurement_reelapse_callback
 .text.UART2_TX_transfer_complete_callback
                0x08002e80       0x10 ./Core/Src/custom_callbacks.o
                0x08002e80                UART2_TX_transfer_complete_callback
 .text.UART2_RX_transfer_complete_callback
                0x08002e90     0x11a0 ./Core/Src/custom_callbacks.o
                0x08002e90                UART2_RX_transfer_complete_callback
 .text.HAL_GPIO_EXTI_Falling_Callback
                0x08004030       0x54 ./Core/Src/custom_callbacks.o
                0x08004030                HAL_GPIO_EXTI_Falling_Callback
 .text.HAL_GPIO_EXTI_Rising_Callback
                0x08004084      0x1ec ./Core/Src/custom_callbacks.o
                0x08004084                HAL_GPIO_EXTI_Rising_Callback
 .text.LPTIM1_callback
                0x08004270      0x730 ./Core/Src/custom_callbacks.o
                0x08004270                LPTIM1_callback
 .text.TIM17_callback
                0x080049a0       0x10 ./Core/Src/custom_callbacks.o
                0x080049a0                TIM17_callback
 .text.TIM14_callback
                0x080049b0      0x3bc ./Core/Src/custom_callbacks.o
                0x080049b0                TIM14_callback
 .text.Input_Capture_Processing
                0x08004d6c       0xe4 ./Core/Src/input_capture.o
                0x08004d6c                Input_Capture_Processing
 .text.Start_Input_Capture_Timer
                0x08004e50       0x34 ./Core/Src/input_capture.o
                0x08004e50                Start_Input_Capture_Timer
 .text.Start_IC_TIM
                0x08004e84       0x54 ./Core/Src/input_capture.o
                0x08004e84                Start_IC_TIM
 .text.Copy_Params_Structs
                0x08004ed8       0x24 ./Core/Src/input_capture.o
                0x08004ed8                Copy_Params_Structs
 .text.Start_Measurement_Reelapse_Timer
                0x08004efc       0x3c ./Core/Src/input_capture.o
                0x08004efc                Start_Measurement_Reelapse_Timer
 .text.Begin_Input_Capture_Measurement
                0x08004f38       0x18 ./Core/Src/input_capture.o
                0x08004f38                Begin_Input_Capture_Measurement
 .text.main     0x08004f50      0x168 ./Core/Src/main.o
                0x08004f50                main
 .text.Start_PWM_Gen_Timer_Main_and_Secondary_Oscillators
                0x080050b8       0x78 ./Core/Src/oscillator.o
                0x080050b8                Start_PWM_Gen_Timer_Main_and_Secondary_Oscillators
 .text.Start_Freq_Gen_Timer
                0x08005130       0x34 ./Core/Src/oscillator.o
                0x08005130                Start_Freq_Gen_Timer
 .text.Process_TIM16_Raw_Start_Value_and_Raw_Prescaler
                0x08005164       0x6c ./Core/Src/oscillator.o
                0x08005164                Process_TIM16_Raw_Start_Value_and_Raw_Prescaler
 .text.Set_Oscillator_Values
                0x080051d0       0x58 ./Core/Src/oscillator.o
                0x080051d0                Set_Oscillator_Values
 .text.Calculate_Next_Main_Oscillator_Values
                0x08005228      0x1ec ./Core/Src/oscillator.o
                0x08005228                Calculate_Next_Main_Oscillator_Values
 .text.Write_Next_Main_Oscillator_Values_to_Delay_Line
                0x08005414      0x12c ./Core/Src/oscillator.o
                0x08005414                Write_Next_Main_Oscillator_Values_to_Delay_Line
 .text.Process_ADC_Conversion_Values
                0x08005540       0xd4 ./Core/Src/oscillator.o
                0x08005540                Process_ADC_Conversion_Values
 .text.Startup  0x08005614      0x1c4 ./Core/Src/startup.o
                0x08005614                Startup
 .text.Advance_Pending_States
                0x080057d8       0x58 ./Core/Src/state_machine.o
                0x080057d8                Advance_Pending_States
 .text.HAL_MspInit
                0x08005830       0x48 ./Core/Src/stm32g0xx_hal_msp.o
                0x08005830                HAL_MspInit
 .text.HAL_ADC_MspInit
                0x08005878       0xe8 ./Core/Src/stm32g0xx_hal_msp.o
                0x08005878                HAL_ADC_MspInit
 .text.HAL_LPTIM_MspInit
                0x08005960      0x158 ./Core/Src/stm32g0xx_hal_msp.o
                0x08005960                HAL_LPTIM_MspInit
 .text.HAL_TIM_Base_MspInit
                0x08005ab8      0x1e8 ./Core/Src/stm32g0xx_hal_msp.o
                0x08005ab8                HAL_TIM_Base_MspInit
 .text.HAL_TIM_MspPostInit
                0x08005ca0       0xc0 ./Core/Src/stm32g0xx_hal_msp.o
                0x08005ca0                HAL_TIM_MspPostInit
 .text.HAL_UART_MspInit
                0x08005d60      0x160 ./Core/Src/stm32g0xx_hal_msp.o
                0x08005d60                HAL_UART_MspInit
 .text.NMI_Handler
                0x08005ec0        0x8 ./Core/Src/stm32g0xx_it.o
                0x08005ec0                NMI_Handler
 .text.HardFault_Handler
                0x08005ec8        0x8 ./Core/Src/stm32g0xx_it.o
                0x08005ec8                HardFault_Handler
 .text.SVC_Handler
                0x08005ed0        0xa ./Core/Src/stm32g0xx_it.o
                0x08005ed0                SVC_Handler
 .text.PendSV_Handler
                0x08005eda        0xa ./Core/Src/stm32g0xx_it.o
                0x08005eda                PendSV_Handler
 .text.SysTick_Handler
                0x08005ee4        0xe ./Core/Src/stm32g0xx_it.o
                0x08005ee4                SysTick_Handler
 .text.EXTI4_15_IRQHandler
                0x08005ef2       0x10 ./Core/Src/stm32g0xx_it.o
                0x08005ef2                EXTI4_15_IRQHandler
 *fill*         0x08005f02        0x2 
 .text.DMA1_Channel1_IRQHandler
                0x08005f04       0x18 ./Core/Src/stm32g0xx_it.o
                0x08005f04                DMA1_Channel1_IRQHandler
 .text.DMA1_Channel2_3_IRQHandler
                0x08005f1c       0x24 ./Core/Src/stm32g0xx_it.o
                0x08005f1c                DMA1_Channel2_3_IRQHandler
 .text.TIM2_IRQHandler
                0x08005f40       0x18 ./Core/Src/stm32g0xx_it.o
                0x08005f40                TIM2_IRQHandler
 .text.TIM3_IRQHandler
                0x08005f58       0x18 ./Core/Src/stm32g0xx_it.o
                0x08005f58                TIM3_IRQHandler
 .text.TIM16_IRQHandler
                0x08005f70       0x18 ./Core/Src/stm32g0xx_it.o
                0x08005f70                TIM16_IRQHandler
 .text.USART2_IRQHandler
                0x08005f88       0x18 ./Core/Src/stm32g0xx_it.o
                0x08005f88                USART2_IRQHandler
 .text.LPTIM1_IRQHandler
                0x08005fa0       0x18 ./Core/Src/stm32g0xx_it.o
                0x08005fa0                LPTIM1_IRQHandler
 .text.TIM17_IRQHandler
                0x08005fb8       0x18 ./Core/Src/stm32g0xx_it.o
                0x08005fb8                TIM17_IRQHandler
 .text.TIM14_IRQHandler
                0x08005fd0       0x18 ./Core/Src/stm32g0xx_it.o
                0x08005fd0                TIM14_IRQHandler
 .text.Adjust_TIM16_Prescaler
                0x08005fe8       0x44 ./Core/Src/symmetry_adjustment.o
                0x08005fe8                Adjust_TIM16_Prescaler
 .text.Process_TIM16_Final_Start_Value_and_Final_Prescaler
                0x0800602c      0x80c ./Core/Src/symmetry_adjustment.o
                0x0800602c                Process_TIM16_Final_Start_Value_and_Final_Prescaler
 .text.SystemInit
                0x08006838        0xa ./Core/Src/system_stm32g0xx.o
                0x08006838                SystemInit
 .text.Start_OC_TIM
                0x08006842       0x38 ./Core/Src/timers.o
                0x08006842                Start_OC_TIM
 .text.Stop_OC_TIM
                0x0800687a       0x38 ./Core/Src/timers.o
                0x0800687a                Stop_OC_TIM
 .text.isPrime  0x080068b2       0x5e ./Core/Src/utility.o
                0x080068b2                isPrime
 .text.unsigned_bitwise_modulo
                0x08006910       0x28 ./Core/Src/utility.o
                0x08006910                unsigned_bitwise_modulo
 .text.Global_Interrupt_Enable
                0x08006938       0x10 ./Core/Src/utility.o
                0x08006938                Global_Interrupt_Enable
 .text.Get_Status_Bit
                0x08006948       0x28 ./Core/Src/utility.o
                0x08006948                Get_Status_Bit
 .text.Set_Status_Bit
                0x08006970       0x24 ./Core/Src/utility.o
                0x08006970                Set_Status_Bit
 .text.Clear_Status_Bit
                0x08006994       0x26 ./Core/Src/utility.o
                0x08006994                Clear_Status_Bit
 *fill*         0x080069ba        0x2 
 .text.Reset_Handler
                0x080069bc       0x50 ./Core/Startup/startup_stm32g031k8tx.o
                0x080069bc                Reset_Handler
 .text.Default_Handler
                0x08006a0c        0x2 ./Core/Startup/startup_stm32g031k8tx.o
                0x08006a0c                TIM1_BRK_UP_TRG_COM_IRQHandler
                0x08006a0c                PVD_IRQHandler
                0x08006a0c                I2C1_IRQHandler
                0x08006a0c                LPTIM2_IRQHandler
                0x08006a0c                RTC_TAMP_IRQHandler
                0x08006a0c                SPI1_IRQHandler
                0x08006a0c                DMA1_Ch4_5_DMAMUX1_OVR_IRQHandler
                0x08006a0c                EXTI2_3_IRQHandler
                0x08006a0c                ADC1_IRQHandler
                0x08006a0c                I2C2_IRQHandler
                0x08006a0c                RCC_IRQHandler
                0x08006a0c                Default_Handler
                0x08006a0c                EXTI0_1_IRQHandler
                0x08006a0c                SPI2_IRQHandler
                0x08006a0c                WWDG_IRQHandler
                0x08006a0c                LPUART1_IRQHandler
                0x08006a0c                FLASH_IRQHandler
                0x08006a0c                USART1_IRQHandler
                0x08006a0c                TIM1_CC_IRQHandler
 *fill*         0x08006a0e        0x2 
 .text.HAL_Init
                0x08006a10       0x40 ./Drivers/STM32G0xx_HAL_Driver/Src/stm32g0xx_hal.o
                0x08006a10                HAL_Init
 .text.HAL_InitTick
                0x08006a50       0x94 ./Drivers/STM32G0xx_HAL_Driver/Src/stm32g0xx_hal.o
                0x08006a50                HAL_InitTick
 .text.HAL_IncTick
                0x08006ae4       0x24 ./Drivers/STM32G0xx_HAL_Driver/Src/stm32g0xx_hal.o
                0x08006ae4                HAL_IncTick
 .text.HAL_GetTick
                0x08006b08       0x14 ./Drivers/STM32G0xx_HAL_Driver/Src/stm32g0xx_hal.o
                0x08006b08                HAL_GetTick
 .text.LL_ADC_SetCommonPathInternalCh
                0x08006b1c       0x28 ./Drivers/STM32G0xx_HAL_Driver/Src/stm32g0xx_hal_adc.o
 .text.LL_ADC_GetCommonPathInternalCh
                0x08006b44       0x1a ./Drivers/STM32G0xx_HAL_Driver/Src/stm32g0xx_hal_adc.o
 .text.LL_ADC_SetSamplingTimeCommonChannels
                0x08006b5e       0x3a ./Drivers/STM32G0xx_HAL_Driver/Src/stm32g0xx_hal_adc.o
 .text.LL_ADC_GetSamplingTimeCommonChannels
                0x08006b98       0x2e ./Drivers/STM32G0xx_HAL_Driver/Src/stm32g0xx_hal_adc.o
 .text.LL_ADC_REG_IsTriggerSourceSWStart
                0x08006bc6       0x22 ./Drivers/STM32G0xx_HAL_Driver/Src/stm32g0xx_hal_adc.o
 .text.LL_ADC_REG_SetSequencerRanks
                0x08006be8       0x40 ./Drivers/STM32G0xx_HAL_Driver/Src/stm32g0xx_hal_adc.o
 .text.LL_ADC_REG_SetSequencerChAdd
                0x08006c28       0x22 ./Drivers/STM32G0xx_HAL_Driver/Src/stm32g0xx_hal_adc.o
 .text.LL_ADC_REG_SetSequencerChRem
                0x08006c4a       0x24 ./Drivers/STM32G0xx_HAL_Driver/Src/stm32g0xx_hal_adc.o
 *fill*         0x08006c6e        0x2 
 .text.LL_ADC_SetChannelSamplingTime
                0x08006c70       0x38 ./Drivers/STM32G0xx_HAL_Driver/Src/stm32g0xx_hal_adc.o
 .text.LL_ADC_EnableInternalRegulator
                0x08006ca8       0x28 ./Drivers/STM32G0xx_HAL_Driver/Src/stm32g0xx_hal_adc.o
 .text.LL_ADC_IsInternalRegulatorEnabled
                0x08006cd0       0x28 ./Drivers/STM32G0xx_HAL_Driver/Src/stm32g0xx_hal_adc.o
 .text.LL_ADC_Enable
                0x08006cf8       0x24 ./Drivers/STM32G0xx_HAL_Driver/Src/stm32g0xx_hal_adc.o
 .text.LL_ADC_Disable
                0x08006d1c       0x24 ./Drivers/STM32G0xx_HAL_Driver/Src/stm32g0xx_hal_adc.o
 .text.LL_ADC_IsEnabled
                0x08006d40       0x22 ./Drivers/STM32G0xx_HAL_Driver/Src/stm32g0xx_hal_adc.o
 .text.LL_ADC_IsDisableOngoing
                0x08006d62       0x22 ./Drivers/STM32G0xx_HAL_Driver/Src/stm32g0xx_hal_adc.o
 .text.LL_ADC_REG_StartConversion
                0x08006d84       0x24 ./Drivers/STM32G0xx_HAL_Driver/Src/stm32g0xx_hal_adc.o
 .text.LL_ADC_REG_StopConversion
                0x08006da8       0x24 ./Drivers/STM32G0xx_HAL_Driver/Src/stm32g0xx_hal_adc.o
 .text.LL_ADC_REG_IsConversionOngoing
                0x08006dcc       0x22 ./Drivers/STM32G0xx_HAL_Driver/Src/stm32g0xx_hal_adc.o
 *fill*         0x08006dee        0x2 
 .text.HAL_ADC_Init
                0x08006df0      0x3b0 ./Drivers/STM32G0xx_HAL_Driver/Src/stm32g0xx_hal_adc.o
                0x08006df0                HAL_ADC_Init
 .text.HAL_ADC_RegisterCallback
                0x080071a0      0x118 ./Drivers/STM32G0xx_HAL_Driver/Src/stm32g0xx_hal_adc.o
                0x080071a0                HAL_ADC_RegisterCallback
 .text.HAL_ADC_Start_DMA
                0x080072b8      0x11c ./Drivers/STM32G0xx_HAL_Driver/Src/stm32g0xx_hal_adc.o
                0x080072b8                HAL_ADC_Start_DMA
 .text.HAL_ADC_Stop_DMA
                0x080073d4       0xe4 ./Drivers/STM32G0xx_HAL_Driver/Src/stm32g0xx_hal_adc.o
                0x080073d4                HAL_ADC_Stop_DMA
 .text.HAL_ADC_ConvCpltCallback
                0x080074b8       0x10 ./Drivers/STM32G0xx_HAL_Driver/Src/stm32g0xx_hal_adc.o
                0x080074b8                HAL_ADC_ConvCpltCallback
 .text.HAL_ADC_ConvHalfCpltCallback
                0x080074c8       0x10 ./Drivers/STM32G0xx_HAL_Driver/Src/stm32g0xx_hal_adc.o
                0x080074c8                HAL_ADC_ConvHalfCpltCallback
 .text.HAL_ADC_LevelOutOfWindowCallback
                0x080074d8       0x10 ./Drivers/STM32G0xx_HAL_Driver/Src/stm32g0xx_hal_adc.o
                0x080074d8                HAL_ADC_LevelOutOfWindowCallback
 .text.HAL_ADC_ErrorCallback
                0x080074e8       0x10 ./Drivers/STM32G0xx_HAL_Driver/Src/stm32g0xx_hal_adc.o
                0x080074e8                HAL_ADC_ErrorCallback
 .text.HAL_ADC_ConfigChannel
                0x080074f8      0x3b0 ./Drivers/STM32G0xx_HAL_Driver/Src/stm32g0xx_hal_adc.o
                0x080074f8                HAL_ADC_ConfigChannel
 .text.ADC_ConversionStop
                0x080078a8       0x84 ./Drivers/STM32G0xx_HAL_Driver/Src/stm32g0xx_hal_adc.o
                0x080078a8                ADC_ConversionStop
 .text.ADC_Enable
                0x0800792c      0x10c ./Drivers/STM32G0xx_HAL_Driver/Src/stm32g0xx_hal_adc.o
                0x0800792c                ADC_Enable
 .text.ADC_Disable
                0x08007a38       0xbc ./Drivers/STM32G0xx_HAL_Driver/Src/stm32g0xx_hal_adc.o
                0x08007a38                ADC_Disable
 .text.ADC_DMAConvCplt
                0x08007af4       0xcc ./Drivers/STM32G0xx_HAL_Driver/Src/stm32g0xx_hal_adc.o
 .text.ADC_DMAHalfConvCplt
                0x08007bc0       0x20 ./Drivers/STM32G0xx_HAL_Driver/Src/stm32g0xx_hal_adc.o
 .text.ADC_DMAError
                0x08007be0       0x38 ./Drivers/STM32G0xx_HAL_Driver/Src/stm32g0xx_hal_adc.o
 .text.LL_ADC_GetCommonClock
                0x08007c18       0x1a ./Drivers/STM32G0xx_HAL_Driver/Src/stm32g0xx_hal_adc_ex.o
 .text.LL_ADC_GetClock
                0x08007c32       0x18 ./Drivers/STM32G0xx_HAL_Driver/Src/stm32g0xx_hal_adc_ex.o
 .text.LL_ADC_SetCalibrationFactor
                0x08007c4a       0x28 ./Drivers/STM32G0xx_HAL_Driver/Src/stm32g0xx_hal_adc_ex.o
 .text.LL_ADC_GetCalibrationFactor
                0x08007c72       0x1a ./Drivers/STM32G0xx_HAL_Driver/Src/stm32g0xx_hal_adc_ex.o
 .text.LL_ADC_Enable
                0x08007c8c       0x24 ./Drivers/STM32G0xx_HAL_Driver/Src/stm32g0xx_hal_adc_ex.o
 .text.LL_ADC_Disable
                0x08007cb0       0x24 ./Drivers/STM32G0xx_HAL_Driver/Src/stm32g0xx_hal_adc_ex.o
 .text.LL_ADC_IsEnabled
                0x08007cd4       0x22 ./Drivers/STM32G0xx_HAL_Driver/Src/stm32g0xx_hal_adc_ex.o
 *fill*         0x08007cf6        0x2 
 .text.LL_ADC_StartCalibration
                0x08007cf8       0x28 ./Drivers/STM32G0xx_HAL_Driver/Src/stm32g0xx_hal_adc_ex.o
 .text.LL_ADC_IsCalibrationOnGoing
                0x08007d20       0x26 ./Drivers/STM32G0xx_HAL_Driver/Src/stm32g0xx_hal_adc_ex.o
 *fill*         0x08007d46        0x2 
 .text.HAL_ADCEx_Calibration_Start
                0x08007d48      0x1f8 ./Drivers/STM32G0xx_HAL_Driver/Src/stm32g0xx_hal_adc_ex.o
                0x08007d48                HAL_ADCEx_Calibration_Start
 .text.HAL_ADCEx_LevelOutOfWindow2Callback
                0x08007f40       0x10 ./Drivers/STM32G0xx_HAL_Driver/Src/stm32g0xx_hal_adc_ex.o
                0x08007f40                HAL_ADCEx_LevelOutOfWindow2Callback
 .text.HAL_ADCEx_LevelOutOfWindow3Callback
                0x08007f50       0x10 ./Drivers/STM32G0xx_HAL_Driver/Src/stm32g0xx_hal_adc_ex.o
                0x08007f50                HAL_ADCEx_LevelOutOfWindow3Callback
 .text.HAL_ADCEx_EndOfSamplingCallback
                0x08007f60       0x10 ./Drivers/STM32G0xx_HAL_Driver/Src/stm32g0xx_hal_adc_ex.o
                0x08007f60                HAL_ADCEx_EndOfSamplingCallback
 .text.__NVIC_EnableIRQ
                0x08007f70       0x34 ./Drivers/STM32G0xx_HAL_Driver/Src/stm32g0xx_hal_cortex.o
 .text.__NVIC_DisableIRQ
                0x08007fa4       0x44 ./Drivers/STM32G0xx_HAL_Driver/Src/stm32g0xx_hal_cortex.o
 .text.__NVIC_SetPriority
                0x08007fe8       0xdc ./Drivers/STM32G0xx_HAL_Driver/Src/stm32g0xx_hal_cortex.o
 .text.SysTick_Config
                0x080080c4       0x48 ./Drivers/STM32G0xx_HAL_Driver/Src/stm32g0xx_hal_cortex.o
 .text.HAL_NVIC_SetPriority
                0x0800810c       0x2a ./Drivers/STM32G0xx_HAL_Driver/Src/stm32g0xx_hal_cortex.o
                0x0800810c                HAL_NVIC_SetPriority
 .text.HAL_NVIC_EnableIRQ
                0x08008136       0x20 ./Drivers/STM32G0xx_HAL_Driver/Src/stm32g0xx_hal_cortex.o
                0x08008136                HAL_NVIC_EnableIRQ
 .text.HAL_NVIC_DisableIRQ
                0x08008156       0x20 ./Drivers/STM32G0xx_HAL_Driver/Src/stm32g0xx_hal_cortex.o
                0x08008156                HAL_NVIC_DisableIRQ
 .text.HAL_SYSTICK_Config
                0x08008176       0x1a ./Drivers/STM32G0xx_HAL_Driver/Src/stm32g0xx_hal_cortex.o
                0x08008176                HAL_SYSTICK_Config
 .text.HAL_DMA_Init
                0x08008190      0x114 ./Drivers/STM32G0xx_HAL_Driver/Src/stm32g0xx_hal_dma.o
                0x08008190                HAL_DMA_Init
 .text.HAL_DMA_Start_IT
                0x080082a4      0x10c ./Drivers/STM32G0xx_HAL_Driver/Src/stm32g0xx_hal_dma.o
                0x080082a4                HAL_DMA_Start_IT
 .text.HAL_DMA_Abort
                0x080083b0       0xc4 ./Drivers/STM32G0xx_HAL_Driver/Src/stm32g0xx_hal_dma.o
                0x080083b0                HAL_DMA_Abort
 .text.HAL_DMA_Abort_IT
                0x08008474       0xd4 ./Drivers/STM32G0xx_HAL_Driver/Src/stm32g0xx_hal_dma.o
                0x08008474                HAL_DMA_Abort_IT
 .text.HAL_DMA_IRQHandler
                0x08008548      0x164 ./Drivers/STM32G0xx_HAL_Driver/Src/stm32g0xx_hal_dma.o
                0x08008548                HAL_DMA_IRQHandler
 .text.DMA_SetConfig
                0x080086ac       0x80 ./Drivers/STM32G0xx_HAL_Driver/Src/stm32g0xx_hal_dma.o
 .text.DMA_CalcDMAMUXChannelBaseAndMask
                0x0800872c       0x58 ./Drivers/STM32G0xx_HAL_Driver/Src/stm32g0xx_hal_dma.o
 .text.DMA_CalcDMAMUXRequestGenBaseAndMask
                0x08008784       0x48 ./Drivers/STM32G0xx_HAL_Driver/Src/stm32g0xx_hal_dma.o
 .text.HAL_FLASH_Program
                0x080087cc       0x9c ./Drivers/STM32G0xx_HAL_Driver/Src/stm32g0xx_hal_flash.o
                0x080087cc                HAL_FLASH_Program
 .text.HAL_FLASH_Unlock
                0x08008868       0x48 ./Drivers/STM32G0xx_HAL_Driver/Src/stm32g0xx_hal_flash.o
                0x08008868                HAL_FLASH_Unlock
 .text.HAL_FLASH_Lock
                0x080088b0       0x44 ./Drivers/STM32G0xx_HAL_Driver/Src/stm32g0xx_hal_flash.o
                0x080088b0                HAL_FLASH_Lock
 .text.FLASH_WaitForLastOperation
                0x080088f4       0x9c ./Drivers/STM32G0xx_HAL_Driver/Src/stm32g0xx_hal_flash.o
                0x080088f4                FLASH_WaitForLastOperation
 .text.FLASH_Program_DoubleWord
                0x08008990       0x40 ./Drivers/STM32G0xx_HAL_Driver/Src/stm32g0xx_hal_flash.o
 .text.HAL_FLASHEx_Erase
                0x080089d0       0xe8 ./Drivers/STM32G0xx_HAL_Driver/Src/stm32g0xx_hal_flash_ex.o
                0x080089d0                HAL_FLASHEx_Erase
 .text.FLASH_MassErase
                0x08008ab8       0x28 ./Drivers/STM32G0xx_HAL_Driver/Src/stm32g0xx_hal_flash_ex.o
 .text.FLASH_PageErase
                0x08008ae0       0x38 ./Drivers/STM32G0xx_HAL_Driver/Src/stm32g0xx_hal_flash_ex.o
                0x08008ae0                FLASH_PageErase
 .text.HAL_GPIO_Init
                0x08008b18      0x2c8 ./Drivers/STM32G0xx_HAL_Driver/Src/stm32g0xx_hal_gpio.o
                0x08008b18                HAL_GPIO_Init
 .text.HAL_GPIO_ReadPin
                0x08008de0       0x3a ./Drivers/STM32G0xx_HAL_Driver/Src/stm32g0xx_hal_gpio.o
                0x08008de0                HAL_GPIO_ReadPin
 .text.HAL_GPIO_WritePin
                0x08008e1a       0x3a ./Drivers/STM32G0xx_HAL_Driver/Src/stm32g0xx_hal_gpio.o
                0x08008e1a                HAL_GPIO_WritePin
 .text.HAL_GPIO_EXTI_IRQHandler
                0x08008e54       0x54 ./Drivers/STM32G0xx_HAL_Driver/Src/stm32g0xx_hal_gpio.o
                0x08008e54                HAL_GPIO_EXTI_IRQHandler
 .text.HAL_LPTIM_Init
                0x08008ea8      0x160 ./Drivers/STM32G0xx_HAL_Driver/Src/stm32g0xx_hal_lptim.o
                0x08008ea8                HAL_LPTIM_Init
 .text.HAL_LPTIM_SetOnce_Start_IT
                0x08009008      0x128 ./Drivers/STM32G0xx_HAL_Driver/Src/stm32g0xx_hal_lptim.o
                0x08009008                HAL_LPTIM_SetOnce_Start_IT
 .text.HAL_LPTIM_IRQHandler
                0x08009130      0x152 ./Drivers/STM32G0xx_HAL_Driver/Src/stm32g0xx_hal_lptim.o
                0x08009130                HAL_LPTIM_IRQHandler
 .text.HAL_LPTIM_CompareMatchCallback
                0x08009282       0x10 ./Drivers/STM32G0xx_HAL_Driver/Src/stm32g0xx_hal_lptim.o
                0x08009282                HAL_LPTIM_CompareMatchCallback
 .text.HAL_LPTIM_AutoReloadMatchCallback
                0x08009292       0x10 ./Drivers/STM32G0xx_HAL_Driver/Src/stm32g0xx_hal_lptim.o
                0x08009292                HAL_LPTIM_AutoReloadMatchCallback
 .text.HAL_LPTIM_TriggerCallback
                0x080092a2       0x10 ./Drivers/STM32G0xx_HAL_Driver/Src/stm32g0xx_hal_lptim.o
                0x080092a2                HAL_LPTIM_TriggerCallback
 .text.HAL_LPTIM_CompareWriteCallback
                0x080092b2       0x10 ./Drivers/STM32G0xx_HAL_Driver/Src/stm32g0xx_hal_lptim.o
                0x080092b2                HAL_LPTIM_CompareWriteCallback
 .text.HAL_LPTIM_AutoReloadWriteCallback
                0x080092c2       0x10 ./Drivers/STM32G0xx_HAL_Driver/Src/stm32g0xx_hal_lptim.o
                0x080092c2                HAL_LPTIM_AutoReloadWriteCallback
 .text.HAL_LPTIM_DirectionUpCallback
                0x080092d2       0x10 ./Drivers/STM32G0xx_HAL_Driver/Src/stm32g0xx_hal_lptim.o
                0x080092d2                HAL_LPTIM_DirectionUpCallback
 .text.HAL_LPTIM_DirectionDownCallback
                0x080092e2       0x10 ./Drivers/STM32G0xx_HAL_Driver/Src/stm32g0xx_hal_lptim.o
                0x080092e2                HAL_LPTIM_DirectionDownCallback
 *fill*         0x080092f2        0x2 
 .text.HAL_LPTIM_RegisterCallback
                0x080092f4       0xe8 ./Drivers/STM32G0xx_HAL_Driver/Src/stm32g0xx_hal_lptim.o
                0x080092f4                HAL_LPTIM_RegisterCallback
 .text.HAL_LPTIM_GetState
                0x080093dc       0x18 ./Drivers/STM32G0xx_HAL_Driver/Src/stm32g0xx_hal_lptim.o
                0x080093dc                HAL_LPTIM_GetState
 .text.LPTIM_ResetCallback
                0x080093f4       0x58 ./Drivers/STM32G0xx_HAL_Driver/Src/stm32g0xx_hal_lptim.o
 .text.LPTIM_WaitForFlag
                0x0800944c       0x70 ./Drivers/STM32G0xx_HAL_Driver/Src/stm32g0xx_hal_lptim.o
 .text.LPTIM_Disable
                0x080094bc      0x208 ./Drivers/STM32G0xx_HAL_Driver/Src/stm32g0xx_hal_lptim.o
                0x080094bc                LPTIM_Disable
 .text.HAL_PWREx_ControlVoltageScaling
                0x080096c4       0x80 ./Drivers/STM32G0xx_HAL_Driver/Src/stm32g0xx_hal_pwr_ex.o
                0x080096c4                HAL_PWREx_ControlVoltageScaling
 .text.LL_RCC_GetAPB1Prescaler
                0x08009744       0x18 ./Drivers/STM32G0xx_HAL_Driver/Src/stm32g0xx_hal_rcc.o
 .text.HAL_RCC_OscConfig
                0x0800975c      0x634 ./Drivers/STM32G0xx_HAL_Driver/Src/stm32g0xx_hal_rcc.o
                0x0800975c                HAL_RCC_OscConfig
 .text.HAL_RCC_ClockConfig
                0x08009d90      0x210 ./Drivers/STM32G0xx_HAL_Driver/Src/stm32g0xx_hal_rcc.o
                0x08009d90                HAL_RCC_ClockConfig
 .text.HAL_RCC_GetSysClockFreq
                0x08009fa0      0x104 ./Drivers/STM32G0xx_HAL_Driver/Src/stm32g0xx_hal_rcc.o
                0x08009fa0                HAL_RCC_GetSysClockFreq
 .text.HAL_RCC_GetHCLKFreq
                0x0800a0a4       0x14 ./Drivers/STM32G0xx_HAL_Driver/Src/stm32g0xx_hal_rcc.o
                0x0800a0a4                HAL_RCC_GetHCLKFreq
 .text.HAL_RCC_GetPCLK1Freq
                0x0800a0b8       0x2c ./Drivers/STM32G0xx_HAL_Driver/Src/stm32g0xx_hal_rcc.o
                0x0800a0b8                HAL_RCC_GetPCLK1Freq
 .text.HAL_RCCEx_PeriphCLKConfig
                0x0800a0e4      0x2f4 ./Drivers/STM32G0xx_HAL_Driver/Src/stm32g0xx_hal_rcc_ex.o
                0x0800a0e4                HAL_RCCEx_PeriphCLKConfig
 .text.HAL_TIM_Base_Init
                0x0800a3d8       0xcc ./Drivers/STM32G0xx_HAL_Driver/Src/stm32g0xx_hal_tim.o
                0x0800a3d8                HAL_TIM_Base_Init
 .text.HAL_TIM_Base_Start
                0x0800a4a4       0x98 ./Drivers/STM32G0xx_HAL_Driver/Src/stm32g0xx_hal_tim.o
                0x0800a4a4                HAL_TIM_Base_Start
 .text.HAL_TIM_Base_Start_IT
                0x0800a53c       0xa8 ./Drivers/STM32G0xx_HAL_Driver/Src/stm32g0xx_hal_tim.o
                0x0800a53c                HAL_TIM_Base_Start_IT
 .text.HAL_TIM_OC_Init
                0x0800a5e4       0xcc ./Drivers/STM32G0xx_HAL_Driver/Src/stm32g0xx_hal_tim.o
                0x0800a5e4                HAL_TIM_OC_Init
 .text.HAL_TIM_OC_MspInit
                0x0800a6b0       0x10 ./Drivers/STM32G0xx_HAL_Driver/Src/stm32g0xx_hal_tim.o
                0x0800a6b0                HAL_TIM_OC_MspInit
 .text.HAL_TIM_OC_Start_IT
                0x0800a6c0      0x248 ./Drivers/STM32G0xx_HAL_Driver/Src/stm32g0xx_hal_tim.o
                0x0800a6c0                HAL_TIM_OC_Start_IT
 .text.HAL_TIM_OC_Stop_IT
                0x0800a908      0x19c ./Drivers/STM32G0xx_HAL_Driver/Src/stm32g0xx_hal_tim.o
                0x0800a908                HAL_TIM_OC_Stop_IT
 .text.HAL_TIM_PWM_Init
                0x0800aaa4       0xcc ./Drivers/STM32G0xx_HAL_Driver/Src/stm32g0xx_hal_tim.o
                0x0800aaa4                HAL_TIM_PWM_Init
 .text.HAL_TIM_PWM_MspInit
                0x0800ab70       0x10 ./Drivers/STM32G0xx_HAL_Driver/Src/stm32g0xx_hal_tim.o
                0x0800ab70                HAL_TIM_PWM_MspInit
 .text.HAL_TIM_PWM_Start
                0x0800ab80      0x1bc ./Drivers/STM32G0xx_HAL_Driver/Src/stm32g0xx_hal_tim.o
                0x0800ab80                HAL_TIM_PWM_Start
 .text.HAL_TIM_IC_Init
                0x0800ad3c       0xcc ./Drivers/STM32G0xx_HAL_Driver/Src/stm32g0xx_hal_tim.o
                0x0800ad3c                HAL_TIM_IC_Init
 .text.HAL_TIM_IC_MspInit
                0x0800ae08       0x10 ./Drivers/STM32G0xx_HAL_Driver/Src/stm32g0xx_hal_tim.o
                0x0800ae08                HAL_TIM_IC_MspInit
 .text.HAL_TIM_IC_Start_IT
                0x0800ae18      0x260 ./Drivers/STM32G0xx_HAL_Driver/Src/stm32g0xx_hal_tim.o
                0x0800ae18                HAL_TIM_IC_Start_IT
 .text.HAL_TIM_IRQHandler
                0x0800b078      0x254 ./Drivers/STM32G0xx_HAL_Driver/Src/stm32g0xx_hal_tim.o
                0x0800b078                HAL_TIM_IRQHandler
 .text.HAL_TIM_OC_ConfigChannel
                0x0800b2cc       0xc0 ./Drivers/STM32G0xx_HAL_Driver/Src/stm32g0xx_hal_tim.o
                0x0800b2cc                HAL_TIM_OC_ConfigChannel
 .text.HAL_TIM_IC_ConfigChannel
                0x0800b38c      0x148 ./Drivers/STM32G0xx_HAL_Driver/Src/stm32g0xx_hal_tim.o
                0x0800b38c                HAL_TIM_IC_ConfigChannel
 .text.HAL_TIM_PWM_ConfigChannel
                0x0800b4d4      0x200 ./Drivers/STM32G0xx_HAL_Driver/Src/stm32g0xx_hal_tim.o
                0x0800b4d4                HAL_TIM_PWM_ConfigChannel
 .text.HAL_TIM_ConfigClockSource
                0x0800b6d4      0x1ac ./Drivers/STM32G0xx_HAL_Driver/Src/stm32g0xx_hal_tim.o
                0x0800b6d4                HAL_TIM_ConfigClockSource
 .text.HAL_TIM_ReadCapturedValue
                0x0800b880       0x68 ./Drivers/STM32G0xx_HAL_Driver/Src/stm32g0xx_hal_tim.o
                0x0800b880                HAL_TIM_ReadCapturedValue
 .text.HAL_TIM_PeriodElapsedCallback
                0x0800b8e8       0x10 ./Drivers/STM32G0xx_HAL_Driver/Src/stm32g0xx_hal_tim.o
                0x0800b8e8                HAL_TIM_PeriodElapsedCallback
 .text.HAL_TIM_PeriodElapsedHalfCpltCallback
                0x0800b8f8       0x10 ./Drivers/STM32G0xx_HAL_Driver/Src/stm32g0xx_hal_tim.o
                0x0800b8f8                HAL_TIM_PeriodElapsedHalfCpltCallback
 .text.HAL_TIM_OC_DelayElapsedCallback
                0x0800b908       0x10 ./Drivers/STM32G0xx_HAL_Driver/Src/stm32g0xx_hal_tim.o
                0x0800b908                HAL_TIM_OC_DelayElapsedCallback
 .text.HAL_TIM_IC_CaptureCallback
                0x0800b918       0x10 ./Drivers/STM32G0xx_HAL_Driver/Src/stm32g0xx_hal_tim.o
                0x0800b918                HAL_TIM_IC_CaptureCallback
 .text.HAL_TIM_IC_CaptureHalfCpltCallback
                0x0800b928       0x10 ./Drivers/STM32G0xx_HAL_Driver/Src/stm32g0xx_hal_tim.o
                0x0800b928                HAL_TIM_IC_CaptureHalfCpltCallback
 .text.HAL_TIM_PWM_PulseFinishedCallback
                0x0800b938       0x10 ./Drivers/STM32G0xx_HAL_Driver/Src/stm32g0xx_hal_tim.o
                0x0800b938                HAL_TIM_PWM_PulseFinishedCallback
 .text.HAL_TIM_PWM_PulseFinishedHalfCpltCallback
                0x0800b948       0x10 ./Drivers/STM32G0xx_HAL_Driver/Src/stm32g0xx_hal_tim.o
                0x0800b948                HAL_TIM_PWM_PulseFinishedHalfCpltCallback
 .text.HAL_TIM_TriggerCallback
                0x0800b958       0x10 ./Drivers/STM32G0xx_HAL_Driver/Src/stm32g0xx_hal_tim.o
                0x0800b958                HAL_TIM_TriggerCallback
 .text.HAL_TIM_TriggerHalfCpltCallback
                0x0800b968       0x10 ./Drivers/STM32G0xx_HAL_Driver/Src/stm32g0xx_hal_tim.o
                0x0800b968                HAL_TIM_TriggerHalfCpltCallback
 .text.HAL_TIM_ErrorCallback
                0x0800b978       0x10 ./Drivers/STM32G0xx_HAL_Driver/Src/stm32g0xx_hal_tim.o
                0x0800b978                HAL_TIM_ErrorCallback
 .text.HAL_TIM_RegisterCallback
                0x0800b988      0x20c ./Drivers/STM32G0xx_HAL_Driver/Src/stm32g0xx_hal_tim.o
                0x0800b988                HAL_TIM_RegisterCallback
 .text.TIM_Base_SetConfig
                0x0800bb94      0x108 ./Drivers/STM32G0xx_HAL_Driver/Src/stm32g0xx_hal_tim.o
                0x0800bb94                TIM_Base_SetConfig
 .text.TIM_OC1_SetConfig
                0x0800bc9c      0x100 ./Drivers/STM32G0xx_HAL_Driver/Src/stm32g0xx_hal_tim.o
 .text.TIM_OC2_SetConfig
                0x0800bd9c       0xfc ./Drivers/STM32G0xx_HAL_Driver/Src/stm32g0xx_hal_tim.o
                0x0800bd9c                TIM_OC2_SetConfig
 .text.TIM_OC3_SetConfig
                0x0800be98      0x104 ./Drivers/STM32G0xx_HAL_Driver/Src/stm32g0xx_hal_tim.o
 .text.TIM_OC4_SetConfig
                0x0800bf9c       0xc8 ./Drivers/STM32G0xx_HAL_Driver/Src/stm32g0xx_hal_tim.o
 .text.TIM_OC5_SetConfig
                0x0800c064       0xb4 ./Drivers/STM32G0xx_HAL_Driver/Src/stm32g0xx_hal_tim.o
 .text.TIM_OC6_SetConfig
                0x0800c118       0xbc ./Drivers/STM32G0xx_HAL_Driver/Src/stm32g0xx_hal_tim.o
 .text.TIM_TI1_SetConfig
                0x0800c1d4       0xac ./Drivers/STM32G0xx_HAL_Driver/Src/stm32g0xx_hal_tim.o
                0x0800c1d4                TIM_TI1_SetConfig
 .text.TIM_TI1_ConfigInputStage
                0x0800c280       0x5c ./Drivers/STM32G0xx_HAL_Driver/Src/stm32g0xx_hal_tim.o
 .text.TIM_TI2_SetConfig
                0x0800c2dc       0x84 ./Drivers/STM32G0xx_HAL_Driver/Src/stm32g0xx_hal_tim.o
 .text.TIM_TI2_ConfigInputStage
                0x0800c360       0x64 ./Drivers/STM32G0xx_HAL_Driver/Src/stm32g0xx_hal_tim.o
 .text.TIM_TI3_SetConfig
                0x0800c3c4       0x80 ./Drivers/STM32G0xx_HAL_Driver/Src/stm32g0xx_hal_tim.o
 .text.TIM_TI4_SetConfig
                0x0800c444       0x8c ./Drivers/STM32G0xx_HAL_Driver/Src/stm32g0xx_hal_tim.o
 .text.TIM_ITRx_SetConfig
                0x0800c4d0       0x38 ./Drivers/STM32G0xx_HAL_Driver/Src/stm32g0xx_hal_tim.o
 .text.TIM_ETR_SetConfig
                0x0800c508       0x40 ./Drivers/STM32G0xx_HAL_Driver/Src/stm32g0xx_hal_tim.o
                0x0800c508                TIM_ETR_SetConfig
 .text.TIM_CCxChannelCmd
                0x0800c548       0x46 ./Drivers/STM32G0xx_HAL_Driver/Src/stm32g0xx_hal_tim.o
                0x0800c548                TIM_CCxChannelCmd
 *fill*         0x0800c58e        0x2 
 .text.TIM_ResetCallback
                0x0800c590       0xb8 ./Drivers/STM32G0xx_HAL_Driver/Src/stm32g0xx_hal_tim.o
                0x0800c590                TIM_ResetCallback
 .text.HAL_TIMEx_MasterConfigSynchronization
                0x0800c648       0xd0 ./Drivers/STM32G0xx_HAL_Driver/Src/stm32g0xx_hal_tim_ex.o
                0x0800c648                HAL_TIMEx_MasterConfigSynchronization
 .text.HAL_TIMEx_ConfigBreakDeadTime
                0x0800c718      0x138 ./Drivers/STM32G0xx_HAL_Driver/Src/stm32g0xx_hal_tim_ex.o
                0x0800c718                HAL_TIMEx_ConfigBreakDeadTime
 .text.HAL_TIMEx_CommutCallback
                0x0800c850       0x10 ./Drivers/STM32G0xx_HAL_Driver/Src/stm32g0xx_hal_tim_ex.o
                0x0800c850                HAL_TIMEx_CommutCallback
 .text.HAL_TIMEx_CommutHalfCpltCallback
                0x0800c860       0x10 ./Drivers/STM32G0xx_HAL_Driver/Src/stm32g0xx_hal_tim_ex.o
                0x0800c860                HAL_TIMEx_CommutHalfCpltCallback
 .text.HAL_TIMEx_BreakCallback
                0x0800c870       0x10 ./Drivers/STM32G0xx_HAL_Driver/Src/stm32g0xx_hal_tim_ex.o
                0x0800c870                HAL_TIMEx_BreakCallback
 .text.HAL_TIMEx_Break2Callback
                0x0800c880       0x10 ./Drivers/STM32G0xx_HAL_Driver/Src/stm32g0xx_hal_tim_ex.o
                0x0800c880                HAL_TIMEx_Break2Callback
 .text.HAL_UART_Init
                0x0800c890       0xd0 ./Drivers/STM32G0xx_HAL_Driver/Src/stm32g0xx_hal_uart.o
                0x0800c890                HAL_UART_Init
 .text.HAL_UART_RegisterCallback
                0x0800c960      0x160 ./Drivers/STM32G0xx_HAL_Driver/Src/stm32g0xx_hal_uart.o
                0x0800c960                HAL_UART_RegisterCallback
 .text.HAL_UART_Receive_DMA
                0x0800cac0       0xbc ./Drivers/STM32G0xx_HAL_Driver/Src/stm32g0xx_hal_uart.o
                0x0800cac0                HAL_UART_Receive_DMA
 .text.HAL_UART_IRQHandler
                0x0800cb7c      0x668 ./Drivers/STM32G0xx_HAL_Driver/Src/stm32g0xx_hal_uart.o
                0x0800cb7c                HAL_UART_IRQHandler
 .text.HAL_UART_TxCpltCallback
                0x0800d1e4       0x10 ./Drivers/STM32G0xx_HAL_Driver/Src/stm32g0xx_hal_uart.o
                0x0800d1e4                HAL_UART_TxCpltCallback
 .text.HAL_UART_TxHalfCpltCallback
                0x0800d1f4       0x10 ./Drivers/STM32G0xx_HAL_Driver/Src/stm32g0xx_hal_uart.o
                0x0800d1f4                HAL_UART_TxHalfCpltCallback
 .text.HAL_UART_RxCpltCallback
                0x0800d204       0x10 ./Drivers/STM32G0xx_HAL_Driver/Src/stm32g0xx_hal_uart.o
                0x0800d204                HAL_UART_RxCpltCallback
 .text.HAL_UART_RxHalfCpltCallback
                0x0800d214       0x10 ./Drivers/STM32G0xx_HAL_Driver/Src/stm32g0xx_hal_uart.o
                0x0800d214                HAL_UART_RxHalfCpltCallback
 .text.HAL_UART_ErrorCallback
                0x0800d224       0x10 ./Drivers/STM32G0xx_HAL_Driver/Src/stm32g0xx_hal_uart.o
                0x0800d224                HAL_UART_ErrorCallback
 .text.HAL_UART_AbortCpltCallback
                0x0800d234       0x10 ./Drivers/STM32G0xx_HAL_Driver/Src/stm32g0xx_hal_uart.o
                0x0800d234                HAL_UART_AbortCpltCallback
 .text.HAL_UART_AbortTransmitCpltCallback
                0x0800d244       0x10 ./Drivers/STM32G0xx_HAL_Driver/Src/stm32g0xx_hal_uart.o
                0x0800d244                HAL_UART_AbortTransmitCpltCallback
 .text.HAL_UART_AbortReceiveCpltCallback
                0x0800d254       0x10 ./Drivers/STM32G0xx_HAL_Driver/Src/stm32g0xx_hal_uart.o
                0x0800d254                HAL_UART_AbortReceiveCpltCallback
 .text.HAL_UARTEx_RxEventCallback
                0x0800d264       0x16 ./Drivers/STM32G0xx_HAL_Driver/Src/stm32g0xx_hal_uart.o
                0x0800d264                HAL_UARTEx_RxEventCallback
 *fill*         0x0800d27a        0x2 
 .text.UART_InitCallbacksToDefault
                0x0800d27c       0xa0 ./Drivers/STM32G0xx_HAL_Driver/Src/stm32g0xx_hal_uart.o
                0x0800d27c                UART_InitCallbacksToDefault
 .text.UART_SetConfig
                0x0800d31c      0x4f0 ./Drivers/STM32G0xx_HAL_Driver/Src/stm32g0xx_hal_uart.o
                0x0800d31c                UART_SetConfig
 .text.UART_AdvFeatureConfig
                0x0800d80c      0x168 ./Drivers/STM32G0xx_HAL_Driver/Src/stm32g0xx_hal_uart.o
                0x0800d80c                UART_AdvFeatureConfig
 .text.UART_CheckIdleState
                0x0800d974      0x154 ./Drivers/STM32G0xx_HAL_Driver/Src/stm32g0xx_hal_uart.o
                0x0800d974                UART_CheckIdleState
 .text.UART_WaitOnFlagUntilTimeout
                0x0800dac8       0xde ./Drivers/STM32G0xx_HAL_Driver/Src/stm32g0xx_hal_uart.o
                0x0800dac8                UART_WaitOnFlagUntilTimeout
 *fill*         0x0800dba6        0x2 
 .text.UART_Start_Receive_DMA
                0x0800dba8      0x14c ./Drivers/STM32G0xx_HAL_Driver/Src/stm32g0xx_hal_uart.o
                0x0800dba8                UART_Start_Receive_DMA
 .text.UART_EndTxTransfer
                0x0800dcf4       0x80 ./Drivers/STM32G0xx_HAL_Driver/Src/stm32g0xx_hal_uart.o
 .text.UART_EndRxTransfer
                0x0800dd74       0xcc ./Drivers/STM32G0xx_HAL_Driver/Src/stm32g0xx_hal_uart.o
 .text.UART_DMAReceiveCplt
                0x0800de40      0x134 ./Drivers/STM32G0xx_HAL_Driver/Src/stm32g0xx_hal_uart.o
 .text.UART_DMARxHalfCplt
                0x0800df74       0x48 ./Drivers/STM32G0xx_HAL_Driver/Src/stm32g0xx_hal_uart.o
 .text.UART_DMAError
                0x0800dfbc       0x8a ./Drivers/STM32G0xx_HAL_Driver/Src/stm32g0xx_hal_uart.o
 .text.UART_DMAAbortOnError
                0x0800e046       0x32 ./Drivers/STM32G0xx_HAL_Driver/Src/stm32g0xx_hal_uart.o
 .text.UART_EndTransmit_IT
                0x0800e078       0x5c ./Drivers/STM32G0xx_HAL_Driver/Src/stm32g0xx_hal_uart.o
 .text.HAL_UARTEx_WakeupCallback
                0x0800e0d4       0x10 ./Drivers/STM32G0xx_HAL_Driver/Src/stm32g0xx_hal_uart_ex.o
                0x0800e0d4                HAL_UARTEx_WakeupCallback
 .text.HAL_UARTEx_RxFifoFullCallback
                0x0800e0e4       0x10 ./Drivers/STM32G0xx_HAL_Driver/Src/stm32g0xx_hal_uart_ex.o
                0x0800e0e4                HAL_UARTEx_RxFifoFullCallback
 .text.HAL_UARTEx_TxFifoEmptyCallback
                0x0800e0f4       0x10 ./Drivers/STM32G0xx_HAL_Driver/Src/stm32g0xx_hal_uart_ex.o
                0x0800e0f4                HAL_UARTEx_TxFifoEmptyCallback
 .text.memset   0x0800e104       0x10 /Applications/STM32CubeIDE.app/Contents/Eclipse/plugins/com.st.stm32cube.ide.mcu.externaltools.gnu-tools-for-stm32.13.3.rel1.macos64_1.0.0.202411102158/tools/bin/../lib/gcc/arm-none-eabi/13.3.1/../../../../arm-none-eabi/lib/thumb/v6-m/nofp/libc_nano.a(libc_a-memset.o)
                0x0800e104                memset
 .text.__libc_init_array
                0x0800e114       0x48 /Applications/STM32CubeIDE.app/Contents/Eclipse/plugins/com.st.stm32cube.ide.mcu.externaltools.gnu-tools-for-stm32.13.3.rel1.macos64_1.0.0.202411102158/tools/bin/../lib/gcc/arm-none-eabi/13.3.1/../../../../arm-none-eabi/lib/thumb/v6-m/nofp/libc_nano.a(libc_a-init.o)
                0x0800e114                __libc_init_array
 .text.memcpy   0x0800e15c       0x12 /Applications/STM32CubeIDE.app/Contents/Eclipse/plugins/com.st.stm32cube.ide.mcu.externaltools.gnu-tools-for-stm32.13.3.rel1.macos64_1.0.0.202411102158/tools/bin/../lib/gcc/arm-none-eabi/13.3.1/../../../../arm-none-eabi/lib/thumb/v6-m/nofp/libc_nano.a(libc_a-memcpy-stub.o)
                0x0800e15c                memcpy
 *(.glue_7)
 .glue_7        0x0800e16e        0x0 linker stubs
 *(.glue_7t)
 .glue_7t       0x0800e16e        0x0 linker stubs
 *(.eh_frame)
 *fill*         0x0800e16e        0x2 
 .eh_frame      0x0800e170        0x0 /Applications/STM32CubeIDE.app/Contents/Eclipse/plugins/com.st.stm32cube.ide.mcu.externaltools.gnu-tools-for-stm32.13.3.rel1.macos64_1.0.0.202411102158/tools/bin/../lib/gcc/arm-none-eabi/13.3.1/thumb/v6-m/nofp/crtbegin.o
 *(.init)
 .init          0x0800e170        0x4 /Applications/STM32CubeIDE.app/Contents/Eclipse/plugins/com.st.stm32cube.ide.mcu.externaltools.gnu-tools-for-stm32.13.3.rel1.macos64_1.0.0.202411102158/tools/bin/../lib/gcc/arm-none-eabi/13.3.1/thumb/v6-m/nofp/crti.o
                0x0800e170                _init
 .init          0x0800e174        0x8 /Applications/STM32CubeIDE.app/Contents/Eclipse/plugins/com.st.stm32cube.ide.mcu.externaltools.gnu-tools-for-stm32.13.3.rel1.macos64_1.0.0.202411102158/tools/bin/../lib/gcc/arm-none-eabi/13.3.1/thumb/v6-m/nofp/crtn.o
 *(.fini)
 .fini          0x0800e17c        0x4 /Applications/STM32CubeIDE.app/Contents/Eclipse/plugins/com.st.stm32cube.ide.mcu.externaltools.gnu-tools-for-stm32.13.3.rel1.macos64_1.0.0.202411102158/tools/bin/../lib/gcc/arm-none-eabi/13.3.1/thumb/v6-m/nofp/crti.o
                0x0800e17c                _fini
 .fini          0x0800e180        0x8 /Applications/STM32CubeIDE.app/Contents/Eclipse/plugins/com.st.stm32cube.ide.mcu.externaltools.gnu-tools-for-stm32.13.3.rel1.macos64_1.0.0.202411102158/tools/bin/../lib/gcc/arm-none-eabi/13.3.1/thumb/v6-m/nofp/crtn.o
 .fini.__stub   0x0800e188       0x10 linker stubs
                0x0800e198                        . = ALIGN (0x4)
                0x0800e198                        _etext = .

.vfp11_veneer   0x0800e198        0x0
 .vfp11_veneer  0x0800e198        0x0 linker stubs

.v4_bx          0x0800e198        0x0
 .v4_bx         0x0800e198        0x0 linker stubs

.iplt           0x0800e198        0x0
 .iplt          0x0800e198        0x0 /Applications/STM32CubeIDE.app/Contents/Eclipse/plugins/com.st.stm32cube.ide.mcu.externaltools.gnu-tools-for-stm32.13.3.rel1.macos64_1.0.0.202411102158/tools/bin/../lib/gcc/arm-none-eabi/13.3.1/thumb/v6-m/nofp/crtbegin.o

.rodata         0x0800e198      0xa80
                0x0800e198                        . = ALIGN (0x4)
 *(.rodata)
 .rodata        0x0800e198       0x10 ./Core/Src/CC_and_PC.o
 *(.rodata*)
 .rodata.factory_preset_0
                0x0800e1a8        0x5 ./Core/Src/CC_and_PC.o
                0x0800e1a8                factory_preset_0
 *fill*         0x0800e1ad        0x3 
 .rodata.factory_preset_1
                0x0800e1b0        0x5 ./Core/Src/CC_and_PC.o
                0x0800e1b0                factory_preset_1
 *fill*         0x0800e1b5        0x3 
 .rodata.factory_preset_2
                0x0800e1b8        0x5 ./Core/Src/CC_and_PC.o
                0x0800e1b8                factory_preset_2
 *fill*         0x0800e1bd        0x3 
 .rodata.factory_preset_3
                0x0800e1c0        0x5 ./Core/Src/CC_and_PC.o
                0x0800e1c0                factory_preset_3
 *fill*         0x0800e1c5        0x3 
 .rodata.sine_wavetable
                0x0800e1c8      0x400 ./Core/Src/oscillator.o
                0x0800e1c8                sine_wavetable
 .rodata.tri_wavetable
                0x0800e5c8      0x400 ./Core/Src/oscillator.o
                0x0800e5c8                tri_wavetable
 .rodata.num_ADC_conversions
                0x0800e9c8        0x1 ./Core/Src/oscillator.o
                0x0800e9c8                num_ADC_conversions
 *fill*         0x0800e9c9        0x3 
 .rodata.AHBPrescTable
                0x0800e9cc       0x40 ./Core/Src/system_stm32g0xx.o
                0x0800e9cc                AHBPrescTable
 .rodata.APBPrescTable
                0x0800ea0c       0x20 ./Core/Src/system_stm32g0xx.o
                0x0800ea0c                APBPrescTable
 .rodata.HAL_ADC_RegisterCallback
                0x0800ea2c       0x2c ./Drivers/STM32G0xx_HAL_Driver/Src/stm32g0xx_hal_adc.o
 .rodata.HAL_LPTIM_RegisterCallback
                0x0800ea58       0x24 ./Drivers/STM32G0xx_HAL_Driver/Src/stm32g0xx_hal_lptim.o
 .rodata.HAL_TIM_OC_ConfigChannel
                0x0800ea7c       0x54 ./Drivers/STM32G0xx_HAL_Driver/Src/stm32g0xx_hal_tim.o
 .rodata.HAL_TIM_PWM_ConfigChannel
                0x0800ead0       0x54 ./Drivers/STM32G0xx_HAL_Driver/Src/stm32g0xx_hal_tim.o
 .rodata.HAL_TIM_RegisterCallback
                0x0800eb24       0xa8 ./Drivers/STM32G0xx_HAL_Driver/Src/stm32g0xx_hal_tim.o
 .rodata.UARTPrescTable
                0x0800ebcc       0x18 ./Drivers/STM32G0xx_HAL_Driver/Src/stm32g0xx_hal_uart.o
                0x0800ebcc                UARTPrescTable
 .rodata.HAL_UART_RegisterCallback
                0x0800ebe4       0x34 ./Drivers/STM32G0xx_HAL_Driver/Src/stm32g0xx_hal_uart.o
                0x0800ec18                        . = ALIGN (0x4)

.ARM.extab      0x0800ec18        0x0
                0x0800ec18                        . = ALIGN (0x4)
 *(.ARM.extab* .gnu.linkonce.armextab.*)
                0x0800ec18                        . = ALIGN (0x4)

.ARM            0x0800ec18        0x8
                0x0800ec18                        . = ALIGN (0x4)
                0x0800ec18                        __exidx_start = .
 *(.ARM.exidx*)
 .ARM.exidx     0x0800ec18        0x8 /Applications/STM32CubeIDE.app/Contents/Eclipse/plugins/com.st.stm32cube.ide.mcu.externaltools.gnu-tools-for-stm32.13.3.rel1.macos64_1.0.0.202411102158/tools/bin/../lib/gcc/arm-none-eabi/13.3.1/thumb/v6-m/nofp/libgcc.a(_udivmoddi4.o)
                0x0800ec20                        __exidx_end = .
                0x0800ec20                        . = ALIGN (0x4)

.preinit_array  0x0800ec20        0x0
                0x0800ec20                        . = ALIGN (0x4)
                0x0800ec20                        PROVIDE (__preinit_array_start = .)
 *(.preinit_array*)
                0x0800ec20                        PROVIDE (__preinit_array_end = .)
                0x0800ec20                        . = ALIGN (0x4)

.init_array     0x0800ec20        0x4
                0x0800ec20                        . = ALIGN (0x4)
                0x0800ec20                        PROVIDE (__init_array_start = .)
 *(SORT_BY_NAME(.init_array.*))
 *(.init_array*)
 .init_array    0x0800ec20        0x4 /Applications/STM32CubeIDE.app/Contents/Eclipse/plugins/com.st.stm32cube.ide.mcu.externaltools.gnu-tools-for-stm32.13.3.rel1.macos64_1.0.0.202411102158/tools/bin/../lib/gcc/arm-none-eabi/13.3.1/thumb/v6-m/nofp/crtbegin.o
                0x0800ec24                        PROVIDE (__init_array_end = .)
                0x0800ec24                        . = ALIGN (0x4)

.fini_array     0x0800ec24        0x4
                0x0800ec24                        . = ALIGN (0x4)
                [!provide]                        PROVIDE (__fini_array_start = .)
 *(SORT_BY_NAME(.fini_array.*))
 *(.fini_array*)
 .fini_array    0x0800ec24        0x4 /Applications/STM32CubeIDE.app/Contents/Eclipse/plugins/com.st.stm32cube.ide.mcu.externaltools.gnu-tools-for-stm32.13.3.rel1.macos64_1.0.0.202411102158/tools/bin/../lib/gcc/arm-none-eabi/13.3.1/thumb/v6-m/nofp/crtbegin.o
                [!provide]                        PROVIDE (__fini_array_end = .)
                0x0800ec28                        . = ALIGN (0x4)
                0x0800ec28                        _sidata = LOADADDR (.data)

.rel.dyn        0x0800ec28        0x0
 .rel.iplt      0x0800ec28        0x0 /Applications/STM32CubeIDE.app/Contents/Eclipse/plugins/com.st.stm32cube.ide.mcu.externaltools.gnu-tools-for-stm32.13.3.rel1.macos64_1.0.0.202411102158/tools/bin/../lib/gcc/arm-none-eabi/13.3.1/thumb/v6-m/nofp/crtbegin.o

.data           0x20000000      0x4e0 load address 0x0800ec28
                0x20000000                        . = ALIGN (0x4)
                0x20000000                        _sdata = .
 *(.data)
 *(.data*)
 .data.user_preset_0
                0x20000000        0x5 ./Core/Src/CC_and_PC.o
                0x20000000                user_preset_0
 *fill*         0x20000005        0x3 
 .data.user_preset_1
                0x20000008        0x5 ./Core/Src/CC_and_PC.o
                0x20000008                user_preset_1
 *fill*         0x2000000d        0x3 
 .data.user_preset_2
                0x20000010        0x5 ./Core/Src/CC_and_PC.o
                0x20000010                user_preset_2
 *fill*         0x20000015        0x3 
 .data.user_preset_3
                0x20000018        0x5 ./Core/Src/CC_and_PC.o
                0x20000018                user_preset_3
 *fill*         0x2000001d        0x3 
 .data.led_blink_period
                0x20000020        0x4 ./Core/Src/LED.o
                0x20000020                led_blink_period
 .data.tap_tempo_switch_state_counter.1
                0x20000024        0x1 ./Core/Src/checking_functions.o
 .data.preset.4
                0x20000025        0x1 ./Core/Src/custom_callbacks.o
 *fill*         0x20000026        0x2 
 .data.delay_line
                0x20000028      0x406 ./Core/Src/oscillator.o
                0x20000028                delay_line
 *fill*         0x2000042e        0x2 
 .data.speed_fsm
                0x20000430        0x2 ./Core/Src/state_machine.o
                0x20000430                speed_fsm
 *fill*         0x20000432        0x2 
 .data.depth_fsm
                0x20000434        0x2 ./Core/Src/state_machine.o
                0x20000434                depth_fsm
 *fill*         0x20000436        0x2 
 .data.waveshape_fsm
                0x20000438        0x2 ./Core/Src/state_machine.o
                0x20000438                waveshape_fsm
 *fill*         0x2000043a        0x2 
 .data.symmetry_fsm
                0x2000043c        0x2 ./Core/Src/state_machine.o
                0x2000043c                symmetry_fsm
 *fill*         0x2000043e        0x2 
 .data.phase_fsm
                0x20000440        0x2 ./Core/Src/state_machine.o
                0x20000440                phase_fsm
 *fill*         0x20000442        0x2 
 .data.IP_CAP_fsm
                0x20000444        0x2 ./Core/Src/state_machine.o
                0x20000444                IP_CAP_fsm
 *fill*         0x20000446        0x2 
 .data.LED_fsm  0x20000448        0x2 ./Core/Src/state_machine.o
                0x20000448                LED_fsm
 *fill*         0x2000044a        0x2 
 .data.SystemCoreClock
                0x2000044c        0x4 ./Core/Src/system_stm32g0xx.o
                0x2000044c                SystemCoreClock
 .data.uwTickPrio
                0x20000450        0x4 ./Drivers/STM32G0xx_HAL_Driver/Src/stm32g0xx_hal.o
                0x20000450                uwTickPrio
 .data.uwTickFreq
                0x20000454        0x1 ./Drivers/STM32G0xx_HAL_Driver/Src/stm32g0xx_hal.o
                0x20000454                uwTickFreq
 *(.RamFunc)
 *fill*         0x20000455        0x3 
 .RamFunc       0x20000458       0x88 ./Drivers/STM32G0xx_HAL_Driver/Src/stm32g0xx_hal_flash.o
 *(.RamFunc*)
                0x200004e0                        . = ALIGN (0x4)
                0x200004e0                        _edata = .

.igot.plt       0x200004e0        0x0 load address 0x0800f108
 .igot.plt      0x200004e0        0x0 /Applications/STM32CubeIDE.app/Contents/Eclipse/plugins/com.st.stm32cube.ide.mcu.externaltools.gnu-tools-for-stm32.13.3.rel1.macos64_1.0.0.202411102158/tools/bin/../lib/gcc/arm-none-eabi/13.3.1/thumb/v6-m/nofp/crtbegin.o
                0x200004e0                        . = ALIGN (0x4)

.bss            0x200004e0      0x8f0 load address 0x0800f108
                0x200004e0                        _sbss = .
                0x200004e0                        __bss_start__ = _sbss
 *(.bss)
 .bss           0x200004e0       0x1c /Applications/STM32CubeIDE.app/Contents/Eclipse/plugins/com.st.stm32cube.ide.mcu.externaltools.gnu-tools-for-stm32.13.3.rel1.macos64_1.0.0.202411102158/tools/bin/../lib/gcc/arm-none-eabi/13.3.1/thumb/v6-m/nofp/crtbegin.o
 *(.bss*)
 .bss.factory_presets_array
                0x200004fc       0x10 ./Core/Src/CC_and_PC.o
                0x200004fc                factory_presets_array
 .bss.user_presets_array
                0x2000050c       0x10 ./Core/Src/CC_and_PC.o
                0x2000050c                user_presets_array
 .bss.presets_converted_array
                0x2000051c       0x28 ./Core/Src/CC_and_PC.o
                0x2000051c                presets_converted_array
 .bss.storage_user_presets_array
                0x20000544       0x10 ./Core/Src/CC_and_PC.o
                0x20000544                storage_user_presets_array
 .bss.preset_selected
                0x20000554        0x1 ./Core/Src/CC_and_PC.o
                0x20000554                preset_selected
 *fill*         0x20000555        0x3 
 .bss.storage_user_preset_0
                0x20000558        0x5 ./Core/Src/CC_and_PC.o
                0x20000558                storage_user_preset_0
 *fill*         0x2000055d        0x3 
 .bss.storage_user_preset_1
                0x20000560        0x5 ./Core/Src/CC_and_PC.o
                0x20000560                storage_user_preset_1
 *fill*         0x20000565        0x3 
 .bss.storage_user_preset_2
                0x20000568        0x5 ./Core/Src/CC_and_PC.o
                0x20000568                storage_user_preset_2
 *fill*         0x2000056d        0x3 
 .bss.storage_user_preset_3
                0x20000570        0x5 ./Core/Src/CC_and_PC.o
                0x20000570                storage_user_preset_3
 *fill*         0x20000575        0x3 
 .bss.user_presets_used_array
                0x20000578        0x4 ./Core/Src/CC_and_PC.o
                0x20000578                user_presets_used_array
 .bss.CC_array  0x2000057c        0x5 ./Core/Src/CC_and_PC.o
                0x2000057c                CC_array
 .bss.LED_counter
                0x20000581        0x1 ./Core/Src/LED.o
                0x20000581                LED_counter
 .bss.MIDI_basic_channel
                0x20000582        0x1 ./Core/Src/MIDI.o
                0x20000582                MIDI_basic_channel
 .bss.active_status_byte
                0x20000583        0x1 ./Core/Src/MIDI.o
                0x20000583                active_status_byte
 .bss.running_status_byte
                0x20000584        0x1 ./Core/Src/MIDI.o
                0x20000584                running_status_byte
 *fill*         0x20000585        0x3 
 .bss.MIDI_data
                0x20000588        0xa ./Core/Src/MIDI.o
                0x20000588                MIDI_data
 *fill*         0x20000592        0x2 
 .bss.rx_buffer
                0x20000594        0x1 ./Core/Src/UART.o
                0x20000594                rx_buffer
 .bss.waveshape_pot_adc_measurement_num
                0x20000595        0x1 ./Core/Src/checking_functions.o
                0x20000595                waveshape_pot_adc_measurement_num
 .bss.speed_pot_adc_measurement_num
                0x20000596        0x1 ./Core/Src/checking_functions.o
                0x20000596                speed_pot_adc_measurement_num
 .bss.depth_pot_adc_measurement_num
                0x20000597        0x1 ./Core/Src/checking_functions.o
                0x20000597                depth_pot_adc_measurement_num
 .bss.symmetry_pot_adc_measurement_num
                0x20000598        0x1 ./Core/Src/checking_functions.o
                0x20000598                symmetry_pot_adc_measurement_num
 .bss.phase_pot_adc_measurement_num
                0x20000599        0x1 ./Core/Src/checking_functions.o
                0x20000599                phase_pot_adc_measurement_num
 .bss.pots_counter
                0x2000059a        0x1 ./Core/Src/checking_functions.o
                0x2000059a                pots_counter
 *fill*         0x2000059b        0x1 
 .bss.first_waveshape_measurement.11
                0x2000059c        0x2 ./Core/Src/checking_functions.o
 .bss.second_waveshape_measurement.10
                0x2000059e        0x2 ./Core/Src/checking_functions.o
 .bss.first_speed_measurement.9
                0x200005a0        0x2 ./Core/Src/checking_functions.o
 .bss.second_speed_measurement.8
                0x200005a2        0x2 ./Core/Src/checking_functions.o
 .bss.first_depth_measurement.7
                0x200005a4        0x2 ./Core/Src/checking_functions.o
 .bss.second_depth_measurement.6
                0x200005a6        0x2 ./Core/Src/checking_functions.o
 .bss.first_symmetry_measurement.5
                0x200005a8        0x2 ./Core/Src/checking_functions.o
 .bss.second_symmetry_measurement.4
                0x200005aa        0x2 ./Core/Src/checking_functions.o
 .bss.first_phase_measurement.3
                0x200005ac        0x2 ./Core/Src/checking_functions.o
 .bss.second_phase_measurement.2
                0x200005ae        0x2 ./Core/Src/checking_functions.o
 .bss.extend_rising_edge.0
                0x200005b0        0x1 ./Core/Src/checking_functions.o
 *fill*         0x200005b1        0x3 
 .bss.hadc1     0x200005b4       0x88 ./Core/Src/config.o
                0x200005b4                hadc1
 .bss.hdma_adc1
                0x2000063c       0x5c ./Core/Src/config.o
                0x2000063c                hdma_adc1
 .bss.htim14    0x20000698       0xbc ./Core/Src/config.o
                0x20000698                htim14
 .bss.htim17    0x20000754       0xbc ./Core/Src/config.o
                0x20000754                htim17
 .bss.htim16    0x20000810       0xbc ./Core/Src/config.o
                0x20000810                htim16
 .bss.htim2     0x200008cc       0xbc ./Core/Src/config.o
                0x200008cc                htim2
 .bss.htim3     0x20000988       0xbc ./Core/Src/config.o
                0x20000988                htim3
 .bss.htim1     0x20000a44       0xbc ./Core/Src/config.o
                0x20000a44                htim1
 .bss.huart2    0x20000b00       0xcc ./Core/Src/config.o
                0x20000b00                huart2
 .bss.hdma_usart2_rx
                0x20000bcc       0x5c ./Core/Src/config.o
                0x20000bcc                hdma_usart2_rx
 .bss.hdma_usart2_tx
                0x20000c28       0x5c ./Core/Src/config.o
                0x20000c28                hdma_usart2_tx
 .bss.hlptim1   0x20000c84       0x5c ./Core/Src/config.o
                0x20000c84                hlptim1
 .bss.save_or_preset_mode_engaged.6
                0x20000ce0        0x1 ./Core/Src/custom_callbacks.o
 *fill*         0x20000ce1        0x3 
 .bss.tap_tempo_switch_states.5
                0x20000ce4        0x2 ./Core/Src/custom_callbacks.o
 .bss.preset_save_mode_is_active.3
                0x20000ce6        0x1 ./Core/Src/custom_callbacks.o
 .bss.preset_select_mode_is_active.2
                0x20000ce7        0x1 ./Core/Src/custom_callbacks.o
 .bss.led_state_saved.1
                0x20000ce8        0x1 ./Core/Src/custom_callbacks.o
 *fill*         0x20000ce9        0x7 
 .bss.depressed_num.0
                0x20000cf0        0x8 ./Core/Src/custom_callbacks.o
 .bss.TIM2_ch1_input_capture_value
                0x20000cf8        0x4 ./Core/Src/input_capture.o
                0x20000cf8                TIM2_ch1_input_capture_value
 .bss.interrupt_period
                0x20000cfc        0x2 ./Core/Src/input_capture.o
                0x20000cfc                interrupt_period
 .bss.MIDI_CLK_tag
                0x20000cfe        0x1 ./Core/Src/input_capture.o
                0x20000cfe                MIDI_CLK_tag
 *fill*         0x20000cff        0x1 
 .bss.statuses  0x20000d00        0x4 ./Core/Src/main.o
                0x20000d00                statuses
 .bss.idle_counter
                0x20000d04        0x4 ./Core/Src/main.o
                0x20000d04                idle_counter
 .bss.midi_counter
                0x20000d08        0x4 ./Core/Src/main.o
                0x20000d08                midi_counter
 .bss.preset_save_idle_counter
                0x20000d0c        0x4 ./Core/Src/main.o
                0x20000d0c                preset_save_idle_counter
 .bss.ADCResultsDMA
                0x20000d10        0xa ./Core/Src/oscillator.o
                0x20000d10                ADCResultsDMA
 *fill*         0x20000d1a        0x2 
 .bss.params    0x20000d1c       0x24 ./Core/Src/oscillator.o
                0x20000d1c                params
 .bss.params_manual
                0x20000d40       0x24 ./Core/Src/oscillator.o
                0x20000d40                params_manual
 .bss.params_to_be_loaded
                0x20000d64       0x24 ./Core/Src/oscillator.o
                0x20000d64                params_to_be_loaded
 .bss.params_working
                0x20000d88       0x24 ./Core/Src/oscillator.o
                0x20000d88                params_working
 .bss.MIDI_CLK_fsm
                0x20000dac        0x1 ./Core/Src/state_machine.o
                0x20000dac                MIDI_CLK_fsm
 *fill*         0x20000dad        0x3 
 .bss.uwTick    0x20000db0        0x4 ./Drivers/STM32G0xx_HAL_Driver/Src/stm32g0xx_hal.o
                0x20000db0                uwTick
 .bss.pFlash    0x20000db4       0x1c ./Drivers/STM32G0xx_HAL_Driver/Src/stm32g0xx_hal_flash.o
                0x20000db4                pFlash
 *(COMMON)
                0x20000dd0                        . = ALIGN (0x4)
                0x20000dd0                        _ebss = .
                0x20000dd0                        __bss_end__ = _ebss

._user_heap_stack
                0x20000dd0      0x600 load address 0x0800f108
                0x20000dd0                        . = ALIGN (0x8)
                [!provide]                        PROVIDE (end = .)
                0x20000dd0                        PROVIDE (_end = .)
                0x20000fd0                        . = (. + _Min_Heap_Size)
 *fill*         0x20000dd0      0x200 
                0x200013d0                        . = (. + _Min_Stack_Size)
 *fill*         0x20000fd0      0x400 
                0x200013d0                        . = ALIGN (0x8)

/DISCARD/
 libc.a(*)
 libm.a(*)
 libgcc.a(*)

.ARM.attributes
                0x00000000       0x28
 *(.ARM.attributes)
 .ARM.attributes
                0x00000000       0x1e /Applications/STM32CubeIDE.app/Contents/Eclipse/plugins/com.st.stm32cube.ide.mcu.externaltools.gnu-tools-for-stm32.13.3.rel1.macos64_1.0.0.202411102158/tools/bin/../lib/gcc/arm-none-eabi/13.3.1/thumb/v6-m/nofp/crti.o
 .ARM.attributes
                0x0000001e       0x2c /Applications/STM32CubeIDE.app/Contents/Eclipse/plugins/com.st.stm32cube.ide.mcu.externaltools.gnu-tools-for-stm32.13.3.rel1.macos64_1.0.0.202411102158/tools/bin/../lib/gcc/arm-none-eabi/13.3.1/thumb/v6-m/nofp/crtbegin.o
 .ARM.attributes
                0x0000004a       0x2c ./Core/Src/CC_and_PC.o
 .ARM.attributes
                0x00000076       0x2c ./Core/Src/LED.o
 .ARM.attributes
                0x000000a2       0x2c ./Core/Src/MIDI.o
 .ARM.attributes
                0x000000ce       0x2c ./Core/Src/UART.o
 .ARM.attributes
                0x000000fa       0x2c ./Core/Src/checking_functions.o
 .ARM.attributes
                0x00000126       0x2c ./Core/Src/config.o
 .ARM.attributes
                0x00000152       0x2c ./Core/Src/custom_callbacks.o
 .ARM.attributes
                0x0000017e       0x2c ./Core/Src/input_capture.o
 .ARM.attributes
                0x000001aa       0x2c ./Core/Src/main.o
 .ARM.attributes
                0x000001d6       0x2c ./Core/Src/oscillator.o
 .ARM.attributes
                0x00000202       0x2c ./Core/Src/startup.o
 .ARM.attributes
                0x0000022e       0x2c ./Core/Src/state_machine.o
 .ARM.attributes
                0x0000025a       0x2c ./Core/Src/stm32g0xx_hal_msp.o
 .ARM.attributes
                0x00000286       0x2c ./Core/Src/stm32g0xx_it.o
 .ARM.attributes
                0x000002b2       0x2c ./Core/Src/symmetry_adjustment.o
 .ARM.attributes
                0x000002de       0x2c ./Core/Src/system_stm32g0xx.o
 .ARM.attributes
                0x0000030a       0x2c ./Core/Src/timers.o
 .ARM.attributes
                0x00000336       0x2c ./Core/Src/utility.o
 .ARM.attributes
                0x00000362       0x22 ./Core/Startup/startup_stm32g031k8tx.o
 .ARM.attributes
                0x00000384       0x2c ./Drivers/STM32G0xx_HAL_Driver/Src/stm32g0xx_hal.o
 .ARM.attributes
                0x000003b0       0x2c ./Drivers/STM32G0xx_HAL_Driver/Src/stm32g0xx_hal_adc.o
 .ARM.attributes
                0x000003dc       0x2c ./Drivers/STM32G0xx_HAL_Driver/Src/stm32g0xx_hal_adc_ex.o
 .ARM.attributes
                0x00000408       0x2c ./Drivers/STM32G0xx_HAL_Driver/Src/stm32g0xx_hal_cortex.o
 .ARM.attributes
                0x00000434       0x2c ./Drivers/STM32G0xx_HAL_Driver/Src/stm32g0xx_hal_dma.o
 .ARM.attributes
                0x00000460       0x2c ./Drivers/STM32G0xx_HAL_Driver/Src/stm32g0xx_hal_flash.o
 .ARM.attributes
                0x0000048c       0x2c ./Drivers/STM32G0xx_HAL_Driver/Src/stm32g0xx_hal_flash_ex.o
 .ARM.attributes
                0x000004b8       0x2c ./Drivers/STM32G0xx_HAL_Driver/Src/stm32g0xx_hal_gpio.o
 .ARM.attributes
                0x000004e4       0x2c ./Drivers/STM32G0xx_HAL_Driver/Src/stm32g0xx_hal_lptim.o
 .ARM.attributes
                0x00000510       0x2c ./Drivers/STM32G0xx_HAL_Driver/Src/stm32g0xx_hal_pwr_ex.o
 .ARM.attributes
                0x0000053c       0x2c ./Drivers/STM32G0xx_HAL_Driver/Src/stm32g0xx_hal_rcc.o
 .ARM.attributes
                0x00000568       0x2c ./Drivers/STM32G0xx_HAL_Driver/Src/stm32g0xx_hal_rcc_ex.o
 .ARM.attributes
                0x00000594       0x2c ./Drivers/STM32G0xx_HAL_Driver/Src/stm32g0xx_hal_tim.o
 .ARM.attributes
                0x000005c0       0x2c ./Drivers/STM32G0xx_HAL_Driver/Src/stm32g0xx_hal_tim_ex.o
 .ARM.attributes
                0x000005ec       0x2c ./Drivers/STM32G0xx_HAL_Driver/Src/stm32g0xx_hal_uart.o
 .ARM.attributes
                0x00000618       0x2c ./Drivers/STM32G0xx_HAL_Driver/Src/stm32g0xx_hal_uart_ex.o
 .ARM.attributes
                0x00000644       0x2c /Applications/STM32CubeIDE.app/Contents/Eclipse/plugins/com.st.stm32cube.ide.mcu.externaltools.gnu-tools-for-stm32.13.3.rel1.macos64_1.0.0.202411102158/tools/bin/../lib/gcc/arm-none-eabi/13.3.1/../../../../arm-none-eabi/lib/thumb/v6-m/nofp/libc_nano.a(libc_a-memset.o)
 .ARM.attributes
                0x00000670       0x2c /Applications/STM32CubeIDE.app/Contents/Eclipse/plugins/com.st.stm32cube.ide.mcu.externaltools.gnu-tools-for-stm32.13.3.rel1.macos64_1.0.0.202411102158/tools/bin/../lib/gcc/arm-none-eabi/13.3.1/../../../../arm-none-eabi/lib/thumb/v6-m/nofp/libc_nano.a(libc_a-init.o)
 .ARM.attributes
                0x0000069c       0x2c /Applications/STM32CubeIDE.app/Contents/Eclipse/plugins/com.st.stm32cube.ide.mcu.externaltools.gnu-tools-for-stm32.13.3.rel1.macos64_1.0.0.202411102158/tools/bin/../lib/gcc/arm-none-eabi/13.3.1/../../../../arm-none-eabi/lib/thumb/v6-m/nofp/libc_nano.a(libc_a-memcpy-stub.o)
 .ARM.attributes
                0x000006c8       0x1e /Applications/STM32CubeIDE.app/Contents/Eclipse/plugins/com.st.stm32cube.ide.mcu.externaltools.gnu-tools-for-stm32.13.3.rel1.macos64_1.0.0.202411102158/tools/bin/../lib/gcc/arm-none-eabi/13.3.1/thumb/v6-m/nofp/libgcc.a(_udivsi3.o)
 .ARM.attributes
                0x000006e6       0x1e /Applications/STM32CubeIDE.app/Contents/Eclipse/plugins/com.st.stm32cube.ide.mcu.externaltools.gnu-tools-for-stm32.13.3.rel1.macos64_1.0.0.202411102158/tools/bin/../lib/gcc/arm-none-eabi/13.3.1/thumb/v6-m/nofp/libgcc.a(_dvmd_tls.o)
 .ARM.attributes
                0x00000704       0x1e /Applications/STM32CubeIDE.app/Contents/Eclipse/plugins/com.st.stm32cube.ide.mcu.externaltools.gnu-tools-for-stm32.13.3.rel1.macos64_1.0.0.202411102158/tools/bin/../lib/gcc/arm-none-eabi/13.3.1/thumb/v6-m/nofp/libgcc.a(_aeabi_uldivmod.o)
 .ARM.attributes
                0x00000722       0x2c /Applications/STM32CubeIDE.app/Contents/Eclipse/plugins/com.st.stm32cube.ide.mcu.externaltools.gnu-tools-for-stm32.13.3.rel1.macos64_1.0.0.202411102158/tools/bin/../lib/gcc/arm-none-eabi/13.3.1/thumb/v6-m/nofp/libgcc.a(_udivmoddi4.o)
 .ARM.attributes
                0x0000074e       0x1e /Applications/STM32CubeIDE.app/Contents/Eclipse/plugins/com.st.stm32cube.ide.mcu.externaltools.gnu-tools-for-stm32.13.3.rel1.macos64_1.0.0.202411102158/tools/bin/../lib/gcc/arm-none-eabi/13.3.1/thumb/v6-m/nofp/libgcc.a(_clzdi2.o)
 .ARM.attributes
                0x0000076c       0x1e /Applications/STM32CubeIDE.app/Contents/Eclipse/plugins/com.st.stm32cube.ide.mcu.externaltools.gnu-tools-for-stm32.13.3.rel1.macos64_1.0.0.202411102158/tools/bin/../lib/gcc/arm-none-eabi/13.3.1/thumb/v6-m/nofp/libgcc.a(_clzsi2.o)
 .ARM.attributes
                0x0000078a       0x1e /Applications/STM32CubeIDE.app/Contents/Eclipse/plugins/com.st.stm32cube.ide.mcu.externaltools.gnu-tools-for-stm32.13.3.rel1.macos64_1.0.0.202411102158/tools/bin/../lib/gcc/arm-none-eabi/13.3.1/thumb/v6-m/nofp/crtn.o
OUTPUT(g031k8.elf elf32-littlearm)
LOAD linker stubs
LOAD /Applications/STM32CubeIDE.app/Contents/Eclipse/plugins/com.st.stm32cube.ide.mcu.externaltools.gnu-tools-for-stm32.13.3.rel1.macos64_1.0.0.202411102158/tools/bin/../lib/gcc/arm-none-eabi/13.3.1/../../../../arm-none-eabi/lib/thumb/v6-m/nofp/libc.a
LOAD /Applications/STM32CubeIDE.app/Contents/Eclipse/plugins/com.st.stm32cube.ide.mcu.externaltools.gnu-tools-for-stm32.13.3.rel1.macos64_1.0.0.202411102158/tools/bin/../lib/gcc/arm-none-eabi/13.3.1/../../../../arm-none-eabi/lib/thumb/v6-m/nofp/libm.a
LOAD /Applications/STM32CubeIDE.app/Contents/Eclipse/plugins/com.st.stm32cube.ide.mcu.externaltools.gnu-tools-for-stm32.13.3.rel1.macos64_1.0.0.202411102158/tools/bin/../lib/gcc/arm-none-eabi/13.3.1/thumb/v6-m/nofp/libgcc.a

.debug_info     0x00000000    0x223ab
 .debug_info    0x00000000     0x1248 ./Core/Src/CC_and_PC.o
 .debug_info    0x00001248      0x9e2 ./Core/Src/LED.o
 .debug_info    0x00001c2a      0xab3 ./Core/Src/MIDI.o
 .debug_info    0x000026dd      0x908 ./Core/Src/UART.o
 .debug_info    0x00002fe5      0x6a1 ./Core/Src/checking_functions.o
 .debug_info    0x00003686     0x26c1 ./Core/Src/config.o
 .debug_info    0x00005d47     0x258c ./Core/Src/custom_callbacks.o
 .debug_info    0x000082d3      0xd83 ./Core/Src/input_capture.o
 .debug_info    0x00009056      0x476 ./Core/Src/main.o
 .debug_info    0x000094cc      0xe73 ./Core/Src/oscillator.o
 .debug_info    0x0000a33f     0x1876 ./Core/Src/startup.o
 .debug_info    0x0000bbb5      0x34b ./Core/Src/state_machine.o
 .debug_info    0x0000bf00     0x1cc4 ./Core/Src/stm32g0xx_hal_msp.o
 .debug_info    0x0000dbc4     0x121c ./Core/Src/stm32g0xx_it.o
 .debug_info    0x0000ede0      0x350 ./Core/Src/symmetry_adjustment.o
 .debug_info    0x0000f130      0x312 ./Core/Src/system_stm32g0xx.o
 .debug_info    0x0000f442      0x9dc ./Core/Src/timers.o
 .debug_info    0x0000fe1e      0x2d4 ./Core/Src/utility.o
 .debug_info    0x000100f2       0x30 ./Core/Startup/startup_stm32g031k8tx.o
 .debug_info    0x00010122      0xa2b ./Drivers/STM32G0xx_HAL_Driver/Src/stm32g0xx_hal.o
 .debug_info    0x00010b4d     0x1705 ./Drivers/STM32G0xx_HAL_Driver/Src/stm32g0xx_hal_adc.o
 .debug_info    0x00012252      0xbb8 ./Drivers/STM32G0xx_HAL_Driver/Src/stm32g0xx_hal_adc_ex.o
 .debug_info    0x00012e0a      0x8c3 ./Drivers/STM32G0xx_HAL_Driver/Src/stm32g0xx_hal_cortex.o
 .debug_info    0x000136cd      0x867 ./Drivers/STM32G0xx_HAL_Driver/Src/stm32g0xx_hal_dma.o
 .debug_info    0x00013f34      0x665 ./Drivers/STM32G0xx_HAL_Driver/Src/stm32g0xx_hal_flash.o
 .debug_info    0x00014599      0x913 ./Drivers/STM32G0xx_HAL_Driver/Src/stm32g0xx_hal_flash_ex.o
 .debug_info    0x00014eac      0x599 ./Drivers/STM32G0xx_HAL_Driver/Src/stm32g0xx_hal_gpio.o
 .debug_info    0x00015445     0x10a8 ./Drivers/STM32G0xx_HAL_Driver/Src/stm32g0xx_hal_lptim.o
 .debug_info    0x000164ed      0x779 ./Drivers/STM32G0xx_HAL_Driver/Src/stm32g0xx_hal_pwr_ex.o
 .debug_info    0x00016c66      0xb17 ./Drivers/STM32G0xx_HAL_Driver/Src/stm32g0xx_hal_rcc.o
 .debug_info    0x0001777d      0x757 ./Drivers/STM32G0xx_HAL_Driver/Src/stm32g0xx_hal_rcc_ex.o