Archive member included to satisfy reference by file (symbol)

/Applications/STM32CubeIDE.app/Contents/Eclipse/plugins/com.st.stm32cube.ide.mcu.externaltools.gnu-tools-for-stm32.14.3.rel1.macos64_1.0.100.202602081740/tools/bin/../lib/gcc/arm-none-eabi/14.3.1/../../../../arm-none-eabi/lib/thumb/v6-m/nofp/libc_nano.a(libc_a-exit.o)
                              /Applications/STM32CubeIDE.app/Contents/Eclipse/plugins/com.st.stm32cube.ide.mcu.externaltools.gnu-tools-for-stm32.14.3.rel1.macos64_1.0.100.202602081740/tools/bin/../lib/gcc/arm-none-eabi/14.3.1/../../../../arm-none-eabi/lib/thumb/v6-m/nofp/crt0.o (exit)
/Applications/STM32CubeIDE.app/Contents/Eclipse/plugins/com.st.stm32cube.ide.mcu.externaltools.gnu-tools-for-stm32.14.3.rel1.macos64_1.0.100.202602081740/tools/bin/../lib/gcc/arm-none-eabi/14.3.1/../../../../arm-none-eabi/lib/thumb/v6-m/nofp/libc_nano.a(libc_a-findfp.o)
                              /Applications/STM32CubeIDE.app/Contents/Eclipse/plugins/com.st.stm32cube.ide.mcu.externaltools.gnu-tools-for-stm32.14.3.rel1.macos64_1.0.100.202602081740/tools/bin/../lib/gcc/arm-none-eabi/14.3.1/../../../../arm-none-eabi/lib/thumb/v6-m/nofp/libc_nano.a(libc_a-exit.o) (__stdio_exit_handler)
/Applications/STM32CubeIDE.app/Contents/Eclipse/plugins/com.st.stm32cube.ide.mcu.externaltools.gnu-tools-for-stm32.14.3.rel1.macos64_1.0.100.202602081740/tools/bin/../lib/gcc/arm-none-eabi/14.3.1/../../../../arm-none-eabi/lib/thumb/v6-m/nofp/libc_nano.a(libc_a-fwalk.o)
                              /Applications/STM32CubeIDE.app/Contents/Eclipse/plugins/com.st.stm32cube.ide.mcu.externaltools.gnu-tools-for-stm32.14.3.rel1.macos64_1.0.100.202602081740/tools/bin/../lib/gcc/arm-none-eabi/14.3.1/../../../../arm-none-eabi/lib/thumb/v6-m/nofp/libc_nano.a(libc_a-findfp.o) (_fwalk_sglue)
/Applications/STM32CubeIDE.app/Contents/Eclipse/plugins/com.st.stm32cube.ide.mcu.externaltools.gnu-tools-for-stm32.14.3.rel1.macos64_1.0.100.202602081740/tools/bin/../lib/gcc/arm-none-eabi/14.3.1/../../../../arm-none-eabi/lib/thumb/v6-m/nofp/libc_nano.a(libc_a-memset.o)
                              /Applications/STM32CubeIDE.app/Contents/Eclipse/plugins/com.st.stm32cube.ide.mcu.externaltools.gnu-tools-for-stm32.14.3.rel1.macos64_1.0.100.202602081740/tools/bin/../lib/gcc/arm-none-eabi/14.3.1/../../../../arm-none-eabi/lib/thumb/v6-m/nofp/crt0.o (memset)
/Applications/STM32CubeIDE.app/Contents/Eclipse/plugins/com.st.stm32cube.ide.mcu.externaltools.gnu-tools-for-stm32.14.3.rel1.macos64_1.0.100.202602081740/tools/bin/../lib/gcc/arm-none-eabi/14.3.1/../../../../arm-none-eabi/lib/thumb/v6-m/nofp/libc_nano.a(libc_a-errno.o)
                              ./Core/Src/syscalls.o (__errno)
/Applications/STM32CubeIDE.app/Contents/Eclipse/plugins/com.st.stm32cube.ide.mcu.externaltools.gnu-tools-for-stm32.14.3.rel1.macos64_1.0.100.202602081740/tools/bin/../lib/gcc/arm-none-eabi/14.3.1/../../../../arm-none-eabi/lib/thumb/v6-m/nofp/libc_nano.a(libc_a-init.o)
                              /Applications/STM32CubeIDE.app/Contents/Eclipse/plugins/com.st.stm32cube.ide.mcu.externaltools.gnu-tools-for-stm32.14.3.rel1.macos64_1.0.100.202602081740/tools/bin/../lib/gcc/arm-none-eabi/14.3.1/../../../../arm-none-eabi/lib/thumb/v6-m/nofp/crt0.o (__libc_init_array)
/Applications/STM32CubeIDE.app/Contents/Eclipse/plugins/com.st.stm32cube.ide.mcu.externaltools.gnu-tools-for-stm32.14.3.rel1.macos64_1.0.100.202602081740/tools/bin/../lib/gcc/arm-none-eabi/14.3.1/../../../../arm-none-eabi/lib/thumb/v6-m/nofp/libc_nano.a(libc_a-lock.o)
                              /Applications/STM32CubeIDE.app/Contents/Eclipse/plugins/com.st.stm32cube.ide.mcu.externaltools.gnu-tools-for-stm32.14.3.rel1.macos64_1.0.100.202602081740/tools/bin/../lib/gcc/arm-none-eabi/14.3.1/../../../../arm-none-eabi/lib/thumb/v6-m/nofp/libc_nano.a(libc_a-findfp.o) (__retarget_lock_init_recursive)
/Applications/STM32CubeIDE.app/Contents/Eclipse/plugins/com.st.stm32cube.ide.mcu.externaltools.gnu-tools-for-stm32.14.3.rel1.macos64_1.0.100.202602081740/tools/bin/../lib/gcc/arm-none-eabi/14.3.1/../../../../arm-none-eabi/lib/thumb/v6-m/nofp/libc_nano.a(libc_a-impure.o)
                              /Applications/STM32CubeIDE.app/Contents/Eclipse/plugins/com.st.stm32cube.ide.mcu.externaltools.gnu-tools-for-stm32.14.3.rel1.macos64_1.0.100.202602081740/tools/bin/../lib/gcc/arm-none-eabi/14.3.1/../../../../arm-none-eabi/lib/thumb/v6-m/nofp/libc_nano.a(libc_a-errno.o) (_impure_ptr)
/Applications/STM32CubeIDE.app/Contents/Eclipse/plugins/com.st.stm32cube.ide.mcu.externaltools.gnu-tools-for-stm32.14.3.rel1.macos64_1.0.100.202602081740/tools/bin/../lib/gcc/arm-none-eabi/14.3.1/../../../../arm-none-eabi/lib/thumb/v6-m/nofp/libc_nano.a(libc_a-mallocr.o)
[...]
Memory Configuration

Name             Origin             Length             Attributes
RAM              0x20000000         0x00002000         xrw
FLASH            0x08000000         0x0000f800         xr
*default*        0x00000000         0xffffffff

Linker script and memory map

LOAD /Applications/STM32CubeIDE.app/Contents/Eclipse/plugins/com.st.stm32cube.ide.mcu.externaltools.gnu-tools-for-stm32.14.3.rel1.macos64_1.0.100.202602081740/tools/bin/../lib/gcc/arm-none-eabi/14.3.1/thumb/v6-m/nofp/crti.o
LOAD /Applications/STM32CubeIDE.app/Contents/Eclipse/plugins/com.st.stm32cube.ide.mcu.externaltools.gnu-tools-for-stm32.14.3.rel1.macos64_1.0.100.202602081740/tools/bin/../lib/gcc/arm-none-eabi/14.3.1/thumb/v6-m/nofp/crtbegin.o
LOAD /Applications/STM32CubeIDE.app/Contents/Eclipse/plugins/com.st.stm32cube.ide.mcu.externaltools.gnu-tools-for-stm32.14.3.rel1.macos64_1.0.100.202602081740/tools/bin/../lib/gcc/arm-none-eabi/14.3.1/../../../../arm-none-eabi/lib/thumb/v6-m/nofp/crt0.o
LOAD ./Core/Src/CC_and_PC.o
LOAD ./Core/Src/LED.o
LOAD ./Core/Src/MIDI.o
LOAD ./Core/Src/UART.o
LOAD ./Core/Src/checking_functions.o
LOAD ./Core/Src/config.o
LOAD ./Core/Src/custom_callbacks.o
LOAD ./Core/Src/debug.o
LOAD ./Core/Src/input_capture.o
LOAD ./Core/Src/main.o
LOAD ./Core/Src/oscillator.o
LOAD ./Core/Src/startup.o
LOAD ./Core/Src/state_machine.o
LOAD ./Core/Src/stm32g0xx_hal_msp.o
LOAD ./Core/Src/stm32g0xx_it.o
LOAD ./Core/Src/symmetry_adjustment.o
LOAD ./Core/Src/syscalls.o
LOAD ./Core/Src/sysmem.o
LOAD ./Core/Src/system_stm32g0xx.o
LOAD ./Core/Src/timers.o
LOAD ./Core/Src/utility.o
LOAD ./Core/Startup/startup_stm32g031k8tx.o
LOAD ./Drivers/STM32G0xx_HAL_Driver/Src/stm32g0xx_hal.o
LOAD ./Drivers/STM32G0xx_HAL_Driver/Src/stm32g0xx_hal_adc.o
LOAD ./Drivers/STM32G0xx_HAL_Driver/Src/stm32g0xx_hal_adc_ex.o
LOAD ./Drivers/STM32G0xx_HAL_Driver/Src/stm32g0xx_hal_cortex.o
LOAD ./Drivers/STM32G0xx_HAL_Driver/Src/stm32g0xx_hal_dma.o
LOAD ./Drivers/STM32G0xx_HAL_Driver/Src/stm32g0xx_hal_dma_ex.o
LOAD ./Drivers/STM32G0xx_HAL_Driver/Src/stm32g0xx_hal_exti.o
LOAD ./Drivers/STM32G0xx_HAL_Driver/Src/stm32g0xx_hal_flash.o
LOAD ./Drivers/STM32G0xx_HAL_Driver/Src/stm32g0xx_hal_flash_ex.o
LOAD ./Drivers/STM32G0xx_HAL_Driver/Src/stm32g0xx_hal_gpio.o
LOAD ./Drivers/STM32G0xx_HAL_Driver/Src/stm32g0xx_hal_iwdg.o
LOAD ./Drivers/STM32G0xx_HAL_Driver/Src/stm32g0xx_hal_lptim.o
LOAD ./Drivers/STM32G0xx_HAL_Driver/Src/stm32g0xx_hal_pwr.o
LOAD ./Drivers/STM32G0xx_HAL_Driver/Src/stm32g0xx_hal_pwr_ex.o
LOAD ./Drivers/STM32G0xx_HAL_Driver/Src/stm32g0xx_hal_rcc.o
LOAD ./Drivers/STM32G0xx_HAL_Driver/Src/stm32g0xx_hal_rcc_ex.o
LOAD ./Drivers/STM32G0xx_HAL_Driver/Src/stm32g0xx_hal_tim.o
LOAD ./Drivers/STM32G0xx_HAL_Driver/Src/stm32g0xx_hal_tim_ex.o
LOAD ./Drivers/STM32G0xx_HAL_Driver/Src/stm32g0xx_hal_uart.o
LOAD ./Drivers/STM32G0xx_HAL_Driver/Src/stm32g0xx_hal_uart_ex.o
LOAD ./Drivers/STM32G0xx_HAL_Driver/Src/stm32g0xx_ll_adc.o
LOAD ./Drivers/STM32G0xx_HAL_Driver/Src/stm32g0xx_ll_rcc.o
START GROUP
LOAD /Applications/STM32CubeIDE.app/Contents/Eclipse/plugins/com.st.stm32cube.ide.mcu.externaltools.gnu-tools-for-stm32.14.3.rel1.macos64_1.0.100.202602081740/tools/bin/../lib/gcc/arm-none-eabi/14.3.1/../../../../arm-none-eabi/lib/thumb/v6-m/nofp/libc_nano.a
LOAD /Applications/STM32CubeIDE.app/Contents/Eclipse/plugins/com.st.stm32cube.ide.mcu.externaltools.gnu-tools-for-stm32.14.3.rel1.macos64_1.0.100.202602081740/tools/bin/../lib/gcc/arm-none-eabi/14.3.1/../../../../arm-none-eabi/lib/thumb/v6-m/nofp/libm.a
END GROUP
START GROUP
LOAD /Applications/STM32CubeIDE.app/Contents/Eclipse/plugins/com.st.stm32cube.ide.mcu.externaltools.gnu-tools-for-stm32.14.3.rel1.macos64_1.0.100.202602081740/tools/bin/../lib/gcc/arm-none-eabi/14.3.1/thumb/v6-m/nofp/libgcc.a
LOAD /Applications/STM32CubeIDE.app/Contents/Eclipse/plugins/com.st.stm32cube.ide.mcu.externaltools.gnu-tools-for-stm32.14.3.rel1.macos64_1.0.100.202602081740/tools/bin/../lib/gcc/arm-none-eabi/14.3.1/../../../../arm-none-eabi/lib/thumb/v6-m/nofp/libc_nano.a
END GROUP
START GROUP
LOAD /Applications/STM32CubeIDE.app/Contents/Eclipse/plugins/com.st.stm32cube.ide.mcu.externaltools.gnu-tools-for-stm32.14.3.rel1.macos64_1.0.100.202602081740/tools/bin/../lib/gcc/arm-none-eabi/14.3.1/thumb/v6-m/nofp/libgcc.a
LOAD /Applications/STM32CubeIDE.app/Contents/Eclipse/plugins/com.st.stm32cube.ide.mcu.externaltools.gnu-tools-for-stm32.14.3.rel1.macos64_1.0.100.202602081740/tools/bin/../lib/gcc/arm-none-eabi/14.3.1/../../../../arm-none-eabi/lib/thumb/v6-m/nofp/libc_nano.a
LOAD /Applications/STM32CubeIDE.app/Contents/Eclipse/plugins/com.st.stm32cube.ide.mcu.externaltools.gnu-tools-for-stm32.14.3.rel1.macos64_1.0.100.202602081740/tools/bin/../lib/gcc/arm-none-eabi/14.3.1/../../../../arm-none-eabi/lib/thumb/v6-m/nofp/libnosys.a
END GROUP
START GROUP
LOAD /Applications/STM32CubeIDE.app/Contents/Eclipse/plugins/com.st.stm32cube.ide.mcu.externaltools.gnu-tools-for-stm32.14.3.rel1.macos64_1.0.100.202602081740/tools/bin/../lib/gcc/arm-none-eabi/14.3.1/thumb/v6-m/nofp/libgcc.a
LOAD /Applications/STM32CubeIDE.app/Contents/Eclipse/plugins/com.st.stm32cube.ide.mcu.externaltools.gnu-tools-for-stm32.14.3.rel1.macos64_1.0.100.202602081740/tools/bin/../lib/gcc/arm-none-eabi/14.3.1/../../../../arm-none-eabi/lib/thumb/v6-m/nofp/libc_nano.a
LOAD /Applications/STM32CubeIDE.app/Contents/Eclipse/plugins/com.st.stm32cube.ide.mcu.externaltools.gnu-tools-for-stm32.14.3.rel1.macos64_1.0.100.202602081740/tools/bin/../lib/gcc/arm-none-eabi/14.3.1/../../../../arm-none-eabi/lib/thumb/v6-m/nofp/libnosys.a
END GROUP
LOAD /Applications/STM32CubeIDE.app/Contents/Eclipse/plugins/com.st.stm32cube.ide.mcu.externaltools.gnu-tools-for-stm32.14.3.rel1.macos64_1.0.100.202602081740/tools/bin/../lib/gcc/arm-none-eabi/14.3.1/thumb/v6-m/nofp/crtend.o
LOAD /Applications/STM32CubeIDE.app/Contents/Eclipse/plugins/com.st.stm32cube.ide.mcu.externaltools.gnu-tools-for-stm32.14.3.rel1.macos64_1.0.100.202602081740/tools/bin/../lib/gcc/arm-none-eabi/14.3.1/thumb/v6-m/nofp/crtn.o
                0x20002000                        _estack = (ORIGIN (RAM) + LENGTH (RAM))
                0x00000200                        _Min_Heap_Size = 0x200
                0x00000400                        _Min_Stack_Size = 0x400

.isr_vector     0x08000000       0xbc
                0x08000000                        . = ALIGN (0x4)
 *(.isr_vector)
 .isr_vector    0x08000000       0xbc ./Core/Startup/startup_stm32g031k8tx.o
                0x08000000                g_pfnVectors
                0x080000bc                        . = ALIGN (0x4)

.text           0x080000c0     0x9180
                0x080000c0                        . = ALIGN (0x4)
 *(.text)
 .text          0x080000c0       0x48 /Applications/STM32CubeIDE.app/Contents/Eclipse/plugins/com.st.stm32cube.ide.mcu.externaltools.gnu-tools-for-stm32.14.3.rel1.macos64_1.0.100.202602081740/tools/bin/../lib/gcc/arm-none-eabi/14.3.1/thumb/v6-m/nofp/crtbegin.o
 .text          0x08000108      0x114 /Applications/STM32CubeIDE.app/Contents/Eclipse/plugins/com.st.stm32cube.ide.mcu.externaltools.gnu-tools-for-stm32.14.3.rel1.macos64_1.0.100.202602081740/tools/bin/../lib/gcc/arm-none-eabi/14.3.1/thumb/v6-m/nofp/libgcc.a(_udivsi3.o)
                0x08000108                __udivsi3
                0x08000108                __aeabi_uidiv
                0x08000214                __aeabi_uidivmod
 .text          0x0800021c        0x4 /Applications/STM32CubeIDE.app/Contents/Eclipse/plugins/com.st.stm32cube.ide.mcu.externaltools.gnu-tools-for-stm32.14.3.rel1.macos64_1.0.100.202602081740/tools/bin/../lib/gcc/arm-none-eabi/14.3.1/thumb/v6-m/nofp/libgcc.a(_dvmd_tls.o)
                0x0800021c                __aeabi_ldiv0
                0x0800021c                __aeabi_idiv0
 .text          0x08000220       0x40 /Applications/STM32CubeIDE.app/Contents/Eclipse/plugins/com.st.stm32cube.ide.mcu.externaltools.gnu-tools-for-stm32.14.3.rel1.macos64_1.0.100.202602081740/tools/bin/../lib/gcc/arm-none-eabi/14.3.1/thumb/v6-m/nofp/libgcc.a(_aeabi_uldivmod.o)
                0x08000220                __aeabi_uldivmod
 .text          0x08000260       0x5c /Applications/STM32CubeIDE.app/Contents/Eclipse/plugins/com.st.stm32cube.ide.mcu.externaltools.gnu-tools-for-stm32.14.3.rel1.macos64_1.0.100.202602081740/tools/bin/../lib/gcc/arm-none-eabi/14.3.1/thumb/v6-m/nofp/libgcc.a(_muldi3.o)
                0x08000260                __aeabi_lmul
                0x08000260                __muldi3
 .text          0x080002bc      0x198 /Applications/STM32CubeIDE.app/Contents/Eclipse/plugins/com.st.stm32cube.ide.mcu.externaltools.gnu-tools-for-stm32.14.3.rel1.macos64_1.0.100.202602081740/tools/bin/../lib/gcc/arm-none-eabi/14.3.1/thumb/v6-m/nofp/libgcc.a(_udivmoddi4.o)
                0x080002bc                __udivmoddi4
 .text          0x08000454       0x18 /Applications/STM32CubeIDE.app/Contents/Eclipse/plugins/com.st.stm32cube.ide.mcu.externaltools.gnu-tools-for-stm32.14.3.rel1.macos64_1.0.100.202602081740/tools/bin/../lib/gcc/arm-none-eabi/14.3.1/thumb/v6-m/nofp/libgcc.a(_clzdi2.o)
                0x08000454                __clzdi2
 .text          0x0800046c       0x3c /Applications/STM32CubeIDE.app/Contents/Eclipse/plugins/com.st.stm32cube.ide.mcu.externaltools.gnu-tools-for-stm32.14.3.rel1.macos64_1.0.100.202602081740/tools/bin/../lib/gcc/arm-none-eabi/14.3.1/thumb/v6-m/nofp/libgcc.a(_clzsi2.o)
                0x0800046c                __clzsi2
 *(.text*)
 .text.Initialise_Preset_Arrays
                0x080004a8       0x78 ./Core/Src/CC_and_PC.o
                0x080004a8                Initialise_Preset_Arrays
 .text.Convert_All_Preset_Values
                0x08000520       0x22 ./Core/Src/CC_and_PC.o
                0x08000520                Convert_All_Preset_Values
 .text.Convert_All_Params_Values_for_Preset
                0x08000542       0x44 ./Core/Src/CC_and_PC.o
                0x08000542                Convert_All_Params_Values_for_Preset
 .text.Update_Waveshape_with_Converted_Preset_Value
                0x08000586       0x2c ./Core/Src/CC_and_PC.o
                0x08000586                Update_Waveshape_with_Converted_Preset_Value
 .text.Pack_Preset_Into_Doubleword
                0x080005b2       0x4e ./Core/Src/CC_and_PC.o
                0x080005b2                Pack_Preset_Into_Doubleword
 .text.Read_and_Interpret_Preset_From_Flash
                0x08000600       0x24 ./Core/Src/CC_and_PC.o
                0x08000600                Read_and_Interpret_Preset_From_Flash
 .text.Pack_Misc_Into_Doubleword
                0x08000624       0xf8 ./Core/Src/CC_and_PC.o
                0x08000624                Pack_Misc_Into_Doubleword
 .text.Store_Single_Preset_In_Flash
                0x0800071c      0x20c ./Core/Src/CC_and_PC.o
                0x0800071c                Store_Single_Preset_In_Flash
 .text.Erase_Flash_For_Factory_Reset
                0x08000928       0x30 ./Core/Src/CC_and_PC.o
                0x08000928                Erase_Flash_For_Factory_Reset
 .text.Read_and_Interpret_Misc_From_Flash
                0x08000958      0x106 ./Core/Src/CC_and_PC.o
                0x08000958                Read_and_Interpret_Misc_From_Flash
 .text.Update_Converted_Preset_Array_with_User_or_Factory_Presets
                0x08000a5e       0x5c ./Core/Src/CC_and_PC.o
                0x08000a5e                Update_Converted_Preset_Array_with_User_or_Factory_Presets
 *fill*         0x08000aba        0x2 
 .text.Read_and_Interpret_User_Presets_From_Flash
                0x08000abc       0x48 ./Core/Src/CC_and_PC.o
                0x08000abc                Read_and_Interpret_User_Presets_From_Flash
 .text.Update_Waveshape_with_CC_Value
                0x08000b04       0x2c ./Core/Src/CC_and_PC.o
                0x08000b04                Update_Waveshape_with_CC_Value
 .text.Update_Params_Based_On_Mode_Selected
                0x08000b30      0x1b0 ./Core/Src/CC_and_PC.o
                0x08000b30                Update_Params_Based_On_Mode_Selected
 .text.Set_Waveshape_to_CC_Mode_and_Value
                0x08000ce0       0x20 ./Core/Src/CC_and_PC.o
                0x08000ce0                Set_Waveshape_to_CC_Mode_and_Value
 .text.Set_Speed_to_CC_Mode_and_Value
                0x08000d00       0x20 ./Core/Src/CC_and_PC.o
                0x08000d00                Set_Speed_to_CC_Mode_and_Value
 .text.Set_Depth_to_CC_Mode_and_Value
                0x08000d20       0x20 ./Core/Src/CC_and_PC.o
                0x08000d20                Set_Depth_to_CC_Mode_and_Value
 .text.Set_Symmetry_to_CC_Mode_and_Value
                0x08000d40       0x20 ./Core/Src/CC_and_PC.o
                0x08000d40                Set_Symmetry_to_CC_Mode_and_Value
 .text.Set_Phase_to_CC_Mode_and_Value
                0x08000d60       0x20 ./Core/Src/CC_and_PC.o
                0x08000d60                Set_Phase_to_CC_Mode_and_Value
 .text.Set_All_Pots_to_PC_Mode
                0x08000d80       0x4c ./Core/Src/CC_and_PC.o
                0x08000d80                Set_All_Pots_to_PC_Mode
 .text.Store_Params_as_User_Preset
                0x08000dcc       0x34 ./Core/Src/CC_and_PC.o
                0x08000dcc                Store_Params_as_User_Preset
 .text.Set_to_PC_Mode
                0x08000e00       0x24 ./Core/Src/CC_and_PC.o
                0x08000e00                Set_to_PC_Mode
 .text.Set_LED_to_State
                0x08000e24       0x8c ./Core/Src/LED.o
                0x08000e24                Set_LED_to_State
 .text.Is_Status_Byte
                0x08000eb0        0x6 ./Core/Src/MIDI.o
                0x08000eb0                Is_Status_Byte
 .text.Is_Data_Byte
                0x08000eb6        0xa ./Core/Src/MIDI.o
                0x08000eb6                Is_Data_Byte
 .text.Is_PC_Status_Byte
                0x08000ec0        0xe ./Core/Src/MIDI.o
                0x08000ec0                Is_PC_Status_Byte
 .text.Is_CC_Status_Byte
                0x08000ece        0xe ./Core/Src/MIDI.o
                0x08000ece                Is_CC_Status_Byte
 .text.Is_Utilised_Channel_Mode_CC_First_Data_Byte
                0x08000edc       0x36 ./Core/Src/MIDI.o
                0x08000edc                Is_Utilised_Channel_Mode_CC_First_Data_Byte
 .text.Is_Utilised_CC_First_Data_Byte
                0x08000f12       0x40 ./Core/Src/MIDI.o
                0x08000f12                Is_Utilised_CC_First_Data_Byte
 .text.Channel_Mode_CC_Second_Data_Byte_Is_Valid_Given_Utilised_First_Data_Byte
                0x08000f52       0x4e ./Core/Src/MIDI.o
                0x08000f52                Channel_Mode_CC_Second_Data_Byte_Is_Valid_Given_Utilised_First_Data_Byte
 .text.Is_Sysex_Start_Status_Byte
                0x08000fa0        0xc ./Core/Src/MIDI.o
                0x08000fa0                Is_Sysex_Start_Status_Byte
 .text.Is_Channelised_Status_Byte_On_Basic_Channel
                0x08000fac       0x1c ./Core/Src/MIDI.o
                0x08000fac                Is_Channelised_Status_Byte_On_Basic_Channel
 .text.Is_Data_Buffer_Empty
                0x08000fc8       0x18 ./Core/Src/MIDI.o
                0x08000fc8                Is_Data_Buffer_Empty
 .text.Clear_Data_Buffer
                0x08000fe0       0x10 ./Core/Src/MIDI.o
                0x08000fe0                Clear_Data_Buffer
 .text.Is_Program_Change_Data_Byte_In_Range
                0x08000ff0        0xa ./Core/Src/MIDI.o
                0x08000ff0                Is_Program_Change_Data_Byte_In_Range
 .text.Is_System_Real_Time_Status_Byte
                0x08000ffa       0x48 ./Core/Src/MIDI.o
                0x08000ffa                Is_System_Real_Time_Status_Byte
 .text.Is_OMNI_On
                0x08001042       0x14 ./Core/Src/MIDI.o
                0x08001042                Is_OMNI_On
 .text.Reset_and_Stop_MIDI_Software_Timer
                0x08001056       0x22 ./Core/Src/MIDI.o
                0x08001056                Reset_and_Stop_MIDI_Software_Timer
 .text.Reset_All_Controllers
                0x08001078       0x60 ./Core/Src/MIDI.o
                0x08001078                Reset_All_Controllers
 .text.Set_Local_Control
                0x080010d8       0x50 ./Core/Src/MIDI.o
                0x080010d8                Set_Local_Control
 .text.Set_OMNI_Off
                0x08001128        0xe ./Core/Src/MIDI.o
                0x08001128                Set_OMNI_Off
 .text.Set_OMNI_On
                0x08001136        0xe ./Core/Src/MIDI.o
                0x08001136                Set_OMNI_On
 .text.Start_UART_Receive
                0x08001144       0x18 ./Core/Src/UART.o
                0x08001144                Start_UART_Receive
 .text.Pot_Check
                0x0800115c      0x148 ./Core/Src/checking_functions.o
                0x0800115c                Pot_Check
 .text.Check_Tap_Tempo_Switch_State
                0x080012a4       0x6c ./Core/Src/checking_functions.o
                0x080012a4                Check_Tap_Tempo_Switch_State
 .text.SystemClock_Config
                0x08001310       0x80 ./Core/Src/config.o
                0x08001310                SystemClock_Config
 .text.MX_ADC1_Init
                0x08001390      0x100 ./Core/Src/config.o
                0x08001390                MX_ADC1_Init
 .text.MX_TIM16_Init
                0x08001490       0xb0 ./Core/Src/config.o
                0x08001490                MX_TIM16_Init
 .text.MX_TIM2_Init
                0x08001540       0xb8 ./Core/Src/config.o
                0x08001540                MX_TIM2_Init
 .text.MX_TIM3_Init
                0x080015f8       0xc4 ./Core/Src/config.o
                0x080015f8                MX_TIM3_Init
 .text.MX_TIM1_Init
                0x080016bc      0x128 ./Core/Src/config.o
                0x080016bc                MX_TIM1_Init
 .text.MX_TIM17_Init
                0x080017e4       0xbc ./Core/Src/config.o
                0x080017e4                MX_TIM17_Init
 .text.MX_LPTIM1_Init
                0x080018a0       0x50 ./Core/Src/config.o
                0x080018a0                MX_LPTIM1_Init
 .text.MX_TIM14_Init
                0x080018f0       0x7c ./Core/Src/config.o
                0x080018f0                MX_TIM14_Init
 .text.MX_USART2_UART_Init
                0x0800196c       0x3c ./Core/Src/config.o
                0x0800196c                MX_USART2_UART_Init
 .text.MX_DMA_Init
                0x080019a8       0x40 ./Core/Src/config.o
                0x080019a8                MX_DMA_Init
 .text.MX_GPIO_Init
                0x080019e8      0x150 ./Core/Src/config.o
                0x080019e8                MX_GPIO_Init
 .text.Error_Handler
                0x08001b38        0x4 ./Core/Src/config.o
                0x08001b38                Error_Handler
 .text.System_Init
                0x08001b3c       0xf0 ./Core/Src/config.o
                0x08001b3c                System_Init
 .text.UART2_RX_transfer_complete_callback
                0x08001c2c     0x115c ./Core/Src/custom_callbacks.o
                0x08001c2c                UART2_RX_transfer_complete_callback
 .text.LPTIM1_callback
                0x08002d88      0x7ac ./Core/Src/custom_callbacks.o
                0x08002d88                LPTIM1_callback
 .text.TIM14_callback
                0x08003534      0x3ec ./Core/Src/custom_callbacks.o
                0x08003534                TIM14_callback
 .text.TIM16_callback
                0x08003920       0x4c ./Core/Src/custom_callbacks.o
                0x08003920                TIM16_callback
 .text.ADC_DMA_conversion_complete_callback
                0x0800396c       0x7c ./Core/Src/custom_callbacks.o
                0x0800396c                ADC_DMA_conversion_complete_callback
 .text.TIM2_ch1_IP_capture_callback
                0x080039e8       0xe8 ./Core/Src/custom_callbacks.o
                0x080039e8                TIM2_ch1_IP_capture_callback
 .text.TIM2_ch1_overflow_callback
                0x08003ad0       0xc8 ./Core/Src/custom_callbacks.o
                0x08003ad0                TIM2_ch1_overflow_callback
 .text.TIM3_ch1_IP_capture_measurement_reelapse_callback
                0x08003b98       0xf8 ./Core/Src/custom_callbacks.o
                0x08003b98                TIM3_ch1_IP_capture_measurement_reelapse_callback
 .text.UART2_TX_transfer_complete_callback
                0x08003c90        0x2 ./Core/Src/custom_callbacks.o
                0x08003c90                UART2_TX_transfer_complete_callback
 *fill*         0x08003c92        0x2 
 .text.HAL_GPIO_EXTI_Falling_Callback
                0x08003c94       0x3c ./Core/Src/custom_callbacks.o
                0x08003c94                HAL_GPIO_EXTI_Falling_Callback
 .text.HAL_GPIO_EXTI_Rising_Callback
                0x08003cd0      0x190 ./Core/Src/custom_callbacks.o
                0x08003cd0                HAL_GPIO_EXTI_Rising_Callback
 .text.TIM17_callback
                0x08003e60        0x2 ./Core/Src/custom_callbacks.o
                0x08003e60                TIM17_callback
 *fill*         0x08003e62        0x2 
 .text.Input_Capture_Processing
                0x08003e64       0x3c ./Core/Src/input_capture.o
                0x08003e64                Input_Capture_Processing
 .text.Start_IC_TIM
                0x08003ea0       0x2c ./Core/Src/input_capture.o
                0x08003ea0                Start_IC_TIM
 .text.Start_Input_Capture_Timer
                0x08003ecc       0x1c ./Core/Src/input_capture.o
                0x08003ecc                Start_Input_Capture_Timer
 .text.Copy_Params_Structs
                0x08003ee8       0x18 ./Core/Src/input_capture.o
                0x08003ee8                Copy_Params_Structs
 .text.Start_Measurement_Reelapse_Timer
                0x08003f00       0x30 ./Core/Src/input_capture.o
                0x08003f00                Start_Measurement_Reelapse_Timer
 .text.Begin_Input_Capture_Measurement
                0x08003f30       0x10 ./Core/Src/input_capture.o
                0x08003f30                Begin_Input_Capture_Measurement
 .text.main     0x08003f40      0x1b0 ./Core/Src/main.o
                0x08003f40                main
 .text.Start_PWM_Gen_Timer_Main_and_Secondary_Oscillators
                0x080040f0       0x34 ./Core/Src/oscillator.o
                0x080040f0                Start_PWM_Gen_Timer_Main_and_Secondary_Oscillators
 .text.Start_Freq_Gen_Timer
                0x08004124       0x1c ./Core/Src/oscillator.o
                0x08004124                Start_Freq_Gen_Timer
 .text.Process_Phase_Accumulator_Base_Increment
                0x08004140       0x36 ./Core/Src/oscillator.o
                0x08004140                Process_Phase_Accumulator_Base_Increment
 *fill*         0x08004176        0x2 
 .text.Set_Oscillator_Values
                0x08004178       0x18 ./Core/Src/oscillator.o
                0x08004178                Set_Oscillator_Values
 .text.Calculate_Next_Main_Oscillator_Values
                0x08004190      0x13c ./Core/Src/oscillator.o
                0x08004190                Calculate_Next_Main_Oscillator_Values
 .text.Process_ADC_Conversion_Values
                0x080042cc       0x44 ./Core/Src/oscillator.o
                0x080042cc                Process_ADC_Conversion_Values
 .text.Startup  0x08004310      0x144 ./Core/Src/startup.o
                0x08004310                Startup
 .text.Advance_Pending_States
                0x08004454       0x3c ./Core/Src/state_machine.o
                0x08004454                Advance_Pending_States
 .text.HAL_MspInit
                0x08004490       0x30 ./Core/Src/stm32g0xx_hal_msp.o
                0x08004490                HAL_MspInit
 .text.HAL_ADC_MspInit
                0x080044c0       0xa0 ./Core/Src/stm32g0xx_hal_msp.o
                0x080044c0                HAL_ADC_MspInit
 .text.HAL_LPTIM_MspInit
                0x08004560       0xec ./Core/Src/stm32g0xx_hal_msp.o
                0x08004560                HAL_LPTIM_MspInit
 .text.HAL_TIM_Base_MspInit
                0x0800464c      0x16c ./Core/Src/stm32g0xx_hal_msp.o
                0x0800464c                HAL_TIM_Base_MspInit
 .text.HAL_TIM_MspPostInit
                0x080047b8       0x78 ./Core/Src/stm32g0xx_hal_msp.o
                0x080047b8                HAL_TIM_MspPostInit
 .text.HAL_UART_MspInit
                0x08004830       0xec ./Core/Src/stm32g0xx_hal_msp.o
                0x08004830                HAL_UART_MspInit
 .text.NMI_Handler
                0x0800491c        0x2 ./Core/Src/stm32g0xx_it.o
                0x0800491c                NMI_Handler
 .text.HardFault_Handler
                0x0800491e        0x2 ./Core/Src/stm32g0xx_it.o
                0x0800491e                HardFault_Handler
 .text.SVC_Handler
                0x08004920        0x2 ./Core/Src/stm32g0xx_it.o
                0x08004920                SVC_Handler
 .text.PendSV_Handler
                0x08004922        0x2 ./Core/Src/stm32g0xx_it.o
                0x08004922                PendSV_Handler
 .text.SysTick_Handler
                0x08004924        0x8 ./Core/Src/stm32g0xx_it.o
                0x08004924                SysTick_Handler
 .text.EXTI4_15_IRQHandler
                0x0800492c        0xa ./Core/Src/stm32g0xx_it.o
                0x0800492c                EXTI4_15_IRQHandler
 *fill*         0x08004936        0x2 
 .text.DMA1_Channel1_IRQHandler
                0x08004938       0x10 ./Core/Src/stm32g0xx_it.o
                0x08004938                DMA1_Channel1_IRQHandler
 .text.DMA1_Channel2_3_IRQHandler
                0x08004948       0x18 ./Core/Src/stm32g0xx_it.o
                0x08004948                DMA1_Channel2_3_IRQHandler
 .text.TIM2_IRQHandler
                0x08004960       0x10 ./Core/Src/stm32g0xx_it.o
                0x08004960                TIM2_IRQHandler
 .text.TIM3_IRQHandler
                0x08004970       0x10 ./Core/Src/stm32g0xx_it.o
                0x08004970                TIM3_IRQHandler
 .text.TIM16_IRQHandler
                0x08004980       0x10 ./Core/Src/stm32g0xx_it.o
                0x08004980                TIM16_IRQHandler
 .text.USART2_IRQHandler
                0x08004990       0x10 ./Core/Src/stm32g0xx_it.o
                0x08004990                USART2_IRQHandler
 .text.LPTIM1_IRQHandler
                0x080049a0       0x10 ./Core/Src/stm32g0xx_it.o
                0x080049a0                LPTIM1_IRQHandler
 .text.TIM17_IRQHandler
                0x080049b0       0x10 ./Core/Src/stm32g0xx_it.o
                0x080049b0                TIM17_IRQHandler
 .text.TIM14_IRQHandler
                0x080049c0       0x10 ./Core/Src/stm32g0xx_it.o
                0x080049c0                TIM14_IRQHandler
 .text.Process_Symmetry_Warp_Parameters
                0x080049d0       0x38 ./Core/Src/symmetry_adjustment.o
                0x080049d0                Process_Symmetry_Warp_Parameters
 .text.Symmetry_Warp
                0x08004a08       0xa2 ./Core/Src/symmetry_adjustment.o
                0x08004a08                Symmetry_Warp
 .text.Inverse_Symmetry_Warp
                0x08004aaa       0xa8 ./Core/Src/symmetry_adjustment.o
                0x08004aaa                Inverse_Symmetry_Warp
 .text.SystemInit
                0x08004b52        0x2 ./Core/Src/system_stm32g0xx.o
                0x08004b52                SystemInit
 .text.Start_OC_TIM
                0x08004b54       0x14 ./Core/Src/timers.o
                0x08004b54                Start_OC_TIM
 .text.Stop_OC_TIM
                0x08004b68       0x14 ./Core/Src/timers.o
                0x08004b68                Stop_OC_TIM
 .text.Global_Interrupt_Enable
                0x08004b7c        0x6 ./Core/Src/utility.o
                0x08004b7c                Global_Interrupt_Enable
 .text.Get_Status_Bit
                0x08004b82        0xc ./Core/Src/utility.o
                0x08004b82                Get_Status_Bit
 .text.Set_Status_Bit
                0x08004b8e        0x8 ./Core/Src/utility.o
                0x08004b8e                Set_Status_Bit
 .text.Clear_Status_Bit
                0x08004b96        0x8 ./Core/Src/utility.o
                0x08004b96                Clear_Status_Bit
 *fill*         0x08004b9e        0x2 
 .text.Reset_Handler
                0x08004ba0       0x50 ./Core/Startup/startup_stm32g031k8tx.o
                0x08004ba0                Reset_Handler
 .text.Default_Handler
                0x08004bf0        0x2 ./Core/Startup/startup_stm32g031k8tx.o
                0x08004bf0                TIM1_BRK_UP_TRG_COM_IRQHandler
                0x08004bf0                PVD_IRQHandler
                0x08004bf0                I2C1_IRQHandler
                0x08004bf0                LPTIM2_IRQHandler
                0x08004bf0                RTC_TAMP_IRQHandler
                0x08004bf0                SPI1_IRQHandler
                0x08004bf0                DMA1_Ch4_5_DMAMUX1_OVR_IRQHandler
                0x08004bf0                EXTI2_3_IRQHandler
                0x08004bf0                ADC1_IRQHandler
                0x08004bf0                I2C2_IRQHandler
                0x08004bf0                RCC_IRQHandler
                0x08004bf0                Default_Handler
                0x08004bf0                EXTI0_1_IRQHandler
                0x08004bf0                SPI2_IRQHandler
                0x08004bf0                WWDG_IRQHandler
                0x08004bf0                LPUART1_IRQHandler
                0x08004bf0                FLASH_IRQHandler
                0x08004bf0                USART1_IRQHandler
                0x08004bf0                TIM1_CC_IRQHandler
 *fill*         0x08004bf2        0x2 
 .text.HAL_InitTick
                0x08004bf4       0x50 ./Drivers/STM32G0xx_HAL_Driver/Src/stm32g0xx_hal.o
                0x08004bf4                HAL_InitTick
 .text.HAL_Init
                0x08004c44       0x28 ./Drivers/STM32G0xx_HAL_Driver/Src/stm32g0xx_hal.o
                0x08004c44                HAL_Init
 .text.HAL_IncTick
                0x08004c6c       0x18 ./Drivers/STM32G0xx_HAL_Driver/Src/stm32g0xx_hal.o
                0x08004c6c                HAL_IncTick
 .text.HAL_GetTick
                0x08004c84        0xc ./Drivers/STM32G0xx_HAL_Driver/Src/stm32g0xx_hal.o
                0x08004c84                HAL_GetTick
 .text.HAL_ADC_ConvCpltCallback
                0x08004c90        0x2 ./Drivers/STM32G0xx_HAL_Driver/Src/stm32g0xx_hal_adc.o
                0x08004c90                HAL_ADC_ConvCpltCallback
 .text.HAL_ADC_ConvHalfCpltCallback
                0x08004c92        0x2 ./Drivers/STM32G0xx_HAL_Driver/Src/stm32g0xx_hal_adc.o
                0x08004c92                HAL_ADC_ConvHalfCpltCallback
 .text.HAL_ADC_LevelOutOfWindowCallback
                0x08004c94        0x2 ./Drivers/STM32G0xx_HAL_Driver/Src/stm32g0xx_hal_adc.o
                0x08004c94                HAL_ADC_LevelOutOfWindowCallback
 .text.HAL_ADC_ErrorCallback
                0x08004c96        0x2 ./Drivers/STM32G0xx_HAL_Driver/Src/stm32g0xx_hal_adc.o
                0x08004c96                HAL_ADC_ErrorCallback
 .text.ADC_DMAConvCplt
                0x08004c98       0x80 ./Drivers/STM32G0xx_HAL_Driver/Src/stm32g0xx_hal_adc.o
 .text.ADC_DMAHalfConvCplt
                0x08004d18        0xa ./Drivers/STM32G0xx_HAL_Driver/Src/stm32g0xx_hal_adc.o
 .text.ADC_DMAError
                0x08004d22       0x1a ./Drivers/STM32G0xx_HAL_Driver/Src/stm32g0xx_hal_adc.o
 .text.HAL_ADC_Init
                0x08004d3c      0x284 ./Drivers/STM32G0xx_HAL_Driver/Src/stm32g0xx_hal_adc.o
                0x08004d3c                HAL_ADC_Init
 .text.HAL_ADC_RegisterCallback
                0x08004fc0       0xa4 ./Drivers/STM32G0xx_HAL_Driver/Src/stm32g0xx_hal_adc.o
                0x08004fc0                HAL_ADC_RegisterCallback
 .text.HAL_ADC_ConfigChannel
                0x08005064      0x278 ./Drivers/STM32G0xx_HAL_Driver/Src/stm32g0xx_hal_adc.o
                0x08005064                HAL_ADC_ConfigChannel
 .text.ADC_ConversionStop
                0x080052dc       0x6c ./Drivers/STM32G0xx_HAL_Driver/Src/stm32g0xx_hal_adc.o
                0x080052dc                ADC_ConversionStop
 .text.ADC_Enable
                0x08005348       0xdc ./Drivers/STM32G0xx_HAL_Driver/Src/stm32g0xx_hal_adc.o
                0x08005348                ADC_Enable
 .text.HAL_ADC_Start_DMA
                0x08005424       0xbc ./Drivers/STM32G0xx_HAL_Driver/Src/stm32g0xx_hal_adc.o
                0x08005424                HAL_ADC_Start_DMA
 .text.ADC_Disable
                0x080054e0       0x90 ./Drivers/STM32G0xx_HAL_Driver/Src/stm32g0xx_hal_adc.o
                0x080054e0                ADC_Disable
 .text.HAL_ADC_Stop_DMA
                0x08005570       0x84 ./Drivers/STM32G0xx_HAL_Driver/Src/stm32g0xx_hal_adc.o
                0x08005570                HAL_ADC_Stop_DMA
 .text.HAL_ADCEx_Calibration_Start
                0x080055f4      0x1ac ./Drivers/STM32G0xx_HAL_Driver/Src/stm32g0xx_hal_adc_ex.o
                0x080055f4                HAL_ADCEx_Calibration_Start
 .text.HAL_ADCEx_LevelOutOfWindow2Callback
                0x080057a0        0x2 ./Drivers/STM32G0xx_HAL_Driver/Src/stm32g0xx_hal_adc_ex.o
                0x080057a0                HAL_ADCEx_LevelOutOfWindow2Callback
 .text.HAL_ADCEx_LevelOutOfWindow3Callback
                0x080057a2        0x2 ./Drivers/STM32G0xx_HAL_Driver/Src/stm32g0xx_hal_adc_ex.o
                0x080057a2                HAL_ADCEx_LevelOutOfWindow3Callback
 .text.HAL_ADCEx_EndOfSamplingCallback
                0x080057a4        0x2 ./Drivers/STM32G0xx_HAL_Driver/Src/stm32g0xx_hal_adc_ex.o
                0x080057a4                HAL_ADCEx_EndOfSamplingCallback
 *fill*         0x080057a6        0x2 
 .text.HAL_NVIC_SetPriority
                0x080057a8       0x64 ./Drivers/STM32G0xx_HAL_Driver/Src/stm32g0xx_hal_cortex.o
                0x080057a8                HAL_NVIC_SetPriority
 .text.HAL_NVIC_EnableIRQ
                0x0800580c       0x18 ./Drivers/STM32G0xx_HAL_Driver/Src/stm32g0xx_hal_cortex.o
                0x0800580c                HAL_NVIC_EnableIRQ
 .text.HAL_NVIC_DisableIRQ
                0x08005824       0x20 ./Drivers/STM32G0xx_HAL_Driver/Src/stm32g0xx_hal_cortex.o
                0x08005824                HAL_NVIC_DisableIRQ
 .text.HAL_SYSTICK_Config
                0x08005844       0x38 ./Drivers/STM32G0xx_HAL_Driver/Src/stm32g0xx_hal_cortex.o
                0x08005844                HAL_SYSTICK_Config
 .text.DMA_SetConfig
                0x0800587c       0x48 ./Drivers/STM32G0xx_HAL_Driver/Src/stm32g0xx_hal_dma.o
 .text.DMA_CalcDMAMUXChannelBaseAndMask
                0x080058c4       0x34 ./Drivers/STM32G0xx_HAL_Driver/Src/stm32g0xx_hal_dma.o
 .text.HAL_DMA_Init
                0x080058f8       0xc8 ./Drivers/STM32G0xx_HAL_Driver/Src/stm32g0xx_hal_dma.o
                0x080058f8                HAL_DMA_Init
 .text.HAL_DMA_Start_IT
                0x080059c0       0x9c ./Drivers/STM32G0xx_HAL_Driver/Src/stm32g0xx_hal_dma.o
                0x080059c0                HAL_DMA_Start_IT
 .text.HAL_DMA_Abort
                0x08005a5c       0x80 ./Drivers/STM32G0xx_HAL_Driver/Src/stm32g0xx_hal_dma.o
                0x08005a5c                HAL_DMA_Abort
 .text.HAL_DMA_Abort_IT
                0x08005adc       0x80 ./Drivers/STM32G0xx_HAL_Driver/Src/stm32g0xx_hal_dma.o
                0x08005adc                HAL_DMA_Abort_IT
 .text.HAL_DMA_IRQHandler
                0x08005b5c       0xcc ./Drivers/STM32G0xx_HAL_Driver/Src/stm32g0xx_hal_dma.o
                0x08005b5c                HAL_DMA_IRQHandler
 .text.HAL_FLASH_Unlock
                0x08005c28       0x28 ./Drivers/STM32G0xx_HAL_Driver/Src/stm32g0xx_hal_flash.o
                0x08005c28                HAL_FLASH_Unlock
 .text.FLASH_WaitForLastOperation
                0x08005c50       0x90 ./Drivers/STM32G0xx_HAL_Driver/Src/stm32g0xx_hal_flash.o
                0x08005c50                FLASH_WaitForLastOperation
 .text.HAL_FLASH_Program
                0x08005ce0       0x6c ./Drivers/STM32G0xx_HAL_Driver/Src/stm32g0xx_hal_flash.o
                0x08005ce0                HAL_FLASH_Program
 .text.HAL_FLASH_Lock
                0x08005d4c       0x24 ./Drivers/STM32G0xx_HAL_Driver/Src/stm32g0xx_hal_flash.o
                0x08005d4c                HAL_FLASH_Lock
 .text.FLASH_PageErase
                0x08005d70       0x20 ./Drivers/STM32G0xx_HAL_Driver/Src/stm32g0xx_hal_flash_ex.o
                0x08005d70                FLASH_PageErase
 .text.HAL_FLASHEx_Erase
                0x08005d90       0x9c ./Drivers/STM32G0xx_HAL_Driver/Src/stm32g0xx_hal_flash_ex.o
                0x08005d90                HAL_FLASHEx_Erase
 .text.HAL_GPIO_Init
                0x08005e2c      0x1d8 ./Drivers/STM32G0xx_HAL_Driver/Src/stm32g0xx_hal_gpio.o
                0x08005e2c                HAL_GPIO_Init
 .text.HAL_GPIO_ReadPin
                0x08006004        0xc ./Drivers/STM32G0xx_HAL_Driver/Src/stm32g0xx_hal_gpio.o
                0x08006004                HAL_GPIO_ReadPin
 .text.HAL_GPIO_WritePin
                0x08006010        0xc ./Drivers/STM32G0xx_HAL_Driver/Src/stm32g0xx_hal_gpio.o
                0x08006010                HAL_GPIO_WritePin
 .text.HAL_GPIO_EXTI_IRQHandler
                0x0800601c       0x30 ./Drivers/STM32G0xx_HAL_Driver/Src/stm32g0xx_hal_gpio.o
                0x0800601c                HAL_GPIO_EXTI_IRQHandler
 .text.HAL_LPTIM_CompareMatchCallback
                0x0800604c        0x2 ./Drivers/STM32G0xx_HAL_Driver/Src/stm32g0xx_hal_lptim.o
                0x0800604c                HAL_LPTIM_CompareMatchCallback
 .text.HAL_LPTIM_AutoReloadMatchCallback
                0x0800604e        0x2 ./Drivers/STM32G0xx_HAL_Driver/Src/stm32g0xx_hal_lptim.o
                0x0800604e                HAL_LPTIM_AutoReloadMatchCallback
 .text.HAL_LPTIM_TriggerCallback
                0x08006050        0x2 ./Drivers/STM32G0xx_HAL_Driver/Src/stm32g0xx_hal_lptim.o
                0x08006050                HAL_LPTIM_TriggerCallback
 .text.HAL_LPTIM_CompareWriteCallback
                0x08006052        0x2 ./Drivers/STM32G0xx_HAL_Driver/Src/stm32g0xx_hal_lptim.o
                0x08006052                HAL_LPTIM_CompareWriteCallback
 .text.HAL_LPTIM_AutoReloadWriteCallback
                0x08006054        0x2 ./Drivers/STM32G0xx_HAL_Driver/Src/stm32g0xx_hal_lptim.o
                0x08006054                HAL_LPTIM_AutoReloadWriteCallback
 .text.HAL_LPTIM_DirectionUpCallback
                0x08006056        0x2 ./Drivers/STM32G0xx_HAL_Driver/Src/stm32g0xx_hal_lptim.o
                0x08006056                HAL_LPTIM_DirectionUpCallback
 .text.HAL_LPTIM_DirectionDownCallback
                0x08006058        0x2 ./Drivers/STM32G0xx_HAL_Driver/Src/stm32g0xx_hal_lptim.o
                0x08006058                HAL_LPTIM_DirectionDownCallback
 *fill*         0x0800605a        0x2 
 .text.LPTIM_WaitForFlag
                0x0800605c       0x40 ./Drivers/STM32G0xx_HAL_Driver/Src/stm32g0xx_hal_lptim.o
 .text.HAL_LPTIM_Init
                0x0800609c      0x110 ./Drivers/STM32G0xx_HAL_Driver/Src/stm32g0xx_hal_lptim.o
                0x0800609c                HAL_LPTIM_Init
 .text.HAL_LPTIM_IRQHandler
                0x080061ac       0xac ./Drivers/STM32G0xx_HAL_Driver/Src/stm32g0xx_hal_lptim.o
                0x080061ac                HAL_LPTIM_IRQHandler
 .text.HAL_LPTIM_RegisterCallback
                0x08006258       0x80 ./Drivers/STM32G0xx_HAL_Driver/Src/stm32g0xx_hal_lptim.o
                0x08006258                HAL_LPTIM_RegisterCallback
 .text.LPTIM_Disable
                0x080062d8      0x18c ./Drivers/STM32G0xx_HAL_Driver/Src/stm32g0xx_hal_lptim.o
                0x080062d8                LPTIM_Disable
 .text.HAL_LPTIM_SetOnce_Start_IT
                0x08006464       0xb8 ./Drivers/STM32G0xx_HAL_Driver/Src/stm32g0xx_hal_lptim.o
                0x08006464                HAL_LPTIM_SetOnce_Start_IT
 .text.HAL_PWREx_ControlVoltageScaling
                0x0800651c       0x64 ./Drivers/STM32G0xx_HAL_Driver/Src/stm32g0xx_hal_pwr_ex.o
                0x0800651c                HAL_PWREx_ControlVoltageScaling
 .text.HAL_RCC_OscConfig
                0x08006580      0x524 ./Drivers/STM32G0xx_HAL_Driver/Src/stm32g0xx_hal_rcc.o
                0x08006580                HAL_RCC_OscConfig
 .text.HAL_RCC_GetSysClockFreq
                0x08006aa4       0xb8 ./Drivers/STM32G0xx_HAL_Driver/Src/stm32g0xx_hal_rcc.o
                0x08006aa4                HAL_RCC_GetSysClockFreq
 .text.HAL_RCC_ClockConfig
                0x08006b5c      0x1a8 ./Drivers/STM32G0xx_HAL_Driver/Src/stm32g0xx_hal_rcc.o
                0x08006b5c                HAL_RCC_ClockConfig
 .text.HAL_RCC_GetPCLK1Freq
                0x08006d04       0x28 ./Drivers/STM32G0xx_HAL_Driver/Src/stm32g0xx_hal_rcc.o
                0x08006d04                HAL_RCC_GetPCLK1Freq
 .text.HAL_RCCEx_PeriphCLKConfig
                0x08006d2c      0x20c ./Drivers/STM32G0xx_HAL_Driver/Src/stm32g0xx_hal_rcc_ex.o
                0x08006d2c                HAL_RCCEx_PeriphCLKConfig
 .text.HAL_TIM_OC_MspInit
                0x08006f38        0x2 ./Drivers/STM32G0xx_HAL_Driver/Src/stm32g0xx_hal_tim.o
                0x08006f38                HAL_TIM_OC_MspInit
 .text.HAL_TIM_PWM_MspInit
                0x08006f3a        0x2 ./Drivers/STM32G0xx_HAL_Driver/Src/stm32g0xx_hal_tim.o
                0x08006f3a                HAL_TIM_PWM_MspInit
 .text.HAL_TIM_IC_MspInit
                0x08006f3c        0x2 ./Drivers/STM32G0xx_HAL_Driver/Src/stm32g0xx_hal_tim.o
                0x08006f3c                HAL_TIM_IC_MspInit
 .text.HAL_TIM_PeriodElapsedCallback
                0x08006f3e        0x2 ./Drivers/STM32G0xx_HAL_Driver/Src/stm32g0xx_hal_tim.o
                0x08006f3e                HAL_TIM_PeriodElapsedCallback
 .text.HAL_TIM_PeriodElapsedHalfCpltCallback
                0x08006f40        0x2 ./Drivers/STM32G0xx_HAL_Driver/Src/stm32g0xx_hal_tim.o
                0x08006f40                HAL_TIM_PeriodElapsedHalfCpltCallback
 .text.HAL_TIM_OC_DelayElapsedCallback
                0x08006f42        0x2 ./Drivers/STM32G0xx_HAL_Driver/Src/stm32g0xx_hal_tim.o
                0x08006f42                HAL_TIM_OC_DelayElapsedCallback
 .text.HAL_TIM_IC_CaptureCallback
                0x08006f44        0x2 ./Drivers/STM32G0xx_HAL_Driver/Src/stm32g0xx_hal_tim.o
                0x08006f44                HAL_TIM_IC_CaptureCallback
 .text.HAL_TIM_IC_CaptureHalfCpltCallback
                0x08006f46        0x2 ./Drivers/STM32G0xx_HAL_Driver/Src/stm32g0xx_hal_tim.o
                0x08006f46                HAL_TIM_IC_CaptureHalfCpltCallback
 .text.HAL_TIM_PWM_PulseFinishedCallback
                0x08006f48        0x2 ./Drivers/STM32G0xx_HAL_Driver/Src/stm32g0xx_hal_tim.o
                0x08006f48                HAL_TIM_PWM_PulseFinishedCallback
 .text.HAL_TIM_PWM_PulseFinishedHalfCpltCallback
                0x08006f4a        0x2 ./Drivers/STM32G0xx_HAL_Driver/Src/stm32g0xx_hal_tim.o
                0x08006f4a                HAL_TIM_PWM_PulseFinishedHalfCpltCallback
 .text.HAL_TIM_TriggerCallback
                0x08006f4c        0x2 ./Drivers/STM32G0xx_HAL_Driver/Src/stm32g0xx_hal_tim.o
                0x08006f4c                HAL_TIM_TriggerCallback
 .text.HAL_TIM_TriggerHalfCpltCallback
                0x08006f4e        0x2 ./Drivers/STM32G0xx_HAL_Driver/Src/stm32g0xx_hal_tim.o
                0x08006f4e                HAL_TIM_TriggerHalfCpltCallback
 .text.HAL_TIM_ErrorCallback
                0x08006f50        0x2 ./Drivers/STM32G0xx_HAL_Driver/Src/stm32g0xx_hal_tim.o
                0x08006f50                HAL_TIM_ErrorCallback
 *fill*         0x08006f52        0x2 
 .text.TIM_OC1_SetConfig
                0x08006f54       0x88 ./Drivers/STM32G0xx_HAL_Driver/Src/stm32g0xx_hal_tim.o
 .text.TIM_OC3_SetConfig
                0x08006fdc       0x84 ./Drivers/STM32G0xx_HAL_Driver/Src/stm32g0xx_hal_tim.o
 .text.TIM_OC4_SetConfig
                0x08007060       0x68 ./Drivers/STM32G0xx_HAL_Driver/Src/stm32g0xx_hal_tim.o
 .text.TIM_OC5_SetConfig
                0x080070c8       0x64 ./Drivers/STM32G0xx_HAL_Driver/Src/stm32g0xx_hal_tim.o
 .text.TIM_OC6_SetConfig
                0x0800712c       0x68 ./Drivers/STM32G0xx_HAL_Driver/Src/stm32g0xx_hal_tim.o
 .text.HAL_TIM_Base_Start
                0x08007194       0x64 ./Drivers/STM32G0xx_HAL_Driver/Src/stm32g0xx_hal_tim.o
                0x08007194                HAL_TIM_Base_Start
 .text.HAL_TIM_Base_Start_IT
                0x080071f8       0x6c ./Drivers/STM32G0xx_HAL_Driver/Src/stm32g0xx_hal_tim.o
                0x080071f8                HAL_TIM_Base_Start_IT
 .text.HAL_TIM_IRQHandler
                0x08007264      0x17c ./Drivers/STM32G0xx_HAL_Driver/Src/stm32g0xx_hal_tim.o
                0x08007264                HAL_TIM_IRQHandler
 .text.HAL_TIM_ReadCapturedValue
                0x080073e0       0x32 ./Drivers/STM32G0xx_HAL_Driver/Src/stm32g0xx_hal_tim.o
                0x080073e0                HAL_TIM_ReadCapturedValue
 *fill*         0x08007412        0x2 
 .text.HAL_TIM_RegisterCallback
                0x08007414      0x154 ./Drivers/STM32G0xx_HAL_Driver/Src/stm32g0xx_hal_tim.o
                0x08007414                HAL_TIM_RegisterCallback
 .text.TIM_Base_SetConfig
                0x08007568      0x134 ./Drivers/STM32G0xx_HAL_Driver/Src/stm32g0xx_hal_tim.o
                0x08007568                TIM_Base_SetConfig
 .text.TIM_OC2_SetConfig
                0x0800769c       0x78 ./Drivers/STM32G0xx_HAL_Driver/Src/stm32g0xx_hal_tim.o
                0x0800769c                TIM_OC2_SetConfig
 .text.HAL_TIM_OC_ConfigChannel
                0x08007714       0x6c ./Drivers/STM32G0xx_HAL_Driver/Src/stm32g0xx_hal_tim.o
                0x08007714                HAL_TIM_OC_ConfigChannel
 .text.HAL_TIM_PWM_ConfigChannel
                0x08007780      0x144 ./Drivers/STM32G0xx_HAL_Driver/Src/stm32g0xx_hal_tim.o
                0x08007780                HAL_TIM_PWM_ConfigChannel
 .text.TIM_TI1_SetConfig
                0x080078c4       0x54 ./Drivers/STM32G0xx_HAL_Driver/Src/stm32g0xx_hal_tim.o
                0x080078c4                TIM_TI1_SetConfig
 .text.HAL_TIM_IC_ConfigChannel
                0x08007918      0x17c ./Drivers/STM32G0xx_HAL_Driver/Src/stm32g0xx_hal_tim.o
                0x08007918                HAL_TIM_IC_ConfigChannel
 .text.TIM_ETR_SetConfig
                0x08007a94       0x18 ./Drivers/STM32G0xx_HAL_Driver/Src/stm32g0xx_hal_tim.o
                0x08007a94                TIM_ETR_SetConfig
 .text.HAL_TIM_ConfigClockSource
                0x08007aac      0x17c ./Drivers/STM32G0xx_HAL_Driver/Src/stm32g0xx_hal_tim.o
                0x08007aac                HAL_TIM_ConfigClockSource
 .text.TIM_CCxChannelCmd
                0x08007c28       0x1a ./Drivers/STM32G0xx_HAL_Driver/Src/stm32g0xx_hal_tim.o
                0x08007c28                TIM_CCxChannelCmd
 *fill*         0x08007c42        0x2 
 .text.HAL_TIM_OC_Start_IT
                0x08007c44      0x150 ./Drivers/STM32G0xx_HAL_Driver/Src/stm32g0xx_hal_tim.o
                0x08007c44                HAL_TIM_OC_Start_IT
 .text.HAL_TIM_OC_Stop_IT
                0x08007d94      0x100 ./Drivers/STM32G0xx_HAL_Driver/Src/stm32g0xx_hal_tim.o
                0x08007d94                HAL_TIM_OC_Stop_IT
 .text.HAL_TIM_PWM_Start
                0x08007e94      0x124 ./Drivers/STM32G0xx_HAL_Driver/Src/stm32g0xx_hal_tim.o
                0x08007e94                HAL_TIM_PWM_Start
 .text.HAL_TIM_IC_Start_IT
                0x08007fb8      0x140 ./Drivers/STM32G0xx_HAL_Driver/Src/stm32g0xx_hal_tim.o
                0x08007fb8                HAL_TIM_IC_Start_IT
 .text.TIM_ResetCallback
                0x080080f8       0x90 ./Drivers/STM32G0xx_HAL_Driver/Src/stm32g0xx_hal_tim.o
                0x080080f8                TIM_ResetCallback
 .text.HAL_TIM_Base_Init
                0x08008188       0x78 ./Drivers/STM32G0xx_HAL_Driver/Src/stm32g0xx_hal_tim.o
                0x08008188                HAL_TIM_Base_Init
 .text.HAL_TIM_OC_Init
                0x08008200       0x78 ./Drivers/STM32G0xx_HAL_Driver/Src/stm32g0xx_hal_tim.o
                0x08008200                HAL_TIM_OC_Init
 .text.HAL_TIM_PWM_Init
                0x08008278       0x78 ./Drivers/STM32G0xx_HAL_Driver/Src/stm32g0xx_hal_tim.o
                0x08008278                HAL_TIM_PWM_Init
 .text.HAL_TIM_IC_Init
                0x080082f0       0x78 ./Drivers/STM32G0xx_HAL_Driver/Src/stm32g0xx_hal_tim.o
                0x080082f0                HAL_TIM_IC_Init
 .text.HAL_TIMEx_MasterConfigSynchronization
                0x08008368       0x78 ./Drivers/STM32G0xx_HAL_Driver/Src/stm32g0xx_hal_tim_ex.o
                0x08008368                HAL_TIMEx_MasterConfigSynchronization
 .text.HAL_TIMEx_ConfigBreakDeadTime
                0x080083e0       0xc4 ./Drivers/STM32G0xx_HAL_Driver/Src/stm32g0xx_hal_tim_ex.o
                0x080083e0                HAL_TIMEx_ConfigBreakDeadTime
 .text.HAL_TIMEx_CommutCallback
                0x080084a4        0x2 ./Drivers/STM32G0xx_HAL_Driver/Src/stm32g0xx_hal_tim_ex.o
                0x080084a4                HAL_TIMEx_CommutCallback
 .text.HAL_TIMEx_CommutHalfCpltCallback
                0x080084a6        0x2 ./Drivers/STM32G0xx_HAL_Driver/Src/stm32g0xx_hal_tim_ex.o
                0x080084a6                HAL_TIMEx_CommutHalfCpltCallback
 .text.HAL_TIMEx_BreakCallback
                0x080084a8        0x2 ./Drivers/STM32G0xx_HAL_Driver/Src/stm32g0xx_hal_tim_ex.o
                0x080084a8                HAL_TIMEx_BreakCallback
 .text.HAL_TIMEx_Break2Callback
                0x080084aa        0x2 ./Drivers/STM32G0xx_HAL_Driver/Src/stm32g0xx_hal_tim_ex.o
                0x080084aa                HAL_TIMEx_Break2Callback
 .text.HAL_UART_TxCpltCallback
                0x080084ac        0x2 ./Drivers/STM32G0xx_HAL_Driver/Src/stm32g0xx_hal_uart.o
                0x080084ac                HAL_UART_TxCpltCallback
 .text.HAL_UART_TxHalfCpltCallback
                0x080084ae        0x2 ./Drivers/STM32G0xx_HAL_Driver/Src/stm32g0xx_hal_uart.o
                0x080084ae                HAL_UART_TxHalfCpltCallback
 .text.HAL_UART_RxCpltCallback
                0x080084b0        0x2 ./Drivers/STM32G0xx_HAL_Driver/Src/stm32g0xx_hal_uart.o
                0x080084b0                HAL_UART_RxCpltCallback
 .text.HAL_UART_RxHalfCpltCallback
                0x080084b2        0x2 ./Drivers/STM32G0xx_HAL_Driver/Src/stm32g0xx_hal_uart.o
                0x080084b2                HAL_UART_RxHalfCpltCallback
 .text.HAL_UART_ErrorCallback
                0x080084b4        0x2 ./Drivers/STM32G0xx_HAL_Driver/Src/stm32g0xx_hal_uart.o
                0x080084b4                HAL_UART_ErrorCallback
 .text.HAL_UART_AbortCpltCallback
                0x080084b6        0x2 ./Drivers/STM32G0xx_HAL_Driver/Src/stm32g0xx_hal_uart.o
                0x080084b6                HAL_UART_AbortCpltCallback
 .text.HAL_UART_AbortTransmitCpltCallback
                0x080084b8        0x2 ./Drivers/STM32G0xx_HAL_Driver/Src/stm32g0xx_hal_uart.o
                0x080084b8                HAL_UART_AbortTransmitCpltCallback
 .text.HAL_UART_AbortReceiveCpltCallback
                0x080084ba        0x2 ./Drivers/STM32G0xx_HAL_Driver/Src/stm32g0xx_hal_uart.o
                0x080084ba                HAL_UART_AbortReceiveCpltCallback
 .text.HAL_UARTEx_RxEventCallback
                0x080084bc        0x2 ./Drivers/STM32G0xx_HAL_Driver/Src/stm32g0xx_hal_uart.o
                0x080084bc                HAL_UARTEx_RxEventCallback
 *fill*         0x080084be        0x2 
 .text.UART_EndTxTransfer
                0x080084c0       0x3c ./Drivers/STM32G0xx_HAL_Driver/Src/stm32g0xx_hal_uart.o
 .text.UART_EndRxTransfer
                0x080084fc       0x64 ./Drivers/STM32G0xx_HAL_Driver/Src/stm32g0xx_hal_uart.o
 .text.UART_DMAReceiveCplt
                0x08008560       0x9c ./Drivers/STM32G0xx_HAL_Driver/Src/stm32g0xx_hal_uart.o
 .text.UART_DMARxHalfCplt
                0x080085fc       0x24 ./Drivers/STM32G0xx_HAL_Driver/Src/stm32g0xx_hal_uart.o
 .text.UART_DMAError
                0x08008620       0x54 ./Drivers/STM32G0xx_HAL_Driver/Src/stm32g0xx_hal_uart.o
 .text.UART_DMAAbortOnError
                0x08008674       0x16 ./Drivers/STM32G0xx_HAL_Driver/Src/stm32g0xx_hal_uart.o
 *fill*         0x0800868a        0x2 
 .text.HAL_UART_RegisterCallback
                0x0800868c       0xe0 ./Drivers/STM32G0xx_HAL_Driver/Src/stm32g0xx_hal_uart.o
                0x0800868c                HAL_UART_RegisterCallback
 .text.HAL_UART_IRQHandler
                0x0800876c      0x364 ./Drivers/STM32G0xx_HAL_Driver/Src/stm32g0xx_hal_uart.o
                0x0800876c                HAL_UART_IRQHandler
 .text.UART_InitCallbacksToDefault
                0x08008ad0       0x7c ./Drivers/STM32G0xx_HAL_Driver/Src/stm32g0xx_hal_uart.o
                0x08008ad0                UART_InitCallbacksToDefault
 .text.UART_SetConfig
                0x08008b4c      0x260 ./Drivers/STM32G0xx_HAL_Driver/Src/stm32g0xx_hal_uart.o
                0x08008b4c                UART_SetConfig
 .text.UART_AdvFeatureConfig
                0x08008dac       0xe0 ./Drivers/STM32G0xx_HAL_Driver/Src/stm32g0xx_hal_uart.o
                0x08008dac                UART_AdvFeatureConfig
 .text.UART_WaitOnFlagUntilTimeout
                0x08008e8c       0xb0 ./Drivers/STM32G0xx_HAL_Driver/Src/stm32g0xx_hal_uart.o
                0x08008e8c                UART_WaitOnFlagUntilTimeout
 .text.UART_CheckIdleState
                0x08008f3c       0xcc ./Drivers/STM32G0xx_HAL_Driver/Src/stm32g0xx_hal_uart.o
                0x08008f3c                UART_CheckIdleState
 .text.HAL_UART_Init
                0x08009008       0x8c ./Drivers/STM32G0xx_HAL_Driver/Src/stm32g0xx_hal_uart.o
                0x08009008                HAL_UART_Init
 .text.UART_Start_Receive_DMA
                0x08009094       0xb4 ./Drivers/STM32G0xx_HAL_Driver/Src/stm32g0xx_hal_uart.o
                0x08009094                UART_Start_Receive_DMA
 .text.HAL_UART_Receive_DMA
                0x08009148       0x70 ./Drivers/STM32G0xx_HAL_Driver/Src/stm32g0xx_hal_uart.o
                0x08009148                HAL_UART_Receive_DMA
 .text.HAL_UARTEx_WakeupCallback
                0x080091b8        0x2 ./Drivers/STM32G0xx_HAL_Driver/Src/stm32g0xx_hal_uart_ex.o
                0x080091b8                HAL_UARTEx_WakeupCallback
 .text.HAL_UARTEx_RxFifoFullCallback
                0x080091ba        0x2 ./Drivers/STM32G0xx_HAL_Driver/Src/stm32g0xx_hal_uart_ex.o
                0x080091ba                HAL_UARTEx_RxFifoFullCallback
 .text.HAL_UARTEx_TxFifoEmptyCallback
                0x080091bc        0x2 ./Drivers/STM32G0xx_HAL_Driver/Src/stm32g0xx_hal_uart_ex.o
                0x080091bc                HAL_UARTEx_TxFifoEmptyCallback
 .text.memset   0x080091be       0x10 /Applications/STM32CubeIDE.app/Contents/Eclipse/plugins/com.st.stm32cube.ide.mcu.externaltools.gnu-tools-for-stm32.14.3.rel1.macos64_1.0.100.202602081740/tools/bin/../lib/gcc/arm-none-eabi/14.3.1/../../../../arm-none-eabi/lib/thumb/v6-m/nofp/libc_nano.a(libc_a-memset.o)
                0x080091be                memset
 *fill*         0x080091ce        0x2 
 .text.__libc_init_array
                0x080091d0       0x48 /Applications/STM32CubeIDE.app/Contents/Eclipse/plugins/com.st.stm32cube.ide.mcu.externaltools.gnu-tools-for-stm32.14.3.rel1.macos64_1.0.100.202602081740/tools/bin/../lib/gcc/arm-none-eabi/14.3.1/../../../../arm-none-eabi/lib/thumb/v6-m/nofp/libc_nano.a(libc_a-init.o)
                0x080091d0                __libc_init_array
 *(.glue_7)
 .glue_7        0x08009218        0x0 linker stubs
 *(.glue_7t)
 .glue_7t       0x08009218        0x0 linker stubs
 *(.eh_frame)
 .eh_frame      0x08009218        0x0 /Applications/STM32CubeIDE.app/Contents/Eclipse/plugins/com.st.stm32cube.ide.mcu.externaltools.gnu-tools-for-stm32.14.3.rel1.macos64_1.0.100.202602081740/tools/bin/../lib/gcc/arm-none-eabi/14.3.1/thumb/v6-m/nofp/crtbegin.o
 *(.init)
 .init          0x08009218        0x4 /Applications/STM32CubeIDE.app/Contents/Eclipse/plugins/com.st.stm32cube.ide.mcu.externaltools.gnu-tools-for-stm32.14.3.rel1.macos64_1.0.100.202602081740/tools/bin/../lib/gcc/arm-none-eabi/14.3.1/thumb/v6-m/nofp/crti.o
                0x08009218                _init
 .init          0x0800921c        0x8 /Applications/STM32CubeIDE.app/Contents/Eclipse/plugins/com.st.stm32cube.ide.mcu.externaltools.gnu-tools-for-stm32.14.3.rel1.macos64_1.0.100.202602081740/tools/bin/../lib/gcc/arm-none-eabi/14.3.1/thumb/v6-m/nofp/crtn.o
 *(.fini)
 .fini          0x08009224        0x4 /Applications/STM32CubeIDE.app/Contents/Eclipse/plugins/com.st.stm32cube.ide.mcu.externaltools.gnu-tools-for-stm32.14.3.rel1.macos64_1.0.100.202602081740/tools/bin/../lib/gcc/arm-none-eabi/14.3.1/thumb/v6-m/nofp/crti.o
                0x08009224                _fini
 .fini          0x08009228        0x8 /Applications/STM32CubeIDE.app/Contents/Eclipse/plugins/com.st.stm32cube.ide.mcu.externaltools.gnu-tools-for-stm32.14.3.rel1.macos64_1.0.100.202602081740/tools/bin/../lib/gcc/arm-none-eabi/14.3.1/thumb/v6-m/nofp/crtn.o
 .fini.__stub   0x08009230       0x10 linker stubs
                0x08009240                        . = ALIGN (0x4)
                0x08009240                        _etext = .

.vfp11_veneer   0x08009240        0x0
 .vfp11_veneer  0x08009240        0x0 linker stubs

.v4_bx          0x08009240        0x0
 .v4_bx         0x08009240        0x0 linker stubs

.iplt           0x08009240        0x0
 .iplt          0x08009240        0x0 /Applications/STM32CubeIDE.app/Contents/Eclipse/plugins/com.st.stm32cube.ide.mcu.externaltools.gnu-tools-for-stm32.14.3.rel1.macos64_1.0.100.202602081740/tools/bin/../lib/gcc/arm-none-eabi/14.3.1/thumb/v6-m/nofp/crtbegin.o

.rodata         0x08009240      0xc70
                0x08009240                        . = ALIGN (0x4)
 *(.rodata)
 .rodata        0x08009240       0x10 ./Core/Src/CC_and_PC.o
 *(.rodata*)
 .rodata.factory_preset_3
                0x08009250        0x5 ./Core/Src/CC_and_PC.o
                0x08009250                factory_preset_3
 *fill*         0x08009255        0x3 
 .rodata.factory_preset_2
                0x08009258        0x5 ./Core/Src/CC_and_PC.o
                0x08009258                factory_preset_2
 *fill*         0x0800925d        0x3 
 .rodata.factory_preset_1
                0x08009260        0x5 ./Core/Src/CC_and_PC.o
                0x08009260                factory_preset_1
 *fill*         0x08009265        0x3 
 .rodata.factory_preset_0
                0x08009268        0x5 ./Core/Src/CC_and_PC.o
                0x08009268                factory_preset_0
 *fill*         0x0800926d        0x3 
 .rodata.Pot_Check
                0x08009270       0x14 ./Core/Src/checking_functions.o
 .rodata.num_ADC_conversions
                0x08009284        0x1 ./Core/Src/oscillator.o
                0x08009284                num_ADC_conversions
 *fill*         0x08009285        0x3 
 .rodata.tri_wavetable
                0x08009288      0x400 ./Core/Src/oscillator.o
                0x08009288                tri_wavetable
 .rodata.sine_wavetable
                0x08009688      0x400 ./Core/Src/oscillator.o
                0x08009688                sine_wavetable
 .rodata.APBPrescTable
                0x08009a88       0x20 ./Core/Src/system_stm32g0xx.o
                0x08009a88                APBPrescTable
 .rodata.AHBPrescTable
                0x08009aa8       0x40 ./Core/Src/system_stm32g0xx.o
                0x08009aa8                AHBPrescTable
 .rodata.HAL_ADC_RegisterCallback
                0x08009ae8       0x2c ./Drivers/STM32G0xx_HAL_Driver/Src/stm32g0xx_hal_adc.o
 .rodata.HAL_LPTIM_RegisterCallback
                0x08009b14       0x24 ./Drivers/STM32G0xx_HAL_Driver/Src/stm32g0xx_hal_lptim.o
 .rodata.HAL_TIM_RegisterCallback
                0x08009b38       0xa8 ./Drivers/STM32G0xx_HAL_Driver/Src/stm32g0xx_hal_tim.o
 .rodata.HAL_TIM_OC_ConfigChannel
                0x08009be0       0x54 ./Drivers/STM32G0xx_HAL_Driver/Src/stm32g0xx_hal_tim.o
 .rodata.HAL_TIM_PWM_ConfigChannel
                0x08009c34       0x54 ./Drivers/STM32G0xx_HAL_Driver/Src/stm32g0xx_hal_tim.o
 .rodata.HAL_TIM_OC_Start_IT
                0x08009c88       0x88 ./Drivers/STM32G0xx_HAL_Driver/Src/stm32g0xx_hal_tim.o
 .rodata.HAL_TIM_OC_Stop_IT
                0x08009d10       0x44 ./Drivers/STM32G0xx_HAL_Driver/Src/stm32g0xx_hal_tim.o
 .rodata.HAL_TIM_PWM_Start
                0x08009d54       0x88 ./Drivers/STM32G0xx_HAL_Driver/Src/stm32g0xx_hal_tim.o
 .rodata.HAL_TIM_IC_Start_IT
                0x08009ddc       0x88 ./Drivers/STM32G0xx_HAL_Driver/Src/stm32g0xx_hal_tim.o
 .rodata.HAL_UART_RegisterCallback
                0x08009e64       0x34 ./Drivers/STM32G0xx_HAL_Driver/Src/stm32g0xx_hal_uart.o
 .rodata.UARTPrescTable
                0x08009e98       0x18 ./Drivers/STM32G0xx_HAL_Driver/Src/stm32g0xx_hal_uart.o
                0x08009e98                UARTPrescTable
                0x08009eb0                        . = ALIGN (0x4)

.ARM.extab      0x08009eb0        0x0
                0x08009eb0                        . = ALIGN (0x4)
 *(.ARM.extab* .gnu.linkonce.armextab.*)
                0x08009eb0                        . = ALIGN (0x4)

.ARM            0x08009eb0        0x8
                0x08009eb0                        . = ALIGN (0x4)
                0x08009eb0                        __exidx_start = .
 *(.ARM.exidx*)
 .ARM.exidx     0x08009eb0        0x8 /Applications/STM32CubeIDE.app/Contents/Eclipse/plugins/com.st.stm32cube.ide.mcu.externaltools.gnu-tools-for-stm32.14.3.rel1.macos64_1.0.100.202602081740/tools/bin/../lib/gcc/arm-none-eabi/14.3.1/thumb/v6-m/nofp/libgcc.a(_udivmoddi4.o)
                0x08009eb8                        __exidx_end = .
                0x08009eb8                        . = ALIGN (0x4)

.preinit_array  0x08009eb8        0x0
                0x08009eb8                        . = ALIGN (0x4)
                0x08009eb8                        PROVIDE (__preinit_array_start = .)
 *(.preinit_array*)
                0x08009eb8                        PROVIDE (__preinit_array_end = .)
                0x08009eb8                        . = ALIGN (0x4)

.init_array     0x08009eb8        0x4
                0x08009eb8                        . = ALIGN (0x4)
                0x08009eb8                        PROVIDE (__init_array_start = .)
 *(SORT_BY_NAME(.init_array.*))
 *(.init_array*)
 .init_array    0x08009eb8        0x4 /Applications/STM32CubeIDE.app/Contents/Eclipse/plugins/com.st.stm32cube.ide.mcu.externaltools.gnu-tools-for-stm32.14.3.rel1.macos64_1.0.100.202602081740/tools/bin/../lib/gcc/arm-none-eabi/14.3.1/thumb/v6-m/nofp/crtbegin.o
                0x08009ebc                        PROVIDE (__init_array_end = .)
                0x08009ebc                        . = ALIGN (0x4)

.fini_array     0x08009ebc        0x4
                0x08009ebc                        . = ALIGN (0x4)
                [!provide]                        PROVIDE (__fini_array_start = .)
 *(SORT_BY_NAME(.fini_array.*))
 *(.fini_array*)
 .fini_array    0x08009ebc        0x4 /Applications/STM32CubeIDE.app/Contents/Eclipse/plugins/com.st.stm32cube.ide.mcu.externaltools.gnu-tools-for-stm32.14.3.rel1.macos64_1.0.100.202602081740/tools/bin/../lib/gcc/arm-none-eabi/14.3.1/thumb/v6-m/nofp/crtbegin.o
                [!provide]                        PROVIDE (__fini_array_end = .)
                0x08009ec0                        . = ALIGN (0x4)
                0x08009ec0                        _sidata = LOADADDR (.data)

.rel.dyn        0x08009ec0        0x0
 .rel.iplt      0x08009ec0        0x0 /Applications/STM32CubeIDE.app/Contents/Eclipse/plugins/com.st.stm32cube.ide.mcu.externaltools.gnu-tools-for-stm32.14.3.rel1.macos64_1.0.100.202602081740/tools/bin/../lib/gcc/arm-none-eabi/14.3.1/thumb/v6-m/nofp/crtbegin.o

.data           0x20000000       0x8c load address 0x08009ec0
                0x20000000                        . = ALIGN (0x4)
                0x20000000                        _sdata = .
 *(.data)
 *(.data*)
 .data.user_preset_3
                0x20000000        0x5 ./Core/Src/CC_and_PC.o
                0x20000000                user_preset_3
 *fill*         0x20000005        0x3 
 .data.user_preset_2
                0x20000008        0x5 ./Core/Src/CC_and_PC.o
                0x20000008                user_preset_2
 *fill*         0x2000000d        0x3 
 .data.user_preset_1
                0x20000010        0x5 ./Core/Src/CC_and_PC.o
                0x20000010                user_preset_1
 *fill*         0x20000015        0x3 
 .data.user_preset_0
                0x20000018        0x5 ./Core/Src/CC_and_PC.o
                0x20000018                user_preset_0
 *fill*         0x2000001d        0x3 
 .data.led_blink_period
                0x20000020        0x4 ./Core/Src/LED.o
                0x20000020                led_blink_period
 .data.tap_tempo_switch_state_counter.1
                0x20000024        0x1 ./Core/Src/checking_functions.o
 .data.preset.3
                0x20000025        0x1 ./Core/Src/custom_callbacks.o
 *fill*         0x20000026        0x2 
 .data.LED_fsm  0x20000028        0x2 ./Core/Src/state_machine.o
                0x20000028                LED_fsm
 *fill*         0x2000002a        0x2 
 .data.IP_CAP_fsm
                0x2000002c        0x2 ./Core/Src/state_machine.o
                0x2000002c                IP_CAP_fsm
 *fill*         0x2000002e        0x2 
 .data.phase_fsm
                0x20000030        0x2 ./Core/Src/state_machine.o
                0x20000030                phase_fsm
 *fill*         0x20000032        0x2 
 .data.symmetry_fsm
                0x20000034        0x2 ./Core/Src/state_machine.o
                0x20000034                symmetry_fsm
 *fill*         0x20000036        0x2 
 .data.waveshape_fsm
                0x20000038        0x2 ./Core/Src/state_machine.o
                0x20000038                waveshape_fsm
 *fill*         0x2000003a        0x2 
 .data.depth_fsm
                0x2000003c        0x2 ./Core/Src/state_machine.o
                0x2000003c                depth_fsm
 *fill*         0x2000003e        0x2 
 .data.speed_fsm
                0x20000040        0x2 ./Core/Src/state_machine.o
                0x20000040                speed_fsm
 *fill*         0x20000042        0x2 
 .data.SystemCoreClock
                0x20000044        0x4 ./Core/Src/system_stm32g0xx.o
                0x20000044                SystemCoreClock
 .data.uwTickFreq
                0x20000048        0x1 ./Drivers/STM32G0xx_HAL_Driver/Src/stm32g0xx_hal.o
                0x20000048                uwTickFreq
 *fill*         0x20000049        0x3 
 .data.uwTickPrio
                0x2000004c        0x4 ./Drivers/STM32G0xx_HAL_Driver/Src/stm32g0xx_hal.o
                0x2000004c                uwTickPrio
 *(.RamFunc)
 .RamFunc       0x20000050       0x3c ./Drivers/STM32G0xx_HAL_Driver/Src/stm32g0xx_hal_flash.o
 *(.RamFunc*)
                0x2000008c                        . = ALIGN (0x4)
                0x2000008c                        _edata = .

.igot.plt       0x2000008c        0x0 load address 0x08009f4c
 .igot.plt      0x2000008c        0x0 /Applications/STM32CubeIDE.app/Contents/Eclipse/plugins/com.st.stm32cube.ide.mcu.externaltools.gnu-tools-for-stm32.14.3.rel1.macos64_1.0.100.202602081740/tools/bin/../lib/gcc/arm-none-eabi/14.3.1/thumb/v6-m/nofp/crtbegin.o
                0x2000008c                        . = ALIGN (0x4)

.bss            0x20000090      0x900 load address 0x08009f4c
                0x20000090                        _sbss = .
                0x20000090                        __bss_start__ = _sbss
 *(.bss)
 .bss           0x20000090       0x1c /Applications/STM32CubeIDE.app/Contents/Eclipse/plugins/com.st.stm32cube.ide.mcu.externaltools.gnu-tools-for-stm32.14.3.rel1.macos64_1.0.100.202602081740/tools/bin/../lib/gcc/arm-none-eabi/14.3.1/thumb/v6-m/nofp/crtbegin.o
 *(.bss*)
 .bss.CC_array  0x200000ac        0x5 ./Core/Src/CC_and_PC.o
                0x200000ac                CC_array
 *fill*         0x200000b1        0x3 
 .bss.user_presets_used_array
                0x200000b4        0x4 ./Core/Src/CC_and_PC.o
                0x200000b4                user_presets_used_array
 .bss.storage_user_preset_3
                0x200000b8        0x5 ./Core/Src/CC_and_PC.o
                0x200000b8                storage_user_preset_3
 *fill*         0x200000bd        0x3 
 .bss.storage_user_preset_2
                0x200000c0        0x5 ./Core/Src/CC_and_PC.o
                0x200000c0                storage_user_preset_2
 *fill*         0x200000c5        0x3 
 .bss.storage_user_preset_1
                0x200000c8        0x5 ./Core/Src/CC_and_PC.o
                0x200000c8                storage_user_preset_1
 *fill*         0x200000cd        0x3 
 .bss.storage_user_preset_0
                0x200000d0        0x5 ./Core/Src/CC_and_PC.o
                0x200000d0                storage_user_preset_0
 .bss.preset_selected
                0x200000d5        0x1 ./Core/Src/CC_and_PC.o
                0x200000d5                preset_selected
 *fill*         0x200000d6        0x2 
 .bss.storage_user_presets_array
                0x200000d8       0x10 ./Core/Src/CC_and_PC.o
                0x200000d8                storage_user_presets_array
 .bss.presets_converted_array
                0x200000e8       0x28 ./Core/Src/CC_and_PC.o
                0x200000e8                presets_converted_array
 .bss.user_presets_array
                0x20000110       0x10 ./Core/Src/CC_and_PC.o
                0x20000110                user_presets_array
 .bss.factory_presets_array
                0x20000120       0x10 ./Core/Src/CC_and_PC.o
                0x20000120                factory_presets_array
 .bss.LED_counter
                0x20000130        0x1 ./Core/Src/LED.o
                0x20000130                LED_counter
 *fill*         0x20000131        0x3 
 .bss.MIDI_data
                0x20000134        0xa ./Core/Src/MIDI.o
                0x20000134                MIDI_data
 .bss.running_status_byte
                0x2000013e        0x1 ./Core/Src/MIDI.o
                0x2000013e                running_status_byte
 .bss.active_status_byte
                0x2000013f        0x1 ./Core/Src/MIDI.o
                0x2000013f                active_status_byte
 .bss.MIDI_basic_channel
                0x20000140        0x1 ./Core/Src/MIDI.o
                0x20000140                MIDI_basic_channel
 *fill*         0x20000141        0x3 
 .bss.rx_buffer
                0x20000144        0x1 ./Core/Src/UART.o
                0x20000144                rx_buffer
 .bss.extend_rising_edge.0
                0x20000145        0x1 ./Core/Src/checking_functions.o
 .bss.second_phase_measurement.2
                0x20000146        0x2 ./Core/Src/checking_functions.o
 .bss.first_phase_measurement.3
                0x20000148        0x2 ./Core/Src/checking_functions.o
 .bss.second_symmetry_measurement.4
                0x2000014a        0x2 ./Core/Src/checking_functions.o
 .bss.first_symmetry_measurement.5
                0x2000014c        0x2 ./Core/Src/checking_functions.o
 .bss.second_depth_measurement.6
                0x2000014e        0x2 ./Core/Src/checking_functions.o
 .bss.first_depth_measurement.7
                0x20000150        0x2 ./Core/Src/checking_functions.o
 .bss.second_speed_measurement.8
                0x20000152        0x2 ./Core/Src/checking_functions.o
 .bss.first_speed_measurement.9
                0x20000154        0x2 ./Core/Src/checking_functions.o
 .bss.second_waveshape_measurement.10
                0x20000156        0x2 ./Core/Src/checking_functions.o
 .bss.first_waveshape_measurement.11
                0x20000158        0x2 ./Core/Src/checking_functions.o
 .bss.pots_counter
                0x2000015a        0x1 ./Core/Src/checking_functions.o
                0x2000015a                pots_counter
 .bss.phase_pot_adc_measurement_num
                0x2000015b        0x1 ./Core/Src/checking_functions.o
                0x2000015b                phase_pot_adc_measurement_num
 .bss.symmetry_pot_adc_measurement_num
                0x2000015c        0x1 ./Core/Src/checking_functions.o
                0x2000015c                symmetry_pot_adc_measurement_num
 .bss.depth_pot_adc_measurement_num
                0x2000015d        0x1 ./Core/Src/checking_functions.o
                0x2000015d                depth_pot_adc_measurement_num
 .bss.speed_pot_adc_measurement_num
                0x2000015e        0x1 ./Core/Src/checking_functions.o
                0x2000015e                speed_pot_adc_measurement_num
 .bss.waveshape_pot_adc_measurement_num
                0x2000015f        0x1 ./Core/Src/checking_functions.o
                0x2000015f                waveshape_pot_adc_measurement_num
 .bss.hlptim1   0x20000160       0x5c ./Core/Src/config.o
                0x20000160                hlptim1
 .bss.hdma_usart2_tx
                0x200001bc       0x5c ./Core/Src/config.o
                0x200001bc                hdma_usart2_tx
 .bss.hdma_usart2_rx
                0x20000218       0x5c ./Core/Src/config.o
                0x20000218                hdma_usart2_rx
 .bss.huart2    0x20000274       0xcc ./Core/Src/config.o
                0x20000274                huart2
 .bss.htim1     0x20000340       0xbc ./Core/Src/config.o
                0x20000340                htim1
 .bss.htim3     0x200003fc       0xbc ./Core/Src/config.o
                0x200003fc                htim3
 .bss.htim2     0x200004b8       0xbc ./Core/Src/config.o
                0x200004b8                htim2
 .bss.htim16    0x20000574       0xbc ./Core/Src/config.o
                0x20000574                htim16
 .bss.htim17    0x20000630       0xbc ./Core/Src/config.o
                0x20000630                htim17
 .bss.htim14    0x200006ec       0xbc ./Core/Src/config.o
                0x200006ec                htim14
 .bss.hdma_adc1
                0x200007a8       0x5c ./Core/Src/config.o
                0x200007a8                hdma_adc1
 .bss.hadc1     0x20000804       0x88 ./Core/Src/config.o
                0x20000804                hadc1
 .bss.tap_tempo_switch_states.5
                0x2000088c        0x2 ./Core/Src/custom_callbacks.o
 *fill*         0x2000088e        0x2 
 .bss.depressed_num.4
                0x20000890        0x8 ./Core/Src/custom_callbacks.o
 .bss.preset_save_mode_is_active.2
                0x20000898        0x1 ./Core/Src/custom_callbacks.o
 .bss.preset_select_mode_is_active.1
                0x20000899        0x1 ./Core/Src/custom_callbacks.o
 .bss.led_state_saved.0
                0x2000089a        0x1 ./Core/Src/custom_callbacks.o
 *fill*         0x2000089b        0x5 
 .bss.dep       0x200008a0        0x8 ./Core/Src/custom_callbacks.o
                0x200008a0                dep
 .bss.save_or_preset_mode_engaged
                0x200008a8        0x1 ./Core/Src/custom_callbacks.o
                0x200008a8                save_or_preset_mode_engaged
 .bss.MIDI_CLK_tag
                0x200008a9        0x1 ./Core/Src/input_capture.o
                0x200008a9                MIDI_CLK_tag
 .bss.interrupt_period
                0x200008aa        0x2 ./Core/Src/input_capture.o
                0x200008aa                interrupt_period
 .bss.TIM2_ch1_input_capture_value
                0x200008ac        0x4 ./Core/Src/input_capture.o
                0x200008ac                TIM2_ch1_input_capture_value
 .bss.led_pause_counter
                0x200008b0        0x4 ./Core/Src/main.o
                0x200008b0                led_pause_counter
 .bss.preset_save_select_idle_counter
                0x200008b4        0x4 ./Core/Src/main.o
                0x200008b4                preset_save_select_idle_counter
 .bss.midi_counter
                0x200008b8        0x4 ./Core/Src/main.o
                0x200008b8                midi_counter
 .bss.idle_counter
                0x200008bc        0x4 ./Core/Src/main.o
                0x200008bc                idle_counter
 .bss.statuses  0x200008c0        0x4 ./Core/Src/main.o
                0x200008c0                statuses
 .bss.params_working
                0x200008c4       0x28 ./Core/Src/oscillator.o
                0x200008c4                params_working
 .bss.params_to_be_loaded
                0x200008ec       0x28 ./Core/Src/oscillator.o
                0x200008ec                params_to_be_loaded
 .bss.params_manual
                0x20000914       0x28 ./Core/Src/oscillator.o
                0x20000914                params_manual
 .bss.params    0x2000093c       0x28 ./Core/Src/oscillator.o
                0x2000093c                params
 .bss.ADCResultsDMA
                0x20000964        0xa ./Core/Src/oscillator.o
                0x20000964                ADCResultsDMA
 .bss.MIDI_CLK_fsm
                0x2000096e        0x1 ./Core/Src/state_machine.o
                0x2000096e                MIDI_CLK_fsm
 *fill*         0x2000096f        0x1 
 .bss.uwTick    0x20000970        0x4 ./Drivers/STM32G0xx_HAL_Driver/Src/stm32g0xx_hal.o
                0x20000970                uwTick
 .bss.pFlash    0x20000974       0x1c ./Drivers/STM32G0xx_HAL_Driver/Src/stm32g0xx_hal_flash.o
                0x20000974                pFlash
 *(COMMON)
                0x20000990                        . = ALIGN (0x4)
                0x20000990                        _ebss = .
                0x20000990                        __bss_end__ = _ebss

._user_heap_stack
                0x20000990      0x600 load address 0x08009f4c
                0x20000990                        . = ALIGN (0x8)
                [!provide]                        PROVIDE (end = .)
                0x20000990                        PROVIDE (_end = .)
                0x20000b90                        . = (. + _Min_Heap_Size)
 *fill*         0x20000990      0x200 
                0x20000f90                        . = (. + _Min_Stack_Size)
 *fill*         0x20000b90      0x400 
                0x20000f90                        . = ALIGN (0x8)

/DISCARD/
 libc.a(*)
 libm.a(*)
 libgcc.a(*)

.ARM.attributes
                0x00000000       0x28
 *(.ARM.attributes)
 .ARM.attributes
                0x00000000       0x1e /Applications/STM32CubeIDE.app/Contents/Eclipse/plugins/com.st.stm32cube.ide.mcu.externaltools.gnu-tools-for-stm32.14.3.rel1.macos64_1.0.100.202602081740/tools/bin/../lib/gcc/arm-none-eabi/14.3.1/thumb/v6-m/nofp/crti.o
 .ARM.attributes
                0x0000001e       0x2c /Applications/STM32CubeIDE.app/Contents/Eclipse/plugins/com.st.stm32cube.ide.mcu.externaltools.gnu-tools-for-stm32.14.3.rel1.macos64_1.0.100.202602081740/tools/bin/../lib/gcc/arm-none-eabi/14.3.1/thumb/v6-m/nofp/crtbegin.o
 .ARM.attributes
                0x0000004a       0x2c ./Core/Src/CC_and_PC.o
 .ARM.attributes
                0x00000076       0x2c ./Core/Src/LED.o
 .ARM.attributes
                0x000000a2       0x2c ./Core/Src/MIDI.o
 .ARM.attributes
                0x000000ce       0x2c ./Core/Src/UART.o
 .ARM.attributes
                0x000000fa       0x2c ./Core/Src/checking_functions.o
 .ARM.attributes
                0x00000126       0x2c ./Core/Src/config.o
 .ARM.attributes
                0x00000152       0x2c ./Core/Src/custom_callbacks.o
 .ARM.attributes
                0x0000017e       0x2c ./Core/Src/input_capture.o
 .ARM.attributes
                0x000001aa       0x2c ./Core/Src/main.o
 .ARM.attributes
                0x000001d6       0x2c ./Core/Src/oscillator.o
 .ARM.attributes
                0x00000202       0x2c ./Core/Src/startup.o
 .ARM.attributes
                0x0000022e       0x2c ./Core/Src/state_machine.o
 .ARM.attributes
                0x0000025a       0x2c ./Core/Src/stm32g0xx_hal_msp.o
 .ARM.attributes
                0x00000286       0x2c ./Core/Src/stm32g0xx_it.o
 .ARM.attributes
                0x000002b2       0x2c ./Core/Src/symmetry_adjustment.o
 .ARM.attributes
                0x000002de       0x2c ./Core/Src/system_stm32g0xx.o
 .ARM.attributes
                0x0000030a       0x2c ./Core/Src/timers.o
 .ARM.attributes
                0x00000336       0x2c ./Core/Src/utility.o
 .ARM.attributes
                0x00000362       0x22 ./Core/Startup/startup_stm32g031k8tx.o
 .ARM.attributes
                0x00000384       0x2c ./Drivers/STM32G0xx_HAL_Driver/Src/stm32g0xx_hal.o
 .ARM.attributes
                0x000003b0       0x2c ./Drivers/STM32G0xx_HAL_Driver/Src/stm32g0xx_hal_adc.o
 .ARM.attributes
                0x000003dc       0x2c ./Drivers/STM32G0xx_HAL_Driver/Src/stm32g0xx_hal_adc_ex.o
 .ARM.attributes
                0x00000408       0x2c ./Drivers/STM32G0xx_HAL_Driver/Src/stm32g0xx_hal_cortex.o
 .ARM.attributes
                0x00000434       0x2c ./Drivers/STM32G0xx_HAL_Driver/Src/stm32g0xx_hal_dma.o
 .ARM.attributes
                0x00000460       0x2c ./Drivers/STM32G0xx_HAL_Driver/Src/stm32g0xx_hal_flash.o
 .ARM.attributes
                0x0000048c       0x2c ./Drivers/STM32G0xx_HAL_Driver/Src/stm32g0xx_hal_flash_ex.o
 .ARM.attributes
                0x000004b8       0x2c ./Drivers/STM32G0xx_HAL_Driver/Src/stm32g0xx_hal_gpio.o
 .ARM.attributes
                0x000004e4       0x2c ./Drivers/STM32G0xx_HAL_Driver/Src/stm32g0xx_hal_lptim.o
 .ARM.attributes
                0x00000510       0x2c ./Drivers/STM32G0xx_HAL_Driver/Src/stm32g0xx_hal_pwr_ex.o
 .ARM.attributes
                0x0000053c       0x2c ./Drivers/STM32G0xx_HAL_Driver/Src/stm32g0xx_hal_rcc.o
 .ARM.attributes
                0x00000568       0x2c ./Drivers/STM32G0xx_HAL_Driver/Src/stm32g0xx_hal_rcc_ex.o
 .ARM.attributes
                0x00000594       0x2c ./Drivers/STM32G0xx_HAL_Driver/Src/stm32g0xx_hal_tim.o
 .ARM.attributes
                0x000005c0       0x2c ./Drivers/STM32G0xx_HAL_Driver/Src/stm32g0xx_hal_tim_ex.o
 .ARM.attributes
                0x000005ec       0x2c ./Drivers/STM32G0xx_HAL_Driver/Src/stm32g0xx_hal_uart.o
 .ARM.attributes
                0x00000618       0x2c ./Drivers/STM32G0xx_HAL_Driver/Src/stm32g0xx_hal_uart_ex.o
 .ARM.attributes
                0x00000644       0x2c /Applications/STM32CubeIDE.app/Contents/Eclipse/plugins/com.st.stm32cube.ide.mcu.externaltools.gnu-tools-for-stm32.14.3.rel1.macos64_1.0.100.202602081740/tools/bin/../lib/gcc/arm-none-eabi/14.3.1/../../../../arm-none-eabi/lib/thumb/v6-m/nofp/libc_nano.a(libc_a-memset.o)
 .ARM.attributes
                0x00000670       0x2c /Applications/STM32CubeIDE.app/Contents/Eclipse/plugins/com.st.stm32cube.ide.mcu.externaltools.gnu-tools-for-stm32.14.3.rel1.macos64_1.0.100.202602081740/tools/bin/../lib/gcc/arm-none-eabi/14.3.1/../../../../arm-none-eabi/lib/thumb/v6-m/nofp/libc_nano.a(libc_a-init.o)
 .ARM.attributes
                0x0000069c       0x1e /Applications/STM32CubeIDE.app/Contents/Eclipse/plugins/com.st.stm32cube.ide.mcu.externaltools.gnu-tools-for-stm32.14.3.rel1.macos64_1.0.100.202602081740/tools/bin/../lib/gcc/arm-none-eabi/14.3.1/thumb/v6-m/nofp/libgcc.a(_udivsi3.o)
 .ARM.attributes
                0x000006ba       0x1e /Applications/STM32CubeIDE.app/Contents/Eclipse/plugins/com.st.stm32cube.ide.mcu.externaltools.gnu-tools-for-stm32.14.3.rel1.macos64_1.0.100.202602081740/tools/bin/../lib/gcc/arm-none-eabi/14.3.1/thumb/v6-m/nofp/libgcc.a(_dvmd_tls.o)
 .ARM.attributes
                0x000006d8       0x1e /Applications/STM32CubeIDE.app/Contents/Eclipse/plugins/com.st.stm32cube.ide.mcu.externaltools.gnu-tools-for-stm32.14.3.rel1.macos64_1.0.100.202602081740/tools/bin/../lib/gcc/arm-none-eabi/14.3.1/thumb/v6-m/nofp/libgcc.a(_aeabi_uldivmod.o)
 .ARM.attributes
                0x000006f6       0x2c /Applications/STM32CubeIDE.app/Contents/Eclipse/plugins/com.st.stm32cube.ide.mcu.externaltools.gnu-tools-for-stm32.14.3.rel1.macos64_1.0.100.202602081740/tools/bin/../lib/gcc/arm-none-eabi/14.3.1/thumb/v6-m/nofp/libgcc.a(_muldi3.o)
 .ARM.attributes
                0x00000722       0x2c /Applications/STM32CubeIDE.app/Contents/Eclipse/plugins/com.st.stm32cube.ide.mcu.externaltools.gnu-tools-for-stm32.14.3.rel1.macos64_1.0.100.202602081740/tools/bin/../lib/gcc/arm-none-eabi/14.3.1/thumb/v6-m/nofp/libgcc.a(_udivmoddi4.o)
 .ARM.attributes
                0x0000074e       0x1e /Applications/STM32CubeIDE.app/Contents/Eclipse/plugins/com.st.stm32cube.ide.mcu.externaltools.gnu-tools-for-stm32.14.3.rel1.macos64_1.0.100.202602081740/tools/bin/../lib/gcc/arm-none-eabi/14.3.1/thumb/v6-m/nofp/libgcc.a(_clzdi2.o)
 .ARM.attributes
                0x0000076c       0x1e /Applications/STM32CubeIDE.app/Contents/Eclipse/plugins/com.st.stm32cube.ide.mcu.externaltools.gnu-tools-for-stm32.14.3.rel1.macos64_1.0.100.202602081740/tools/bin/../lib/gcc/arm-none-eabi/14.3.1/thumb/v6-m/nofp/libgcc.a(_clzsi2.o)
 .ARM.attributes
                0x0000078a       0x1e /Applications/STM32CubeIDE.app/Contents/Eclipse/plugins/com.st.stm32cube.ide.mcu.externaltools.gnu-tools-for-stm32.14.3.rel1.macos64_1.0.100.202602081740/tools/bin/../lib/gcc/arm-none-eabi/14.3.1/thumb/v6-m/nofp/crtn.o
OUTPUT(g031k8.elf elf32-littlearm)
LOAD linker stubs
LOAD /Applications/STM32CubeIDE.app/Contents/Eclipse/plugins/com.st.stm32cube.ide.mcu.externaltools.gnu-tools-for-stm32.14.3.rel1.macos64_1.0.100.202602081740/tools/bin/../lib/gcc/arm-none-eabi/14.3.1/../../../../arm-none-eabi/lib/thumb/v6-m/nofp/libc.a
LOAD /Applications/STM32CubeIDE.app/Contents/Eclipse/plugins/com.st.stm32cube.ide.mcu.externaltools.gnu-tools-for-stm32.14.3.rel1.macos64_1.0.100.202602081740/tools/bin/../lib/gcc/arm-none-eabi/14.3.1/../../../../arm-none-eabi/lib/thumb/v6-m/nofp/libm.a
LOAD /Applications/STM32CubeIDE.app/Contents/Eclipse/plugins/com.st.stm32cube.ide.mcu.externaltools.gnu-tools-for-stm32.14.3.rel1.macos64_1.0.100.202602081740/tools/bin/../lib/gcc/arm-none-eabi/14.3.1/thumb/v6-m/nofp/libgcc.a

.debug_info     0x00000000    0x2a95d
 .debug_info    0x00000000     0x1c1e ./Core/Src/CC_and_PC.o
 .debug_info    0x00001c1e      0xa89 ./Core/Src/LED.o
 .debug_info    0x000026a7      0xa96 ./Core/Src/MIDI.o
 .debug_info    0x0000313d      0x921 ./Core/Src/UART.o
 .debug_info    0x00003a5e      0x72c ./Core/Src/checking_functions.o
 .debug_info    0x0000418a     0x3726 ./Core/Src/config.o
 .debug_info    0x000078b0     0x2a84 ./Core/Src/custom_callbacks.o
 .debug_info    0x0000a334      0xdcd ./Core/Src/input_capture.o
 .debug_info    0x0000b101      0x44d ./Core/Src/main.o
 .debug_info    0x0000b54e     0x1110 ./Core/Src/oscillator.o
 .debug_info    0x0000c65e     0x17a6 ./Core/Src/startup.o
 .debug_info    0x0000de04      0x350 ./Core/Src/state_machine.o
 .debug_info    0x0000e154     0x2132 ./Core/Src/stm32g0xx_hal_msp.o
 .debug_info    0x00010286     0x12c6 ./Core/Src/stm32g0xx_it.o
 .debug_info    0x0001154c      0x3be ./Core/Src/symmetry_adjustment.o
 .debug_info    0x0001190a      0x34a ./Core/Src/system_stm32g0xx.o
 .debug_info    0x00011c54      0xa5c ./Core/Src/timers.o
 .debug_info    0x000126b0      0x306 ./Core/Src/utility.o
 .debug_info    0x000129b6       0x30 ./Core/Startup/startup_stm32g031k8tx.o
 .debug_info    0x000129e6      0xaf2 ./Drivers/STM32G0xx_HAL_Driver/Src/stm32g0xx_hal.o
 .debug_info    0x000134d8     0x2405 ./Drivers/STM32G0xx_HAL_Driver/Src/stm32g0xx_hal_adc.o
 .debug_info    0x000158dd      0xda4 ./Drivers/STM32G0xx_HAL_Driver/Src/stm32g0xx_hal_adc_ex.o
 .debug_info    0x00016681      0x9dc ./Drivers/STM32G0xx_HAL_Driver/Src/stm32g0xx_hal_cortex.o
 .debug_info    0x0001705d      0xa3c ./Drivers/STM32G0xx_HAL_Driver/Src/stm32g0xx_hal_dma.o
 .debug_info    0x00017a99      0x81b ./Drivers/STM32G0xx_HAL_Driver/Src/stm32g0xx_hal_flash.o
 .debug_info    0x000182b4      0xd19 ./Drivers/STM32G0xx_HAL_Driver/Src/stm32g0xx_hal_flash_ex.o
 .debug_info    0x00018fcd      0x5e0 ./Drivers/STM32G0xx_HAL_Driver/Src/stm32g0xx_hal_gpio.o
 .debug_info    0x000195ad     0x1911 ./Drivers/STM32G0xx_HAL_Driver/Src/stm32g0xx_hal_lptim.o
 .debug_info    0x0001aebe      0x7f5 ./Drivers/STM32G0xx_HAL_Driver/Src/stm32g0xx_hal_pwr_ex.o
 .debug_info    0x0001b6b3      0xd73 ./Drivers/STM32G0xx_HAL_Driver/Src/stm32g0xx_hal_rcc.o
 .debug_info    0x0001c426      0x8a0 ./Drivers/STM32G0xx_HAL_Driver/Src/stm32g0xx_hal_rcc_ex.o
 .debug_info    0x0001ccc6     0x458e ./Drivers/STM32G0xx_HAL_Driver/Src/stm32g0xx_hal_tim.o
 .debug_info    0x00021254     0x2047 ./Drivers/STM32G0xx_HAL_Driver/Src/stm32g0xx_hal_tim_ex.o
 .debug_info    0x0002329b     0x63a8 ./Drivers/STM32G0xx_HAL_Driver/Src/stm32g0xx_hal_uart.o
 .debug_info    0x00029643     0x131a ./Drivers/STM32G0xx_HAL_Driver/Src/stm32g0xx_hal_uart_ex.o

.debug_abbrev   0x00000000     0x5785
 .debug_abbrev  0x00000000      0x3bf ./Core/Src/CC_and_PC.o
 .debug_abbrev  0x000003bf      0x1f6 ./Core/Src/LED.o
 .debug_abbrev  0x000005b5      0x2a5 ./Core/Src/MIDI.o
 .debug_abbrev  0x0000085a      0x1b7 ./Core/Src/UART.o
 .debug_abbrev  0x00000a11      0x216 ./Core/Src/checking_functions.o
 .debug_abbrev  0x00000c27      0x314 ./Core/Src/config.o
 .debug_abbrev  0x00000f3b      0x3a3 ./Core/Src/custom_callbacks.o
 .debug_abbrev  0x000012de      0x2b3 ./Core/Src/input_capture.o
 .debug_abbrev  0x00001591      0x164 ./Core/Src/main.o
 .debug_abbrev  0x000016f5      0x397 ./Core/Src/oscillator.o
 .debug_abbrev  0x00001a8c      0x22b ./Core/Src/startup.o
 .debug_abbrev  0x00001cb7       0xfc ./Core/Src/state_machine.o
 .debug_abbrev  0x00001db3      0x2a5 ./Core/Src/stm32g0xx_hal_msp.o
 .debug_abbrev  0x00002058      0x208 ./Core/Src/stm32g0xx_it.o
 .debug_abbrev  0x00002260      0x11d ./Core/Src/symmetry_adjustment.o
 .debug_abbrev  0x0000237d      0x146 ./Core/Src/system_stm32g0xx.o
 .debug_abbrev  0x000024c3      0x21a ./Core/Src/timers.o
 .debug_abbrev  0x000026dd      0x18c ./Core/Src/utility.o
 .debug_abbrev  0x00002869       0x24 ./Core/Startup/startup_stm32g031k8tx.o
 .debug_abbrev  0x0000288d      0x2c6 ./Drivers/STM32G0xx_HAL_Driver/Src/stm32g0xx_hal.o
 .debug_abbrev  0x00002b53      0x322 ./Drivers/STM32G0xx_HAL_Driver/Src/stm32g0xx_hal_adc.o
 .debug_abbrev  0x00002e75      0x2fd ./Drivers/STM32G0xx_HAL_Driver/Src/stm32g0xx_hal_adc_ex.o
 .debug_abbrev  0x00003172      0x2c6 ./Drivers/STM32G0xx_HAL_Driver/Src/stm32g0xx_hal_cortex.o
 .debug_abbrev  0x00003438      0x277 ./Drivers/STM32G0xx_HAL_Driver/Src/stm32g0xx_hal_dma.o
 .debug_abbrev  0x000036af      0x345 ./Drivers/STM32G0xx_HAL_Driver/Src/stm32g0xx_hal_flash.o
 .debug_abbrev  0x000039f4      0x320 ./Drivers/STM32G0xx_HAL_Driver/Src/stm32g0xx_hal_flash_ex.o
 .debug_abbrev  0x00003d14      0x204 ./Drivers/STM32G0xx_HAL_Driver/Src/stm32g0xx_hal_gpio.o
 .debug_abbrev  0x00003f18      0x2f4 ./Drivers/STM32G0xx_HAL_Driver/Src/stm32g0xx_hal_lptim.o
 .debug_abbrev  0x0000420c      0x254 ./Drivers/STM32G0xx_HAL_Driver/Src/stm32g0xx_hal_pwr_ex.o
 .debug_abbrev  0x00004460      0x2f0 ./Drivers/STM32G0xx_HAL_Driver/Src/stm32g0xx_hal_rcc.o
 .debug_abbrev  0x00004750      0x28b ./Drivers/STM32G0xx_HAL_Driver/Src/stm32g0xx_hal_rcc_ex.o
 .debug_abbrev  0x000049db      0x369 ./Drivers/STM32G0xx_HAL_Driver/Src/stm32g0xx_hal_tim.o
 .debug_abbrev  0x00004d44      0x2f1 ./Drivers/STM32G0xx_HAL_Driver/Src/stm32g0xx_hal_tim_ex.o
 .debug_abbrev  0x00005035      0x3e2 ./Drivers/STM32G0xx_HAL_Driver/Src/stm32g0xx_hal_uart.o
 .debug_abbrev  0x00005417      0x36e ./Drivers/STM32G0xx_HAL_Driver/Src/stm32g0xx_hal_uart_ex.o

.debug_loclists
                0x00000000    0x10269
 .debug_loclists
                0x00000000      0xa8d ./Core/Src/CC_and_PC.o
 .debug_loclists
                0x00000a8d       0x72 ./Core/Src/LED.o
 .debug_loclists
                0x00000aff      0x5d7 ./Core/Src/MIDI.o
 .debug_loclists
                0x000010d6      0x37d ./Core/Src/checking_functions.o
 .debug_loclists
                0x00001453      0x1d8 ./Core/Src/custom_callbacks.o
 .debug_loclists
                0x0000162b      0x11a ./Core/Src/input_capture.o
 .debug_loclists
                0x00001745      0x52f ./Core/Src/oscillator.o
 .debug_loclists
                0x00001c74       0x24 ./Core/Src/state_machine.o
 .debug_loclists
                0x00001c98      0x226 ./Core/Src/stm32g0xx_hal_msp.o
 .debug_loclists
                0x00001ebe      0x354 ./Core/Src/symmetry_adjustment.o
 .debug_loclists
                0x00002212       0xa7 ./Core/Src/system_stm32g0xx.o
 .debug_loclists
                0x000022b9       0xa8 ./Core/Src/timers.o
 .debug_loclists
                0x00002361       0xd0 ./Core/Src/utility.o
 .debug_loclists
                0x00002431      0x122 ./Drivers/STM32G0xx_HAL_Driver/Src/stm32g0xx_hal.o
 .debug_loclists
                0x00002553     0x1392 ./Drivers/STM32G0xx_HAL_Driver/Src/stm32g0xx_hal_adc.o
 .debug_loclists
                0x000038e5      0x2ad ./Drivers/STM32G0xx_HAL_Driver/Src/stm32g0xx_hal_adc_ex.o
 .debug_loclists
                0x00003b92      0x2ab ./Drivers/STM32G0xx_HAL_Driver/Src/stm32g0xx_hal_cortex.o
 .debug_loclists
                0x00003e3d      0x6cd ./Drivers/STM32G0xx_HAL_Driver/Src/stm32g0xx_hal_dma.o
 .debug_loclists
                0x0000450a      0x30b ./Drivers/STM32G0xx_HAL_Driver/Src/stm32g0xx_hal_flash.o
 .debug_loclists
                0x00004815      0x5b4 ./Drivers/STM32G0xx_HAL_Driver/Src/stm32g0xx_hal_flash_ex.o
 .debug_loclists
                0x00004dc9      0x2f3 ./Drivers/STM32G0xx_HAL_Driver/Src/stm32g0xx_hal_gpio.o
 .debug_loclists
                0x000050bc      0xb52 ./Drivers/STM32G0xx_HAL_Driver/Src/stm32g0xx_hal_lptim.o
 .debug_loclists
                0x00005c0e      0x1eb ./Drivers/STM32G0xx_HAL_Driver/Src/stm32g0xx_hal_pwr_ex.o
 .debug_loclists
                0x00005df9      0x5db ./Drivers/STM32G0xx_HAL_Driver/Src/stm32g0xx_hal_rcc.o
 .debug_loclists
                0x000063d4      0x56a ./Drivers/STM32G0xx_HAL_Driver/Src/stm32g0xx_hal_rcc_ex.o
 .debug_loclists
                0x0000693e     0x4261 ./Drivers/STM32G0xx_HAL_Driver/Src/stm32g0xx_hal_tim.o
 .debug_loclists
                0x0000ab9f     0x1ad3 ./Drivers/STM32G0xx_HAL_Driver/Src/stm32g0xx_hal_tim_ex.o
 .debug_loclists
                0x0000c672     0x32b0 ./Drivers/STM32G0xx_HAL_Driver/Src/stm32g0xx_hal_uart.o
 .debug_loclists
                0x0000f922      0x947 ./Drivers/STM32G0xx_HAL_Driver/Src/stm32g0xx_hal_uart_ex.o

.debug_aranges  0x00000000     0x1700
 .debug_aranges
                0x00000000      0x138 ./Core/Src/CC_and_PC.o
 .debug_aranges
                0x00000138       0x20 ./Core/Src/LED.o
 .debug_aranges
                0x00000158       0xc8 ./Core/Src/MIDI.o
 .debug_aranges
                0x00000220       0x20 ./Core/Src/UART.o
 .debug_aranges
                0x00000240       0x28 ./Core/Src/checking_functions.o
 .debug_aranges
                0x00000268       0x90 ./Core/Src/config.o
 .debug_aranges
                0x000002f8       0x78 ./Core/Src/custom_callbacks.o
 .debug_aranges
                0x00000370       0x48 ./Core/Src/input_capture.o
 .debug_aranges