Archive member included to satisfy reference by file (symbol)

/Applications/STM32CubeIDE.app/Contents/Eclipse/plugins/com.st.stm32cube.ide.mcu.externaltools.gnu-tools-for-stm32.12.3.rel1.macos64_1.1.0.202410301201/tools/bin/../lib/gcc/arm-none-eabi/12.3.1/../../../../arm-none-eabi/lib/thumb/v6-m/nofp/libc_nano.a(libc_a-exit.o)
                              /Applications/STM32CubeIDE.app/Contents/Eclipse/plugins/com.st.stm32cube.ide.mcu.externaltools.gnu-tools-for-stm32.12.3.rel1.macos64_1.1.0.202410301201/tools/bin/../lib/gcc/arm-none-eabi/12.3.1/../../../../arm-none-eabi/lib/thumb/v6-m/nofp/crt0.o (exit)
/Applications/STM32CubeIDE.app/Contents/Eclipse/plugins/com.st.stm32cube.ide.mcu.externaltools.gnu-tools-for-stm32.12.3.rel1.macos64_1.1.0.202410301201/tools/bin/../lib/gcc/arm-none-eabi/12.3.1/../../../../arm-none-eabi/lib/thumb/v6-m/nofp/libc_nano.a(libc_a-findfp.o)
                              /Applications/STM32CubeIDE.app/Contents/Eclipse/plugins/com.st.stm32cube.ide.mcu.externaltools.gnu-tools-for-stm32.12.3.rel1.macos64_1.1.0.202410301201/tools/bin/../lib/gcc/arm-none-eabi/12.3.1/../../../../arm-none-eabi/lib/thumb/v6-m/nofp/libc_nano.a(libc_a-exit.o) (__stdio_exit_handler)
/Applications/STM32CubeIDE.app/Contents/Eclipse/plugins/com.st.stm32cube.ide.mcu.externaltools.gnu-tools-for-stm32.12.3.rel1.macos64_1.1.0.202410301201/tools/bin/../lib/gcc/arm-none-eabi/12.3.1/../../../../arm-none-eabi/lib/thumb/v6-m/nofp/libc_nano.a(libc_a-fwalk.o)
                              /Applications/STM32CubeIDE.app/Contents/Eclipse/plugins/com.st.stm32cube.ide.mcu.externaltools.gnu-tools-for-stm32.12.3.rel1.macos64_1.1.0.202410301201/tools/bin/../lib/gcc/arm-none-eabi/12.3.1/../../../../arm-none-eabi/lib/thumb/v6-m/nofp/libc_nano.a(libc_a-findfp.o) (_fwalk_sglue)
/Applications/STM32CubeIDE.app/Contents/Eclipse/plugins/com.st.stm32cube.ide.mcu.externaltools.gnu-tools-for-stm32.12.3.rel1.macos64_1.1.0.202410301201/tools/bin/../lib/gcc/arm-none-eabi/12.3.1/../../../../arm-none-eabi/lib/thumb/v6-m/nofp/libc_nano.a(libc_a-memset.o)
                              /Applications/STM32CubeIDE.app/Contents/Eclipse/plugins/com.st.stm32cube.ide.mcu.externaltools.gnu-tools-for-stm32.12.3.rel1.macos64_1.1.0.202410301201/tools/bin/../lib/gcc/arm-none-eabi/12.3.1/../../../../arm-none-eabi/lib/thumb/v6-m/nofp/crt0.o (memset)
/Applications/STM32CubeIDE.app/Contents/Eclipse/plugins/com.st.stm32cube.ide.mcu.externaltools.gnu-tools-for-stm32.12.3.rel1.macos64_1.1.0.202410301201/tools/bin/../lib/gcc/arm-none-eabi/12.3.1/../../../../arm-none-eabi/lib/thumb/v6-m/nofp/libc_nano.a(libc_a-impure.o)
                              /Applications/STM32CubeIDE.app/Contents/Eclipse/plugins/com.st.stm32cube.ide.mcu.externaltools.gnu-tools-for-stm32.12.3.rel1.macos64_1.1.0.202410301201/tools/bin/../lib/gcc/arm-none-eabi/12.3.1/../../../../arm-none-eabi/lib/thumb/v6-m/nofp/libc_nano.a(libc_a-findfp.o) (_impure_data)
/Applications/STM32CubeIDE.app/Contents/Eclipse/plugins/com.st.stm32cube.ide.mcu.externaltools.gnu-tools-for-stm32.12.3.rel1.macos64_1.1.0.202410301201/tools/bin/../lib/gcc/arm-none-eabi/12.3.1/../../../../arm-none-eabi/lib/thumb/v6-m/nofp/libc_nano.a(libc_a-errno.o)
                              ./Core/Src/syscalls.o (__errno)
/Applications/STM32CubeIDE.app/Contents/Eclipse/plugins/com.st.stm32cube.ide.mcu.externaltools.gnu-tools-for-stm32.12.3.rel1.macos64_1.1.0.202410301201/tools/bin/../lib/gcc/arm-none-eabi/12.3.1/../../../../arm-none-eabi/lib/thumb/v6-m/nofp/libc_nano.a(libc_a-init.o)
                              /Applications/STM32CubeIDE.app/Contents/Eclipse/plugins/com.st.stm32cube.ide.mcu.externaltools.gnu-tools-for-stm32.12.3.rel1.macos64_1.1.0.202410301201/tools/bin/../lib/gcc/arm-none-eabi/12.3.1/../../../../arm-none-eabi/lib/thumb/v6-m/nofp/crt0.o (__libc_init_array)
/Applications/STM32CubeIDE.app/Contents/Eclipse/plugins/com.st.stm32cube.ide.mcu.externaltools.gnu-tools-for-stm32.12.3.rel1.macos64_1.1.0.202410301201/tools/bin/../lib/gcc/arm-none-eabi/12.3.1/../../../../arm-none-eabi/lib/thumb/v6-m/nofp/libc_nano.a(libc_a-lock.o)
                              /Applications/STM32CubeIDE.app/Contents/Eclipse/plugins/com.st.stm32cube.ide.mcu.externaltools.gnu-tools-for-stm32.12.3.rel1.macos64_1.1.0.202410301201/tools/bin/../lib/gcc/arm-none-eabi/12.3.1/../../../../arm-none-eabi/lib/thumb/v6-m/nofp/libc_nano.a(libc_a-findfp.o) (__retarget_lock_init_recursive)
/Applications/STM32CubeIDE.app/Contents/Eclipse/plugins/com.st.stm32cube.ide.mcu.externaltools.gnu-tools-for-stm32.12.3.rel1.macos64_1.1.0.202410301201/tools/bin/../lib/gcc/arm-none-eabi/12.3.1/../../../../arm-none-eabi/lib/thumb/v6-m/nofp/libc_nano.a(libc_a-memcpy-stub.o)
                              ./Core/Src/input_capture.o (memcpy)
[...]
Memory Configuration

Name             Origin             Length             Attributes
RAM              0x20000000         0x00002000         xrw
FLASH            0x08000000         0x00010000         xr
*default*        0x00000000         0xffffffff

Linker script and memory map

LOAD /Applications/STM32CubeIDE.app/Contents/Eclipse/plugins/com.st.stm32cube.ide.mcu.externaltools.gnu-tools-for-stm32.12.3.rel1.macos64_1.1.0.202410301201/tools/bin/../lib/gcc/arm-none-eabi/12.3.1/thumb/v6-m/nofp/crti.o
LOAD /Applications/STM32CubeIDE.app/Contents/Eclipse/plugins/com.st.stm32cube.ide.mcu.externaltools.gnu-tools-for-stm32.12.3.rel1.macos64_1.1.0.202410301201/tools/bin/../lib/gcc/arm-none-eabi/12.3.1/thumb/v6-m/nofp/crtbegin.o
LOAD /Applications/STM32CubeIDE.app/Contents/Eclipse/plugins/com.st.stm32cube.ide.mcu.externaltools.gnu-tools-for-stm32.12.3.rel1.macos64_1.1.0.202410301201/tools/bin/../lib/gcc/arm-none-eabi/12.3.1/../../../../arm-none-eabi/lib/thumb/v6-m/nofp/crt0.o
LOAD ./Core/Src/UART.o
LOAD ./Core/Src/checking_functions.o
LOAD ./Core/Src/config.o
LOAD ./Core/Src/custom_callbacks.o
LOAD ./Core/Src/debug.o
LOAD ./Core/Src/input_capture.o
LOAD ./Core/Src/main.o
LOAD ./Core/Src/oscillator.o
LOAD ./Core/Src/startup.o
LOAD ./Core/Src/state_machine.o
LOAD ./Core/Src/stm32g0xx_hal_msp.o
LOAD ./Core/Src/stm32g0xx_it.o
LOAD ./Core/Src/symmetry_adjustment.o
LOAD ./Core/Src/syscalls.o
LOAD ./Core/Src/sysmem.o
LOAD ./Core/Src/system_stm32g0xx.o
LOAD ./Core/Src/timers.o
LOAD ./Core/Src/utility.o
LOAD ./Core/Startup/startup_stm32g031k8tx.o
LOAD ./Drivers/STM32G0xx_HAL_Driver/Src/stm32g0xx_hal.o
LOAD ./Drivers/STM32G0xx_HAL_Driver/Src/stm32g0xx_hal_adc.o
LOAD ./Drivers/STM32G0xx_HAL_Driver/Src/stm32g0xx_hal_adc_ex.o
LOAD ./Drivers/STM32G0xx_HAL_Driver/Src/stm32g0xx_hal_cortex.o
LOAD ./Drivers/STM32G0xx_HAL_Driver/Src/stm32g0xx_hal_dma.o
LOAD ./Drivers/STM32G0xx_HAL_Driver/Src/stm32g0xx_hal_dma_ex.o
LOAD ./Drivers/STM32G0xx_HAL_Driver/Src/stm32g0xx_hal_exti.o
LOAD ./Drivers/STM32G0xx_HAL_Driver/Src/stm32g0xx_hal_flash.o
LOAD ./Drivers/STM32G0xx_HAL_Driver/Src/stm32g0xx_hal_flash_ex.o
LOAD ./Drivers/STM32G0xx_HAL_Driver/Src/stm32g0xx_hal_gpio.o
LOAD ./Drivers/STM32G0xx_HAL_Driver/Src/stm32g0xx_hal_iwdg.o
LOAD ./Drivers/STM32G0xx_HAL_Driver/Src/stm32g0xx_hal_lptim.o
LOAD ./Drivers/STM32G0xx_HAL_Driver/Src/stm32g0xx_hal_pwr.o
LOAD ./Drivers/STM32G0xx_HAL_Driver/Src/stm32g0xx_hal_pwr_ex.o
LOAD ./Drivers/STM32G0xx_HAL_Driver/Src/stm32g0xx_hal_rcc.o
LOAD ./Drivers/STM32G0xx_HAL_Driver/Src/stm32g0xx_hal_rcc_ex.o
LOAD ./Drivers/STM32G0xx_HAL_Driver/Src/stm32g0xx_hal_tim.o
LOAD ./Drivers/STM32G0xx_HAL_Driver/Src/stm32g0xx_hal_tim_ex.o
LOAD ./Drivers/STM32G0xx_HAL_Driver/Src/stm32g0xx_hal_uart.o
LOAD ./Drivers/STM32G0xx_HAL_Driver/Src/stm32g0xx_hal_uart_ex.o
LOAD ./Drivers/STM32G0xx_HAL_Driver/Src/stm32g0xx_ll_adc.o
LOAD ./Drivers/STM32G0xx_HAL_Driver/Src/stm32g0xx_ll_rcc.o
START GROUP
LOAD /Applications/STM32CubeIDE.app/Contents/Eclipse/plugins/com.st.stm32cube.ide.mcu.externaltools.gnu-tools-for-stm32.12.3.rel1.macos64_1.1.0.202410301201/tools/bin/../lib/gcc/arm-none-eabi/12.3.1/../../../../arm-none-eabi/lib/thumb/v6-m/nofp/libc_nano.a
LOAD /Applications/STM32CubeIDE.app/Contents/Eclipse/plugins/com.st.stm32cube.ide.mcu.externaltools.gnu-tools-for-stm32.12.3.rel1.macos64_1.1.0.202410301201/tools/bin/../lib/gcc/arm-none-eabi/12.3.1/../../../../arm-none-eabi/lib/thumb/v6-m/nofp/libm.a
END GROUP
START GROUP
LOAD /Applications/STM32CubeIDE.app/Contents/Eclipse/plugins/com.st.stm32cube.ide.mcu.externaltools.gnu-tools-for-stm32.12.3.rel1.macos64_1.1.0.202410301201/tools/bin/../lib/gcc/arm-none-eabi/12.3.1/thumb/v6-m/nofp/libgcc.a
LOAD /Applications/STM32CubeIDE.app/Contents/Eclipse/plugins/com.st.stm32cube.ide.mcu.externaltools.gnu-tools-for-stm32.12.3.rel1.macos64_1.1.0.202410301201/tools/bin/../lib/gcc/arm-none-eabi/12.3.1/../../../../arm-none-eabi/lib/thumb/v6-m/nofp/libc_nano.a
END GROUP
START GROUP
LOAD /Applications/STM32CubeIDE.app/Contents/Eclipse/plugins/com.st.stm32cube.ide.mcu.externaltools.gnu-tools-for-stm32.12.3.rel1.macos64_1.1.0.202410301201/tools/bin/../lib/gcc/arm-none-eabi/12.3.1/thumb/v6-m/nofp/libgcc.a
LOAD /Applications/STM32CubeIDE.app/Contents/Eclipse/plugins/com.st.stm32cube.ide.mcu.externaltools.gnu-tools-for-stm32.12.3.rel1.macos64_1.1.0.202410301201/tools/bin/../lib/gcc/arm-none-eabi/12.3.1/../../../../arm-none-eabi/lib/thumb/v6-m/nofp/libc_nano.a
LOAD /Applications/STM32CubeIDE.app/Contents/Eclipse/plugins/com.st.stm32cube.ide.mcu.externaltools.gnu-tools-for-stm32.12.3.rel1.macos64_1.1.0.202410301201/tools/bin/../lib/gcc/arm-none-eabi/12.3.1/../../../../arm-none-eabi/lib/thumb/v6-m/nofp/libnosys.a
END GROUP
START GROUP
LOAD /Applications/STM32CubeIDE.app/Contents/Eclipse/plugins/com.st.stm32cube.ide.mcu.externaltools.gnu-tools-for-stm32.12.3.rel1.macos64_1.1.0.202410301201/tools/bin/../lib/gcc/arm-none-eabi/12.3.1/thumb/v6-m/nofp/libgcc.a
LOAD /Applications/STM32CubeIDE.app/Contents/Eclipse/plugins/com.st.stm32cube.ide.mcu.externaltools.gnu-tools-for-stm32.12.3.rel1.macos64_1.1.0.202410301201/tools/bin/../lib/gcc/arm-none-eabi/12.3.1/../../../../arm-none-eabi/lib/thumb/v6-m/nofp/libc_nano.a
LOAD /Applications/STM32CubeIDE.app/Contents/Eclipse/plugins/com.st.stm32cube.ide.mcu.externaltools.gnu-tools-for-stm32.12.3.rel1.macos64_1.1.0.202410301201/tools/bin/../lib/gcc/arm-none-eabi/12.3.1/../../../../arm-none-eabi/lib/thumb/v6-m/nofp/libnosys.a
END GROUP
LOAD /Applications/STM32CubeIDE.app/Contents/Eclipse/plugins/com.st.stm32cube.ide.mcu.externaltools.gnu-tools-for-stm32.12.3.rel1.macos64_1.1.0.202410301201/tools/bin/../lib/gcc/arm-none-eabi/12.3.1/thumb/v6-m/nofp/crtend.o
LOAD /Applications/STM32CubeIDE.app/Contents/Eclipse/plugins/com.st.stm32cube.ide.mcu.externaltools.gnu-tools-for-stm32.12.3.rel1.macos64_1.1.0.202410301201/tools/bin/../lib/gcc/arm-none-eabi/12.3.1/thumb/v6-m/nofp/crtn.o
                0x20002000                        _estack = (ORIGIN (RAM) + LENGTH (RAM))
                0x00000200                        _Min_Heap_Size = 0x200
                0x00000400                        _Min_Stack_Size = 0x400

.isr_vector     0x08000000       0xbc
                0x08000000                        . = ALIGN (0x4)
 *(.isr_vector)
 .isr_vector    0x08000000       0xbc ./Core/Startup/startup_stm32g031k8tx.o
                0x08000000                g_pfnVectors
                0x080000bc                        . = ALIGN (0x4)

.text           0x080000bc     0x6768
                0x080000bc                        . = ALIGN (0x4)
 *(.text)
 .text          0x080000bc       0x48 /Applications/STM32CubeIDE.app/Contents/Eclipse/plugins/com.st.stm32cube.ide.mcu.externaltools.gnu-tools-for-stm32.12.3.rel1.macos64_1.1.0.202410301201/tools/bin/../lib/gcc/arm-none-eabi/12.3.1/thumb/v6-m/nofp/crtbegin.o
 .text          0x08000104      0x114 /Applications/STM32CubeIDE.app/Contents/Eclipse/plugins/com.st.stm32cube.ide.mcu.externaltools.gnu-tools-for-stm32.12.3.rel1.macos64_1.1.0.202410301201/tools/bin/../lib/gcc/arm-none-eabi/12.3.1/thumb/v6-m/nofp/libgcc.a(_udivsi3.o)
                0x08000104                __udivsi3
                0x08000104                __aeabi_uidiv
                0x08000210                __aeabi_uidivmod
 .text          0x08000218        0x4 /Applications/STM32CubeIDE.app/Contents/Eclipse/plugins/com.st.stm32cube.ide.mcu.externaltools.gnu-tools-for-stm32.12.3.rel1.macos64_1.1.0.202410301201/tools/bin/../lib/gcc/arm-none-eabi/12.3.1/thumb/v6-m/nofp/libgcc.a(_dvmd_tls.o)
                0x08000218                __aeabi_ldiv0
                0x08000218                __aeabi_idiv0
 .text          0x0800021c       0x40 /Applications/STM32CubeIDE.app/Contents/Eclipse/plugins/com.st.stm32cube.ide.mcu.externaltools.gnu-tools-for-stm32.12.3.rel1.macos64_1.1.0.202410301201/tools/bin/../lib/gcc/arm-none-eabi/12.3.1/thumb/v6-m/nofp/libgcc.a(_aeabi_uldivmod.o)
                0x0800021c                __aeabi_uldivmod
 .text          0x0800025c      0x198 /Applications/STM32CubeIDE.app/Contents/Eclipse/plugins/com.st.stm32cube.ide.mcu.externaltools.gnu-tools-for-stm32.12.3.rel1.macos64_1.1.0.202410301201/tools/bin/../lib/gcc/arm-none-eabi/12.3.1/thumb/v6-m/nofp/libgcc.a(_udivmoddi4.o)
                0x0800025c                __udivmoddi4
 .text          0x080003f4       0x18 /Applications/STM32CubeIDE.app/Contents/Eclipse/plugins/com.st.stm32cube.ide.mcu.externaltools.gnu-tools-for-stm32.12.3.rel1.macos64_1.1.0.202410301201/tools/bin/../lib/gcc/arm-none-eabi/12.3.1/thumb/v6-m/nofp/libgcc.a(_clzdi2.o)
                0x080003f4                __clzdi2
 .text          0x0800040c       0x3c /Applications/STM32CubeIDE.app/Contents/Eclipse/plugins/com.st.stm32cube.ide.mcu.externaltools.gnu-tools-for-stm32.12.3.rel1.macos64_1.1.0.202410301201/tools/bin/../lib/gcc/arm-none-eabi/12.3.1/thumb/v6-m/nofp/libgcc.a(_clzsi2.o)
                0x0800040c                __clzsi2
 *(.text*)
 .text.Start_UART_Receive
                0x08000448       0x18 ./Core/Src/UART.o
                0x08000448                Start_UART_Receive
 .text.Speed_Pot_Check
                0x08000460       0x78 ./Core/Src/checking_functions.o
                0x08000460                Speed_Pot_Check
 .text.Check_Tap_Tempo_Switch_State
                0x080004d8       0x64 ./Core/Src/checking_functions.o
                0x080004d8                Check_Tap_Tempo_Switch_State
 .text.SystemClock_Config
                0x0800053c       0x80 ./Core/Src/config.o
                0x0800053c                SystemClock_Config
 .text.MX_ADC1_Init
                0x080005bc       0xf4 ./Core/Src/config.o
                0x080005bc                MX_ADC1_Init
 .text.MX_TIM16_Init
                0x080006b0       0xb0 ./Core/Src/config.o
                0x080006b0                MX_TIM16_Init
 .text.MX_TIM2_Init
                0x08000760       0xb8 ./Core/Src/config.o
                0x08000760                MX_TIM2_Init
 .text.MX_TIM3_Init
                0x08000818       0xc0 ./Core/Src/config.o
                0x08000818                MX_TIM3_Init
 .text.MX_TIM1_Init
                0x080008d8      0x128 ./Core/Src/config.o
                0x080008d8                MX_TIM1_Init
 .text.MX_TIM17_Init
                0x08000a00       0xb4 ./Core/Src/config.o
                0x08000a00                MX_TIM17_Init
 .text.MX_TIM14_Init
                0x08000ab4       0x78 ./Core/Src/config.o
                0x08000ab4                MX_TIM14_Init
 .text.MX_GPIO_Init
                0x08000b2c      0x12c ./Core/Src/config.o
                0x08000b2c                MX_GPIO_Init
 .text.Error_Handler
                0x08000c58        0x4 ./Core/Src/config.o
                0x08000c58                Error_Handler
 .text.System_Init
                0x08000c5c      0x19c ./Core/Src/config.o
                0x08000c5c                System_Init
 .text.TIM16_callback
                0x08000df8       0x3c ./Core/Src/custom_callbacks.o
                0x08000df8                TIM16_callback
 .text.ADC_DMA_conversion_complete_callback
                0x08000e34       0x68 ./Core/Src/custom_callbacks.o
                0x08000e34                ADC_DMA_conversion_complete_callback
 .text.TIM2_ch1_IP_capture_callback
                0x08000e9c       0x90 ./Core/Src/custom_callbacks.o
                0x08000e9c                TIM2_ch1_IP_capture_callback
 .text.TIM2_ch1_overflow_callback
                0x08000f2c       0x64 ./Core/Src/custom_callbacks.o
                0x08000f2c                TIM2_ch1_overflow_callback
 .text.TIM3_ch1_IP_capture_measurement_reelapse_callback
                0x08000f90       0x94 ./Core/Src/custom_callbacks.o
                0x08000f90                TIM3_ch1_IP_capture_measurement_reelapse_callback
 .text.UART2_TX_transfer_complete_callback
                0x08001024        0x4 ./Core/Src/custom_callbacks.o
                0x08001024                UART2_TX_transfer_complete_callback
 .text.UART2_RX_transfer_complete_callback
                0x08001028       0xcc ./Core/Src/custom_callbacks.o
                0x08001028                UART2_RX_transfer_complete_callback
 .text.HAL_GPIO_EXTI_Falling_Callback
                0x080010f4       0x34 ./Core/Src/custom_callbacks.o
                0x080010f4                HAL_GPIO_EXTI_Falling_Callback
 .text.HAL_GPIO_EXTI_Rising_Callback
                0x08001128       0x80 ./Core/Src/custom_callbacks.o
                0x08001128                HAL_GPIO_EXTI_Rising_Callback
 .text.LPTIM1_callback
                0x080011a8      0x150 ./Core/Src/custom_callbacks.o
                0x080011a8                LPTIM1_callback
 .text.TIM17_callback
                0x080012f8        0x4 ./Core/Src/custom_callbacks.o
                0x080012f8                TIM17_callback
 .text.TIM14_callback
                0x080012fc        0x4 ./Core/Src/custom_callbacks.o
                0x080012fc                TIM14_callback
 .text.Input_Capture_Processing
                0x08001300       0x7c ./Core/Src/input_capture.o
                0x08001300                Input_Capture_Processing
 .text.Start_Input_Capture_Timer
                0x0800137c       0x30 ./Core/Src/input_capture.o
                0x0800137c                Start_Input_Capture_Timer
 .text.Copy_Params_Structs
                0x080013ac       0x14 ./Core/Src/input_capture.o
                0x080013ac                Copy_Params_Structs
 .text.Start_Measurement_Reelapse_Timer
                0x080013c0       0x24 ./Core/Src/input_capture.o
                0x080013c0                Start_Measurement_Reelapse_Timer
 .text.Begin_Input_Capture_Measurement
                0x080013e4       0x10 ./Core/Src/input_capture.o
                0x080013e4                Begin_Input_Capture_Measurement
 .text.startup.main
                0x080013f4       0x34 ./Core/Src/main.o
                0x080013f4                main
 .text.Start_PWM_Gen_Timer_Main_and_Secondary_Oscillators
                0x08001428       0x34 ./Core/Src/oscillator.o
                0x08001428                Start_PWM_Gen_Timer_Main_and_Secondary_Oscillators
 .text.Start_Freq_Gen_Timer
                0x0800145c       0x1c ./Core/Src/oscillator.o
                0x0800145c                Start_Freq_Gen_Timer
 .text.Process_TIM16_Raw_Start_Value_and_Raw_Prescaler
                0x08001478       0x30 ./Core/Src/oscillator.o
                0x08001478                Process_TIM16_Raw_Start_Value_and_Raw_Prescaler
 .text.Set_Oscillator_Values
                0x080014a8       0x30 ./Core/Src/oscillator.o
                0x080014a8                Set_Oscillator_Values
 .text.Calculate_Next_Main_Oscillator_Values
                0x080014d8      0x118 ./Core/Src/oscillator.o
                0x080014d8                Calculate_Next_Main_Oscillator_Values
 .text.Write_Next_Main_Oscillator_Values_to_Delay_Line
                0x080015f0       0xb8 ./Core/Src/oscillator.o
                0x080015f0                Write_Next_Main_Oscillator_Values_to_Delay_Line
 .text.Process_ADC_Conversion_Values
                0x080016a8       0x4c ./Core/Src/oscillator.o
                0x080016a8                Process_ADC_Conversion_Values
 .text.Startup  0x080016f4      0x110 ./Core/Src/startup.o
                0x080016f4                Startup
 .text.HAL_MspInit
                0x08001804       0x30 ./Core/Src/stm32g0xx_hal_msp.o
                0x08001804                HAL_MspInit
 .text.HAL_ADC_MspInit
                0x08001834       0xa0 ./Core/Src/stm32g0xx_hal_msp.o
                0x08001834                HAL_ADC_MspInit
 .text.HAL_LPTIM_MspInit
                0x080018d4       0xf4 ./Core/Src/stm32g0xx_hal_msp.o
                0x080018d4                HAL_LPTIM_MspInit
 .text.HAL_TIM_Base_MspInit
                0x080019c8      0x170 ./Core/Src/stm32g0xx_hal_msp.o
                0x080019c8                HAL_TIM_Base_MspInit
 .text.HAL_TIM_MspPostInit
                0x08001b38       0x78 ./Core/Src/stm32g0xx_hal_msp.o
                0x08001b38                HAL_TIM_MspPostInit
 .text.HAL_UART_MspInit
                0x08001bb0       0xec ./Core/Src/stm32g0xx_hal_msp.o
                0x08001bb0                HAL_UART_MspInit
 .text.NMI_Handler
                0x08001c9c        0x4 ./Core/Src/stm32g0xx_it.o
                0x08001c9c                NMI_Handler
 .text.HardFault_Handler
                0x08001ca0        0x4 ./Core/Src/stm32g0xx_it.o
                0x08001ca0                HardFault_Handler
 .text.SVC_Handler
                0x08001ca4        0x4 ./Core/Src/stm32g0xx_it.o
                0x08001ca4                SVC_Handler
 .text.PendSV_Handler
                0x08001ca8        0x4 ./Core/Src/stm32g0xx_it.o
                0x08001ca8                PendSV_Handler
 .text.SysTick_Handler
                0x08001cac        0x8 ./Core/Src/stm32g0xx_it.o
                0x08001cac                SysTick_Handler
 .text.EXTI4_15_IRQHandler
                0x08001cb4        0xc ./Core/Src/stm32g0xx_it.o
                0x08001cb4                EXTI4_15_IRQHandler
 .text.DMA1_Channel1_IRQHandler
                0x08001cc0       0x10 ./Core/Src/stm32g0xx_it.o
                0x08001cc0                DMA1_Channel1_IRQHandler
 .text.DMA1_Channel2_3_IRQHandler
                0x08001cd0       0x18 ./Core/Src/stm32g0xx_it.o
                0x08001cd0                DMA1_Channel2_3_IRQHandler
 .text.TIM2_IRQHandler
                0x08001ce8       0x10 ./Core/Src/stm32g0xx_it.o
                0x08001ce8                TIM2_IRQHandler
 .text.TIM3_IRQHandler
                0x08001cf8       0x10 ./Core/Src/stm32g0xx_it.o
                0x08001cf8                TIM3_IRQHandler
 .text.TIM16_IRQHandler
                0x08001d08       0x10 ./Core/Src/stm32g0xx_it.o
                0x08001d08                TIM16_IRQHandler
 .text.USART2_IRQHandler
                0x08001d18       0x10 ./Core/Src/stm32g0xx_it.o
                0x08001d18                USART2_IRQHandler
 .text.LPTIM1_IRQHandler
                0x08001d28       0x10 ./Core/Src/stm32g0xx_it.o
                0x08001d28                LPTIM1_IRQHandler
 .text.TIM17_IRQHandler
                0x08001d38       0x10 ./Core/Src/stm32g0xx_it.o
                0x08001d38                TIM17_IRQHandler
 .text.TIM14_IRQHandler
                0x08001d48       0x10 ./Core/Src/stm32g0xx_it.o
                0x08001d48                TIM14_IRQHandler
 .text.Process_TIM16_Final_Start_Value_and_Final_Prescaler
                0x08001d58      0x2a0 ./Core/Src/symmetry_adjustment.o
                0x08001d58                Process_TIM16_Final_Start_Value_and_Final_Prescaler
 .text.SystemInit
                0x08001ff8        0x4 ./Core/Src/system_stm32g0xx.o
                0x08001ff8                SystemInit
 .text.Start_OC_TIM
                0x08001ffc       0x14 ./Core/Src/timers.o
                0x08001ffc                Start_OC_TIM
 .text.Stop_OC_TIM
                0x08002010       0x14 ./Core/Src/timers.o
                0x08002010                Stop_OC_TIM
 .text.isPrime  0x08002024       0x34 ./Core/Src/utility.o
                0x08002024                isPrime
 .text.unsigned_bitwise_modulo
                0x08002058        0xc ./Core/Src/utility.o
                0x08002058                unsigned_bitwise_modulo
 .text.Global_Interrupt_Enable
                0x08002064        0x8 ./Core/Src/utility.o
                0x08002064                Global_Interrupt_Enable
 .text.Get_Status_Bit
                0x0800206c        0xc ./Core/Src/utility.o
                0x0800206c                Get_Status_Bit
 .text.Set_Status_Bit
                0x08002078        0x8 ./Core/Src/utility.o
                0x08002078                Set_Status_Bit
 .text.Clear_Status_Bit
                0x08002080        0x8 ./Core/Src/utility.o
                0x08002080                Clear_Status_Bit
 .text.Reset_Handler
                0x08002088       0x50 ./Core/Startup/startup_stm32g031k8tx.o
                0x08002088                Reset_Handler
 .text.Default_Handler
                0x080020d8        0x2 ./Core/Startup/startup_stm32g031k8tx.o
                0x080020d8                TIM1_BRK_UP_TRG_COM_IRQHandler
                0x080020d8                PVD_IRQHandler
                0x080020d8                I2C1_IRQHandler
                0x080020d8                LPTIM2_IRQHandler
                0x080020d8                RTC_TAMP_IRQHandler
                0x080020d8                SPI1_IRQHandler
                0x080020d8                DMA1_Ch4_5_DMAMUX1_OVR_IRQHandler
                0x080020d8                EXTI2_3_IRQHandler
                0x080020d8                ADC1_IRQHandler
                0x080020d8                I2C2_IRQHandler
                0x080020d8                RCC_IRQHandler
                0x080020d8                Default_Handler
                0x080020d8                EXTI0_1_IRQHandler
                0x080020d8                SPI2_IRQHandler
                0x080020d8                WWDG_IRQHandler
                0x080020d8                LPUART1_IRQHandler
                0x080020d8                FLASH_IRQHandler
                0x080020d8                USART1_IRQHandler
                0x080020d8                TIM1_CC_IRQHandler
 *fill*         0x080020da        0x2 
 .text.HAL_InitTick
                0x080020dc       0x4c ./Drivers/STM32G0xx_HAL_Driver/Src/stm32g0xx_hal.o
                0x080020dc                HAL_InitTick
 .text.HAL_Init
                0x08002128       0x28 ./Drivers/STM32G0xx_HAL_Driver/Src/stm32g0xx_hal.o
                0x08002128                HAL_Init
 .text.HAL_IncTick
                0x08002150       0x18 ./Drivers/STM32G0xx_HAL_Driver/Src/stm32g0xx_hal.o
                0x08002150                HAL_IncTick
 .text.HAL_GetTick
                0x08002168        0xc ./Drivers/STM32G0xx_HAL_Driver/Src/stm32g0xx_hal.o
                0x08002168                HAL_GetTick
 .text.ADC_DMAConvCplt
                0x08002174       0x80 ./Drivers/STM32G0xx_HAL_Driver/Src/stm32g0xx_hal_adc.o
 .text.ADC_DMAHalfConvCplt
                0x080021f4        0xc ./Drivers/STM32G0xx_HAL_Driver/Src/stm32g0xx_hal_adc.o
 .text.ADC_DMAError
                0x08002200       0x1c ./Drivers/STM32G0xx_HAL_Driver/Src/stm32g0xx_hal_adc.o
 .text.HAL_ADC_ErrorCallback
                0x0800221c        0x4 ./Drivers/STM32G0xx_HAL_Driver/Src/stm32g0xx_hal_adc.o
                0x0800221c                HAL_ADC_ErrorCallback
 .text.HAL_ADC_ConvCpltCallback
                0x08002220        0x4 ./Drivers/STM32G0xx_HAL_Driver/Src/stm32g0xx_hal_adc.o
                0x08002220                HAL_ADC_ConvCpltCallback
 .text.HAL_ADC_ConvHalfCpltCallback
                0x08002224        0x4 ./Drivers/STM32G0xx_HAL_Driver/Src/stm32g0xx_hal_adc.o
                0x08002224                HAL_ADC_ConvHalfCpltCallback
 .text.HAL_ADC_LevelOutOfWindowCallback
                0x08002228        0x4 ./Drivers/STM32G0xx_HAL_Driver/Src/stm32g0xx_hal_adc.o
                0x08002228                HAL_ADC_LevelOutOfWindowCallback
 .text.HAL_ADC_Init
                0x0800222c      0x284 ./Drivers/STM32G0xx_HAL_Driver/Src/stm32g0xx_hal_adc.o
                0x0800222c                HAL_ADC_Init
 .text.HAL_ADC_RegisterCallback
                0x080024b0       0x70 ./Drivers/STM32G0xx_HAL_Driver/Src/stm32g0xx_hal_adc.o
                0x080024b0                HAL_ADC_RegisterCallback
 .text.HAL_ADC_ConfigChannel
                0x08002520      0x284 ./Drivers/STM32G0xx_HAL_Driver/Src/stm32g0xx_hal_adc.o
                0x08002520                HAL_ADC_ConfigChannel
 .text.ADC_ConversionStop
                0x080027a4       0x74 ./Drivers/STM32G0xx_HAL_Driver/Src/stm32g0xx_hal_adc.o
                0x080027a4                ADC_ConversionStop
 .text.ADC_Enable
                0x08002818       0xcc ./Drivers/STM32G0xx_HAL_Driver/Src/stm32g0xx_hal_adc.o
                0x08002818                ADC_Enable
 .text.HAL_ADC_Start_DMA
                0x080028e4       0xb4 ./Drivers/STM32G0xx_HAL_Driver/Src/stm32g0xx_hal_adc.o
                0x080028e4                HAL_ADC_Start_DMA
 .text.ADC_Disable
                0x08002998       0x88 ./Drivers/STM32G0xx_HAL_Driver/Src/stm32g0xx_hal_adc.o
                0x08002998                ADC_Disable
 .text.HAL_ADC_Stop_DMA
                0x08002a20       0x8c ./Drivers/STM32G0xx_HAL_Driver/Src/stm32g0xx_hal_adc.o
                0x08002a20                HAL_ADC_Stop_DMA
 .text.HAL_ADCEx_Calibration_Start
                0x08002aac      0x19c ./Drivers/STM32G0xx_HAL_Driver/Src/stm32g0xx_hal_adc_ex.o
                0x08002aac                HAL_ADCEx_Calibration_Start
 .text.HAL_ADCEx_LevelOutOfWindow2Callback
                0x08002c48        0x4 ./Drivers/STM32G0xx_HAL_Driver/Src/stm32g0xx_hal_adc_ex.o
                0x08002c48                HAL_ADCEx_LevelOutOfWindow2Callback
 .text.HAL_ADCEx_LevelOutOfWindow3Callback
                0x08002c4c        0x4 ./Drivers/STM32G0xx_HAL_Driver/Src/stm32g0xx_hal_adc_ex.o
                0x08002c4c                HAL_ADCEx_LevelOutOfWindow3Callback
 .text.HAL_ADCEx_EndOfSamplingCallback
                0x08002c50        0x4 ./Drivers/STM32G0xx_HAL_Driver/Src/stm32g0xx_hal_adc_ex.o
                0x08002c50                HAL_ADCEx_EndOfSamplingCallback
 .text.HAL_NVIC_SetPriority
                0x08002c54       0x54 ./Drivers/STM32G0xx_HAL_Driver/Src/stm32g0xx_hal_cortex.o
                0x08002c54                HAL_NVIC_SetPriority
 .text.HAL_NVIC_EnableIRQ
                0x08002ca8       0x18 ./Drivers/STM32G0xx_HAL_Driver/Src/stm32g0xx_hal_cortex.o
                0x08002ca8                HAL_NVIC_EnableIRQ
 .text.HAL_NVIC_DisableIRQ
                0x08002cc0       0x20 ./Drivers/STM32G0xx_HAL_Driver/Src/stm32g0xx_hal_cortex.o
                0x08002cc0                HAL_NVIC_DisableIRQ
 .text.HAL_SYSTICK_Config
                0x08002ce0       0x34 ./Drivers/STM32G0xx_HAL_Driver/Src/stm32g0xx_hal_cortex.o
                0x08002ce0                HAL_SYSTICK_Config
 .text.HAL_DMA_Init
                0x08002d14       0xec ./Drivers/STM32G0xx_HAL_Driver/Src/stm32g0xx_hal_dma.o
                0x08002d14                HAL_DMA_Init
 .text.HAL_DMA_Start_IT
                0x08002e00       0xd0 ./Drivers/STM32G0xx_HAL_Driver/Src/stm32g0xx_hal_dma.o
                0x08002e00                HAL_DMA_Start_IT
 .text.HAL_DMA_Abort
                0x08002ed0       0x78 ./Drivers/STM32G0xx_HAL_Driver/Src/stm32g0xx_hal_dma.o
                0x08002ed0                HAL_DMA_Abort
 .text.HAL_DMA_Abort_IT
                0x08002f48       0x78 ./Drivers/STM32G0xx_HAL_Driver/Src/stm32g0xx_hal_dma.o
                0x08002f48                HAL_DMA_Abort_IT
 .text.HAL_DMA_IRQHandler
                0x08002fc0       0xb8 ./Drivers/STM32G0xx_HAL_Driver/Src/stm32g0xx_hal_dma.o
                0x08002fc0                HAL_DMA_IRQHandler
 .text.HAL_GPIO_Init
                0x08003078      0x1e4 ./Drivers/STM32G0xx_HAL_Driver/Src/stm32g0xx_hal_gpio.o
                0x08003078                HAL_GPIO_Init
 .text.HAL_GPIO_ReadPin
                0x0800325c        0xc ./Drivers/STM32G0xx_HAL_Driver/Src/stm32g0xx_hal_gpio.o
                0x0800325c                HAL_GPIO_ReadPin
 .text.HAL_GPIO_WritePin
                0x08003268        0xc ./Drivers/STM32G0xx_HAL_Driver/Src/stm32g0xx_hal_gpio.o
                0x08003268                HAL_GPIO_WritePin
 .text.HAL_GPIO_EXTI_IRQHandler
                0x08003274       0x34 ./Drivers/STM32G0xx_HAL_Driver/Src/stm32g0xx_hal_gpio.o
                0x08003274                HAL_GPIO_EXTI_IRQHandler
 .text.HAL_LPTIM_DirectionDownCallback
                0x080032a8        0x4 ./Drivers/STM32G0xx_HAL_Driver/Src/stm32g0xx_hal_lptim.o
                0x080032a8                HAL_LPTIM_DirectionDownCallback
 .text.HAL_LPTIM_CompareMatchCallback
                0x080032ac        0x4 ./Drivers/STM32G0xx_HAL_Driver/Src/stm32g0xx_hal_lptim.o
                0x080032ac                HAL_LPTIM_CompareMatchCallback
 .text.HAL_LPTIM_AutoReloadMatchCallback
                0x080032b0        0x4 ./Drivers/STM32G0xx_HAL_Driver/Src/stm32g0xx_hal_lptim.o
                0x080032b0                HAL_LPTIM_AutoReloadMatchCallback
 .text.HAL_LPTIM_TriggerCallback
                0x080032b4        0x4 ./Drivers/STM32G0xx_HAL_Driver/Src/stm32g0xx_hal_lptim.o
                0x080032b4                HAL_LPTIM_TriggerCallback
 .text.HAL_LPTIM_CompareWriteCallback
                0x080032b8        0x4 ./Drivers/STM32G0xx_HAL_Driver/Src/stm32g0xx_hal_lptim.o
                0x080032b8                HAL_LPTIM_CompareWriteCallback
 .text.HAL_LPTIM_AutoReloadWriteCallback
                0x080032bc        0x4 ./Drivers/STM32G0xx_HAL_Driver/Src/stm32g0xx_hal_lptim.o
                0x080032bc                HAL_LPTIM_AutoReloadWriteCallback
 .text.HAL_LPTIM_DirectionUpCallback
                0x080032c0        0x4 ./Drivers/STM32G0xx_HAL_Driver/Src/stm32g0xx_hal_lptim.o
                0x080032c0                HAL_LPTIM_DirectionUpCallback
 .text.HAL_LPTIM_Init
                0x080032c4      0x108 ./Drivers/STM32G0xx_HAL_Driver/Src/stm32g0xx_hal_lptim.o
                0x080032c4                HAL_LPTIM_Init
 .text.HAL_LPTIM_IRQHandler
                0x080033cc       0xb8 ./Drivers/STM32G0xx_HAL_Driver/Src/stm32g0xx_hal_lptim.o
                0x080033cc                HAL_LPTIM_IRQHandler
 .text.HAL_LPTIM_RegisterCallback
                0x08003484       0x70 ./Drivers/STM32G0xx_HAL_Driver/Src/stm32g0xx_hal_lptim.o
                0x08003484                HAL_LPTIM_RegisterCallback
 .text.LPTIM_Disable
                0x080034f4      0x1c8 ./Drivers/STM32G0xx_HAL_Driver/Src/stm32g0xx_hal_lptim.o
                0x080034f4                LPTIM_Disable
 .text.HAL_LPTIM_SetOnce_Start_IT
                0x080036bc       0xc8 ./Drivers/STM32G0xx_HAL_Driver/Src/stm32g0xx_hal_lptim.o
                0x080036bc                HAL_LPTIM_SetOnce_Start_IT
 .text.HAL_PWREx_ControlVoltageScaling
                0x08003784       0x60 ./Drivers/STM32G0xx_HAL_Driver/Src/stm32g0xx_hal_pwr_ex.o
                0x08003784                HAL_PWREx_ControlVoltageScaling
 .text.HAL_RCC_OscConfig
                0x080037e4      0x4d0 ./Drivers/STM32G0xx_HAL_Driver/Src/stm32g0xx_hal_rcc.o
                0x080037e4                HAL_RCC_OscConfig
 .text.HAL_RCC_GetSysClockFreq
                0x08003cb4       0x9c ./Drivers/STM32G0xx_HAL_Driver/Src/stm32g0xx_hal_rcc.o
                0x08003cb4                HAL_RCC_GetSysClockFreq
 .text.HAL_RCC_ClockConfig
                0x08003d50      0x190 ./Drivers/STM32G0xx_HAL_Driver/Src/stm32g0xx_hal_rcc.o
                0x08003d50                HAL_RCC_ClockConfig
 .text.HAL_RCC_GetPCLK1Freq
                0x08003ee0       0x28 ./Drivers/STM32G0xx_HAL_Driver/Src/stm32g0xx_hal_rcc.o
                0x08003ee0                HAL_RCC_GetPCLK1Freq
 .text.HAL_RCCEx_PeriphCLKConfig
                0x08003f08      0x1f0 ./Drivers/STM32G0xx_HAL_Driver/Src/stm32g0xx_hal_rcc_ex.o
                0x08003f08                HAL_RCCEx_PeriphCLKConfig
 .text.HAL_TIM_OC_MspInit
                0x080040f8        0x4 ./Drivers/STM32G0xx_HAL_Driver/Src/stm32g0xx_hal_tim.o
                0x080040f8                HAL_TIM_OC_MspInit
 .text.HAL_TIM_PWM_MspInit
                0x080040fc        0x4 ./Drivers/STM32G0xx_HAL_Driver/Src/stm32g0xx_hal_tim.o
                0x080040fc                HAL_TIM_PWM_MspInit
 .text.HAL_TIM_IC_MspInit
                0x08004100        0x4 ./Drivers/STM32G0xx_HAL_Driver/Src/stm32g0xx_hal_tim.o
                0x08004100                HAL_TIM_IC_MspInit
 .text.HAL_TIM_PeriodElapsedCallback
                0x08004104        0x4 ./Drivers/STM32G0xx_HAL_Driver/Src/stm32g0xx_hal_tim.o
                0x08004104                HAL_TIM_PeriodElapsedCallback
 .text.HAL_TIM_PeriodElapsedHalfCpltCallback
                0x08004108        0x4 ./Drivers/STM32G0xx_HAL_Driver/Src/stm32g0xx_hal_tim.o
                0x08004108                HAL_TIM_PeriodElapsedHalfCpltCallback
 .text.HAL_TIM_OC_DelayElapsedCallback
                0x0800410c        0x4 ./Drivers/STM32G0xx_HAL_Driver/Src/stm32g0xx_hal_tim.o
                0x0800410c                HAL_TIM_OC_DelayElapsedCallback
 .text.HAL_TIM_IC_CaptureCallback
                0x08004110        0x4 ./Drivers/STM32G0xx_HAL_Driver/Src/stm32g0xx_hal_tim.o
                0x08004110                HAL_TIM_IC_CaptureCallback
 .text.HAL_TIM_IC_CaptureHalfCpltCallback
                0x08004114        0x4 ./Drivers/STM32G0xx_HAL_Driver/Src/stm32g0xx_hal_tim.o
                0x08004114                HAL_TIM_IC_CaptureHalfCpltCallback
 .text.HAL_TIM_PWM_PulseFinishedCallback
                0x08004118        0x4 ./Drivers/STM32G0xx_HAL_Driver/Src/stm32g0xx_hal_tim.o
                0x08004118                HAL_TIM_PWM_PulseFinishedCallback
 .text.HAL_TIM_PWM_PulseFinishedHalfCpltCallback
                0x0800411c        0x4 ./Drivers/STM32G0xx_HAL_Driver/Src/stm32g0xx_hal_tim.o
                0x0800411c                HAL_TIM_PWM_PulseFinishedHalfCpltCallback
 .text.HAL_TIM_TriggerCallback
                0x08004120        0x4 ./Drivers/STM32G0xx_HAL_Driver/Src/stm32g0xx_hal_tim.o
                0x08004120                HAL_TIM_TriggerCallback
 .text.HAL_TIM_TriggerHalfCpltCallback
                0x08004124        0x4 ./Drivers/STM32G0xx_HAL_Driver/Src/stm32g0xx_hal_tim.o
                0x08004124                HAL_TIM_TriggerHalfCpltCallback
 .text.HAL_TIM_ErrorCallback
                0x08004128        0x4 ./Drivers/STM32G0xx_HAL_Driver/Src/stm32g0xx_hal_tim.o
                0x08004128                HAL_TIM_ErrorCallback
 .text.HAL_TIM_Base_Init
                0x0800412c      0x190 ./Drivers/STM32G0xx_HAL_Driver/Src/stm32g0xx_hal_tim.o
                0x0800412c                HAL_TIM_Base_Init
 .text.HAL_TIM_Base_Start
                0x080042bc       0x5c ./Drivers/STM32G0xx_HAL_Driver/Src/stm32g0xx_hal_tim.o
                0x080042bc                HAL_TIM_Base_Start
 .text.HAL_TIM_Base_Start_IT
                0x08004318       0x64 ./Drivers/STM32G0xx_HAL_Driver/Src/stm32g0xx_hal_tim.o
                0x08004318                HAL_TIM_Base_Start_IT
 .text.HAL_TIM_OC_Init
                0x0800437c      0x190 ./Drivers/STM32G0xx_HAL_Driver/Src/stm32g0xx_hal_tim.o
                0x0800437c                HAL_TIM_OC_Init
 .text.HAL_TIM_OC_Start_IT
                0x0800450c      0x104 ./Drivers/STM32G0xx_HAL_Driver/Src/stm32g0xx_hal_tim.o
                0x0800450c                HAL_TIM_OC_Start_IT
 .text.HAL_TIM_OC_Stop_IT
                0x08004610      0x100 ./Drivers/STM32G0xx_HAL_Driver/Src/stm32g0xx_hal_tim.o
                0x08004610                HAL_TIM_OC_Stop_IT
 .text.HAL_TIM_PWM_Init
                0x08004710      0x190 ./Drivers/STM32G0xx_HAL_Driver/Src/stm32g0xx_hal_tim.o
                0x08004710                HAL_TIM_PWM_Init
 .text.HAL_TIM_PWM_Start
                0x080048a0       0xd0 ./Drivers/STM32G0xx_HAL_Driver/Src/stm32g0xx_hal_tim.o
                0x080048a0                HAL_TIM_PWM_Start
 .text.HAL_TIM_IC_Init
                0x08004970      0x190 ./Drivers/STM32G0xx_HAL_Driver/Src/stm32g0xx_hal_tim.o
                0x08004970                HAL_TIM_IC_Init
 .text.HAL_TIM_IC_Start_IT
                0x08004b00      0x168 ./Drivers/STM32G0xx_HAL_Driver/Src/stm32g0xx_hal_tim.o
                0x08004b00                HAL_TIM_IC_Start_IT
 .text.HAL_TIM_IRQHandler
                0x08004c68      0x1b4 ./Drivers/STM32G0xx_HAL_Driver/Src/stm32g0xx_hal_tim.o
                0x08004c68                HAL_TIM_IRQHandler
 .text.HAL_TIM_OC_ConfigChannel
                0x08004e1c      0x2a4 ./Drivers/STM32G0xx_HAL_Driver/Src/stm32g0xx_hal_tim.o
                0x08004e1c                HAL_TIM_OC_ConfigChannel
 .text.HAL_TIM_IC_ConfigChannel
                0x080050c0      0x1bc ./Drivers/STM32G0xx_HAL_Driver/Src/stm32g0xx_hal_tim.o
                0x080050c0                HAL_TIM_IC_ConfigChannel
 .text.HAL_TIM_PWM_ConfigChannel
                0x0800527c      0x348 ./Drivers/STM32G0xx_HAL_Driver/Src/stm32g0xx_hal_tim.o
                0x0800527c                HAL_TIM_PWM_ConfigChannel
 .text.HAL_TIM_ConfigClockSource
                0x080055c4      0x170 ./Drivers/STM32G0xx_HAL_Driver/Src/stm32g0xx_hal_tim.o
                0x080055c4                HAL_TIM_ConfigClockSource
 .text.HAL_TIM_ReadCapturedValue
                0x08005734       0x30 ./Drivers/STM32G0xx_HAL_Driver/Src/stm32g0xx_hal_tim.o
                0x08005734                HAL_TIM_ReadCapturedValue
 .text.HAL_TIM_RegisterCallback
                0x08005764      0x104 ./Drivers/STM32G0xx_HAL_Driver/Src/stm32g0xx_hal_tim.o
                0x08005764                HAL_TIM_RegisterCallback
 .text.HAL_TIMEx_MasterConfigSynchronization
                0x08005868       0x70 ./Drivers/STM32G0xx_HAL_Driver/Src/stm32g0xx_hal_tim_ex.o
                0x08005868                HAL_TIMEx_MasterConfigSynchronization
 .text.HAL_TIMEx_ConfigBreakDeadTime
                0x080058d8       0xc0 ./Drivers/STM32G0xx_HAL_Driver/Src/stm32g0xx_hal_tim_ex.o
                0x080058d8                HAL_TIMEx_ConfigBreakDeadTime
 .text.HAL_TIMEx_CommutCallback
                0x08005998        0x4 ./Drivers/STM32G0xx_HAL_Driver/Src/stm32g0xx_hal_tim_ex.o
                0x08005998                HAL_TIMEx_CommutCallback
 .text.HAL_TIMEx_CommutHalfCpltCallback
                0x0800599c        0x4 ./Drivers/STM32G0xx_HAL_Driver/Src/stm32g0xx_hal_tim_ex.o
                0x0800599c                HAL_TIMEx_CommutHalfCpltCallback
 .text.HAL_TIMEx_BreakCallback
                0x080059a0        0x4 ./Drivers/STM32G0xx_HAL_Driver/Src/stm32g0xx_hal_tim_ex.o
                0x080059a0                HAL_TIMEx_BreakCallback
 .text.HAL_TIMEx_Break2Callback
                0x080059a4        0x4 ./Drivers/STM32G0xx_HAL_Driver/Src/stm32g0xx_hal_tim_ex.o
                0x080059a4                HAL_TIMEx_Break2Callback
 .text.HAL_UARTEx_RxEventCallback
                0x080059a8        0x4 ./Drivers/STM32G0xx_HAL_Driver/Src/stm32g0xx_hal_uart.o
                0x080059a8                HAL_UARTEx_RxEventCallback
 .text.UART_DMAReceiveCplt
                0x080059ac       0xa0 ./Drivers/STM32G0xx_HAL_Driver/Src/stm32g0xx_hal_uart.o
 .text.UART_DMARxHalfCplt
                0x08005a4c       0x24 ./Drivers/STM32G0xx_HAL_Driver/Src/stm32g0xx_hal_uart.o
 .text.UART_DMAAbortOnError
                0x08005a70       0x18 ./Drivers/STM32G0xx_HAL_Driver/Src/stm32g0xx_hal_uart.o
 .text.HAL_UART_AbortReceiveCpltCallback
                0x08005a88        0x4 ./Drivers/STM32G0xx_HAL_Driver/Src/stm32g0xx_hal_uart.o
                0x08005a88                HAL_UART_AbortReceiveCpltCallback
 .text.HAL_UART_TxCpltCallback
                0x08005a8c        0x4 ./Drivers/STM32G0xx_HAL_Driver/Src/stm32g0xx_hal_uart.o
                0x08005a8c                HAL_UART_TxCpltCallback
 .text.HAL_UART_TxHalfCpltCallback
                0x08005a90        0x4 ./Drivers/STM32G0xx_HAL_Driver/Src/stm32g0xx_hal_uart.o
                0x08005a90                HAL_UART_TxHalfCpltCallback
 .text.HAL_UART_RxCpltCallback
                0x08005a94        0x4 ./Drivers/STM32G0xx_HAL_Driver/Src/stm32g0xx_hal_uart.o
                0x08005a94                HAL_UART_RxCpltCallback
 .text.HAL_UART_RxHalfCpltCallback
                0x08005a98        0x4 ./Drivers/STM32G0xx_HAL_Driver/Src/stm32g0xx_hal_uart.o
                0x08005a98                HAL_UART_RxHalfCpltCallback
 .text.HAL_UART_ErrorCallback
                0x08005a9c        0x4 ./Drivers/STM32G0xx_HAL_Driver/Src/stm32g0xx_hal_uart.o
                0x08005a9c                HAL_UART_ErrorCallback
 .text.HAL_UART_AbortCpltCallback
                0x08005aa0        0x4 ./Drivers/STM32G0xx_HAL_Driver/Src/stm32g0xx_hal_uart.o
                0x08005aa0                HAL_UART_AbortCpltCallback
 .text.HAL_UART_AbortTransmitCpltCallback
                0x08005aa4        0x4 ./Drivers/STM32G0xx_HAL_Driver/Src/stm32g0xx_hal_uart.o
                0x08005aa4                HAL_UART_AbortTransmitCpltCallback
 .text.UART_DMAError
                0x08005aa8       0xdc ./Drivers/STM32G0xx_HAL_Driver/Src/stm32g0xx_hal_uart.o
 .text.HAL_UART_RegisterCallback
                0x08005b84       0xa4 ./Drivers/STM32G0xx_HAL_Driver/Src/stm32g0xx_hal_uart.o
                0x08005b84                HAL_UART_RegisterCallback
 .text.HAL_UART_Receive_DMA
                0x08005c28      0x100 ./Drivers/STM32G0xx_HAL_Driver/Src/stm32g0xx_hal_uart.o
                0x08005c28                HAL_UART_Receive_DMA
 .text.HAL_UART_IRQHandler
                0x08005d28      0x3cc ./Drivers/STM32G0xx_HAL_Driver/Src/stm32g0xx_hal_uart.o
                0x08005d28                HAL_UART_IRQHandler
 .text.UART_AdvFeatureConfig
                0x080060f4       0xd0 ./Drivers/STM32G0xx_HAL_Driver/Src/stm32g0xx_hal_uart.o
                0x080060f4                UART_AdvFeatureConfig
 .text.UART_CheckIdleState
                0x080061c4      0x2ac ./Drivers/STM32G0xx_HAL_Driver/Src/stm32g0xx_hal_uart.o
                0x080061c4                UART_CheckIdleState
 .text.HAL_UART_Init
                0x08006470      0x324 ./Drivers/STM32G0xx_HAL_Driver/Src/stm32g0xx_hal_uart.o
                0x08006470                HAL_UART_Init
 .text.HAL_UARTEx_WakeupCallback
                0x08006794        0x4 ./Drivers/STM32G0xx_HAL_Driver/Src/stm32g0xx_hal_uart_ex.o
                0x08006794                HAL_UARTEx_WakeupCallback
 .text.HAL_UARTEx_RxFifoFullCallback
                0x08006798        0x4 ./Drivers/STM32G0xx_HAL_Driver/Src/stm32g0xx_hal_uart_ex.o
                0x08006798                HAL_UARTEx_RxFifoFullCallback
 .text.HAL_UARTEx_TxFifoEmptyCallback
                0x0800679c        0x4 ./Drivers/STM32G0xx_HAL_Driver/Src/stm32g0xx_hal_uart_ex.o
                0x0800679c                HAL_UARTEx_TxFifoEmptyCallback
 .text.memset   0x080067a0       0x10 /Applications/STM32CubeIDE.app/Contents/Eclipse/plugins/com.st.stm32cube.ide.mcu.externaltools.gnu-tools-for-stm32.12.3.rel1.macos64_1.1.0.202410301201/tools/bin/../lib/gcc/arm-none-eabi/12.3.1/../../../../arm-none-eabi/lib/thumb/v6-m/nofp/libc_nano.a(libc_a-memset.o)
                0x080067a0                memset
 .text.__libc_init_array
                0x080067b0       0x48 /Applications/STM32CubeIDE.app/Contents/Eclipse/plugins/com.st.stm32cube.ide.mcu.externaltools.gnu-tools-for-stm32.12.3.rel1.macos64_1.1.0.202410301201/tools/bin/../lib/gcc/arm-none-eabi/12.3.1/../../../../arm-none-eabi/lib/thumb/v6-m/nofp/libc_nano.a(libc_a-init.o)
                0x080067b0                __libc_init_array
 .text.memcpy   0x080067f8       0x12 /Applications/STM32CubeIDE.app/Contents/Eclipse/plugins/com.st.stm32cube.ide.mcu.externaltools.gnu-tools-for-stm32.12.3.rel1.macos64_1.1.0.202410301201/tools/bin/../lib/gcc/arm-none-eabi/12.3.1/../../../../arm-none-eabi/lib/thumb/v6-m/nofp/libc_nano.a(libc_a-memcpy-stub.o)
                0x080067f8                memcpy
 *(.glue_7)
 .glue_7        0x0800680a        0x0 linker stubs
 *(.glue_7t)
 .glue_7t       0x0800680a        0x0 linker stubs
 *(.eh_frame)
 *fill*         0x0800680a        0x2 
 .eh_frame      0x0800680c        0x0 /Applications/STM32CubeIDE.app/Contents/Eclipse/plugins/com.st.stm32cube.ide.mcu.externaltools.gnu-tools-for-stm32.12.3.rel1.macos64_1.1.0.202410301201/tools/bin/../lib/gcc/arm-none-eabi/12.3.1/thumb/v6-m/nofp/crtbegin.o
 *(.init)
 .init          0x0800680c        0x4 /Applications/STM32CubeIDE.app/Contents/Eclipse/plugins/com.st.stm32cube.ide.mcu.externaltools.gnu-tools-for-stm32.12.3.rel1.macos64_1.1.0.202410301201/tools/bin/../lib/gcc/arm-none-eabi/12.3.1/thumb/v6-m/nofp/crti.o
                0x0800680c                _init
 .init          0x08006810        0x8 /Applications/STM32CubeIDE.app/Contents/Eclipse/plugins/com.st.stm32cube.ide.mcu.externaltools.gnu-tools-for-stm32.12.3.rel1.macos64_1.1.0.202410301201/tools/bin/../lib/gcc/arm-none-eabi/12.3.1/thumb/v6-m/nofp/crtn.o
 *(.fini)
 .fini          0x08006818        0x4 /Applications/STM32CubeIDE.app/Contents/Eclipse/plugins/com.st.stm32cube.ide.mcu.externaltools.gnu-tools-for-stm32.12.3.rel1.macos64_1.1.0.202410301201/tools/bin/../lib/gcc/arm-none-eabi/12.3.1/thumb/v6-m/nofp/crti.o
                0x08006818                _fini
 .fini          0x0800681c        0x8 /Applications/STM32CubeIDE.app/Contents/Eclipse/plugins/com.st.stm32cube.ide.mcu.externaltools.gnu-tools-for-stm32.12.3.rel1.macos64_1.1.0.202410301201/tools/bin/../lib/gcc/arm-none-eabi/12.3.1/thumb/v6-m/nofp/crtn.o
                0x08006824                        . = ALIGN (0x4)
                0x08006824                        _etext = .

.vfp11_veneer   0x08006824        0x0
 .vfp11_veneer  0x08006824        0x0 linker stubs

.v4_bx          0x08006824        0x0
 .v4_bx         0x08006824        0x0 linker stubs

.iplt           0x08006824        0x0
 .iplt          0x08006824        0x0 /Applications/STM32CubeIDE.app/Contents/Eclipse/plugins/com.st.stm32cube.ide.mcu.externaltools.gnu-tools-for-stm32.12.3.rel1.macos64_1.1.0.202410301201/tools/bin/../lib/gcc/arm-none-eabi/12.3.1/thumb/v6-m/nofp/crtbegin.o

.rodata         0x08006824      0xb50
                0x08006824                        . = ALIGN (0x4)
 *(.rodata)
 *(.rodata*)
 .rodata.num_ADC_conversions
                0x08006824        0x1 ./Core/Src/oscillator.o
                0x08006824                num_ADC_conversions
 *fill*         0x08006825        0x3 
 .rodata.tri_wavetable
                0x08006828      0x400 ./Core/Src/oscillator.o
                0x08006828                tri_wavetable
 .rodata.sine_wavetable
                0x08006c28      0x400 ./Core/Src/oscillator.o
                0x08006c28                sine_wavetable
 .rodata.APBPrescTable
                0x08007028       0x20 ./Core/Src/system_stm32g0xx.o
                0x08007028                APBPrescTable
 .rodata.AHBPrescTable
                0x08007048       0x40 ./Core/Src/system_stm32g0xx.o
                0x08007048                AHBPrescTable
 .rodata.HAL_ADC_RegisterCallback
                0x08007088       0x2c ./Drivers/STM32G0xx_HAL_Driver/Src/stm32g0xx_hal_adc.o
 .rodata.HAL_LPTIM_RegisterCallback
                0x080070b4       0x24 ./Drivers/STM32G0xx_HAL_Driver/Src/stm32g0xx_hal_lptim.o
 .rodata.HAL_TIM_OC_Start_IT
                0x080070d8       0x44 ./Drivers/STM32G0xx_HAL_Driver/Src/stm32g0xx_hal_tim.o
 .rodata.HAL_TIM_PWM_Start
                0x0800711c       0x44 ./Drivers/STM32G0xx_HAL_Driver/Src/stm32g0xx_hal_tim.o
 .rodata.HAL_TIM_IC_Start_IT
                0x08007160       0x78 ./Drivers/STM32G0xx_HAL_Driver/Src/stm32g0xx_hal_tim.o
 .rodata.HAL_TIM_OC_ConfigChannel
                0x080071d8       0x54 ./Drivers/STM32G0xx_HAL_Driver/Src/stm32g0xx_hal_tim.o
 .rodata.HAL_TIM_PWM_ConfigChannel
                0x0800722c       0x54 ./Drivers/STM32G0xx_HAL_Driver/Src/stm32g0xx_hal_tim.o
 .rodata.HAL_TIM_RegisterCallback
                0x08007280       0xa8 ./Drivers/STM32G0xx_HAL_Driver/Src/stm32g0xx_hal_tim.o
 .rodata.HAL_UART_RegisterCallback
                0x08007328       0x34 ./Drivers/STM32G0xx_HAL_Driver/Src/stm32g0xx_hal_uart.o
 .rodata.UARTPrescTable
                0x0800735c       0x18 ./Drivers/STM32G0xx_HAL_Driver/Src/stm32g0xx_hal_uart.o
                0x0800735c                UARTPrescTable
                0x08007374                        . = ALIGN (0x4)

.ARM.extab      0x08007374        0x0
                0x08007374                        . = ALIGN (0x4)
 *(.ARM.extab* .gnu.linkonce.armextab.*)
                0x08007374                        . = ALIGN (0x4)

.ARM            0x08007374        0x8
                0x08007374                        . = ALIGN (0x4)
                0x08007374                        __exidx_start = .
 *(.ARM.exidx*)
 .ARM.exidx     0x08007374        0x8 /Applications/STM32CubeIDE.app/Contents/Eclipse/plugins/com.st.stm32cube.ide.mcu.externaltools.gnu-tools-for-stm32.12.3.rel1.macos64_1.1.0.202410301201/tools/bin/../lib/gcc/arm-none-eabi/12.3.1/thumb/v6-m/nofp/libgcc.a(_udivmoddi4.o)
                0x0800737c                        __exidx_end = .
                0x0800737c                        . = ALIGN (0x4)

.preinit_array  0x0800737c        0x0
                0x0800737c                        . = ALIGN (0x4)
                0x0800737c                        PROVIDE (__preinit_array_start = .)
 *(.preinit_array*)
                0x0800737c                        PROVIDE (__preinit_array_end = .)
                0x0800737c                        . = ALIGN (0x4)

.init_array     0x0800737c        0x4
                0x0800737c                        . = ALIGN (0x4)
                0x0800737c                        PROVIDE (__init_array_start = .)
 *(SORT_BY_NAME(.init_array.*))
 *(.init_array*)
 .init_array    0x0800737c        0x4 /Applications/STM32CubeIDE.app/Contents/Eclipse/plugins/com.st.stm32cube.ide.mcu.externaltools.gnu-tools-for-stm32.12.3.rel1.macos64_1.1.0.202410301201/tools/bin/../lib/gcc/arm-none-eabi/12.3.1/thumb/v6-m/nofp/crtbegin.o
                0x08007380                        PROVIDE (__init_array_end = .)
                0x08007380                        . = ALIGN (0x4)

.fini_array     0x08007380        0x4
                0x08007380                        . = ALIGN (0x4)
                [!provide]                        PROVIDE (__fini_array_start = .)
 *(SORT_BY_NAME(.fini_array.*))
 *(.fini_array*)
 .fini_array    0x08007380        0x4 /Applications/STM32CubeIDE.app/Contents/Eclipse/plugins/com.st.stm32cube.ide.mcu.externaltools.gnu-tools-for-stm32.12.3.rel1.macos64_1.1.0.202410301201/tools/bin/../lib/gcc/arm-none-eabi/12.3.1/thumb/v6-m/nofp/crtbegin.o
                [!provide]                        PROVIDE (__fini_array_end = .)
                0x08007384                        . = ALIGN (0x4)
                0x08007384                        _sidata = LOADADDR (.data)

.rel.dyn        0x08007384        0x0
 .rel.iplt      0x08007384        0x0 /Applications/STM32CubeIDE.app/Contents/Eclipse/plugins/com.st.stm32cube.ide.mcu.externaltools.gnu-tools-for-stm32.12.3.rel1.macos64_1.1.0.202410301201/tools/bin/../lib/gcc/arm-none-eabi/12.3.1/thumb/v6-m/nofp/crtbegin.o

.data           0x20000000      0x420 load address 0x08007384
                0x20000000                        . = ALIGN (0x4)
                0x20000000                        _sdata = .
 *(.data)
 *(.data*)
 .data.tap_tempo_switch_state_counter.1
                0x20000000        0x1 ./Core/Src/checking_functions.o
 *fill*         0x20000001        0x3 
 .data.delay_line
                0x20000004      0x408 ./Core/Src/oscillator.o
                0x20000004                delay_line
 .data.IP_CAP_fsm
                0x2000040c        0x2 ./Core/Src/state_machine.o
                0x2000040c                IP_CAP_fsm
 *fill*         0x2000040e        0x2 
 .data.speed_fsm
                0x20000410        0x2 ./Core/Src/state_machine.o
                0x20000410                speed_fsm
 *fill*         0x20000412        0x2 
 .data.SystemCoreClock
                0x20000414        0x4 ./Core/Src/system_stm32g0xx.o
                0x20000414                SystemCoreClock
 .data.uwTickFreq
                0x20000418        0x1 ./Drivers/STM32G0xx_HAL_Driver/Src/stm32g0xx_hal.o
                0x20000418                uwTickFreq
 *fill*         0x20000419        0x3 
 .data.uwTickPrio
                0x2000041c        0x4 ./Drivers/STM32G0xx_HAL_Driver/Src/stm32g0xx_hal.o
                0x2000041c                uwTickPrio
 *(.RamFunc)
 *(.RamFunc*)
                0x20000420                        . = ALIGN (0x4)
                0x20000420                        _edata = .

.igot.plt       0x20000420        0x0 load address 0x080077a4
 .igot.plt      0x20000420        0x0 /Applications/STM32CubeIDE.app/Contents/Eclipse/plugins/com.st.stm32cube.ide.mcu.externaltools.gnu-tools-for-stm32.12.3.rel1.macos64_1.1.0.202410301201/tools/bin/../lib/gcc/arm-none-eabi/12.3.1/thumb/v6-m/nofp/crtbegin.o
                0x20000420                        . = ALIGN (0x4)

.bss            0x20000420      0x7e0 load address 0x080077a4
                0x20000420                        _sbss = .
                0x20000420                        __bss_start__ = _sbss
 *(.bss)
 .bss           0x20000420       0x1c /Applications/STM32CubeIDE.app/Contents/Eclipse/plugins/com.st.stm32cube.ide.mcu.externaltools.gnu-tools-for-stm32.12.3.rel1.macos64_1.1.0.202410301201/tools/bin/../lib/gcc/arm-none-eabi/12.3.1/thumb/v6-m/nofp/crtbegin.o
 *(.bss*)
 .bss.rx_buffer
                0x2000043c        0x1 ./Core/Src/UART.o
                0x2000043c                rx_buffer
 .bss.extend_rising_edge.0
                0x2000043d        0x1 ./Core/Src/checking_functions.o
 .bss.second_speed_measurement.2
                0x2000043e        0x2 ./Core/Src/checking_functions.o
 .bss.first_speed_measurement.3
                0x20000440        0x2 ./Core/Src/checking_functions.o
 .bss.speed_pot_adc_measurement_num.4
                0x20000442        0x1 ./Core/Src/checking_functions.o
 *fill*         0x20000443        0x5 
 .bss.hlptim1   0x20000448       0x5c ./Core/Src/config.o
                0x20000448                hlptim1
 .bss.hdma_usart2_tx
                0x200004a4       0x5c ./Core/Src/config.o
                0x200004a4                hdma_usart2_tx
 .bss.hdma_usart2_rx
                0x20000500       0x5c ./Core/Src/config.o
                0x20000500                hdma_usart2_rx
 .bss.huart2    0x2000055c       0xcc ./Core/Src/config.o
                0x2000055c                huart2
 .bss.htim1     0x20000628       0xbc ./Core/Src/config.o
                0x20000628                htim1
 .bss.htim3     0x200006e4       0xbc ./Core/Src/config.o
                0x200006e4                htim3
 .bss.htim2     0x200007a0       0xbc ./Core/Src/config.o
                0x200007a0                htim2
 .bss.htim16    0x2000085c       0xbc ./Core/Src/config.o
                0x2000085c                htim16
 .bss.htim17    0x20000918       0xbc ./Core/Src/config.o
                0x20000918                htim17
 .bss.htim14    0x200009d4       0xbc ./Core/Src/config.o
                0x200009d4                htim14
 .bss.hdma_adc1
                0x20000a90       0x5c ./Core/Src/config.o
                0x20000a90                hdma_adc1
 .bss.hadc1     0x20000aec       0x88 ./Core/Src/config.o
                0x20000aec                hadc1
 .bss.tap_tempo_switch_states.0
                0x20000b74        0x2 ./Core/Src/custom_callbacks.o
 .bss.MIDI_CLK_tag
                0x20000b76        0x1 ./Core/Src/input_capture.o
                0x20000b76                MIDI_CLK_tag
 *fill*         0x20000b77        0x1 
 .bss.interrupt_period
                0x20000b78        0x2 ./Core/Src/input_capture.o
                0x20000b78                interrupt_period
 *fill*         0x20000b7a        0x2 
 .bss.TIM2_ch1_input_capture_value
                0x20000b7c        0x4 ./Core/Src/input_capture.o
                0x20000b7c                TIM2_ch1_input_capture_value
 .bss.statuses  0x20000b80        0x4 ./Core/Src/main.o
                0x20000b80                statuses
 .bss.params_working
                0x20000b84       0x22 ./Core/Src/oscillator.o
                0x20000b84                params_working
 *fill*         0x20000ba6        0x2 
 .bss.params_to_be_loaded
                0x20000ba8       0x22 ./Core/Src/oscillator.o
                0x20000ba8                params_to_be_loaded
 *fill*         0x20000bca        0x2 
 .bss.params    0x20000bcc       0x22 ./Core/Src/oscillator.o
                0x20000bcc                params
 *fill*         0x20000bee        0x2 
 .bss.ADCResultsDMA
                0x20000bf0        0xa ./Core/Src/oscillator.o
                0x20000bf0                ADCResultsDMA
 .bss.MIDI_CLK_FSM_state
                0x20000bfa        0x1 ./Core/Src/state_machine.o
                0x20000bfa                MIDI_CLK_FSM_state
 *fill*         0x20000bfb        0x1 
 .bss.uwTick    0x20000bfc        0x4 ./Drivers/STM32G0xx_HAL_Driver/Src/stm32g0xx_hal.o
                0x20000bfc                uwTick
 *(COMMON)
                0x20000c00                        . = ALIGN (0x4)
                0x20000c00                        _ebss = .
                0x20000c00                        __bss_end__ = _ebss

._user_heap_stack
                0x20000c00      0x600 load address 0x080077a4
                0x20000c00                        . = ALIGN (0x8)
                [!provide]                        PROVIDE (end = .)
                0x20000c00                        PROVIDE (_end = .)
                0x20000e00                        . = (. + _Min_Heap_Size)
 *fill*         0x20000c00      0x200 
                0x20001200                        . = (. + _Min_Stack_Size)
 *fill*         0x20000e00      0x400 
                0x20001200                        . = ALIGN (0x8)

/DISCARD/
 libc.a(*)
 libm.a(*)
 libgcc.a(*)

.ARM.attributes
                0x00000000       0x28
 *(.ARM.attributes)
 .ARM.attributes
                0x00000000       0x1e /Applications/STM32CubeIDE.app/Contents/Eclipse/plugins/com.st.stm32cube.ide.mcu.externaltools.gnu-tools-for-stm32.12.3.rel1.macos64_1.1.0.202410301201/tools/bin/../lib/gcc/arm-none-eabi/12.3.1/thumb/v6-m/nofp/crti.o
 .ARM.attributes
                0x0000001e       0x2c /Applications/STM32CubeIDE.app/Contents/Eclipse/plugins/com.st.stm32cube.ide.mcu.externaltools.gnu-tools-for-stm32.12.3.rel1.macos64_1.1.0.202410301201/tools/bin/../lib/gcc/arm-none-eabi/12.3.1/thumb/v6-m/nofp/crtbegin.o
 .ARM.attributes
                0x0000004a       0x28 ./Core/Src/UART.o
 .ARM.attributes
                0x00000072       0x28 ./Core/Src/checking_functions.o
 .ARM.attributes
                0x0000009a       0x28 ./Core/Src/config.o
 .ARM.attributes
                0x000000c2       0x28 ./Core/Src/custom_callbacks.o
 .ARM.attributes
                0x000000ea       0x28 ./Core/Src/input_capture.o
 .ARM.attributes
                0x00000112       0x28 ./Core/Src/main.o
 .ARM.attributes
                0x0000013a       0x28 ./Core/Src/oscillator.o
 .ARM.attributes
                0x00000162       0x28 ./Core/Src/startup.o
 .ARM.attributes
                0x0000018a       0x28 ./Core/Src/state_machine.o
 .ARM.attributes
                0x000001b2       0x28 ./Core/Src/stm32g0xx_hal_msp.o
 .ARM.attributes
                0x000001da       0x28 ./Core/Src/stm32g0xx_it.o
 .ARM.attributes
                0x00000202       0x28 ./Core/Src/symmetry_adjustment.o
 .ARM.attributes
                0x0000022a       0x28 ./Core/Src/system_stm32g0xx.o
 .ARM.attributes
                0x00000252       0x28 ./Core/Src/timers.o
 .ARM.attributes
                0x0000027a       0x28 ./Core/Src/utility.o
 .ARM.attributes
                0x000002a2       0x22 ./Core/Startup/startup_stm32g031k8tx.o
 .ARM.attributes
                0x000002c4       0x28 ./Drivers/STM32G0xx_HAL_Driver/Src/stm32g0xx_hal.o
 .ARM.attributes
                0x000002ec       0x28 ./Drivers/STM32G0xx_HAL_Driver/Src/stm32g0xx_hal_adc.o
 .ARM.attributes
                0x00000314       0x28 ./Drivers/STM32G0xx_HAL_Driver/Src/stm32g0xx_hal_adc_ex.o
 .ARM.attributes
                0x0000033c       0x28 ./Drivers/STM32G0xx_HAL_Driver/Src/stm32g0xx_hal_cortex.o
 .ARM.attributes
                0x00000364       0x28 ./Drivers/STM32G0xx_HAL_Driver/Src/stm32g0xx_hal_dma.o
 .ARM.attributes
                0x0000038c       0x28 ./Drivers/STM32G0xx_HAL_Driver/Src/stm32g0xx_hal_gpio.o
 .ARM.attributes
                0x000003b4       0x28 ./Drivers/STM32G0xx_HAL_Driver/Src/stm32g0xx_hal_lptim.o
 .ARM.attributes
                0x000003dc       0x28 ./Drivers/STM32G0xx_HAL_Driver/Src/stm32g0xx_hal_pwr_ex.o
 .ARM.attributes
                0x00000404       0x28 ./Drivers/STM32G0xx_HAL_Driver/Src/stm32g0xx_hal_rcc.o
 .ARM.attributes
                0x0000042c       0x28 ./Drivers/STM32G0xx_HAL_Driver/Src/stm32g0xx_hal_rcc_ex.o
 .ARM.attributes
                0x00000454       0x28 ./Drivers/STM32G0xx_HAL_Driver/Src/stm32g0xx_hal_tim.o
 .ARM.attributes
                0x0000047c       0x28 ./Drivers/STM32G0xx_HAL_Driver/Src/stm32g0xx_hal_tim_ex.o
 .ARM.attributes
                0x000004a4       0x28 ./Drivers/STM32G0xx_HAL_Driver/Src/stm32g0xx_hal_uart.o
 .ARM.attributes
                0x000004cc       0x28 ./Drivers/STM32G0xx_HAL_Driver/Src/stm32g0xx_hal_uart_ex.o
 .ARM.attributes
                0x000004f4       0x2c /Applications/STM32CubeIDE.app/Contents/Eclipse/plugins/com.st.stm32cube.ide.mcu.externaltools.gnu-tools-for-stm32.12.3.rel1.macos64_1.1.0.202410301201/tools/bin/../lib/gcc/arm-none-eabi/12.3.1/../../../../arm-none-eabi/lib/thumb/v6-m/nofp/libc_nano.a(libc_a-memset.o)
 .ARM.attributes
                0x00000520       0x2c /Applications/STM32CubeIDE.app/Contents/Eclipse/plugins/com.st.stm32cube.ide.mcu.externaltools.gnu-tools-for-stm32.12.3.rel1.macos64_1.1.0.202410301201/tools/bin/../lib/gcc/arm-none-eabi/12.3.1/../../../../arm-none-eabi/lib/thumb/v6-m/nofp/libc_nano.a(libc_a-init.o)
 .ARM.attributes
                0x0000054c       0x2c /Applications/STM32CubeIDE.app/Contents/Eclipse/plugins/com.st.stm32cube.ide.mcu.externaltools.gnu-tools-for-stm32.12.3.rel1.macos64_1.1.0.202410301201/tools/bin/../lib/gcc/arm-none-eabi/12.3.1/../../../../arm-none-eabi/lib/thumb/v6-m/nofp/libc_nano.a(libc_a-memcpy-stub.o)
 .ARM.attributes
                0x00000578       0x1e /Applications/STM32CubeIDE.app/Contents/Eclipse/plugins/com.st.stm32cube.ide.mcu.externaltools.gnu-tools-for-stm32.12.3.rel1.macos64_1.1.0.202410301201/tools/bin/../lib/gcc/arm-none-eabi/12.3.1/thumb/v6-m/nofp/libgcc.a(_udivsi3.o)
 .ARM.attributes
                0x00000596       0x1e /Applications/STM32CubeIDE.app/Contents/Eclipse/plugins/com.st.stm32cube.ide.mcu.externaltools.gnu-tools-for-stm32.12.3.rel1.macos64_1.1.0.202410301201/tools/bin/../lib/gcc/arm-none-eabi/12.3.1/thumb/v6-m/nofp/libgcc.a(_dvmd_tls.o)
 .ARM.attributes
                0x000005b4       0x1e /Applications/STM32CubeIDE.app/Contents/Eclipse/plugins/com.st.stm32cube.ide.mcu.externaltools.gnu-tools-for-stm32.12.3.rel1.macos64_1.1.0.202410301201/tools/bin/../lib/gcc/arm-none-eabi/12.3.1/thumb/v6-m/nofp/libgcc.a(_aeabi_uldivmod.o)
 .ARM.attributes
                0x000005d2       0x2c /Applications/STM32CubeIDE.app/Contents/Eclipse/plugins/com.st.stm32cube.ide.mcu.externaltools.gnu-tools-for-stm32.12.3.rel1.macos64_1.1.0.202410301201/tools/bin/../lib/gcc/arm-none-eabi/12.3.1/thumb/v6-m/nofp/libgcc.a(_udivmoddi4.o)
 .ARM.attributes
                0x000005fe       0x1e /Applications/STM32CubeIDE.app/Contents/Eclipse/plugins/com.st.stm32cube.ide.mcu.externaltools.gnu-tools-for-stm32.12.3.rel1.macos64_1.1.0.202410301201/tools/bin/../lib/gcc/arm-none-eabi/12.3.1/thumb/v6-m/nofp/libgcc.a(_clzdi2.o)
 .ARM.attributes
                0x0000061c       0x1e /Applications/STM32CubeIDE.app/Contents/Eclipse/plugins/com.st.stm32cube.ide.mcu.externaltools.gnu-tools-for-stm32.12.3.rel1.macos64_1.1.0.202410301201/tools/bin/../lib/gcc/arm-none-eabi/12.3.1/thumb/v6-m/nofp/libgcc.a(_clzsi2.o)
 .ARM.attributes
                0x0000063a       0x1e /Applications/STM32CubeIDE.app/Contents/Eclipse/plugins/com.st.stm32cube.ide.mcu.externaltools.gnu-tools-for-stm32.12.3.rel1.macos64_1.1.0.202410301201/tools/bin/../lib/gcc/arm-none-eabi/12.3.1/thumb/v6-m/nofp/crtn.o
OUTPUT(g031k8.elf elf32-littlearm)
LOAD linker stubs
LOAD /Applications/STM32CubeIDE.app/Contents/Eclipse/plugins/com.st.stm32cube.ide.mcu.externaltools.gnu-tools-for-stm32.12.3.rel1.macos64_1.1.0.202410301201/tools/bin/../lib/gcc/arm-none-eabi/12.3.1/../../../../arm-none-eabi/lib/thumb/v6-m/nofp/libc.a
LOAD /Applications/STM32CubeIDE.app/Contents/Eclipse/plugins/com.st.stm32cube.ide.mcu.externaltools.gnu-tools-for-stm32.12.3.rel1.macos64_1.1.0.202410301201/tools/bin/../lib/gcc/arm-none-eabi/12.3.1/../../../../arm-none-eabi/lib/thumb/v6-m/nofp/libm.a
LOAD /Applications/STM32CubeIDE.app/Contents/Eclipse/plugins/com.st.stm32cube.ide.mcu.externaltools.gnu-tools-for-stm32.12.3.rel1.macos64_1.1.0.202410301201/tools/bin/../lib/gcc/arm-none-eabi/12.3.1/thumb/v6-m/nofp/libgcc.a

.debug_info     0x00000000    0x287d6
 .debug_info    0x00000000      0x92c ./Core/Src/UART.o
 .debug_info    0x0000092c      0x543 ./Core/Src/checking_functions.o
 .debug_info    0x00000e6f     0x382b ./Core/Src/config.o
 .debug_info    0x0000469a     0x21df ./Core/Src/custom_callbacks.o
 .debug_info    0x00006879      0xec7 ./Core/Src/input_capture.o
 .debug_info    0x00007740      0x31e ./Core/Src/main.o
 .debug_info    0x00007a5e      0xf36 ./Core/Src/oscillator.o
 .debug_info    0x00008994     0x16b0 ./Core/Src/startup.o
 .debug_info    0x0000a044      0x24e ./Core/Src/state_machine.o
 .debug_info    0x0000a292     0x2113 ./Core/Src/stm32g0xx_hal_msp.o
 .debug_info    0x0000c3a5     0x12d1 ./Core/Src/stm32g0xx_it.o
 .debug_info    0x0000d676      0x544 ./Core/Src/symmetry_adjustment.o
 .debug_info    0x0000dbba      0x34e ./Core/Src/system_stm32g0xx.o
 .debug_info    0x0000df08      0xa48 ./Core/Src/timers.o
 .debug_info    0x0000e950      0x2cc ./Core/Src/utility.o
 .debug_info    0x0000ec1c       0x30 ./Core/Startup/startup_stm32g031k8tx.o
 .debug_info    0x0000ec4c      0xb3c ./Drivers/STM32G0xx_HAL_Driver/Src/stm32g0xx_hal.o
 .debug_info    0x0000f788     0x23a8 ./Drivers/STM32G0xx_HAL_Driver/Src/stm32g0xx_hal_adc.o
 .debug_info    0x00011b30      0xd8e ./Drivers/STM32G0xx_HAL_Driver/Src/stm32g0xx_hal_adc_ex.o
 .debug_info    0x000128be      0xa40 ./Drivers/STM32G0xx_HAL_Driver/Src/stm32g0xx_hal_cortex.o
 .debug_info    0x000132fe      0xab0 ./Drivers/STM32G0xx_HAL_Driver/Src/stm32g0xx_hal_dma.o
 .debug_info    0x00013dae      0x5ef ./Drivers/STM32G0xx_HAL_Driver/Src/stm32g0xx_hal_gpio.o
 .debug_info    0x0001439d     0x1c86 ./Drivers/STM32G0xx_HAL_Driver/Src/stm32g0xx_hal_lptim.o
 .debug_info    0x00016023      0x7ef ./Drivers/STM32G0xx_HAL_Driver/Src/stm32g0xx_hal_pwr_ex.o
 .debug_info    0x00016812      0xdc8 ./Drivers/STM32G0xx_HAL_Driver/Src/stm32g0xx_hal_rcc.o
 .debug_info    0x000175da      0x854 ./Drivers/STM32G0xx_HAL_Driver/Src/stm32g0xx_hal_rcc_ex.o
 .debug_info    0x00017e2e     0x5491 ./Drivers/STM32G0xx_HAL_Driver/Src/stm32g0xx_hal_tim.o
 .debug_info    0x0001d2bf     0x2151 ./Drivers/STM32G0xx_HAL_Driver/Src/stm32g0xx_hal_tim_ex.o
 .debug_info    0x0001f410     0x7f18 ./Drivers/STM32G0xx_HAL_Driver/Src/stm32g0xx_hal_uart.o
 .debug_info    0x00027328     0x14ae ./Drivers/STM32G0xx_HAL_Driver/Src/stm32g0xx_hal_uart_ex.o

.debug_abbrev   0x00000000     0x4ebe
 .debug_abbrev  0x00000000      0x1b9 ./Core/Src/UART.o
 .debug_abbrev  0x000001b9      0x1e4 ./Core/Src/checking_functions.o
 .debug_abbrev  0x0000039d      0x36b ./Core/Src/config.o
 .debug_abbrev  0x00000708      0x38a ./Core/Src/custom_callbacks.o
 .debug_abbrev  0x00000a92      0x36d ./Core/Src/input_capture.o
 .debug_abbrev  0x00000dff      0x16c ./Core/Src/main.o
 .debug_abbrev  0x00000f6b      0x2ca ./Core/Src/oscillator.o
 .debug_abbrev  0x00001235      0x297 ./Core/Src/startup.o
 .debug_abbrev  0x000014cc       0xbd ./Core/Src/state_machine.o
 .debug_abbrev  0x00001589      0x2ae ./Core/Src/stm32g0xx_hal_msp.o
 .debug_abbrev  0x00001837      0x23d ./Core/Src/stm32g0xx_it.o
 .debug_abbrev  0x00001a74      0x1b4 ./Core/Src/symmetry_adjustment.o
 .debug_abbrev  0x00001c28      0x148 ./Core/Src/system_stm32g0xx.o
 .debug_abbrev  0x00001d70      0x21c ./Core/Src/timers.o
 .debug_abbrev  0x00001f8c      0x186 ./Core/Src/utility.o
 .debug_abbrev  0x00002112       0x24 ./Core/Startup/startup_stm32g031k8tx.o
 .debug_abbrev  0x00002136      0x341 ./Drivers/STM32G0xx_HAL_Driver/Src/stm32g0xx_hal.o
 .debug_abbrev  0x00002477      0x370 ./Drivers/STM32G0xx_HAL_Driver/Src/stm32g0xx_hal_adc.o
 .debug_abbrev  0x000027e7      0x30f ./Drivers/STM32G0xx_HAL_Driver/Src/stm32g0xx_hal_adc_ex.o
 .debug_abbrev  0x00002af6      0x2dc ./Drivers/STM32G0xx_HAL_Driver/Src/stm32g0xx_hal_cortex.o
 .debug_abbrev  0x00002dd2      0x28a ./Drivers/STM32G0xx_HAL_Driver/Src/stm32g0xx_hal_dma.o
 .debug_abbrev  0x0000305c      0x26c ./Drivers/STM32G0xx_HAL_Driver/Src/stm32g0xx_hal_gpio.o
 .debug_abbrev  0x000032c8      0x37c ./Drivers/STM32G0xx_HAL_Driver/Src/stm32g0xx_hal_lptim.o
 .debug_abbrev  0x00003644      0x28a ./Drivers/STM32G0xx_HAL_Driver/Src/stm32g0xx_hal_pwr_ex.o
 .debug_abbrev  0x000038ce      0x36b ./Drivers/STM32G0xx_HAL_Driver/Src/stm32g0xx_hal_rcc.o
 .debug_abbrev  0x00003c39      0x296 ./Drivers/STM32G0xx_HAL_Driver/Src/stm32g0xx_hal_rcc_ex.o
 .debug_abbrev  0x00003ecf      0x3e7 ./Drivers/STM32G0xx_HAL_Driver/Src/stm32g0xx_hal_tim.o
 .debug_abbrev  0x000042b6      0x3f8 ./Drivers/STM32G0xx_HAL_Driver/Src/stm32g0xx_hal_tim_ex.o
 .debug_abbrev  0x000046ae      0x4a2 ./Drivers/STM32G0xx_HAL_Driver/Src/stm32g0xx_hal_uart.o
 .debug_abbrev  0x00004b50      0x36e ./Drivers/STM32G0xx_HAL_Driver/Src/stm32g0xx_hal_uart_ex.o

.debug_aranges  0x00000000     0x1380
 .debug_aranges
                0x00000000       0x20 ./Core/Src/UART.o
 .debug_aranges
                0x00000020       0x28 ./Core/Src/checking_functions.o
 .debug_aranges
                0x00000048       0x90 ./Core/Src/config.o
 .debug_aranges
                0x000000d8       0x78 ./Core/Src/custom_callbacks.o
 .debug_aranges
                0x00000150       0x48 ./Core/Src/input_capture.o
 .debug_aranges
                0x00000198       0x20 ./Core/Src/main.o
 .debug_aranges
                0x000001b8       0x50 ./Core/Src/oscillator.o
 .debug_aranges
                0x00000208       0x20 ./Core/Src/startup.o
 .debug_aranges
                0x00000228       0x18 ./Core/Src/state_machine.o
 .debug_aranges
                0x00000240       0x68 ./Core/Src/stm32g0xx_hal_msp.o
 .debug_aranges
                0x000002a8       0x90 ./Core/Src/stm32g0xx_it.o
 .debug_aranges
                0x00000338       0x28 ./Core/Src/symmetry_adjustment.o
 .debug_aranges
                0x00000360       0x28 ./Core/Src/system_stm32g0xx.o
 .debug_aranges
                0x00000388       0x28 ./Core/Src/timers.o
 .debug_aranges
                0x000003b0       0x50 ./Core/Src/utility.o
 .debug_aranges
                0x00000400       0x28 ./Core/Startup/startup_stm32g031k8tx.o
 .debug_aranges
                0x00000428      0x128 ./Drivers/STM32G0xx_HAL_Driver/Src/stm32g0xx_hal.o
 .debug_aranges
                0x00000550      0x108 ./Drivers/STM32G0xx_HAL_Driver/Src/stm32g0xx_hal_adc.o
 .debug_aranges
                0x00000658       0x58 ./Drivers/STM32G0xx_HAL_Driver/Src/stm32g0xx_hal_adc_ex.o
 .debug_aranges
                0x000006b0       0xa0 ./Drivers/STM32G0xx_HAL_Driver/Src/stm32g0xx_hal_cortex.o
 .debug_aranges
                0x00000750       0x78 ./Drivers/STM32G0xx_HAL_Driver/Src/stm32g0xx_hal_dma.o
 .debug_aranges
                0x000007c8       0x60 ./Drivers/STM32G0xx_HAL_Driver/Src/stm32g0xx_hal_gpio.o
 .debug_aranges
                0x00000828      0x170 ./Drivers/STM32G0xx_HAL_Driver/Src/stm32g0xx_hal_lptim.o
 .debug_aranges
                0x00000998       0xf0 ./Drivers/STM32G0xx_HAL_Driver/Src/stm32g0xx_hal_pwr_ex.o
 .debug_aranges
                0x00000a88       0x98 ./Drivers/STM32G0xx_HAL_Driver/Src/stm32g0xx_hal_rcc.o
 .debug_aranges
                0x00000b20       0x40 ./Drivers/STM32G0xx_HAL_Driver/Src/stm32g0xx_hal_rcc_ex.o
 .debug_aranges
                0x00000b60      0x398 ./Drivers/STM32G0xx_HAL_Driver/Src/stm32g0xx_hal_tim.o
 .debug_aranges
                0x00000ef8      0x190 ./Drivers/STM32G0xx_HAL_Driver/Src/stm32g0xx_hal_tim_ex.o
 .debug_aranges
                0x00001088      0x260 ./Drivers/STM32G0xx_HAL_Driver/Src/stm32g0xx_hal_uart.o
 .debug_aranges
                0x000012e8       0x98 ./Drivers/STM32G0xx_HAL_Driver/Src/stm32g0xx_hal_uart_ex.o

.debug_rnglists
                0x00000000     0x1b90
 .debug_rnglists
                0x00000000       0x13 ./Core/Src/UART.o
 .debug_rnglists
                0x00000013       0x19 ./Core/Src/checking_functions.o
 .debug_rnglists
                0x0000002c       0xdc ./Core/Src/config.o
 .debug_rnglists
                0x00000108       0x66 ./Core/Src/custom_callbacks.o
 .debug_rnglists
                0x0000016e       0x40 ./Core/Src/input_capture.o
 .debug_rnglists
                0x000001ae       0x13 ./Core/Src/main.o
 .debug_rnglists
                0x000001c1       0x39 ./Core/Src/oscillator.o
 .debug_rnglists
                0x000001fa       0x14 ./Core/Src/startup.o
 .debug_rnglists
                0x0000020e      0x165 ./Core/Src/stm32g0xx_hal_msp.o
 .debug_rnglists
                0x00000373       0x67 ./Core/Src/stm32g0xx_it.o
 .debug_rnglists
                0x000003da       0x27 ./Core/Src/symmetry_adjustment.o
 .debug_rnglists
                0x00000401       0x1a ./Core/Src/system_stm32g0xx.o
 .debug_rnglists
                0x0000041b       0x19 ./Core/Src/timers.o
 .debug_rnglists
                0x00000434       0x46 ./Core/Src/utility.o
 .debug_rnglists
                0x0000047a       0x19 ./Core/Startup/startup_stm32g031k8tx.o
 .debug_rnglists
                0x00000493       0xd9 ./Drivers/STM32G0xx_HAL_Driver/Src/stm32g0xx_hal.o
 .debug_rnglists
                0x0000056c      0x26b ./Drivers/STM32G0xx_HAL_Driver/Src/stm32g0xx_hal_adc.o
 .debug_rnglists
                0x000007d7       0xb9 ./Drivers/STM32G0xx_HAL_Driver/Src/stm32g0xx_hal_adc_ex.o
 .debug_rnglists
                0x00000890       0x9d ./Drivers/STM32G0xx_HAL_Driver/Src/stm32g0xx_hal_cortex.o
 .debug_rnglists
                0x0000092d       0x9e ./Drivers/STM32G0xx_HAL_Driver/Src/stm32g0xx_hal_dma.o
 .debug_rnglists
                0x000009cb       0x45 ./Drivers/STM32G0xx_HAL_Driver/Src/stm32g0xx_hal_gpio.o
 .debug_rnglists
                0x00000a10      0x256 ./Drivers/STM32G0xx_HAL_Driver/Src/stm32g0xx_hal_lptim.o
 .debug_rnglists
                0x00000c66       0xb0 ./Drivers/STM32G0xx_HAL_Driver/Src/stm32g0xx_hal_pwr_ex.o
 .debug_rnglists
                0x00000d16       0xb4 ./Drivers/STM32G0xx_HAL_Driver/Src/stm32g0xx_hal_rcc.o
 .debug_rnglists
                0x00000dca       0x71 ./Drivers/STM32G0xx_HAL_Driver/Src/stm32g0xx_hal_rcc_ex.o
 .debug_rnglists
                0x00000e3b      0x72a ./Drivers/STM32G0xx_HAL_Driver/Src/stm32g0xx_hal_tim.o
 .debug_rnglists
                0x00001565      0x192 ./Drivers/STM32G0xx_HAL_Driver/Src/stm32g0xx_hal_tim_ex.o
 .debug_rnglists
                0x000016f7      0x3f0 ./Drivers/STM32G0xx_HAL_Driver/Src/stm32g0xx_hal_uart.o
 .debug_rnglists
                0x00001ae7       0xa9 ./Drivers/STM32G0xx_HAL_Driver/Src/stm32g0xx_hal_uart_ex.o

.debug_macro    0x00000000    0x19e27
 .debug_macro   0x00000000      0x2dc ./Core/Src/UART.o
 .debug_macro   0x000002dc      0xaae ./Core/Src/UART.o
 .debug_macro   0x00000d8a       0x22 ./Core/Src/UART.o
 .debug_macro   0x00000dac       0x8e ./Core/Src/UART.o
 .debug_macro   0x00000e3a       0x51 ./Core/Src/UART.o
 .debug_macro   0x00000e8b      0x103 ./Core/Src/UART.o
 .debug_macro   0x00000f8e       0x6a ./Core/Src/UART.o
 .debug_macro   0x00000ff8      0x1df ./Core/Src/UART.o
 .debug_macro   0x000011d7      0x12f ./Core/Src/UART.o
 .debug_macro   0x00001306       0x2e ./Core/Src/UART.o
 .debug_macro   0x00001334       0x28 ./Core/Src/UART.o
 .debug_macro   0x0000135c       0x1c ./Core/Src/UART.o
 .debug_macro   0x00001378       0x22 ./Core/Src/UART.o
 .debug_macro   0x0000139a       0xd1 ./Core/Src/UART.o
 .debug_macro   0x0000146b      0x4da ./Core/Src/UART.o
 .debug_macro   0x00001945      0x11f ./Core/Src/UART.o
 .debug_macro   0x00001a64     0xac2c ./Core/Src/UART.o
 .debug_macro   0x0000c690       0x66 ./Core/Src/UART.o
 .debug_macro   0x0000c6f6     0x350e ./Core/Src/UART.o
 .debug_macro   0x0000fc04      0x189 ./Core/Src/UART.o
 .debug_macro   0x0000fd8d       0x5c ./Core/Src/UART.o
 .debug_macro   0x0000fde9      0x518 ./Core/Src/UART.o
 .debug_macro   0x00010301      0xf70 ./Core/Src/UART.o
 .debug_macro   0x00011271      0x1d8 ./Core/Src/UART.o
 .debug_macro   0x00011449      0x1cf ./Core/Src/UART.o
 .debug_macro   0x00011618      0x122 ./Core/Src/UART.o
 .debug_macro   0x0001173a      0x390 ./Core/Src/UART.o
 .debug_macro   0x00011aca      0x202 ./Core/Src/UART.o
 .debug_macro   0x00011ccc      0x2ff ./Core/Src/UART.o
 .debug_macro   0x00011fcb      0x1b2 ./Core/Src/UART.o
 .debug_macro   0x0001217d       0x43 ./Core/Src/UART.o
 .debug_macro   0x000121c0      0x1f1 ./Core/Src/UART.o
 .debug_macro   0x000123b1      0x8a8 ./Core/Src/UART.o
 .debug_macro   0x00012c59      0x5bb ./Core/Src/UART.o
 .debug_macro   0x00013214       0x2e ./Core/Src/UART.o
 .debug_macro   0x00013242      0x1d6 ./Core/Src/UART.o
 .debug_macro   0x00013418      0x38a ./Core/Src/UART.o
 .debug_macro   0x000137a2       0x28 ./Core/Src/UART.o
 .debug_macro   0x000137ca       0xe4 ./Core/Src/UART.o
 .debug_macro   0x000138ae       0x85 ./Core/Src/UART.o
 .debug_macro   0x00013933      0x2bd ./Core/Src/UART.o
 .debug_macro   0x00013bf0      0x10c ./Core/Src/UART.o
 .debug_macro   0x00013cfc      0x240 ./Core/Src/UART.o
 .debug_macro   0x00013f3c      0xac2 ./Core/Src/UART.o
 .debug_macro   0x000149fe      0x135 ./Core/Src/UART.o
 .debug_macro   0x00014b33      0x69a ./Core/Src/UART.o
 .debug_macro   0x000151cd       0xa6 ./Core/Src/UART.o
 .debug_macro   0x00015273      0x49d ./Core/Src/UART.o
 .debug_macro   0x00015710       0xe8 ./Core/Src/UART.o
 .debug_macro   0x000157f8       0x16 ./Core/Src/UART.o
 .debug_macro   0x0001580e       0x10 ./Core/Src/UART.o
 .debug_macro   0x0001581e       0xee ./Core/Src/UART.o
 .debug_macro   0x0001590c       0x4c ./Core/Src/UART.o
 .debug_macro   0x00015958       0x1c ./Core/Src/UART.o
 .debug_macro   0x00015974       0x16 ./Core/Src/UART.o
 .debug_macro   0x0001598a       0x16 ./Core/Src/UART.o
 .debug_macro   0x000159a0       0x10 ./Core/Src/UART.o
 .debug_macro   0x000159b0      0x2dc ./Core/Src/checking_functions.o
 .debug_macro   0x00015c8c      0x301 ./Core/Src/config.o
 .debug_macro   0x00015f8d       0x10 ./Core/Src/config.o
 .debug_macro   0x00015f9d      0x2fd ./Core/Src/custom_callbacks.o
 .debug_macro   0x0001629a      0x2d4 ./Core/Src/input_capture.o
 .debug_macro   0x0001656e      0x2d8 ./Core/Src/main.o
 .debug_macro   0x00016846      0x2d8 ./Core/Src/oscillator.o
 .debug_macro   0x00016b1e      0x2e1 ./Core/Src/startup.o
 .debug_macro   0x00016dff      0x1f4 ./Core/Src/startup.o
 .debug_macro   0x00016ff3       0x6d ./Core/Src/state_machine.o
 .debug_macro   0x00017060      0x22a ./Core/Src/stm32g0xx_hal_msp.o
 .debug_macro   0x0001728a      0x2e6 ./Core/Src/stm32g0xx_it.o
 .debug_macro   0x00017570      0x2dc ./Core/Src/symmetry_adjustment.o
 .debug_macro   0x0001784c      0x21b ./Core/Src/system_stm32g0xx.o
 .debug_macro   0x00017a67      0x234 ./Core/Src/timers.o
 .debug_macro   0x00017c9b      0x2d8 ./Core/Src/utility.o
 .debug_macro   0x00017f73      0x23f ./Drivers/STM32G0xx_HAL_Driver/Src/stm32g0xx_hal.o
 .debug_macro   0x000181b2      0x23f ./Drivers/STM32G0xx_HAL_Driver/Src/stm32g0xx_hal_adc.o
 .debug_macro   0x000183f1      0x227 ./Drivers/STM32G0xx_HAL_Driver/Src/stm32g0xx_hal_adc_ex.o
 .debug_macro   0x00018618      0x21b ./Drivers/STM32G0xx_HAL_Driver/Src/stm32g0xx_hal_cortex.o
 .debug_macro   0x00018833      0x21b ./Drivers/STM32G0xx_HAL_Driver/Src/stm32g0xx_hal_dma.o
 .debug_macro   0x00018a4e      0x222 ./Drivers/STM32G0xx_HAL_Driver/Src/stm32g0xx_hal_gpio.o
 .debug_macro   0x00018c70      0x231 ./Drivers/STM32G0xx_HAL_Driver/Src/stm32g0xx_hal_lptim.o
 .debug_macro   0x00018ea1      0x245 ./Drivers/STM32G0xx_HAL_Driver/Src/stm32g0xx_hal_pwr_ex.o
 .debug_macro   0x000190e6      0x25d ./Drivers/STM32G0xx_HAL_Driver/Src/stm32g0xx_hal_rcc.o
 .debug_macro   0x00019343      0x233 ./Drivers/STM32G0xx_HAL_Driver/Src/stm32g0xx_hal_rcc_ex.o
 .debug_macro   0x00019576      0x223 ./Drivers/STM32G0xx_HAL_Driver/Src/stm32g0xx_hal_tim.o
 .debug_macro   0x00019799      0x221 ./Drivers/STM32G0xx_HAL_Driver/Src/stm32g0xx_hal_tim_ex.o
 .debug_macro   0x000199ba      0x246 ./Drivers/STM32G0xx_HAL_Driver/Src/stm32g0xx_hal_uart.o
 .debug_macro   0x00019c00      0x227 ./Drivers/STM32G0xx_HAL_Driver/Src/stm32g0xx_hal_uart_ex.o

.debug_line     0x00000000    0x288ac
 .debug_line    0x00000000      0x8bb ./Core/Src/UART.o
 .debug_line    0x000008bb      0xa05 ./Core/Src/checking_functions.o
 .debug_line    0x000012c0     0x1c50 ./Core/Src/config.o
 .debug_line    0x00002f10      0xf4b ./Core/Src/custom_callbacks.o
 .debug_line    0x00003e5b      0xa74 ./Core/Src/input_capture.o
 .debug_line    0x000048cf      0x8c2 ./Core/Src/main.o
 .debug_line    0x00005191      0xd68 ./Core/Src/oscillator.o
 .debug_line    0x00005ef9      0x97a ./Core/Src/startup.o
 .debug_line    0x00006873      0x3af ./Core/Src/state_machine.o
 .debug_line    0x00006c22      0xdf5 ./Core/Src/stm32g0xx_hal_msp.o
 .debug_line    0x00007a17      0xa87 ./Core/Src/stm32g0xx_it.o
 .debug_line    0x0000849e      0xd4c ./Core/Src/symmetry_adjustment.o
 .debug_line    0x000091ea      0x871 ./Core/Src/system_stm32g0xx.o
 .debug_line    0x00009a5b      0x7e3 ./Core/Src/timers.o
 .debug_line    0x0000a23e      0x9e6 ./Core/Src/utility.o
 .debug_line    0x0000ac24       0x7b ./Core/Startup/startup_stm32g031k8tx.o
 .debug_line    0x0000ac9f      0xce1 ./Drivers/STM32G0xx_HAL_Driver/Src/stm32g0xx_hal.o
 .debug_line    0x0000b980     0x2441 ./Drivers/STM32G0xx_HAL_Driver/Src/stm32g0xx_hal_adc.o
 .debug_line    0x0000ddc1      0xcaa ./Drivers/STM32G0xx_HAL_Driver/Src/stm32g0xx_hal_adc_ex.o
 .debug_line    0x0000ea6b      0xca8 ./Drivers/STM32G0xx_HAL_Driver/Src/stm32g0xx_hal_cortex.o
 .debug_line    0x0000f713     0x12ee ./Drivers/STM32G0xx_HAL_Driver/Src/stm32g0xx_hal_dma.o
 .debug_line    0x00010a01      0xd58 ./Drivers/STM32G0xx_HAL_Driver/Src/stm32g0xx_hal_gpio.o
 .debug_line    0x00011759     0x2129 ./Drivers/STM32G0xx_HAL_Driver/Src/stm32g0xx_hal_lptim.o
 .debug_line    0x00013882      0xca1 ./Drivers/STM32G0xx_HAL_Driver/Src/stm32g0xx_hal_pwr_ex.o
 .debug_line    0x00014523     0x1546 ./Drivers/STM32G0xx_HAL_Driver/Src/stm32g0xx_hal_rcc.o
 .debug_line    0x00015a69      0xed5 ./Drivers/STM32G0xx_HAL_Driver/Src/stm32g0xx_hal_rcc_ex.o
 .debug_line    0x0001693e     0x7638 ./Drivers/STM32G0xx_HAL_Driver/Src/stm32g0xx_hal_tim.o
 .debug_line    0x0001df76     0x233e ./Drivers/STM32G0xx_HAL_Driver/Src/stm32g0xx_hal_tim_ex.o
 .debug_line    0x000202b4     0x708c ./Drivers/STM32G0xx_HAL_Driver/Src/stm32g0xx_hal_uart.o
 .debug_line    0x00027340     0x156c ./Drivers/STM32G0xx_HAL_Driver/Src/stm32g0xx_hal_uart_ex.o

.debug_str      0x00000000    0x9fc1c
 .debug_str     0x00000000    0x97cfc ./Core/Src/UART.o
                              0x985d4 (size before relaxing)
 .debug_str     0x00097cfc      0x405 ./Core/Src/checking_functions.o
                              0x98393 (size before relaxing)
 .debug_str     0x00098101     0x1a0f ./Core/Src/config.o
                              0x9a394 (size before relaxing)
 .debug_str     0x00099b10      0x56b ./Core/Src/custom_callbacks.o
                              0x99b28 (size before relaxing)
 .debug_str     0x0009a07b      0x112 ./Core/Src/input_capture.o
                              0x98bbb (size before relaxing)
 .debug_str     0x0009a18d       0x20 ./Core/Src/main.o
                              0x9810d (size before relaxing)
 .debug_str     0x0009a1ad      0x165 ./Core/Src/oscillator.o
                              0x98c3f (size before relaxing)
 .debug_str     0x0009a312      0xd8f ./Core/Src/startup.o
                              0x9a0aa (size before relaxing)
 .debug_str     0x0009b0a1       0x56 ./Core/Src/state_machine.o
                               0x3ec2 (size before relaxing)
 .debug_str     0x0009b0f7      0x202 ./Core/Src/stm32g0xx_hal_msp.o
                              0x98ce2 (size before relaxing)
 .debug_str     0x0009b2f9      0x1a9 ./Core/Src/stm32g0xx_it.o
                              0x98f59 (size before relaxing)
 .debug_str     0x0009b4a2      0x23d ./Core/Src/symmetry_adjustment.o
                              0x98297 (size before relaxing)
 .debug_str     0x0009b6df       0x8e ./Core/Src/system_stm32g0xx.o
                              0x973a8 (size before relaxing)
 .debug_str     0x0009b76d       0x4b ./Core/Src/timers.o
                              0x97f36 (size before relaxing)
 .debug_str     0x0009b7b8       0x55 ./Core/Src/utility.o
                              0x9805b (size before relaxing)
 .debug_str     0x0009b80d       0x44 ./Core/Startup/startup_stm32g031k8tx.o
                                 0x70 (size before relaxing)
 .debug_str     0x0009b851      0x571 ./Drivers/STM32G0xx_HAL_Driver/Src/stm32g0xx_hal.o
                              0x97b7e (size before relaxing)
 .debug_str     0x0009bdc2      0x8d3 ./Drivers/STM32G0xx_HAL_Driver/Src/stm32g0xx_hal_adc.o
                              0x983bb (size before relaxing)
 .debug_str     0x0009c695      0x1e2 ./Drivers/STM32G0xx_HAL_Driver/Src/stm32g0xx_hal_adc_ex.o
                              0x97bfe (size before relaxing)
 .debug_str     0x0009c877      0x28b ./Drivers/STM32G0xx_HAL_Driver/Src/stm32g0xx_hal_cortex.o
                              0x97824 (size before relaxing)
 .debug_str     0x0009cb02      0x261 ./Drivers/STM32G0xx_HAL_Driver/Src/stm32g0xx_hal_dma.o
                              0x97842 (size before relaxing)
 .debug_str     0x0009cd63       0xcd ./Drivers/STM32G0xx_HAL_Driver/Src/stm32g0xx_hal_gpio.o
                              0x974cf (size before relaxing)
 .debug_str     0x0009ce30      0x5a2 ./Drivers/STM32G0xx_HAL_Driver/Src/stm32g0xx_hal_lptim.o
                              0x97e33 (size before relaxing)
 .debug_str     0x0009d3d2      0x37b ./Drivers/STM32G0xx_HAL_Driver/Src/stm32g0xx_hal_pwr_ex.o
                              0x97821 (size before relaxing)
 .debug_str     0x0009d74d      0x4ae ./Drivers/STM32G0xx_HAL_Driver/Src/stm32g0xx_hal_rcc.o
                              0x97afe (size before relaxing)
 .debug_str     0x0009dbfb      0x185 ./Drivers/STM32G0xx_HAL_Driver/Src/stm32g0xx_hal_rcc_ex.o
                              0x97737 (size before relaxing)
 .debug_str     0x0009dd80      0xd1f ./Drivers/STM32G0xx_HAL_Driver/Src/stm32g0xx_hal_tim.o
                              0x98f73 (size before relaxing)
 .debug_str     0x0009ea9f      0x4a0 ./Drivers/STM32G0xx_HAL_Driver/Src/stm32g0xx_hal_tim_ex.o
                              0x984d5 (size before relaxing)
 .debug_str     0x0009ef3f      0xa15 ./Drivers/STM32G0xx_HAL_Driver/Src/stm32g0xx_hal_uart.o
                              0x986f6 (size before relaxing)
 .debug_str     0x0009f954      0x2c8 ./Drivers/STM32G0xx_HAL_Driver/Src/stm32g0xx_hal_uart_ex.o
                              0x97d4c (size before relaxing)

.comment        0x00000000       0x43
 .comment       0x00000000       0x43 ./Core/Src/UART.o
                                 0x44 (size before relaxing)
 .comment       0x00000043       0x44 ./Core/Src/checking_functions.o
 .comment       0x00000043       0x44 ./Core/Src/config.o
 .comment       0x00000043       0x44 ./Core/Src/custom_callbacks.o
 .comment       0x00000043       0x44 ./Core/Src/input_capture.o
 .comment       0x00000043       0x44 ./Core/Src/main.o
 .comment       0x00000043       0x44 ./Core/Src/oscillator.o
 .comment       0x00000043       0x44 ./Core/Src/startup.o
 .comment       0x00000043       0x44 ./Core/Src/state_machine.o
 .comment       0x00000043       0x44 ./Core/Src/stm32g0xx_hal_msp.o
 .comment       0x00000043       0x44 ./Core/Src/stm32g0xx_it.o
 .comment       0x00000043       0x44 ./Core/Src/symmetry_adjustment.o
 .comment       0x00000043       0x44 ./Core/Src/system_stm32g0xx.o
 .comment       0x00000043       0x44 ./Core/Src/timers.o
 .comment       0x00000043       0x44 ./Core/Src/utility.o
 .comment       0x00000043       0x44 ./Drivers/STM32G0xx_HAL_Driver/Src/stm32g0xx_hal.o
 .comment       0x00000043       0x44 ./Drivers/STM32G0xx_HAL_Driver/Src/stm32g0xx_hal_adc.o
 .comment       0x00000043       0x44 ./Drivers/STM32G0xx_HAL_Driver/Src/stm32g0xx_hal_adc_ex.o
 .comment       0x00000043       0x44 ./Drivers/STM32G0xx_HAL_Driver/Src/stm32g0xx_hal_cortex.o
 .comment       0x00000043       0x44 ./Drivers/STM32G0xx_HAL_Driver/Src/stm32g0xx_hal_dma.o
 .comment       0x00000043       0x44 ./Drivers/STM32G0xx_HAL_Driver/Src/stm32g0xx_hal_gpio.o
 .comment       0x00000043       0x44 ./Drivers/STM32G0xx_HAL_Driver/Src/stm32g0xx_hal_lptim.o
 .comment       0x00000043       0x44 ./Drivers/STM32G0xx_HAL_Driver/Src/stm32g0xx_hal_pwr_ex.o
 .comment       0x00000043       0x44 ./Drivers/STM32G0xx_HAL_Driver/Src/stm32g0xx_hal_rcc.o
 .comment       0x00000043       0x44 ./Drivers/STM32G0xx_HAL_Driver/Src/stm32g0xx_hal_rcc_ex.o
 .comment       0x00000043       0x44 ./Drivers/STM32G0xx_HAL_Driver/Src/stm32g0xx_hal_tim.o
 .comment       0x00000043       0x44 ./Drivers/STM32G0xx_HAL_Driver/Src/stm32g0xx_hal_tim_ex.o
 .comment       0x00000043       0x44 ./Drivers/STM32G0xx_HAL_Driver/Src/stm32g0xx_hal_uart.o
 .comment       0x00000043       0x44 ./Drivers/STM32G0xx_HAL_Driver/Src/stm32g0xx_hal_uart_ex.o

.debug_frame    0x00000000     0x33d4
 .debug_frame   0x00000000       0x28 ./Core/Src/UART.o
 .debug_frame   0x00000028       0x40 ./Core/Src/checking_functions.o
 .debug_frame   0x00000068      0x1ac ./Core/Src/config.o
 .debug_frame   0x00000214      0x128 ./Core/Src/custom_callbacks.o
 .debug_frame   0x0000033c       0xa8 ./Core/Src/input_capture.o
 .debug_frame   0x000003e4       0x2c ./Core/Src/main.o
 .debug_frame   0x00000410       0xa4 ./Core/Src/oscillator.o
 .debug_frame   0x000004b4       0x2c ./Core/Src/startup.o
 .debug_frame   0x000004e0      0x110 ./Core/Src/stm32g0xx_hal_msp.o
 .debug_frame   0x000005f0      0x158 ./Core/Src/stm32g0xx_it.o
 .debug_frame   0x00000748       0x48 ./Core/Src/symmetry_adjustment.o
 .debug_frame   0x00000790       0x38 ./Core/Src/system_stm32g0xx.o
 .debug_frame   0x000007c8       0x40 ./Core/Src/timers.o
 .debug_frame   0x00000808       0x8c ./Core/Src/utility.o
 .debug_frame   0x00000894      0x270 ./Drivers/STM32G0xx_HAL_Driver/Src/stm32g0xx_hal.o
 .debug_frame   0x00000b04      0x318 ./Drivers/STM32G0xx_HAL_Driver/Src/stm32g0xx_hal_adc.o
 .debug_frame   0x00000e1c       0xb8 ./Drivers/STM32G0xx_HAL_Driver/Src/stm32g0xx_hal_adc_ex.o
 .debug_frame   0x00000ed4      0x130 ./Drivers/STM32G0xx_HAL_Driver/Src/stm32g0xx_hal_cortex.o
 .debug_frame   0x00001004      0x168 ./Drivers/STM32G0xx_HAL_Driver/Src/stm32g0xx_hal_dma.o
 .debug_frame   0x0000116c       0xe4 ./Drivers/STM32G0xx_HAL_Driver/Src/stm32g0xx_hal_gpio.o
 .debug_frame   0x00001250      0x438 ./Drivers/STM32G0xx_HAL_Driver/Src/stm32g0xx_hal_lptim.o
 .debug_frame   0x00001688      0x1e4 ./Drivers/STM32G0xx_HAL_Driver/Src/stm32g0xx_hal_pwr_ex.o
 .debug_frame   0x0000186c      0x184 ./Drivers/STM32G0xx_HAL_Driver/Src/stm32g0xx_hal_rcc.o
 .debug_frame   0x000019f0       0xa8 ./Drivers/STM32G0xx_HAL_Driver/Src/stm32g0xx_hal_rcc_ex.o
 .debug_frame   0x00001a98      0xa80 ./Drivers/STM32G0xx_HAL_Driver/Src/stm32g0xx_hal_tim.o
 .debug_frame   0x00002518      0x4b4 ./Drivers/STM32G0xx_HAL_Driver/Src/stm32g0xx_hal_tim_ex.o
 .debug_frame   0x000029cc      0x770 ./Drivers/STM32G0xx_HAL_Driver/Src/stm32g0xx_hal_uart.o
 .debug_frame   0x0000313c      0x1c8 ./Drivers/STM32G0xx_HAL_Driver/Src/stm32g0xx_hal_uart_ex.o
 .debug_frame   0x00003304       0x20 /Applications/STM32CubeIDE.app/Contents/Eclipse/plugins/com.st.stm32cube.ide.mcu.externaltools.gnu-tools-for-stm32.12.3.rel1.macos64_1.1.0.202410301201/tools/bin/../lib/gcc/arm-none-eabi/12.3.1/../../../../arm-none-eabi/lib/thumb/v6-m/nofp/libc_nano.a(libc_a-memset.o)
 .debug_frame   0x00003324       0x2c /Applications/STM32CubeIDE.app/Contents/Eclipse/plugins/com.st.stm32cube.ide.mcu.externaltools.gnu-tools-for-stm32.12.3.rel1.macos64_1.1.0.202410301201/tools/bin/../lib/gcc/arm-none-eabi/12.3.1/../../../../arm-none-eabi/lib/thumb/v6-m/nofp/libc_nano.a(libc_a-init.o)
 .debug_frame   0x00003350       0x28 /Applications/STM32CubeIDE.app/Contents/Eclipse/plugins/com.st.stm32cube.ide.mcu.externaltools.gnu-tools-for-stm32.12.3.rel1.macos64_1.1.0.202410301201/tools/bin/../lib/gcc/arm-none-eabi/12.3.1/../../../../arm-none-eabi/lib/thumb/v6-m/nofp/libc_nano.a(libc_a-memcpy-stub.o)
 .debug_frame   0x00003378       0x20 /Applications/STM32CubeIDE.app/Contents/Eclipse/plugins/com.st.stm32cube.ide.mcu.externaltools.gnu-tools-for-stm32.12.3.rel1.macos64_1.1.0.202410301201/tools/bin/../lib/gcc/arm-none-eabi/12.3.1/thumb/v6-m/nofp/libgcc.a(_udivsi3.o)
 .debug_frame   0x00003398       0x3c /Applications/STM32CubeIDE.app/Contents/Eclipse/plugins/com.st.stm32cube.ide.mcu.externaltools.gnu-tools-for-stm32.12.3.rel1.macos64_1.1.0.202410301201/tools/bin/../lib/gcc/arm-none-eabi/12.3.1/thumb/v6-m/nofp/libgcc.a(_udivmoddi4.o)

.debug_loclists
                0x00000000     0xf26f
 .debug_loclists
                0x00000000       0x6d ./Core/Src/checking_functions.o
 .debug_loclists
                0x0000006d      0x1a9 ./Core/Src/custom_callbacks.o
 .debug_loclists
                0x00000216      0x169 ./Core/Src/input_capture.o
 .debug_loclists
                0x0000037f      0x26b ./Core/Src/oscillator.o
 .debug_loclists
                0x000005ea       0x20 ./Core/Src/startup.o
 .debug_loclists
                0x0000060a      0x1c6 ./Core/Src/stm32g0xx_hal_msp.o
 .debug_loclists
                0x000007d0      0x33e ./Core/Src/symmetry_adjustment.o
 .debug_loclists
                0x00000b0e       0xa7 ./Core/Src/system_stm32g0xx.o
 .debug_loclists
                0x00000bb5       0x90 ./Core/Src/timers.o
 .debug_loclists
                0x00000c45       0x84 ./Core/Src/utility.o
 .debug_loclists
                0x00000cc9      0x143 ./Drivers/STM32G0xx_HAL_Driver/Src/stm32g0xx_hal.o
 .debug_loclists
                0x00000e0c     0x1121 ./Drivers/STM32G0xx_HAL_Driver/Src/stm32g0xx_hal_adc.o
 .debug_loclists
                0x00001f2d      0x2a3 ./Drivers/STM32G0xx_HAL_Driver/Src/stm32g0xx_hal_adc_ex.o
 .debug_loclists
                0x000021d0      0x1ef ./Drivers/STM32G0xx_HAL_Driver/Src/stm32g0xx_hal_cortex.o
 .debug_loclists
                0x000023bf      0x747 ./Drivers/STM32G0xx_HAL_Driver/Src/stm32g0xx_hal_dma.o
 .debug_loclists
                0x00002b06      0x372 ./Drivers/STM32G0xx_HAL_Driver/Src/stm32g0xx_hal_gpio.o
 .debug_loclists