Archive member included to satisfy reference by file (symbol)

/Applications/STM32CubeIDE.app/Contents/Eclipse/plugins/com.st.stm32cube.ide.mcu.externaltools.gnu-tools-for-stm32.13.3.rel1.macos64_1.0.0.202411102158/tools/bin/../lib/gcc/arm-none-eabi/13.3.1/../../../../arm-none-eabi/lib/thumb/v6-m/nofp/libc_nano.a(libc_a-exit.o)
                              /Applications/STM32CubeIDE.app/Contents/Eclipse/plugins/com.st.stm32cube.ide.mcu.externaltools.gnu-tools-for-stm32.13.3.rel1.macos64_1.0.0.202411102158/tools/bin/../lib/gcc/arm-none-eabi/13.3.1/../../../../arm-none-eabi/lib/thumb/v6-m/nofp/crt0.o (exit)
/Applications/STM32CubeIDE.app/Contents/Eclipse/plugins/com.st.stm32cube.ide.mcu.externaltools.gnu-tools-for-stm32.13.3.rel1.macos64_1.0.0.202411102158/tools/bin/../lib/gcc/arm-none-eabi/13.3.1/../../../../arm-none-eabi/lib/thumb/v6-m/nofp/libc_nano.a(libc_a-findfp.o)
                              /Applications/STM32CubeIDE.app/Contents/Eclipse/plugins/com.st.stm32cube.ide.mcu.externaltools.gnu-tools-for-stm32.13.3.rel1.macos64_1.0.0.202411102158/tools/bin/../lib/gcc/arm-none-eabi/13.3.1/../../../../arm-none-eabi/lib/thumb/v6-m/nofp/libc_nano.a(libc_a-exit.o) (__stdio_exit_handler)
/Applications/STM32CubeIDE.app/Contents/Eclipse/plugins/com.st.stm32cube.ide.mcu.externaltools.gnu-tools-for-stm32.13.3.rel1.macos64_1.0.0.202411102158/tools/bin/../lib/gcc/arm-none-eabi/13.3.1/../../../../arm-none-eabi/lib/thumb/v6-m/nofp/libc_nano.a(libc_a-fwalk.o)
                              /Applications/STM32CubeIDE.app/Contents/Eclipse/plugins/com.st.stm32cube.ide.mcu.externaltools.gnu-tools-for-stm32.13.3.rel1.macos64_1.0.0.202411102158/tools/bin/../lib/gcc/arm-none-eabi/13.3.1/../../../../arm-none-eabi/lib/thumb/v6-m/nofp/libc_nano.a(libc_a-findfp.o) (_fwalk_sglue)
/Applications/STM32CubeIDE.app/Contents/Eclipse/plugins/com.st.stm32cube.ide.mcu.externaltools.gnu-tools-for-stm32.13.3.rel1.macos64_1.0.0.202411102158/tools/bin/../lib/gcc/arm-none-eabi/13.3.1/../../../../arm-none-eabi/lib/thumb/v6-m/nofp/libc_nano.a(libc_a-memset.o)
                              /Applications/STM32CubeIDE.app/Contents/Eclipse/plugins/com.st.stm32cube.ide.mcu.externaltools.gnu-tools-for-stm32.13.3.rel1.macos64_1.0.0.202411102158/tools/bin/../lib/gcc/arm-none-eabi/13.3.1/../../../../arm-none-eabi/lib/thumb/v6-m/nofp/crt0.o (memset)
/Applications/STM32CubeIDE.app/Contents/Eclipse/plugins/com.st.stm32cube.ide.mcu.externaltools.gnu-tools-for-stm32.13.3.rel1.macos64_1.0.0.202411102158/tools/bin/../lib/gcc/arm-none-eabi/13.3.1/../../../../arm-none-eabi/lib/thumb/v6-m/nofp/libc_nano.a(libc_a-errno.o)
                              ./Core/Src/syscalls.o (__errno)
/Applications/STM32CubeIDE.app/Contents/Eclipse/plugins/com.st.stm32cube.ide.mcu.externaltools.gnu-tools-for-stm32.13.3.rel1.macos64_1.0.0.202411102158/tools/bin/../lib/gcc/arm-none-eabi/13.3.1/../../../../arm-none-eabi/lib/thumb/v6-m/nofp/libc_nano.a(libc_a-init.o)
                              /Applications/STM32CubeIDE.app/Contents/Eclipse/plugins/com.st.stm32cube.ide.mcu.externaltools.gnu-tools-for-stm32.13.3.rel1.macos64_1.0.0.202411102158/tools/bin/../lib/gcc/arm-none-eabi/13.3.1/../../../../arm-none-eabi/lib/thumb/v6-m/nofp/crt0.o (__libc_init_array)
/Applications/STM32CubeIDE.app/Contents/Eclipse/plugins/com.st.stm32cube.ide.mcu.externaltools.gnu-tools-for-stm32.13.3.rel1.macos64_1.0.0.202411102158/tools/bin/../lib/gcc/arm-none-eabi/13.3.1/../../../../arm-none-eabi/lib/thumb/v6-m/nofp/libc_nano.a(libc_a-lock.o)
                              /Applications/STM32CubeIDE.app/Contents/Eclipse/plugins/com.st.stm32cube.ide.mcu.externaltools.gnu-tools-for-stm32.13.3.rel1.macos64_1.0.0.202411102158/tools/bin/../lib/gcc/arm-none-eabi/13.3.1/../../../../arm-none-eabi/lib/thumb/v6-m/nofp/libc_nano.a(libc_a-findfp.o) (__retarget_lock_init_recursive)
/Applications/STM32CubeIDE.app/Contents/Eclipse/plugins/com.st.stm32cube.ide.mcu.externaltools.gnu-tools-for-stm32.13.3.rel1.macos64_1.0.0.202411102158/tools/bin/../lib/gcc/arm-none-eabi/13.3.1/../../../../arm-none-eabi/lib/thumb/v6-m/nofp/libc_nano.a(libc_a-impure.o)
                              /Applications/STM32CubeIDE.app/Contents/Eclipse/plugins/com.st.stm32cube.ide.mcu.externaltools.gnu-tools-for-stm32.13.3.rel1.macos64_1.0.0.202411102158/tools/bin/../lib/gcc/arm-none-eabi/13.3.1/../../../../arm-none-eabi/lib/thumb/v6-m/nofp/libc_nano.a(libc_a-errno.o) (_impure_ptr)
/Applications/STM32CubeIDE.app/Contents/Eclipse/plugins/com.st.stm32cube.ide.mcu.externaltools.gnu-tools-for-stm32.13.3.rel1.macos64_1.0.0.202411102158/tools/bin/../lib/gcc/arm-none-eabi/13.3.1/../../../../arm-none-eabi/lib/thumb/v6-m/nofp/libc_nano.a(libc_a-memcpy-stub.o)
                              ./Core/Src/input_capture.o (memcpy)
[...]
Memory Configuration

Name             Origin             Length             Attributes
RAM              0x20000000         0x00002000         xrw
FLASH            0x08000000         0x0000f800         xr
*default*        0x00000000         0xffffffff

Linker script and memory map

LOAD /Applications/STM32CubeIDE.app/Contents/Eclipse/plugins/com.st.stm32cube.ide.mcu.externaltools.gnu-tools-for-stm32.13.3.rel1.macos64_1.0.0.202411102158/tools/bin/../lib/gcc/arm-none-eabi/13.3.1/thumb/v6-m/nofp/crti.o
LOAD /Applications/STM32CubeIDE.app/Contents/Eclipse/plugins/com.st.stm32cube.ide.mcu.externaltools.gnu-tools-for-stm32.13.3.rel1.macos64_1.0.0.202411102158/tools/bin/../lib/gcc/arm-none-eabi/13.3.1/thumb/v6-m/nofp/crtbegin.o
LOAD /Applications/STM32CubeIDE.app/Contents/Eclipse/plugins/com.st.stm32cube.ide.mcu.externaltools.gnu-tools-for-stm32.13.3.rel1.macos64_1.0.0.202411102158/tools/bin/../lib/gcc/arm-none-eabi/13.3.1/../../../../arm-none-eabi/lib/thumb/v6-m/nofp/crt0.o
LOAD ./Core/Src/CC_and_PC.o
LOAD ./Core/Src/LED.o
LOAD ./Core/Src/MIDI.o
LOAD ./Core/Src/UART.o
LOAD ./Core/Src/checking_functions.o
LOAD ./Core/Src/config.o
LOAD ./Core/Src/custom_callbacks.o
LOAD ./Core/Src/debug.o
LOAD ./Core/Src/input_capture.o
LOAD ./Core/Src/main.o
LOAD ./Core/Src/oscillator.o
LOAD ./Core/Src/startup.o
LOAD ./Core/Src/state_machine.o
LOAD ./Core/Src/stm32g0xx_hal_msp.o
LOAD ./Core/Src/stm32g0xx_it.o
LOAD ./Core/Src/symmetry_adjustment.o
LOAD ./Core/Src/syscalls.o
LOAD ./Core/Src/sysmem.o
LOAD ./Core/Src/system_stm32g0xx.o
LOAD ./Core/Src/timers.o
LOAD ./Core/Src/utility.o
LOAD ./Core/Startup/startup_stm32g031k8tx.o
LOAD ./Drivers/STM32G0xx_HAL_Driver/Src/stm32g0xx_hal.o
LOAD ./Drivers/STM32G0xx_HAL_Driver/Src/stm32g0xx_hal_adc.o
LOAD ./Drivers/STM32G0xx_HAL_Driver/Src/stm32g0xx_hal_adc_ex.o
LOAD ./Drivers/STM32G0xx_HAL_Driver/Src/stm32g0xx_hal_cortex.o
LOAD ./Drivers/STM32G0xx_HAL_Driver/Src/stm32g0xx_hal_dma.o
LOAD ./Drivers/STM32G0xx_HAL_Driver/Src/stm32g0xx_hal_dma_ex.o
LOAD ./Drivers/STM32G0xx_HAL_Driver/Src/stm32g0xx_hal_exti.o
LOAD ./Drivers/STM32G0xx_HAL_Driver/Src/stm32g0xx_hal_flash.o
LOAD ./Drivers/STM32G0xx_HAL_Driver/Src/stm32g0xx_hal_flash_ex.o
LOAD ./Drivers/STM32G0xx_HAL_Driver/Src/stm32g0xx_hal_gpio.o
LOAD ./Drivers/STM32G0xx_HAL_Driver/Src/stm32g0xx_hal_iwdg.o
LOAD ./Drivers/STM32G0xx_HAL_Driver/Src/stm32g0xx_hal_lptim.o
LOAD ./Drivers/STM32G0xx_HAL_Driver/Src/stm32g0xx_hal_pwr.o
LOAD ./Drivers/STM32G0xx_HAL_Driver/Src/stm32g0xx_hal_pwr_ex.o
LOAD ./Drivers/STM32G0xx_HAL_Driver/Src/stm32g0xx_hal_rcc.o
LOAD ./Drivers/STM32G0xx_HAL_Driver/Src/stm32g0xx_hal_rcc_ex.o
LOAD ./Drivers/STM32G0xx_HAL_Driver/Src/stm32g0xx_hal_tim.o
LOAD ./Drivers/STM32G0xx_HAL_Driver/Src/stm32g0xx_hal_tim_ex.o
LOAD ./Drivers/STM32G0xx_HAL_Driver/Src/stm32g0xx_hal_uart.o
LOAD ./Drivers/STM32G0xx_HAL_Driver/Src/stm32g0xx_hal_uart_ex.o
LOAD ./Drivers/STM32G0xx_HAL_Driver/Src/stm32g0xx_ll_adc.o
LOAD ./Drivers/STM32G0xx_HAL_Driver/Src/stm32g0xx_ll_rcc.o
START GROUP
LOAD /Applications/STM32CubeIDE.app/Contents/Eclipse/plugins/com.st.stm32cube.ide.mcu.externaltools.gnu-tools-for-stm32.13.3.rel1.macos64_1.0.0.202411102158/tools/bin/../lib/gcc/arm-none-eabi/13.3.1/../../../../arm-none-eabi/lib/thumb/v6-m/nofp/libc_nano.a
LOAD /Applications/STM32CubeIDE.app/Contents/Eclipse/plugins/com.st.stm32cube.ide.mcu.externaltools.gnu-tools-for-stm32.13.3.rel1.macos64_1.0.0.202411102158/tools/bin/../lib/gcc/arm-none-eabi/13.3.1/../../../../arm-none-eabi/lib/thumb/v6-m/nofp/libm.a
END GROUP
START GROUP
LOAD /Applications/STM32CubeIDE.app/Contents/Eclipse/plugins/com.st.stm32cube.ide.mcu.externaltools.gnu-tools-for-stm32.13.3.rel1.macos64_1.0.0.202411102158/tools/bin/../lib/gcc/arm-none-eabi/13.3.1/thumb/v6-m/nofp/libgcc.a
LOAD /Applications/STM32CubeIDE.app/Contents/Eclipse/plugins/com.st.stm32cube.ide.mcu.externaltools.gnu-tools-for-stm32.13.3.rel1.macos64_1.0.0.202411102158/tools/bin/../lib/gcc/arm-none-eabi/13.3.1/../../../../arm-none-eabi/lib/thumb/v6-m/nofp/libc_nano.a
END GROUP
START GROUP
LOAD /Applications/STM32CubeIDE.app/Contents/Eclipse/plugins/com.st.stm32cube.ide.mcu.externaltools.gnu-tools-for-stm32.13.3.rel1.macos64_1.0.0.202411102158/tools/bin/../lib/gcc/arm-none-eabi/13.3.1/thumb/v6-m/nofp/libgcc.a
LOAD /Applications/STM32CubeIDE.app/Contents/Eclipse/plugins/com.st.stm32cube.ide.mcu.externaltools.gnu-tools-for-stm32.13.3.rel1.macos64_1.0.0.202411102158/tools/bin/../lib/gcc/arm-none-eabi/13.3.1/../../../../arm-none-eabi/lib/thumb/v6-m/nofp/libc_nano.a
LOAD /Applications/STM32CubeIDE.app/Contents/Eclipse/plugins/com.st.stm32cube.ide.mcu.externaltools.gnu-tools-for-stm32.13.3.rel1.macos64_1.0.0.202411102158/tools/bin/../lib/gcc/arm-none-eabi/13.3.1/../../../../arm-none-eabi/lib/thumb/v6-m/nofp/libnosys.a
END GROUP
START GROUP
LOAD /Applications/STM32CubeIDE.app/Contents/Eclipse/plugins/com.st.stm32cube.ide.mcu.externaltools.gnu-tools-for-stm32.13.3.rel1.macos64_1.0.0.202411102158/tools/bin/../lib/gcc/arm-none-eabi/13.3.1/thumb/v6-m/nofp/libgcc.a
LOAD /Applications/STM32CubeIDE.app/Contents/Eclipse/plugins/com.st.stm32cube.ide.mcu.externaltools.gnu-tools-for-stm32.13.3.rel1.macos64_1.0.0.202411102158/tools/bin/../lib/gcc/arm-none-eabi/13.3.1/../../../../arm-none-eabi/lib/thumb/v6-m/nofp/libc_nano.a
LOAD /Applications/STM32CubeIDE.app/Contents/Eclipse/plugins/com.st.stm32cube.ide.mcu.externaltools.gnu-tools-for-stm32.13.3.rel1.macos64_1.0.0.202411102158/tools/bin/../lib/gcc/arm-none-eabi/13.3.1/../../../../arm-none-eabi/lib/thumb/v6-m/nofp/libnosys.a
END GROUP
LOAD /Applications/STM32CubeIDE.app/Contents/Eclipse/plugins/com.st.stm32cube.ide.mcu.externaltools.gnu-tools-for-stm32.13.3.rel1.macos64_1.0.0.202411102158/tools/bin/../lib/gcc/arm-none-eabi/13.3.1/thumb/v6-m/nofp/crtend.o
LOAD /Applications/STM32CubeIDE.app/Contents/Eclipse/plugins/com.st.stm32cube.ide.mcu.externaltools.gnu-tools-for-stm32.13.3.rel1.macos64_1.0.0.202411102158/tools/bin/../lib/gcc/arm-none-eabi/13.3.1/thumb/v6-m/nofp/crtn.o
                0x20002000                        _estack = (ORIGIN (RAM) + LENGTH (RAM))
                0x00000200                        _Min_Heap_Size = 0x200
                0x00000400                        _Min_Stack_Size = 0x400

.isr_vector     0x08000000       0xbc
                0x08000000                        . = ALIGN (0x4)
 *(.isr_vector)
 .isr_vector    0x08000000       0xbc ./Core/Startup/startup_stm32g031k8tx.o
                0x08000000                g_pfnVectors
                0x080000bc                        . = ALIGN (0x4)

.text           0x080000c0     0x8a50
                0x080000c0                        . = ALIGN (0x4)
 *(.text)
 .text          0x080000c0       0x48 /Applications/STM32CubeIDE.app/Contents/Eclipse/plugins/com.st.stm32cube.ide.mcu.externaltools.gnu-tools-for-stm32.13.3.rel1.macos64_1.0.0.202411102158/tools/bin/../lib/gcc/arm-none-eabi/13.3.1/thumb/v6-m/nofp/crtbegin.o
 .text          0x08000108       0x14 /Applications/STM32CubeIDE.app/Contents/Eclipse/plugins/com.st.stm32cube.ide.mcu.externaltools.gnu-tools-for-stm32.13.3.rel1.macos64_1.0.0.202411102158/tools/bin/../lib/gcc/arm-none-eabi/13.3.1/thumb/v6-m/nofp/libgcc.a(_thumb1_case_sqi.o)
                0x08000108                __gnu_thumb1_case_sqi
 .text          0x0800011c       0x14 /Applications/STM32CubeIDE.app/Contents/Eclipse/plugins/com.st.stm32cube.ide.mcu.externaltools.gnu-tools-for-stm32.13.3.rel1.macos64_1.0.0.202411102158/tools/bin/../lib/gcc/arm-none-eabi/13.3.1/thumb/v6-m/nofp/libgcc.a(_thumb1_case_uqi.o)
                0x0800011c                __gnu_thumb1_case_uqi
 .text          0x08000130      0x114 /Applications/STM32CubeIDE.app/Contents/Eclipse/plugins/com.st.stm32cube.ide.mcu.externaltools.gnu-tools-for-stm32.13.3.rel1.macos64_1.0.0.202411102158/tools/bin/../lib/gcc/arm-none-eabi/13.3.1/thumb/v6-m/nofp/libgcc.a(_udivsi3.o)
                0x08000130                __udivsi3
                0x08000130                __aeabi_uidiv
                0x0800023c                __aeabi_uidivmod
 .text          0x08000244        0x4 /Applications/STM32CubeIDE.app/Contents/Eclipse/plugins/com.st.stm32cube.ide.mcu.externaltools.gnu-tools-for-stm32.13.3.rel1.macos64_1.0.0.202411102158/tools/bin/../lib/gcc/arm-none-eabi/13.3.1/thumb/v6-m/nofp/libgcc.a(_dvmd_tls.o)
                0x08000244                __aeabi_ldiv0
                0x08000244                __aeabi_idiv0
 .text          0x08000248       0x18 /Applications/STM32CubeIDE.app/Contents/Eclipse/plugins/com.st.stm32cube.ide.mcu.externaltools.gnu-tools-for-stm32.13.3.rel1.macos64_1.0.0.202411102158/tools/bin/../lib/gcc/arm-none-eabi/13.3.1/thumb/v6-m/nofp/libgcc.a(_ashldi3.o)
                0x08000248                __ashldi3
                0x08000248                __aeabi_llsl
 .text          0x08000260       0x40 /Applications/STM32CubeIDE.app/Contents/Eclipse/plugins/com.st.stm32cube.ide.mcu.externaltools.gnu-tools-for-stm32.13.3.rel1.macos64_1.0.0.202411102158/tools/bin/../lib/gcc/arm-none-eabi/13.3.1/thumb/v6-m/nofp/libgcc.a(_aeabi_uldivmod.o)
                0x08000260                __aeabi_uldivmod
 .text          0x080002a0      0x198 /Applications/STM32CubeIDE.app/Contents/Eclipse/plugins/com.st.stm32cube.ide.mcu.externaltools.gnu-tools-for-stm32.13.3.rel1.macos64_1.0.0.202411102158/tools/bin/../lib/gcc/arm-none-eabi/13.3.1/thumb/v6-m/nofp/libgcc.a(_udivmoddi4.o)
                0x080002a0                __udivmoddi4
 .text          0x08000438       0x18 /Applications/STM32CubeIDE.app/Contents/Eclipse/plugins/com.st.stm32cube.ide.mcu.externaltools.gnu-tools-for-stm32.13.3.rel1.macos64_1.0.0.202411102158/tools/bin/../lib/gcc/arm-none-eabi/13.3.1/thumb/v6-m/nofp/libgcc.a(_clzdi2.o)
                0x08000438                __clzdi2
 .text          0x08000450       0x3c /Applications/STM32CubeIDE.app/Contents/Eclipse/plugins/com.st.stm32cube.ide.mcu.externaltools.gnu-tools-for-stm32.13.3.rel1.macos64_1.0.0.202411102158/tools/bin/../lib/gcc/arm-none-eabi/13.3.1/thumb/v6-m/nofp/libgcc.a(_clzsi2.o)
                0x08000450                __clzsi2
 *(.text*)
 .text.Initialise_Preset_Arrays
                0x0800048c       0x9c ./Core/Src/CC_and_PC.o
                0x0800048c                Initialise_Preset_Arrays
 .text.Convert_All_Preset_Values
                0x08000528       0x22 ./Core/Src/CC_and_PC.o
                0x08000528                Convert_All_Preset_Values
 .text.Convert_All_Params_Values_for_Preset
                0x0800054a       0x28 ./Core/Src/CC_and_PC.o
                0x0800054a                Convert_All_Params_Values_for_Preset
 .text.Pack_Preset_Into_Doubleword
                0x08000572       0x2a ./Core/Src/CC_and_PC.o
                0x08000572                Pack_Preset_Into_Doubleword
 .text.Read_and_Interpret_Preset_From_Flash
                0x0800059c       0x1e ./Core/Src/CC_and_PC.o
                0x0800059c                Read_and_Interpret_Preset_From_Flash
 .text.Pack_Misc_Into_Doubleword
                0x080005ba       0x94 ./Core/Src/CC_and_PC.o
                0x080005ba                Pack_Misc_Into_Doubleword
 *fill*         0x0800064e        0x2 
 .text.Store_Single_Preset_In_Flash
                0x08000650      0x1b4 ./Core/Src/CC_and_PC.o
                0x08000650                Store_Single_Preset_In_Flash
 .text.Read_and_Interpret_Misc_From_Flash
                0x08000804       0xb6 ./Core/Src/CC_and_PC.o
                0x08000804                Read_and_Interpret_Misc_From_Flash
 .text.Update_Converted_Preset_Array_with_User_or_Factory_Presets
                0x080008ba       0x40 ./Core/Src/CC_and_PC.o
                0x080008ba                Update_Converted_Preset_Array_with_User_or_Factory_Presets
 *fill*         0x080008fa        0x2 
 .text.Read_and_Interpret_User_Presets_From_Flash
                0x080008fc       0x48 ./Core/Src/CC_and_PC.o
                0x080008fc                Read_and_Interpret_User_Presets_From_Flash
 .text.Update_Waveshape_with_CC_Value
                0x08000944       0x24 ./Core/Src/CC_and_PC.o
                0x08000944                Update_Waveshape_with_CC_Value
 .text.Update_Params_Based_On_Mode_Selected
                0x08000968      0x168 ./Core/Src/CC_and_PC.o
                0x08000968                Update_Params_Based_On_Mode_Selected
 .text.Set_Waveshape_to_CC_Mode_and_Value
                0x08000ad0       0x20 ./Core/Src/CC_and_PC.o
                0x08000ad0                Set_Waveshape_to_CC_Mode_and_Value
 .text.Set_Speed_to_CC_Mode_and_Value
                0x08000af0       0x20 ./Core/Src/CC_and_PC.o
                0x08000af0                Set_Speed_to_CC_Mode_and_Value
 .text.Set_Depth_to_CC_Mode_and_Value
                0x08000b10       0x20 ./Core/Src/CC_and_PC.o
                0x08000b10                Set_Depth_to_CC_Mode_and_Value
 .text.Set_Symmetry_to_CC_Mode_and_Value
                0x08000b30       0x20 ./Core/Src/CC_and_PC.o
                0x08000b30                Set_Symmetry_to_CC_Mode_and_Value
 .text.Set_Phase_to_CC_Mode_and_Value
                0x08000b50       0x20 ./Core/Src/CC_and_PC.o
                0x08000b50                Set_Phase_to_CC_Mode_and_Value
 .text.Set_All_Pots_to_PC_Mode
                0x08000b70       0x4c ./Core/Src/CC_and_PC.o
                0x08000b70                Set_All_Pots_to_PC_Mode
 .text.Store_Params_as_User_Preset
                0x08000bbc       0x30 ./Core/Src/CC_and_PC.o
                0x08000bbc                Store_Params_as_User_Preset
 .text.Set_to_PC_Mode
                0x08000bec       0x24 ./Core/Src/CC_and_PC.o
                0x08000bec                Set_to_PC_Mode
 .text.Set_LED_to_State
                0x08000c10       0x58 ./Core/Src/LED.o
                0x08000c10                Set_LED_to_State
 .text.Is_Status_Byte
                0x08000c68        0x6 ./Core/Src/MIDI.o
                0x08000c68                Is_Status_Byte
 .text.Is_Data_Byte
                0x08000c6e        0xa ./Core/Src/MIDI.o
                0x08000c6e                Is_Data_Byte
 .text.Is_PC_Status_Byte
                0x08000c78        0xe ./Core/Src/MIDI.o
                0x08000c78                Is_PC_Status_Byte
 .text.Is_CC_Status_Byte
                0x08000c86        0xe ./Core/Src/MIDI.o
                0x08000c86                Is_CC_Status_Byte
 .text.Is_Utilised_Channel_Mode_CC_First_Data_Byte
                0x08000c94       0x2a ./Core/Src/MIDI.o
                0x08000c94                Is_Utilised_Channel_Mode_CC_First_Data_Byte
 .text.Is_Utilised_CC_First_Data_Byte
                0x08000cbe       0x30 ./Core/Src/MIDI.o
                0x08000cbe                Is_Utilised_CC_First_Data_Byte
 .text.Channel_Mode_CC_Second_Data_Byte_Is_Valid_Given_Utilised_First_Data_Byte
                0x08000cee       0x34 ./Core/Src/MIDI.o
                0x08000cee                Channel_Mode_CC_Second_Data_Byte_Is_Valid_Given_Utilised_First_Data_Byte
 .text.Is_Sysex_Start_Status_Byte
                0x08000d22        0xc ./Core/Src/MIDI.o
                0x08000d22                Is_Sysex_Start_Status_Byte
 .text.Is_Channelised_Status_Byte_On_Basic_Channel
                0x08000d2e       0x1c ./Core/Src/MIDI.o
                0x08000d2e                Is_Channelised_Status_Byte_On_Basic_Channel
 .text.Is_Data_Buffer_Empty
                0x08000d4a       0x18 ./Core/Src/MIDI.o
                0x08000d4a                Is_Data_Buffer_Empty
 .text.Clear_Data_Buffer
                0x08000d62       0x10 ./Core/Src/MIDI.o
                0x08000d62                Clear_Data_Buffer
 .text.Is_Program_Change_Data_Byte_In_Range
                0x08000d72        0xa ./Core/Src/MIDI.o
                0x08000d72                Is_Program_Change_Data_Byte_In_Range
 .text.Is_System_Real_Time_Status_Byte
                0x08000d7c       0x2e ./Core/Src/MIDI.o
                0x08000d7c                Is_System_Real_Time_Status_Byte
 .text.Is_OMNI_On
                0x08000daa       0x14 ./Core/Src/MIDI.o
                0x08000daa                Is_OMNI_On
 .text.Reset_and_Stop_MIDI_Software_Timer
                0x08000dbe       0x22 ./Core/Src/MIDI.o
                0x08000dbe                Reset_and_Stop_MIDI_Software_Timer
 .text.Reset_All_Controllers
                0x08000de0       0x60 ./Core/Src/MIDI.o
                0x08000de0                Reset_All_Controllers
 .text.Set_Local_Control
                0x08000e40       0x4c ./Core/Src/MIDI.o
                0x08000e40                Set_Local_Control
 .text.Set_OMNI_Off
                0x08000e8c        0xe ./Core/Src/MIDI.o
                0x08000e8c                Set_OMNI_Off
 .text.Set_OMNI_On
                0x08000e9a        0xe ./Core/Src/MIDI.o
                0x08000e9a                Set_OMNI_On
 .text.Start_UART_Receive
                0x08000ea8       0x18 ./Core/Src/UART.o
                0x08000ea8                Start_UART_Receive
 .text.Pot_Check
                0x08000ec0      0x240 ./Core/Src/checking_functions.o
                0x08000ec0                Pot_Check
 .text.Check_Tap_Tempo_Switch_State
                0x08001100       0xa0 ./Core/Src/checking_functions.o
                0x08001100                Check_Tap_Tempo_Switch_State
 .text.SystemClock_Config
                0x080011a0       0x7a ./Core/Src/config.o
                0x080011a0                SystemClock_Config
 *fill*         0x0800121a        0x2 
 .text.MX_ADC1_Init
                0x0800121c       0xf4 ./Core/Src/config.o
                0x0800121c                MX_ADC1_Init
 .text.MX_TIM16_Init
                0x08001310       0xa8 ./Core/Src/config.o
                0x08001310                MX_TIM16_Init
 .text.MX_TIM2_Init
                0x080013b8       0xb4 ./Core/Src/config.o
                0x080013b8                MX_TIM2_Init
 .text.MX_TIM3_Init
                0x0800146c       0xbc ./Core/Src/config.o
                0x0800146c                MX_TIM3_Init
 .text.MX_TIM1_Init
                0x08001528      0x124 ./Core/Src/config.o
                0x08001528                MX_TIM1_Init
 .text.MX_TIM17_Init
                0x0800164c       0xa8 ./Core/Src/config.o
                0x0800164c                MX_TIM17_Init
 .text.MX_LPTIM1_Init
                0x080016f4       0x50 ./Core/Src/config.o
                0x080016f4                MX_LPTIM1_Init
 .text.MX_TIM14_Init
                0x08001744       0x78 ./Core/Src/config.o
                0x08001744                MX_TIM14_Init
 .text.MX_USART2_UART_Init
                0x080017bc       0x3c ./Core/Src/config.o
                0x080017bc                MX_USART2_UART_Init
 .text.MX_DMA_Init
                0x080017f8       0x3c ./Core/Src/config.o
                0x080017f8                MX_DMA_Init
 .text.MX_GPIO_Init
                0x08001834      0x130 ./Core/Src/config.o
                0x08001834                MX_GPIO_Init
 .text.Error_Handler
                0x08001964        0x4 ./Core/Src/config.o
                0x08001964                Error_Handler
 .text.System_Init
                0x08001968       0xf0 ./Core/Src/config.o
                0x08001968                System_Init
 .text.TIM16_callback
                0x08001a58       0x38 ./Core/Src/custom_callbacks.o
                0x08001a58                TIM16_callback
 .text.ADC_DMA_conversion_complete_callback
                0x08001a90       0xa8 ./Core/Src/custom_callbacks.o
                0x08001a90                ADC_DMA_conversion_complete_callback
 .text.TIM2_ch1_IP_capture_callback
                0x08001b38      0x11c ./Core/Src/custom_callbacks.o
                0x08001b38                TIM2_ch1_IP_capture_callback
 .text.TIM2_ch1_overflow_callback
                0x08001c54      0x10c ./Core/Src/custom_callbacks.o
                0x08001c54                TIM2_ch1_overflow_callback
 .text.TIM3_ch1_IP_capture_measurement_reelapse_callback
                0x08001d60      0x13c ./Core/Src/custom_callbacks.o
                0x08001d60                TIM3_ch1_IP_capture_measurement_reelapse_callback
 .text.UART2_TX_transfer_complete_callback
                0x08001e9c       0x10 ./Core/Src/custom_callbacks.o
                0x08001e9c                UART2_TX_transfer_complete_callback
 .text.UART2_RX_transfer_complete_callback
                0x08001eac     0x11a0 ./Core/Src/custom_callbacks.o
                0x08001eac                UART2_RX_transfer_complete_callback
 .text.HAL_GPIO_EXTI_Falling_Callback
                0x0800304c       0x54 ./Core/Src/custom_callbacks.o
                0x0800304c                HAL_GPIO_EXTI_Falling_Callback
 .text.HAL_GPIO_EXTI_Rising_Callback
                0x080030a0      0x1ec ./Core/Src/custom_callbacks.o
                0x080030a0                HAL_GPIO_EXTI_Rising_Callback
 .text.LPTIM1_callback
                0x0800328c      0x730 ./Core/Src/custom_callbacks.o
                0x0800328c                LPTIM1_callback
 .text.TIM17_callback
                0x080039bc       0x40 ./Core/Src/custom_callbacks.o
                0x080039bc                TIM17_callback
 .text.TIM14_callback
                0x080039fc      0x3bc ./Core/Src/custom_callbacks.o
                0x080039fc                TIM14_callback
 .text.Input_Capture_Processing
                0x08003db8       0x78 ./Core/Src/input_capture.o
                0x08003db8                Input_Capture_Processing
 .text.Start_IC_TIM
                0x08003e30       0x2c ./Core/Src/input_capture.o
                0x08003e30                Start_IC_TIM
 .text.Start_Input_Capture_Timer
                0x08003e5c       0x1c ./Core/Src/input_capture.o
                0x08003e5c                Start_Input_Capture_Timer
 .text.Copy_Params_Structs
                0x08003e78       0x12 ./Core/Src/input_capture.o
                0x08003e78                Copy_Params_Structs
 *fill*         0x08003e8a        0x2 
 .text.Start_Measurement_Reelapse_Timer
                0x08003e8c       0x2c ./Core/Src/input_capture.o
                0x08003e8c                Start_Measurement_Reelapse_Timer
 .text.Begin_Input_Capture_Measurement
                0x08003eb8       0x10 ./Core/Src/input_capture.o
                0x08003eb8                Begin_Input_Capture_Measurement
 .text.startup.main
                0x08003ec8       0x10 ./Core/Src/main.o
                0x08003ec8                main
 .text.Start_PWM_Gen_Timer_Main_and_Secondary_Oscillators
                0x08003ed8       0x32 ./Core/Src/oscillator.o
                0x08003ed8                Start_PWM_Gen_Timer_Main_and_Secondary_Oscillators
 *fill*         0x08003f0a        0x2 
 .text.Start_Freq_Gen_Timer
                0x08003f0c       0x1c ./Core/Src/oscillator.o
                0x08003f0c                Start_Freq_Gen_Timer
 .text.Process_TIM16_Raw_Start_Value_and_Raw_Prescaler
                0x08003f28       0x28 ./Core/Src/oscillator.o
                0x08003f28                Process_TIM16_Raw_Start_Value_and_Raw_Prescaler
 .text.Set_Oscillator_Values
                0x08003f50       0x30 ./Core/Src/oscillator.o
                0x08003f50                Set_Oscillator_Values
 .text.Calculate_Next_Main_Oscillator_Values
                0x08003f80      0x100 ./Core/Src/oscillator.o
                0x08003f80                Calculate_Next_Main_Oscillator_Values
 .text.Write_Next_Main_Oscillator_Values_to_Delay_Line
                0x08004080       0x90 ./Core/Src/oscillator.o
                0x08004080                Write_Next_Main_Oscillator_Values_to_Delay_Line
 .text.Process_ADC_Conversion_Values
                0x08004110       0x40 ./Core/Src/oscillator.o
                0x08004110                Process_ADC_Conversion_Values
 .text.Startup  0x08004150      0x1c4 ./Core/Src/startup.o
                0x08004150                Startup
 .text.Advance_Pending_States
                0x08004314       0x2c ./Core/Src/state_machine.o
                0x08004314                Advance_Pending_States
 .text.HAL_MspInit
                0x08004340       0x30 ./Core/Src/stm32g0xx_hal_msp.o
                0x08004340                HAL_MspInit
 .text.HAL_ADC_MspInit
                0x08004370       0x9c ./Core/Src/stm32g0xx_hal_msp.o
                0x08004370                HAL_ADC_MspInit
 .text.HAL_LPTIM_MspInit
                0x0800440c       0xe4 ./Core/Src/stm32g0xx_hal_msp.o
                0x0800440c                HAL_LPTIM_MspInit
 .text.HAL_TIM_Base_MspInit
                0x080044f0      0x158 ./Core/Src/stm32g0xx_hal_msp.o
                0x080044f0                HAL_TIM_Base_MspInit
 .text.HAL_TIM_MspPostInit
                0x08004648       0x74 ./Core/Src/stm32g0xx_hal_msp.o
                0x08004648                HAL_TIM_MspPostInit
 .text.HAL_UART_MspInit
                0x080046bc       0xe8 ./Core/Src/stm32g0xx_hal_msp.o
                0x080046bc                HAL_UART_MspInit
 .text.NMI_Handler
                0x080047a4        0x2 ./Core/Src/stm32g0xx_it.o
                0x080047a4                NMI_Handler
 .text.HardFault_Handler
                0x080047a6        0x2 ./Core/Src/stm32g0xx_it.o
                0x080047a6                HardFault_Handler
 .text.SVC_Handler
                0x080047a8        0x2 ./Core/Src/stm32g0xx_it.o
                0x080047a8                SVC_Handler
 .text.PendSV_Handler
                0x080047aa        0x2 ./Core/Src/stm32g0xx_it.o
                0x080047aa                PendSV_Handler
 .text.SysTick_Handler
                0x080047ac        0x8 ./Core/Src/stm32g0xx_it.o
                0x080047ac                SysTick_Handler
 .text.EXTI4_15_IRQHandler
                0x080047b4        0xa ./Core/Src/stm32g0xx_it.o
                0x080047b4                EXTI4_15_IRQHandler
 *fill*         0x080047be        0x2 
 .text.DMA1_Channel1_IRQHandler
                0x080047c0       0x10 ./Core/Src/stm32g0xx_it.o
                0x080047c0                DMA1_Channel1_IRQHandler
 .text.DMA1_Channel2_3_IRQHandler
                0x080047d0       0x18 ./Core/Src/stm32g0xx_it.o
                0x080047d0                DMA1_Channel2_3_IRQHandler
 .text.TIM2_IRQHandler
                0x080047e8       0x10 ./Core/Src/stm32g0xx_it.o
                0x080047e8                TIM2_IRQHandler
 .text.TIM3_IRQHandler
                0x080047f8       0x10 ./Core/Src/stm32g0xx_it.o
                0x080047f8                TIM3_IRQHandler
 .text.TIM16_IRQHandler
                0x08004808       0x10 ./Core/Src/stm32g0xx_it.o
                0x08004808                TIM16_IRQHandler
 .text.USART2_IRQHandler
                0x08004818       0x10 ./Core/Src/stm32g0xx_it.o
                0x08004818                USART2_IRQHandler
 .text.LPTIM1_IRQHandler
                0x08004828       0x10 ./Core/Src/stm32g0xx_it.o
                0x08004828                LPTIM1_IRQHandler
 .text.TIM17_IRQHandler
                0x08004838       0x10 ./Core/Src/stm32g0xx_it.o
                0x08004838                TIM17_IRQHandler
 .text.TIM14_IRQHandler
                0x08004848       0x10 ./Core/Src/stm32g0xx_it.o
                0x08004848                TIM14_IRQHandler
 .text.Adjust_TIM16_Prescaler
                0x08004858       0x1e ./Core/Src/symmetry_adjustment.o
                0x08004858                Adjust_TIM16_Prescaler
 .text.Process_TIM16_Final_Start_Value_and_Final_Prescaler
                0x08004876      0x20a ./Core/Src/symmetry_adjustment.o
                0x08004876                Process_TIM16_Final_Start_Value_and_Final_Prescaler
 .text.SystemInit
                0x08004a80        0x2 ./Core/Src/system_stm32g0xx.o
                0x08004a80                SystemInit
 .text.Start_OC_TIM
                0x08004a82       0x38 ./Core/Src/timers.o
                0x08004a82                Start_OC_TIM
 .text.Stop_OC_TIM
                0x08004aba       0x38 ./Core/Src/timers.o
                0x08004aba                Stop_OC_TIM
 *fill*         0x08004af2        0x2 
 .text.Check_Software_Timers
                0x08004af4      0x168 ./Core/Src/timers.o
                0x08004af4                Check_Software_Timers
 .text.Start_DMA_Timer
                0x08004c5c       0x24 ./Core/Src/timers.o
                0x08004c5c                Start_DMA_Timer
 .text.isPrime  0x08004c80       0x5e ./Core/Src/utility.o
                0x08004c80                isPrime
 .text.unsigned_bitwise_modulo
                0x08004cde       0x28 ./Core/Src/utility.o
                0x08004cde                unsigned_bitwise_modulo
 .text.Global_Interrupt_Enable
                0x08004d06       0x10 ./Core/Src/utility.o
                0x08004d06                Global_Interrupt_Enable
 .text.Get_Status_Bit
                0x08004d16       0x28 ./Core/Src/utility.o
                0x08004d16                Get_Status_Bit
 .text.Set_Status_Bit
                0x08004d3e       0x24 ./Core/Src/utility.o
                0x08004d3e                Set_Status_Bit
 .text.Clear_Status_Bit
                0x08004d62       0x26 ./Core/Src/utility.o
                0x08004d62                Clear_Status_Bit
 .text.Reset_Handler
                0x08004d88       0x50 ./Core/Startup/startup_stm32g031k8tx.o
                0x08004d88                Reset_Handler
 .text.Default_Handler
                0x08004dd8        0x2 ./Core/Startup/startup_stm32g031k8tx.o
                0x08004dd8                TIM1_BRK_UP_TRG_COM_IRQHandler
                0x08004dd8                PVD_IRQHandler
                0x08004dd8                I2C1_IRQHandler
                0x08004dd8                LPTIM2_IRQHandler
                0x08004dd8                RTC_TAMP_IRQHandler
                0x08004dd8                SPI1_IRQHandler
                0x08004dd8                DMA1_Ch4_5_DMAMUX1_OVR_IRQHandler
                0x08004dd8                EXTI2_3_IRQHandler
                0x08004dd8                ADC1_IRQHandler
                0x08004dd8                I2C2_IRQHandler
                0x08004dd8                RCC_IRQHandler
                0x08004dd8                Default_Handler
                0x08004dd8                EXTI0_1_IRQHandler
                0x08004dd8                SPI2_IRQHandler
                0x08004dd8                WWDG_IRQHandler
                0x08004dd8                LPUART1_IRQHandler
                0x08004dd8                FLASH_IRQHandler
                0x08004dd8                USART1_IRQHandler
                0x08004dd8                TIM1_CC_IRQHandler
 *fill*         0x08004dda        0x2 
 .text.HAL_InitTick
                0x08004ddc       0x50 ./Drivers/STM32G0xx_HAL_Driver/Src/stm32g0xx_hal.o
                0x08004ddc                HAL_InitTick
 .text.HAL_Init
                0x08004e2c       0x28 ./Drivers/STM32G0xx_HAL_Driver/Src/stm32g0xx_hal.o
                0x08004e2c                HAL_Init
 .text.HAL_IncTick
                0x08004e54       0x18 ./Drivers/STM32G0xx_HAL_Driver/Src/stm32g0xx_hal.o
                0x08004e54                HAL_IncTick
 .text.HAL_GetTick
                0x08004e6c        0xc ./Drivers/STM32G0xx_HAL_Driver/Src/stm32g0xx_hal.o
                0x08004e6c                HAL_GetTick
 .text.LL_ADC_REG_IsConversionOngoing
                0x08004e78        0x8 ./Drivers/STM32G0xx_HAL_Driver/Src/stm32g0xx_hal_adc.o
 .text.ADC_DMAConvCplt
                0x08004e80       0x7c ./Drivers/STM32G0xx_HAL_Driver/Src/stm32g0xx_hal_adc.o
 .text.ADC_DMAHalfConvCplt
                0x08004efc        0xa ./Drivers/STM32G0xx_HAL_Driver/Src/stm32g0xx_hal_adc.o
 .text.ADC_DMAError
                0x08004f06       0x1a ./Drivers/STM32G0xx_HAL_Driver/Src/stm32g0xx_hal_adc.o
 .text.HAL_ADC_ErrorCallback
                0x08004f20        0x2 ./Drivers/STM32G0xx_HAL_Driver/Src/stm32g0xx_hal_adc.o
                0x08004f20                HAL_ADC_ErrorCallback
 .text.HAL_ADC_ConvCpltCallback
                0x08004f22        0x2 ./Drivers/STM32G0xx_HAL_Driver/Src/stm32g0xx_hal_adc.o
                0x08004f22                HAL_ADC_ConvCpltCallback
 .text.HAL_ADC_ConvHalfCpltCallback
                0x08004f24        0x2 ./Drivers/STM32G0xx_HAL_Driver/Src/stm32g0xx_hal_adc.o
                0x08004f24                HAL_ADC_ConvHalfCpltCallback
 .text.HAL_ADC_LevelOutOfWindowCallback
                0x08004f26        0x2 ./Drivers/STM32G0xx_HAL_Driver/Src/stm32g0xx_hal_adc.o
                0x08004f26                HAL_ADC_LevelOutOfWindowCallback
 .text.HAL_ADC_Init
                0x08004f28      0x26c ./Drivers/STM32G0xx_HAL_Driver/Src/stm32g0xx_hal_adc.o
                0x08004f28                HAL_ADC_Init
 .text.HAL_ADC_RegisterCallback
                0x08005194       0x62 ./Drivers/STM32G0xx_HAL_Driver/Src/stm32g0xx_hal_adc.o
                0x08005194                HAL_ADC_RegisterCallback
 *fill*         0x080051f6        0x2 
 .text.HAL_ADC_ConfigChannel
                0x080051f8      0x248 ./Drivers/STM32G0xx_HAL_Driver/Src/stm32g0xx_hal_adc.o
                0x080051f8                HAL_ADC_ConfigChannel
 .text.ADC_ConversionStop
                0x08005440       0x60 ./Drivers/STM32G0xx_HAL_Driver/Src/stm32g0xx_hal_adc.o
                0x08005440                ADC_ConversionStop
 .text.ADC_Enable
                0x080054a0       0xb8 ./Drivers/STM32G0xx_HAL_Driver/Src/stm32g0xx_hal_adc.o
                0x080054a0                ADC_Enable
 .text.HAL_ADC_Start_DMA
                0x08005558       0xb0 ./Drivers/STM32G0xx_HAL_Driver/Src/stm32g0xx_hal_adc.o
                0x08005558                HAL_ADC_Start_DMA
 .text.ADC_Disable
                0x08005608       0x78 ./Drivers/STM32G0xx_HAL_Driver/Src/stm32g0xx_hal_adc.o
                0x08005608                ADC_Disable
 .text.HAL_ADC_Stop_DMA
                0x08005680       0x7c ./Drivers/STM32G0xx_HAL_Driver/Src/stm32g0xx_hal_adc.o
                0x08005680                HAL_ADC_Stop_DMA
 .text.HAL_ADCEx_Calibration_Start
                0x080056fc      0x164 ./Drivers/STM32G0xx_HAL_Driver/Src/stm32g0xx_hal_adc_ex.o
                0x080056fc                HAL_ADCEx_Calibration_Start
 .text.HAL_ADCEx_LevelOutOfWindow2Callback
                0x08005860        0x2 ./Drivers/STM32G0xx_HAL_Driver/Src/stm32g0xx_hal_adc_ex.o
                0x08005860                HAL_ADCEx_LevelOutOfWindow2Callback
 .text.HAL_ADCEx_LevelOutOfWindow3Callback
                0x08005862        0x2 ./Drivers/STM32G0xx_HAL_Driver/Src/stm32g0xx_hal_adc_ex.o
                0x08005862                HAL_ADCEx_LevelOutOfWindow3Callback
 .text.HAL_ADCEx_EndOfSamplingCallback
                0x08005864        0x2 ./Drivers/STM32G0xx_HAL_Driver/Src/stm32g0xx_hal_adc_ex.o
                0x08005864                HAL_ADCEx_EndOfSamplingCallback
 *fill*         0x08005866        0x2 
 .text.HAL_NVIC_SetPriority
                0x08005868       0x54 ./Drivers/STM32G0xx_HAL_Driver/Src/stm32g0xx_hal_cortex.o
                0x08005868                HAL_NVIC_SetPriority
 .text.HAL_NVIC_EnableIRQ
                0x080058bc       0x18 ./Drivers/STM32G0xx_HAL_Driver/Src/stm32g0xx_hal_cortex.o
                0x080058bc                HAL_NVIC_EnableIRQ
 .text.HAL_NVIC_DisableIRQ
                0x080058d4       0x20 ./Drivers/STM32G0xx_HAL_Driver/Src/stm32g0xx_hal_cortex.o
                0x080058d4                HAL_NVIC_DisableIRQ
 .text.HAL_SYSTICK_Config
                0x080058f4       0x34 ./Drivers/STM32G0xx_HAL_Driver/Src/stm32g0xx_hal_cortex.o
                0x080058f4                HAL_SYSTICK_Config
 .text.DMA_SetConfig
                0x08005928       0x40 ./Drivers/STM32G0xx_HAL_Driver/Src/stm32g0xx_hal_dma.o
 .text.DMA_CalcDMAMUXChannelBaseAndMask
                0x08005968       0x34 ./Drivers/STM32G0xx_HAL_Driver/Src/stm32g0xx_hal_dma.o
 .text.HAL_DMA_Init
                0x0800599c       0xb4 ./Drivers/STM32G0xx_HAL_Driver/Src/stm32g0xx_hal_dma.o
                0x0800599c                HAL_DMA_Init
 .text.HAL_DMA_Start_IT
                0x08005a50       0x90 ./Drivers/STM32G0xx_HAL_Driver/Src/stm32g0xx_hal_dma.o
                0x08005a50                HAL_DMA_Start_IT
 .text.HAL_DMA_Abort
                0x08005ae0       0x74 ./Drivers/STM32G0xx_HAL_Driver/Src/stm32g0xx_hal_dma.o
                0x08005ae0                HAL_DMA_Abort
 .text.HAL_DMA_Abort_IT
                0x08005b54       0x74 ./Drivers/STM32G0xx_HAL_Driver/Src/stm32g0xx_hal_dma.o
                0x08005b54                HAL_DMA_Abort_IT
 .text.HAL_DMA_IRQHandler
                0x08005bc8       0xa8 ./Drivers/STM32G0xx_HAL_Driver/Src/stm32g0xx_hal_dma.o
                0x08005bc8                HAL_DMA_IRQHandler
 .text.HAL_FLASH_Unlock
                0x08005c70       0x24 ./Drivers/STM32G0xx_HAL_Driver/Src/stm32g0xx_hal_flash.o
                0x08005c70                HAL_FLASH_Unlock
 .text.FLASH_WaitForLastOperation
                0x08005c94       0x70 ./Drivers/STM32G0xx_HAL_Driver/Src/stm32g0xx_hal_flash.o
                0x08005c94                FLASH_WaitForLastOperation
 .text.HAL_FLASH_Program
                0x08005d04       0x68 ./Drivers/STM32G0xx_HAL_Driver/Src/stm32g0xx_hal_flash.o
                0x08005d04                HAL_FLASH_Program
 .text.HAL_FLASH_Lock
                0x08005d6c       0x24 ./Drivers/STM32G0xx_HAL_Driver/Src/stm32g0xx_hal_flash.o
                0x08005d6c                HAL_FLASH_Lock
 .text.FLASH_PageErase
                0x08005d90       0x20 ./Drivers/STM32G0xx_HAL_Driver/Src/stm32g0xx_hal_flash_ex.o
                0x08005d90                FLASH_PageErase
 .text.HAL_FLASHEx_Erase
                0x08005db0       0x94 ./Drivers/STM32G0xx_HAL_Driver/Src/stm32g0xx_hal_flash_ex.o
                0x08005db0                HAL_FLASHEx_Erase
 .text.HAL_GPIO_Init
                0x08005e44      0x164 ./Drivers/STM32G0xx_HAL_Driver/Src/stm32g0xx_hal_gpio.o
                0x08005e44                HAL_GPIO_Init
 .text.HAL_GPIO_ReadPin
                0x08005fa8        0xc ./Drivers/STM32G0xx_HAL_Driver/Src/stm32g0xx_hal_gpio.o
                0x08005fa8                HAL_GPIO_ReadPin
 .text.HAL_GPIO_WritePin
                0x08005fb4        0xc ./Drivers/STM32G0xx_HAL_Driver/Src/stm32g0xx_hal_gpio.o
                0x08005fb4                HAL_GPIO_WritePin
 .text.HAL_GPIO_EXTI_IRQHandler
                0x08005fc0       0x28 ./Drivers/STM32G0xx_HAL_Driver/Src/stm32g0xx_hal_gpio.o
                0x08005fc0                HAL_GPIO_EXTI_IRQHandler
 .text.LPTIM_WaitForFlag
                0x08005fe8       0x3c ./Drivers/STM32G0xx_HAL_Driver/Src/stm32g0xx_hal_lptim.o
 .text.HAL_LPTIM_DirectionDownCallback
                0x08006024        0x2 ./Drivers/STM32G0xx_HAL_Driver/Src/stm32g0xx_hal_lptim.o
                0x08006024                HAL_LPTIM_DirectionDownCallback
 .text.HAL_LPTIM_CompareMatchCallback
                0x08006026        0x2 ./Drivers/STM32G0xx_HAL_Driver/Src/stm32g0xx_hal_lptim.o
                0x08006026                HAL_LPTIM_CompareMatchCallback
 .text.HAL_LPTIM_AutoReloadMatchCallback
                0x08006028        0x2 ./Drivers/STM32G0xx_HAL_Driver/Src/stm32g0xx_hal_lptim.o
                0x08006028                HAL_LPTIM_AutoReloadMatchCallback
 .text.HAL_LPTIM_TriggerCallback
                0x0800602a        0x2 ./Drivers/STM32G0xx_HAL_Driver/Src/stm32g0xx_hal_lptim.o
                0x0800602a                HAL_LPTIM_TriggerCallback
 .text.HAL_LPTIM_CompareWriteCallback
                0x0800602c        0x2 ./Drivers/STM32G0xx_HAL_Driver/Src/stm32g0xx_hal_lptim.o
                0x0800602c                HAL_LPTIM_CompareWriteCallback
 .text.HAL_LPTIM_AutoReloadWriteCallback
                0x0800602e        0x2 ./Drivers/STM32G0xx_HAL_Driver/Src/stm32g0xx_hal_lptim.o
                0x0800602e                HAL_LPTIM_AutoReloadWriteCallback
 .text.HAL_LPTIM_DirectionUpCallback
                0x08006030        0x2 ./Drivers/STM32G0xx_HAL_Driver/Src/stm32g0xx_hal_lptim.o
                0x08006030                HAL_LPTIM_DirectionUpCallback
 *fill*         0x08006032        0x2 
 .text.HAL_LPTIM_Init
                0x08006034      0x108 ./Drivers/STM32G0xx_HAL_Driver/Src/stm32g0xx_hal_lptim.o
                0x08006034                HAL_LPTIM_Init
 .text.HAL_LPTIM_IRQHandler
                0x0800613c       0xac ./Drivers/STM32G0xx_HAL_Driver/Src/stm32g0xx_hal_lptim.o
                0x0800613c                HAL_LPTIM_IRQHandler
 .text.HAL_LPTIM_RegisterCallback
                0x080061e8       0x60 ./Drivers/STM32G0xx_HAL_Driver/Src/stm32g0xx_hal_lptim.o
                0x080061e8                HAL_LPTIM_RegisterCallback
 .text.LPTIM_Disable
                0x08006248      0x144 ./Drivers/STM32G0xx_HAL_Driver/Src/stm32g0xx_hal_lptim.o
                0x08006248                LPTIM_Disable
 .text.HAL_LPTIM_SetOnce_Start_IT
                0x0800638c       0xa0 ./Drivers/STM32G0xx_HAL_Driver/Src/stm32g0xx_hal_lptim.o
                0x0800638c                HAL_LPTIM_SetOnce_Start_IT
 .text.HAL_PWREx_ControlVoltageScaling
                0x0800642c       0x58 ./Drivers/STM32G0xx_HAL_Driver/Src/stm32g0xx_hal_pwr_ex.o
                0x0800642c                HAL_PWREx_ControlVoltageScaling
 .text.HAL_RCC_OscConfig
                0x08006484      0x448 ./Drivers/STM32G0xx_HAL_Driver/Src/stm32g0xx_hal_rcc.o
                0x08006484                HAL_RCC_OscConfig
 .text.HAL_RCC_GetSysClockFreq
                0x080068cc       0x88 ./Drivers/STM32G0xx_HAL_Driver/Src/stm32g0xx_hal_rcc.o
                0x080068cc                HAL_RCC_GetSysClockFreq
 .text.HAL_RCC_ClockConfig
                0x08006954      0x154 ./Drivers/STM32G0xx_HAL_Driver/Src/stm32g0xx_hal_rcc.o
                0x08006954                HAL_RCC_ClockConfig
 .text.HAL_RCC_GetPCLK1Freq
                0x08006aa8       0x28 ./Drivers/STM32G0xx_HAL_Driver/Src/stm32g0xx_hal_rcc.o
                0x08006aa8                HAL_RCC_GetPCLK1Freq
 .text.HAL_RCCEx_PeriphCLKConfig
                0x08006ad0      0x1c0 ./Drivers/STM32G0xx_HAL_Driver/Src/stm32g0xx_hal_rcc_ex.o
                0x08006ad0                HAL_RCCEx_PeriphCLKConfig
 .text.TIM_OC1_SetConfig
                0x08006c90       0x6c ./Drivers/STM32G0xx_HAL_Driver/Src/stm32g0xx_hal_tim.o
 .text.TIM_OC3_SetConfig
                0x08006cfc       0x84 ./Drivers/STM32G0xx_HAL_Driver/Src/stm32g0xx_hal_tim.o
 .text.TIM_OC4_SetConfig
                0x08006d80       0x68 ./Drivers/STM32G0xx_HAL_Driver/Src/stm32g0xx_hal_tim.o
 .text.TIM_OC5_SetConfig
                0x08006de8       0x60 ./Drivers/STM32G0xx_HAL_Driver/Src/stm32g0xx_hal_tim.o
 .text.TIM_OC6_SetConfig
                0x08006e48       0x68 ./Drivers/STM32G0xx_HAL_Driver/Src/stm32g0xx_hal_tim.o
 .text.HAL_TIM_OC_MspInit
                0x08006eb0        0x2 ./Drivers/STM32G0xx_HAL_Driver/Src/stm32g0xx_hal_tim.o
                0x08006eb0                HAL_TIM_OC_MspInit
 .text.HAL_TIM_PWM_MspInit
                0x08006eb2        0x2 ./Drivers/STM32G0xx_HAL_Driver/Src/stm32g0xx_hal_tim.o
                0x08006eb2                HAL_TIM_PWM_MspInit
 .text.HAL_TIM_IC_MspInit
                0x08006eb4        0x2 ./Drivers/STM32G0xx_HAL_Driver/Src/stm32g0xx_hal_tim.o
                0x08006eb4                HAL_TIM_IC_MspInit
 .text.HAL_TIM_PeriodElapsedCallback
                0x08006eb6        0x2 ./Drivers/STM32G0xx_HAL_Driver/Src/stm32g0xx_hal_tim.o
                0x08006eb6                HAL_TIM_PeriodElapsedCallback
 .text.HAL_TIM_PeriodElapsedHalfCpltCallback
                0x08006eb8        0x2 ./Drivers/STM32G0xx_HAL_Driver/Src/stm32g0xx_hal_tim.o
                0x08006eb8                HAL_TIM_PeriodElapsedHalfCpltCallback
 .text.HAL_TIM_OC_DelayElapsedCallback
                0x08006eba        0x2 ./Drivers/STM32G0xx_HAL_Driver/Src/stm32g0xx_hal_tim.o
                0x08006eba                HAL_TIM_OC_DelayElapsedCallback
 .text.HAL_TIM_IC_CaptureCallback
                0x08006ebc        0x2 ./Drivers/STM32G0xx_HAL_Driver/Src/stm32g0xx_hal_tim.o
                0x08006ebc                HAL_TIM_IC_CaptureCallback
 .text.HAL_TIM_IC_CaptureHalfCpltCallback
                0x08006ebe        0x2 ./Drivers/STM32G0xx_HAL_Driver/Src/stm32g0xx_hal_tim.o
                0x08006ebe                HAL_TIM_IC_CaptureHalfCpltCallback
 .text.HAL_TIM_PWM_PulseFinishedCallback
                0x08006ec0        0x2 ./Drivers/STM32G0xx_HAL_Driver/Src/stm32g0xx_hal_tim.o
                0x08006ec0                HAL_TIM_PWM_PulseFinishedCallback
 .text.HAL_TIM_PWM_PulseFinishedHalfCpltCallback
                0x08006ec2        0x2 ./Drivers/STM32G0xx_HAL_Driver/Src/stm32g0xx_hal_tim.o
                0x08006ec2                HAL_TIM_PWM_PulseFinishedHalfCpltCallback
 .text.HAL_TIM_TriggerCallback
                0x08006ec4        0x2 ./Drivers/STM32G0xx_HAL_Driver/Src/stm32g0xx_hal_tim.o
                0x08006ec4                HAL_TIM_TriggerCallback
 .text.HAL_TIM_TriggerHalfCpltCallback
                0x08006ec6        0x2 ./Drivers/STM32G0xx_HAL_Driver/Src/stm32g0xx_hal_tim.o
                0x08006ec6                HAL_TIM_TriggerHalfCpltCallback
 .text.HAL_TIM_ErrorCallback
                0x08006ec8        0x2 ./Drivers/STM32G0xx_HAL_Driver/Src/stm32g0xx_hal_tim.o
                0x08006ec8                HAL_TIM_ErrorCallback
 *fill*         0x08006eca        0x2 
 .text.HAL_TIM_Base_Start
                0x08006ecc       0x58 ./Drivers/STM32G0xx_HAL_Driver/Src/stm32g0xx_hal_tim.o
                0x08006ecc                HAL_TIM_Base_Start
 .text.HAL_TIM_Base_Start_IT
                0x08006f24       0x60 ./Drivers/STM32G0xx_HAL_Driver/Src/stm32g0xx_hal_tim.o
                0x08006f24                HAL_TIM_Base_Start_IT
 .text.HAL_TIM_IRQHandler
                0x08006f84      0x18c ./Drivers/STM32G0xx_HAL_Driver/Src/stm32g0xx_hal_tim.o
                0x08006f84                HAL_TIM_IRQHandler
 .text.HAL_TIM_ReadCapturedValue
                0x08007110       0x2e ./Drivers/STM32G0xx_HAL_Driver/Src/stm32g0xx_hal_tim.o
                0x08007110                HAL_TIM_ReadCapturedValue
 .text.HAL_TIM_RegisterCallback
                0x0800713e       0xce ./Drivers/STM32G0xx_HAL_Driver/Src/stm32g0xx_hal_tim.o
                0x0800713e                HAL_TIM_RegisterCallback
 .text.TIM_Base_SetConfig
                0x0800720c       0x8c ./Drivers/STM32G0xx_HAL_Driver/Src/stm32g0xx_hal_tim.o
                0x0800720c                TIM_Base_SetConfig
 .text.TIM_OC2_SetConfig
                0x08007298       0x78 ./Drivers/STM32G0xx_HAL_Driver/Src/stm32g0xx_hal_tim.o
                0x08007298                TIM_OC2_SetConfig
 .text.HAL_TIM_OC_ConfigChannel
                0x08007310       0x64 ./Drivers/STM32G0xx_HAL_Driver/Src/stm32g0xx_hal_tim.o
                0x08007310                HAL_TIM_OC_ConfigChannel
 .text.HAL_TIM_PWM_ConfigChannel
                0x08007374      0x10c ./Drivers/STM32G0xx_HAL_Driver/Src/stm32g0xx_hal_tim.o
                0x08007374                HAL_TIM_PWM_ConfigChannel
 .text.TIM_TI1_SetConfig
                0x08007480       0x50 ./Drivers/STM32G0xx_HAL_Driver/Src/stm32g0xx_hal_tim.o
                0x08007480                TIM_TI1_SetConfig
 .text.HAL_TIM_IC_ConfigChannel
                0x080074d0      0x154 ./Drivers/STM32G0xx_HAL_Driver/Src/stm32g0xx_hal_tim.o
                0x080074d0                HAL_TIM_IC_ConfigChannel
 .text.TIM_ETR_SetConfig
                0x08007624       0x18 ./Drivers/STM32G0xx_HAL_Driver/Src/stm32g0xx_hal_tim.o
                0x08007624                TIM_ETR_SetConfig
 .text.HAL_TIM_ConfigClockSource
                0x0800763c      0x130 ./Drivers/STM32G0xx_HAL_Driver/Src/stm32g0xx_hal_tim.o
                0x0800763c                HAL_TIM_ConfigClockSource
 .text.TIM_CCxChannelCmd
                0x0800776c       0x1a ./Drivers/STM32G0xx_HAL_Driver/Src/stm32g0xx_hal_tim.o
                0x0800776c                TIM_CCxChannelCmd
 *fill*         0x08007786        0x2 
 .text.HAL_TIM_OC_Start
                0x08007788       0xf8 ./Drivers/STM32G0xx_HAL_Driver/Src/stm32g0xx_hal_tim.o
                0x08007788                HAL_TIM_OC_Start
 .text.HAL_TIM_PWM_Start
                0x08007880        0x8 ./Drivers/STM32G0xx_HAL_Driver/Src/stm32g0xx_hal_tim.o
                0x08007880                HAL_TIM_PWM_Start
 .text.HAL_TIM_OC_Start_IT
                0x08007888      0x110 ./Drivers/STM32G0xx_HAL_Driver/Src/stm32g0xx_hal_tim.o
                0x08007888                HAL_TIM_OC_Start_IT
 .text.HAL_TIM_OC_Stop_IT
                0x08007998       0xbc ./Drivers/STM32G0xx_HAL_Driver/Src/stm32g0xx_hal_tim.o
                0x08007998                HAL_TIM_OC_Stop_IT
 .text.HAL_TIM_IC_Start_IT
                0x08007a54      0x118 ./Drivers/STM32G0xx_HAL_Driver/Src/stm32g0xx_hal_tim.o
                0x08007a54                HAL_TIM_IC_Start_IT
 .text.TIM_ResetCallback
                0x08007b6c       0x7c ./Drivers/STM32G0xx_HAL_Driver/Src/stm32g0xx_hal_tim.o
                0x08007b6c                TIM_ResetCallback
 .text.HAL_TIM_Base_Init
                0x08007be8       0x68 ./Drivers/STM32G0xx_HAL_Driver/Src/stm32g0xx_hal_tim.o
                0x08007be8                HAL_TIM_Base_Init
 .text.HAL_TIM_OC_Init
                0x08007c50       0x68 ./Drivers/STM32G0xx_HAL_Driver/Src/stm32g0xx_hal_tim.o
                0x08007c50                HAL_TIM_OC_Init
 .text.HAL_TIM_PWM_Init
                0x08007cb8       0x68 ./Drivers/STM32G0xx_HAL_Driver/Src/stm32g0xx_hal_tim.o
                0x08007cb8                HAL_TIM_PWM_Init
 .text.HAL_TIM_IC_Init
                0x08007d20       0x68 ./Drivers/STM32G0xx_HAL_Driver/Src/stm32g0xx_hal_tim.o
                0x08007d20                HAL_TIM_IC_Init
 .text.HAL_TIMEx_MasterConfigSynchronization
                0x08007d88       0x68 ./Drivers/STM32G0xx_HAL_Driver/Src/stm32g0xx_hal_tim_ex.o
                0x08007d88                HAL_TIMEx_MasterConfigSynchronization
 .text.HAL_TIMEx_ConfigBreakDeadTime
                0x08007df0       0xbc ./Drivers/STM32G0xx_HAL_Driver/Src/stm32g0xx_hal_tim_ex.o
                0x08007df0                HAL_TIMEx_ConfigBreakDeadTime
 .text.HAL_TIMEx_CommutCallback
                0x08007eac        0x2 ./Drivers/STM32G0xx_HAL_Driver/Src/stm32g0xx_hal_tim_ex.o
                0x08007eac                HAL_TIMEx_CommutCallback
 .text.HAL_TIMEx_CommutHalfCpltCallback
                0x08007eae        0x2 ./Drivers/STM32G0xx_HAL_Driver/Src/stm32g0xx_hal_tim_ex.o
                0x08007eae                HAL_TIMEx_CommutHalfCpltCallback
 .text.HAL_TIMEx_BreakCallback
                0x08007eb0        0x2 ./Drivers/STM32G0xx_HAL_Driver/Src/stm32g0xx_hal_tim_ex.o
                0x08007eb0                HAL_TIMEx_BreakCallback
 .text.HAL_TIMEx_Break2Callback
                0x08007eb2        0x2 ./Drivers/STM32G0xx_HAL_Driver/Src/stm32g0xx_hal_tim_ex.o
                0x08007eb2                HAL_TIMEx_Break2Callback
 .text.HAL_UARTEx_RxEventCallback
                0x08007eb4        0x2 ./Drivers/STM32G0xx_HAL_Driver/Src/stm32g0xx_hal_uart.o
                0x08007eb4                HAL_UARTEx_RxEventCallback
 *fill*         0x08007eb6        0x2 
 .text.UART_EndTxTransfer
                0x08007eb8       0x3c ./Drivers/STM32G0xx_HAL_Driver/Src/stm32g0xx_hal_uart.o
 .text.UART_EndRxTransfer
                0x08007ef4       0x64 ./Drivers/STM32G0xx_HAL_Driver/Src/stm32g0xx_hal_uart.o
 .text.UART_DMAReceiveCplt
                0x08007f58       0xa4 ./Drivers/STM32G0xx_HAL_Driver/Src/stm32g0xx_hal_uart.o
 .text.UART_DMARxHalfCplt
                0x08007ffc       0x28 ./Drivers/STM32G0xx_HAL_Driver/Src/stm32g0xx_hal_uart.o
 .text.UART_DMAError
                0x08008024       0x58 ./Drivers/STM32G0xx_HAL_Driver/Src/stm32g0xx_hal_uart.o
 .text.UART_DMAAbortOnError
                0x0800807c       0x1a ./Drivers/STM32G0xx_HAL_Driver/Src/stm32g0xx_hal_uart.o
 .text.HAL_UART_AbortReceiveCpltCallback
                0x08008096        0x2 ./Drivers/STM32G0xx_HAL_Driver/Src/stm32g0xx_hal_uart.o
                0x08008096                HAL_UART_AbortReceiveCpltCallback
 .text.HAL_UART_TxCpltCallback
                0x08008098        0x2 ./Drivers/STM32G0xx_HAL_Driver/Src/stm32g0xx_hal_uart.o
                0x08008098                HAL_UART_TxCpltCallback
 .text.HAL_UART_TxHalfCpltCallback
                0x0800809a        0x2 ./Drivers/STM32G0xx_HAL_Driver/Src/stm32g0xx_hal_uart.o
                0x0800809a                HAL_UART_TxHalfCpltCallback
 .text.HAL_UART_RxCpltCallback
                0x0800809c        0x2 ./Drivers/STM32G0xx_HAL_Driver/Src/stm32g0xx_hal_uart.o
                0x0800809c                HAL_UART_RxCpltCallback
 .text.HAL_UART_RxHalfCpltCallback
                0x0800809e        0x2 ./Drivers/STM32G0xx_HAL_Driver/Src/stm32g0xx_hal_uart.o
                0x0800809e                HAL_UART_RxHalfCpltCallback
 .text.HAL_UART_ErrorCallback
                0x080080a0        0x2 ./Drivers/STM32G0xx_HAL_Driver/Src/stm32g0xx_hal_uart.o
                0x080080a0                HAL_UART_ErrorCallback
 .text.HAL_UART_AbortCpltCallback
                0x080080a2        0x2 ./Drivers/STM32G0xx_HAL_Driver/Src/stm32g0xx_hal_uart.o
                0x080080a2                HAL_UART_AbortCpltCallback
 .text.HAL_UART_AbortTransmitCpltCallback
                0x080080a4        0x2 ./Drivers/STM32G0xx_HAL_Driver/Src/stm32g0xx_hal_uart.o
                0x080080a4                HAL_UART_AbortTransmitCpltCallback
 .text.HAL_UART_RegisterCallback
                0x080080a6       0x7e ./Drivers/STM32G0xx_HAL_Driver/Src/stm32g0xx_hal_uart.o
                0x080080a6                HAL_UART_RegisterCallback
 .text.HAL_UART_IRQHandler
                0x08008124      0x340 ./Drivers/STM32G0xx_HAL_Driver/Src/stm32g0xx_hal_uart.o
                0x08008124                HAL_UART_IRQHandler
 .text.UART_InitCallbacksToDefault
                0x08008464       0x68 ./Drivers/STM32G0xx_HAL_Driver/Src/stm32g0xx_hal_uart.o
                0x08008464                UART_InitCallbacksToDefault
 .text.UART_SetConfig
                0x080084cc      0x1e4 ./Drivers/STM32G0xx_HAL_Driver/Src/stm32g0xx_hal_uart.o
                0x080084cc                UART_SetConfig
 .text.UART_AdvFeatureConfig
                0x080086b0       0xd0 ./Drivers/STM32G0xx_HAL_Driver/Src/stm32g0xx_hal_uart.o
                0x080086b0                UART_AdvFeatureConfig
 .text.UART_WaitOnFlagUntilTimeout
                0x08008780       0x92 ./Drivers/STM32G0xx_HAL_Driver/Src/stm32g0xx_hal_uart.o
                0x08008780                UART_WaitOnFlagUntilTimeout
 *fill*         0x08008812        0x2 
 .text.UART_CheckIdleState
                0x08008814       0xc8 ./Drivers/STM32G0xx_HAL_Driver/Src/stm32g0xx_hal_uart.o
                0x08008814                UART_CheckIdleState
 .text.HAL_UART_Init
                0x080088dc       0x80 ./Drivers/STM32G0xx_HAL_Driver/Src/stm32g0xx_hal_uart.o
                0x080088dc                HAL_UART_Init
 .text.UART_Start_Receive_DMA
                0x0800895c       0xac ./Drivers/STM32G0xx_HAL_Driver/Src/stm32g0xx_hal_uart.o
                0x0800895c                UART_Start_Receive_DMA
 .text.HAL_UART_Receive_DMA
                0x08008a08       0x68 ./Drivers/STM32G0xx_HAL_Driver/Src/stm32g0xx_hal_uart.o
                0x08008a08                HAL_UART_Receive_DMA
 .text.HAL_UARTEx_WakeupCallback
                0x08008a70        0x2 ./Drivers/STM32G0xx_HAL_Driver/Src/stm32g0xx_hal_uart_ex.o
                0x08008a70                HAL_UARTEx_WakeupCallback
 .text.HAL_UARTEx_RxFifoFullCallback
                0x08008a72        0x2 ./Drivers/STM32G0xx_HAL_Driver/Src/stm32g0xx_hal_uart_ex.o
                0x08008a72                HAL_UARTEx_RxFifoFullCallback
 .text.HAL_UARTEx_TxFifoEmptyCallback
                0x08008a74        0x2 ./Drivers/STM32G0xx_HAL_Driver/Src/stm32g0xx_hal_uart_ex.o
                0x08008a74                HAL_UARTEx_TxFifoEmptyCallback
 .text.memset   0x08008a76       0x10 /Applications/STM32CubeIDE.app/Contents/Eclipse/plugins/com.st.stm32cube.ide.mcu.externaltools.gnu-tools-for-stm32.13.3.rel1.macos64_1.0.0.202411102158/tools/bin/../lib/gcc/arm-none-eabi/13.3.1/../../../../arm-none-eabi/lib/thumb/v6-m/nofp/libc_nano.a(libc_a-memset.o)
                0x08008a76                memset
 *fill*         0x08008a86        0x2 
 .text.__libc_init_array
                0x08008a88       0x48 /Applications/STM32CubeIDE.app/Contents/Eclipse/plugins/com.st.stm32cube.ide.mcu.externaltools.gnu-tools-for-stm32.13.3.rel1.macos64_1.0.0.202411102158/tools/bin/../lib/gcc/arm-none-eabi/13.3.1/../../../../arm-none-eabi/lib/thumb/v6-m/nofp/libc_nano.a(libc_a-init.o)
                0x08008a88                __libc_init_array
 .text.memcpy   0x08008ad0       0x12 /Applications/STM32CubeIDE.app/Contents/Eclipse/plugins/com.st.stm32cube.ide.mcu.externaltools.gnu-tools-for-stm32.13.3.rel1.macos64_1.0.0.202411102158/tools/bin/../lib/gcc/arm-none-eabi/13.3.1/../../../../arm-none-eabi/lib/thumb/v6-m/nofp/libc_nano.a(libc_a-memcpy-stub.o)
                0x08008ad0                memcpy
 *(.glue_7)
 .glue_7        0x08008ae2        0x0 linker stubs
 *(.glue_7t)
 .glue_7t       0x08008ae2        0x0 linker stubs
 *(.eh_frame)
 *fill*         0x08008ae2        0x2 
 .eh_frame      0x08008ae4        0x0 /Applications/STM32CubeIDE.app/Contents/Eclipse/plugins/com.st.stm32cube.ide.mcu.externaltools.gnu-tools-for-stm32.13.3.rel1.macos64_1.0.0.202411102158/tools/bin/../lib/gcc/arm-none-eabi/13.3.1/thumb/v6-m/nofp/crtbegin.o
 *(.init)
 .init          0x08008ae4        0x4 /Applications/STM32CubeIDE.app/Contents/Eclipse/plugins/com.st.stm32cube.ide.mcu.externaltools.gnu-tools-for-stm32.13.3.rel1.macos64_1.0.0.202411102158/tools/bin/../lib/gcc/arm-none-eabi/13.3.1/thumb/v6-m/nofp/crti.o
                0x08008ae4                _init
 .init          0x08008ae8        0x8 /Applications/STM32CubeIDE.app/Contents/Eclipse/plugins/com.st.stm32cube.ide.mcu.externaltools.gnu-tools-for-stm32.13.3.rel1.macos64_1.0.0.202411102158/tools/bin/../lib/gcc/arm-none-eabi/13.3.1/thumb/v6-m/nofp/crtn.o
 *(.fini)
 .fini          0x08008af0        0x4 /Applications/STM32CubeIDE.app/Contents/Eclipse/plugins/com.st.stm32cube.ide.mcu.externaltools.gnu-tools-for-stm32.13.3.rel1.macos64_1.0.0.202411102158/tools/bin/../lib/gcc/arm-none-eabi/13.3.1/thumb/v6-m/nofp/crti.o
                0x08008af0                _fini
 .fini          0x08008af4        0x8 /Applications/STM32CubeIDE.app/Contents/Eclipse/plugins/com.st.stm32cube.ide.mcu.externaltools.gnu-tools-for-stm32.13.3.rel1.macos64_1.0.0.202411102158/tools/bin/../lib/gcc/arm-none-eabi/13.3.1/thumb/v6-m/nofp/crtn.o
 *fill*         0x08008afc        0x4 
 .fini.__stub   0x08008b00       0x10 linker stubs
                0x08008b10                        . = ALIGN (0x4)
                0x08008b10                        _etext = .

.vfp11_veneer   0x08008b10        0x0
 .vfp11_veneer  0x08008b10        0x0 linker stubs

.v4_bx          0x08008b10        0x0
 .v4_bx         0x08008b10        0x0 linker stubs

.iplt           0x08008b10        0x0
 .iplt          0x08008b10        0x0 /Applications/STM32CubeIDE.app/Contents/Eclipse/plugins/com.st.stm32cube.ide.mcu.externaltools.gnu-tools-for-stm32.13.3.rel1.macos64_1.0.0.202411102158/tools/bin/../lib/gcc/arm-none-eabi/13.3.1/thumb/v6-m/nofp/crtbegin.o

.rodata         0x08008b10      0x8a0
                0x08008b10                        . = ALIGN (0x4)
 *(.rodata)
 .rodata        0x08008b10       0x10 ./Core/Src/CC_and_PC.o
 *(.rodata*)
 .rodata.factory_preset_3
                0x08008b20        0x5 ./Core/Src/CC_and_PC.o
                0x08008b20                factory_preset_3
 .rodata.factory_preset_2
                0x08008b25        0x5 ./Core/Src/CC_and_PC.o
                0x08008b25                factory_preset_2
 .rodata.factory_preset_1
                0x08008b2a        0x5 ./Core/Src/CC_and_PC.o
                0x08008b2a                factory_preset_1
 .rodata.factory_preset_0
                0x08008b2f        0x5 ./Core/Src/CC_and_PC.o
                0x08008b2f                factory_preset_0
 .rodata.num_ADC_conversions
                0x08008b34        0x1 ./Core/Src/oscillator.o
                0x08008b34                num_ADC_conversions
 *fill*         0x08008b35        0x1 
 .rodata.tri_wavetable
                0x08008b36      0x400 ./Core/Src/oscillator.o
                0x08008b36                tri_wavetable
 .rodata.sine_wavetable
                0x08008f36      0x400 ./Core/Src/oscillator.o
                0x08008f36                sine_wavetable
 *fill*         0x08009336        0x2 
 .rodata.APBPrescTable
                0x08009338       0x20 ./Core/Src/system_stm32g0xx.o
                0x08009338                APBPrescTable
 .rodata.AHBPrescTable
                0x08009358       0x40 ./Core/Src/system_stm32g0xx.o
                0x08009358                AHBPrescTable
 .rodata.UARTPrescTable
                0x08009398       0x18 ./Drivers/STM32G0xx_HAL_Driver/Src/stm32g0xx_hal_uart.o
                0x08009398                UARTPrescTable
                0x080093b0                        . = ALIGN (0x4)

.ARM.extab      0x080093b0        0x0
                0x080093b0                        . = ALIGN (0x4)
 *(.ARM.extab* .gnu.linkonce.armextab.*)
                0x080093b0                        . = ALIGN (0x4)

.ARM            0x080093b0        0x8
                0x080093b0                        . = ALIGN (0x4)
                0x080093b0                        __exidx_start = .
 *(.ARM.exidx*)
 .ARM.exidx     0x080093b0        0x8 /Applications/STM32CubeIDE.app/Contents/Eclipse/plugins/com.st.stm32cube.ide.mcu.externaltools.gnu-tools-for-stm32.13.3.rel1.macos64_1.0.0.202411102158/tools/bin/../lib/gcc/arm-none-eabi/13.3.1/thumb/v6-m/nofp/libgcc.a(_udivmoddi4.o)
                0x080093b8                        __exidx_end = .
                0x080093b8                        . = ALIGN (0x4)

.preinit_array  0x080093b8        0x0
                0x080093b8                        . = ALIGN (0x4)
                0x080093b8                        PROVIDE (__preinit_array_start = .)
 *(.preinit_array*)
                0x080093b8                        PROVIDE (__preinit_array_end = .)
                0x080093b8                        . = ALIGN (0x4)

.init_array     0x080093b8        0x4
                0x080093b8                        . = ALIGN (0x4)
                0x080093b8                        PROVIDE (__init_array_start = .)
 *(SORT_BY_NAME(.init_array.*))
 *(.init_array*)
 .init_array    0x080093b8        0x4 /Applications/STM32CubeIDE.app/Contents/Eclipse/plugins/com.st.stm32cube.ide.mcu.externaltools.gnu-tools-for-stm32.13.3.rel1.macos64_1.0.0.202411102158/tools/bin/../lib/gcc/arm-none-eabi/13.3.1/thumb/v6-m/nofp/crtbegin.o
                0x080093bc                        PROVIDE (__init_array_end = .)
                0x080093bc                        . = ALIGN (0x4)

.fini_array     0x080093bc        0x4
                0x080093bc                        . = ALIGN (0x4)
                [!provide]                        PROVIDE (__fini_array_start = .)
 *(SORT_BY_NAME(.fini_array.*))
 *(.fini_array*)
 .fini_array    0x080093bc        0x4 /Applications/STM32CubeIDE.app/Contents/Eclipse/plugins/com.st.stm32cube.ide.mcu.externaltools.gnu-tools-for-stm32.13.3.rel1.macos64_1.0.0.202411102158/tools/bin/../lib/gcc/arm-none-eabi/13.3.1/thumb/v6-m/nofp/crtbegin.o
                [!provide]                        PROVIDE (__fini_array_end = .)
                0x080093c0                        . = ALIGN (0x4)
                0x080093c0                        _sidata = LOADADDR (.data)

.rel.dyn        0x080093c0        0x0
 .rel.iplt      0x080093c0        0x0 /Applications/STM32CubeIDE.app/Contents/Eclipse/plugins/com.st.stm32cube.ide.mcu.externaltools.gnu-tools-for-stm32.13.3.rel1.macos64_1.0.0.202411102158/tools/bin/../lib/gcc/arm-none-eabi/13.3.1/thumb/v6-m/nofp/crtbegin.o

.data           0x20000000      0x474 load address 0x080093c0
                0x20000000                        . = ALIGN (0x4)
                0x20000000                        _sdata = .
 *(.data)
 *(.data*)
 .data.user_preset_3
                0x20000000        0x5 ./Core/Src/CC_and_PC.o
                0x20000000                user_preset_3
 .data.user_preset_2
                0x20000005        0x5 ./Core/Src/CC_and_PC.o
                0x20000005                user_preset_2
 .data.user_preset_1
                0x2000000a        0x5 ./Core/Src/CC_and_PC.o
                0x2000000a                user_preset_1
 .data.user_preset_0
                0x2000000f        0x5 ./Core/Src/CC_and_PC.o
                0x2000000f                user_preset_0
 .data.led_blink_period
                0x20000014        0x4 ./Core/Src/LED.o
                0x20000014                led_blink_period
 .data.tap_tempo_switch_state_counter.1
                0x20000018        0x1 ./Core/Src/checking_functions.o
 .data.preset.4
                0x20000019        0x1 ./Core/Src/custom_callbacks.o
 .data.delay_line
                0x2000001a      0x406 ./Core/Src/oscillator.o
                0x2000001a                delay_line
 .data.LED_fsm  0x20000420        0x2 ./Core/Src/state_machine.o
                0x20000420                LED_fsm
 .data.IP_CAP_fsm
                0x20000422        0x2 ./Core/Src/state_machine.o
                0x20000422                IP_CAP_fsm
 .data.phase_fsm
                0x20000424        0x2 ./Core/Src/state_machine.o
                0x20000424                phase_fsm
 .data.symmetry_fsm
                0x20000426        0x2 ./Core/Src/state_machine.o
                0x20000426                symmetry_fsm
 .data.waveshape_fsm
                0x20000428        0x2 ./Core/Src/state_machine.o
                0x20000428                waveshape_fsm
 .data.depth_fsm
                0x2000042a        0x2 ./Core/Src/state_machine.o
                0x2000042a                depth_fsm
 .data.speed_fsm
                0x2000042c        0x2 ./Core/Src/state_machine.o
                0x2000042c                speed_fsm
 *fill*         0x2000042e        0x2 
 .data.SystemCoreClock
                0x20000430        0x4 ./Core/Src/system_stm32g0xx.o
                0x20000430                SystemCoreClock
 .data.uwTickFreq
                0x20000434        0x1 ./Drivers/STM32G0xx_HAL_Driver/Src/stm32g0xx_hal.o
                0x20000434                uwTickFreq
 *fill*         0x20000435        0x3 
 .data.uwTickPrio
                0x20000438        0x4 ./Drivers/STM32G0xx_HAL_Driver/Src/stm32g0xx_hal.o
                0x20000438                uwTickPrio
 *(.RamFunc)
 .RamFunc       0x2000043c       0x38 ./Drivers/STM32G0xx_HAL_Driver/Src/stm32g0xx_hal_flash.o
 *(.RamFunc*)
                0x20000474                        . = ALIGN (0x4)
                0x20000474                        _edata = .

.igot.plt       0x20000474        0x0 load address 0x08009834
 .igot.plt      0x20000474        0x0 /Applications/STM32CubeIDE.app/Contents/Eclipse/plugins/com.st.stm32cube.ide.mcu.externaltools.gnu-tools-for-stm32.13.3.rel1.macos64_1.0.0.202411102158/tools/bin/../lib/gcc/arm-none-eabi/13.3.1/thumb/v6-m/nofp/crtbegin.o
                0x20000474                        . = ALIGN (0x4)

.bss            0x20000478      0x8d4 load address 0x08009834
                0x20000478                        _sbss = .
                0x20000478                        __bss_start__ = _sbss
 *(.bss)
 .bss           0x20000478       0x1c /Applications/STM32CubeIDE.app/Contents/Eclipse/plugins/com.st.stm32cube.ide.mcu.externaltools.gnu-tools-for-stm32.13.3.rel1.macos64_1.0.0.202411102158/tools/bin/../lib/gcc/arm-none-eabi/13.3.1/thumb/v6-m/nofp/crtbegin.o
 *(.bss*)
 .bss.CC_array  0x20000494        0x5 ./Core/Src/CC_and_PC.o
                0x20000494                CC_array
 .bss.user_presets_used_array
                0x20000499        0x4 ./Core/Src/CC_and_PC.o
                0x20000499                user_presets_used_array
 .bss.storage_user_preset_3
                0x2000049d        0x5 ./Core/Src/CC_and_PC.o
                0x2000049d                storage_user_preset_3
 .bss.storage_user_preset_2
                0x200004a2        0x5 ./Core/Src/CC_and_PC.o
                0x200004a2                storage_user_preset_2
 .bss.storage_user_preset_1
                0x200004a7        0x5 ./Core/Src/CC_and_PC.o
                0x200004a7                storage_user_preset_1
 .bss.storage_user_preset_0
                0x200004ac        0x5 ./Core/Src/CC_and_PC.o
                0x200004ac                storage_user_preset_0
 .bss.preset_selected
                0x200004b1        0x1 ./Core/Src/CC_and_PC.o
                0x200004b1                preset_selected
 *fill*         0x200004b2        0x2 
 .bss.storage_user_presets_array
                0x200004b4       0x10 ./Core/Src/CC_and_PC.o
                0x200004b4                storage_user_presets_array
 .bss.presets_converted_array
                0x200004c4       0x28 ./Core/Src/CC_and_PC.o
                0x200004c4                presets_converted_array
 .bss.user_presets_array
                0x200004ec       0x10 ./Core/Src/CC_and_PC.o
                0x200004ec                user_presets_array
 .bss.factory_presets_array
                0x200004fc       0x10 ./Core/Src/CC_and_PC.o
                0x200004fc                factory_presets_array
 .bss.LED_counter
                0x2000050c        0x1 ./Core/Src/LED.o
                0x2000050c                LED_counter
 .bss.MIDI_data
                0x2000050d        0xa ./Core/Src/MIDI.o
                0x2000050d                MIDI_data
 .bss.running_status_byte
                0x20000517        0x1 ./Core/Src/MIDI.o
                0x20000517                running_status_byte
 .bss.active_status_byte
                0x20000518        0x1 ./Core/Src/MIDI.o
                0x20000518                active_status_byte
 .bss.MIDI_basic_channel
                0x20000519        0x1 ./Core/Src/MIDI.o
                0x20000519                MIDI_basic_channel
 .bss.rx_buffer
                0x2000051a        0x1 ./Core/Src/UART.o
                0x2000051a                rx_buffer
 *fill*         0x2000051b        0x1 
 .bss.first_waveshape_measurement.11
                0x2000051c        0x2 ./Core/Src/checking_functions.o
 .bss.second_waveshape_measurement.10
                0x2000051e        0x2 ./Core/Src/checking_functions.o
 .bss.first_speed_measurement.9
                0x20000520        0x2 ./Core/Src/checking_functions.o
 .bss.second_speed_measurement.8
                0x20000522        0x2 ./Core/Src/checking_functions.o
 .bss.first_depth_measurement.7
                0x20000524        0x2 ./Core/Src/checking_functions.o
 .bss.second_depth_measurement.6
                0x20000526        0x2 ./Core/Src/checking_functions.o
 .bss.first_symmetry_measurement.5
                0x20000528        0x2 ./Core/Src/checking_functions.o
 .bss.second_symmetry_measurement.4
                0x2000052a        0x2 ./Core/Src/checking_functions.o
 .bss.first_phase_measurement.3
                0x2000052c        0x2 ./Core/Src/checking_functions.o
 .bss.second_phase_measurement.2
                0x2000052e        0x2 ./Core/Src/checking_functions.o
 .bss.extend_rising_edge.0
                0x20000530        0x1 ./Core/Src/checking_functions.o
 .bss.pots_counter
                0x20000531        0x1 ./Core/Src/checking_functions.o
                0x20000531                pots_counter
 .bss.phase_pot_adc_measurement_num
                0x20000532        0x1 ./Core/Src/checking_functions.o
                0x20000532                phase_pot_adc_measurement_num
 .bss.symmetry_pot_adc_measurement_num
                0x20000533        0x1 ./Core/Src/checking_functions.o
                0x20000533                symmetry_pot_adc_measurement_num
 .bss.depth_pot_adc_measurement_num
                0x20000534        0x1 ./Core/Src/checking_functions.o
                0x20000534                depth_pot_adc_measurement_num
 .bss.speed_pot_adc_measurement_num
                0x20000535        0x1 ./Core/Src/checking_functions.o
                0x20000535                speed_pot_adc_measurement_num
 .bss.waveshape_pot_adc_measurement_num
                0x20000536        0x1 ./Core/Src/checking_functions.o
                0x20000536                waveshape_pot_adc_measurement_num
 *fill*         0x20000537        0x1 
 .bss.hlptim1   0x20000538       0x5c ./Core/Src/config.o
                0x20000538                hlptim1
 .bss.hdma_usart2_tx
                0x20000594       0x5c ./Core/Src/config.o
                0x20000594                hdma_usart2_tx
 .bss.hdma_usart2_rx
                0x200005f0       0x5c ./Core/Src/config.o
                0x200005f0                hdma_usart2_rx
 .bss.huart2    0x2000064c       0xcc ./Core/Src/config.o
                0x2000064c                huart2
 .bss.htim1     0x20000718       0xbc ./Core/Src/config.o
                0x20000718                htim1
 .bss.htim3     0x200007d4       0xbc ./Core/Src/config.o
                0x200007d4                htim3
 .bss.htim2     0x20000890       0xbc ./Core/Src/config.o
                0x20000890                htim2
 .bss.htim16    0x2000094c       0xbc ./Core/Src/config.o
                0x2000094c                htim16
 .bss.htim17    0x20000a08       0xbc ./Core/Src/config.o
                0x20000a08                htim17
 .bss.htim14    0x20000ac4       0xbc ./Core/Src/config.o
                0x20000ac4                htim14
 .bss.hdma_adc1
                0x20000b80       0x5c ./Core/Src/config.o
                0x20000b80                hdma_adc1
 .bss.hadc1     0x20000bdc       0x88 ./Core/Src/config.o
                0x20000bdc                hadc1
 .bss.save_or_preset_mode_engaged.6
                0x20000c64        0x1 ./Core/Src/custom_callbacks.o
 .bss.tap_tempo_switch_states.5
                0x20000c65        0x2 ./Core/Src/custom_callbacks.o
 .bss.preset_save_mode_is_active.3
                0x20000c67        0x1 ./Core/Src/custom_callbacks.o
 .bss.preset_select_mode_is_active.2
                0x20000c68        0x1 ./Core/Src/custom_callbacks.o
 .bss.led_state_saved.1
                0x20000c69        0x1 ./Core/Src/custom_callbacks.o
 *fill*         0x20000c6a        0x6 
 .bss.depressed_num.0
                0x20000c70        0x8 ./Core/Src/custom_callbacks.o
 .bss.MIDI_CLK_tag
                0x20000c78        0x1 ./Core/Src/input_capture.o
                0x20000c78                MIDI_CLK_tag
 *fill*         0x20000c79        0x1 
 .bss.interrupt_period
                0x20000c7a        0x2 ./Core/Src/input_capture.o
                0x20000c7a                interrupt_period
 .bss.TIM2_ch1_input_capture_value
                0x20000c7c        0x4 ./Core/Src/input_capture.o
                0x20000c7c                TIM2_ch1_input_capture_value
 .bss.params_working
                0x20000c80       0x24 ./Core/Src/oscillator.o
                0x20000c80                params_working
 .bss.params_to_be_loaded
                0x20000ca4       0x24 ./Core/Src/oscillator.o
                0x20000ca4                params_to_be_loaded
 .bss.params_manual
                0x20000cc8       0x24 ./Core/Src/oscillator.o
                0x20000cc8                params_manual
 .bss.params    0x20000cec       0x24 ./Core/Src/oscillator.o
                0x20000cec                params
 .bss.ADCResultsDMA
                0x20000d10        0xa ./Core/Src/oscillator.o
                0x20000d10                ADCResultsDMA
 .bss.MIDI_CLK_fsm
                0x20000d1a        0x1 ./Core/Src/state_machine.o
                0x20000d1a                MIDI_CLK_fsm
 *fill*         0x20000d1b        0x1 
 .bss.preset_save_idle_counter
                0x20000d1c        0x4 ./Core/Src/timers.o
                0x20000d1c                preset_save_idle_counter
 .bss.midi_counter
                0x20000d20        0x4 ./Core/Src/timers.o
                0x20000d20                midi_counter
 .bss.idle_counter
                0x20000d24        0x4 ./Core/Src/timers.o
                0x20000d24                idle_counter
 .bss.statuses  0x20000d28        0x4 ./Core/Src/timers.o
                0x20000d28                statuses
 .bss.uwTick    0x20000d2c        0x4 ./Drivers/STM32G0xx_HAL_Driver/Src/stm32g0xx_hal.o
                0x20000d2c                uwTick
 .bss.pFlash    0x20000d30       0x1c ./Drivers/STM32G0xx_HAL_Driver/Src/stm32g0xx_hal_flash.o
                0x20000d30                pFlash
 *(COMMON)
                0x20000d4c                        . = ALIGN (0x4)
                0x20000d4c                        _ebss = .
                0x20000d4c                        __bss_end__ = _ebss

._user_heap_stack
                0x20000d4c      0x604 load address 0x08009834
                0x20000d50                        . = ALIGN (0x8)
 *fill*         0x20000d4c        0x4 
                [!provide]                        PROVIDE (end = .)
                0x20000d50                        PROVIDE (_end = .)
                0x20000f50                        . = (. + _Min_Heap_Size)
 *fill*         0x20000d50      0x200 
                0x20001350                        . = (. + _Min_Stack_Size)
 *fill*         0x20000f50      0x400 
                0x20001350                        . = ALIGN (0x8)

/DISCARD/
 libc.a(*)
 libm.a(*)
 libgcc.a(*)

.ARM.attributes
                0x00000000       0x28
 *(.ARM.attributes)
 .ARM.attributes
                0x00000000       0x1e /Applications/STM32CubeIDE.app/Contents/Eclipse/plugins/com.st.stm32cube.ide.mcu.externaltools.gnu-tools-for-stm32.13.3.rel1.macos64_1.0.0.202411102158/tools/bin/../lib/gcc/arm-none-eabi/13.3.1/thumb/v6-m/nofp/crti.o
 .ARM.attributes
                0x0000001e       0x2c /Applications/STM32CubeIDE.app/Contents/Eclipse/plugins/com.st.stm32cube.ide.mcu.externaltools.gnu-tools-for-stm32.13.3.rel1.macos64_1.0.0.202411102158/tools/bin/../lib/gcc/arm-none-eabi/13.3.1/thumb/v6-m/nofp/crtbegin.o
 .ARM.attributes
                0x0000004a       0x2c ./Core/Src/CC_and_PC.o
 .ARM.attributes
                0x00000076       0x2c ./Core/Src/LED.o
 .ARM.attributes
                0x000000a2       0x2c ./Core/Src/MIDI.o
 .ARM.attributes
                0x000000ce       0x2c ./Core/Src/UART.o
 .ARM.attributes
                0x000000fa       0x2c ./Core/Src/checking_functions.o
 .ARM.attributes
                0x00000126       0x2c ./Core/Src/config.o
 .ARM.attributes
                0x00000152       0x2c ./Core/Src/custom_callbacks.o
 .ARM.attributes
                0x0000017e       0x2c ./Core/Src/input_capture.o
 .ARM.attributes
                0x000001aa       0x2c ./Core/Src/main.o
 .ARM.attributes
                0x000001d6       0x2c ./Core/Src/oscillator.o
 .ARM.attributes
                0x00000202       0x2c ./Core/Src/startup.o
 .ARM.attributes
                0x0000022e       0x2c ./Core/Src/state_machine.o
 .ARM.attributes
                0x0000025a       0x2c ./Core/Src/stm32g0xx_hal_msp.o
 .ARM.attributes
                0x00000286       0x2c ./Core/Src/stm32g0xx_it.o
 .ARM.attributes
                0x000002b2       0x2c ./Core/Src/symmetry_adjustment.o
 .ARM.attributes
                0x000002de       0x2c ./Core/Src/system_stm32g0xx.o
 .ARM.attributes
                0x0000030a       0x2c ./Core/Src/timers.o
 .ARM.attributes
                0x00000336       0x2c ./Core/Src/utility.o
 .ARM.attributes
                0x00000362       0x22 ./Core/Startup/startup_stm32g031k8tx.o
 .ARM.attributes
                0x00000384       0x2c ./Drivers/STM32G0xx_HAL_Driver/Src/stm32g0xx_hal.o
 .ARM.attributes
                0x000003b0       0x2c ./Drivers/STM32G0xx_HAL_Driver/Src/stm32g0xx_hal_adc.o
 .ARM.attributes
                0x000003dc       0x2c ./Drivers/STM32G0xx_HAL_Driver/Src/stm32g0xx_hal_adc_ex.o
 .ARM.attributes
                0x00000408       0x2c ./Drivers/STM32G0xx_HAL_Driver/Src/stm32g0xx_hal_cortex.o
 .ARM.attributes
                0x00000434       0x2c ./Drivers/STM32G0xx_HAL_Driver/Src/stm32g0xx_hal_dma.o
 .ARM.attributes
                0x00000460       0x2c ./Drivers/STM32G0xx_HAL_Driver/Src/stm32g0xx_hal_flash.o
 .ARM.attributes
                0x0000048c       0x2c ./Drivers/STM32G0xx_HAL_Driver/Src/stm32g0xx_hal_flash_ex.o
 .ARM.attributes
                0x000004b8       0x2c ./Drivers/STM32G0xx_HAL_Driver/Src/stm32g0xx_hal_gpio.o
 .ARM.attributes
                0x000004e4       0x2c ./Drivers/STM32G0xx_HAL_Driver/Src/stm32g0xx_hal_lptim.o
 .ARM.attributes
                0x00000510       0x2c ./Drivers/STM32G0xx_HAL_Driver/Src/stm32g0xx_hal_pwr_ex.o
 .ARM.attributes
                0x0000053c       0x2c ./Drivers/STM32G0xx_HAL_Driver/Src/stm32g0xx_hal_rcc.o
 .ARM.attributes
                0x00000568       0x2c ./Drivers/STM32G0xx_HAL_Driver/Src/stm32g0xx_hal_rcc_ex.o
 .ARM.attributes
                0x00000594       0x2c ./Drivers/STM32G0xx_HAL_Driver/Src/stm32g0xx_hal_tim.o
 .ARM.attributes
                0x000005c0       0x2c ./Drivers/STM32G0xx_HAL_Driver/Src/stm32g0xx_hal_tim_ex.o
 .ARM.attributes
                0x000005ec       0x2c ./Drivers/STM32G0xx_HAL_Driver/Src/stm32g0xx_hal_uart.o
 .ARM.attributes
                0x00000618       0x2c ./Drivers/STM32G0xx_HAL_Driver/Src/stm32g0xx_hal_uart_ex.o
 .ARM.attributes
                0x00000644       0x2c /Applications/STM32CubeIDE.app/Contents/Eclipse/plugins/com.st.stm32cube.ide.mcu.externaltools.gnu-tools-for-stm32.13.3.rel1.macos64_1.0.0.202411102158/tools/bin/../lib/gcc/arm-none-eabi/13.3.1/../../../../arm-none-eabi/lib/thumb/v6-m/nofp/libc_nano.a(libc_a-memset.o)
 .ARM.attributes
                0x00000670       0x2c /Applications/STM32CubeIDE.app/Contents/Eclipse/plugins/com.st.stm32cube.ide.mcu.externaltools.gnu-tools-for-stm32.13.3.rel1.macos64_1.0.0.202411102158/tools/bin/../lib/gcc/arm-none-eabi/13.3.1/../../../../arm-none-eabi/lib/thumb/v6-m/nofp/libc_nano.a(libc_a-init.o)
 .ARM.attributes
                0x0000069c       0x2c /Applications/STM32CubeIDE.app/Contents/Eclipse/plugins/com.st.stm32cube.ide.mcu.externaltools.gnu-tools-for-stm32.13.3.rel1.macos64_1.0.0.202411102158/tools/bin/../lib/gcc/arm-none-eabi/13.3.1/../../../../arm-none-eabi/lib/thumb/v6-m/nofp/libc_nano.a(libc_a-memcpy-stub.o)
 .ARM.attributes
                0x000006c8       0x1e /Applications/STM32CubeIDE.app/Contents/Eclipse/plugins/com.st.stm32cube.ide.mcu.externaltools.gnu-tools-for-stm32.13.3.rel1.macos64_1.0.0.202411102158/tools/bin/../lib/gcc/arm-none-eabi/13.3.1/thumb/v6-m/nofp/libgcc.a(_thumb1_case_sqi.o)
 .ARM.attributes
                0x000006e6       0x1e /Applications/STM32CubeIDE.app/Contents/Eclipse/plugins/com.st.stm32cube.ide.mcu.externaltools.gnu-tools-for-stm32.13.3.rel1.macos64_1.0.0.202411102158/tools/bin/../lib/gcc/arm-none-eabi/13.3.1/thumb/v6-m/nofp/libgcc.a(_thumb1_case_uqi.o)
 .ARM.attributes
                0x00000704       0x1e /Applications/STM32CubeIDE.app/Contents/Eclipse/plugins/com.st.stm32cube.ide.mcu.externaltools.gnu-tools-for-stm32.13.3.rel1.macos64_1.0.0.202411102158/tools/bin/../lib/gcc/arm-none-eabi/13.3.1/thumb/v6-m/nofp/libgcc.a(_udivsi3.o)
 .ARM.attributes
                0x00000722       0x1e /Applications/STM32CubeIDE.app/Contents/Eclipse/plugins/com.st.stm32cube.ide.mcu.externaltools.gnu-tools-for-stm32.13.3.rel1.macos64_1.0.0.202411102158/tools/bin/../lib/gcc/arm-none-eabi/13.3.1/thumb/v6-m/nofp/libgcc.a(_dvmd_tls.o)
 .ARM.attributes
                0x00000740       0x1e /Applications/STM32CubeIDE.app/Contents/Eclipse/plugins/com.st.stm32cube.ide.mcu.externaltools.gnu-tools-for-stm32.13.3.rel1.macos64_1.0.0.202411102158/tools/bin/../lib/gcc/arm-none-eabi/13.3.1/thumb/v6-m/nofp/libgcc.a(_ashldi3.o)
 .ARM.attributes
                0x0000075e       0x1e /Applications/STM32CubeIDE.app/Contents/Eclipse/plugins/com.st.stm32cube.ide.mcu.externaltools.gnu-tools-for-stm32.13.3.rel1.macos64_1.0.0.202411102158/tools/bin/../lib/gcc/arm-none-eabi/13.3.1/thumb/v6-m/nofp/libgcc.a(_aeabi_uldivmod.o)
 .ARM.attributes
                0x0000077c       0x2c /Applications/STM32CubeIDE.app/Contents/Eclipse/plugins/com.st.stm32cube.ide.mcu.externaltools.gnu-tools-for-stm32.13.3.rel1.macos64_1.0.0.202411102158/tools/bin/../lib/gcc/arm-none-eabi/13.3.1/thumb/v6-m/nofp/libgcc.a(_udivmoddi4.o)
 .ARM.attributes
                0x000007a8       0x1e /Applications/STM32CubeIDE.app/Contents/Eclipse/plugins/com.st.stm32cube.ide.mcu.externaltools.gnu-tools-for-stm32.13.3.rel1.macos64_1.0.0.202411102158/tools/bin/../lib/gcc/arm-none-eabi/13.3.1/thumb/v6-m/nofp/libgcc.a(_clzdi2.o)
 .ARM.attributes
                0x000007c6       0x1e /Applications/STM32CubeIDE.app/Contents/Eclipse/plugins/com.st.stm32cube.ide.mcu.externaltools.gnu-tools-for-stm32.13.3.rel1.macos64_1.0.0.202411102158/tools/bin/../lib/gcc/arm-none-eabi/13.3.1/thumb/v6-m/nofp/libgcc.a(_clzsi2.o)
 .ARM.attributes
                0x000007e4       0x1e /Applications/STM32CubeIDE.app/Contents/Eclipse/plugins/com.st.stm32cube.ide.mcu.externaltools.gnu-tools-for-stm32.13.3.rel1.macos64_1.0.0.202411102158/tools/bin/../lib/gcc/arm-none-eabi/13.3.1/thumb/v6-m/nofp/crtn.o
OUTPUT(g031k8.elf elf32-littlearm)
LOAD linker stubs
LOAD /Applications/STM32CubeIDE.app/Contents/Eclipse/plugins/com.st.stm32cube.ide.mcu.externaltools.gnu-tools-for-stm32.13.3.rel1.macos64_1.0.0.202411102158/tools/bin/../lib/gcc/arm-none-eabi/13.3.1/../../../../arm-none-eabi/lib/thumb/v6-m/nofp/libc.a
LOAD /Applications/STM32CubeIDE.app/Contents/Eclipse/plugins/com.st.stm32cube.ide.mcu.externaltools.gnu-tools-for-stm32.13.3.rel1.macos64_1.0.0.202411102158/tools/bin/../lib/gcc/arm-none-eabi/13.3.1/../../../../arm-none-eabi/lib/thumb/v6-m/nofp/libm.a
LOAD /Applications/STM32CubeIDE.app/Contents/Eclipse/plugins/com.st.stm32cube.ide.mcu.externaltools.gnu-tools-for-stm32.13.3.rel1.macos64_1.0.0.202411102158/tools/bin/../lib/gcc/arm-none-eabi/13.3.1/thumb/v6-m/nofp/libgcc.a

.debug_info     0x00000000    0x2a102
 .debug_info    0x00000000     0x1b21 ./Core/Src/CC_and_PC.o
 .debug_info    0x00001b21      0x9ea ./Core/Src/LED.o
 .debug_info    0x0000250b      0xc1f ./Core/Src/MIDI.o
 .debug_info    0x0000312a      0x921 ./Core/Src/UART.o
 .debug_info    0x00003a4b      0x693 ./Core/Src/checking_functions.o
 .debug_info    0x000040de     0x36c4 ./Core/Src/config.o
 .debug_info    0x000077a2     0x2578 ./Core/Src/custom_callbacks.o
 .debug_info    0x00009d1a      0xee3 ./Core/Src/input_capture.o
 .debug_info    0x0000abfd      0x108 ./Core/Src/main.o
 .debug_info    0x0000ad05      0xf35 ./Core/Src/oscillator.o
 .debug_info    0x0000bc3a     0x1883 ./Core/Src/startup.o
 .debug_info    0x0000d4bd      0x350 ./Core/Src/state_machine.o
 .debug_info    0x0000d80d     0x2030 ./Core/Src/stm32g0xx_hal_msp.o
 .debug_info    0x0000f83d     0x12c6 ./Core/Src/stm32g0xx_it.o
 .debug_info    0x00010b03      0x4f8 ./Core/Src/symmetry_adjustment.o
 .debug_info    0x00010ffb      0x341 ./Core/Src/system_stm32g0xx.o
 .debug_info    0x0001133c      0xdc8 ./Core/Src/timers.o
 .debug_info    0x00012104      0x2db ./Core/Src/utility.o
 .debug_info    0x000123df       0x30 ./Core/Startup/startup_stm32g031k8tx.o
 .debug_info    0x0001240f      0xb3f ./Drivers/STM32G0xx_HAL_Driver/Src/stm32g0xx_hal.o
 .debug_info    0x00012f4e     0x2264 ./Drivers/STM32G0xx_HAL_Driver/Src/stm32g0xx_hal_adc.o
 .debug_info    0x000151b2      0xd90 ./Drivers/STM32G0xx_HAL_Driver/Src/stm32g0xx_hal_adc_ex.o
 .debug_info    0x00015f42      0xa53 ./Drivers/STM32G0xx_HAL_Driver/Src/stm32g0xx_hal_cortex.o
 .debug_info    0x00016995      0xa39 ./Drivers/STM32G0xx_HAL_Driver/Src/stm32g0xx_hal_dma.o
 .debug_info    0x000173ce      0x824 ./Drivers/STM32G0xx_HAL_Driver/Src/stm32g0xx_hal_flash.o
 .debug_info    0x00017bf2      0xd2d ./Drivers/STM32G0xx_HAL_Driver/Src/stm32g0xx_hal_flash_ex.o
 .debug_info    0x0001891f      0x5e9 ./Drivers/STM32G0xx_HAL_Driver/Src/stm32g0xx_hal_gpio.o
 .debug_info    0x00018f08     0x1755 ./Drivers/STM32G0xx_HAL_Driver/Src/stm32g0xx_hal_lptim.o
 .debug_info    0x0001a65d      0x7eb ./Drivers/STM32G0xx_HAL_Driver/Src/stm32g0xx_hal_pwr_ex.o
 .debug_info    0x0001ae48      0xdb7 ./Drivers/STM32G0xx_HAL_Driver/Src/stm32g0xx_hal_rcc.o
 .debug_info    0x0001bbff      0x831 ./Drivers/STM32G0xx_HAL_Driver/Src/stm32g0xx_hal_rcc_ex.o
 .debug_info    0x0001c430     0x46df ./Drivers/STM32G0xx_HAL_Driver/Src/stm32g0xx_hal_tim.o
 .debug_info    0x00020b0f     0x1efb ./Drivers/STM32G0xx_HAL_Driver/Src/stm32g0xx_hal_tim_ex.o
 .debug_info    0x00022a0a     0x6379 ./Drivers/STM32G0xx_HAL_Driver/Src/stm32g0xx_hal_uart.o
 .debug_info    0x00028d83     0x137f ./Drivers/STM32G0xx_HAL_Driver/Src/stm32g0xx_hal_uart_ex.o

.debug_abbrev   0x00000000     0x5b27
 .debug_abbrev  0x00000000      0x3d2 ./Core/Src/CC_and_PC.o
 .debug_abbrev  0x000003d2      0x1d3 ./Core/Src/LED.o
 .debug_abbrev  0x000005a5      0x2c9 ./Core/Src/MIDI.o
 .debug_abbrev  0x0000086e      0x1b7 ./Core/Src/UART.o
 .debug_abbrev  0x00000a25      0x1e3 ./Core/Src/checking_functions.o
 .debug_abbrev  0x00000c08      0x32b ./Core/Src/config.o
 .debug_abbrev  0x00000f33      0x330 ./Core/Src/custom_callbacks.o
 .debug_abbrev  0x00001263      0x2e0 ./Core/Src/input_capture.o
 .debug_abbrev  0x00001543       0xb0 ./Core/Src/main.o
 .debug_abbrev  0x000015f3      0x2c5 ./Core/Src/oscillator.o
 .debug_abbrev  0x000018b8      0x271 ./Core/Src/startup.o
 .debug_abbrev  0x00001b29       0xfc ./Core/Src/state_machine.o
 .debug_abbrev  0x00001c25      0x2ac ./Core/Src/stm32g0xx_hal_msp.o
 .debug_abbrev  0x00001ed1      0x23b ./Core/Src/stm32g0xx_it.o
 .debug_abbrev  0x0000210c      0x197 ./Core/Src/symmetry_adjustment.o
 .debug_abbrev  0x000022a3      0x146 ./Core/Src/system_stm32g0xx.o
 .debug_abbrev  0x000023e9      0x2c3 ./Core/Src/timers.o
 .debug_abbrev  0x000026ac      0x163 ./Core/Src/utility.o
 .debug_abbrev  0x0000280f       0x24 ./Core/Startup/startup_stm32g031k8tx.o
 .debug_abbrev  0x00002833      0x33f ./Drivers/STM32G0xx_HAL_Driver/Src/stm32g0xx_hal.o
 .debug_abbrev  0x00002b72      0x36c ./Drivers/STM32G0xx_HAL_Driver/Src/stm32g0xx_hal_adc.o
 .debug_abbrev  0x00002ede      0x322 ./Drivers/STM32G0xx_HAL_Driver/Src/stm32g0xx_hal_adc_ex.o
 .debug_abbrev  0x00003200      0x2c9 ./Drivers/STM32G0xx_HAL_Driver/Src/stm32g0xx_hal_cortex.o
 .debug_abbrev  0x000034c9      0x271 ./Drivers/STM32G0xx_HAL_Driver/Src/stm32g0xx_hal_dma.o
 .debug_abbrev  0x0000373a      0x372 ./Drivers/STM32G0xx_HAL_Driver/Src/stm32g0xx_hal_flash.o
 .debug_abbrev  0x00003aac      0x32d ./Drivers/STM32G0xx_HAL_Driver/Src/stm32g0xx_hal_flash_ex.o
 .debug_abbrev  0x00003dd9      0x257 ./Drivers/STM32G0xx_HAL_Driver/Src/stm32g0xx_hal_gpio.o
 .debug_abbrev  0x00004030      0x35c ./Drivers/STM32G0xx_HAL_Driver/Src/stm32g0xx_hal_lptim.o
 .debug_abbrev  0x0000438c      0x288 ./Drivers/STM32G0xx_HAL_Driver/Src/stm32g0xx_hal_pwr_ex.o
 .debug_abbrev  0x00004614      0x360 ./Drivers/STM32G0xx_HAL_Driver/Src/stm32g0xx_hal_rcc.o
 .debug_abbrev  0x00004974      0x294 ./Drivers/STM32G0xx_HAL_Driver/Src/stm32g0xx_hal_rcc_ex.o
 .debug_abbrev  0x00004c08      0x3fd ./Drivers/STM32G0xx_HAL_Driver/Src/stm32g0xx_hal_tim.o
 .debug_abbrev  0x00005005      0x353 ./Drivers/STM32G0xx_HAL_Driver/Src/stm32g0xx_hal_tim_ex.o
 .debug_abbrev  0x00005358      0x46d ./Drivers/STM32G0xx_HAL_Driver/Src/stm32g0xx_hal_uart.o
 .debug_abbrev  0x000057c5      0x362 ./Drivers/STM32G0xx_HAL_Driver/Src/stm32g0xx_hal_uart_ex.o

.debug_loclists
                0x00000000     0xd7f6
 .debug_loclists
                0x00000000      0xa94 ./Core/Src/CC_and_PC.o
 .debug_loclists
                0x00000a94       0x30 ./Core/Src/LED.o
 .debug_loclists
                0x00000ac4      0x49f ./Core/Src/MIDI.o
 .debug_loclists
                0x00000f63      0x165 ./Core/Src/input_capture.o
 .debug_loclists
                0x000010c8      0x2c3 ./Core/Src/oscillator.o
 .debug_loclists
                0x0000138b       0x19 ./Core/Src/state_machine.o
 .debug_loclists
                0x000013a4      0x1e7 ./Core/Src/stm32g0xx_hal_msp.o
 .debug_loclists
                0x0000158b      0x239 ./Core/Src/symmetry_adjustment.o
 .debug_loclists
                0x000017c4       0xa0 ./Core/Src/system_stm32g0xx.o
 .debug_loclists
                0x00001864      0x138 ./Drivers/STM32G0xx_HAL_Driver/Src/stm32g0xx_hal.o
 .debug_loclists
                0x0000199c      0xea4 ./Drivers/STM32G0xx_HAL_Driver/Src/stm32g0xx_hal_adc.o
 .debug_loclists
                0x00002840      0x2c7 ./Drivers/STM32G0xx_HAL_Driver/Src/stm32g0xx_hal_adc_ex.o
 .debug_loclists
                0x00002b07      0x355 ./Drivers/STM32G0xx_HAL_Driver/Src/stm32g0xx_hal_cortex.o
 .debug_loclists
                0x00002e5c      0x610 ./Drivers/STM32G0xx_HAL_Driver/Src/stm32g0xx_hal_dma.o
 .debug_loclists
                0x0000346c      0x37a ./Drivers/STM32G0xx_HAL_Driver/Src/stm32g0xx_hal_flash.o
 .debug_loclists
                0x000037e6      0x4e8 ./Drivers/STM32G0xx_HAL_Driver/Src/stm32g0xx_hal_flash_ex.o
 .debug_loclists
                0x00003cce      0x283 ./Drivers/STM32G0xx_HAL_Driver/Src/stm32g0xx_hal_gpio.o
 .debug_loclists
                0x00003f51      0x9fd ./Drivers/STM32G0xx_HAL_Driver/Src/stm32g0xx_hal_lptim.o
 .debug_loclists
                0x0000494e      0x21c ./Drivers/STM32G0xx_HAL_Driver/Src/stm32g0xx_hal_pwr_ex.o
 .debug_loclists
                0x00004b6a      0x4b9 ./Drivers/STM32G0xx_HAL_Driver/Src/stm32g0xx_hal_rcc.o
 .debug_loclists
                0x00005023      0x3e6 ./Drivers/STM32G0xx_HAL_Driver/Src/stm32g0xx_hal_rcc_ex.o
 .debug_loclists
                0x00005409     0x3c2a ./Drivers/STM32G0xx_HAL_Driver/Src/stm32g0xx_hal_tim.o
 .debug_loclists
                0x00009033     0x1379 ./Drivers/STM32G0xx_HAL_Driver/Src/stm32g0xx_hal_tim_ex.o
 .debug_loclists
                0x0000a3ac     0x2cad ./Drivers/STM32G0xx_HAL_Driver/Src/stm32g0xx_hal_uart.o
 .debug_loclists
                0x0000d059      0x79d ./Drivers/STM32G0xx_HAL_Driver/Src/stm32g0xx_hal_uart_ex.o

.debug_aranges  0x00000000     0x1718
 .debug_aranges
                0x00000000      0x130 ./Core/Src/CC_and_PC.o
 .debug_aranges
                0x00000130       0x20 ./Core/Src/LED.o
 .debug_aranges
                0x00000150       0xc8 ./Core/Src/MIDI.o
 .debug_aranges
                0x00000218       0x20 ./Core/Src/UART.o
 .debug_aranges
                0x00000238       0x28 ./Core/Src/checking_functions.o
 .debug_aranges
                0x00000260       0x90 ./Core/Src/config.o
 .debug_aranges
                0x000002f0       0x78 ./Core/Src/custom_callbacks.o
 .debug_aranges