Archive member included to satisfy reference by file (symbol)

/Applications/STM32CubeIDE.app/Contents/Eclipse/plugins/com.st.stm32cube.ide.mcu.externaltools.gnu-tools-for-stm32.13.3.rel1.macos64_1.0.0.202411102158/tools/bin/../lib/gcc/arm-none-eabi/13.3.1/../../../../arm-none-eabi/lib/thumb/v6-m/nofp/libc_nano.a(libc_a-exit.o)
                              /Applications/STM32CubeIDE.app/Contents/Eclipse/plugins/com.st.stm32cube.ide.mcu.externaltools.gnu-tools-for-stm32.13.3.rel1.macos64_1.0.0.202411102158/tools/bin/../lib/gcc/arm-none-eabi/13.3.1/../../../../arm-none-eabi/lib/thumb/v6-m/nofp/crt0.o (exit)
/Applications/STM32CubeIDE.app/Contents/Eclipse/plugins/com.st.stm32cube.ide.mcu.externaltools.gnu-tools-for-stm32.13.3.rel1.macos64_1.0.0.202411102158/tools/bin/../lib/gcc/arm-none-eabi/13.3.1/../../../../arm-none-eabi/lib/thumb/v6-m/nofp/libc_nano.a(libc_a-findfp.o)
                              /Applications/STM32CubeIDE.app/Contents/Eclipse/plugins/com.st.stm32cube.ide.mcu.externaltools.gnu-tools-for-stm32.13.3.rel1.macos64_1.0.0.202411102158/tools/bin/../lib/gcc/arm-none-eabi/13.3.1/../../../../arm-none-eabi/lib/thumb/v6-m/nofp/libc_nano.a(libc_a-exit.o) (__stdio_exit_handler)
/Applications/STM32CubeIDE.app/Contents/Eclipse/plugins/com.st.stm32cube.ide.mcu.externaltools.gnu-tools-for-stm32.13.3.rel1.macos64_1.0.0.202411102158/tools/bin/../lib/gcc/arm-none-eabi/13.3.1/../../../../arm-none-eabi/lib/thumb/v6-m/nofp/libc_nano.a(libc_a-fwalk.o)
                              /Applications/STM32CubeIDE.app/Contents/Eclipse/plugins/com.st.stm32cube.ide.mcu.externaltools.gnu-tools-for-stm32.13.3.rel1.macos64_1.0.0.202411102158/tools/bin/../lib/gcc/arm-none-eabi/13.3.1/../../../../arm-none-eabi/lib/thumb/v6-m/nofp/libc_nano.a(libc_a-findfp.o) (_fwalk_sglue)
/Applications/STM32CubeIDE.app/Contents/Eclipse/plugins/com.st.stm32cube.ide.mcu.externaltools.gnu-tools-for-stm32.13.3.rel1.macos64_1.0.0.202411102158/tools/bin/../lib/gcc/arm-none-eabi/13.3.1/../../../../arm-none-eabi/lib/thumb/v6-m/nofp/libc_nano.a(libc_a-memset.o)
                              /Applications/STM32CubeIDE.app/Contents/Eclipse/plugins/com.st.stm32cube.ide.mcu.externaltools.gnu-tools-for-stm32.13.3.rel1.macos64_1.0.0.202411102158/tools/bin/../lib/gcc/arm-none-eabi/13.3.1/../../../../arm-none-eabi/lib/thumb/v6-m/nofp/crt0.o (memset)
/Applications/STM32CubeIDE.app/Contents/Eclipse/plugins/com.st.stm32cube.ide.mcu.externaltools.gnu-tools-for-stm32.13.3.rel1.macos64_1.0.0.202411102158/tools/bin/../lib/gcc/arm-none-eabi/13.3.1/../../../../arm-none-eabi/lib/thumb/v6-m/nofp/libc_nano.a(libc_a-errno.o)
                              ./Core/Src/syscalls.o (__errno)
/Applications/STM32CubeIDE.app/Contents/Eclipse/plugins/com.st.stm32cube.ide.mcu.externaltools.gnu-tools-for-stm32.13.3.rel1.macos64_1.0.0.202411102158/tools/bin/../lib/gcc/arm-none-eabi/13.3.1/../../../../arm-none-eabi/lib/thumb/v6-m/nofp/libc_nano.a(libc_a-init.o)
                              /Applications/STM32CubeIDE.app/Contents/Eclipse/plugins/com.st.stm32cube.ide.mcu.externaltools.gnu-tools-for-stm32.13.3.rel1.macos64_1.0.0.202411102158/tools/bin/../lib/gcc/arm-none-eabi/13.3.1/../../../../arm-none-eabi/lib/thumb/v6-m/nofp/crt0.o (__libc_init_array)
/Applications/STM32CubeIDE.app/Contents/Eclipse/plugins/com.st.stm32cube.ide.mcu.externaltools.gnu-tools-for-stm32.13.3.rel1.macos64_1.0.0.202411102158/tools/bin/../lib/gcc/arm-none-eabi/13.3.1/../../../../arm-none-eabi/lib/thumb/v6-m/nofp/libc_nano.a(libc_a-lock.o)
                              /Applications/STM32CubeIDE.app/Contents/Eclipse/plugins/com.st.stm32cube.ide.mcu.externaltools.gnu-tools-for-stm32.13.3.rel1.macos64_1.0.0.202411102158/tools/bin/../lib/gcc/arm-none-eabi/13.3.1/../../../../arm-none-eabi/lib/thumb/v6-m/nofp/libc_nano.a(libc_a-findfp.o) (__retarget_lock_init_recursive)
/Applications/STM32CubeIDE.app/Contents/Eclipse/plugins/com.st.stm32cube.ide.mcu.externaltools.gnu-tools-for-stm32.13.3.rel1.macos64_1.0.0.202411102158/tools/bin/../lib/gcc/arm-none-eabi/13.3.1/../../../../arm-none-eabi/lib/thumb/v6-m/nofp/libc_nano.a(libc_a-impure.o)
                              /Applications/STM32CubeIDE.app/Contents/Eclipse/plugins/com.st.stm32cube.ide.mcu.externaltools.gnu-tools-for-stm32.13.3.rel1.macos64_1.0.0.202411102158/tools/bin/../lib/gcc/arm-none-eabi/13.3.1/../../../../arm-none-eabi/lib/thumb/v6-m/nofp/libc_nano.a(libc_a-errno.o) (_impure_ptr)
/Applications/STM32CubeIDE.app/Contents/Eclipse/plugins/com.st.stm32cube.ide.mcu.externaltools.gnu-tools-for-stm32.13.3.rel1.macos64_1.0.0.202411102158/tools/bin/../lib/gcc/arm-none-eabi/13.3.1/../../../../arm-none-eabi/lib/thumb/v6-m/nofp/libc_nano.a(libc_a-memcpy-stub.o)
                              ./Core/Src/input_capture.o (memcpy)
[...]
Memory Configuration

Name             Origin             Length             Attributes
RAM              0x20000000         0x00002000         xrw
FLASH            0x08000000         0x0000f800         xr
*default*        0x00000000         0xffffffff

Linker script and memory map

LOAD /Applications/STM32CubeIDE.app/Contents/Eclipse/plugins/com.st.stm32cube.ide.mcu.externaltools.gnu-tools-for-stm32.13.3.rel1.macos64_1.0.0.202411102158/tools/bin/../lib/gcc/arm-none-eabi/13.3.1/thumb/v6-m/nofp/crti.o
LOAD /Applications/STM32CubeIDE.app/Contents/Eclipse/plugins/com.st.stm32cube.ide.mcu.externaltools.gnu-tools-for-stm32.13.3.rel1.macos64_1.0.0.202411102158/tools/bin/../lib/gcc/arm-none-eabi/13.3.1/thumb/v6-m/nofp/crtbegin.o
LOAD /Applications/STM32CubeIDE.app/Contents/Eclipse/plugins/com.st.stm32cube.ide.mcu.externaltools.gnu-tools-for-stm32.13.3.rel1.macos64_1.0.0.202411102158/tools/bin/../lib/gcc/arm-none-eabi/13.3.1/../../../../arm-none-eabi/lib/thumb/v6-m/nofp/crt0.o
LOAD ./Core/Src/CC_and_PC.o
LOAD ./Core/Src/MIDI.o
LOAD ./Core/Src/UART.o
LOAD ./Core/Src/checking_functions.o
LOAD ./Core/Src/config.o
LOAD ./Core/Src/custom_callbacks.o
LOAD ./Core/Src/debug.o
LOAD ./Core/Src/input_capture.o
LOAD ./Core/Src/main.o
LOAD ./Core/Src/oscillator.o
LOAD ./Core/Src/startup.o
LOAD ./Core/Src/state_machine.o
LOAD ./Core/Src/stm32g0xx_hal_msp.o
LOAD ./Core/Src/stm32g0xx_it.o
LOAD ./Core/Src/symmetry_adjustment.o
LOAD ./Core/Src/syscalls.o
LOAD ./Core/Src/sysmem.o
LOAD ./Core/Src/system_stm32g0xx.o
LOAD ./Core/Src/timers.o
LOAD ./Core/Src/utility.o
LOAD ./Core/Startup/startup_stm32g031k8tx.o
LOAD ./Drivers/STM32G0xx_HAL_Driver/Src/stm32g0xx_hal.o
LOAD ./Drivers/STM32G0xx_HAL_Driver/Src/stm32g0xx_hal_adc.o
LOAD ./Drivers/STM32G0xx_HAL_Driver/Src/stm32g0xx_hal_adc_ex.o
LOAD ./Drivers/STM32G0xx_HAL_Driver/Src/stm32g0xx_hal_cortex.o
LOAD ./Drivers/STM32G0xx_HAL_Driver/Src/stm32g0xx_hal_dma.o
LOAD ./Drivers/STM32G0xx_HAL_Driver/Src/stm32g0xx_hal_dma_ex.o
LOAD ./Drivers/STM32G0xx_HAL_Driver/Src/stm32g0xx_hal_exti.o
LOAD ./Drivers/STM32G0xx_HAL_Driver/Src/stm32g0xx_hal_flash.o
LOAD ./Drivers/STM32G0xx_HAL_Driver/Src/stm32g0xx_hal_flash_ex.o
LOAD ./Drivers/STM32G0xx_HAL_Driver/Src/stm32g0xx_hal_gpio.o
LOAD ./Drivers/STM32G0xx_HAL_Driver/Src/stm32g0xx_hal_iwdg.o
LOAD ./Drivers/STM32G0xx_HAL_Driver/Src/stm32g0xx_hal_lptim.o
LOAD ./Drivers/STM32G0xx_HAL_Driver/Src/stm32g0xx_hal_pwr.o
LOAD ./Drivers/STM32G0xx_HAL_Driver/Src/stm32g0xx_hal_pwr_ex.o
LOAD ./Drivers/STM32G0xx_HAL_Driver/Src/stm32g0xx_hal_rcc.o
LOAD ./Drivers/STM32G0xx_HAL_Driver/Src/stm32g0xx_hal_rcc_ex.o
LOAD ./Drivers/STM32G0xx_HAL_Driver/Src/stm32g0xx_hal_tim.o
LOAD ./Drivers/STM32G0xx_HAL_Driver/Src/stm32g0xx_hal_tim_ex.o
LOAD ./Drivers/STM32G0xx_HAL_Driver/Src/stm32g0xx_hal_uart.o
LOAD ./Drivers/STM32G0xx_HAL_Driver/Src/stm32g0xx_hal_uart_ex.o
LOAD ./Drivers/STM32G0xx_HAL_Driver/Src/stm32g0xx_ll_adc.o
LOAD ./Drivers/STM32G0xx_HAL_Driver/Src/stm32g0xx_ll_rcc.o
START GROUP
LOAD /Applications/STM32CubeIDE.app/Contents/Eclipse/plugins/com.st.stm32cube.ide.mcu.externaltools.gnu-tools-for-stm32.13.3.rel1.macos64_1.0.0.202411102158/tools/bin/../lib/gcc/arm-none-eabi/13.3.1/../../../../arm-none-eabi/lib/thumb/v6-m/nofp/libc_nano.a
LOAD /Applications/STM32CubeIDE.app/Contents/Eclipse/plugins/com.st.stm32cube.ide.mcu.externaltools.gnu-tools-for-stm32.13.3.rel1.macos64_1.0.0.202411102158/tools/bin/../lib/gcc/arm-none-eabi/13.3.1/../../../../arm-none-eabi/lib/thumb/v6-m/nofp/libm.a
END GROUP
START GROUP
LOAD /Applications/STM32CubeIDE.app/Contents/Eclipse/plugins/com.st.stm32cube.ide.mcu.externaltools.gnu-tools-for-stm32.13.3.rel1.macos64_1.0.0.202411102158/tools/bin/../lib/gcc/arm-none-eabi/13.3.1/thumb/v6-m/nofp/libgcc.a
LOAD /Applications/STM32CubeIDE.app/Contents/Eclipse/plugins/com.st.stm32cube.ide.mcu.externaltools.gnu-tools-for-stm32.13.3.rel1.macos64_1.0.0.202411102158/tools/bin/../lib/gcc/arm-none-eabi/13.3.1/../../../../arm-none-eabi/lib/thumb/v6-m/nofp/libc_nano.a
END GROUP
START GROUP
LOAD /Applications/STM32CubeIDE.app/Contents/Eclipse/plugins/com.st.stm32cube.ide.mcu.externaltools.gnu-tools-for-stm32.13.3.rel1.macos64_1.0.0.202411102158/tools/bin/../lib/gcc/arm-none-eabi/13.3.1/thumb/v6-m/nofp/libgcc.a
LOAD /Applications/STM32CubeIDE.app/Contents/Eclipse/plugins/com.st.stm32cube.ide.mcu.externaltools.gnu-tools-for-stm32.13.3.rel1.macos64_1.0.0.202411102158/tools/bin/../lib/gcc/arm-none-eabi/13.3.1/../../../../arm-none-eabi/lib/thumb/v6-m/nofp/libc_nano.a
LOAD /Applications/STM32CubeIDE.app/Contents/Eclipse/plugins/com.st.stm32cube.ide.mcu.externaltools.gnu-tools-for-stm32.13.3.rel1.macos64_1.0.0.202411102158/tools/bin/../lib/gcc/arm-none-eabi/13.3.1/../../../../arm-none-eabi/lib/thumb/v6-m/nofp/libnosys.a
END GROUP
START GROUP
LOAD /Applications/STM32CubeIDE.app/Contents/Eclipse/plugins/com.st.stm32cube.ide.mcu.externaltools.gnu-tools-for-stm32.13.3.rel1.macos64_1.0.0.202411102158/tools/bin/../lib/gcc/arm-none-eabi/13.3.1/thumb/v6-m/nofp/libgcc.a
LOAD /Applications/STM32CubeIDE.app/Contents/Eclipse/plugins/com.st.stm32cube.ide.mcu.externaltools.gnu-tools-for-stm32.13.3.rel1.macos64_1.0.0.202411102158/tools/bin/../lib/gcc/arm-none-eabi/13.3.1/../../../../arm-none-eabi/lib/thumb/v6-m/nofp/libc_nano.a
LOAD /Applications/STM32CubeIDE.app/Contents/Eclipse/plugins/com.st.stm32cube.ide.mcu.externaltools.gnu-tools-for-stm32.13.3.rel1.macos64_1.0.0.202411102158/tools/bin/../lib/gcc/arm-none-eabi/13.3.1/../../../../arm-none-eabi/lib/thumb/v6-m/nofp/libnosys.a
END GROUP
LOAD /Applications/STM32CubeIDE.app/Contents/Eclipse/plugins/com.st.stm32cube.ide.mcu.externaltools.gnu-tools-for-stm32.13.3.rel1.macos64_1.0.0.202411102158/tools/bin/../lib/gcc/arm-none-eabi/13.3.1/thumb/v6-m/nofp/crtend.o
LOAD /Applications/STM32CubeIDE.app/Contents/Eclipse/plugins/com.st.stm32cube.ide.mcu.externaltools.gnu-tools-for-stm32.13.3.rel1.macos64_1.0.0.202411102158/tools/bin/../lib/gcc/arm-none-eabi/13.3.1/thumb/v6-m/nofp/crtn.o
                0x20002000                        _estack = (ORIGIN (RAM) + LENGTH (RAM))
                0x00000200                        _Min_Heap_Size = 0x200
                0x00000400                        _Min_Stack_Size = 0x400

.isr_vector     0x08000000       0xbc
                0x08000000                        . = ALIGN (0x4)
 *(.isr_vector)
 .isr_vector    0x08000000       0xbc ./Core/Startup/startup_stm32g031k8tx.o
                0x08000000                g_pfnVectors
                0x080000bc                        . = ALIGN (0x4)

.text           0x080000bc     0x7d8c
                0x080000bc                        . = ALIGN (0x4)
 *(.text)
 .text          0x080000bc       0x48 /Applications/STM32CubeIDE.app/Contents/Eclipse/plugins/com.st.stm32cube.ide.mcu.externaltools.gnu-tools-for-stm32.13.3.rel1.macos64_1.0.0.202411102158/tools/bin/../lib/gcc/arm-none-eabi/13.3.1/thumb/v6-m/nofp/crtbegin.o
 .text          0x08000104      0x114 /Applications/STM32CubeIDE.app/Contents/Eclipse/plugins/com.st.stm32cube.ide.mcu.externaltools.gnu-tools-for-stm32.13.3.rel1.macos64_1.0.0.202411102158/tools/bin/../lib/gcc/arm-none-eabi/13.3.1/thumb/v6-m/nofp/libgcc.a(_udivsi3.o)
                0x08000104                __udivsi3
                0x08000104                __aeabi_uidiv
                0x08000210                __aeabi_uidivmod
 .text          0x08000218        0x4 /Applications/STM32CubeIDE.app/Contents/Eclipse/plugins/com.st.stm32cube.ide.mcu.externaltools.gnu-tools-for-stm32.13.3.rel1.macos64_1.0.0.202411102158/tools/bin/../lib/gcc/arm-none-eabi/13.3.1/thumb/v6-m/nofp/libgcc.a(_dvmd_tls.o)
                0x08000218                __aeabi_ldiv0
                0x08000218                __aeabi_idiv0
 .text          0x0800021c       0x40 /Applications/STM32CubeIDE.app/Contents/Eclipse/plugins/com.st.stm32cube.ide.mcu.externaltools.gnu-tools-for-stm32.13.3.rel1.macos64_1.0.0.202411102158/tools/bin/../lib/gcc/arm-none-eabi/13.3.1/thumb/v6-m/nofp/libgcc.a(_aeabi_uldivmod.o)
                0x0800021c                __aeabi_uldivmod
 .text          0x0800025c      0x198 /Applications/STM32CubeIDE.app/Contents/Eclipse/plugins/com.st.stm32cube.ide.mcu.externaltools.gnu-tools-for-stm32.13.3.rel1.macos64_1.0.0.202411102158/tools/bin/../lib/gcc/arm-none-eabi/13.3.1/thumb/v6-m/nofp/libgcc.a(_udivmoddi4.o)
                0x0800025c                __udivmoddi4
 .text          0x080003f4       0x18 /Applications/STM32CubeIDE.app/Contents/Eclipse/plugins/com.st.stm32cube.ide.mcu.externaltools.gnu-tools-for-stm32.13.3.rel1.macos64_1.0.0.202411102158/tools/bin/../lib/gcc/arm-none-eabi/13.3.1/thumb/v6-m/nofp/libgcc.a(_clzdi2.o)
                0x080003f4                __clzdi2
 .text          0x0800040c       0x3c /Applications/STM32CubeIDE.app/Contents/Eclipse/plugins/com.st.stm32cube.ide.mcu.externaltools.gnu-tools-for-stm32.13.3.rel1.macos64_1.0.0.202411102158/tools/bin/../lib/gcc/arm-none-eabi/13.3.1/thumb/v6-m/nofp/libgcc.a(_clzsi2.o)
                0x0800040c                __clzsi2
 *(.text*)
 .text.Initialise_Preset_Arrays
                0x08000448       0x50 ./Core/Src/CC_and_PC.o
                0x08000448                Initialise_Preset_Arrays
 .text.Update_Params_Based_On_Mode_Selected
                0x08000498      0x1c0 ./Core/Src/CC_and_PC.o
                0x08000498                Update_Params_Based_On_Mode_Selected
 .text.Read_and_Interpret_Misc_From_Flash
                0x08000658       0xe8 ./Core/Src/CC_and_PC.o
                0x08000658                Read_and_Interpret_Misc_From_Flash
 .text.Update_Converted_Preset_Array_with_User_or_Factory_Presets
                0x08000740       0x58 ./Core/Src/CC_and_PC.o
                0x08000740                Update_Converted_Preset_Array_with_User_or_Factory_Presets
 .text.Read_and_Interpret_User_Presets_From_Flash
                0x08000798      0x184 ./Core/Src/CC_and_PC.o
                0x08000798                Read_and_Interpret_User_Presets_From_Flash
 .text.Set_Waveshape_to_CC_Mode_and_Value
                0x0800091c       0x20 ./Core/Src/CC_and_PC.o
                0x0800091c                Set_Waveshape_to_CC_Mode_and_Value
 .text.Set_Speed_to_CC_Mode_and_Value
                0x0800093c       0x20 ./Core/Src/CC_and_PC.o
                0x0800093c                Set_Speed_to_CC_Mode_and_Value
 .text.Set_Depth_to_CC_Mode_and_Value
                0x0800095c       0x20 ./Core/Src/CC_and_PC.o
                0x0800095c                Set_Depth_to_CC_Mode_and_Value
 .text.Set_Symmetry_to_CC_Mode_and_Value
                0x0800097c       0x20 ./Core/Src/CC_and_PC.o
                0x0800097c                Set_Symmetry_to_CC_Mode_and_Value
 .text.Set_Phase_to_CC_Mode_and_Value
                0x0800099c       0x20 ./Core/Src/CC_and_PC.o
                0x0800099c                Set_Phase_to_CC_Mode_and_Value
 .text.Set_All_Pots_to_PC_Mode
                0x080009bc       0x4c ./Core/Src/CC_and_PC.o
                0x080009bc                Set_All_Pots_to_PC_Mode
 .text.Is_Status_Byte
                0x08000a08        0x8 ./Core/Src/MIDI.o
                0x08000a08                Is_Status_Byte
 .text.Is_Data_Byte
                0x08000a10        0xc ./Core/Src/MIDI.o
                0x08000a10                Is_Data_Byte
 .text.Is_PC_Status_Byte
                0x08000a1c       0x10 ./Core/Src/MIDI.o
                0x08000a1c                Is_PC_Status_Byte
 .text.Is_CC_Status_Byte
                0x08000a2c       0x10 ./Core/Src/MIDI.o
                0x08000a2c                Is_CC_Status_Byte
 .text.Is_Utilised_Channel_Mode_CC_First_Data_Byte
                0x08000a3c       0x2c ./Core/Src/MIDI.o
                0x08000a3c                Is_Utilised_Channel_Mode_CC_First_Data_Byte
 .text.Is_Utilised_CC_First_Data_Byte
                0x08000a68       0x34 ./Core/Src/MIDI.o
                0x08000a68                Is_Utilised_CC_First_Data_Byte
 .text.Channel_Mode_CC_Second_Data_Byte_Is_Valid_Given_Utilised_First_Data_Byte
                0x08000a9c       0x3c ./Core/Src/MIDI.o
                0x08000a9c                Channel_Mode_CC_Second_Data_Byte_Is_Valid_Given_Utilised_First_Data_Byte
 .text.Is_Sysex_Start_Status_Byte
                0x08000ad8        0xc ./Core/Src/MIDI.o
                0x08000ad8                Is_Sysex_Start_Status_Byte
 .text.Is_Channelised_Status_Byte_On_Basic_Channel
                0x08000ae4       0x1c ./Core/Src/MIDI.o
                0x08000ae4                Is_Channelised_Status_Byte_On_Basic_Channel
 .text.Is_Data_Buffer_Empty
                0x08000b00       0x30 ./Core/Src/MIDI.o
                0x08000b00                Is_Data_Buffer_Empty
 .text.Clear_Data_Buffer
                0x08000b30       0x1c ./Core/Src/MIDI.o
                0x08000b30                Clear_Data_Buffer
 .text.Is_Program_Change_Data_Byte_In_Range
                0x08000b4c        0xc ./Core/Src/MIDI.o
                0x08000b4c                Is_Program_Change_Data_Byte_In_Range
 .text.Is_System_Real_Time_Status_Byte
                0x08000b58       0x30 ./Core/Src/MIDI.o
                0x08000b58                Is_System_Real_Time_Status_Byte
 .text.Is_OMNI_On
                0x08000b88       0x14 ./Core/Src/MIDI.o
                0x08000b88                Is_OMNI_On
 .text.Reset_and_Stop_MIDI_Software_Timer
                0x08000b9c       0x24 ./Core/Src/MIDI.o
                0x08000b9c                Reset_and_Stop_MIDI_Software_Timer
 .text.Reset_All_Controllers
                0x08000bc0       0x60 ./Core/Src/MIDI.o
                0x08000bc0                Reset_All_Controllers
 .text.Set_Local_Control
                0x08000c20       0x50 ./Core/Src/MIDI.o
                0x08000c20                Set_Local_Control
 .text.Set_OMNI_Off
                0x08000c70       0x10 ./Core/Src/MIDI.o
                0x08000c70                Set_OMNI_Off
 .text.Set_OMNI_On
                0x08000c80       0x10 ./Core/Src/MIDI.o
                0x08000c80                Set_OMNI_On
 .text.Start_UART_Receive
                0x08000c90       0x18 ./Core/Src/UART.o
                0x08000c90                Start_UART_Receive
 .text.Pot_Check
                0x08000ca8      0x148 ./Core/Src/checking_functions.o
                0x08000ca8                Pot_Check
 .text.Check_Tap_Tempo_Switch_State
                0x08000df0       0x64 ./Core/Src/checking_functions.o
                0x08000df0                Check_Tap_Tempo_Switch_State
 .text.SystemClock_Config
                0x08000e54       0x80 ./Core/Src/config.o
                0x08000e54                SystemClock_Config
 .text.MX_ADC1_Init
                0x08000ed4       0xf4 ./Core/Src/config.o
                0x08000ed4                MX_ADC1_Init
 .text.MX_TIM16_Init
                0x08000fc8       0xb0 ./Core/Src/config.o
                0x08000fc8                MX_TIM16_Init
 .text.MX_TIM2_Init
                0x08001078       0xb8 ./Core/Src/config.o
                0x08001078                MX_TIM2_Init
 .text.MX_TIM3_Init
                0x08001130       0xc0 ./Core/Src/config.o
                0x08001130                MX_TIM3_Init
 .text.MX_TIM1_Init
                0x080011f0      0x128 ./Core/Src/config.o
                0x080011f0                MX_TIM1_Init
 .text.MX_TIM17_Init
                0x08001318       0xb4 ./Core/Src/config.o
                0x08001318                MX_TIM17_Init
 .text.MX_TIM14_Init
                0x080013cc       0x70 ./Core/Src/config.o
                0x080013cc                MX_TIM14_Init
 .text.MX_GPIO_Init
                0x0800143c      0x138 ./Core/Src/config.o
                0x0800143c                MX_GPIO_Init
 .text.Error_Handler
                0x08001574        0x4 ./Core/Src/config.o
                0x08001574                Error_Handler
 .text.System_Init
                0x08001578      0x1a0 ./Core/Src/config.o
                0x08001578                System_Init
 .text.TIM16_callback
                0x08001718       0x3c ./Core/Src/custom_callbacks.o
                0x08001718                TIM16_callback
 .text.ADC_DMA_conversion_complete_callback
                0x08001754       0x6c ./Core/Src/custom_callbacks.o
                0x08001754                ADC_DMA_conversion_complete_callback
 .text.TIM2_ch1_IP_capture_callback
                0x080017c0       0xa4 ./Core/Src/custom_callbacks.o
                0x080017c0                TIM2_ch1_IP_capture_callback
 .text.TIM2_ch1_overflow_callback
                0x08001864       0x7c ./Core/Src/custom_callbacks.o
                0x08001864                TIM2_ch1_overflow_callback
 .text.TIM3_ch1_IP_capture_measurement_reelapse_callback
                0x080018e0       0xe4 ./Core/Src/custom_callbacks.o
                0x080018e0                TIM3_ch1_IP_capture_measurement_reelapse_callback
 .text.UART2_TX_transfer_complete_callback
                0x080019c4        0x4 ./Core/Src/custom_callbacks.o
                0x080019c4                UART2_TX_transfer_complete_callback
 .text.UART2_RX_transfer_complete_callback
                0x080019c8      0x88c ./Core/Src/custom_callbacks.o
                0x080019c8                UART2_RX_transfer_complete_callback
 .text.HAL_GPIO_EXTI_Falling_Callback
                0x08002254       0x38 ./Core/Src/custom_callbacks.o
                0x08002254                HAL_GPIO_EXTI_Falling_Callback
 .text.HAL_GPIO_EXTI_Rising_Callback
                0x0800228c      0x108 ./Core/Src/custom_callbacks.o
                0x0800228c                HAL_GPIO_EXTI_Rising_Callback
 .text.LPTIM1_callback
                0x08002394      0x284 ./Core/Src/custom_callbacks.o
                0x08002394                LPTIM1_callback
 .text.TIM17_callback
                0x08002618        0x4 ./Core/Src/custom_callbacks.o
                0x08002618                TIM17_callback
 .text.TIM14_callback
                0x0800261c        0x4 ./Core/Src/custom_callbacks.o
                0x0800261c                TIM14_callback
 .text.Input_Capture_Processing
                0x08002620       0x7c ./Core/Src/input_capture.o
                0x08002620                Input_Capture_Processing
 .text.Start_Input_Capture_Timer
                0x0800269c       0x30 ./Core/Src/input_capture.o
                0x0800269c                Start_Input_Capture_Timer
 .text.Copy_Params_Structs
                0x080026cc       0x14 ./Core/Src/input_capture.o
                0x080026cc                Copy_Params_Structs
 .text.Start_Measurement_Reelapse_Timer
                0x080026e0       0x30 ./Core/Src/input_capture.o
                0x080026e0                Start_Measurement_Reelapse_Timer
 .text.Begin_Input_Capture_Measurement
                0x08002710       0x10 ./Core/Src/input_capture.o
                0x08002710                Begin_Input_Capture_Measurement
 .text.startup.main
                0x08002720       0xf0 ./Core/Src/main.o
                0x08002720                main
 .text.Start_PWM_Gen_Timer_Main_and_Secondary_Oscillators
                0x08002810       0x34 ./Core/Src/oscillator.o
                0x08002810                Start_PWM_Gen_Timer_Main_and_Secondary_Oscillators
 .text.Start_Freq_Gen_Timer
                0x08002844       0x1c ./Core/Src/oscillator.o
                0x08002844                Start_Freq_Gen_Timer
 .text.Process_TIM16_Raw_Start_Value_and_Raw_Prescaler
                0x08002860       0x30 ./Core/Src/oscillator.o
                0x08002860                Process_TIM16_Raw_Start_Value_and_Raw_Prescaler
 .text.Set_Oscillator_Values
                0x08002890       0x30 ./Core/Src/oscillator.o
                0x08002890                Set_Oscillator_Values
 .text.Calculate_Next_Main_Oscillator_Values
                0x080028c0      0x11c ./Core/Src/oscillator.o
                0x080028c0                Calculate_Next_Main_Oscillator_Values
 .text.Write_Next_Main_Oscillator_Values_to_Delay_Line
                0x080029dc       0xb4 ./Core/Src/oscillator.o
                0x080029dc                Write_Next_Main_Oscillator_Values_to_Delay_Line
 .text.Process_ADC_Conversion_Values
                0x08002a90       0x44 ./Core/Src/oscillator.o
                0x08002a90                Process_ADC_Conversion_Values
 .text.Startup  0x08002ad4      0x1ac ./Core/Src/startup.o
                0x08002ad4                Startup
 .text.Advance_Pending_States
                0x08002c80       0x2c ./Core/Src/state_machine.o
                0x08002c80                Advance_Pending_States
 .text.HAL_MspInit
                0x08002cac       0x30 ./Core/Src/stm32g0xx_hal_msp.o
                0x08002cac                HAL_MspInit
 .text.HAL_ADC_MspInit
                0x08002cdc       0xa0 ./Core/Src/stm32g0xx_hal_msp.o
                0x08002cdc                HAL_ADC_MspInit
 .text.HAL_LPTIM_MspInit
                0x08002d7c       0xf4 ./Core/Src/stm32g0xx_hal_msp.o
                0x08002d7c                HAL_LPTIM_MspInit
 .text.HAL_TIM_Base_MspInit
                0x08002e70      0x170 ./Core/Src/stm32g0xx_hal_msp.o
                0x08002e70                HAL_TIM_Base_MspInit
 .text.HAL_TIM_MspPostInit
                0x08002fe0       0x78 ./Core/Src/stm32g0xx_hal_msp.o
                0x08002fe0                HAL_TIM_MspPostInit
 .text.HAL_UART_MspInit
                0x08003058       0xec ./Core/Src/stm32g0xx_hal_msp.o
                0x08003058                HAL_UART_MspInit
 .text.NMI_Handler
                0x08003144        0x4 ./Core/Src/stm32g0xx_it.o
                0x08003144                NMI_Handler
 .text.HardFault_Handler
                0x08003148        0x4 ./Core/Src/stm32g0xx_it.o
                0x08003148                HardFault_Handler
 .text.SVC_Handler
                0x0800314c        0x4 ./Core/Src/stm32g0xx_it.o
                0x0800314c                SVC_Handler
 .text.PendSV_Handler
                0x08003150        0x4 ./Core/Src/stm32g0xx_it.o
                0x08003150                PendSV_Handler
 .text.SysTick_Handler
                0x08003154        0x8 ./Core/Src/stm32g0xx_it.o
                0x08003154                SysTick_Handler
 .text.EXTI4_15_IRQHandler
                0x0800315c        0xc ./Core/Src/stm32g0xx_it.o
                0x0800315c                EXTI4_15_IRQHandler
 .text.DMA1_Channel1_IRQHandler
                0x08003168       0x10 ./Core/Src/stm32g0xx_it.o
                0x08003168                DMA1_Channel1_IRQHandler
 .text.DMA1_Channel2_3_IRQHandler
                0x08003178       0x18 ./Core/Src/stm32g0xx_it.o
                0x08003178                DMA1_Channel2_3_IRQHandler
 .text.TIM2_IRQHandler
                0x08003190       0x10 ./Core/Src/stm32g0xx_it.o
                0x08003190                TIM2_IRQHandler
 .text.TIM3_IRQHandler
                0x080031a0       0x10 ./Core/Src/stm32g0xx_it.o
                0x080031a0                TIM3_IRQHandler
 .text.TIM16_IRQHandler
                0x080031b0       0x10 ./Core/Src/stm32g0xx_it.o
                0x080031b0                TIM16_IRQHandler
 .text.USART2_IRQHandler
                0x080031c0       0x10 ./Core/Src/stm32g0xx_it.o
                0x080031c0                USART2_IRQHandler
 .text.LPTIM1_IRQHandler
                0x080031d0       0x10 ./Core/Src/stm32g0xx_it.o
                0x080031d0                LPTIM1_IRQHandler
 .text.TIM17_IRQHandler
                0x080031e0       0x10 ./Core/Src/stm32g0xx_it.o
                0x080031e0                TIM17_IRQHandler
 .text.TIM14_IRQHandler
                0x080031f0       0x10 ./Core/Src/stm32g0xx_it.o
                0x080031f0                TIM14_IRQHandler
 .text.Process_TIM16_Final_Start_Value_and_Final_Prescaler
                0x08003200      0x27c ./Core/Src/symmetry_adjustment.o
                0x08003200                Process_TIM16_Final_Start_Value_and_Final_Prescaler
 .text.SystemInit
                0x0800347c        0x4 ./Core/Src/system_stm32g0xx.o
                0x0800347c                SystemInit
 .text.Start_OC_TIM
                0x08003480       0x14 ./Core/Src/timers.o
                0x08003480                Start_OC_TIM
 .text.Stop_OC_TIM
                0x08003494       0x14 ./Core/Src/timers.o
                0x08003494                Stop_OC_TIM
 .text.isPrime  0x080034a8       0x34 ./Core/Src/utility.o
                0x080034a8                isPrime
 .text.unsigned_bitwise_modulo
                0x080034dc        0xc ./Core/Src/utility.o
                0x080034dc                unsigned_bitwise_modulo
 .text.Global_Interrupt_Enable
                0x080034e8        0x8 ./Core/Src/utility.o
                0x080034e8                Global_Interrupt_Enable
 .text.Get_Status_Bit
                0x080034f0        0xc ./Core/Src/utility.o
                0x080034f0                Get_Status_Bit
 .text.Set_Status_Bit
                0x080034fc        0x8 ./Core/Src/utility.o
                0x080034fc                Set_Status_Bit
 .text.Clear_Status_Bit
                0x08003504        0x8 ./Core/Src/utility.o
                0x08003504                Clear_Status_Bit
 .text.Reset_Handler
                0x0800350c       0x50 ./Core/Startup/startup_stm32g031k8tx.o
                0x0800350c                Reset_Handler
 .text.Default_Handler
                0x0800355c        0x2 ./Core/Startup/startup_stm32g031k8tx.o
                0x0800355c                TIM1_BRK_UP_TRG_COM_IRQHandler
                0x0800355c                PVD_IRQHandler
                0x0800355c                I2C1_IRQHandler
                0x0800355c                LPTIM2_IRQHandler
                0x0800355c                RTC_TAMP_IRQHandler
                0x0800355c                SPI1_IRQHandler
                0x0800355c                DMA1_Ch4_5_DMAMUX1_OVR_IRQHandler
                0x0800355c                EXTI2_3_IRQHandler
                0x0800355c                ADC1_IRQHandler
                0x0800355c                I2C2_IRQHandler
                0x0800355c                RCC_IRQHandler
                0x0800355c                Default_Handler
                0x0800355c                EXTI0_1_IRQHandler
                0x0800355c                SPI2_IRQHandler
                0x0800355c                WWDG_IRQHandler
                0x0800355c                LPUART1_IRQHandler
                0x0800355c                FLASH_IRQHandler
                0x0800355c                USART1_IRQHandler
                0x0800355c                TIM1_CC_IRQHandler
 *fill*         0x0800355e        0x2 
 .text.HAL_InitTick
                0x08003560       0x4c ./Drivers/STM32G0xx_HAL_Driver/Src/stm32g0xx_hal.o
                0x08003560                HAL_InitTick
 .text.HAL_Init
                0x080035ac       0x28 ./Drivers/STM32G0xx_HAL_Driver/Src/stm32g0xx_hal.o
                0x080035ac                HAL_Init
 .text.HAL_IncTick
                0x080035d4       0x18 ./Drivers/STM32G0xx_HAL_Driver/Src/stm32g0xx_hal.o
                0x080035d4                HAL_IncTick
 .text.HAL_GetTick
                0x080035ec        0xc ./Drivers/STM32G0xx_HAL_Driver/Src/stm32g0xx_hal.o
                0x080035ec                HAL_GetTick
 .text.ADC_DMAConvCplt
                0x080035f8       0x80 ./Drivers/STM32G0xx_HAL_Driver/Src/stm32g0xx_hal_adc.o
 .text.ADC_DMAHalfConvCplt
                0x08003678        0xc ./Drivers/STM32G0xx_HAL_Driver/Src/stm32g0xx_hal_adc.o
 .text.ADC_DMAError
                0x08003684       0x1c ./Drivers/STM32G0xx_HAL_Driver/Src/stm32g0xx_hal_adc.o
 .text.HAL_ADC_ErrorCallback
                0x080036a0        0x4 ./Drivers/STM32G0xx_HAL_Driver/Src/stm32g0xx_hal_adc.o
                0x080036a0                HAL_ADC_ErrorCallback
 .text.HAL_ADC_ConvCpltCallback
                0x080036a4        0x4 ./Drivers/STM32G0xx_HAL_Driver/Src/stm32g0xx_hal_adc.o
                0x080036a4                HAL_ADC_ConvCpltCallback
 .text.HAL_ADC_ConvHalfCpltCallback
                0x080036a8        0x4 ./Drivers/STM32G0xx_HAL_Driver/Src/stm32g0xx_hal_adc.o
                0x080036a8                HAL_ADC_ConvHalfCpltCallback
 .text.HAL_ADC_LevelOutOfWindowCallback
                0x080036ac        0x4 ./Drivers/STM32G0xx_HAL_Driver/Src/stm32g0xx_hal_adc.o
                0x080036ac                HAL_ADC_LevelOutOfWindowCallback
 .text.HAL_ADC_Init
                0x080036b0      0x284 ./Drivers/STM32G0xx_HAL_Driver/Src/stm32g0xx_hal_adc.o
                0x080036b0                HAL_ADC_Init
 .text.HAL_ADC_RegisterCallback
                0x08003934       0x70 ./Drivers/STM32G0xx_HAL_Driver/Src/stm32g0xx_hal_adc.o
                0x08003934                HAL_ADC_RegisterCallback
 .text.HAL_ADC_ConfigChannel
                0x080039a4      0x284 ./Drivers/STM32G0xx_HAL_Driver/Src/stm32g0xx_hal_adc.o
                0x080039a4                HAL_ADC_ConfigChannel
 .text.ADC_ConversionStop
                0x08003c28       0x74 ./Drivers/STM32G0xx_HAL_Driver/Src/stm32g0xx_hal_adc.o
                0x08003c28                ADC_ConversionStop
 .text.ADC_Enable
                0x08003c9c       0xcc ./Drivers/STM32G0xx_HAL_Driver/Src/stm32g0xx_hal_adc.o
                0x08003c9c                ADC_Enable
 .text.HAL_ADC_Start_DMA
                0x08003d68       0xb4 ./Drivers/STM32G0xx_HAL_Driver/Src/stm32g0xx_hal_adc.o
                0x08003d68                HAL_ADC_Start_DMA
 .text.ADC_Disable
                0x08003e1c       0x88 ./Drivers/STM32G0xx_HAL_Driver/Src/stm32g0xx_hal_adc.o
                0x08003e1c                ADC_Disable
 .text.HAL_ADC_Stop_DMA
                0x08003ea4       0x8c ./Drivers/STM32G0xx_HAL_Driver/Src/stm32g0xx_hal_adc.o
                0x08003ea4                HAL_ADC_Stop_DMA
 .text.HAL_ADCEx_Calibration_Start
                0x08003f30      0x19c ./Drivers/STM32G0xx_HAL_Driver/Src/stm32g0xx_hal_adc_ex.o
                0x08003f30                HAL_ADCEx_Calibration_Start
 .text.HAL_ADCEx_LevelOutOfWindow2Callback
                0x080040cc        0x4 ./Drivers/STM32G0xx_HAL_Driver/Src/stm32g0xx_hal_adc_ex.o
                0x080040cc                HAL_ADCEx_LevelOutOfWindow2Callback
 .text.HAL_ADCEx_LevelOutOfWindow3Callback
                0x080040d0        0x4 ./Drivers/STM32G0xx_HAL_Driver/Src/stm32g0xx_hal_adc_ex.o
                0x080040d0                HAL_ADCEx_LevelOutOfWindow3Callback
 .text.HAL_ADCEx_EndOfSamplingCallback
                0x080040d4        0x4 ./Drivers/STM32G0xx_HAL_Driver/Src/stm32g0xx_hal_adc_ex.o
                0x080040d4                HAL_ADCEx_EndOfSamplingCallback
 .text.HAL_NVIC_SetPriority
                0x080040d8       0x54 ./Drivers/STM32G0xx_HAL_Driver/Src/stm32g0xx_hal_cortex.o
                0x080040d8                HAL_NVIC_SetPriority
 .text.HAL_NVIC_EnableIRQ
                0x0800412c       0x18 ./Drivers/STM32G0xx_HAL_Driver/Src/stm32g0xx_hal_cortex.o
                0x0800412c                HAL_NVIC_EnableIRQ
 .text.HAL_NVIC_DisableIRQ
                0x08004144       0x20 ./Drivers/STM32G0xx_HAL_Driver/Src/stm32g0xx_hal_cortex.o
                0x08004144                HAL_NVIC_DisableIRQ
 .text.HAL_SYSTICK_Config
                0x08004164       0x34 ./Drivers/STM32G0xx_HAL_Driver/Src/stm32g0xx_hal_cortex.o
                0x08004164                HAL_SYSTICK_Config
 .text.HAL_DMA_Init
                0x08004198       0xec ./Drivers/STM32G0xx_HAL_Driver/Src/stm32g0xx_hal_dma.o
                0x08004198                HAL_DMA_Init
 .text.HAL_DMA_Start_IT
                0x08004284       0xd0 ./Drivers/STM32G0xx_HAL_Driver/Src/stm32g0xx_hal_dma.o
                0x08004284                HAL_DMA_Start_IT
 .text.HAL_DMA_Abort
                0x08004354       0x78 ./Drivers/STM32G0xx_HAL_Driver/Src/stm32g0xx_hal_dma.o
                0x08004354                HAL_DMA_Abort
 .text.HAL_DMA_Abort_IT
                0x080043cc       0x78 ./Drivers/STM32G0xx_HAL_Driver/Src/stm32g0xx_hal_dma.o
                0x080043cc                HAL_DMA_Abort_IT
 .text.HAL_DMA_IRQHandler
                0x08004444       0xb8 ./Drivers/STM32G0xx_HAL_Driver/Src/stm32g0xx_hal_dma.o
                0x08004444                HAL_DMA_IRQHandler
 .text.HAL_GPIO_Init
                0x080044fc      0x360 ./Drivers/STM32G0xx_HAL_Driver/Src/stm32g0xx_hal_gpio.o
                0x080044fc                HAL_GPIO_Init
 .text.HAL_GPIO_ReadPin
                0x0800485c        0xc ./Drivers/STM32G0xx_HAL_Driver/Src/stm32g0xx_hal_gpio.o
                0x0800485c                HAL_GPIO_ReadPin
 .text.HAL_GPIO_WritePin
                0x08004868        0xc ./Drivers/STM32G0xx_HAL_Driver/Src/stm32g0xx_hal_gpio.o
                0x08004868                HAL_GPIO_WritePin
 .text.HAL_GPIO_EXTI_IRQHandler
                0x08004874       0x34 ./Drivers/STM32G0xx_HAL_Driver/Src/stm32g0xx_hal_gpio.o
                0x08004874                HAL_GPIO_EXTI_IRQHandler
 .text.HAL_LPTIM_DirectionDownCallback
                0x080048a8        0x4 ./Drivers/STM32G0xx_HAL_Driver/Src/stm32g0xx_hal_lptim.o
                0x080048a8                HAL_LPTIM_DirectionDownCallback
 .text.HAL_LPTIM_CompareMatchCallback
                0x080048ac        0x4 ./Drivers/STM32G0xx_HAL_Driver/Src/stm32g0xx_hal_lptim.o
                0x080048ac                HAL_LPTIM_CompareMatchCallback
 .text.HAL_LPTIM_AutoReloadMatchCallback
                0x080048b0        0x4 ./Drivers/STM32G0xx_HAL_Driver/Src/stm32g0xx_hal_lptim.o
                0x080048b0                HAL_LPTIM_AutoReloadMatchCallback
 .text.HAL_LPTIM_TriggerCallback
                0x080048b4        0x4 ./Drivers/STM32G0xx_HAL_Driver/Src/stm32g0xx_hal_lptim.o
                0x080048b4                HAL_LPTIM_TriggerCallback
 .text.HAL_LPTIM_CompareWriteCallback
                0x080048b8        0x4 ./Drivers/STM32G0xx_HAL_Driver/Src/stm32g0xx_hal_lptim.o
                0x080048b8                HAL_LPTIM_CompareWriteCallback
 .text.HAL_LPTIM_AutoReloadWriteCallback
                0x080048bc        0x4 ./Drivers/STM32G0xx_HAL_Driver/Src/stm32g0xx_hal_lptim.o
                0x080048bc                HAL_LPTIM_AutoReloadWriteCallback
 .text.HAL_LPTIM_DirectionUpCallback
                0x080048c0        0x4 ./Drivers/STM32G0xx_HAL_Driver/Src/stm32g0xx_hal_lptim.o
                0x080048c0                HAL_LPTIM_DirectionUpCallback
 .text.HAL_LPTIM_Init
                0x080048c4      0x108 ./Drivers/STM32G0xx_HAL_Driver/Src/stm32g0xx_hal_lptim.o
                0x080048c4                HAL_LPTIM_Init
 .text.HAL_LPTIM_IRQHandler
                0x080049cc       0xb8 ./Drivers/STM32G0xx_HAL_Driver/Src/stm32g0xx_hal_lptim.o
                0x080049cc                HAL_LPTIM_IRQHandler
 .text.HAL_LPTIM_RegisterCallback
                0x08004a84       0x70 ./Drivers/STM32G0xx_HAL_Driver/Src/stm32g0xx_hal_lptim.o
                0x08004a84                HAL_LPTIM_RegisterCallback
 .text.LPTIM_Disable
                0x08004af4      0x1e4 ./Drivers/STM32G0xx_HAL_Driver/Src/stm32g0xx_hal_lptim.o
                0x08004af4                LPTIM_Disable
 .text.HAL_LPTIM_SetOnce_Start_IT
                0x08004cd8       0xc8 ./Drivers/STM32G0xx_HAL_Driver/Src/stm32g0xx_hal_lptim.o
                0x08004cd8                HAL_LPTIM_SetOnce_Start_IT
 .text.HAL_PWREx_ControlVoltageScaling
                0x08004da0       0x60 ./Drivers/STM32G0xx_HAL_Driver/Src/stm32g0xx_hal_pwr_ex.o
                0x08004da0                HAL_PWREx_ControlVoltageScaling
 .text.HAL_RCC_OscConfig
                0x08004e00      0x4d0 ./Drivers/STM32G0xx_HAL_Driver/Src/stm32g0xx_hal_rcc.o
                0x08004e00                HAL_RCC_OscConfig
 .text.HAL_RCC_GetSysClockFreq
                0x080052d0       0x9c ./Drivers/STM32G0xx_HAL_Driver/Src/stm32g0xx_hal_rcc.o
                0x080052d0                HAL_RCC_GetSysClockFreq
 .text.HAL_RCC_ClockConfig
                0x0800536c      0x190 ./Drivers/STM32G0xx_HAL_Driver/Src/stm32g0xx_hal_rcc.o
                0x0800536c                HAL_RCC_ClockConfig
 .text.HAL_RCC_GetPCLK1Freq
                0x080054fc       0x28 ./Drivers/STM32G0xx_HAL_Driver/Src/stm32g0xx_hal_rcc.o
                0x080054fc                HAL_RCC_GetPCLK1Freq
 .text.HAL_RCCEx_PeriphCLKConfig
                0x08005524      0x1ec ./Drivers/STM32G0xx_HAL_Driver/Src/stm32g0xx_hal_rcc_ex.o
                0x08005524                HAL_RCCEx_PeriphCLKConfig
 .text.HAL_TIM_OC_MspInit
                0x08005710        0x4 ./Drivers/STM32G0xx_HAL_Driver/Src/stm32g0xx_hal_tim.o
                0x08005710                HAL_TIM_OC_MspInit
 .text.HAL_TIM_PWM_MspInit
                0x08005714        0x4 ./Drivers/STM32G0xx_HAL_Driver/Src/stm32g0xx_hal_tim.o
                0x08005714                HAL_TIM_PWM_MspInit
 .text.HAL_TIM_IC_MspInit
                0x08005718        0x4 ./Drivers/STM32G0xx_HAL_Driver/Src/stm32g0xx_hal_tim.o
                0x08005718                HAL_TIM_IC_MspInit
 .text.HAL_TIM_PeriodElapsedCallback
                0x0800571c        0x4 ./Drivers/STM32G0xx_HAL_Driver/Src/stm32g0xx_hal_tim.o
                0x0800571c                HAL_TIM_PeriodElapsedCallback
 .text.HAL_TIM_PeriodElapsedHalfCpltCallback
                0x08005720        0x4 ./Drivers/STM32G0xx_HAL_Driver/Src/stm32g0xx_hal_tim.o
                0x08005720                HAL_TIM_PeriodElapsedHalfCpltCallback
 .text.HAL_TIM_OC_DelayElapsedCallback
                0x08005724        0x4 ./Drivers/STM32G0xx_HAL_Driver/Src/stm32g0xx_hal_tim.o
                0x08005724                HAL_TIM_OC_DelayElapsedCallback
 .text.HAL_TIM_IC_CaptureCallback
                0x08005728        0x4 ./Drivers/STM32G0xx_HAL_Driver/Src/stm32g0xx_hal_tim.o
                0x08005728                HAL_TIM_IC_CaptureCallback
 .text.HAL_TIM_IC_CaptureHalfCpltCallback
                0x0800572c        0x4 ./Drivers/STM32G0xx_HAL_Driver/Src/stm32g0xx_hal_tim.o
                0x0800572c                HAL_TIM_IC_CaptureHalfCpltCallback
 .text.HAL_TIM_PWM_PulseFinishedCallback
                0x08005730        0x4 ./Drivers/STM32G0xx_HAL_Driver/Src/stm32g0xx_hal_tim.o
                0x08005730                HAL_TIM_PWM_PulseFinishedCallback
 .text.HAL_TIM_PWM_PulseFinishedHalfCpltCallback
                0x08005734        0x4 ./Drivers/STM32G0xx_HAL_Driver/Src/stm32g0xx_hal_tim.o
                0x08005734                HAL_TIM_PWM_PulseFinishedHalfCpltCallback
 .text.HAL_TIM_TriggerCallback
                0x08005738        0x4 ./Drivers/STM32G0xx_HAL_Driver/Src/stm32g0xx_hal_tim.o
                0x08005738                HAL_TIM_TriggerCallback
 .text.HAL_TIM_TriggerHalfCpltCallback
                0x0800573c        0x4 ./Drivers/STM32G0xx_HAL_Driver/Src/stm32g0xx_hal_tim.o
                0x0800573c                HAL_TIM_TriggerHalfCpltCallback
 .text.HAL_TIM_ErrorCallback
                0x08005740        0x4 ./Drivers/STM32G0xx_HAL_Driver/Src/stm32g0xx_hal_tim.o
                0x08005740                HAL_TIM_ErrorCallback
 .text.HAL_TIM_Base_Init
                0x08005744      0x1ac ./Drivers/STM32G0xx_HAL_Driver/Src/stm32g0xx_hal_tim.o
                0x08005744                HAL_TIM_Base_Init
 .text.HAL_TIM_Base_Start
                0x080058f0       0x5c ./Drivers/STM32G0xx_HAL_Driver/Src/stm32g0xx_hal_tim.o
                0x080058f0                HAL_TIM_Base_Start
 .text.HAL_TIM_Base_Start_IT
                0x0800594c       0x64 ./Drivers/STM32G0xx_HAL_Driver/Src/stm32g0xx_hal_tim.o
                0x0800594c                HAL_TIM_Base_Start_IT
 .text.HAL_TIM_OC_Init
                0x080059b0      0x1ac ./Drivers/STM32G0xx_HAL_Driver/Src/stm32g0xx_hal_tim.o
                0x080059b0                HAL_TIM_OC_Init
 .text.HAL_TIM_OC_Start_IT
                0x08005b5c      0x100 ./Drivers/STM32G0xx_HAL_Driver/Src/stm32g0xx_hal_tim.o
                0x08005b5c                HAL_TIM_OC_Start_IT
 .text.HAL_TIM_OC_Stop_IT
                0x08005c5c       0xd8 ./Drivers/STM32G0xx_HAL_Driver/Src/stm32g0xx_hal_tim.o
                0x08005c5c                HAL_TIM_OC_Stop_IT
 .text.HAL_TIM_PWM_Init
                0x08005d34      0x1ac ./Drivers/STM32G0xx_HAL_Driver/Src/stm32g0xx_hal_tim.o
                0x08005d34                HAL_TIM_PWM_Init
 .text.HAL_TIM_PWM_Start
                0x08005ee0       0xd0 ./Drivers/STM32G0xx_HAL_Driver/Src/stm32g0xx_hal_tim.o
                0x08005ee0                HAL_TIM_PWM_Start
 .text.HAL_TIM_IC_Init
                0x08005fb0      0x1ac ./Drivers/STM32G0xx_HAL_Driver/Src/stm32g0xx_hal_tim.o
                0x08005fb0                HAL_TIM_IC_Init
 .text.HAL_TIM_IC_Start_IT
                0x0800615c      0x12c ./Drivers/STM32G0xx_HAL_Driver/Src/stm32g0xx_hal_tim.o
                0x0800615c                HAL_TIM_IC_Start_IT
 .text.HAL_TIM_IRQHandler
                0x08006288      0x1a8 ./Drivers/STM32G0xx_HAL_Driver/Src/stm32g0xx_hal_tim.o
                0x08006288                HAL_TIM_IRQHandler
 .text.HAL_TIM_OC_ConfigChannel
                0x08006430      0x2ac ./Drivers/STM32G0xx_HAL_Driver/Src/stm32g0xx_hal_tim.o
                0x08006430                HAL_TIM_OC_ConfigChannel
 .text.HAL_TIM_IC_ConfigChannel
                0x080066dc      0x1bc ./Drivers/STM32G0xx_HAL_Driver/Src/stm32g0xx_hal_tim.o
                0x080066dc                HAL_TIM_IC_ConfigChannel
 .text.HAL_TIM_PWM_ConfigChannel
                0x08006898      0x350 ./Drivers/STM32G0xx_HAL_Driver/Src/stm32g0xx_hal_tim.o
                0x08006898                HAL_TIM_PWM_ConfigChannel
 .text.HAL_TIM_ConfigClockSource
                0x08006be8      0x164 ./Drivers/STM32G0xx_HAL_Driver/Src/stm32g0xx_hal_tim.o
                0x08006be8                HAL_TIM_ConfigClockSource
 .text.HAL_TIM_ReadCapturedValue
                0x08006d4c       0x30 ./Drivers/STM32G0xx_HAL_Driver/Src/stm32g0xx_hal_tim.o
                0x08006d4c                HAL_TIM_ReadCapturedValue
 .text.HAL_TIM_RegisterCallback
                0x08006d7c      0x104 ./Drivers/STM32G0xx_HAL_Driver/Src/stm32g0xx_hal_tim.o
                0x08006d7c                HAL_TIM_RegisterCallback
 .text.HAL_TIMEx_MasterConfigSynchronization
                0x08006e80       0x70 ./Drivers/STM32G0xx_HAL_Driver/Src/stm32g0xx_hal_tim_ex.o
                0x08006e80                HAL_TIMEx_MasterConfigSynchronization
 .text.HAL_TIMEx_ConfigBreakDeadTime
                0x08006ef0       0xc0 ./Drivers/STM32G0xx_HAL_Driver/Src/stm32g0xx_hal_tim_ex.o
                0x08006ef0                HAL_TIMEx_ConfigBreakDeadTime
 .text.HAL_TIMEx_CommutCallback
                0x08006fb0        0x4 ./Drivers/STM32G0xx_HAL_Driver/Src/stm32g0xx_hal_tim_ex.o
                0x08006fb0                HAL_TIMEx_CommutCallback
 .text.HAL_TIMEx_CommutHalfCpltCallback
                0x08006fb4        0x4 ./Drivers/STM32G0xx_HAL_Driver/Src/stm32g0xx_hal_tim_ex.o
                0x08006fb4                HAL_TIMEx_CommutHalfCpltCallback
 .text.HAL_TIMEx_BreakCallback
                0x08006fb8        0x4 ./Drivers/STM32G0xx_HAL_Driver/Src/stm32g0xx_hal_tim_ex.o
                0x08006fb8                HAL_TIMEx_BreakCallback
 .text.HAL_TIMEx_Break2Callback
                0x08006fbc        0x4 ./Drivers/STM32G0xx_HAL_Driver/Src/stm32g0xx_hal_tim_ex.o
                0x08006fbc                HAL_TIMEx_Break2Callback
 .text.HAL_UARTEx_RxEventCallback
                0x08006fc0        0x4 ./Drivers/STM32G0xx_HAL_Driver/Src/stm32g0xx_hal_uart.o
                0x08006fc0                HAL_UARTEx_RxEventCallback
 .text.UART_DMAReceiveCplt
                0x08006fc4       0xa0 ./Drivers/STM32G0xx_HAL_Driver/Src/stm32g0xx_hal_uart.o
 .text.UART_DMARxHalfCplt
                0x08007064       0x24 ./Drivers/STM32G0xx_HAL_Driver/Src/stm32g0xx_hal_uart.o
 .text.UART_DMAAbortOnError
                0x08007088       0x18 ./Drivers/STM32G0xx_HAL_Driver/Src/stm32g0xx_hal_uart.o
 .text.HAL_UART_AbortReceiveCpltCallback
                0x080070a0        0x4 ./Drivers/STM32G0xx_HAL_Driver/Src/stm32g0xx_hal_uart.o
                0x080070a0                HAL_UART_AbortReceiveCpltCallback
 .text.HAL_UART_TxCpltCallback
                0x080070a4        0x4 ./Drivers/STM32G0xx_HAL_Driver/Src/stm32g0xx_hal_uart.o
                0x080070a4                HAL_UART_TxCpltCallback
 .text.HAL_UART_TxHalfCpltCallback
                0x080070a8        0x4 ./Drivers/STM32G0xx_HAL_Driver/Src/stm32g0xx_hal_uart.o
                0x080070a8                HAL_UART_TxHalfCpltCallback
 .text.HAL_UART_RxCpltCallback
                0x080070ac        0x4 ./Drivers/STM32G0xx_HAL_Driver/Src/stm32g0xx_hal_uart.o
                0x080070ac                HAL_UART_RxCpltCallback
 .text.HAL_UART_RxHalfCpltCallback
                0x080070b0        0x4 ./Drivers/STM32G0xx_HAL_Driver/Src/stm32g0xx_hal_uart.o
                0x080070b0                HAL_UART_RxHalfCpltCallback
 .text.HAL_UART_ErrorCallback
                0x080070b4        0x4 ./Drivers/STM32G0xx_HAL_Driver/Src/stm32g0xx_hal_uart.o
                0x080070b4                HAL_UART_ErrorCallback
 .text.HAL_UART_AbortCpltCallback
                0x080070b8        0x4 ./Drivers/STM32G0xx_HAL_Driver/Src/stm32g0xx_hal_uart.o
                0x080070b8                HAL_UART_AbortCpltCallback
 .text.HAL_UART_AbortTransmitCpltCallback
                0x080070bc        0x4 ./Drivers/STM32G0xx_HAL_Driver/Src/stm32g0xx_hal_uart.o
                0x080070bc                HAL_UART_AbortTransmitCpltCallback
 .text.UART_DMAError
                0x080070c0       0xdc ./Drivers/STM32G0xx_HAL_Driver/Src/stm32g0xx_hal_uart.o
 .text.HAL_UART_RegisterCallback
                0x0800719c       0xa4 ./Drivers/STM32G0xx_HAL_Driver/Src/stm32g0xx_hal_uart.o
                0x0800719c                HAL_UART_RegisterCallback
 .text.HAL_UART_Receive_DMA
                0x08007240      0x100 ./Drivers/STM32G0xx_HAL_Driver/Src/stm32g0xx_hal_uart.o
                0x08007240                HAL_UART_Receive_DMA
 .text.HAL_UART_IRQHandler
                0x08007340      0x3e0 ./Drivers/STM32G0xx_HAL_Driver/Src/stm32g0xx_hal_uart.o
                0x08007340                HAL_UART_IRQHandler
 .text.UART_AdvFeatureConfig
                0x08007720       0xd0 ./Drivers/STM32G0xx_HAL_Driver/Src/stm32g0xx_hal_uart.o
                0x08007720                UART_AdvFeatureConfig
 .text.UART_CheckIdleState
                0x080077f0      0x2ac ./Drivers/STM32G0xx_HAL_Driver/Src/stm32g0xx_hal_uart.o
                0x080077f0                UART_CheckIdleState
 .text.HAL_UART_Init
                0x08007a9c      0x31c ./Drivers/STM32G0xx_HAL_Driver/Src/stm32g0xx_hal_uart.o
                0x08007a9c                HAL_UART_Init
 .text.HAL_UARTEx_WakeupCallback
                0x08007db8        0x4 ./Drivers/STM32G0xx_HAL_Driver/Src/stm32g0xx_hal_uart_ex.o
                0x08007db8                HAL_UARTEx_WakeupCallback
 .text.HAL_UARTEx_RxFifoFullCallback
                0x08007dbc        0x4 ./Drivers/STM32G0xx_HAL_Driver/Src/stm32g0xx_hal_uart_ex.o
                0x08007dbc                HAL_UARTEx_RxFifoFullCallback
 .text.HAL_UARTEx_TxFifoEmptyCallback
                0x08007dc0        0x4 ./Drivers/STM32G0xx_HAL_Driver/Src/stm32g0xx_hal_uart_ex.o
                0x08007dc0                HAL_UARTEx_TxFifoEmptyCallback
 .text.memset   0x08007dc4       0x10 /Applications/STM32CubeIDE.app/Contents/Eclipse/plugins/com.st.stm32cube.ide.mcu.externaltools.gnu-tools-for-stm32.13.3.rel1.macos64_1.0.0.202411102158/tools/bin/../lib/gcc/arm-none-eabi/13.3.1/../../../../arm-none-eabi/lib/thumb/v6-m/nofp/libc_nano.a(libc_a-memset.o)
                0x08007dc4                memset
 .text.__libc_init_array
                0x08007dd4       0x48 /Applications/STM32CubeIDE.app/Contents/Eclipse/plugins/com.st.stm32cube.ide.mcu.externaltools.gnu-tools-for-stm32.13.3.rel1.macos64_1.0.0.202411102158/tools/bin/../lib/gcc/arm-none-eabi/13.3.1/../../../../arm-none-eabi/lib/thumb/v6-m/nofp/libc_nano.a(libc_a-init.o)
                0x08007dd4                __libc_init_array
 .text.memcpy   0x08007e1c       0x12 /Applications/STM32CubeIDE.app/Contents/Eclipse/plugins/com.st.stm32cube.ide.mcu.externaltools.gnu-tools-for-stm32.13.3.rel1.macos64_1.0.0.202411102158/tools/bin/../lib/gcc/arm-none-eabi/13.3.1/../../../../arm-none-eabi/lib/thumb/v6-m/nofp/libc_nano.a(libc_a-memcpy-stub.o)
                0x08007e1c                memcpy
 *(.glue_7)
 .glue_7        0x08007e2e        0x0 linker stubs
 *(.glue_7t)
 .glue_7t       0x08007e2e        0x0 linker stubs
 *(.eh_frame)
 *fill*         0x08007e2e        0x2 
 .eh_frame      0x08007e30        0x0 /Applications/STM32CubeIDE.app/Contents/Eclipse/plugins/com.st.stm32cube.ide.mcu.externaltools.gnu-tools-for-stm32.13.3.rel1.macos64_1.0.0.202411102158/tools/bin/../lib/gcc/arm-none-eabi/13.3.1/thumb/v6-m/nofp/crtbegin.o
 *(.init)
 .init          0x08007e30        0x4 /Applications/STM32CubeIDE.app/Contents/Eclipse/plugins/com.st.stm32cube.ide.mcu.externaltools.gnu-tools-for-stm32.13.3.rel1.macos64_1.0.0.202411102158/tools/bin/../lib/gcc/arm-none-eabi/13.3.1/thumb/v6-m/nofp/crti.o
                0x08007e30                _init
 .init          0x08007e34        0x8 /Applications/STM32CubeIDE.app/Contents/Eclipse/plugins/com.st.stm32cube.ide.mcu.externaltools.gnu-tools-for-stm32.13.3.rel1.macos64_1.0.0.202411102158/tools/bin/../lib/gcc/arm-none-eabi/13.3.1/thumb/v6-m/nofp/crtn.o
 *(.fini)
 .fini          0x08007e3c        0x4 /Applications/STM32CubeIDE.app/Contents/Eclipse/plugins/com.st.stm32cube.ide.mcu.externaltools.gnu-tools-for-stm32.13.3.rel1.macos64_1.0.0.202411102158/tools/bin/../lib/gcc/arm-none-eabi/13.3.1/thumb/v6-m/nofp/crti.o
                0x08007e3c                _fini
 .fini          0x08007e40        0x8 /Applications/STM32CubeIDE.app/Contents/Eclipse/plugins/com.st.stm32cube.ide.mcu.externaltools.gnu-tools-for-stm32.13.3.rel1.macos64_1.0.0.202411102158/tools/bin/../lib/gcc/arm-none-eabi/13.3.1/thumb/v6-m/nofp/crtn.o
                0x08007e48                        . = ALIGN (0x4)
                0x08007e48                        _etext = .

.vfp11_veneer   0x08007e48        0x0
 .vfp11_veneer  0x08007e48        0x0 linker stubs

.v4_bx          0x08007e48        0x0
 .v4_bx         0x08007e48        0x0 linker stubs

.iplt           0x08007e48        0x0
 .iplt          0x08007e48        0x0 /Applications/STM32CubeIDE.app/Contents/Eclipse/plugins/com.st.stm32cube.ide.mcu.externaltools.gnu-tools-for-stm32.13.3.rel1.macos64_1.0.0.202411102158/tools/bin/../lib/gcc/arm-none-eabi/13.3.1/thumb/v6-m/nofp/crtbegin.o

.rodata         0x08007e48      0xb50
                0x08007e48                        . = ALIGN (0x4)
 *(.rodata)
 *(.rodata*)
 .rodata.factory_preset_3
                0x08007e48        0x5 ./Core/Src/CC_and_PC.o
                0x08007e48                factory_preset_3
 *fill*         0x08007e4d        0x3 
 .rodata.factory_preset_2
                0x08007e50        0x5 ./Core/Src/CC_and_PC.o
                0x08007e50                factory_preset_2
 *fill*         0x08007e55        0x3 
 .rodata.factory_preset_1
                0x08007e58        0x5 ./Core/Src/CC_and_PC.o
                0x08007e58                factory_preset_1
 *fill*         0x08007e5d        0x3 
 .rodata.factory_preset_0
                0x08007e60        0x5 ./Core/Src/CC_and_PC.o
                0x08007e60                factory_preset_0
 *fill*         0x08007e65        0x3 
 .rodata.Pot_Check
                0x08007e68       0x14 ./Core/Src/checking_functions.o
 .rodata.num_ADC_conversions
                0x08007e7c        0x1 ./Core/Src/oscillator.o
                0x08007e7c                num_ADC_conversions
 *fill*         0x08007e7d        0x3 
 .rodata.tri_wavetable
                0x08007e80      0x400 ./Core/Src/oscillator.o
                0x08007e80                tri_wavetable
 .rodata.sine_wavetable
                0x08008280      0x400 ./Core/Src/oscillator.o
                0x08008280                sine_wavetable
 .rodata.APBPrescTable
                0x08008680       0x20 ./Core/Src/system_stm32g0xx.o
                0x08008680                APBPrescTable
 .rodata.AHBPrescTable
                0x080086a0       0x40 ./Core/Src/system_stm32g0xx.o
                0x080086a0                AHBPrescTable
 .rodata.HAL_ADC_RegisterCallback
                0x080086e0       0x2c ./Drivers/STM32G0xx_HAL_Driver/Src/stm32g0xx_hal_adc.o
 .rodata.HAL_LPTIM_RegisterCallback
                0x0800870c       0x24 ./Drivers/STM32G0xx_HAL_Driver/Src/stm32g0xx_hal_lptim.o
 .rodata.HAL_TIM_OC_Start_IT
                0x08008730       0x44 ./Drivers/STM32G0xx_HAL_Driver/Src/stm32g0xx_hal_tim.o
 .rodata.HAL_TIM_PWM_Start
                0x08008774       0x44 ./Drivers/STM32G0xx_HAL_Driver/Src/stm32g0xx_hal_tim.o
 .rodata.HAL_TIM_IC_Start_IT
                0x080087b8       0x44 ./Drivers/STM32G0xx_HAL_Driver/Src/stm32g0xx_hal_tim.o
 .rodata.HAL_TIM_OC_ConfigChannel
                0x080087fc       0x54 ./Drivers/STM32G0xx_HAL_Driver/Src/stm32g0xx_hal_tim.o
 .rodata.HAL_TIM_PWM_ConfigChannel
                0x08008850       0x54 ./Drivers/STM32G0xx_HAL_Driver/Src/stm32g0xx_hal_tim.o
 .rodata.HAL_TIM_RegisterCallback
                0x080088a4       0xa8 ./Drivers/STM32G0xx_HAL_Driver/Src/stm32g0xx_hal_tim.o
 .rodata.HAL_UART_RegisterCallback
                0x0800894c       0x34 ./Drivers/STM32G0xx_HAL_Driver/Src/stm32g0xx_hal_uart.o
 .rodata.UARTPrescTable
                0x08008980       0x18 ./Drivers/STM32G0xx_HAL_Driver/Src/stm32g0xx_hal_uart.o
                0x08008980                UARTPrescTable
                0x08008998                        . = ALIGN (0x4)

.ARM.extab      0x08008998        0x0
                0x08008998                        . = ALIGN (0x4)
 *(.ARM.extab* .gnu.linkonce.armextab.*)
                0x08008998                        . = ALIGN (0x4)

.ARM            0x08008998        0x8
                0x08008998                        . = ALIGN (0x4)
                0x08008998                        __exidx_start = .
 *(.ARM.exidx*)
 .ARM.exidx     0x08008998        0x8 /Applications/STM32CubeIDE.app/Contents/Eclipse/plugins/com.st.stm32cube.ide.mcu.externaltools.gnu-tools-for-stm32.13.3.rel1.macos64_1.0.0.202411102158/tools/bin/../lib/gcc/arm-none-eabi/13.3.1/thumb/v6-m/nofp/libgcc.a(_udivmoddi4.o)
                0x080089a0                        __exidx_end = .
                0x080089a0                        . = ALIGN (0x4)

.preinit_array  0x080089a0        0x0
                0x080089a0                        . = ALIGN (0x4)
                0x080089a0                        PROVIDE (__preinit_array_start = .)
 *(.preinit_array*)
                0x080089a0                        PROVIDE (__preinit_array_end = .)
                0x080089a0                        . = ALIGN (0x4)

.init_array     0x080089a0        0x4
                0x080089a0                        . = ALIGN (0x4)
                0x080089a0                        PROVIDE (__init_array_start = .)
 *(SORT_BY_NAME(.init_array.*))
 *(.init_array*)
 .init_array    0x080089a0        0x4 /Applications/STM32CubeIDE.app/Contents/Eclipse/plugins/com.st.stm32cube.ide.mcu.externaltools.gnu-tools-for-stm32.13.3.rel1.macos64_1.0.0.202411102158/tools/bin/../lib/gcc/arm-none-eabi/13.3.1/thumb/v6-m/nofp/crtbegin.o
                0x080089a4                        PROVIDE (__init_array_end = .)
                0x080089a4                        . = ALIGN (0x4)

.fini_array     0x080089a4        0x4
                0x080089a4                        . = ALIGN (0x4)
                [!provide]                        PROVIDE (__fini_array_start = .)
 *(SORT_BY_NAME(.fini_array.*))
 *(.fini_array*)
 .fini_array    0x080089a4        0x4 /Applications/STM32CubeIDE.app/Contents/Eclipse/plugins/com.st.stm32cube.ide.mcu.externaltools.gnu-tools-for-stm32.13.3.rel1.macos64_1.0.0.202411102158/tools/bin/../lib/gcc/arm-none-eabi/13.3.1/thumb/v6-m/nofp/crtbegin.o
                [!provide]                        PROVIDE (__fini_array_end = .)
                0x080089a8                        . = ALIGN (0x4)
                0x080089a8                        _sidata = LOADADDR (.data)

.rel.dyn        0x080089a8        0x0
 .rel.iplt      0x080089a8        0x0 /Applications/STM32CubeIDE.app/Contents/Eclipse/plugins/com.st.stm32cube.ide.mcu.externaltools.gnu-tools-for-stm32.13.3.rel1.macos64_1.0.0.202411102158/tools/bin/../lib/gcc/arm-none-eabi/13.3.1/thumb/v6-m/nofp/crtbegin.o

.data           0x20000000      0x44c load address 0x080089a8
                0x20000000                        . = ALIGN (0x4)
                0x20000000                        _sdata = .
 *(.data)
 *(.data*)
 .data.user_preset_3
                0x20000000        0x5 ./Core/Src/CC_and_PC.o
                0x20000000                user_preset_3
 *fill*         0x20000005        0x3 
 .data.user_preset_2
                0x20000008        0x5 ./Core/Src/CC_and_PC.o
                0x20000008                user_preset_2
 *fill*         0x2000000d        0x3 
 .data.user_preset_1
                0x20000010        0x5 ./Core/Src/CC_and_PC.o
                0x20000010                user_preset_1
 *fill*         0x20000015        0x3 
 .data.user_preset_0
                0x20000018        0x5 ./Core/Src/CC_and_PC.o
                0x20000018                user_preset_0
 .data.tap_tempo_switch_state_counter.1
                0x2000001d        0x1 ./Core/Src/checking_functions.o
 *fill*         0x2000001e        0x2 
 .data.delay_line
                0x20000020      0x406 ./Core/Src/oscillator.o
                0x20000020                delay_line
 *fill*         0x20000426        0x2 
 .data.IP_CAP_fsm
                0x20000428        0x2 ./Core/Src/state_machine.o
                0x20000428                IP_CAP_fsm
 *fill*         0x2000042a        0x2 
 .data.phase_fsm
                0x2000042c        0x2 ./Core/Src/state_machine.o
                0x2000042c                phase_fsm
 *fill*         0x2000042e        0x2 
 .data.symmetry_fsm
                0x20000430        0x2 ./Core/Src/state_machine.o
                0x20000430                symmetry_fsm
 *fill*         0x20000432        0x2 
 .data.waveshape_fsm
                0x20000434        0x2 ./Core/Src/state_machine.o
                0x20000434                waveshape_fsm
 *fill*         0x20000436        0x2 
 .data.depth_fsm
                0x20000438        0x2 ./Core/Src/state_machine.o
                0x20000438                depth_fsm
 *fill*         0x2000043a        0x2 
 .data.speed_fsm
                0x2000043c        0x2 ./Core/Src/state_machine.o
                0x2000043c                speed_fsm
 *fill*         0x2000043e        0x2 
 .data.SystemCoreClock
                0x20000440        0x4 ./Core/Src/system_stm32g0xx.o
                0x20000440                SystemCoreClock
 .data.uwTickFreq
                0x20000444        0x1 ./Drivers/STM32G0xx_HAL_Driver/Src/stm32g0xx_hal.o
                0x20000444                uwTickFreq
 *fill*         0x20000445        0x3 
 .data.uwTickPrio
                0x20000448        0x4 ./Drivers/STM32G0xx_HAL_Driver/Src/stm32g0xx_hal.o
                0x20000448                uwTickPrio
 *(.RamFunc)
 *(.RamFunc*)
                0x2000044c                        . = ALIGN (0x4)
                0x2000044c                        _edata = .

.igot.plt       0x2000044c        0x0 load address 0x08008df4
 .igot.plt      0x2000044c        0x0 /Applications/STM32CubeIDE.app/Contents/Eclipse/plugins/com.st.stm32cube.ide.mcu.externaltools.gnu-tools-for-stm32.13.3.rel1.macos64_1.0.0.202411102158/tools/bin/../lib/gcc/arm-none-eabi/13.3.1/thumb/v6-m/nofp/crtbegin.o
                0x2000044c                        . = ALIGN (0x4)

.bss            0x20000450      0x884 load address 0x08008df4
                0x20000450                        _sbss = .
                0x20000450                        __bss_start__ = _sbss
 *(.bss)
 .bss           0x20000450       0x1c /Applications/STM32CubeIDE.app/Contents/Eclipse/plugins/com.st.stm32cube.ide.mcu.externaltools.gnu-tools-for-stm32.13.3.rel1.macos64_1.0.0.202411102158/tools/bin/../lib/gcc/arm-none-eabi/13.3.1/thumb/v6-m/nofp/crtbegin.o
 *(.bss*)
 .bss.CC_array  0x2000046c        0x5 ./Core/Src/CC_and_PC.o
                0x2000046c                CC_array
 *fill*         0x20000471        0x3 
 .bss.user_presets_used_array
                0x20000474        0x4 ./Core/Src/CC_and_PC.o
                0x20000474                user_presets_used_array
 .bss.preset_selected
                0x20000478        0x1 ./Core/Src/CC_and_PC.o
                0x20000478                preset_selected
 *fill*         0x20000479        0x3 
 .bss.presets_converted_array
                0x2000047c       0x28 ./Core/Src/CC_and_PC.o
                0x2000047c                presets_converted_array
 .bss.user_presets_array
                0x200004a4       0x10 ./Core/Src/CC_and_PC.o
                0x200004a4                user_presets_array
 .bss.factory_presets_array
                0x200004b4       0x10 ./Core/Src/CC_and_PC.o
                0x200004b4                factory_presets_array
 .bss.MIDI_data
                0x200004c4        0xa ./Core/Src/MIDI.o
                0x200004c4                MIDI_data
 .bss.running_status_byte
                0x200004ce        0x1 ./Core/Src/MIDI.o
                0x200004ce                running_status_byte
 .bss.active_status_byte
                0x200004cf        0x1 ./Core/Src/MIDI.o
                0x200004cf                active_status_byte
 .bss.MIDI_basic_channel
                0x200004d0        0x1 ./Core/Src/MIDI.o
                0x200004d0                MIDI_basic_channel
 *fill*         0x200004d1        0x3 
 .bss.rx_buffer
                0x200004d4        0x1 ./Core/Src/UART.o
                0x200004d4                rx_buffer
 .bss.extend_rising_edge.0
                0x200004d5        0x1 ./Core/Src/checking_functions.o
 .bss.second_phase_measurement.2
                0x200004d6        0x2 ./Core/Src/checking_functions.o
 .bss.first_phase_measurement.3
                0x200004d8        0x2 ./Core/Src/checking_functions.o
 .bss.second_symmetry_measurement.4
                0x200004da        0x2 ./Core/Src/checking_functions.o
 .bss.first_symmetry_measurement.5
                0x200004dc        0x2 ./Core/Src/checking_functions.o
 .bss.second_depth_measurement.6
                0x200004de        0x2 ./Core/Src/checking_functions.o
 .bss.first_depth_measurement.7
                0x200004e0        0x2 ./Core/Src/checking_functions.o
 .bss.second_speed_measurement.8
                0x200004e2        0x2 ./Core/Src/checking_functions.o
 .bss.first_speed_measurement.9
                0x200004e4        0x2 ./Core/Src/checking_functions.o
 .bss.second_waveshape_measurement.10
                0x200004e6        0x2 ./Core/Src/checking_functions.o
 .bss.first_waveshape_measurement.11
                0x200004e8        0x2 ./Core/Src/checking_functions.o
 .bss.phase_pot_adc_measurement_num
                0x200004ea        0x1 ./Core/Src/checking_functions.o
                0x200004ea                phase_pot_adc_measurement_num
 .bss.symmetry_pot_adc_measurement_num
                0x200004eb        0x1 ./Core/Src/checking_functions.o
                0x200004eb                symmetry_pot_adc_measurement_num
 .bss.depth_pot_adc_measurement_num
                0x200004ec        0x1 ./Core/Src/checking_functions.o
                0x200004ec                depth_pot_adc_measurement_num
 .bss.speed_pot_adc_measurement_num
                0x200004ed        0x1 ./Core/Src/checking_functions.o
                0x200004ed                speed_pot_adc_measurement_num
 .bss.waveshape_pot_adc_measurement_num
                0x200004ee        0x1 ./Core/Src/checking_functions.o
                0x200004ee                waveshape_pot_adc_measurement_num
 *fill*         0x200004ef        0x1 
 .bss.hlptim1   0x200004f0       0x5c ./Core/Src/config.o
                0x200004f0                hlptim1
 .bss.hdma_usart2_tx
                0x2000054c       0x5c ./Core/Src/config.o
                0x2000054c                hdma_usart2_tx
 .bss.hdma_usart2_rx
                0x200005a8       0x5c ./Core/Src/config.o
                0x200005a8                hdma_usart2_rx
 .bss.huart2    0x20000604       0xcc ./Core/Src/config.o
                0x20000604                huart2
 .bss.htim1     0x200006d0       0xbc ./Core/Src/config.o
                0x200006d0                htim1
 .bss.htim3     0x2000078c       0xbc ./Core/Src/config.o
                0x2000078c                htim3
 .bss.htim2     0x20000848       0xbc ./Core/Src/config.o
                0x20000848                htim2
 .bss.htim16    0x20000904       0xbc ./Core/Src/config.o
                0x20000904                htim16
 .bss.htim17    0x200009c0       0xbc ./Core/Src/config.o
                0x200009c0                htim17
 .bss.htim14    0x20000a7c       0xbc ./Core/Src/config.o
                0x20000a7c                htim14
 .bss.hdma_adc1
                0x20000b38       0x5c ./Core/Src/config.o
                0x20000b38                hdma_adc1
 .bss.hadc1     0x20000b94       0x88 ./Core/Src/config.o
                0x20000b94                hadc1
 .bss.tap_tempo_switch_states.0
                0x20000c1c        0x2 ./Core/Src/custom_callbacks.o
 .bss.MIDI_CLK_tag
                0x20000c1e        0x1 ./Core/Src/input_capture.o
                0x20000c1e                MIDI_CLK_tag
 *fill*         0x20000c1f        0x1 
 .bss.interrupt_period
                0x20000c20        0x2 ./Core/Src/input_capture.o
                0x20000c20                interrupt_period
 *fill*         0x20000c22        0x2 
 .bss.TIM2_ch1_input_capture_value
                0x20000c24        0x4 ./Core/Src/input_capture.o
                0x20000c24                TIM2_ch1_input_capture_value
 .bss.midi_counter
                0x20000c28        0x4 ./Core/Src/main.o
                0x20000c28                midi_counter
 .bss.idle_counter
                0x20000c2c        0x4 ./Core/Src/main.o
                0x20000c2c                idle_counter
 .bss.statuses  0x20000c30        0x4 ./Core/Src/main.o
                0x20000c30                statuses
 .bss.params_working
                0x20000c34       0x24 ./Core/Src/oscillator.o
                0x20000c34                params_working
 .bss.params_to_be_loaded
                0x20000c58       0x24 ./Core/Src/oscillator.o
                0x20000c58                params_to_be_loaded
 .bss.params_manual
                0x20000c7c       0x24 ./Core/Src/oscillator.o
                0x20000c7c                params_manual
 .bss.params    0x20000ca0       0x24 ./Core/Src/oscillator.o
                0x20000ca0                params
 .bss.ADCResultsDMA
                0x20000cc4        0xa ./Core/Src/oscillator.o
                0x20000cc4                ADCResultsDMA
 .bss.MIDI_CLK_fsm
                0x20000cce        0x1 ./Core/Src/state_machine.o
                0x20000cce                MIDI_CLK_fsm
 *fill*         0x20000ccf        0x1 
 .bss.uwTick    0x20000cd0        0x4 ./Drivers/STM32G0xx_HAL_Driver/Src/stm32g0xx_hal.o
                0x20000cd0                uwTick
 *(COMMON)
                0x20000cd4                        . = ALIGN (0x4)
                0x20000cd4                        _ebss = .
                0x20000cd4                        __bss_end__ = _ebss

._user_heap_stack
                0x20000cd4      0x604 load address 0x08008df4
                0x20000cd8                        . = ALIGN (0x8)
 *fill*         0x20000cd4        0x4 
                [!provide]                        PROVIDE (end = .)
                0x20000cd8                        PROVIDE (_end = .)
                0x20000ed8                        . = (. + _Min_Heap_Size)
 *fill*         0x20000cd8      0x200 
                0x200012d8                        . = (. + _Min_Stack_Size)
 *fill*         0x20000ed8      0x400 
                0x200012d8                        . = ALIGN (0x8)

/DISCARD/
 libc.a(*)
 libm.a(*)
 libgcc.a(*)

.ARM.attributes
                0x00000000       0x28
 *(.ARM.attributes)
 .ARM.attributes
                0x00000000       0x1e /Applications/STM32CubeIDE.app/Contents/Eclipse/plugins/com.st.stm32cube.ide.mcu.externaltools.gnu-tools-for-stm32.13.3.rel1.macos64_1.0.0.202411102158/tools/bin/../lib/gcc/arm-none-eabi/13.3.1/thumb/v6-m/nofp/crti.o
 .ARM.attributes
                0x0000001e       0x2c /Applications/STM32CubeIDE.app/Contents/Eclipse/plugins/com.st.stm32cube.ide.mcu.externaltools.gnu-tools-for-stm32.13.3.rel1.macos64_1.0.0.202411102158/tools/bin/../lib/gcc/arm-none-eabi/13.3.1/thumb/v6-m/nofp/crtbegin.o
 .ARM.attributes
                0x0000004a       0x28 ./Core/Src/CC_and_PC.o
 .ARM.attributes
                0x00000072       0x28 ./Core/Src/MIDI.o
 .ARM.attributes
                0x0000009a       0x28 ./Core/Src/UART.o
 .ARM.attributes
                0x000000c2       0x28 ./Core/Src/checking_functions.o
 .ARM.attributes
                0x000000ea       0x28 ./Core/Src/config.o
 .ARM.attributes
                0x00000112       0x28 ./Core/Src/custom_callbacks.o
 .ARM.attributes
                0x0000013a       0x28 ./Core/Src/input_capture.o
 .ARM.attributes
                0x00000162       0x28 ./Core/Src/main.o
 .ARM.attributes
                0x0000018a       0x28 ./Core/Src/oscillator.o
 .ARM.attributes
                0x000001b2       0x28 ./Core/Src/startup.o
 .ARM.attributes
                0x000001da       0x28 ./Core/Src/state_machine.o
 .ARM.attributes
                0x00000202       0x28 ./Core/Src/stm32g0xx_hal_msp.o
 .ARM.attributes
                0x0000022a       0x28 ./Core/Src/stm32g0xx_it.o
 .ARM.attributes
                0x00000252       0x28 ./Core/Src/symmetry_adjustment.o
 .ARM.attributes
                0x0000027a       0x28 ./Core/Src/system_stm32g0xx.o
 .ARM.attributes
                0x000002a2       0x28 ./Core/Src/timers.o
 .ARM.attributes
                0x000002ca       0x28 ./Core/Src/utility.o
 .ARM.attributes
                0x000002f2       0x22 ./Core/Startup/startup_stm32g031k8tx.o
 .ARM.attributes
                0x00000314       0x28 ./Drivers/STM32G0xx_HAL_Driver/Src/stm32g0xx_hal.o
 .ARM.attributes
                0x0000033c       0x28 ./Drivers/STM32G0xx_HAL_Driver/Src/stm32g0xx_hal_adc.o
 .ARM.attributes
                0x00000364       0x28 ./Drivers/STM32G0xx_HAL_Driver/Src/stm32g0xx_hal_adc_ex.o
 .ARM.attributes
                0x0000038c       0x28 ./Drivers/STM32G0xx_HAL_Driver/Src/stm32g0xx_hal_cortex.o
 .ARM.attributes
                0x000003b4       0x28 ./Drivers/STM32G0xx_HAL_Driver/Src/stm32g0xx_hal_dma.o
 .ARM.attributes
                0x000003dc       0x28 ./Drivers/STM32G0xx_HAL_Driver/Src/stm32g0xx_hal_gpio.o
 .ARM.attributes
                0x00000404       0x28 ./Drivers/STM32G0xx_HAL_Driver/Src/stm32g0xx_hal_lptim.o
 .ARM.attributes
                0x0000042c       0x28 ./Drivers/STM32G0xx_HAL_Driver/Src/stm32g0xx_hal_pwr_ex.o
 .ARM.attributes
                0x00000454       0x28 ./Drivers/STM32G0xx_HAL_Driver/Src/stm32g0xx_hal_rcc.o
 .ARM.attributes
                0x0000047c       0x28 ./Drivers/STM32G0xx_HAL_Driver/Src/stm32g0xx_hal_rcc_ex.o
 .ARM.attributes
                0x000004a4       0x28 ./Drivers/STM32G0xx_HAL_Driver/Src/stm32g0xx_hal_tim.o
 .ARM.attributes
                0x000004cc       0x28 ./Drivers/STM32G0xx_HAL_Driver/Src/stm32g0xx_hal_tim_ex.o
 .ARM.attributes
                0x000004f4       0x28 ./Drivers/STM32G0xx_HAL_Driver/Src/stm32g0xx_hal_uart.o
 .ARM.attributes
                0x0000051c       0x28 ./Drivers/STM32G0xx_HAL_Driver/Src/stm32g0xx_hal_uart_ex.o
 .ARM.attributes
                0x00000544       0x2c /Applications/STM32CubeIDE.app/Contents/Eclipse/plugins/com.st.stm32cube.ide.mcu.externaltools.gnu-tools-for-stm32.13.3.rel1.macos64_1.0.0.202411102158/tools/bin/../lib/gcc/arm-none-eabi/13.3.1/../../../../arm-none-eabi/lib/thumb/v6-m/nofp/libc_nano.a(libc_a-memset.o)
 .ARM.attributes
                0x00000570       0x2c /Applications/STM32CubeIDE.app/Contents/Eclipse/plugins/com.st.stm32cube.ide.mcu.externaltools.gnu-tools-for-stm32.13.3.rel1.macos64_1.0.0.202411102158/tools/bin/../lib/gcc/arm-none-eabi/13.3.1/../../../../arm-none-eabi/lib/thumb/v6-m/nofp/libc_nano.a(libc_a-init.o)
 .ARM.attributes
                0x0000059c       0x2c /Applications/STM32CubeIDE.app/Contents/Eclipse/plugins/com.st.stm32cube.ide.mcu.externaltools.gnu-tools-for-stm32.13.3.rel1.macos64_1.0.0.202411102158/tools/bin/../lib/gcc/arm-none-eabi/13.3.1/../../../../arm-none-eabi/lib/thumb/v6-m/nofp/libc_nano.a(libc_a-memcpy-stub.o)
 .ARM.attributes
                0x000005c8       0x1e /Applications/STM32CubeIDE.app/Contents/Eclipse/plugins/com.st.stm32cube.ide.mcu.externaltools.gnu-tools-for-stm32.13.3.rel1.macos64_1.0.0.202411102158/tools/bin/../lib/gcc/arm-none-eabi/13.3.1/thumb/v6-m/nofp/libgcc.a(_udivsi3.o)
 .ARM.attributes
                0x000005e6       0x1e /Applications/STM32CubeIDE.app/Contents/Eclipse/plugins/com.st.stm32cube.ide.mcu.externaltools.gnu-tools-for-stm32.13.3.rel1.macos64_1.0.0.202411102158/tools/bin/../lib/gcc/arm-none-eabi/13.3.1/thumb/v6-m/nofp/libgcc.a(_dvmd_tls.o)
 .ARM.attributes
                0x00000604       0x1e /Applications/STM32CubeIDE.app/Contents/Eclipse/plugins/com.st.stm32cube.ide.mcu.externaltools.gnu-tools-for-stm32.13.3.rel1.macos64_1.0.0.202411102158/tools/bin/../lib/gcc/arm-none-eabi/13.3.1/thumb/v6-m/nofp/libgcc.a(_aeabi_uldivmod.o)
 .ARM.attributes
                0x00000622       0x2c /Applications/STM32CubeIDE.app/Contents/Eclipse/plugins/com.st.stm32cube.ide.mcu.externaltools.gnu-tools-for-stm32.13.3.rel1.macos64_1.0.0.202411102158/tools/bin/../lib/gcc/arm-none-eabi/13.3.1/thumb/v6-m/nofp/libgcc.a(_udivmoddi4.o)
 .ARM.attributes
                0x0000064e       0x1e /Applications/STM32CubeIDE.app/Contents/Eclipse/plugins/com.st.stm32cube.ide.mcu.externaltools.gnu-tools-for-stm32.13.3.rel1.macos64_1.0.0.202411102158/tools/bin/../lib/gcc/arm-none-eabi/13.3.1/thumb/v6-m/nofp/libgcc.a(_clzdi2.o)
 .ARM.attributes
                0x0000066c       0x1e /Applications/STM32CubeIDE.app/Contents/Eclipse/plugins/com.st.stm32cube.ide.mcu.externaltools.gnu-tools-for-stm32.13.3.rel1.macos64_1.0.0.202411102158/tools/bin/../lib/gcc/arm-none-eabi/13.3.1/thumb/v6-m/nofp/libgcc.a(_clzsi2.o)
 .ARM.attributes
                0x0000068a       0x1e /Applications/STM32CubeIDE.app/Contents/Eclipse/plugins/com.st.stm32cube.ide.mcu.externaltools.gnu-tools-for-stm32.13.3.rel1.macos64_1.0.0.202411102158/tools/bin/../lib/gcc/arm-none-eabi/13.3.1/thumb/v6-m/nofp/crtn.o
OUTPUT(g031k8.elf elf32-littlearm)
LOAD linker stubs
LOAD /Applications/STM32CubeIDE.app/Contents/Eclipse/plugins/com.st.stm32cube.ide.mcu.externaltools.gnu-tools-for-stm32.13.3.rel1.macos64_1.0.0.202411102158/tools/bin/../lib/gcc/arm-none-eabi/13.3.1/../../../../arm-none-eabi/lib/thumb/v6-m/nofp/libc.a
LOAD /Applications/STM32CubeIDE.app/Contents/Eclipse/plugins/com.st.stm32cube.ide.mcu.externaltools.gnu-tools-for-stm32.13.3.rel1.macos64_1.0.0.202411102158/tools/bin/../lib/gcc/arm-none-eabi/13.3.1/../../../../arm-none-eabi/lib/thumb/v6-m/nofp/libm.a
LOAD /Applications/STM32CubeIDE.app/Contents/Eclipse/plugins/com.st.stm32cube.ide.mcu.externaltools.gnu-tools-for-stm32.13.3.rel1.macos64_1.0.0.202411102158/tools/bin/../lib/gcc/arm-none-eabi/13.3.1/thumb/v6-m/nofp/libgcc.a

.debug_info     0x00000000    0x2c127
 .debug_info    0x00000000     0x15dd ./Core/Src/CC_and_PC.o
 .debug_info    0x000015dd      0xc62 ./Core/Src/MIDI.o
 .debug_info    0x0000223f      0x925 ./Core/Src/UART.o
 .debug_info    0x00002b64      0x825 ./Core/Src/checking_functions.o
 .debug_info    0x00003389     0x3825 ./Core/Src/config.o
 .debug_info    0x00006bae     0x3111 ./Core/Src/custom_callbacks.o
 .debug_info    0x00009cbf      0xf4c ./Core/Src/input_capture.o
 .debug_info    0x0000ac0b      0x508 ./Core/Src/main.o
 .debug_info    0x0000b113      0xf36 ./Core/Src/oscillator.o
 .debug_info    0x0000c049     0x17c4 ./Core/Src/startup.o
 .debug_info    0x0000d80d      0x2cf ./Core/Src/state_machine.o
 .debug_info    0x0000dadc     0x2113 ./Core/Src/stm32g0xx_hal_msp.o
 .debug_info    0x0000fbef     0x12ca ./Core/Src/stm32g0xx_it.o
 .debug_info    0x00010eb9      0x530 ./Core/Src/symmetry_adjustment.o
 .debug_info    0x000113e9      0x34e ./Core/Src/system_stm32g0xx.o
 .debug_info    0x00011737      0xa60 ./Core/Src/timers.o
 .debug_info    0x00012197      0x2ee ./Core/Src/utility.o
 .debug_info    0x00012485       0x30 ./Core/Startup/startup_stm32g031k8tx.o
 .debug_info    0x000124b5      0xb3c ./Drivers/STM32G0xx_HAL_Driver/Src/stm32g0xx_hal.o
 .debug_info    0x00012ff1     0x23f9 ./Drivers/STM32G0xx_HAL_Driver/Src/stm32g0xx_hal_adc.o
 .debug_info    0x000153ea      0xd8e ./Drivers/STM32G0xx_HAL_Driver/Src/stm32g0xx_hal_adc_ex.o
 .debug_info    0x00016178      0xa40 ./Drivers/STM32G0xx_HAL_Driver/Src/stm32g0xx_hal_cortex.o
 .debug_info    0x00016bb8      0xac8 ./Drivers/STM32G0xx_HAL_Driver/Src/stm32g0xx_hal_dma.o
 .debug_info    0x00017680      0x5e4 ./Drivers/STM32G0xx_HAL_Driver/Src/stm32g0xx_hal_gpio.o
 .debug_info    0x00017c64     0x1c8b ./Drivers/STM32G0xx_HAL_Driver/Src/stm32g0xx_hal_lptim.o
 .debug_info    0x000198ef      0x7ef ./Drivers/STM32G0xx_HAL_Driver/Src/stm32g0xx_hal_pwr_ex.o
 .debug_info    0x0001a0de      0xdc8 ./Drivers/STM32G0xx_HAL_Driver/Src/stm32g0xx_hal_rcc.o
 .debug_info    0x0001aea6      0x854 ./Drivers/STM32G0xx_HAL_Driver/Src/stm32g0xx_hal_rcc_ex.o
 .debug_info    0x0001b6fa     0x54b6 ./Drivers/STM32G0xx_HAL_Driver/Src/stm32g0xx_hal_tim.o
 .debug_info    0x00020bb0     0x217c ./Drivers/STM32G0xx_HAL_Driver/Src/stm32g0xx_hal_tim_ex.o
 .debug_info    0x00022d2c     0x7f4f ./Drivers/STM32G0xx_HAL_Driver/Src/stm32g0xx_hal_uart.o
 .debug_info    0x0002ac7b     0x14ac ./Drivers/STM32G0xx_HAL_Driver/Src/stm32g0xx_hal_uart_ex.o

.debug_abbrev   0x00000000     0x56b2
 .debug_abbrev  0x00000000      0x434 ./Core/Src/CC_and_PC.o
 .debug_abbrev  0x00000434      0x32f ./Core/Src/MIDI.o
 .debug_abbrev  0x00000763      0x1b9 ./Core/Src/UART.o
 .debug_abbrev  0x0000091c      0x217 ./Core/Src/checking_functions.o
 .debug_abbrev  0x00000b33      0x36b ./Core/Src/config.o
 .debug_abbrev  0x00000e9e      0x3b8 ./Core/Src/custom_callbacks.o
 .debug_abbrev  0x00001256      0x360 ./Core/Src/input_capture.o
 .debug_abbrev  0x000015b6      0x19f ./Core/Src/main.o
 .debug_abbrev  0x00001755      0x2ca ./Core/Src/oscillator.o
 .debug_abbrev  0x00001a1f      0x274 ./Core/Src/startup.o
 .debug_abbrev  0x00001c93       0xff ./Core/Src/state_machine.o
 .debug_abbrev  0x00001d92      0x2ae ./Core/Src/stm32g0xx_hal_msp.o
 .debug_abbrev  0x00002040      0x23d ./Core/Src/stm32g0xx_it.o
 .debug_abbrev  0x0000227d      0x1b4 ./Core/Src/symmetry_adjustment.o
 .debug_abbrev  0x00002431      0x148 ./Core/Src/system_stm32g0xx.o
 .debug_abbrev  0x00002579      0x21c ./Core/Src/timers.o
 .debug_abbrev  0x00002795      0x18e ./Core/Src/utility.o
 .debug_abbrev  0x00002923       0x24 ./Core/Startup/startup_stm32g031k8tx.o
 .debug_abbrev  0x00002947      0x341 ./Drivers/STM32G0xx_HAL_Driver/Src/stm32g0xx_hal.o
 .debug_abbrev  0x00002c88      0x377 ./Drivers/STM32G0xx_HAL_Driver/Src/stm32g0xx_hal_adc.o
 .debug_abbrev  0x00002fff      0x30f ./Drivers/STM32G0xx_HAL_Driver/Src/stm32g0xx_hal_adc_ex.o
 .debug_abbrev  0x0000330e      0x2dc ./Drivers/STM32G0xx_HAL_Driver/Src/stm32g0xx_hal_cortex.o
 .debug_abbrev  0x000035ea      0x28a ./Drivers/STM32G0xx_HAL_Driver/Src/stm32g0xx_hal_dma.o
 .debug_abbrev  0x00003874      0x26a ./Drivers/STM32G0xx_HAL_Driver/Src/stm32g0xx_hal_gpio.o
 .debug_abbrev  0x00003ade      0x365 ./Drivers/STM32G0xx_HAL_Driver/Src/stm32g0xx_hal_lptim.o
 .debug_abbrev  0x00003e43      0x28a ./Drivers/STM32G0xx_HAL_Driver/Src/stm32g0xx_hal_pwr_ex.o
 .debug_abbrev  0x000040cd      0x36b ./Drivers/STM32G0xx_HAL_Driver/Src/stm32g0xx_hal_rcc.o
 .debug_abbrev  0x00004438      0x296 ./Drivers/STM32G0xx_HAL_Driver/Src/stm32g0xx_hal_rcc_ex.o
 .debug_abbrev  0x000046ce      0x3e7 ./Drivers/STM32G0xx_HAL_Driver/Src/stm32g0xx_hal_tim.o
 .debug_abbrev  0x00004ab5      0x3f8 ./Drivers/STM32G0xx_HAL_Driver/Src/stm32g0xx_hal_tim_ex.o
 .debug_abbrev  0x00004ead      0x4a2 ./Drivers/STM32G0xx_HAL_Driver/Src/stm32g0xx_hal_uart.o
 .debug_abbrev  0x0000534f      0x363 ./Drivers/STM32G0xx_HAL_Driver/Src/stm32g0xx_hal_uart_ex.o

.debug_loclists
                0x00000000    0x1250c
 .debug_loclists
                0x00000000      0xb3f ./Core/Src/CC_and_PC.o
 .debug_loclists
                0x00000b3f      0x694 ./Core/Src/MIDI.o
 .debug_loclists
                0x000011d3      0x453 ./Core/Src/checking_functions.o
 .debug_loclists
                0x00001626      0x1de ./Core/Src/custom_callbacks.o
 .debug_loclists
                0x00001804      0x194 ./Core/Src/input_capture.o
 .debug_loclists
                0x00001998      0x27e ./Core/Src/oscillator.o
 .debug_loclists
                0x00001c16       0x24 ./Core/Src/state_machine.o
 .debug_loclists
                0x00001c3a      0x226 ./Core/Src/stm32g0xx_hal_msp.o
 .debug_loclists
                0x00001e60      0x309 ./Core/Src/symmetry_adjustment.o
 .debug_loclists
                0x00002169       0xa7 ./Core/Src/system_stm32g0xx.o
 .debug_loclists
                0x00002210       0xa8 ./Core/Src/timers.o
 .debug_loclists
                0x000022b8       0xac ./Core/Src/utility.o
 .debug_loclists
                0x00002364      0x147 ./Drivers/STM32G0xx_HAL_Driver/Src/stm32g0xx_hal.o
 .debug_loclists
                0x000024ab     0x12f9 ./Drivers/STM32G0xx_HAL_Driver/Src/stm32g0xx_hal_adc.o
 .debug_loclists
                0x000037a4      0x2c1 ./Drivers/STM32G0xx_HAL_Driver/Src/stm32g0xx_hal_adc_ex.o
 .debug_loclists
                0x00003a65      0x262 ./Drivers/STM32G0xx_HAL_Driver/Src/stm32g0xx_hal_cortex.o
 .debug_loclists
                0x00003cc7      0x83e ./Drivers/STM32G0xx_HAL_Driver/Src/stm32g0xx_hal_dma.o
 .debug_loclists
                0x00004505      0x61e ./Drivers/STM32G0xx_HAL_Driver/Src/stm32g0xx_hal_gpio.o
 .debug_loclists
                0x00004b23     0x1179 ./Drivers/STM32G0xx_HAL_Driver/Src/stm32g0xx_hal_lptim.o
 .debug_loclists
                0x00005c9c      0x1f5 ./Drivers/STM32G0xx_HAL_Driver/Src/stm32g0xx_hal_pwr_ex.o
 .debug_loclists
                0x00005e91      0x529 ./Drivers/STM32G0xx_HAL_Driver/Src/stm32g0xx_hal_rcc.o
 .debug_loclists
                0x000063ba      0x4c0 ./Drivers/STM32G0xx_HAL_Driver/Src/stm32g0xx_hal_rcc_ex.o
 .debug_loclists
                0x0000687a     0x5924 ./Drivers/STM32G0xx_HAL_Driver/Src/stm32g0xx_hal_tim.o
 .debug_loclists
                0x0000c19e     0x15db ./Drivers/STM32G0xx_HAL_Driver/Src/stm32g0xx_hal_tim_ex.o
 .debug_loclists
                0x0000d779     0x437b ./Drivers/STM32G0xx_HAL_Driver/Src/stm32g0xx_hal_uart.o
 .debug_loclists
                0x00011af4      0xa18 ./Drivers/STM32G0xx_HAL_Driver/Src/stm32g0xx_hal_uart_ex.o

.debug_aranges  0x00000000     0x1560
 .debug_aranges
                0x00000000      0x110 ./Core/Src/CC_and_PC.o
 .debug_aranges
                0x00000110       0xc8 ./Core/Src/MIDI.o
 .debug_aranges
                0x000001d8       0x20 ./Core/Src/UART.o
 .debug_aranges
                0x000001f8       0x28 ./Core/Src/checking_functions.o
 .debug_aranges
                0x00000220       0x90 ./Core/Src/config.o
 .debug_aranges
                0x000002b0       0x78 ./Core/Src/custom_callbacks.o
 .debug_aranges
                0x00000328       0x48 ./Core/Src/input_capture.o
 .debug_aranges
                0x00000370       0x20 ./Core/Src/main.o
 .debug_aranges
                0x00000390       0x50 ./Core/Src/oscillator.o
 .debug_aranges
                0x000003e0       0x20 ./Core/Src/startup.o
 .debug_aranges
                0x00000400       0x20 ./Core/Src/state_machine.o
 .debug_aranges
                0x00000420       0x68 ./Core/Src/stm32g0xx_hal_msp.o
 .debug_aranges
                0x00000488       0x90 ./Core/Src/stm32g0xx_it.o
 .debug_aranges
                0x00000518       0x28 ./Core/Src/symmetry_adjustment.o
 .debug_aranges
                0x00000540       0x28 ./Core/Src/system_stm32g0xx.o
 .debug_aranges
                0x00000568       0x28 ./Core/Src/timers.o
 .debug_aranges
                0x00000590       0x50 ./Core/Src/utility.o
 .debug_aranges
                0x000005e0       0x28 ./Core/Startup/startup_stm32g031k8tx.o
 .debug_aranges
                0x00000608      0x128 ./Drivers/STM32G0xx_HAL_Driver/Src/stm32g0xx_hal.o
 .debug_aranges
                0x00000730      0x108 ./Drivers/STM32G0xx_HAL_Driver/Src/stm32g0xx_hal_adc.o
 .debug_aranges
                0x00000838       0x58 ./Drivers/STM32G0xx_HAL_Driver/Src/stm32g0xx_hal_adc_ex.o
 .debug_aranges
                0x00000890       0xa0 ./Drivers/STM32G0xx_HAL_Driver/Src/stm32g0xx_hal_cortex.o
 .debug_aranges
                0x00000930       0x78 ./Drivers/STM32G0xx_HAL_Driver/Src/stm32g0xx_hal_dma.o
 .debug_aranges
                0x000009a8       0x60 ./Drivers/STM32G0xx_HAL_Driver/Src/stm32g0xx_hal_gpio.o
 .debug_aranges
                0x00000a08      0x170 ./Drivers/STM32G0xx_HAL_Driver/Src/stm32g0xx_hal_lptim.o
 .debug_aranges
                0x00000b78       0xf0 ./Drivers/STM32G0xx_HAL_Driver/Src/stm32g0xx_hal_pwr_ex.o
 .debug_aranges
                0x00000c68       0x98 ./Drivers/STM32G0xx_HAL_Driver/Src/stm32g0xx_hal_rcc.o
 .debug_aranges
                0x00000d00       0x40 ./Drivers/STM32G0xx_HAL_Driver/Src/stm32g0xx_hal_rcc_ex.o
 .debug_aranges
                0x00000d40      0x398 ./Drivers/STM32G0xx_HAL_Driver/Src/stm32g0xx_hal_tim.o
 .debug_aranges
                0x000010d8      0x190 ./Drivers/STM32G0xx_HAL_Driver/Src/stm32g0xx_hal_tim_ex.o
 .debug_aranges
                0x00001268      0x260 ./Drivers/STM32G0xx_HAL_Driver/Src/stm32g0xx_hal_uart.o
 .debug_aranges
                0x000014c8       0x98 ./Drivers/STM32G0xx_HAL_Driver/Src/stm32g0xx_hal_uart_ex.o

.debug_rnglists
                0x00000000     0x20a9
 .debug_rnglists
                0x00000000      0x1b8 ./Core/Src/CC_and_PC.o
 .debug_rnglists
                0x000001b8       0xd7 ./Core/Src/MIDI.o
 .debug_rnglists
                0x0000028f       0x13 ./Core/Src/UART.o
 .debug_rnglists
                0x000002a2       0x27 ./Core/Src/checking_functions.o
 .debug_rnglists
                0x000002c9       0xe5 ./Core/Src/config.o
 .debug_rnglists
                0x000003ae       0x5a ./Core/Src/custom_callbacks.o
 .debug_rnglists
                0x00000408       0x40 ./Core/Src/input_capture.o
 .debug_rnglists
                0x00000448       0x14 ./Core/Src/main.o
 .debug_rnglists
                0x0000045c       0x39 ./Core/Src/oscillator.o
 .debug_rnglists
                0x00000495       0x14 ./Core/Src/startup.o
 .debug_rnglists
                0x000004a9       0x13 ./Core/Src/state_machine.o
 .debug_rnglists
                0x000004bc      0x165 ./Core/Src/stm32g0xx_hal_msp.o
 .debug_rnglists
                0x00000621       0x67 ./Core/Src/stm32g0xx_it.o
 .debug_rnglists
                0x00000688       0x28 ./Core/Src/symmetry_adjustment.o
 .debug_rnglists
                0x000006b0       0x1a ./Core/Src/system_stm32g0xx.o
 .debug_rnglists
                0x000006ca       0x19 ./Core/Src/timers.o
 .debug_rnglists
                0x000006e3       0x46 ./Core/Src/utility.o
 .debug_rnglists
                0x00000729       0x19 ./Core/Startup/startup_stm32g031k8tx.o
 .debug_rnglists
                0x00000742       0xd9 ./Drivers/STM32G0xx_HAL_Driver/Src/stm32g0xx_hal.o
 .debug_rnglists
                0x0000081b      0x28b ./Drivers/STM32G0xx_HAL_Driver/Src/stm32g0xx_hal_adc.o
 .debug_rnglists
                0x00000aa6       0xb9 ./Drivers/STM32G0xx_HAL_Driver/Src/stm32g0xx_hal_adc_ex.o
 .debug_rnglists
                0x00000b5f       0x9d ./Drivers/STM32G0xx_HAL_Driver/Src/stm32g0xx_hal_cortex.o
 .debug_rnglists
                0x00000bfc       0x9e ./Drivers/STM32G0xx_HAL_Driver/Src/stm32g0xx_hal_dma.o
 .debug_rnglists
                0x00000c9a       0x45 ./Drivers/STM32G0xx_HAL_Driver/Src/stm32g0xx_hal_gpio.o
 .debug_rnglists
                0x00000cdf      0x254 ./Drivers/STM32G0xx_HAL_Driver/Src/stm32g0xx_hal_lptim.o
 .debug_rnglists
                0x00000f33       0xb0 ./Drivers/STM32G0xx_HAL_Driver/Src/stm32g0xx_hal_pwr_ex.o
 .debug_rnglists
                0x00000fe3       0xb4 ./Drivers/STM32G0xx_HAL_Driver/Src/stm32g0xx_hal_rcc.o
 .debug_rnglists
                0x00001097       0x71 ./Drivers/STM32G0xx_HAL_Driver/Src/stm32g0xx_hal_rcc_ex.o
 .debug_rnglists
                0x00001108      0x776 ./Drivers/STM32G0xx_HAL_Driver/Src/stm32g0xx_hal_tim.o
 .debug_rnglists
                0x0000187e      0x193 ./Drivers/STM32G0xx_HAL_Driver/Src/stm32g0xx_hal_tim_ex.o
 .debug_rnglists
                0x00001a11      0x5d7 ./Drivers/STM32G0xx_HAL_Driver/Src/stm32g0xx_hal_uart.o
 .debug_rnglists
                0x00001fe8       0xc1 ./Drivers/STM32G0xx_HAL_Driver/Src/stm32g0xx_hal_uart_ex.o

.debug_macro    0x00000000    0x1a62b
 .debug_macro   0x00000000      0x2f5 ./Core/Src/CC_and_PC.o
 .debug_macro   0x000002f5      0xad2 ./Core/Src/CC_and_PC.o
 .debug_macro   0x00000dc7       0xe8 ./Core/Src/CC_and_PC.o
 .debug_macro   0x00000eaf       0x22 ./Core/Src/CC_and_PC.o
 .debug_macro   0x00000ed1       0x8e ./Core/Src/CC_and_PC.o
 .debug_macro   0x00000f5f       0x51 ./Core/Src/CC_and_PC.o
 .debug_macro   0x00000fb0      0x103 ./Core/Src/CC_and_PC.o
 .debug_macro   0x000010b3       0x6a ./Core/Src/CC_and_PC.o
 .debug_macro   0x0000111d      0x1df ./Core/Src/CC_and_PC.o
 .debug_macro   0x000012fc       0x1c ./Core/Src/CC_and_PC.o
 .debug_macro   0x00001318       0x1c ./Core/Src/CC_and_PC.o
 .debug_macro   0x00001334       0x1c ./Core/Src/CC_and_PC.o
 .debug_macro   0x00001350      0x12f ./Core/Src/CC_and_PC.o
 .debug_macro   0x0000147f       0x2e ./Core/Src/CC_and_PC.o
 .debug_macro   0x000014ad       0x28 ./Core/Src/CC_and_PC.o
 .debug_macro   0x000014d5       0x1c ./Core/Src/CC_and_PC.o
 .debug_macro   0x000014f1       0x22 ./Core/Src/CC_and_PC.o
 .debug_macro   0x00001513       0xd1 ./Core/Src/CC_and_PC.o
 .debug_macro   0x000015e4      0x4da ./Core/Src/CC_and_PC.o
 .debug_macro   0x00001abe      0x11f ./Core/Src/CC_and_PC.o
 .debug_macro   0x00001bdd     0xac2c ./Core/Src/CC_and_PC.o
 .debug_macro   0x0000c809       0x66 ./Core/Src/CC_and_PC.o
 .debug_macro   0x0000c86f     0x350e ./Core/Src/CC_and_PC.o
 .debug_macro   0x0000fd7d      0x190 ./Core/Src/CC_and_PC.o
 .debug_macro   0x0000ff0d       0x5c ./Core/Src/CC_and_PC.o
 .debug_macro   0x0000ff69      0x518 ./Core/Src/CC_and_PC.o
 .debug_macro   0x00010481      0xf70 ./Core/Src/CC_and_PC.o
 .debug_macro   0x000113f1      0x1d8 ./Core/Src/CC_and_PC.o
 .debug_macro   0x000115c9      0x1cf ./Core/Src/CC_and_PC.o
 .debug_macro   0x00011798      0x122 ./Core/Src/CC_and_PC.o
 .debug_macro   0x000118ba      0x390 ./Core/Src/CC_and_PC.o
 .debug_macro   0x00011c4a      0x202 ./Core/Src/CC_and_PC.o
 .debug_macro   0x00011e4c      0x2ff ./Core/Src/CC_and_PC.o
 .debug_macro   0x0001214b      0x1b2 ./Core/Src/CC_and_PC.o
 .debug_macro   0x000122fd       0x43 ./Core/Src/CC_and_PC.o
 .debug_macro   0x00012340      0x1f1 ./Core/Src/CC_and_PC.o
 .debug_macro   0x00012531      0x8a8 ./Core/Src/CC_and_PC.o
 .debug_macro   0x00012dd9      0x5bb ./Core/Src/CC_and_PC.o
 .debug_macro   0x00013394       0x2e ./Core/Src/CC_and_PC.o
 .debug_macro   0x000133c2      0x1d6 ./Core/Src/CC_and_PC.o
 .debug_macro   0x00013598      0x38a ./Core/Src/CC_and_PC.o
 .debug_macro   0x00013922       0x28 ./Core/Src/CC_and_PC.o
 .debug_macro   0x0001394a       0xe4 ./Core/Src/CC_and_PC.o
 .debug_macro   0x00013a2e       0x85 ./Core/Src/CC_and_PC.o
 .debug_macro   0x00013ab3      0x2bd ./Core/Src/CC_and_PC.o
 .debug_macro   0x00013d70      0x10c ./Core/Src/CC_and_PC.o
 .debug_macro   0x00013e7c      0x240 ./Core/Src/CC_and_PC.o
 .debug_macro   0x000140bc      0xac2 ./Core/Src/CC_and_PC.o
 .debug_macro   0x00014b7e      0x135 ./Core/Src/CC_and_PC.o
 .debug_macro   0x00014cb3      0x69a ./Core/Src/CC_and_PC.o
 .debug_macro   0x0001534d       0xa6 ./Core/Src/CC_and_PC.o
 .debug_macro   0x000153f3      0x49d ./Core/Src/CC_and_PC.o
 .debug_macro   0x00015890       0xe8 ./Core/Src/CC_and_PC.o
 .debug_macro   0x00015978       0x46 ./Core/Src/CC_and_PC.o
 .debug_macro   0x000159be       0x16 ./Core/Src/CC_and_PC.o
 .debug_macro   0x000159d4       0x3a ./Core/Src/CC_and_PC.o
 .debug_macro   0x00015a0e       0xee ./Core/Src/CC_and_PC.o
 .debug_macro   0x00015afc       0x46 ./Core/Src/CC_and_PC.o
 .debug_macro   0x00015b42      0x2f3 ./Core/Src/MIDI.o
 .debug_macro   0x00015e35       0x22 ./Core/Src/MIDI.o
 .debug_macro   0x00015e57      0x2e6 ./Core/Src/UART.o
 .debug_macro   0x0001613d      0x2ea ./Core/Src/checking_functions.o
 .debug_macro   0x00016427      0x30f ./Core/Src/config.o
 .debug_macro   0x00016736      0x30b ./Core/Src/custom_callbacks.o
 .debug_macro   0x00016a41      0x2de ./Core/Src/input_capture.o
 .debug_macro   0x00016d1f      0x2ec ./Core/Src/main.o
 .debug_macro   0x0001700b      0x2e2 ./Core/Src/oscillator.o
 .debug_macro   0x000172ed      0x2f8 ./Core/Src/startup.o
 .debug_macro   0x000175e5      0x1f4 ./Core/Src/startup.o
 .debug_macro   0x000177d9       0x6d ./Core/Src/state_machine.o
 .debug_macro   0x00017846      0x22a ./Core/Src/stm32g0xx_hal_msp.o
 .debug_macro   0x00017a70      0x2f0 ./Core/Src/stm32g0xx_it.o
 .debug_macro   0x00017d60      0x2e6 ./Core/Src/symmetry_adjustment.o
 .debug_macro   0x00018046      0x21b ./Core/Src/system_stm32g0xx.o
 .debug_macro   0x00018261      0x234 ./Core/Src/timers.o
 .debug_macro   0x00018495      0x2e2 ./Core/Src/utility.o
 .debug_macro   0x00018777      0x23f ./Drivers/STM32G0xx_HAL_Driver/Src/stm32g0xx_hal.o
 .debug_macro   0x000189b6      0x23f ./Drivers/STM32G0xx_HAL_Driver/Src/stm32g0xx_hal_adc.o
 .debug_macro   0x00018bf5      0x227 ./Drivers/STM32G0xx_HAL_Driver/Src/stm32g0xx_hal_adc_ex.o
 .debug_macro   0x00018e1c      0x21b ./Drivers/STM32G0xx_HAL_Driver/Src/stm32g0xx_hal_cortex.o
 .debug_macro   0x00019037      0x21b ./Drivers/STM32G0xx_HAL_Driver/Src/stm32g0xx_hal_dma.o
 .debug_macro   0x00019252      0x222 ./Drivers/STM32G0xx_HAL_Driver/Src/stm32g0xx_hal_gpio.o
 .debug_macro   0x00019474      0x231 ./Drivers/STM32G0xx_HAL_Driver/Src/stm32g0xx_hal_lptim.o
 .debug_macro   0x000196a5      0x245 ./Drivers/STM32G0xx_HAL_Driver/Src/stm32g0xx_hal_pwr_ex.o
 .debug_macro   0x000198ea      0x25d ./Drivers/STM32G0xx_HAL_Driver/Src/stm32g0xx_hal_rcc.o