Archive member included to satisfy reference by file (symbol)

/Applications/STM32CubeIDE.app/Contents/Eclipse/plugins/com.st.stm32cube.ide.mcu.externaltools.gnu-tools-for-stm32.13.3.rel1.macos64_1.0.0.202411102158/tools/bin/../lib/gcc/arm-none-eabi/13.3.1/../../../../arm-none-eabi/lib/thumb/v6-m/nofp/libc_nano.a(libc_a-exit.o)
                              /Applications/STM32CubeIDE.app/Contents/Eclipse/plugins/com.st.stm32cube.ide.mcu.externaltools.gnu-tools-for-stm32.13.3.rel1.macos64_1.0.0.202411102158/tools/bin/../lib/gcc/arm-none-eabi/13.3.1/../../../../arm-none-eabi/lib/thumb/v6-m/nofp/crt0.o (exit)
/Applications/STM32CubeIDE.app/Contents/Eclipse/plugins/com.st.stm32cube.ide.mcu.externaltools.gnu-tools-for-stm32.13.3.rel1.macos64_1.0.0.202411102158/tools/bin/../lib/gcc/arm-none-eabi/13.3.1/../../../../arm-none-eabi/lib/thumb/v6-m/nofp/libc_nano.a(libc_a-findfp.o)
                              /Applications/STM32CubeIDE.app/Contents/Eclipse/plugins/com.st.stm32cube.ide.mcu.externaltools.gnu-tools-for-stm32.13.3.rel1.macos64_1.0.0.202411102158/tools/bin/../lib/gcc/arm-none-eabi/13.3.1/../../../../arm-none-eabi/lib/thumb/v6-m/nofp/libc_nano.a(libc_a-exit.o) (__stdio_exit_handler)
/Applications/STM32CubeIDE.app/Contents/Eclipse/plugins/com.st.stm32cube.ide.mcu.externaltools.gnu-tools-for-stm32.13.3.rel1.macos64_1.0.0.202411102158/tools/bin/../lib/gcc/arm-none-eabi/13.3.1/../../../../arm-none-eabi/lib/thumb/v6-m/nofp/libc_nano.a(libc_a-fwalk.o)
                              /Applications/STM32CubeIDE.app/Contents/Eclipse/plugins/com.st.stm32cube.ide.mcu.externaltools.gnu-tools-for-stm32.13.3.rel1.macos64_1.0.0.202411102158/tools/bin/../lib/gcc/arm-none-eabi/13.3.1/../../../../arm-none-eabi/lib/thumb/v6-m/nofp/libc_nano.a(libc_a-findfp.o) (_fwalk_sglue)
/Applications/STM32CubeIDE.app/Contents/Eclipse/plugins/com.st.stm32cube.ide.mcu.externaltools.gnu-tools-for-stm32.13.3.rel1.macos64_1.0.0.202411102158/tools/bin/../lib/gcc/arm-none-eabi/13.3.1/../../../../arm-none-eabi/lib/thumb/v6-m/nofp/libc_nano.a(libc_a-memset.o)
                              /Applications/STM32CubeIDE.app/Contents/Eclipse/plugins/com.st.stm32cube.ide.mcu.externaltools.gnu-tools-for-stm32.13.3.rel1.macos64_1.0.0.202411102158/tools/bin/../lib/gcc/arm-none-eabi/13.3.1/../../../../arm-none-eabi/lib/thumb/v6-m/nofp/crt0.o (memset)
/Applications/STM32CubeIDE.app/Contents/Eclipse/plugins/com.st.stm32cube.ide.mcu.externaltools.gnu-tools-for-stm32.13.3.rel1.macos64_1.0.0.202411102158/tools/bin/../lib/gcc/arm-none-eabi/13.3.1/../../../../arm-none-eabi/lib/thumb/v6-m/nofp/libc_nano.a(libc_a-errno.o)
                              ./Core/Src/syscalls.o (__errno)
/Applications/STM32CubeIDE.app/Contents/Eclipse/plugins/com.st.stm32cube.ide.mcu.externaltools.gnu-tools-for-stm32.13.3.rel1.macos64_1.0.0.202411102158/tools/bin/../lib/gcc/arm-none-eabi/13.3.1/../../../../arm-none-eabi/lib/thumb/v6-m/nofp/libc_nano.a(libc_a-init.o)
                              /Applications/STM32CubeIDE.app/Contents/Eclipse/plugins/com.st.stm32cube.ide.mcu.externaltools.gnu-tools-for-stm32.13.3.rel1.macos64_1.0.0.202411102158/tools/bin/../lib/gcc/arm-none-eabi/13.3.1/../../../../arm-none-eabi/lib/thumb/v6-m/nofp/crt0.o (__libc_init_array)
/Applications/STM32CubeIDE.app/Contents/Eclipse/plugins/com.st.stm32cube.ide.mcu.externaltools.gnu-tools-for-stm32.13.3.rel1.macos64_1.0.0.202411102158/tools/bin/../lib/gcc/arm-none-eabi/13.3.1/../../../../arm-none-eabi/lib/thumb/v6-m/nofp/libc_nano.a(libc_a-lock.o)
                              /Applications/STM32CubeIDE.app/Contents/Eclipse/plugins/com.st.stm32cube.ide.mcu.externaltools.gnu-tools-for-stm32.13.3.rel1.macos64_1.0.0.202411102158/tools/bin/../lib/gcc/arm-none-eabi/13.3.1/../../../../arm-none-eabi/lib/thumb/v6-m/nofp/libc_nano.a(libc_a-findfp.o) (__retarget_lock_init_recursive)
/Applications/STM32CubeIDE.app/Contents/Eclipse/plugins/com.st.stm32cube.ide.mcu.externaltools.gnu-tools-for-stm32.13.3.rel1.macos64_1.0.0.202411102158/tools/bin/../lib/gcc/arm-none-eabi/13.3.1/../../../../arm-none-eabi/lib/thumb/v6-m/nofp/libc_nano.a(libc_a-impure.o)
                              /Applications/STM32CubeIDE.app/Contents/Eclipse/plugins/com.st.stm32cube.ide.mcu.externaltools.gnu-tools-for-stm32.13.3.rel1.macos64_1.0.0.202411102158/tools/bin/../lib/gcc/arm-none-eabi/13.3.1/../../../../arm-none-eabi/lib/thumb/v6-m/nofp/libc_nano.a(libc_a-errno.o) (_impure_ptr)
/Applications/STM32CubeIDE.app/Contents/Eclipse/plugins/com.st.stm32cube.ide.mcu.externaltools.gnu-tools-for-stm32.13.3.rel1.macos64_1.0.0.202411102158/tools/bin/../lib/gcc/arm-none-eabi/13.3.1/../../../../arm-none-eabi/lib/thumb/v6-m/nofp/libc_nano.a(libc_a-memcpy-stub.o)
                              ./Core/Src/input_capture.o (memcpy)
[...]
Memory Configuration

Name             Origin             Length             Attributes
RAM              0x20000000         0x00002000         xrw
FLASH            0x08000000         0x0000f800         xr
*default*        0x00000000         0xffffffff

Linker script and memory map

LOAD /Applications/STM32CubeIDE.app/Contents/Eclipse/plugins/com.st.stm32cube.ide.mcu.externaltools.gnu-tools-for-stm32.13.3.rel1.macos64_1.0.0.202411102158/tools/bin/../lib/gcc/arm-none-eabi/13.3.1/thumb/v6-m/nofp/crti.o
LOAD /Applications/STM32CubeIDE.app/Contents/Eclipse/plugins/com.st.stm32cube.ide.mcu.externaltools.gnu-tools-for-stm32.13.3.rel1.macos64_1.0.0.202411102158/tools/bin/../lib/gcc/arm-none-eabi/13.3.1/thumb/v6-m/nofp/crtbegin.o
LOAD /Applications/STM32CubeIDE.app/Contents/Eclipse/plugins/com.st.stm32cube.ide.mcu.externaltools.gnu-tools-for-stm32.13.3.rel1.macos64_1.0.0.202411102158/tools/bin/../lib/gcc/arm-none-eabi/13.3.1/../../../../arm-none-eabi/lib/thumb/v6-m/nofp/crt0.o
LOAD ./Core/Src/CC_and_PC.o
LOAD ./Core/Src/LED.o
LOAD ./Core/Src/MIDI.o
LOAD ./Core/Src/UART.o
LOAD ./Core/Src/checking_functions.o
LOAD ./Core/Src/config.o
LOAD ./Core/Src/custom_callbacks.o
LOAD ./Core/Src/debug.o
LOAD ./Core/Src/input_capture.o
LOAD ./Core/Src/main.o
LOAD ./Core/Src/oscillator.o
LOAD ./Core/Src/startup.o
LOAD ./Core/Src/state_machine.o
LOAD ./Core/Src/stm32g0xx_hal_msp.o
LOAD ./Core/Src/stm32g0xx_it.o
LOAD ./Core/Src/symmetry_adjustment.o
LOAD ./Core/Src/syscalls.o
LOAD ./Core/Src/sysmem.o
LOAD ./Core/Src/system_stm32g0xx.o
LOAD ./Core/Src/timers.o
LOAD ./Core/Src/utility.o
LOAD ./Core/Startup/startup_stm32g031k8tx.o
LOAD ./Drivers/STM32G0xx_HAL_Driver/Src/stm32g0xx_hal.o
LOAD ./Drivers/STM32G0xx_HAL_Driver/Src/stm32g0xx_hal_adc.o
LOAD ./Drivers/STM32G0xx_HAL_Driver/Src/stm32g0xx_hal_adc_ex.o
LOAD ./Drivers/STM32G0xx_HAL_Driver/Src/stm32g0xx_hal_cortex.o
LOAD ./Drivers/STM32G0xx_HAL_Driver/Src/stm32g0xx_hal_dma.o
LOAD ./Drivers/STM32G0xx_HAL_Driver/Src/stm32g0xx_hal_dma_ex.o
LOAD ./Drivers/STM32G0xx_HAL_Driver/Src/stm32g0xx_hal_exti.o
LOAD ./Drivers/STM32G0xx_HAL_Driver/Src/stm32g0xx_hal_flash.o
LOAD ./Drivers/STM32G0xx_HAL_Driver/Src/stm32g0xx_hal_flash_ex.o
LOAD ./Drivers/STM32G0xx_HAL_Driver/Src/stm32g0xx_hal_gpio.o
LOAD ./Drivers/STM32G0xx_HAL_Driver/Src/stm32g0xx_hal_iwdg.o
LOAD ./Drivers/STM32G0xx_HAL_Driver/Src/stm32g0xx_hal_lptim.o
LOAD ./Drivers/STM32G0xx_HAL_Driver/Src/stm32g0xx_hal_pwr.o
LOAD ./Drivers/STM32G0xx_HAL_Driver/Src/stm32g0xx_hal_pwr_ex.o
LOAD ./Drivers/STM32G0xx_HAL_Driver/Src/stm32g0xx_hal_rcc.o
LOAD ./Drivers/STM32G0xx_HAL_Driver/Src/stm32g0xx_hal_rcc_ex.o
LOAD ./Drivers/STM32G0xx_HAL_Driver/Src/stm32g0xx_hal_tim.o
LOAD ./Drivers/STM32G0xx_HAL_Driver/Src/stm32g0xx_hal_tim_ex.o
LOAD ./Drivers/STM32G0xx_HAL_Driver/Src/stm32g0xx_hal_uart.o
LOAD ./Drivers/STM32G0xx_HAL_Driver/Src/stm32g0xx_hal_uart_ex.o
LOAD ./Drivers/STM32G0xx_HAL_Driver/Src/stm32g0xx_ll_adc.o
LOAD ./Drivers/STM32G0xx_HAL_Driver/Src/stm32g0xx_ll_rcc.o
START GROUP
LOAD /Applications/STM32CubeIDE.app/Contents/Eclipse/plugins/com.st.stm32cube.ide.mcu.externaltools.gnu-tools-for-stm32.13.3.rel1.macos64_1.0.0.202411102158/tools/bin/../lib/gcc/arm-none-eabi/13.3.1/../../../../arm-none-eabi/lib/thumb/v6-m/nofp/libc_nano.a
LOAD /Applications/STM32CubeIDE.app/Contents/Eclipse/plugins/com.st.stm32cube.ide.mcu.externaltools.gnu-tools-for-stm32.13.3.rel1.macos64_1.0.0.202411102158/tools/bin/../lib/gcc/arm-none-eabi/13.3.1/../../../../arm-none-eabi/lib/thumb/v6-m/nofp/libm.a
END GROUP
START GROUP
LOAD /Applications/STM32CubeIDE.app/Contents/Eclipse/plugins/com.st.stm32cube.ide.mcu.externaltools.gnu-tools-for-stm32.13.3.rel1.macos64_1.0.0.202411102158/tools/bin/../lib/gcc/arm-none-eabi/13.3.1/thumb/v6-m/nofp/libgcc.a
LOAD /Applications/STM32CubeIDE.app/Contents/Eclipse/plugins/com.st.stm32cube.ide.mcu.externaltools.gnu-tools-for-stm32.13.3.rel1.macos64_1.0.0.202411102158/tools/bin/../lib/gcc/arm-none-eabi/13.3.1/../../../../arm-none-eabi/lib/thumb/v6-m/nofp/libc_nano.a
END GROUP
START GROUP
LOAD /Applications/STM32CubeIDE.app/Contents/Eclipse/plugins/com.st.stm32cube.ide.mcu.externaltools.gnu-tools-for-stm32.13.3.rel1.macos64_1.0.0.202411102158/tools/bin/../lib/gcc/arm-none-eabi/13.3.1/thumb/v6-m/nofp/libgcc.a
LOAD /Applications/STM32CubeIDE.app/Contents/Eclipse/plugins/com.st.stm32cube.ide.mcu.externaltools.gnu-tools-for-stm32.13.3.rel1.macos64_1.0.0.202411102158/tools/bin/../lib/gcc/arm-none-eabi/13.3.1/../../../../arm-none-eabi/lib/thumb/v6-m/nofp/libc_nano.a
LOAD /Applications/STM32CubeIDE.app/Contents/Eclipse/plugins/com.st.stm32cube.ide.mcu.externaltools.gnu-tools-for-stm32.13.3.rel1.macos64_1.0.0.202411102158/tools/bin/../lib/gcc/arm-none-eabi/13.3.1/../../../../arm-none-eabi/lib/thumb/v6-m/nofp/libnosys.a
END GROUP
START GROUP
LOAD /Applications/STM32CubeIDE.app/Contents/Eclipse/plugins/com.st.stm32cube.ide.mcu.externaltools.gnu-tools-for-stm32.13.3.rel1.macos64_1.0.0.202411102158/tools/bin/../lib/gcc/arm-none-eabi/13.3.1/thumb/v6-m/nofp/libgcc.a
LOAD /Applications/STM32CubeIDE.app/Contents/Eclipse/plugins/com.st.stm32cube.ide.mcu.externaltools.gnu-tools-for-stm32.13.3.rel1.macos64_1.0.0.202411102158/tools/bin/../lib/gcc/arm-none-eabi/13.3.1/../../../../arm-none-eabi/lib/thumb/v6-m/nofp/libc_nano.a
LOAD /Applications/STM32CubeIDE.app/Contents/Eclipse/plugins/com.st.stm32cube.ide.mcu.externaltools.gnu-tools-for-stm32.13.3.rel1.macos64_1.0.0.202411102158/tools/bin/../lib/gcc/arm-none-eabi/13.3.1/../../../../arm-none-eabi/lib/thumb/v6-m/nofp/libnosys.a
END GROUP
LOAD /Applications/STM32CubeIDE.app/Contents/Eclipse/plugins/com.st.stm32cube.ide.mcu.externaltools.gnu-tools-for-stm32.13.3.rel1.macos64_1.0.0.202411102158/tools/bin/../lib/gcc/arm-none-eabi/13.3.1/thumb/v6-m/nofp/crtend.o
LOAD /Applications/STM32CubeIDE.app/Contents/Eclipse/plugins/com.st.stm32cube.ide.mcu.externaltools.gnu-tools-for-stm32.13.3.rel1.macos64_1.0.0.202411102158/tools/bin/../lib/gcc/arm-none-eabi/13.3.1/thumb/v6-m/nofp/crtn.o
                0x20002000                        _estack = (ORIGIN (RAM) + LENGTH (RAM))
                0x00000200                        _Min_Heap_Size = 0x200
                0x00000400                        _Min_Stack_Size = 0x400

.isr_vector     0x08000000       0xbc
                0x08000000                        . = ALIGN (0x4)
 *(.isr_vector)
 .isr_vector    0x08000000       0xbc ./Core/Startup/startup_stm32g031k8tx.o
                0x08000000                g_pfnVectors
                0x080000bc                        . = ALIGN (0x4)

.text           0x080000bc     0xcf84
                0x080000bc                        . = ALIGN (0x4)
 *(.text)
 .text          0x080000bc       0x48 /Applications/STM32CubeIDE.app/Contents/Eclipse/plugins/com.st.stm32cube.ide.mcu.externaltools.gnu-tools-for-stm32.13.3.rel1.macos64_1.0.0.202411102158/tools/bin/../lib/gcc/arm-none-eabi/13.3.1/thumb/v6-m/nofp/crtbegin.o
 .text          0x08000104      0x114 /Applications/STM32CubeIDE.app/Contents/Eclipse/plugins/com.st.stm32cube.ide.mcu.externaltools.gnu-tools-for-stm32.13.3.rel1.macos64_1.0.0.202411102158/tools/bin/../lib/gcc/arm-none-eabi/13.3.1/thumb/v6-m/nofp/libgcc.a(_udivsi3.o)
                0x08000104                __udivsi3
                0x08000104                __aeabi_uidiv
                0x08000210                __aeabi_uidivmod
 .text          0x08000218        0x4 /Applications/STM32CubeIDE.app/Contents/Eclipse/plugins/com.st.stm32cube.ide.mcu.externaltools.gnu-tools-for-stm32.13.3.rel1.macos64_1.0.0.202411102158/tools/bin/../lib/gcc/arm-none-eabi/13.3.1/thumb/v6-m/nofp/libgcc.a(_dvmd_tls.o)
                0x08000218                __aeabi_ldiv0
                0x08000218                __aeabi_idiv0
 .text          0x0800021c       0x40 /Applications/STM32CubeIDE.app/Contents/Eclipse/plugins/com.st.stm32cube.ide.mcu.externaltools.gnu-tools-for-stm32.13.3.rel1.macos64_1.0.0.202411102158/tools/bin/../lib/gcc/arm-none-eabi/13.3.1/thumb/v6-m/nofp/libgcc.a(_aeabi_uldivmod.o)
                0x0800021c                __aeabi_uldivmod
 .text          0x0800025c      0x198 /Applications/STM32CubeIDE.app/Contents/Eclipse/plugins/com.st.stm32cube.ide.mcu.externaltools.gnu-tools-for-stm32.13.3.rel1.macos64_1.0.0.202411102158/tools/bin/../lib/gcc/arm-none-eabi/13.3.1/thumb/v6-m/nofp/libgcc.a(_udivmoddi4.o)
                0x0800025c                __udivmoddi4
 .text          0x080003f4       0x18 /Applications/STM32CubeIDE.app/Contents/Eclipse/plugins/com.st.stm32cube.ide.mcu.externaltools.gnu-tools-for-stm32.13.3.rel1.macos64_1.0.0.202411102158/tools/bin/../lib/gcc/arm-none-eabi/13.3.1/thumb/v6-m/nofp/libgcc.a(_clzdi2.o)
                0x080003f4                __clzdi2
 .text          0x0800040c       0x3c /Applications/STM32CubeIDE.app/Contents/Eclipse/plugins/com.st.stm32cube.ide.mcu.externaltools.gnu-tools-for-stm32.13.3.rel1.macos64_1.0.0.202411102158/tools/bin/../lib/gcc/arm-none-eabi/13.3.1/thumb/v6-m/nofp/libgcc.a(_clzsi2.o)
                0x0800040c                __clzsi2
 *(.text*)
 .text.Initialise_Preset_Arrays
                0x08000448       0xd8 ./Core/Src/CC_and_PC.o
                0x08000448                Initialise_Preset_Arrays
 .text.Update_Params_Based_On_Mode_Selected
                0x08000520      0x1e0 ./Core/Src/CC_and_PC.o
                0x08000520                Update_Params_Based_On_Mode_Selected
 .text.Convert_All_Preset_Values
                0x08000700       0x52 ./Core/Src/CC_and_PC.o
                0x08000700                Convert_All_Preset_Values
 .text.Update_Waveshape_with_Converted_Preset_Value
                0x08000752       0x52 ./Core/Src/CC_and_PC.o
                0x08000752                Update_Waveshape_with_Converted_Preset_Value
 .text.Update_Speed_with_Converted_Preset_Value
                0x080007a4       0x1e ./Core/Src/CC_and_PC.o
                0x080007a4                Update_Speed_with_Converted_Preset_Value
 .text.Update_Depth_with_Converted_Preset_Value
                0x080007c2       0x1e ./Core/Src/CC_and_PC.o
                0x080007c2                Update_Depth_with_Converted_Preset_Value
 .text.Update_Symmetry_with_Converted_Preset_Value
                0x080007e0       0x1e ./Core/Src/CC_and_PC.o
                0x080007e0                Update_Symmetry_with_Converted_Preset_Value
 .text.Update_Phase_with_Converted_Preset_Value
                0x080007fe       0x1e ./Core/Src/CC_and_PC.o
                0x080007fe                Update_Phase_with_Converted_Preset_Value
 .text.Read_and_Interpret_Preset_From_Flash
                0x0800081c       0x72 ./Core/Src/CC_and_PC.o
                0x0800081c                Read_and_Interpret_Preset_From_Flash
 .text.Read_and_Interpret_Misc_From_Flash
                0x0800088e      0x16c ./Core/Src/CC_and_PC.o
                0x0800088e                Read_and_Interpret_Misc_From_Flash
 .text.Update_Converted_Preset_Array_with_User_or_Factory_Presets
                0x080009fa       0xac ./Core/Src/CC_and_PC.o
                0x080009fa                Update_Converted_Preset_Array_with_User_or_Factory_Presets
 *fill*         0x08000aa6        0x2 
 .text.Read_and_Interpret_User_Presets_From_Flash
                0x08000aa8       0x5c ./Core/Src/CC_and_PC.o
                0x08000aa8                Read_and_Interpret_User_Presets_From_Flash
 .text.Update_Waveshape_with_CC_Value
                0x08000b04       0x4a ./Core/Src/CC_and_PC.o
                0x08000b04                Update_Waveshape_with_CC_Value
 .text.Update_Speed_with_CC_Value
                0x08000b4e       0x32 ./Core/Src/CC_and_PC.o
                0x08000b4e                Update_Speed_with_CC_Value
 .text.Update_Depth_with_CC_Value
                0x08000b80       0x26 ./Core/Src/CC_and_PC.o
                0x08000b80                Update_Depth_with_CC_Value
 .text.Update_Symmetry_with_CC_Value
                0x08000ba6       0x32 ./Core/Src/CC_and_PC.o
                0x08000ba6                Update_Symmetry_with_CC_Value
 .text.Update_Phase_with_CC_Value
                0x08000bd8       0x32 ./Core/Src/CC_and_PC.o
                0x08000bd8                Update_Phase_with_CC_Value
 *fill*         0x08000c0a        0x2 
 .text.Set_Waveshape_to_CC_Mode_and_Value
                0x08000c0c       0x34 ./Core/Src/CC_and_PC.o
                0x08000c0c                Set_Waveshape_to_CC_Mode_and_Value
 .text.Set_Speed_to_CC_Mode_and_Value
                0x08000c40       0x34 ./Core/Src/CC_and_PC.o
                0x08000c40                Set_Speed_to_CC_Mode_and_Value
 .text.Set_Depth_to_CC_Mode_and_Value
                0x08000c74       0x34 ./Core/Src/CC_and_PC.o
                0x08000c74                Set_Depth_to_CC_Mode_and_Value
 .text.Set_Symmetry_to_CC_Mode_and_Value
                0x08000ca8       0x34 ./Core/Src/CC_and_PC.o
                0x08000ca8                Set_Symmetry_to_CC_Mode_and_Value
 .text.Set_Phase_to_CC_Mode_and_Value
                0x08000cdc       0x34 ./Core/Src/CC_and_PC.o
                0x08000cdc                Set_Phase_to_CC_Mode_and_Value
 .text.Set_All_Pots_to_PC_Mode
                0x08000d10       0x70 ./Core/Src/CC_and_PC.o
                0x08000d10                Set_All_Pots_to_PC_Mode
 .text.Is_Status_Byte
                0x08000d80       0x32 ./Core/Src/MIDI.o
                0x08000d80                Is_Status_Byte
 .text.Is_Data_Byte
                0x08000db2       0x32 ./Core/Src/MIDI.o
                0x08000db2                Is_Data_Byte
 .text.Is_PC_Status_Byte
                0x08000de4       0x38 ./Core/Src/MIDI.o
                0x08000de4                Is_PC_Status_Byte
 .text.Is_CC_Status_Byte
                0x08000e1c       0x38 ./Core/Src/MIDI.o
                0x08000e1c                Is_CC_Status_Byte
 .text.Is_Utilised_Channel_Mode_CC_First_Data_Byte
                0x08000e54       0x58 ./Core/Src/MIDI.o
                0x08000e54                Is_Utilised_Channel_Mode_CC_First_Data_Byte
 .text.Is_Utilised_CC_First_Data_Byte
                0x08000eac       0x66 ./Core/Src/MIDI.o
                0x08000eac                Is_Utilised_CC_First_Data_Byte
 .text.Channel_Mode_CC_Second_Data_Byte_Is_Valid_Given_Utilised_First_Data_Byte
                0x08000f12       0x8e ./Core/Src/MIDI.o
                0x08000f12                Channel_Mode_CC_Second_Data_Byte_Is_Valid_Given_Utilised_First_Data_Byte
 .text.Is_Sysex_Start_Status_Byte
                0x08000fa0       0x20 ./Core/Src/MIDI.o
                0x08000fa0                Is_Sysex_Start_Status_Byte
 .text.Is_Channelised_Status_Byte_On_Basic_Channel
                0x08000fc0       0x42 ./Core/Src/MIDI.o
                0x08000fc0                Is_Channelised_Status_Byte_On_Basic_Channel
 .text.Is_Data_Buffer_Empty
                0x08001002       0x60 ./Core/Src/MIDI.o
                0x08001002                Is_Data_Buffer_Empty
 .text.Clear_Data_Buffer
                0x08001062       0x3c ./Core/Src/MIDI.o
                0x08001062                Clear_Data_Buffer
 .text.Is_Program_Change_Data_Byte_In_Range
                0x0800109e       0x2a ./Core/Src/MIDI.o
                0x0800109e                Is_Program_Change_Data_Byte_In_Range
 .text.Is_System_Real_Time_Status_Byte
                0x080010c8       0x66 ./Core/Src/MIDI.o
                0x080010c8                Is_System_Real_Time_Status_Byte
 .text.Is_OMNI_On
                0x0800112e       0x34 ./Core/Src/MIDI.o
                0x0800112e                Is_OMNI_On
 .text.Reset_and_Stop_MIDI_Software_Timer
                0x08001162       0x36 ./Core/Src/MIDI.o
                0x08001162                Reset_and_Stop_MIDI_Software_Timer
 .text.Reset_All_Controllers
                0x08001198       0xb4 ./Core/Src/MIDI.o
                0x08001198                Reset_All_Controllers
 .text.Set_Local_Control
                0x0800124c       0x70 ./Core/Src/MIDI.o
                0x0800124c                Set_Local_Control
 .text.Set_OMNI_Off
                0x080012bc       0x20 ./Core/Src/MIDI.o
                0x080012bc                Set_OMNI_Off
 .text.Set_OMNI_On
                0x080012dc       0x20 ./Core/Src/MIDI.o
                0x080012dc                Set_OMNI_On
 .text.Start_UART_Receive
                0x080012fc       0x20 ./Core/Src/UART.o
                0x080012fc                Start_UART_Receive
 .text.Pot_Check
                0x0800131c      0x240 ./Core/Src/checking_functions.o
                0x0800131c                Pot_Check
 .text.Check_Tap_Tempo_Switch_State
                0x0800155c       0xa0 ./Core/Src/checking_functions.o
                0x0800155c                Check_Tap_Tempo_Switch_State
 .text.SystemClock_Config
                0x080015fc       0xbc ./Core/Src/config.o
                0x080015fc                SystemClock_Config
 .text.MX_ADC1_Init
                0x080016b8      0x180 ./Core/Src/config.o
                0x080016b8                MX_ADC1_Init
 .text.MX_TIM16_Init
                0x08001838      0x118 ./Core/Src/config.o
                0x08001838                MX_TIM16_Init
 .text.MX_TIM2_Init
                0x08001950       0xf8 ./Core/Src/config.o
                0x08001950                MX_TIM2_Init
 .text.MX_TIM3_Init
                0x08001a48      0x110 ./Core/Src/config.o
                0x08001a48                MX_TIM3_Init
 .text.MX_TIM1_Init
                0x08001b58      0x1d4 ./Core/Src/config.o
                0x08001b58                MX_TIM1_Init
 .text.MX_TIM17_Init
                0x08001d2c      0x11c ./Core/Src/config.o
                0x08001d2c                MX_TIM17_Init
 .text.MX_LPTIM1_Init
                0x08001e48       0x70 ./Core/Src/config.o
                0x08001e48                MX_LPTIM1_Init
 .text.MX_TIM14_Init
                0x08001eb8       0x9c ./Core/Src/config.o
                0x08001eb8                MX_TIM14_Init
 .text.MX_USART2_UART_Init
                0x08001f54       0x68 ./Core/Src/config.o
                0x08001f54                MX_USART2_UART_Init
 .text.MX_DMA_Init
                0x08001fbc       0x4c ./Core/Src/config.o
                0x08001fbc                MX_DMA_Init
 .text.MX_GPIO_Init
                0x08002008      0x1e0 ./Core/Src/config.o
                0x08002008                MX_GPIO_Init
 .text.Error_Handler
                0x080021e8        0xc ./Core/Src/config.o
                0x080021e8                Error_Handler
 .text.System_Init
                0x080021f4      0x108 ./Core/Src/config.o
                0x080021f4                System_Init
 .text.TIM16_callback
                0x080022fc       0x54 ./Core/Src/custom_callbacks.o
                0x080022fc                TIM16_callback
 .text.ADC_DMA_conversion_complete_callback
                0x08002350       0x94 ./Core/Src/custom_callbacks.o
                0x08002350                ADC_DMA_conversion_complete_callback
 .text.TIM2_ch1_IP_capture_callback
                0x080023e4      0x11c ./Core/Src/custom_callbacks.o
                0x080023e4                TIM2_ch1_IP_capture_callback
 .text.TIM2_ch1_overflow_callback
                0x08002500      0x10c ./Core/Src/custom_callbacks.o
                0x08002500                TIM2_ch1_overflow_callback
 .text.TIM3_ch1_IP_capture_measurement_reelapse_callback
                0x0800260c      0x13c ./Core/Src/custom_callbacks.o
                0x0800260c                TIM3_ch1_IP_capture_measurement_reelapse_callback
 .text.UART2_TX_transfer_complete_callback
                0x08002748       0x10 ./Core/Src/custom_callbacks.o
                0x08002748                UART2_TX_transfer_complete_callback
 .text.UART2_RX_transfer_complete_callback
                0x08002758     0x11a0 ./Core/Src/custom_callbacks.o
                0x08002758                UART2_RX_transfer_complete_callback
 .text.HAL_GPIO_EXTI_Falling_Callback
                0x080038f8       0x54 ./Core/Src/custom_callbacks.o
                0x080038f8                HAL_GPIO_EXTI_Falling_Callback
 .text.HAL_GPIO_EXTI_Rising_Callback
                0x0800394c      0x1ec ./Core/Src/custom_callbacks.o
                0x0800394c                HAL_GPIO_EXTI_Rising_Callback
 .text.LPTIM1_callback
                0x08003b38      0x41c ./Core/Src/custom_callbacks.o
                0x08003b38                LPTIM1_callback
 .text.TIM17_callback
                0x08003f54       0x10 ./Core/Src/custom_callbacks.o
                0x08003f54                TIM17_callback
 .text.TIM14_callback
                0x08003f64       0x10 ./Core/Src/custom_callbacks.o
                0x08003f64                TIM14_callback
 .text.Input_Capture_Processing
                0x08003f74       0xe4 ./Core/Src/input_capture.o
                0x08003f74                Input_Capture_Processing
 .text.Start_Input_Capture_Timer
                0x08004058       0x34 ./Core/Src/input_capture.o
                0x08004058                Start_Input_Capture_Timer
 .text.Start_IC_TIM
                0x0800408c       0x54 ./Core/Src/input_capture.o
                0x0800408c                Start_IC_TIM
 .text.Copy_Params_Structs
                0x080040e0       0x24 ./Core/Src/input_capture.o
                0x080040e0                Copy_Params_Structs
 .text.Start_Measurement_Reelapse_Timer
                0x08004104       0x3c ./Core/Src/input_capture.o
                0x08004104                Start_Measurement_Reelapse_Timer
 .text.Begin_Input_Capture_Measurement
                0x08004140       0x18 ./Core/Src/input_capture.o
                0x08004140                Begin_Input_Capture_Measurement
 .text.main     0x08004158      0x17c ./Core/Src/main.o
                0x08004158                main
 .text.Start_PWM_Gen_Timer_Main_and_Secondary_Oscillators
                0x080042d4       0x78 ./Core/Src/oscillator.o
                0x080042d4                Start_PWM_Gen_Timer_Main_and_Secondary_Oscillators
 .text.Start_Freq_Gen_Timer
                0x0800434c       0x34 ./Core/Src/oscillator.o
                0x0800434c                Start_Freq_Gen_Timer
 .text.Process_TIM16_Raw_Start_Value_and_Raw_Prescaler
                0x08004380       0x6c ./Core/Src/oscillator.o
                0x08004380                Process_TIM16_Raw_Start_Value_and_Raw_Prescaler
 .text.Set_Oscillator_Values
                0x080043ec       0x58 ./Core/Src/oscillator.o
                0x080043ec                Set_Oscillator_Values
 .text.Calculate_Next_Main_Oscillator_Values
                0x08004444      0x1ec ./Core/Src/oscillator.o
                0x08004444                Calculate_Next_Main_Oscillator_Values
 .text.Write_Next_Main_Oscillator_Values_to_Delay_Line
                0x08004630      0x12c ./Core/Src/oscillator.o
                0x08004630                Write_Next_Main_Oscillator_Values_to_Delay_Line
 .text.Process_ADC_Conversion_Values
                0x0800475c       0xd4 ./Core/Src/oscillator.o
                0x0800475c                Process_ADC_Conversion_Values
 .text.Startup  0x08004830      0x1ac ./Core/Src/startup.o
                0x08004830                Startup
 .text.Advance_Pending_States
                0x080049dc       0x58 ./Core/Src/state_machine.o
                0x080049dc                Advance_Pending_States
 .text.HAL_MspInit
                0x08004a34       0x48 ./Core/Src/stm32g0xx_hal_msp.o
                0x08004a34                HAL_MspInit
 .text.HAL_ADC_MspInit
                0x08004a7c       0xe8 ./Core/Src/stm32g0xx_hal_msp.o
                0x08004a7c                HAL_ADC_MspInit
 .text.HAL_LPTIM_MspInit
                0x08004b64      0x158 ./Core/Src/stm32g0xx_hal_msp.o
                0x08004b64                HAL_LPTIM_MspInit
 .text.HAL_TIM_Base_MspInit
                0x08004cbc      0x1e8 ./Core/Src/stm32g0xx_hal_msp.o
                0x08004cbc                HAL_TIM_Base_MspInit
 .text.HAL_TIM_MspPostInit
                0x08004ea4       0xc0 ./Core/Src/stm32g0xx_hal_msp.o
                0x08004ea4                HAL_TIM_MspPostInit
 .text.HAL_UART_MspInit
                0x08004f64      0x160 ./Core/Src/stm32g0xx_hal_msp.o
                0x08004f64                HAL_UART_MspInit
 .text.NMI_Handler
                0x080050c4        0x8 ./Core/Src/stm32g0xx_it.o
                0x080050c4                NMI_Handler
 .text.HardFault_Handler
                0x080050cc        0x8 ./Core/Src/stm32g0xx_it.o
                0x080050cc                HardFault_Handler
 .text.SVC_Handler
                0x080050d4        0xa ./Core/Src/stm32g0xx_it.o
                0x080050d4                SVC_Handler
 .text.PendSV_Handler
                0x080050de        0xa ./Core/Src/stm32g0xx_it.o
                0x080050de                PendSV_Handler
 .text.SysTick_Handler
                0x080050e8        0xe ./Core/Src/stm32g0xx_it.o
                0x080050e8                SysTick_Handler
 .text.EXTI4_15_IRQHandler
                0x080050f6       0x10 ./Core/Src/stm32g0xx_it.o
                0x080050f6                EXTI4_15_IRQHandler
 *fill*         0x08005106        0x2 
 .text.DMA1_Channel1_IRQHandler
                0x08005108       0x18 ./Core/Src/stm32g0xx_it.o
                0x08005108                DMA1_Channel1_IRQHandler
 .text.DMA1_Channel2_3_IRQHandler
                0x08005120       0x24 ./Core/Src/stm32g0xx_it.o
                0x08005120                DMA1_Channel2_3_IRQHandler
 .text.TIM2_IRQHandler
                0x08005144       0x18 ./Core/Src/stm32g0xx_it.o
                0x08005144                TIM2_IRQHandler
 .text.TIM3_IRQHandler
                0x0800515c       0x18 ./Core/Src/stm32g0xx_it.o
                0x0800515c                TIM3_IRQHandler
 .text.TIM16_IRQHandler
                0x08005174       0x18 ./Core/Src/stm32g0xx_it.o
                0x08005174                TIM16_IRQHandler
 .text.USART2_IRQHandler
                0x0800518c       0x18 ./Core/Src/stm32g0xx_it.o
                0x0800518c                USART2_IRQHandler
 .text.LPTIM1_IRQHandler
                0x080051a4       0x18 ./Core/Src/stm32g0xx_it.o
                0x080051a4                LPTIM1_IRQHandler
 .text.TIM17_IRQHandler
                0x080051bc       0x18 ./Core/Src/stm32g0xx_it.o
                0x080051bc                TIM17_IRQHandler
 .text.TIM14_IRQHandler
                0x080051d4       0x18 ./Core/Src/stm32g0xx_it.o
                0x080051d4                TIM14_IRQHandler
 .text.Adjust_TIM16_Prescaler
                0x080051ec       0x44 ./Core/Src/symmetry_adjustment.o
                0x080051ec                Adjust_TIM16_Prescaler
 .text.Process_TIM16_Final_Start_Value_and_Final_Prescaler
                0x08005230      0x80c ./Core/Src/symmetry_adjustment.o
                0x08005230                Process_TIM16_Final_Start_Value_and_Final_Prescaler
 .text.SystemInit
                0x08005a3c        0xa ./Core/Src/system_stm32g0xx.o
                0x08005a3c                SystemInit
 .text.Start_OC_TIM
                0x08005a46       0x38 ./Core/Src/timers.o
                0x08005a46                Start_OC_TIM
 .text.Stop_OC_TIM
                0x08005a7e       0x38 ./Core/Src/timers.o
                0x08005a7e                Stop_OC_TIM
 .text.isPrime  0x08005ab6       0x5e ./Core/Src/utility.o
                0x08005ab6                isPrime
 .text.unsigned_bitwise_modulo
                0x08005b14       0x28 ./Core/Src/utility.o
                0x08005b14                unsigned_bitwise_modulo
 .text.Global_Interrupt_Enable
                0x08005b3c       0x10 ./Core/Src/utility.o
                0x08005b3c                Global_Interrupt_Enable
 .text.Get_Status_Bit
                0x08005b4c       0x28 ./Core/Src/utility.o
                0x08005b4c                Get_Status_Bit
 .text.Set_Status_Bit
                0x08005b74       0x24 ./Core/Src/utility.o
                0x08005b74                Set_Status_Bit
 .text.Clear_Status_Bit
                0x08005b98       0x26 ./Core/Src/utility.o
                0x08005b98                Clear_Status_Bit
 *fill*         0x08005bbe        0x2 
 .text.Reset_Handler
                0x08005bc0       0x50 ./Core/Startup/startup_stm32g031k8tx.o
                0x08005bc0                Reset_Handler
 .text.Default_Handler
                0x08005c10        0x2 ./Core/Startup/startup_stm32g031k8tx.o
                0x08005c10                TIM1_BRK_UP_TRG_COM_IRQHandler
                0x08005c10                PVD_IRQHandler
                0x08005c10                I2C1_IRQHandler
                0x08005c10                LPTIM2_IRQHandler
                0x08005c10                RTC_TAMP_IRQHandler
                0x08005c10                SPI1_IRQHandler
                0x08005c10                DMA1_Ch4_5_DMAMUX1_OVR_IRQHandler
                0x08005c10                EXTI2_3_IRQHandler
                0x08005c10                ADC1_IRQHandler
                0x08005c10                I2C2_IRQHandler
                0x08005c10                RCC_IRQHandler
                0x08005c10                Default_Handler
                0x08005c10                EXTI0_1_IRQHandler
                0x08005c10                SPI2_IRQHandler
                0x08005c10                WWDG_IRQHandler
                0x08005c10                LPUART1_IRQHandler
                0x08005c10                FLASH_IRQHandler
                0x08005c10                USART1_IRQHandler
                0x08005c10                TIM1_CC_IRQHandler
 *fill*         0x08005c12        0x2 
 .text.HAL_Init
                0x08005c14       0x40 ./Drivers/STM32G0xx_HAL_Driver/Src/stm32g0xx_hal.o
                0x08005c14                HAL_Init
 .text.HAL_InitTick
                0x08005c54       0x94 ./Drivers/STM32G0xx_HAL_Driver/Src/stm32g0xx_hal.o
                0x08005c54                HAL_InitTick
 .text.HAL_IncTick
                0x08005ce8       0x24 ./Drivers/STM32G0xx_HAL_Driver/Src/stm32g0xx_hal.o
                0x08005ce8                HAL_IncTick
 .text.HAL_GetTick
                0x08005d0c       0x14 ./Drivers/STM32G0xx_HAL_Driver/Src/stm32g0xx_hal.o
                0x08005d0c                HAL_GetTick
 .text.LL_ADC_SetCommonPathInternalCh
                0x08005d20       0x28 ./Drivers/STM32G0xx_HAL_Driver/Src/stm32g0xx_hal_adc.o
 .text.LL_ADC_GetCommonPathInternalCh
                0x08005d48       0x1a ./Drivers/STM32G0xx_HAL_Driver/Src/stm32g0xx_hal_adc.o
 .text.LL_ADC_SetSamplingTimeCommonChannels
                0x08005d62       0x3a ./Drivers/STM32G0xx_HAL_Driver/Src/stm32g0xx_hal_adc.o
 .text.LL_ADC_GetSamplingTimeCommonChannels
                0x08005d9c       0x2e ./Drivers/STM32G0xx_HAL_Driver/Src/stm32g0xx_hal_adc.o
 .text.LL_ADC_REG_IsTriggerSourceSWStart
                0x08005dca       0x22 ./Drivers/STM32G0xx_HAL_Driver/Src/stm32g0xx_hal_adc.o
 .text.LL_ADC_REG_SetSequencerRanks
                0x08005dec       0x40 ./Drivers/STM32G0xx_HAL_Driver/Src/stm32g0xx_hal_adc.o
 .text.LL_ADC_REG_SetSequencerChAdd
                0x08005e2c       0x22 ./Drivers/STM32G0xx_HAL_Driver/Src/stm32g0xx_hal_adc.o
 .text.LL_ADC_REG_SetSequencerChRem
                0x08005e4e       0x24 ./Drivers/STM32G0xx_HAL_Driver/Src/stm32g0xx_hal_adc.o
 *fill*         0x08005e72        0x2 
 .text.LL_ADC_SetChannelSamplingTime
                0x08005e74       0x38 ./Drivers/STM32G0xx_HAL_Driver/Src/stm32g0xx_hal_adc.o
 .text.LL_ADC_EnableInternalRegulator
                0x08005eac       0x28 ./Drivers/STM32G0xx_HAL_Driver/Src/stm32g0xx_hal_adc.o
 .text.LL_ADC_IsInternalRegulatorEnabled
                0x08005ed4       0x28 ./Drivers/STM32G0xx_HAL_Driver/Src/stm32g0xx_hal_adc.o
 .text.LL_ADC_Enable
                0x08005efc       0x24 ./Drivers/STM32G0xx_HAL_Driver/Src/stm32g0xx_hal_adc.o
 .text.LL_ADC_Disable
                0x08005f20       0x24 ./Drivers/STM32G0xx_HAL_Driver/Src/stm32g0xx_hal_adc.o
 .text.LL_ADC_IsEnabled
                0x08005f44       0x22 ./Drivers/STM32G0xx_HAL_Driver/Src/stm32g0xx_hal_adc.o
 .text.LL_ADC_IsDisableOngoing
                0x08005f66       0x22 ./Drivers/STM32G0xx_HAL_Driver/Src/stm32g0xx_hal_adc.o
 .text.LL_ADC_REG_StartConversion
                0x08005f88       0x24 ./Drivers/STM32G0xx_HAL_Driver/Src/stm32g0xx_hal_adc.o
 .text.LL_ADC_REG_StopConversion
                0x08005fac       0x24 ./Drivers/STM32G0xx_HAL_Driver/Src/stm32g0xx_hal_adc.o
 .text.LL_ADC_REG_IsConversionOngoing
                0x08005fd0       0x22 ./Drivers/STM32G0xx_HAL_Driver/Src/stm32g0xx_hal_adc.o
 *fill*         0x08005ff2        0x2 
 .text.HAL_ADC_Init
                0x08005ff4      0x3b0 ./Drivers/STM32G0xx_HAL_Driver/Src/stm32g0xx_hal_adc.o
                0x08005ff4                HAL_ADC_Init
 .text.HAL_ADC_RegisterCallback
                0x080063a4      0x118 ./Drivers/STM32G0xx_HAL_Driver/Src/stm32g0xx_hal_adc.o
                0x080063a4                HAL_ADC_RegisterCallback
 .text.HAL_ADC_Start_DMA
                0x080064bc      0x11c ./Drivers/STM32G0xx_HAL_Driver/Src/stm32g0xx_hal_adc.o
                0x080064bc                HAL_ADC_Start_DMA
 .text.HAL_ADC_Stop_DMA
                0x080065d8       0xe4 ./Drivers/STM32G0xx_HAL_Driver/Src/stm32g0xx_hal_adc.o
                0x080065d8                HAL_ADC_Stop_DMA
 .text.HAL_ADC_ConvCpltCallback
                0x080066bc       0x10 ./Drivers/STM32G0xx_HAL_Driver/Src/stm32g0xx_hal_adc.o
                0x080066bc                HAL_ADC_ConvCpltCallback
 .text.HAL_ADC_ConvHalfCpltCallback
                0x080066cc       0x10 ./Drivers/STM32G0xx_HAL_Driver/Src/stm32g0xx_hal_adc.o
                0x080066cc                HAL_ADC_ConvHalfCpltCallback
 .text.HAL_ADC_LevelOutOfWindowCallback
                0x080066dc       0x10 ./Drivers/STM32G0xx_HAL_Driver/Src/stm32g0xx_hal_adc.o
                0x080066dc                HAL_ADC_LevelOutOfWindowCallback
 .text.HAL_ADC_ErrorCallback
                0x080066ec       0x10 ./Drivers/STM32G0xx_HAL_Driver/Src/stm32g0xx_hal_adc.o
                0x080066ec                HAL_ADC_ErrorCallback
 .text.HAL_ADC_ConfigChannel
                0x080066fc      0x3b0 ./Drivers/STM32G0xx_HAL_Driver/Src/stm32g0xx_hal_adc.o
                0x080066fc                HAL_ADC_ConfigChannel
 .text.ADC_ConversionStop
                0x08006aac       0x84 ./Drivers/STM32G0xx_HAL_Driver/Src/stm32g0xx_hal_adc.o
                0x08006aac                ADC_ConversionStop
 .text.ADC_Enable
                0x08006b30      0x10c ./Drivers/STM32G0xx_HAL_Driver/Src/stm32g0xx_hal_adc.o
                0x08006b30                ADC_Enable
 .text.ADC_Disable
                0x08006c3c       0xbc ./Drivers/STM32G0xx_HAL_Driver/Src/stm32g0xx_hal_adc.o
                0x08006c3c                ADC_Disable
 .text.ADC_DMAConvCplt
                0x08006cf8       0xcc ./Drivers/STM32G0xx_HAL_Driver/Src/stm32g0xx_hal_adc.o
 .text.ADC_DMAHalfConvCplt
                0x08006dc4       0x20 ./Drivers/STM32G0xx_HAL_Driver/Src/stm32g0xx_hal_adc.o
 .text.ADC_DMAError
                0x08006de4       0x38 ./Drivers/STM32G0xx_HAL_Driver/Src/stm32g0xx_hal_adc.o
 .text.LL_ADC_GetCommonClock
                0x08006e1c       0x1a ./Drivers/STM32G0xx_HAL_Driver/Src/stm32g0xx_hal_adc_ex.o
 .text.LL_ADC_GetClock
                0x08006e36       0x18 ./Drivers/STM32G0xx_HAL_Driver/Src/stm32g0xx_hal_adc_ex.o
 .text.LL_ADC_SetCalibrationFactor
                0x08006e4e       0x28 ./Drivers/STM32G0xx_HAL_Driver/Src/stm32g0xx_hal_adc_ex.o
 .text.LL_ADC_GetCalibrationFactor
                0x08006e76       0x1a ./Drivers/STM32G0xx_HAL_Driver/Src/stm32g0xx_hal_adc_ex.o
 .text.LL_ADC_Enable
                0x08006e90       0x24 ./Drivers/STM32G0xx_HAL_Driver/Src/stm32g0xx_hal_adc_ex.o
 .text.LL_ADC_Disable
                0x08006eb4       0x24 ./Drivers/STM32G0xx_HAL_Driver/Src/stm32g0xx_hal_adc_ex.o
 .text.LL_ADC_IsEnabled
                0x08006ed8       0x22 ./Drivers/STM32G0xx_HAL_Driver/Src/stm32g0xx_hal_adc_ex.o
 *fill*         0x08006efa        0x2 
 .text.LL_ADC_StartCalibration
                0x08006efc       0x28 ./Drivers/STM32G0xx_HAL_Driver/Src/stm32g0xx_hal_adc_ex.o
 .text.LL_ADC_IsCalibrationOnGoing
                0x08006f24       0x26 ./Drivers/STM32G0xx_HAL_Driver/Src/stm32g0xx_hal_adc_ex.o
 *fill*         0x08006f4a        0x2 
 .text.HAL_ADCEx_Calibration_Start
                0x08006f4c      0x1f8 ./Drivers/STM32G0xx_HAL_Driver/Src/stm32g0xx_hal_adc_ex.o
                0x08006f4c                HAL_ADCEx_Calibration_Start
 .text.HAL_ADCEx_LevelOutOfWindow2Callback
                0x08007144       0x10 ./Drivers/STM32G0xx_HAL_Driver/Src/stm32g0xx_hal_adc_ex.o
                0x08007144                HAL_ADCEx_LevelOutOfWindow2Callback
 .text.HAL_ADCEx_LevelOutOfWindow3Callback
                0x08007154       0x10 ./Drivers/STM32G0xx_HAL_Driver/Src/stm32g0xx_hal_adc_ex.o
                0x08007154                HAL_ADCEx_LevelOutOfWindow3Callback
 .text.HAL_ADCEx_EndOfSamplingCallback
                0x08007164       0x10 ./Drivers/STM32G0xx_HAL_Driver/Src/stm32g0xx_hal_adc_ex.o
                0x08007164                HAL_ADCEx_EndOfSamplingCallback
 .text.__NVIC_EnableIRQ
                0x08007174       0x34 ./Drivers/STM32G0xx_HAL_Driver/Src/stm32g0xx_hal_cortex.o
 .text.__NVIC_DisableIRQ
                0x080071a8       0x44 ./Drivers/STM32G0xx_HAL_Driver/Src/stm32g0xx_hal_cortex.o
 .text.__NVIC_SetPriority
                0x080071ec       0xdc ./Drivers/STM32G0xx_HAL_Driver/Src/stm32g0xx_hal_cortex.o
 .text.SysTick_Config
                0x080072c8       0x48 ./Drivers/STM32G0xx_HAL_Driver/Src/stm32g0xx_hal_cortex.o
 .text.HAL_NVIC_SetPriority
                0x08007310       0x2a ./Drivers/STM32G0xx_HAL_Driver/Src/stm32g0xx_hal_cortex.o
                0x08007310                HAL_NVIC_SetPriority
 .text.HAL_NVIC_EnableIRQ
                0x0800733a       0x20 ./Drivers/STM32G0xx_HAL_Driver/Src/stm32g0xx_hal_cortex.o
                0x0800733a                HAL_NVIC_EnableIRQ
 .text.HAL_NVIC_DisableIRQ
                0x0800735a       0x20 ./Drivers/STM32G0xx_HAL_Driver/Src/stm32g0xx_hal_cortex.o
                0x0800735a                HAL_NVIC_DisableIRQ
 .text.HAL_SYSTICK_Config
                0x0800737a       0x1a ./Drivers/STM32G0xx_HAL_Driver/Src/stm32g0xx_hal_cortex.o
                0x0800737a                HAL_SYSTICK_Config
 .text.HAL_DMA_Init
                0x08007394      0x114 ./Drivers/STM32G0xx_HAL_Driver/Src/stm32g0xx_hal_dma.o
                0x08007394                HAL_DMA_Init
 .text.HAL_DMA_Start_IT
                0x080074a8      0x10c ./Drivers/STM32G0xx_HAL_Driver/Src/stm32g0xx_hal_dma.o
                0x080074a8                HAL_DMA_Start_IT
 .text.HAL_DMA_Abort
                0x080075b4       0xc4 ./Drivers/STM32G0xx_HAL_Driver/Src/stm32g0xx_hal_dma.o
                0x080075b4                HAL_DMA_Abort
 .text.HAL_DMA_Abort_IT
                0x08007678       0xd4 ./Drivers/STM32G0xx_HAL_Driver/Src/stm32g0xx_hal_dma.o
                0x08007678                HAL_DMA_Abort_IT
 .text.HAL_DMA_IRQHandler
                0x0800774c      0x164 ./Drivers/STM32G0xx_HAL_Driver/Src/stm32g0xx_hal_dma.o
                0x0800774c                HAL_DMA_IRQHandler
 .text.DMA_SetConfig
                0x080078b0       0x80 ./Drivers/STM32G0xx_HAL_Driver/Src/stm32g0xx_hal_dma.o
 .text.DMA_CalcDMAMUXChannelBaseAndMask
                0x08007930       0x58 ./Drivers/STM32G0xx_HAL_Driver/Src/stm32g0xx_hal_dma.o
 .text.DMA_CalcDMAMUXRequestGenBaseAndMask
                0x08007988       0x48 ./Drivers/STM32G0xx_HAL_Driver/Src/stm32g0xx_hal_dma.o
 .text.HAL_GPIO_Init
                0x080079d0      0x2c8 ./Drivers/STM32G0xx_HAL_Driver/Src/stm32g0xx_hal_gpio.o
                0x080079d0                HAL_GPIO_Init
 .text.HAL_GPIO_ReadPin
                0x08007c98       0x3a ./Drivers/STM32G0xx_HAL_Driver/Src/stm32g0xx_hal_gpio.o
                0x08007c98                HAL_GPIO_ReadPin
 .text.HAL_GPIO_WritePin
                0x08007cd2       0x3a ./Drivers/STM32G0xx_HAL_Driver/Src/stm32g0xx_hal_gpio.o
                0x08007cd2                HAL_GPIO_WritePin
 .text.HAL_GPIO_EXTI_IRQHandler
                0x08007d0c       0x54 ./Drivers/STM32G0xx_HAL_Driver/Src/stm32g0xx_hal_gpio.o
                0x08007d0c                HAL_GPIO_EXTI_IRQHandler
 .text.HAL_LPTIM_Init
                0x08007d60      0x160 ./Drivers/STM32G0xx_HAL_Driver/Src/stm32g0xx_hal_lptim.o
                0x08007d60                HAL_LPTIM_Init
 .text.HAL_LPTIM_SetOnce_Start_IT
                0x08007ec0      0x128 ./Drivers/STM32G0xx_HAL_Driver/Src/stm32g0xx_hal_lptim.o
                0x08007ec0                HAL_LPTIM_SetOnce_Start_IT
 .text.HAL_LPTIM_IRQHandler
                0x08007fe8      0x152 ./Drivers/STM32G0xx_HAL_Driver/Src/stm32g0xx_hal_lptim.o
                0x08007fe8                HAL_LPTIM_IRQHandler
 .text.HAL_LPTIM_CompareMatchCallback
                0x0800813a       0x10 ./Drivers/STM32G0xx_HAL_Driver/Src/stm32g0xx_hal_lptim.o
                0x0800813a                HAL_LPTIM_CompareMatchCallback
 .text.HAL_LPTIM_AutoReloadMatchCallback
                0x0800814a       0x10 ./Drivers/STM32G0xx_HAL_Driver/Src/stm32g0xx_hal_lptim.o
                0x0800814a                HAL_LPTIM_AutoReloadMatchCallback
 .text.HAL_LPTIM_TriggerCallback
                0x0800815a       0x10 ./Drivers/STM32G0xx_HAL_Driver/Src/stm32g0xx_hal_lptim.o
                0x0800815a                HAL_LPTIM_TriggerCallback
 .text.HAL_LPTIM_CompareWriteCallback
                0x0800816a       0x10 ./Drivers/STM32G0xx_HAL_Driver/Src/stm32g0xx_hal_lptim.o
                0x0800816a                HAL_LPTIM_CompareWriteCallback
 .text.HAL_LPTIM_AutoReloadWriteCallback
                0x0800817a       0x10 ./Drivers/STM32G0xx_HAL_Driver/Src/stm32g0xx_hal_lptim.o
                0x0800817a                HAL_LPTIM_AutoReloadWriteCallback
 .text.HAL_LPTIM_DirectionUpCallback
                0x0800818a       0x10 ./Drivers/STM32G0xx_HAL_Driver/Src/stm32g0xx_hal_lptim.o
                0x0800818a                HAL_LPTIM_DirectionUpCallback
 .text.HAL_LPTIM_DirectionDownCallback
                0x0800819a       0x10 ./Drivers/STM32G0xx_HAL_Driver/Src/stm32g0xx_hal_lptim.o
                0x0800819a                HAL_LPTIM_DirectionDownCallback
 *fill*         0x080081aa        0x2 
 .text.HAL_LPTIM_RegisterCallback
                0x080081ac       0xe8 ./Drivers/STM32G0xx_HAL_Driver/Src/stm32g0xx_hal_lptim.o
                0x080081ac                HAL_LPTIM_RegisterCallback
 .text.HAL_LPTIM_GetState
                0x08008294       0x18 ./Drivers/STM32G0xx_HAL_Driver/Src/stm32g0xx_hal_lptim.o
                0x08008294                HAL_LPTIM_GetState
 .text.LPTIM_ResetCallback
                0x080082ac       0x58 ./Drivers/STM32G0xx_HAL_Driver/Src/stm32g0xx_hal_lptim.o
 .text.LPTIM_WaitForFlag
                0x08008304       0x70 ./Drivers/STM32G0xx_HAL_Driver/Src/stm32g0xx_hal_lptim.o
 .text.LPTIM_Disable
                0x08008374      0x208 ./Drivers/STM32G0xx_HAL_Driver/Src/stm32g0xx_hal_lptim.o
                0x08008374                LPTIM_Disable
 .text.HAL_PWREx_ControlVoltageScaling
                0x0800857c       0x80 ./Drivers/STM32G0xx_HAL_Driver/Src/stm32g0xx_hal_pwr_ex.o
                0x0800857c                HAL_PWREx_ControlVoltageScaling
 .text.LL_RCC_GetAPB1Prescaler
                0x080085fc       0x18 ./Drivers/STM32G0xx_HAL_Driver/Src/stm32g0xx_hal_rcc.o
 .text.HAL_RCC_OscConfig
                0x08008614      0x634 ./Drivers/STM32G0xx_HAL_Driver/Src/stm32g0xx_hal_rcc.o
                0x08008614                HAL_RCC_OscConfig
 .text.HAL_RCC_ClockConfig
                0x08008c48      0x210 ./Drivers/STM32G0xx_HAL_Driver/Src/stm32g0xx_hal_rcc.o
                0x08008c48                HAL_RCC_ClockConfig
 .text.HAL_RCC_GetSysClockFreq
                0x08008e58      0x104 ./Drivers/STM32G0xx_HAL_Driver/Src/stm32g0xx_hal_rcc.o
                0x08008e58                HAL_RCC_GetSysClockFreq
 .text.HAL_RCC_GetHCLKFreq
                0x08008f5c       0x14 ./Drivers/STM32G0xx_HAL_Driver/Src/stm32g0xx_hal_rcc.o
                0x08008f5c                HAL_RCC_GetHCLKFreq
 .text.HAL_RCC_GetPCLK1Freq
                0x08008f70       0x2c ./Drivers/STM32G0xx_HAL_Driver/Src/stm32g0xx_hal_rcc.o
                0x08008f70                HAL_RCC_GetPCLK1Freq
 .text.HAL_RCCEx_PeriphCLKConfig
                0x08008f9c      0x2f4 ./Drivers/STM32G0xx_HAL_Driver/Src/stm32g0xx_hal_rcc_ex.o
                0x08008f9c                HAL_RCCEx_PeriphCLKConfig
 .text.HAL_TIM_Base_Init
                0x08009290       0xcc ./Drivers/STM32G0xx_HAL_Driver/Src/stm32g0xx_hal_tim.o
                0x08009290                HAL_TIM_Base_Init
 .text.HAL_TIM_Base_Start
                0x0800935c       0x98 ./Drivers/STM32G0xx_HAL_Driver/Src/stm32g0xx_hal_tim.o
                0x0800935c                HAL_TIM_Base_Start
 .text.HAL_TIM_Base_Start_IT
                0x080093f4       0xa8 ./Drivers/STM32G0xx_HAL_Driver/Src/stm32g0xx_hal_tim.o
                0x080093f4                HAL_TIM_Base_Start_IT
 .text.HAL_TIM_OC_Init
                0x0800949c       0xcc ./Drivers/STM32G0xx_HAL_Driver/Src/stm32g0xx_hal_tim.o
                0x0800949c                HAL_TIM_OC_Init
 .text.HAL_TIM_OC_MspInit
                0x08009568       0x10 ./Drivers/STM32G0xx_HAL_Driver/Src/stm32g0xx_hal_tim.o
                0x08009568                HAL_TIM_OC_MspInit
 .text.HAL_TIM_OC_Start_IT
                0x08009578      0x248 ./Drivers/STM32G0xx_HAL_Driver/Src/stm32g0xx_hal_tim.o
                0x08009578                HAL_TIM_OC_Start_IT
 .text.HAL_TIM_OC_Stop_IT
                0x080097c0      0x19c ./Drivers/STM32G0xx_HAL_Driver/Src/stm32g0xx_hal_tim.o
                0x080097c0                HAL_TIM_OC_Stop_IT
 .text.HAL_TIM_PWM_Init
                0x0800995c       0xcc ./Drivers/STM32G0xx_HAL_Driver/Src/stm32g0xx_hal_tim.o
                0x0800995c                HAL_TIM_PWM_Init
 .text.HAL_TIM_PWM_MspInit
                0x08009a28       0x10 ./Drivers/STM32G0xx_HAL_Driver/Src/stm32g0xx_hal_tim.o
                0x08009a28                HAL_TIM_PWM_MspInit
 .text.HAL_TIM_PWM_Start
                0x08009a38      0x1bc ./Drivers/STM32G0xx_HAL_Driver/Src/stm32g0xx_hal_tim.o
                0x08009a38                HAL_TIM_PWM_Start
 .text.HAL_TIM_IC_Init
                0x08009bf4       0xcc ./Drivers/STM32G0xx_HAL_Driver/Src/stm32g0xx_hal_tim.o
                0x08009bf4                HAL_TIM_IC_Init
 .text.HAL_TIM_IC_MspInit
                0x08009cc0       0x10 ./Drivers/STM32G0xx_HAL_Driver/Src/stm32g0xx_hal_tim.o
                0x08009cc0                HAL_TIM_IC_MspInit
 .text.HAL_TIM_IC_Start_IT
                0x08009cd0      0x260 ./Drivers/STM32G0xx_HAL_Driver/Src/stm32g0xx_hal_tim.o
                0x08009cd0                HAL_TIM_IC_Start_IT
 .text.HAL_TIM_IRQHandler
                0x08009f30      0x254 ./Drivers/STM32G0xx_HAL_Driver/Src/stm32g0xx_hal_tim.o
                0x08009f30                HAL_TIM_IRQHandler
 .text.HAL_TIM_OC_ConfigChannel
                0x0800a184       0xc0 ./Drivers/STM32G0xx_HAL_Driver/Src/stm32g0xx_hal_tim.o
                0x0800a184                HAL_TIM_OC_ConfigChannel
 .text.HAL_TIM_IC_ConfigChannel
                0x0800a244      0x148 ./Drivers/STM32G0xx_HAL_Driver/Src/stm32g0xx_hal_tim.o
                0x0800a244                HAL_TIM_IC_ConfigChannel
 .text.HAL_TIM_PWM_ConfigChannel
                0x0800a38c      0x200 ./Drivers/STM32G0xx_HAL_Driver/Src/stm32g0xx_hal_tim.o
                0x0800a38c                HAL_TIM_PWM_ConfigChannel
 .text.HAL_TIM_ConfigClockSource
                0x0800a58c      0x1ac ./Drivers/STM32G0xx_HAL_Driver/Src/stm32g0xx_hal_tim.o
                0x0800a58c                HAL_TIM_ConfigClockSource
 .text.HAL_TIM_ReadCapturedValue
                0x0800a738       0x68 ./Drivers/STM32G0xx_HAL_Driver/Src/stm32g0xx_hal_tim.o
                0x0800a738                HAL_TIM_ReadCapturedValue
 .text.HAL_TIM_PeriodElapsedCallback
                0x0800a7a0       0x10 ./Drivers/STM32G0xx_HAL_Driver/Src/stm32g0xx_hal_tim.o
                0x0800a7a0                HAL_TIM_PeriodElapsedCallback
 .text.HAL_TIM_PeriodElapsedHalfCpltCallback
                0x0800a7b0       0x10 ./Drivers/STM32G0xx_HAL_Driver/Src/stm32g0xx_hal_tim.o
                0x0800a7b0                HAL_TIM_PeriodElapsedHalfCpltCallback
 .text.HAL_TIM_OC_DelayElapsedCallback
                0x0800a7c0       0x10 ./Drivers/STM32G0xx_HAL_Driver/Src/stm32g0xx_hal_tim.o
                0x0800a7c0                HAL_TIM_OC_DelayElapsedCallback
 .text.HAL_TIM_IC_CaptureCallback
                0x0800a7d0       0x10 ./Drivers/STM32G0xx_HAL_Driver/Src/stm32g0xx_hal_tim.o
                0x0800a7d0                HAL_TIM_IC_CaptureCallback
 .text.HAL_TIM_IC_CaptureHalfCpltCallback
                0x0800a7e0       0x10 ./Drivers/STM32G0xx_HAL_Driver/Src/stm32g0xx_hal_tim.o
                0x0800a7e0                HAL_TIM_IC_CaptureHalfCpltCallback
 .text.HAL_TIM_PWM_PulseFinishedCallback
                0x0800a7f0       0x10 ./Drivers/STM32G0xx_HAL_Driver/Src/stm32g0xx_hal_tim.o
                0x0800a7f0                HAL_TIM_PWM_PulseFinishedCallback
 .text.HAL_TIM_PWM_PulseFinishedHalfCpltCallback
                0x0800a800       0x10 ./Drivers/STM32G0xx_HAL_Driver/Src/stm32g0xx_hal_tim.o
                0x0800a800                HAL_TIM_PWM_PulseFinishedHalfCpltCallback
 .text.HAL_TIM_TriggerCallback
                0x0800a810       0x10 ./Drivers/STM32G0xx_HAL_Driver/Src/stm32g0xx_hal_tim.o
                0x0800a810                HAL_TIM_TriggerCallback
 .text.HAL_TIM_TriggerHalfCpltCallback
                0x0800a820       0x10 ./Drivers/STM32G0xx_HAL_Driver/Src/stm32g0xx_hal_tim.o
                0x0800a820                HAL_TIM_TriggerHalfCpltCallback
 .text.HAL_TIM_ErrorCallback
                0x0800a830       0x10 ./Drivers/STM32G0xx_HAL_Driver/Src/stm32g0xx_hal_tim.o
                0x0800a830                HAL_TIM_ErrorCallback
 .text.HAL_TIM_RegisterCallback
                0x0800a840      0x20c ./Drivers/STM32G0xx_HAL_Driver/Src/stm32g0xx_hal_tim.o
                0x0800a840                HAL_TIM_RegisterCallback
 .text.TIM_Base_SetConfig
                0x0800aa4c      0x108 ./Drivers/STM32G0xx_HAL_Driver/Src/stm32g0xx_hal_tim.o
                0x0800aa4c                TIM_Base_SetConfig
 .text.TIM_OC1_SetConfig
                0x0800ab54      0x100 ./Drivers/STM32G0xx_HAL_Driver/Src/stm32g0xx_hal_tim.o
 .text.TIM_OC2_SetConfig
                0x0800ac54       0xfc ./Drivers/STM32G0xx_HAL_Driver/Src/stm32g0xx_hal_tim.o
                0x0800ac54                TIM_OC2_SetConfig
 .text.TIM_OC3_SetConfig
                0x0800ad50      0x104 ./Drivers/STM32G0xx_HAL_Driver/Src/stm32g0xx_hal_tim.o
 .text.TIM_OC4_SetConfig
                0x0800ae54       0xc8 ./Drivers/STM32G0xx_HAL_Driver/Src/stm32g0xx_hal_tim.o
 .text.TIM_OC5_SetConfig
                0x0800af1c       0xb4 ./Drivers/STM32G0xx_HAL_Driver/Src/stm32g0xx_hal_tim.o
 .text.TIM_OC6_SetConfig
                0x0800afd0       0xbc ./Drivers/STM32G0xx_HAL_Driver/Src/stm32g0xx_hal_tim.o
 .text.TIM_TI1_SetConfig
                0x0800b08c       0xac ./Drivers/STM32G0xx_HAL_Driver/Src/stm32g0xx_hal_tim.o
                0x0800b08c                TIM_TI1_SetConfig
 .text.TIM_TI1_ConfigInputStage
                0x0800b138       0x5c ./Drivers/STM32G0xx_HAL_Driver/Src/stm32g0xx_hal_tim.o
 .text.TIM_TI2_SetConfig
                0x0800b194       0x84 ./Drivers/STM32G0xx_HAL_Driver/Src/stm32g0xx_hal_tim.o
 .text.TIM_TI2_ConfigInputStage
                0x0800b218       0x64 ./Drivers/STM32G0xx_HAL_Driver/Src/stm32g0xx_hal_tim.o
 .text.TIM_TI3_SetConfig
                0x0800b27c       0x80 ./Drivers/STM32G0xx_HAL_Driver/Src/stm32g0xx_hal_tim.o
 .text.TIM_TI4_SetConfig
                0x0800b2fc       0x8c ./Drivers/STM32G0xx_HAL_Driver/Src/stm32g0xx_hal_tim.o
 .text.TIM_ITRx_SetConfig
                0x0800b388       0x38 ./Drivers/STM32G0xx_HAL_Driver/Src/stm32g0xx_hal_tim.o
 .text.TIM_ETR_SetConfig
                0x0800b3c0       0x40 ./Drivers/STM32G0xx_HAL_Driver/Src/stm32g0xx_hal_tim.o
                0x0800b3c0                TIM_ETR_SetConfig
 .text.TIM_CCxChannelCmd
                0x0800b400       0x46 ./Drivers/STM32G0xx_HAL_Driver/Src/stm32g0xx_hal_tim.o
                0x0800b400                TIM_CCxChannelCmd
 *fill*         0x0800b446        0x2 
 .text.TIM_ResetCallback
                0x0800b448       0xb8 ./Drivers/STM32G0xx_HAL_Driver/Src/stm32g0xx_hal_tim.o
                0x0800b448                TIM_ResetCallback
 .text.HAL_TIMEx_MasterConfigSynchronization
                0x0800b500       0xd0 ./Drivers/STM32G0xx_HAL_Driver/Src/stm32g0xx_hal_tim_ex.o
                0x0800b500                HAL_TIMEx_MasterConfigSynchronization
 .text.HAL_TIMEx_ConfigBreakDeadTime
                0x0800b5d0      0x138 ./Drivers/STM32G0xx_HAL_Driver/Src/stm32g0xx_hal_tim_ex.o
                0x0800b5d0                HAL_TIMEx_ConfigBreakDeadTime
 .text.HAL_TIMEx_CommutCallback
                0x0800b708       0x10 ./Drivers/STM32G0xx_HAL_Driver/Src/stm32g0xx_hal_tim_ex.o
                0x0800b708                HAL_TIMEx_CommutCallback
 .text.HAL_TIMEx_CommutHalfCpltCallback
                0x0800b718       0x10 ./Drivers/STM32G0xx_HAL_Driver/Src/stm32g0xx_hal_tim_ex.o
                0x0800b718                HAL_TIMEx_CommutHalfCpltCallback
 .text.HAL_TIMEx_BreakCallback
                0x0800b728       0x10 ./Drivers/STM32G0xx_HAL_Driver/Src/stm32g0xx_hal_tim_ex.o
                0x0800b728                HAL_TIMEx_BreakCallback
 .text.HAL_TIMEx_Break2Callback
                0x0800b738       0x10 ./Drivers/STM32G0xx_HAL_Driver/Src/stm32g0xx_hal_tim_ex.o
                0x0800b738                HAL_TIMEx_Break2Callback
 .text.HAL_UART_Init
                0x0800b748       0xd0 ./Drivers/STM32G0xx_HAL_Driver/Src/stm32g0xx_hal_uart.o
                0x0800b748                HAL_UART_Init
 .text.HAL_UART_RegisterCallback
                0x0800b818      0x160 ./Drivers/STM32G0xx_HAL_Driver/Src/stm32g0xx_hal_uart.o
                0x0800b818                HAL_UART_RegisterCallback
 .text.HAL_UART_Receive_DMA
                0x0800b978       0xbc ./Drivers/STM32G0xx_HAL_Driver/Src/stm32g0xx_hal_uart.o
                0x0800b978                HAL_UART_Receive_DMA
 .text.HAL_UART_IRQHandler
                0x0800ba34      0x668 ./Drivers/STM32G0xx_HAL_Driver/Src/stm32g0xx_hal_uart.o
                0x0800ba34                HAL_UART_IRQHandler
 .text.HAL_UART_TxCpltCallback
                0x0800c09c       0x10 ./Drivers/STM32G0xx_HAL_Driver/Src/stm32g0xx_hal_uart.o
                0x0800c09c                HAL_UART_TxCpltCallback
 .text.HAL_UART_TxHalfCpltCallback
                0x0800c0ac       0x10 ./Drivers/STM32G0xx_HAL_Driver/Src/stm32g0xx_hal_uart.o
                0x0800c0ac                HAL_UART_TxHalfCpltCallback
 .text.HAL_UART_RxCpltCallback
                0x0800c0bc       0x10 ./Drivers/STM32G0xx_HAL_Driver/Src/stm32g0xx_hal_uart.o
                0x0800c0bc                HAL_UART_RxCpltCallback
 .text.HAL_UART_RxHalfCpltCallback
                0x0800c0cc       0x10 ./Drivers/STM32G0xx_HAL_Driver/Src/stm32g0xx_hal_uart.o
                0x0800c0cc                HAL_UART_RxHalfCpltCallback
 .text.HAL_UART_ErrorCallback
                0x0800c0dc       0x10 ./Drivers/STM32G0xx_HAL_Driver/Src/stm32g0xx_hal_uart.o
                0x0800c0dc                HAL_UART_ErrorCallback
 .text.HAL_UART_AbortCpltCallback
                0x0800c0ec       0x10 ./Drivers/STM32G0xx_HAL_Driver/Src/stm32g0xx_hal_uart.o
                0x0800c0ec                HAL_UART_AbortCpltCallback
 .text.HAL_UART_AbortTransmitCpltCallback
                0x0800c0fc       0x10 ./Drivers/STM32G0xx_HAL_Driver/Src/stm32g0xx_hal_uart.o
                0x0800c0fc                HAL_UART_AbortTransmitCpltCallback
 .text.HAL_UART_AbortReceiveCpltCallback
                0x0800c10c       0x10 ./Drivers/STM32G0xx_HAL_Driver/Src/stm32g0xx_hal_uart.o
                0x0800c10c                HAL_UART_AbortReceiveCpltCallback
 .text.HAL_UARTEx_RxEventCallback
                0x0800c11c       0x16 ./Drivers/STM32G0xx_HAL_Driver/Src/stm32g0xx_hal_uart.o
                0x0800c11c                HAL_UARTEx_RxEventCallback
 *fill*         0x0800c132        0x2 
 .text.UART_InitCallbacksToDefault
                0x0800c134       0xa0 ./Drivers/STM32G0xx_HAL_Driver/Src/stm32g0xx_hal_uart.o
                0x0800c134                UART_InitCallbacksToDefault
 .text.UART_SetConfig
                0x0800c1d4      0x4f0 ./Drivers/STM32G0xx_HAL_Driver/Src/stm32g0xx_hal_uart.o
                0x0800c1d4                UART_SetConfig
 .text.UART_AdvFeatureConfig
                0x0800c6c4      0x168 ./Drivers/STM32G0xx_HAL_Driver/Src/stm32g0xx_hal_uart.o
                0x0800c6c4                UART_AdvFeatureConfig
 .text.UART_CheckIdleState
                0x0800c82c      0x154 ./Drivers/STM32G0xx_HAL_Driver/Src/stm32g0xx_hal_uart.o
                0x0800c82c                UART_CheckIdleState
 .text.UART_WaitOnFlagUntilTimeout
                0x0800c980       0xde ./Drivers/STM32G0xx_HAL_Driver/Src/stm32g0xx_hal_uart.o
                0x0800c980                UART_WaitOnFlagUntilTimeout
 *fill*         0x0800ca5e        0x2 
 .text.UART_Start_Receive_DMA
                0x0800ca60      0x14c ./Drivers/STM32G0xx_HAL_Driver/Src/stm32g0xx_hal_uart.o
                0x0800ca60                UART_Start_Receive_DMA
 .text.UART_EndTxTransfer
                0x0800cbac       0x80 ./Drivers/STM32G0xx_HAL_Driver/Src/stm32g0xx_hal_uart.o
 .text.UART_EndRxTransfer
                0x0800cc2c       0xcc ./Drivers/STM32G0xx_HAL_Driver/Src/stm32g0xx_hal_uart.o
 .text.UART_DMAReceiveCplt
                0x0800ccf8      0x134 ./Drivers/STM32G0xx_HAL_Driver/Src/stm32g0xx_hal_uart.o
 .text.UART_DMARxHalfCplt
                0x0800ce2c       0x48 ./Drivers/STM32G0xx_HAL_Driver/Src/stm32g0xx_hal_uart.o
 .text.UART_DMAError
                0x0800ce74       0x8a ./Drivers/STM32G0xx_HAL_Driver/Src/stm32g0xx_hal_uart.o
 .text.UART_DMAAbortOnError
                0x0800cefe       0x32 ./Drivers/STM32G0xx_HAL_Driver/Src/stm32g0xx_hal_uart.o
 .text.UART_EndTransmit_IT
                0x0800cf30       0x5c ./Drivers/STM32G0xx_HAL_Driver/Src/stm32g0xx_hal_uart.o
 .text.HAL_UARTEx_WakeupCallback
                0x0800cf8c       0x10 ./Drivers/STM32G0xx_HAL_Driver/Src/stm32g0xx_hal_uart_ex.o
                0x0800cf8c                HAL_UARTEx_WakeupCallback
 .text.HAL_UARTEx_RxFifoFullCallback
                0x0800cf9c       0x10 ./Drivers/STM32G0xx_HAL_Driver/Src/stm32g0xx_hal_uart_ex.o
                0x0800cf9c                HAL_UARTEx_RxFifoFullCallback
 .text.HAL_UARTEx_TxFifoEmptyCallback
                0x0800cfac       0x10 ./Drivers/STM32G0xx_HAL_Driver/Src/stm32g0xx_hal_uart_ex.o
                0x0800cfac                HAL_UARTEx_TxFifoEmptyCallback
 .text.memset   0x0800cfbc       0x10 /Applications/STM32CubeIDE.app/Contents/Eclipse/plugins/com.st.stm32cube.ide.mcu.externaltools.gnu-tools-for-stm32.13.3.rel1.macos64_1.0.0.202411102158/tools/bin/../lib/gcc/arm-none-eabi/13.3.1/../../../../arm-none-eabi/lib/thumb/v6-m/nofp/libc_nano.a(libc_a-memset.o)
                0x0800cfbc                memset
 .text.__libc_init_array
                0x0800cfcc       0x48 /Applications/STM32CubeIDE.app/Contents/Eclipse/plugins/com.st.stm32cube.ide.mcu.externaltools.gnu-tools-for-stm32.13.3.rel1.macos64_1.0.0.202411102158/tools/bin/../lib/gcc/arm-none-eabi/13.3.1/../../../../arm-none-eabi/lib/thumb/v6-m/nofp/libc_nano.a(libc_a-init.o)
                0x0800cfcc                __libc_init_array
 .text.memcpy   0x0800d014       0x12 /Applications/STM32CubeIDE.app/Contents/Eclipse/plugins/com.st.stm32cube.ide.mcu.externaltools.gnu-tools-for-stm32.13.3.rel1.macos64_1.0.0.202411102158/tools/bin/../lib/gcc/arm-none-eabi/13.3.1/../../../../arm-none-eabi/lib/thumb/v6-m/nofp/libc_nano.a(libc_a-memcpy-stub.o)
                0x0800d014                memcpy
 *(.glue_7)
 .glue_7        0x0800d026        0x0 linker stubs
 *(.glue_7t)
 .glue_7t       0x0800d026        0x0 linker stubs
 *(.eh_frame)
 *fill*         0x0800d026        0x2 
 .eh_frame      0x0800d028        0x0 /Applications/STM32CubeIDE.app/Contents/Eclipse/plugins/com.st.stm32cube.ide.mcu.externaltools.gnu-tools-for-stm32.13.3.rel1.macos64_1.0.0.202411102158/tools/bin/../lib/gcc/arm-none-eabi/13.3.1/thumb/v6-m/nofp/crtbegin.o
 *(.init)
 .init          0x0800d028        0x4 /Applications/STM32CubeIDE.app/Contents/Eclipse/plugins/com.st.stm32cube.ide.mcu.externaltools.gnu-tools-for-stm32.13.3.rel1.macos64_1.0.0.202411102158/tools/bin/../lib/gcc/arm-none-eabi/13.3.1/thumb/v6-m/nofp/crti.o
                0x0800d028                _init
 .init          0x0800d02c        0x8 /Applications/STM32CubeIDE.app/Contents/Eclipse/plugins/com.st.stm32cube.ide.mcu.externaltools.gnu-tools-for-stm32.13.3.rel1.macos64_1.0.0.202411102158/tools/bin/../lib/gcc/arm-none-eabi/13.3.1/thumb/v6-m/nofp/crtn.o
 *(.fini)
 .fini          0x0800d034        0x4 /Applications/STM32CubeIDE.app/Contents/Eclipse/plugins/com.st.stm32cube.ide.mcu.externaltools.gnu-tools-for-stm32.13.3.rel1.macos64_1.0.0.202411102158/tools/bin/../lib/gcc/arm-none-eabi/13.3.1/thumb/v6-m/nofp/crti.o
                0x0800d034                _fini
 .fini          0x0800d038        0x8 /Applications/STM32CubeIDE.app/Contents/Eclipse/plugins/com.st.stm32cube.ide.mcu.externaltools.gnu-tools-for-stm32.13.3.rel1.macos64_1.0.0.202411102158/tools/bin/../lib/gcc/arm-none-eabi/13.3.1/thumb/v6-m/nofp/crtn.o
                0x0800d040                        . = ALIGN (0x4)
                0x0800d040                        _etext = .

.vfp11_veneer   0x0800d040        0x0
 .vfp11_veneer  0x0800d040        0x0 linker stubs

.v4_bx          0x0800d040        0x0
 .v4_bx         0x0800d040        0x0 linker stubs

.iplt           0x0800d040        0x0
 .iplt          0x0800d040        0x0 /Applications/STM32CubeIDE.app/Contents/Eclipse/plugins/com.st.stm32cube.ide.mcu.externaltools.gnu-tools-for-stm32.13.3.rel1.macos64_1.0.0.202411102158/tools/bin/../lib/gcc/arm-none-eabi/13.3.1/thumb/v6-m/nofp/crtbegin.o

.rodata         0x0800d040      0xa70
                0x0800d040                        . = ALIGN (0x4)
 *(.rodata)
 *(.rodata*)
 .rodata.factory_preset_0
                0x0800d040        0x5 ./Core/Src/CC_and_PC.o
                0x0800d040                factory_preset_0
 *fill*         0x0800d045        0x3 
 .rodata.factory_preset_1
                0x0800d048        0x5 ./Core/Src/CC_and_PC.o
                0x0800d048                factory_preset_1
 *fill*         0x0800d04d        0x3 
 .rodata.factory_preset_2
                0x0800d050        0x5 ./Core/Src/CC_and_PC.o
                0x0800d050                factory_preset_2
 *fill*         0x0800d055        0x3 
 .rodata.factory_preset_3
                0x0800d058        0x5 ./Core/Src/CC_and_PC.o
                0x0800d058                factory_preset_3
 *fill*         0x0800d05d        0x3 
 .rodata.sine_wavetable
                0x0800d060      0x400 ./Core/Src/oscillator.o
                0x0800d060                sine_wavetable
 .rodata.tri_wavetable
                0x0800d460      0x400 ./Core/Src/oscillator.o
                0x0800d460                tri_wavetable
 .rodata.num_ADC_conversions
                0x0800d860        0x1 ./Core/Src/oscillator.o
                0x0800d860                num_ADC_conversions
 *fill*         0x0800d861        0x3 
 .rodata.AHBPrescTable
                0x0800d864       0x40 ./Core/Src/system_stm32g0xx.o
                0x0800d864                AHBPrescTable
 .rodata.APBPrescTable
                0x0800d8a4       0x20 ./Core/Src/system_stm32g0xx.o
                0x0800d8a4                APBPrescTable
 .rodata.HAL_ADC_RegisterCallback
                0x0800d8c4       0x2c ./Drivers/STM32G0xx_HAL_Driver/Src/stm32g0xx_hal_adc.o
 .rodata.HAL_LPTIM_RegisterCallback
                0x0800d8f0       0x24 ./Drivers/STM32G0xx_HAL_Driver/Src/stm32g0xx_hal_lptim.o
 .rodata.HAL_TIM_OC_ConfigChannel
                0x0800d914       0x54 ./Drivers/STM32G0xx_HAL_Driver/Src/stm32g0xx_hal_tim.o
 .rodata.HAL_TIM_PWM_ConfigChannel
                0x0800d968       0x54 ./Drivers/STM32G0xx_HAL_Driver/Src/stm32g0xx_hal_tim.o
 .rodata.HAL_TIM_RegisterCallback
                0x0800d9bc       0xa8 ./Drivers/STM32G0xx_HAL_Driver/Src/stm32g0xx_hal_tim.o
 .rodata.UARTPrescTable
                0x0800da64       0x18 ./Drivers/STM32G0xx_HAL_Driver/Src/stm32g0xx_hal_uart.o
                0x0800da64                UARTPrescTable
 .rodata.HAL_UART_RegisterCallback
                0x0800da7c       0x34 ./Drivers/STM32G0xx_HAL_Driver/Src/stm32g0xx_hal_uart.o
                0x0800dab0                        . = ALIGN (0x4)

.ARM.extab      0x0800dab0        0x0
                0x0800dab0                        . = ALIGN (0x4)
 *(.ARM.extab* .gnu.linkonce.armextab.*)
                0x0800dab0                        . = ALIGN (0x4)

.ARM            0x0800dab0        0x8
                0x0800dab0                        . = ALIGN (0x4)
                0x0800dab0                        __exidx_start = .
 *(.ARM.exidx*)
 .ARM.exidx     0x0800dab0        0x8 /Applications/STM32CubeIDE.app/Contents/Eclipse/plugins/com.st.stm32cube.ide.mcu.externaltools.gnu-tools-for-stm32.13.3.rel1.macos64_1.0.0.202411102158/tools/bin/../lib/gcc/arm-none-eabi/13.3.1/thumb/v6-m/nofp/libgcc.a(_udivmoddi4.o)
                0x0800dab8                        __exidx_end = .
                0x0800dab8                        . = ALIGN (0x4)

.preinit_array  0x0800dab8        0x0
                0x0800dab8                        . = ALIGN (0x4)
                0x0800dab8                        PROVIDE (__preinit_array_start = .)
 *(.preinit_array*)
                0x0800dab8                        PROVIDE (__preinit_array_end = .)
                0x0800dab8                        . = ALIGN (0x4)

.init_array     0x0800dab8        0x4
                0x0800dab8                        . = ALIGN (0x4)
                0x0800dab8                        PROVIDE (__init_array_start = .)
 *(SORT_BY_NAME(.init_array.*))
 *(.init_array*)
 .init_array    0x0800dab8        0x4 /Applications/STM32CubeIDE.app/Contents/Eclipse/plugins/com.st.stm32cube.ide.mcu.externaltools.gnu-tools-for-stm32.13.3.rel1.macos64_1.0.0.202411102158/tools/bin/../lib/gcc/arm-none-eabi/13.3.1/thumb/v6-m/nofp/crtbegin.o
                0x0800dabc                        PROVIDE (__init_array_end = .)
                0x0800dabc                        . = ALIGN (0x4)

.fini_array     0x0800dabc        0x4
                0x0800dabc                        . = ALIGN (0x4)
                [!provide]                        PROVIDE (__fini_array_start = .)
 *(SORT_BY_NAME(.fini_array.*))
 *(.fini_array*)
 .fini_array    0x0800dabc        0x4 /Applications/STM32CubeIDE.app/Contents/Eclipse/plugins/com.st.stm32cube.ide.mcu.externaltools.gnu-tools-for-stm32.13.3.rel1.macos64_1.0.0.202411102158/tools/bin/../lib/gcc/arm-none-eabi/13.3.1/thumb/v6-m/nofp/crtbegin.o
                [!provide]                        PROVIDE (__fini_array_end = .)
                0x0800dac0                        . = ALIGN (0x4)
                0x0800dac0                        _sidata = LOADADDR (.data)

.rel.dyn        0x0800dac0        0x0
 .rel.iplt      0x0800dac0        0x0 /Applications/STM32CubeIDE.app/Contents/Eclipse/plugins/com.st.stm32cube.ide.mcu.externaltools.gnu-tools-for-stm32.13.3.rel1.macos64_1.0.0.202411102158/tools/bin/../lib/gcc/arm-none-eabi/13.3.1/thumb/v6-m/nofp/crtbegin.o

.data           0x20000000      0x44c load address 0x0800dac0
                0x20000000                        . = ALIGN (0x4)
                0x20000000                        _sdata = .
 *(.data)
 *(.data*)
 .data.user_preset_0
                0x20000000        0x5 ./Core/Src/CC_and_PC.o
                0x20000000                user_preset_0
 *fill*         0x20000005        0x3 
 .data.user_preset_1
                0x20000008        0x5 ./Core/Src/CC_and_PC.o
                0x20000008                user_preset_1
 *fill*         0x2000000d        0x3 
 .data.user_preset_2
                0x20000010        0x5 ./Core/Src/CC_and_PC.o
                0x20000010                user_preset_2
 *fill*         0x20000015        0x3 
 .data.user_preset_3
                0x20000018        0x5 ./Core/Src/CC_and_PC.o
                0x20000018                user_preset_3
 .data.tap_tempo_switch_state_counter.1
                0x2000001d        0x1 ./Core/Src/checking_functions.o
 *fill*         0x2000001e        0x2 
 .data.delay_line
                0x20000020      0x406 ./Core/Src/oscillator.o
                0x20000020                delay_line
 *fill*         0x20000426        0x2 
 .data.speed_fsm
                0x20000428        0x2 ./Core/Src/state_machine.o
                0x20000428                speed_fsm
 *fill*         0x2000042a        0x2 
 .data.depth_fsm
                0x2000042c        0x2 ./Core/Src/state_machine.o
                0x2000042c                depth_fsm
 *fill*         0x2000042e        0x2 
 .data.waveshape_fsm
                0x20000430        0x2 ./Core/Src/state_machine.o
                0x20000430                waveshape_fsm
 *fill*         0x20000432        0x2 
 .data.symmetry_fsm
                0x20000434        0x2 ./Core/Src/state_machine.o
                0x20000434                symmetry_fsm
 *fill*         0x20000436        0x2 
 .data.phase_fsm
                0x20000438        0x2 ./Core/Src/state_machine.o
                0x20000438                phase_fsm
 *fill*         0x2000043a        0x2 
 .data.IP_CAP_fsm
                0x2000043c        0x2 ./Core/Src/state_machine.o
                0x2000043c                IP_CAP_fsm
 *fill*         0x2000043e        0x2 
 .data.SystemCoreClock
                0x20000440        0x4 ./Core/Src/system_stm32g0xx.o
                0x20000440                SystemCoreClock
 .data.uwTickPrio
                0x20000444        0x4 ./Drivers/STM32G0xx_HAL_Driver/Src/stm32g0xx_hal.o
                0x20000444                uwTickPrio
 .data.uwTickFreq
                0x20000448        0x1 ./Drivers/STM32G0xx_HAL_Driver/Src/stm32g0xx_hal.o
                0x20000448                uwTickFreq
 *(.RamFunc)
 *(.RamFunc*)
                0x2000044c                        . = ALIGN (0x4)
 *fill*         0x20000449        0x3 
                0x2000044c                        _edata = .

.igot.plt       0x2000044c        0x0 load address 0x0800df0c
 .igot.plt      0x2000044c        0x0 /Applications/STM32CubeIDE.app/Contents/Eclipse/plugins/com.st.stm32cube.ide.mcu.externaltools.gnu-tools-for-stm32.13.3.rel1.macos64_1.0.0.202411102158/tools/bin/../lib/gcc/arm-none-eabi/13.3.1/thumb/v6-m/nofp/crtbegin.o
                0x2000044c                        . = ALIGN (0x4)

.bss            0x2000044c      0x894 load address 0x0800df0c
                0x2000044c                        _sbss = .
                0x2000044c                        __bss_start__ = _sbss
 *(.bss)
 .bss           0x2000044c       0x1c /Applications/STM32CubeIDE.app/Contents/Eclipse/plugins/com.st.stm32cube.ide.mcu.externaltools.gnu-tools-for-stm32.13.3.rel1.macos64_1.0.0.202411102158/tools/bin/../lib/gcc/arm-none-eabi/13.3.1/thumb/v6-m/nofp/crtbegin.o
 *(.bss*)
 .bss.factory_presets_array
                0x20000468       0x10 ./Core/Src/CC_and_PC.o
                0x20000468                factory_presets_array
 .bss.user_presets_array
                0x20000478       0x10 ./Core/Src/CC_and_PC.o
                0x20000478                user_presets_array
 .bss.presets_converted_array
                0x20000488       0x28 ./Core/Src/CC_and_PC.o
                0x20000488                presets_converted_array
 .bss.preset_selected
                0x200004b0        0x1 ./Core/Src/CC_and_PC.o
                0x200004b0                preset_selected
 *fill*         0x200004b1        0x3 
 .bss.user_presets_used_array
                0x200004b4        0x4 ./Core/Src/CC_and_PC.o
                0x200004b4                user_presets_used_array
 .bss.CC_array  0x200004b8        0x5 ./Core/Src/CC_and_PC.o
                0x200004b8                CC_array
 .bss.LED_state
                0x200004bd        0x1 ./Core/Src/LED.o
                0x200004bd                LED_state
 *fill*         0x200004be        0x2 
 .bss.LED_counter
                0x200004c0        0x4 ./Core/Src/LED.o
                0x200004c0                LED_counter
 .bss.MIDI_basic_channel
                0x200004c4        0x1 ./Core/Src/MIDI.o
                0x200004c4                MIDI_basic_channel
 .bss.active_status_byte
                0x200004c5        0x1 ./Core/Src/MIDI.o
                0x200004c5                active_status_byte
 .bss.running_status_byte
                0x200004c6        0x1 ./Core/Src/MIDI.o
                0x200004c6                running_status_byte
 *fill*         0x200004c7        0x1 
 .bss.MIDI_data
                0x200004c8        0xa ./Core/Src/MIDI.o
                0x200004c8                MIDI_data
 *fill*         0x200004d2        0x2 
 .bss.rx_buffer
                0x200004d4        0x1 ./Core/Src/UART.o
                0x200004d4                rx_buffer
 .bss.waveshape_pot_adc_measurement_num
                0x200004d5        0x1 ./Core/Src/checking_functions.o
                0x200004d5                waveshape_pot_adc_measurement_num
 .bss.speed_pot_adc_measurement_num
                0x200004d6        0x1 ./Core/Src/checking_functions.o
                0x200004d6                speed_pot_adc_measurement_num
 .bss.depth_pot_adc_measurement_num
                0x200004d7        0x1 ./Core/Src/checking_functions.o
                0x200004d7                depth_pot_adc_measurement_num
 .bss.symmetry_pot_adc_measurement_num
                0x200004d8        0x1 ./Core/Src/checking_functions.o
                0x200004d8                symmetry_pot_adc_measurement_num
 .bss.phase_pot_adc_measurement_num
                0x200004d9        0x1 ./Core/Src/checking_functions.o
                0x200004d9                phase_pot_adc_measurement_num
 .bss.pots_counter
                0x200004da        0x1 ./Core/Src/checking_functions.o
                0x200004da                pots_counter
 *fill*         0x200004db        0x1 
 .bss.first_waveshape_measurement.11
                0x200004dc        0x2 ./Core/Src/checking_functions.o
 .bss.second_waveshape_measurement.10
                0x200004de        0x2 ./Core/Src/checking_functions.o
 .bss.first_speed_measurement.9
                0x200004e0        0x2 ./Core/Src/checking_functions.o
 .bss.second_speed_measurement.8
                0x200004e2        0x2 ./Core/Src/checking_functions.o
 .bss.first_depth_measurement.7
                0x200004e4        0x2 ./Core/Src/checking_functions.o
 .bss.second_depth_measurement.6
                0x200004e6        0x2 ./Core/Src/checking_functions.o
 .bss.first_symmetry_measurement.5
                0x200004e8        0x2 ./Core/Src/checking_functions.o
 .bss.second_symmetry_measurement.4
                0x200004ea        0x2 ./Core/Src/checking_functions.o
 .bss.first_phase_measurement.3
                0x200004ec        0x2 ./Core/Src/checking_functions.o
 .bss.second_phase_measurement.2
                0x200004ee        0x2 ./Core/Src/checking_functions.o
 .bss.extend_rising_edge.0
                0x200004f0        0x1 ./Core/Src/checking_functions.o
 *fill*         0x200004f1        0x3 
 .bss.hadc1     0x200004f4       0x88 ./Core/Src/config.o
                0x200004f4                hadc1
 .bss.hdma_adc1
                0x2000057c       0x5c ./Core/Src/config.o
                0x2000057c                hdma_adc1
 .bss.htim14    0x200005d8       0xbc ./Core/Src/config.o
                0x200005d8                htim14
 .bss.htim17    0x20000694       0xbc ./Core/Src/config.o
                0x20000694                htim17
 .bss.htim16    0x20000750       0xbc ./Core/Src/config.o
                0x20000750                htim16
 .bss.htim2     0x2000080c       0xbc ./Core/Src/config.o
                0x2000080c                htim2
 .bss.htim3     0x200008c8       0xbc ./Core/Src/config.o
                0x200008c8                htim3
 .bss.htim1     0x20000984       0xbc ./Core/Src/config.o
                0x20000984                htim1
 .bss.huart2    0x20000a40       0xcc ./Core/Src/config.o
                0x20000a40                huart2
 .bss.hdma_usart2_rx
                0x20000b0c       0x5c ./Core/Src/config.o
                0x20000b0c                hdma_usart2_rx
 .bss.hdma_usart2_tx
                0x20000b68       0x5c ./Core/Src/config.o
                0x20000b68                hdma_usart2_tx
 .bss.hlptim1   0x20000bc4       0x5c ./Core/Src/config.o
                0x20000bc4                hlptim1
 .bss.tap_tempo_switch_states.1
                0x20000c20        0x2 ./Core/Src/custom_callbacks.o
 *fill*         0x20000c22        0x2 
 .bss.depressed_num.0
                0x20000c24        0x4 ./Core/Src/custom_callbacks.o
 .bss.TIM2_ch1_input_capture_value
                0x20000c28        0x4 ./Core/Src/input_capture.o
                0x20000c28                TIM2_ch1_input_capture_value
 .bss.interrupt_period
                0x20000c2c        0x2 ./Core/Src/input_capture.o
                0x20000c2c                interrupt_period
 .bss.MIDI_CLK_tag
                0x20000c2e        0x1 ./Core/Src/input_capture.o
                0x20000c2e                MIDI_CLK_tag
 *fill*         0x20000c2f        0x1 
 .bss.statuses  0x20000c30        0x4 ./Core/Src/main.o
                0x20000c30                statuses
 .bss.idle_counter
                0x20000c34        0x4 ./Core/Src/main.o
                0x20000c34                idle_counter
 .bss.midi_counter
                0x20000c38        0x4 ./Core/Src/main.o
                0x20000c38                midi_counter
 .bss.ADCResultsDMA
                0x20000c3c        0xa ./Core/Src/oscillator.o
                0x20000c3c                ADCResultsDMA
 *fill*         0x20000c46        0x2 
 .bss.params    0x20000c48       0x24 ./Core/Src/oscillator.o
                0x20000c48                params
 .bss.params_manual
                0x20000c6c       0x24 ./Core/Src/oscillator.o
                0x20000c6c                params_manual
 .bss.params_to_be_loaded
                0x20000c90       0x24 ./Core/Src/oscillator.o
                0x20000c90                params_to_be_loaded
 .bss.params_working
                0x20000cb4       0x24 ./Core/Src/oscillator.o
                0x20000cb4                params_working
 .bss.MIDI_CLK_fsm
                0x20000cd8        0x1 ./Core/Src/state_machine.o
                0x20000cd8                MIDI_CLK_fsm
 *fill*         0x20000cd9        0x3 
 .bss.uwTick    0x20000cdc        0x4 ./Drivers/STM32G0xx_HAL_Driver/Src/stm32g0xx_hal.o
                0x20000cdc                uwTick
 *(COMMON)
                0x20000ce0                        . = ALIGN (0x4)
                0x20000ce0                        _ebss = .
                0x20000ce0                        __bss_end__ = _ebss

._user_heap_stack
                0x20000ce0      0x600 load address 0x0800df0c
                0x20000ce0                        . = ALIGN (0x8)
                [!provide]                        PROVIDE (end = .)
                0x20000ce0                        PROVIDE (_end = .)
                0x20000ee0                        . = (. + _Min_Heap_Size)
 *fill*         0x20000ce0      0x200 
                0x200012e0                        . = (. + _Min_Stack_Size)
 *fill*         0x20000ee0      0x400 
                0x200012e0                        . = ALIGN (0x8)

/DISCARD/
 libc.a(*)
 libm.a(*)
 libgcc.a(*)

.ARM.attributes
                0x00000000       0x28
 *(.ARM.attributes)
 .ARM.attributes
                0x00000000       0x1e /Applications/STM32CubeIDE.app/Contents/Eclipse/plugins/com.st.stm32cube.ide.mcu.externaltools.gnu-tools-for-stm32.13.3.rel1.macos64_1.0.0.202411102158/tools/bin/../lib/gcc/arm-none-eabi/13.3.1/thumb/v6-m/nofp/crti.o
 .ARM.attributes
                0x0000001e       0x2c /Applications/STM32CubeIDE.app/Contents/Eclipse/plugins/com.st.stm32cube.ide.mcu.externaltools.gnu-tools-for-stm32.13.3.rel1.macos64_1.0.0.202411102158/tools/bin/../lib/gcc/arm-none-eabi/13.3.1/thumb/v6-m/nofp/crtbegin.o
 .ARM.attributes
                0x0000004a       0x2c ./Core/Src/CC_and_PC.o
 .ARM.attributes
                0x00000076       0x2c ./Core/Src/LED.o
 .ARM.attributes
                0x000000a2       0x2c ./Core/Src/MIDI.o
 .ARM.attributes
                0x000000ce       0x2c ./Core/Src/UART.o
 .ARM.attributes
                0x000000fa       0x2c ./Core/Src/checking_functions.o
 .ARM.attributes
                0x00000126       0x2c ./Core/Src/config.o
 .ARM.attributes
                0x00000152       0x2c ./Core/Src/custom_callbacks.o
 .ARM.attributes
                0x0000017e       0x2c ./Core/Src/input_capture.o
 .ARM.attributes
                0x000001aa       0x2c ./Core/Src/main.o
 .ARM.attributes
                0x000001d6       0x2c ./Core/Src/oscillator.o
 .ARM.attributes
                0x00000202       0x2c ./Core/Src/startup.o
 .ARM.attributes
                0x0000022e       0x2c ./Core/Src/state_machine.o
 .ARM.attributes
                0x0000025a       0x2c ./Core/Src/stm32g0xx_hal_msp.o
 .ARM.attributes
                0x00000286       0x2c ./Core/Src/stm32g0xx_it.o
 .ARM.attributes
                0x000002b2       0x2c ./Core/Src/symmetry_adjustment.o
 .ARM.attributes
                0x000002de       0x2c ./Core/Src/system_stm32g0xx.o
 .ARM.attributes
                0x0000030a       0x2c ./Core/Src/timers.o
 .ARM.attributes
                0x00000336       0x2c ./Core/Src/utility.o
 .ARM.attributes
                0x00000362       0x22 ./Core/Startup/startup_stm32g031k8tx.o
 .ARM.attributes
                0x00000384       0x2c ./Drivers/STM32G0xx_HAL_Driver/Src/stm32g0xx_hal.o
 .ARM.attributes
                0x000003b0       0x2c ./Drivers/STM32G0xx_HAL_Driver/Src/stm32g0xx_hal_adc.o
 .ARM.attributes
                0x000003dc       0x2c ./Drivers/STM32G0xx_HAL_Driver/Src/stm32g0xx_hal_adc_ex.o
 .ARM.attributes
                0x00000408       0x2c ./Drivers/STM32G0xx_HAL_Driver/Src/stm32g0xx_hal_cortex.o
 .ARM.attributes
                0x00000434       0x2c ./Drivers/STM32G0xx_HAL_Driver/Src/stm32g0xx_hal_dma.o
 .ARM.attributes
                0x00000460       0x2c ./Drivers/STM32G0xx_HAL_Driver/Src/stm32g0xx_hal_gpio.o
 .ARM.attributes
                0x0000048c       0x2c ./Drivers/STM32G0xx_HAL_Driver/Src/stm32g0xx_hal_lptim.o
 .ARM.attributes
                0x000004b8       0x2c ./Drivers/STM32G0xx_HAL_Driver/Src/stm32g0xx_hal_pwr_ex.o
 .ARM.attributes
                0x000004e4       0x2c ./Drivers/STM32G0xx_HAL_Driver/Src/stm32g0xx_hal_rcc.o
 .ARM.attributes
                0x00000510       0x2c ./Drivers/STM32G0xx_HAL_Driver/Src/stm32g0xx_hal_rcc_ex.o
 .ARM.attributes
                0x0000053c       0x2c ./Drivers/STM32G0xx_HAL_Driver/Src/stm32g0xx_hal_tim.o
 .ARM.attributes
                0x00000568       0x2c ./Drivers/STM32G0xx_HAL_Driver/Src/stm32g0xx_hal_tim_ex.o
 .ARM.attributes
                0x00000594       0x2c ./Drivers/STM32G0xx_HAL_Driver/Src/stm32g0xx_hal_uart.o
 .ARM.attributes
                0x000005c0       0x2c ./Drivers/STM32G0xx_HAL_Driver/Src/stm32g0xx_hal_uart_ex.o
 .ARM.attributes
                0x000005ec       0x2c /Applications/STM32CubeIDE.app/Contents/Eclipse/plugins/com.st.stm32cube.ide.mcu.externaltools.gnu-tools-for-stm32.13.3.rel1.macos64_1.0.0.202411102158/tools/bin/../lib/gcc/arm-none-eabi/13.3.1/../../../../arm-none-eabi/lib/thumb/v6-m/nofp/libc_nano.a(libc_a-memset.o)
 .ARM.attributes
                0x00000618       0x2c /Applications/STM32CubeIDE.app/Contents/Eclipse/plugins/com.st.stm32cube.ide.mcu.externaltools.gnu-tools-for-stm32.13.3.rel1.macos64_1.0.0.202411102158/tools/bin/../lib/gcc/arm-none-eabi/13.3.1/../../../../arm-none-eabi/lib/thumb/v6-m/nofp/libc_nano.a(libc_a-init.o)
 .ARM.attributes
                0x00000644       0x2c /Applications/STM32CubeIDE.app/Contents/Eclipse/plugins/com.st.stm32cube.ide.mcu.externaltools.gnu-tools-for-stm32.13.3.rel1.macos64_1.0.0.202411102158/tools/bin/../lib/gcc/arm-none-eabi/13.3.1/../../../../arm-none-eabi/lib/thumb/v6-m/nofp/libc_nano.a(libc_a-memcpy-stub.o)
 .ARM.attributes
                0x00000670       0x1e /Applications/STM32CubeIDE.app/Contents/Eclipse/plugins/com.st.stm32cube.ide.mcu.externaltools.gnu-tools-for-stm32.13.3.rel1.macos64_1.0.0.202411102158/tools/bin/../lib/gcc/arm-none-eabi/13.3.1/thumb/v6-m/nofp/libgcc.a(_udivsi3.o)
 .ARM.attributes
                0x0000068e       0x1e /Applications/STM32CubeIDE.app/Contents/Eclipse/plugins/com.st.stm32cube.ide.mcu.externaltools.gnu-tools-for-stm32.13.3.rel1.macos64_1.0.0.202411102158/tools/bin/../lib/gcc/arm-none-eabi/13.3.1/thumb/v6-m/nofp/libgcc.a(_dvmd_tls.o)
 .ARM.attributes
                0x000006ac       0x1e /Applications/STM32CubeIDE.app/Contents/Eclipse/plugins/com.st.stm32cube.ide.mcu.externaltools.gnu-tools-for-stm32.13.3.rel1.macos64_1.0.0.202411102158/tools/bin/../lib/gcc/arm-none-eabi/13.3.1/thumb/v6-m/nofp/libgcc.a(_aeabi_uldivmod.o)
 .ARM.attributes
                0x000006ca       0x2c /Applications/STM32CubeIDE.app/Contents/Eclipse/plugins/com.st.stm32cube.ide.mcu.externaltools.gnu-tools-for-stm32.13.3.rel1.macos64_1.0.0.202411102158/tools/bin/../lib/gcc/arm-none-eabi/13.3.1/thumb/v6-m/nofp/libgcc.a(_udivmoddi4.o)
 .ARM.attributes
                0x000006f6       0x1e /Applications/STM32CubeIDE.app/Contents/Eclipse/plugins/com.st.stm32cube.ide.mcu.externaltools.gnu-tools-for-stm32.13.3.rel1.macos64_1.0.0.202411102158/tools/bin/../lib/gcc/arm-none-eabi/13.3.1/thumb/v6-m/nofp/libgcc.a(_clzdi2.o)
 .ARM.attributes
                0x00000714       0x1e /Applications/STM32CubeIDE.app/Contents/Eclipse/plugins/com.st.stm32cube.ide.mcu.externaltools.gnu-tools-for-stm32.13.3.rel1.macos64_1.0.0.202411102158/tools/bin/../lib/gcc/arm-none-eabi/13.3.1/thumb/v6-m/nofp/libgcc.a(_clzsi2.o)
 .ARM.attributes
                0x00000732       0x1e /Applications/STM32CubeIDE.app/Contents/Eclipse/plugins/com.st.stm32cube.ide.mcu.externaltools.gnu-tools-for-stm32.13.3.rel1.macos64_1.0.0.202411102158/tools/bin/../lib/gcc/arm-none-eabi/13.3.1/thumb/v6-m/nofp/crtn.o
OUTPUT(g031k8.elf elf32-littlearm)
LOAD linker stubs
LOAD /Applications/STM32CubeIDE.app/Contents/Eclipse/plugins/com.st.stm32cube.ide.mcu.externaltools.gnu-tools-for-stm32.13.3.rel1.macos64_1.0.0.202411102158/tools/bin/../lib/gcc/arm-none-eabi/13.3.1/../../../../arm-none-eabi/lib/thumb/v6-m/nofp/libc.a
LOAD /Applications/STM32CubeIDE.app/Contents/Eclipse/plugins/com.st.stm32cube.ide.mcu.externaltools.gnu-tools-for-stm32.13.3.rel1.macos64_1.0.0.202411102158/tools/bin/../lib/gcc/arm-none-eabi/13.3.1/../../../../arm-none-eabi/lib/thumb/v6-m/nofp/libm.a
LOAD /Applications/STM32CubeIDE.app/Contents/Eclipse/plugins/com.st.stm32cube.ide.mcu.externaltools.gnu-tools-for-stm32.13.3.rel1.macos64_1.0.0.202411102158/tools/bin/../lib/gcc/arm-none-eabi/13.3.1/thumb/v6-m/nofp/libgcc.a

.debug_info     0x00000000    0x2050f
 .debug_info    0x00000000      0xfb3 ./Core/Src/CC_and_PC.o
 .debug_info    0x00000fb3       0xea ./Core/Src/LED.o
 .debug_info    0x0000109d      0xaa5 ./Core/Src/MIDI.o
 .debug_info    0x00001b42      0x908 ./Core/Src/UART.o
 .debug_info    0x0000244a      0x693 ./Core/Src/checking_functions.o
 .debug_info    0x00002add     0x26a8 ./Core/Src/config.o
 .debug_info    0x00005185     0x2267 ./Core/Src/custom_callbacks.o
 .debug_info    0x000073ec      0xd75 ./Core/Src/input_capture.o
 .debug_info    0x00008161      0x589 ./Core/Src/main.o
 .debug_info    0x000086ea      0xe73 ./Core/Src/oscillator.o
 .debug_info    0x0000955d     0x17c7 ./Core/Src/startup.o
 .debug_info    0x0000ad24      0x2c6 ./Core/Src/state_machine.o
 .debug_info    0x0000afea     0x1cc4 ./Core/Src/stm32g0xx_hal_msp.o
 .debug_info    0x0000ccae     0x121c ./Core/Src/stm32g0xx_it.o
 .debug_info    0x0000deca      0x350 ./Core/Src/symmetry_adjustment.o
 .debug_info    0x0000e21a      0x312 ./Core/Src/system_stm32g0xx.o
 .debug_info    0x0000e52c      0x9dc ./Core/Src/timers.o
 .debug_info    0x0000ef08      0x2c6 ./Core/Src/utility.o
 .debug_info    0x0000f1ce       0x30 ./Core/Startup/startup_stm32g031k8tx.o
 .debug_info    0x0000f1fe      0xa2b ./Drivers/STM32G0xx_HAL_Driver/Src/stm32g0xx_hal.o
 .debug_info    0x0000fc29     0x1705 ./Drivers/STM32G0xx_HAL_Driver/Src/stm32g0xx_hal_adc.o
 .debug_info    0x0001132e      0xbb8 ./Drivers/STM32G0xx_HAL_Driver/Src/stm32g0xx_hal_adc_ex.o
 .debug_info    0x00011ee6      0x8c3 ./Drivers/STM32G0xx_HAL_Driver/Src/stm32g0xx_hal_cortex.o
 .debug_info    0x000127a9      0x867 ./Drivers/STM32G0xx_HAL_Driver/Src/stm32g0xx_hal_dma.o
 .debug_info    0x00013010      0x599 ./Drivers/STM32G0xx_HAL_Driver/Src/stm32g0xx_hal_gpio.o
 .debug_info    0x000135a9     0x10a8 ./Drivers/STM32G0xx_HAL_Driver/Src/stm32g0xx_hal_lptim.o
 .debug_info    0x00014651      0x779 ./Drivers/STM32G0xx_HAL_Driver/Src/stm32g0xx_hal_pwr_ex.o
 .debug_info    0x00014dca      0xb17 ./Drivers/STM32G0xx_HAL_Driver/Src/stm32g0xx_hal_rcc.o
 .debug_info    0x000158e1      0x757 ./Drivers/STM32G0xx_HAL_Driver/Src/stm32g0xx_hal_rcc_ex.o
 .debug_info    0x00016038     0x2f23 ./Drivers/STM32G0xx_HAL_Driver/Src/stm32g0xx_hal_tim.o
 .debug_info    0x00018f5b     0x1a45 ./Drivers/STM32G0xx_HAL_Driver/Src/stm32g0xx_hal_tim_ex.o
 .debug_info    0x0001a9a0     0x4af3 ./Drivers/STM32G0xx_HAL_Driver/Src/stm32g0xx_hal_uart.o
 .debug_info    0x0001f493     0x107c ./Drivers/STM32G0xx_HAL_Driver/Src/stm32g0xx_hal_uart_ex.o

.debug_abbrev   0x00000000     0x4655
 .debug_abbrev  0x00000000      0x27b ./Core/Src/CC_and_PC.o
 .debug_abbrev  0x0000027b       0x77 ./Core/Src/LED.o
 .debug_abbrev  0x000002f2      0x27f ./Core/Src/MIDI.o
 .debug_abbrev  0x00000571      0x1a5 ./Core/Src/UART.o
 .debug_abbrev  0x00000716      0x1d1 ./Core/Src/checking_functions.o
 .debug_abbrev  0x000008e7      0x2ab ./Core/Src/config.o
 .debug_abbrev  0x00000b92      0x33b ./Core/Src/custom_callbacks.o
 .debug_abbrev  0x00000ecd      0x2ab ./Core/Src/input_capture.o
 .debug_abbrev  0x00001178      0x1e3 ./Core/Src/main.o
 .debug_abbrev  0x0000135b      0x298 ./Core/Src/oscillator.o
 .debug_abbrev  0x000015f3      0x272 ./Core/Src/startup.o
 .debug_abbrev  0x00001865       0xfa ./Core/Src/state_machine.o
 .debug_abbrev  0x0000195f      0x26f ./Core/Src/stm32g0xx_hal_msp.o
 .debug_abbrev  0x00001bce      0x1e9 ./Core/Src/stm32g0xx_it.o
 .debug_abbrev  0x00001db7      0x129 ./Core/Src/symmetry_adjustment.o
 .debug_abbrev  0x00001ee0      0x117 ./Core/Src/system_stm32g0xx.o
 .debug_abbrev  0x00001ff7      0x1f4 ./Core/Src/timers.o
 .debug_abbrev  0x000021eb      0x163 ./Core/Src/utility.o
 .debug_abbrev  0x0000234e       0x24 ./Core/Startup/startup_stm32g031k8tx.o
 .debug_abbrev  0x00002372      0x2b4 ./Drivers/STM32G0xx_HAL_Driver/Src/stm32g0xx_hal.o
 .debug_abbrev  0x00002626      0x287 ./Drivers/STM32G0xx_HAL_Driver/Src/stm32g0xx_hal_adc.o
 .debug_abbrev  0x000028ad      0x231 ./Drivers/STM32G0xx_HAL_Driver/Src/stm32g0xx_hal_adc_ex.o
 .debug_abbrev  0x00002ade      0x2a9 ./Drivers/STM32G0xx_HAL_Driver/Src/stm32g0xx_hal_cortex.o
 .debug_abbrev  0x00002d87      0x1df ./Drivers/STM32G0xx_HAL_Driver/Src/stm32g0xx_hal_dma.o
 .debug_abbrev  0x00002f66      0x1c1 ./Drivers/STM32G0xx_HAL_Driver/Src/stm32g0xx_hal_gpio.o
 .debug_abbrev  0x00003127      0x2b1 ./Drivers/STM32G0xx_HAL_Driver/Src/stm32g0xx_hal_lptim.o
 .debug_abbrev  0x000033d8      0x235 ./Drivers/STM32G0xx_HAL_Driver/Src/stm32g0xx_hal_pwr_ex.o
 .debug_abbrev  0x0000360d      0x2a7 ./Drivers/STM32G0xx_HAL_Driver/Src/stm32g0xx_hal_rcc.o
 .debug_abbrev  0x000038b4      0x227 ./Drivers/STM32G0xx_HAL_Driver/Src/stm32g0xx_hal_rcc_ex.o
 .debug_abbrev  0x00003adb      0x2a8 ./Drivers/STM32G0xx_HAL_Driver/Src/stm32g0xx_hal_tim.o
 .debug_abbrev  0x00003d83      0x2ba ./Drivers/STM32G0xx_HAL_Driver/Src/stm32g0xx_hal_tim_ex.o
 .debug_abbrev  0x0000403d      0x335 ./Drivers/STM32G0xx_HAL_Driver/Src/stm32g0xx_hal_uart.o
 .debug_abbrev  0x00004372      0x2e3 ./Drivers/STM32G0xx_HAL_Driver/Src/stm32g0xx_hal_uart_ex.o

.debug_aranges  0x00000000     0x17c8
 .debug_aranges
                0x00000000      0x110 ./Core/Src/CC_and_PC.o
 .debug_aranges
                0x00000110       0x18 ./Core/Src/LED.o
 .debug_aranges
                0x00000128       0xc8 ./Core/Src/MIDI.o
 .debug_aranges
                0x000001f0       0x20 ./Core/Src/UART.o
 .debug_aranges
                0x00000210       0x28 ./Core/Src/checking_functions.o
 .debug_aranges
                0x00000238       0x90 ./Core/Src/config.o
 .debug_aranges
                0x000002c8       0x78 ./Core/Src/custom_callbacks.o
 .debug_aranges
                0x00000340       0x48 ./Core/Src/input_capture.o
 .debug_aranges
                0x00000388       0x20 ./Core/Src/main.o
 .debug_aranges
                0x000003a8       0x50 ./Core/Src/oscillator.o
 .debug_aranges
                0x000003f8       0x20 ./Core/Src/startup.o
 .debug_aranges
                0x00000418       0x20 ./Core/Src/state_machine.o
 .debug_aranges
                0x00000438       0x68 ./Core/Src/stm32g0xx_hal_msp.o
 .debug_aranges
                0x000004a0       0x90 ./Core/Src/stm32g0xx_it.o
 .debug_aranges
                0x00000530       0x28 ./Core/Src/symmetry_adjustment.o
 .debug_aranges
                0x00000558       0x28 ./Core/Src/system_stm32g0xx.o
 .debug_aranges
                0x00000580       0x28 ./Core/Src/timers.o
 .debug_aranges
                0x000005a8       0x50 ./Core/Src/utility.o
 .debug_aranges
                0x000005f8       0x28 ./Core/Startup/startup_stm32g031k8tx.o
 .debug_aranges
                0x00000620      0x128 ./Drivers/STM32G0xx_HAL_Driver/Src/stm32g0xx_hal.o
 .debug_aranges
                0x00000748      0x200 ./Drivers/STM32G0xx_HAL_Driver/Src/stm32g0xx_hal_adc.o
 .debug_aranges
                0x00000948       0xb0 ./Drivers/STM32G0xx_HAL_Driver/Src/stm32g0xx_hal_adc_ex.o
 .debug_aranges
                0x000009f8       0xe8 ./Drivers/STM32G0xx_HAL_Driver/Src/stm32g0xx_hal_cortex.o
 .debug_aranges
                0x00000ae0       0x90 ./Drivers/STM32G0xx_HAL_Driver/Src/stm32g0xx_hal_dma.o
 .debug_aranges