Archive member included to satisfy reference by file (symbol)

C:/ST/STM32CubeIDE_1.16.1/STM32CubeIDE/plugins/com.st.stm32cube.ide.mcu.externaltools.gnu-tools-for-stm32.12.3.rel1.win32_1.1.0.202410251130/tools/bin/../lib/gcc/arm-none-eabi/12.3.1/../../../../arm-none-eabi/lib/thumb/v6-m/nofp\libc_nano.a(libc_a-exit.o)
                              C:/ST/STM32CubeIDE_1.16.1/STM32CubeIDE/plugins/com.st.stm32cube.ide.mcu.externaltools.gnu-tools-for-stm32.12.3.rel1.win32_1.1.0.202410251130/tools/bin/../lib/gcc/arm-none-eabi/12.3.1/../../../../arm-none-eabi/lib/thumb/v6-m/nofp/crt0.o (exit)
C:/ST/STM32CubeIDE_1.16.1/STM32CubeIDE/plugins/com.st.stm32cube.ide.mcu.externaltools.gnu-tools-for-stm32.12.3.rel1.win32_1.1.0.202410251130/tools/bin/../lib/gcc/arm-none-eabi/12.3.1/../../../../arm-none-eabi/lib/thumb/v6-m/nofp\libc_nano.a(libc_a-findfp.o)
                              C:/ST/STM32CubeIDE_1.16.1/STM32CubeIDE/plugins/com.st.stm32cube.ide.mcu.externaltools.gnu-tools-for-stm32.12.3.rel1.win32_1.1.0.202410251130/tools/bin/../lib/gcc/arm-none-eabi/12.3.1/../../../../arm-none-eabi/lib/thumb/v6-m/nofp\libc_nano.a(libc_a-exit.o) (__stdio_exit_handler)
C:/ST/STM32CubeIDE_1.16.1/STM32CubeIDE/plugins/com.st.stm32cube.ide.mcu.externaltools.gnu-tools-for-stm32.12.3.rel1.win32_1.1.0.202410251130/tools/bin/../lib/gcc/arm-none-eabi/12.3.1/../../../../arm-none-eabi/lib/thumb/v6-m/nofp\libc_nano.a(libc_a-fwalk.o)
                              C:/ST/STM32CubeIDE_1.16.1/STM32CubeIDE/plugins/com.st.stm32cube.ide.mcu.externaltools.gnu-tools-for-stm32.12.3.rel1.win32_1.1.0.202410251130/tools/bin/../lib/gcc/arm-none-eabi/12.3.1/../../../../arm-none-eabi/lib/thumb/v6-m/nofp\libc_nano.a(libc_a-findfp.o) (_fwalk_sglue)
C:/ST/STM32CubeIDE_1.16.1/STM32CubeIDE/plugins/com.st.stm32cube.ide.mcu.externaltools.gnu-tools-for-stm32.12.3.rel1.win32_1.1.0.202410251130/tools/bin/../lib/gcc/arm-none-eabi/12.3.1/../../../../arm-none-eabi/lib/thumb/v6-m/nofp\libc_nano.a(libc_a-stdio.o)
                              C:/ST/STM32CubeIDE_1.16.1/STM32CubeIDE/plugins/com.st.stm32cube.ide.mcu.externaltools.gnu-tools-for-stm32.12.3.rel1.win32_1.1.0.202410251130/tools/bin/../lib/gcc/arm-none-eabi/12.3.1/../../../../arm-none-eabi/lib/thumb/v6-m/nofp\libc_nano.a(libc_a-findfp.o) (__sread)
C:/ST/STM32CubeIDE_1.16.1/STM32CubeIDE/plugins/com.st.stm32cube.ide.mcu.externaltools.gnu-tools-for-stm32.12.3.rel1.win32_1.1.0.202410251130/tools/bin/../lib/gcc/arm-none-eabi/12.3.1/../../../../arm-none-eabi/lib/thumb/v6-m/nofp\libc_nano.a(libc_a-memset.o)
                              C:/ST/STM32CubeIDE_1.16.1/STM32CubeIDE/plugins/com.st.stm32cube.ide.mcu.externaltools.gnu-tools-for-stm32.12.3.rel1.win32_1.1.0.202410251130/tools/bin/../lib/gcc/arm-none-eabi/12.3.1/../../../../arm-none-eabi/lib/thumb/v6-m/nofp/crt0.o (memset)
C:/ST/STM32CubeIDE_1.16.1/STM32CubeIDE/plugins/com.st.stm32cube.ide.mcu.externaltools.gnu-tools-for-stm32.12.3.rel1.win32_1.1.0.202410251130/tools/bin/../lib/gcc/arm-none-eabi/12.3.1/../../../../arm-none-eabi/lib/thumb/v6-m/nofp\libc_nano.a(libc_a-closer.o)
                              C:/ST/STM32CubeIDE_1.16.1/STM32CubeIDE/plugins/com.st.stm32cube.ide.mcu.externaltools.gnu-tools-for-stm32.12.3.rel1.win32_1.1.0.202410251130/tools/bin/../lib/gcc/arm-none-eabi/12.3.1/../../../../arm-none-eabi/lib/thumb/v6-m/nofp\libc_nano.a(libc_a-stdio.o) (_close_r)
C:/ST/STM32CubeIDE_1.16.1/STM32CubeIDE/plugins/com.st.stm32cube.ide.mcu.externaltools.gnu-tools-for-stm32.12.3.rel1.win32_1.1.0.202410251130/tools/bin/../lib/gcc/arm-none-eabi/12.3.1/../../../../arm-none-eabi/lib/thumb/v6-m/nofp\libc_nano.a(libc_a-reent.o)
                              C:/ST/STM32CubeIDE_1.16.1/STM32CubeIDE/plugins/com.st.stm32cube.ide.mcu.externaltools.gnu-tools-for-stm32.12.3.rel1.win32_1.1.0.202410251130/tools/bin/../lib/gcc/arm-none-eabi/12.3.1/../../../../arm-none-eabi/lib/thumb/v6-m/nofp\libc_nano.a(libc_a-closer.o) (errno)
C:/ST/STM32CubeIDE_1.16.1/STM32CubeIDE/plugins/com.st.stm32cube.ide.mcu.externaltools.gnu-tools-for-stm32.12.3.rel1.win32_1.1.0.202410251130/tools/bin/../lib/gcc/arm-none-eabi/12.3.1/../../../../arm-none-eabi/lib/thumb/v6-m/nofp\libc_nano.a(libc_a-impure.o)
                              C:/ST/STM32CubeIDE_1.16.1/STM32CubeIDE/plugins/com.st.stm32cube.ide.mcu.externaltools.gnu-tools-for-stm32.12.3.rel1.win32_1.1.0.202410251130/tools/bin/../lib/gcc/arm-none-eabi/12.3.1/../../../../arm-none-eabi/lib/thumb/v6-m/nofp\libc_nano.a(libc_a-reent.o) (_impure_ptr)
C:/ST/STM32CubeIDE_1.16.1/STM32CubeIDE/plugins/com.st.stm32cube.ide.mcu.externaltools.gnu-tools-for-stm32.12.3.rel1.win32_1.1.0.202410251130/tools/bin/../lib/gcc/arm-none-eabi/12.3.1/../../../../arm-none-eabi/lib/thumb/v6-m/nofp\libc_nano.a(libc_a-lseekr.o)
[...]
Memory Configuration

Name             Origin             Length             Attributes
RAM              0x20000000         0x00002000         xrw
FLASH            0x08000000         0x00010000         xr
*default*        0x00000000         0xffffffff

Linker script and memory map

LOAD C:/ST/STM32CubeIDE_1.16.1/STM32CubeIDE/plugins/com.st.stm32cube.ide.mcu.externaltools.gnu-tools-for-stm32.12.3.rel1.win32_1.1.0.202410251130/tools/bin/../lib/gcc/arm-none-eabi/12.3.1/thumb/v6-m/nofp/crti.o
LOAD C:/ST/STM32CubeIDE_1.16.1/STM32CubeIDE/plugins/com.st.stm32cube.ide.mcu.externaltools.gnu-tools-for-stm32.12.3.rel1.win32_1.1.0.202410251130/tools/bin/../lib/gcc/arm-none-eabi/12.3.1/thumb/v6-m/nofp/crtbegin.o
LOAD C:/ST/STM32CubeIDE_1.16.1/STM32CubeIDE/plugins/com.st.stm32cube.ide.mcu.externaltools.gnu-tools-for-stm32.12.3.rel1.win32_1.1.0.202410251130/tools/bin/../lib/gcc/arm-none-eabi/12.3.1/../../../../arm-none-eabi/lib/thumb/v6-m/nofp/crt0.o
LOAD ./Core/Src/config.o
LOAD ./Core/Src/custom_callbacks.o
LOAD ./Core/Src/main.o
LOAD ./Core/Src/stm32g0xx_hal_msp.o
LOAD ./Core/Src/stm32g0xx_it.o
LOAD ./Core/Src/syscalls.o
LOAD ./Core/Src/sysmem.o
LOAD ./Core/Src/system.o
LOAD ./Core/Src/system_stm32g0xx.o
LOAD ./Core/Startup/startup_stm32g031k8tx.o
LOAD ./Drivers/STM32G0xx_HAL_Driver/Src/stm32g0xx_hal.o
LOAD ./Drivers/STM32G0xx_HAL_Driver/Src/stm32g0xx_hal_adc.o
LOAD ./Drivers/STM32G0xx_HAL_Driver/Src/stm32g0xx_hal_adc_ex.o
LOAD ./Drivers/STM32G0xx_HAL_Driver/Src/stm32g0xx_hal_cortex.o
LOAD ./Drivers/STM32G0xx_HAL_Driver/Src/stm32g0xx_hal_dma.o
LOAD ./Drivers/STM32G0xx_HAL_Driver/Src/stm32g0xx_hal_dma_ex.o
LOAD ./Drivers/STM32G0xx_HAL_Driver/Src/stm32g0xx_hal_exti.o
LOAD ./Drivers/STM32G0xx_HAL_Driver/Src/stm32g0xx_hal_flash.o
LOAD ./Drivers/STM32G0xx_HAL_Driver/Src/stm32g0xx_hal_flash_ex.o
LOAD ./Drivers/STM32G0xx_HAL_Driver/Src/stm32g0xx_hal_gpio.o
LOAD ./Drivers/STM32G0xx_HAL_Driver/Src/stm32g0xx_hal_pwr.o
LOAD ./Drivers/STM32G0xx_HAL_Driver/Src/stm32g0xx_hal_pwr_ex.o
LOAD ./Drivers/STM32G0xx_HAL_Driver/Src/stm32g0xx_hal_rcc.o
LOAD ./Drivers/STM32G0xx_HAL_Driver/Src/stm32g0xx_hal_rcc_ex.o
LOAD ./Drivers/STM32G0xx_HAL_Driver/Src/stm32g0xx_hal_tim.o
LOAD ./Drivers/STM32G0xx_HAL_Driver/Src/stm32g0xx_hal_tim_ex.o
LOAD ./Drivers/STM32G0xx_HAL_Driver/Src/stm32g0xx_hal_uart.o
LOAD ./Drivers/STM32G0xx_HAL_Driver/Src/stm32g0xx_hal_uart_ex.o
LOAD ./Drivers/STM32G0xx_HAL_Driver/Src/stm32g0xx_ll_adc.o
LOAD ./Drivers/STM32G0xx_HAL_Driver/Src/stm32g0xx_ll_rcc.o
START GROUP
LOAD C:/ST/STM32CubeIDE_1.16.1/STM32CubeIDE/plugins/com.st.stm32cube.ide.mcu.externaltools.gnu-tools-for-stm32.12.3.rel1.win32_1.1.0.202410251130/tools/bin/../lib/gcc/arm-none-eabi/12.3.1/../../../../arm-none-eabi/lib/thumb/v6-m/nofp\libc_nano.a
LOAD C:/ST/STM32CubeIDE_1.16.1/STM32CubeIDE/plugins/com.st.stm32cube.ide.mcu.externaltools.gnu-tools-for-stm32.12.3.rel1.win32_1.1.0.202410251130/tools/bin/../lib/gcc/arm-none-eabi/12.3.1/../../../../arm-none-eabi/lib/thumb/v6-m/nofp\libm.a
END GROUP
START GROUP
LOAD C:/ST/STM32CubeIDE_1.16.1/STM32CubeIDE/plugins/com.st.stm32cube.ide.mcu.externaltools.gnu-tools-for-stm32.12.3.rel1.win32_1.1.0.202410251130/tools/bin/../lib/gcc/arm-none-eabi/12.3.1/thumb/v6-m/nofp\libgcc.a
LOAD C:/ST/STM32CubeIDE_1.16.1/STM32CubeIDE/plugins/com.st.stm32cube.ide.mcu.externaltools.gnu-tools-for-stm32.12.3.rel1.win32_1.1.0.202410251130/tools/bin/../lib/gcc/arm-none-eabi/12.3.1/../../../../arm-none-eabi/lib/thumb/v6-m/nofp\libc_nano.a
END GROUP
START GROUP
LOAD C:/ST/STM32CubeIDE_1.16.1/STM32CubeIDE/plugins/com.st.stm32cube.ide.mcu.externaltools.gnu-tools-for-stm32.12.3.rel1.win32_1.1.0.202410251130/tools/bin/../lib/gcc/arm-none-eabi/12.3.1/thumb/v6-m/nofp\libgcc.a
LOAD C:/ST/STM32CubeIDE_1.16.1/STM32CubeIDE/plugins/com.st.stm32cube.ide.mcu.externaltools.gnu-tools-for-stm32.12.3.rel1.win32_1.1.0.202410251130/tools/bin/../lib/gcc/arm-none-eabi/12.3.1/../../../../arm-none-eabi/lib/thumb/v6-m/nofp\libc_nano.a
LOAD C:/ST/STM32CubeIDE_1.16.1/STM32CubeIDE/plugins/com.st.stm32cube.ide.mcu.externaltools.gnu-tools-for-stm32.12.3.rel1.win32_1.1.0.202410251130/tools/bin/../lib/gcc/arm-none-eabi/12.3.1/../../../../arm-none-eabi/lib/thumb/v6-m/nofp\libnosys.a
END GROUP
START GROUP
LOAD C:/ST/STM32CubeIDE_1.16.1/STM32CubeIDE/plugins/com.st.stm32cube.ide.mcu.externaltools.gnu-tools-for-stm32.12.3.rel1.win32_1.1.0.202410251130/tools/bin/../lib/gcc/arm-none-eabi/12.3.1/thumb/v6-m/nofp\libgcc.a
LOAD C:/ST/STM32CubeIDE_1.16.1/STM32CubeIDE/plugins/com.st.stm32cube.ide.mcu.externaltools.gnu-tools-for-stm32.12.3.rel1.win32_1.1.0.202410251130/tools/bin/../lib/gcc/arm-none-eabi/12.3.1/../../../../arm-none-eabi/lib/thumb/v6-m/nofp\libc_nano.a
LOAD C:/ST/STM32CubeIDE_1.16.1/STM32CubeIDE/plugins/com.st.stm32cube.ide.mcu.externaltools.gnu-tools-for-stm32.12.3.rel1.win32_1.1.0.202410251130/tools/bin/../lib/gcc/arm-none-eabi/12.3.1/../../../../arm-none-eabi/lib/thumb/v6-m/nofp\libnosys.a
END GROUP
LOAD C:/ST/STM32CubeIDE_1.16.1/STM32CubeIDE/plugins/com.st.stm32cube.ide.mcu.externaltools.gnu-tools-for-stm32.12.3.rel1.win32_1.1.0.202410251130/tools/bin/../lib/gcc/arm-none-eabi/12.3.1/thumb/v6-m/nofp/crtend.o
LOAD C:/ST/STM32CubeIDE_1.16.1/STM32CubeIDE/plugins/com.st.stm32cube.ide.mcu.externaltools.gnu-tools-for-stm32.12.3.rel1.win32_1.1.0.202410251130/tools/bin/../lib/gcc/arm-none-eabi/12.3.1/thumb/v6-m/nofp/crtn.o
                0x20002000                        _estack = (ORIGIN (RAM) + LENGTH (RAM))
                0x00000200                        _Min_Heap_Size = 0x200
                0x00000400                        _Min_Stack_Size = 0x400

.isr_vector     0x08000000       0xbc
                0x08000000                        . = ALIGN (0x4)
 *(.isr_vector)
 .isr_vector    0x08000000       0xbc ./Core/Startup/startup_stm32g031k8tx.o
                0x08000000                g_pfnVectors
                0x080000bc                        . = ALIGN (0x4)

.text           0x080000bc     0x50ec
                0x080000bc                        . = ALIGN (0x4)
 *(.text)
 .text          0x080000bc       0x48 C:/ST/STM32CubeIDE_1.16.1/STM32CubeIDE/plugins/com.st.stm32cube.ide.mcu.externaltools.gnu-tools-for-stm32.12.3.rel1.win32_1.1.0.202410251130/tools/bin/../lib/gcc/arm-none-eabi/12.3.1/thumb/v6-m/nofp/crtbegin.o
 .text          0x08000104      0x114 C:/ST/STM32CubeIDE_1.16.1/STM32CubeIDE/plugins/com.st.stm32cube.ide.mcu.externaltools.gnu-tools-for-stm32.12.3.rel1.win32_1.1.0.202410251130/tools/bin/../lib/gcc/arm-none-eabi/12.3.1/thumb/v6-m/nofp\libgcc.a(_udivsi3.o)
                0x08000104                __aeabi_uidiv
                0x08000104                __udivsi3
                0x08000210                __aeabi_uidivmod
 .text          0x08000218        0x4 C:/ST/STM32CubeIDE_1.16.1/STM32CubeIDE/plugins/com.st.stm32cube.ide.mcu.externaltools.gnu-tools-for-stm32.12.3.rel1.win32_1.1.0.202410251130/tools/bin/../lib/gcc/arm-none-eabi/12.3.1/thumb/v6-m/nofp\libgcc.a(_dvmd_tls.o)
                0x08000218                __aeabi_idiv0
                0x08000218                __aeabi_ldiv0
 .text          0x0800021c       0x40 C:/ST/STM32CubeIDE_1.16.1/STM32CubeIDE/plugins/com.st.stm32cube.ide.mcu.externaltools.gnu-tools-for-stm32.12.3.rel1.win32_1.1.0.202410251130/tools/bin/../lib/gcc/arm-none-eabi/12.3.1/thumb/v6-m/nofp\libgcc.a(_aeabi_uldivmod.o)
                0x0800021c                __aeabi_uldivmod
 .text          0x0800025c      0x198 C:/ST/STM32CubeIDE_1.16.1/STM32CubeIDE/plugins/com.st.stm32cube.ide.mcu.externaltools.gnu-tools-for-stm32.12.3.rel1.win32_1.1.0.202410251130/tools/bin/../lib/gcc/arm-none-eabi/12.3.1/thumb/v6-m/nofp\libgcc.a(_udivmoddi4.o)
                0x0800025c                __udivmoddi4
 .text          0x080003f4       0x18 C:/ST/STM32CubeIDE_1.16.1/STM32CubeIDE/plugins/com.st.stm32cube.ide.mcu.externaltools.gnu-tools-for-stm32.12.3.rel1.win32_1.1.0.202410251130/tools/bin/../lib/gcc/arm-none-eabi/12.3.1/thumb/v6-m/nofp\libgcc.a(_clzdi2.o)
                0x080003f4                __clzdi2
 .text          0x0800040c       0x3c C:/ST/STM32CubeIDE_1.16.1/STM32CubeIDE/plugins/com.st.stm32cube.ide.mcu.externaltools.gnu-tools-for-stm32.12.3.rel1.win32_1.1.0.202410251130/tools/bin/../lib/gcc/arm-none-eabi/12.3.1/thumb/v6-m/nofp\libgcc.a(_clzsi2.o)
                0x0800040c                __clzsi2
 *(.text*)
 .text.SystemClock_Config
                0x08000448       0x80 ./Core/Src/config.o
                0x08000448                SystemClock_Config
 .text.MX_ADC1_Init
                0x080004c8       0xd4 ./Core/Src/config.o
                0x080004c8                MX_ADC1_Init
 .text.MX_TIM14_Init
                0x0800059c       0x7c ./Core/Src/config.o
                0x0800059c                MX_TIM14_Init
 .text.MX_TIM16_Init
                0x08000618       0xc0 ./Core/Src/config.o
                0x08000618                MX_TIM16_Init
 .text.MX_TIM2_Init
                0x080006d8       0xb8 ./Core/Src/config.o
                0x080006d8                MX_TIM2_Init
 .text.MX_TIM3_Init
                0x08000790       0xb8 ./Core/Src/config.o
                0x08000790                MX_TIM3_Init
 .text.MX_GPIO_Init
                0x08000848       0xb0 ./Core/Src/config.o
                0x08000848                MX_GPIO_Init
 .text.Error_Handler
                0x080008f8        0x4 ./Core/Src/config.o
                0x080008f8                Error_Handler
 .text.System_Init
                0x080008fc       0xec ./Core/Src/config.o
                0x080008fc                System_Init
 .text.TIM16_callback
                0x080009e8      0x200 ./Core/Src/custom_callbacks.o
                0x080009e8                TIM16_callback
 .text.ADC_DMA_conversion_complete_callback
                0x08000be8       0xf8 ./Core/Src/custom_callbacks.o
                0x08000be8                ADC_DMA_conversion_complete_callback
 .text.TIM2_ch1_IP_capture_callback
                0x08000ce0      0x584 ./Core/Src/custom_callbacks.o
                0x08000ce0                TIM2_ch1_IP_capture_callback
 .text.TIM2_ch1_overflow_callback
                0x08001264       0x24 ./Core/Src/custom_callbacks.o
                0x08001264                TIM2_ch1_overflow_callback
 .text.TIM3_ch1_IP_capture_measurement_reelapse_1_callback
                0x08001288       0xa8 ./Core/Src/custom_callbacks.o
                0x08001288                TIM3_ch1_IP_capture_measurement_reelapse_1_callback
 .text.startup.main
                0x08001330       0x54 ./Core/Src/main.o
                0x08001330                main
 .text.HAL_MspInit
                0x08001384       0x30 ./Core/Src/stm32g0xx_hal_msp.o
                0x08001384                HAL_MspInit
 .text.HAL_ADC_MspInit
                0x080013b4       0x9c ./Core/Src/stm32g0xx_hal_msp.o
                0x080013b4                HAL_ADC_MspInit
 .text.HAL_TIM_Base_MspInit
                0x08001450      0x120 ./Core/Src/stm32g0xx_hal_msp.o
                0x08001450                HAL_TIM_Base_MspInit
 .text.HAL_TIM_MspPostInit
                0x08001570       0x50 ./Core/Src/stm32g0xx_hal_msp.o
                0x08001570                HAL_TIM_MspPostInit
 .text.HAL_UART_MspInit
                0x080015c0       0x60 ./Core/Src/stm32g0xx_hal_msp.o
                0x080015c0                HAL_UART_MspInit
 .text.NMI_Handler
                0x08001620        0x4 ./Core/Src/stm32g0xx_it.o
                0x08001620                NMI_Handler
 .text.HardFault_Handler
                0x08001624        0x4 ./Core/Src/stm32g0xx_it.o
                0x08001624                HardFault_Handler
 .text.SVC_Handler
                0x08001628        0x4 ./Core/Src/stm32g0xx_it.o
                0x08001628                SVC_Handler
 .text.PendSV_Handler
                0x0800162c        0x4 ./Core/Src/stm32g0xx_it.o
                0x0800162c                PendSV_Handler
 .text.SysTick_Handler
                0x08001630        0x8 ./Core/Src/stm32g0xx_it.o
                0x08001630                SysTick_Handler
 .text.DMA1_Channel1_IRQHandler
                0x08001638       0x10 ./Core/Src/stm32g0xx_it.o
                0x08001638                DMA1_Channel1_IRQHandler
 .text.DMA1_Ch4_5_DMAMUX1_OVR_IRQHandler
                0x08001648        0x4 ./Core/Src/stm32g0xx_it.o
                0x08001648                DMA1_Ch4_5_DMAMUX1_OVR_IRQHandler
 .text.TIM16_IRQHandler
                0x0800164c       0x10 ./Core/Src/stm32g0xx_it.o
                0x0800164c                TIM16_IRQHandler
 .text.TIM2_IRQHandler
                0x0800165c       0x10 ./Core/Src/stm32g0xx_it.o
                0x0800165c                TIM2_IRQHandler
 .text.Global_Interrupt_Enable
                0x0800166c        0x8 ./Core/Src/system.o
                0x0800166c                Global_Interrupt_Enable
 .text.Start_PWM_Gen_Timer
                0x08001674       0x30 ./Core/Src/system.o
                0x08001674                Start_PWM_Gen_Timer
 .text.Start_Freq_Gen_Timer
                0x080016a4       0x20 ./Core/Src/system.o
                0x080016a4                Start_Freq_Gen_Timer
 .text.Start_OC_TIM
                0x080016c4       0x14 ./Core/Src/system.o
                0x080016c4                Start_OC_TIM
 .text.Stop_OC_TIM
                0x080016d8       0x14 ./Core/Src/system.o
                0x080016d8                Stop_OC_TIM
 .text.Start_Input_Capture_Timer
                0x080016ec       0x30 ./Core/Src/system.o
                0x080016ec                Start_Input_Capture_Timer
 .text.Process_TIM16_Raw_Start_Value_and_Raw_Prescaler
                0x0800171c       0x50 ./Core/Src/system.o
                0x0800171c                Process_TIM16_Raw_Start_Value_and_Raw_Prescaler
 .text.Process_TIM16_Final_Start_Value_and_Prescaler_Adjust
                0x0800176c      0x3c4 ./Core/Src/system.o
                0x0800176c                Process_TIM16_Final_Start_Value_and_Prescaler_Adjust
 .text.unsigned_bitwise_modulo
                0x08001b30        0xc ./Core/Src/system.o
                0x08001b30                unsigned_bitwise_modulo
 .text.SystemInit
                0x08001b3c        0x4 ./Core/Src/system_stm32g0xx.o
                0x08001b3c                SystemInit
 .text.Reset_Handler
                0x08001b40       0x50 ./Core/Startup/startup_stm32g031k8tx.o
                0x08001b40                Reset_Handler
 .text.Default_Handler
                0x08001b90        0x2 ./Core/Startup/startup_stm32g031k8tx.o
                0x08001b90                TIM1_CC_IRQHandler
                0x08001b90                PVD_IRQHandler
                0x08001b90                I2C1_IRQHandler
                0x08001b90                LPTIM2_IRQHandler
                0x08001b90                RTC_TAMP_IRQHandler
                0x08001b90                SPI1_IRQHandler
                0x08001b90                EXTI2_3_IRQHandler
                0x08001b90                ADC1_IRQHandler
                0x08001b90                I2C2_IRQHandler
                0x08001b90                TIM17_IRQHandler
                0x08001b90                TIM3_IRQHandler
                0x08001b90                EXTI4_15_IRQHandler
                0x08001b90                RCC_IRQHandler
                0x08001b90                Default_Handler
                0x08001b90                TIM14_IRQHandler
                0x08001b90                EXTI0_1_IRQHandler
                0x08001b90                SPI2_IRQHandler
                0x08001b90                WWDG_IRQHandler
                0x08001b90                LPUART1_IRQHandler
                0x08001b90                DMA1_Channel2_3_IRQHandler
                0x08001b90                USART2_IRQHandler
                0x08001b90                FLASH_IRQHandler
                0x08001b90                USART1_IRQHandler
                0x08001b90                TIM1_BRK_UP_TRG_COM_IRQHandler
                0x08001b90                LPTIM1_IRQHandler
 *fill*         0x08001b92        0x2 
 .text.HAL_InitTick
                0x08001b94       0x4c ./Drivers/STM32G0xx_HAL_Driver/Src/stm32g0xx_hal.o
                0x08001b94                HAL_InitTick
 .text.HAL_Init
                0x08001be0       0x28 ./Drivers/STM32G0xx_HAL_Driver/Src/stm32g0xx_hal.o
                0x08001be0                HAL_Init
 .text.HAL_IncTick
                0x08001c08       0x18 ./Drivers/STM32G0xx_HAL_Driver/Src/stm32g0xx_hal.o
                0x08001c08                HAL_IncTick
 .text.HAL_GetTick
                0x08001c20        0xc ./Drivers/STM32G0xx_HAL_Driver/Src/stm32g0xx_hal.o
                0x08001c20                HAL_GetTick
 .text.ADC_DMAConvCplt
                0x08001c2c       0x80 ./Drivers/STM32G0xx_HAL_Driver/Src/stm32g0xx_hal_adc.o
 .text.ADC_DMAHalfConvCplt
                0x08001cac        0xc ./Drivers/STM32G0xx_HAL_Driver/Src/stm32g0xx_hal_adc.o
 .text.ADC_DMAError
                0x08001cb8       0x1c ./Drivers/STM32G0xx_HAL_Driver/Src/stm32g0xx_hal_adc.o
 .text.HAL_ADC_ErrorCallback
                0x08001cd4        0x4 ./Drivers/STM32G0xx_HAL_Driver/Src/stm32g0xx_hal_adc.o
                0x08001cd4                HAL_ADC_ErrorCallback
 .text.HAL_ADC_ConvCpltCallback
                0x08001cd8        0x4 ./Drivers/STM32G0xx_HAL_Driver/Src/stm32g0xx_hal_adc.o
                0x08001cd8                HAL_ADC_ConvCpltCallback
 .text.HAL_ADC_ConvHalfCpltCallback
                0x08001cdc        0x4 ./Drivers/STM32G0xx_HAL_Driver/Src/stm32g0xx_hal_adc.o
                0x08001cdc                HAL_ADC_ConvHalfCpltCallback
 .text.HAL_ADC_LevelOutOfWindowCallback
                0x08001ce0        0x4 ./Drivers/STM32G0xx_HAL_Driver/Src/stm32g0xx_hal_adc.o
                0x08001ce0                HAL_ADC_LevelOutOfWindowCallback
 .text.HAL_ADC_Init
                0x08001ce4      0x284 ./Drivers/STM32G0xx_HAL_Driver/Src/stm32g0xx_hal_adc.o
                0x08001ce4                HAL_ADC_Init
 .text.HAL_ADC_RegisterCallback
                0x08001f68       0x70 ./Drivers/STM32G0xx_HAL_Driver/Src/stm32g0xx_hal_adc.o
                0x08001f68                HAL_ADC_RegisterCallback
 .text.HAL_ADC_ConfigChannel
                0x08001fd8      0x284 ./Drivers/STM32G0xx_HAL_Driver/Src/stm32g0xx_hal_adc.o
                0x08001fd8                HAL_ADC_ConfigChannel
 .text.ADC_ConversionStop
                0x0800225c       0x74 ./Drivers/STM32G0xx_HAL_Driver/Src/stm32g0xx_hal_adc.o
                0x0800225c                ADC_ConversionStop
 .text.ADC_Enable
                0x080022d0       0xcc ./Drivers/STM32G0xx_HAL_Driver/Src/stm32g0xx_hal_adc.o
                0x080022d0                ADC_Enable
 .text.HAL_ADC_Start_DMA
                0x0800239c       0xb4 ./Drivers/STM32G0xx_HAL_Driver/Src/stm32g0xx_hal_adc.o
                0x0800239c                HAL_ADC_Start_DMA
 .text.ADC_Disable
                0x08002450       0x88 ./Drivers/STM32G0xx_HAL_Driver/Src/stm32g0xx_hal_adc.o
                0x08002450                ADC_Disable
 .text.HAL_ADC_Stop_DMA
                0x080024d8       0x8c ./Drivers/STM32G0xx_HAL_Driver/Src/stm32g0xx_hal_adc.o
                0x080024d8                HAL_ADC_Stop_DMA
 .text.HAL_ADCEx_LevelOutOfWindow2Callback
                0x08002564        0x4 ./Drivers/STM32G0xx_HAL_Driver/Src/stm32g0xx_hal_adc_ex.o
                0x08002564                HAL_ADCEx_LevelOutOfWindow2Callback
 .text.HAL_ADCEx_LevelOutOfWindow3Callback
                0x08002568        0x4 ./Drivers/STM32G0xx_HAL_Driver/Src/stm32g0xx_hal_adc_ex.o
                0x08002568                HAL_ADCEx_LevelOutOfWindow3Callback
 .text.HAL_ADCEx_EndOfSamplingCallback
                0x0800256c        0x4 ./Drivers/STM32G0xx_HAL_Driver/Src/stm32g0xx_hal_adc_ex.o
                0x0800256c                HAL_ADCEx_EndOfSamplingCallback
 .text.HAL_NVIC_SetPriority
                0x08002570       0x54 ./Drivers/STM32G0xx_HAL_Driver/Src/stm32g0xx_hal_cortex.o
                0x08002570                HAL_NVIC_SetPriority
 .text.HAL_NVIC_EnableIRQ
                0x080025c4       0x18 ./Drivers/STM32G0xx_HAL_Driver/Src/stm32g0xx_hal_cortex.o
                0x080025c4                HAL_NVIC_EnableIRQ
 .text.HAL_SYSTICK_Config
                0x080025dc       0x34 ./Drivers/STM32G0xx_HAL_Driver/Src/stm32g0xx_hal_cortex.o
                0x080025dc                HAL_SYSTICK_Config
 .text.HAL_DMA_Init
                0x08002610       0xec ./Drivers/STM32G0xx_HAL_Driver/Src/stm32g0xx_hal_dma.o
                0x08002610                HAL_DMA_Init
 .text.HAL_DMA_Start_IT
                0x080026fc       0xd0 ./Drivers/STM32G0xx_HAL_Driver/Src/stm32g0xx_hal_dma.o
                0x080026fc                HAL_DMA_Start_IT
 .text.HAL_DMA_Abort
                0x080027cc       0x78 ./Drivers/STM32G0xx_HAL_Driver/Src/stm32g0xx_hal_dma.o
                0x080027cc                HAL_DMA_Abort
 .text.HAL_DMA_IRQHandler
                0x08002844       0xb8 ./Drivers/STM32G0xx_HAL_Driver/Src/stm32g0xx_hal_dma.o
                0x08002844                HAL_DMA_IRQHandler
 .text.HAL_GPIO_Init
                0x080028fc      0x1e4 ./Drivers/STM32G0xx_HAL_Driver/Src/stm32g0xx_hal_gpio.o
                0x080028fc                HAL_GPIO_Init
 .text.HAL_GPIO_WritePin
                0x08002ae0        0xc ./Drivers/STM32G0xx_HAL_Driver/Src/stm32g0xx_hal_gpio.o
                0x08002ae0                HAL_GPIO_WritePin
 .text.HAL_PWREx_ControlVoltageScaling
                0x08002aec       0x60 ./Drivers/STM32G0xx_HAL_Driver/Src/stm32g0xx_hal_pwr_ex.o
                0x08002aec                HAL_PWREx_ControlVoltageScaling
 .text.HAL_RCC_OscConfig
                0x08002b4c      0x4d0 ./Drivers/STM32G0xx_HAL_Driver/Src/stm32g0xx_hal_rcc.o
                0x08002b4c                HAL_RCC_OscConfig
 .text.HAL_RCC_GetSysClockFreq
                0x0800301c       0x9c ./Drivers/STM32G0xx_HAL_Driver/Src/stm32g0xx_hal_rcc.o
                0x0800301c                HAL_RCC_GetSysClockFreq
 .text.HAL_RCC_ClockConfig
                0x080030b8      0x190 ./Drivers/STM32G0xx_HAL_Driver/Src/stm32g0xx_hal_rcc.o
                0x080030b8                HAL_RCC_ClockConfig
 .text.HAL_RCC_GetPCLK1Freq
                0x08003248       0x28 ./Drivers/STM32G0xx_HAL_Driver/Src/stm32g0xx_hal_rcc.o
                0x08003248                HAL_RCC_GetPCLK1Freq
 .text.HAL_TIM_OC_MspInit
                0x08003270        0x4 ./Drivers/STM32G0xx_HAL_Driver/Src/stm32g0xx_hal_tim.o
                0x08003270                HAL_TIM_OC_MspInit
 .text.HAL_TIM_PWM_MspInit
                0x08003274        0x4 ./Drivers/STM32G0xx_HAL_Driver/Src/stm32g0xx_hal_tim.o
                0x08003274                HAL_TIM_PWM_MspInit
 .text.HAL_TIM_IC_MspInit
                0x08003278        0x4 ./Drivers/STM32G0xx_HAL_Driver/Src/stm32g0xx_hal_tim.o
                0x08003278                HAL_TIM_IC_MspInit
 .text.HAL_TIM_PeriodElapsedCallback
                0x0800327c        0x4 ./Drivers/STM32G0xx_HAL_Driver/Src/stm32g0xx_hal_tim.o
                0x0800327c                HAL_TIM_PeriodElapsedCallback
 .text.HAL_TIM_PeriodElapsedHalfCpltCallback
                0x08003280        0x4 ./Drivers/STM32G0xx_HAL_Driver/Src/stm32g0xx_hal_tim.o
                0x08003280                HAL_TIM_PeriodElapsedHalfCpltCallback
 .text.HAL_TIM_OC_DelayElapsedCallback
                0x08003284        0x4 ./Drivers/STM32G0xx_HAL_Driver/Src/stm32g0xx_hal_tim.o
                0x08003284                HAL_TIM_OC_DelayElapsedCallback
 .text.HAL_TIM_IC_CaptureCallback
                0x08003288        0x4 ./Drivers/STM32G0xx_HAL_Driver/Src/stm32g0xx_hal_tim.o
                0x08003288                HAL_TIM_IC_CaptureCallback
 .text.HAL_TIM_IC_CaptureHalfCpltCallback
                0x0800328c        0x4 ./Drivers/STM32G0xx_HAL_Driver/Src/stm32g0xx_hal_tim.o
                0x0800328c                HAL_TIM_IC_CaptureHalfCpltCallback
 .text.HAL_TIM_PWM_PulseFinishedCallback
                0x08003290        0x4 ./Drivers/STM32G0xx_HAL_Driver/Src/stm32g0xx_hal_tim.o
                0x08003290                HAL_TIM_PWM_PulseFinishedCallback
 .text.HAL_TIM_PWM_PulseFinishedHalfCpltCallback
                0x08003294        0x4 ./Drivers/STM32G0xx_HAL_Driver/Src/stm32g0xx_hal_tim.o
                0x08003294                HAL_TIM_PWM_PulseFinishedHalfCpltCallback
 .text.HAL_TIM_TriggerCallback
                0x08003298        0x4 ./Drivers/STM32G0xx_HAL_Driver/Src/stm32g0xx_hal_tim.o
                0x08003298                HAL_TIM_TriggerCallback
 .text.HAL_TIM_TriggerHalfCpltCallback
                0x0800329c        0x4 ./Drivers/STM32G0xx_HAL_Driver/Src/stm32g0xx_hal_tim.o
                0x0800329c                HAL_TIM_TriggerHalfCpltCallback
 .text.HAL_TIM_ErrorCallback
                0x080032a0        0x4 ./Drivers/STM32G0xx_HAL_Driver/Src/stm32g0xx_hal_tim.o
                0x080032a0                HAL_TIM_ErrorCallback
 .text.HAL_TIM_Base_Init
                0x080032a4      0x190 ./Drivers/STM32G0xx_HAL_Driver/Src/stm32g0xx_hal_tim.o
                0x080032a4                HAL_TIM_Base_Init
 .text.HAL_TIM_Base_Start
                0x08003434       0x5c ./Drivers/STM32G0xx_HAL_Driver/Src/stm32g0xx_hal_tim.o
                0x08003434                HAL_TIM_Base_Start
 .text.HAL_TIM_Base_Start_IT
                0x08003490       0x64 ./Drivers/STM32G0xx_HAL_Driver/Src/stm32g0xx_hal_tim.o
                0x08003490                HAL_TIM_Base_Start_IT
 .text.HAL_TIM_OC_Init
                0x080034f4      0x190 ./Drivers/STM32G0xx_HAL_Driver/Src/stm32g0xx_hal_tim.o
                0x080034f4                HAL_TIM_OC_Init
 .text.HAL_TIM_OC_Start_IT
                0x08003684      0x104 ./Drivers/STM32G0xx_HAL_Driver/Src/stm32g0xx_hal_tim.o
                0x08003684                HAL_TIM_OC_Start_IT
 .text.HAL_TIM_OC_Stop_IT
                0x08003788      0x100 ./Drivers/STM32G0xx_HAL_Driver/Src/stm32g0xx_hal_tim.o
                0x08003788                HAL_TIM_OC_Stop_IT
 .text.HAL_TIM_PWM_Init
                0x08003888      0x190 ./Drivers/STM32G0xx_HAL_Driver/Src/stm32g0xx_hal_tim.o
                0x08003888                HAL_TIM_PWM_Init
 .text.HAL_TIM_PWM_Start
                0x08003a18       0xd0 ./Drivers/STM32G0xx_HAL_Driver/Src/stm32g0xx_hal_tim.o
                0x08003a18                HAL_TIM_PWM_Start
 .text.HAL_TIM_IC_Init
                0x08003ae8      0x190 ./Drivers/STM32G0xx_HAL_Driver/Src/stm32g0xx_hal_tim.o
                0x08003ae8                HAL_TIM_IC_Init
 .text.HAL_TIM_IC_Start_IT
                0x08003c78      0x168 ./Drivers/STM32G0xx_HAL_Driver/Src/stm32g0xx_hal_tim.o
                0x08003c78                HAL_TIM_IC_Start_IT
 .text.HAL_TIM_IRQHandler
                0x08003de0      0x1b4 ./Drivers/STM32G0xx_HAL_Driver/Src/stm32g0xx_hal_tim.o
                0x08003de0                HAL_TIM_IRQHandler
 .text.HAL_TIM_OC_ConfigChannel
                0x08003f94      0x2a4 ./Drivers/STM32G0xx_HAL_Driver/Src/stm32g0xx_hal_tim.o
                0x08003f94                HAL_TIM_OC_ConfigChannel
 .text.HAL_TIM_IC_ConfigChannel
                0x08004238      0x1bc ./Drivers/STM32G0xx_HAL_Driver/Src/stm32g0xx_hal_tim.o
                0x08004238                HAL_TIM_IC_ConfigChannel
 .text.HAL_TIM_PWM_ConfigChannel
                0x080043f4      0x348 ./Drivers/STM32G0xx_HAL_Driver/Src/stm32g0xx_hal_tim.o
                0x080043f4                HAL_TIM_PWM_ConfigChannel
 .text.HAL_TIM_ConfigClockSource
                0x0800473c      0x170 ./Drivers/STM32G0xx_HAL_Driver/Src/stm32g0xx_hal_tim.o
                0x0800473c                HAL_TIM_ConfigClockSource
 .text.HAL_TIM_ReadCapturedValue
                0x080048ac       0x30 ./Drivers/STM32G0xx_HAL_Driver/Src/stm32g0xx_hal_tim.o
                0x080048ac                HAL_TIM_ReadCapturedValue
 .text.HAL_TIM_RegisterCallback
                0x080048dc      0x104 ./Drivers/STM32G0xx_HAL_Driver/Src/stm32g0xx_hal_tim.o
                0x080048dc                HAL_TIM_RegisterCallback
 .text.HAL_TIMEx_MasterConfigSynchronization
                0x080049e0       0x70 ./Drivers/STM32G0xx_HAL_Driver/Src/stm32g0xx_hal_tim_ex.o
                0x080049e0                HAL_TIMEx_MasterConfigSynchronization
 .text.HAL_TIMEx_ConfigBreakDeadTime
                0x08004a50       0xc0 ./Drivers/STM32G0xx_HAL_Driver/Src/stm32g0xx_hal_tim_ex.o
                0x08004a50                HAL_TIMEx_ConfigBreakDeadTime
 .text.HAL_TIMEx_CommutCallback
                0x08004b10        0x4 ./Drivers/STM32G0xx_HAL_Driver/Src/stm32g0xx_hal_tim_ex.o
                0x08004b10                HAL_TIMEx_CommutCallback
 .text.HAL_TIMEx_CommutHalfCpltCallback
                0x08004b14        0x4 ./Drivers/STM32G0xx_HAL_Driver/Src/stm32g0xx_hal_tim_ex.o
                0x08004b14                HAL_TIMEx_CommutHalfCpltCallback
 .text.HAL_TIMEx_BreakCallback
                0x08004b18        0x4 ./Drivers/STM32G0xx_HAL_Driver/Src/stm32g0xx_hal_tim_ex.o
                0x08004b18                HAL_TIMEx_BreakCallback
 .text.HAL_TIMEx_Break2Callback
                0x08004b1c        0x4 ./Drivers/STM32G0xx_HAL_Driver/Src/stm32g0xx_hal_tim_ex.o
                0x08004b1c                HAL_TIMEx_Break2Callback
 .text.UART_AdvFeatureConfig
                0x08004b20       0xd0 ./Drivers/STM32G0xx_HAL_Driver/Src/stm32g0xx_hal_uart.o
                0x08004b20                UART_AdvFeatureConfig
 .text.UART_CheckIdleState
                0x08004bf0      0x2ac ./Drivers/STM32G0xx_HAL_Driver/Src/stm32g0xx_hal_uart.o
                0x08004bf0                UART_CheckIdleState
 .text.HAL_UART_Init
                0x08004e9c      0x29c ./Drivers/STM32G0xx_HAL_Driver/Src/stm32g0xx_hal_uart.o
                0x08004e9c                HAL_UART_Init
 .text.memset   0x08005138       0x10 C:/ST/STM32CubeIDE_1.16.1/STM32CubeIDE/plugins/com.st.stm32cube.ide.mcu.externaltools.gnu-tools-for-stm32.12.3.rel1.win32_1.1.0.202410251130/tools/bin/../lib/gcc/arm-none-eabi/12.3.1/../../../../arm-none-eabi/lib/thumb/v6-m/nofp\libc_nano.a(libc_a-memset.o)
                0x08005138                memset
 .text.__libc_init_array
                0x08005148       0x48 C:/ST/STM32CubeIDE_1.16.1/STM32CubeIDE/plugins/com.st.stm32cube.ide.mcu.externaltools.gnu-tools-for-stm32.12.3.rel1.win32_1.1.0.202410251130/tools/bin/../lib/gcc/arm-none-eabi/12.3.1/../../../../arm-none-eabi/lib/thumb/v6-m/nofp\libc_nano.a(libc_a-init.o)
                0x08005148                __libc_init_array
 *(.glue_7)
 .glue_7        0x08005190        0x0 linker stubs
 *(.glue_7t)
 .glue_7t       0x08005190        0x0 linker stubs
 *(.eh_frame)
 .eh_frame      0x08005190        0x0 C:/ST/STM32CubeIDE_1.16.1/STM32CubeIDE/plugins/com.st.stm32cube.ide.mcu.externaltools.gnu-tools-for-stm32.12.3.rel1.win32_1.1.0.202410251130/tools/bin/../lib/gcc/arm-none-eabi/12.3.1/thumb/v6-m/nofp/crtbegin.o
 *(.init)
 .init          0x08005190        0x4 C:/ST/STM32CubeIDE_1.16.1/STM32CubeIDE/plugins/com.st.stm32cube.ide.mcu.externaltools.gnu-tools-for-stm32.12.3.rel1.win32_1.1.0.202410251130/tools/bin/../lib/gcc/arm-none-eabi/12.3.1/thumb/v6-m/nofp/crti.o
                0x08005190                _init
 .init          0x08005194        0x8 C:/ST/STM32CubeIDE_1.16.1/STM32CubeIDE/plugins/com.st.stm32cube.ide.mcu.externaltools.gnu-tools-for-stm32.12.3.rel1.win32_1.1.0.202410251130/tools/bin/../lib/gcc/arm-none-eabi/12.3.1/thumb/v6-m/nofp/crtn.o
 *(.fini)
 .fini          0x0800519c        0x4 C:/ST/STM32CubeIDE_1.16.1/STM32CubeIDE/plugins/com.st.stm32cube.ide.mcu.externaltools.gnu-tools-for-stm32.12.3.rel1.win32_1.1.0.202410251130/tools/bin/../lib/gcc/arm-none-eabi/12.3.1/thumb/v6-m/nofp/crti.o
                0x0800519c                _fini
 .fini          0x080051a0        0x8 C:/ST/STM32CubeIDE_1.16.1/STM32CubeIDE/plugins/com.st.stm32cube.ide.mcu.externaltools.gnu-tools-for-stm32.12.3.rel1.win32_1.1.0.202410251130/tools/bin/../lib/gcc/arm-none-eabi/12.3.1/thumb/v6-m/nofp/crtn.o
                0x080051a8                        . = ALIGN (0x4)
                0x080051a8                        _etext = .

.vfp11_veneer   0x080051a8        0x0
 .vfp11_veneer  0x080051a8        0x0 linker stubs

.v4_bx          0x080051a8        0x0
 .v4_bx         0x080051a8        0x0 linker stubs

.iplt           0x080051a8        0x0
 .iplt          0x080051a8        0x0 C:/ST/STM32CubeIDE_1.16.1/STM32CubeIDE/plugins/com.st.stm32cube.ide.mcu.externaltools.gnu-tools-for-stm32.12.3.rel1.win32_1.1.0.202410251130/tools/bin/../lib/gcc/arm-none-eabi/12.3.1/thumb/v6-m/nofp/crtbegin.o

.rodata         0x080051a8      0xb04
                0x080051a8                        . = ALIGN (0x4)
 *(.rodata)
 *(.rodata*)
 .rodata.num_ADC_conversions
                0x080051a8        0x1 ./Core/Src/system.o
                0x080051a8                num_ADC_conversions
 *fill*         0x080051a9        0x3 
 .rodata.TIM16_prescaler_divisors
                0x080051ac        0xc ./Core/Src/system.o
                0x080051ac                TIM16_prescaler_divisors
 .rodata.tri_wavetable
                0x080051b8      0x400 ./Core/Src/system.o
                0x080051b8                tri_wavetable
 .rodata.sine_wavetable
                0x080055b8      0x400 ./Core/Src/system.o
                0x080055b8                sine_wavetable
 .rodata.APBPrescTable
                0x080059b8       0x20 ./Core/Src/system_stm32g0xx.o
                0x080059b8                APBPrescTable
 .rodata.AHBPrescTable
                0x080059d8       0x40 ./Core/Src/system_stm32g0xx.o
                0x080059d8                AHBPrescTable
 .rodata.HAL_ADC_RegisterCallback
                0x08005a18       0x2c ./Drivers/STM32G0xx_HAL_Driver/Src/stm32g0xx_hal_adc.o
 .rodata.HAL_TIM_OC_Start_IT
                0x08005a44       0x44 ./Drivers/STM32G0xx_HAL_Driver/Src/stm32g0xx_hal_tim.o
 .rodata.HAL_TIM_PWM_Start
                0x08005a88       0x44 ./Drivers/STM32G0xx_HAL_Driver/Src/stm32g0xx_hal_tim.o
 .rodata.HAL_TIM_IC_Start_IT
                0x08005acc       0x78 ./Drivers/STM32G0xx_HAL_Driver/Src/stm32g0xx_hal_tim.o
 .rodata.HAL_TIM_OC_ConfigChannel
                0x08005b44       0x54 ./Drivers/STM32G0xx_HAL_Driver/Src/stm32g0xx_hal_tim.o
 .rodata.HAL_TIM_PWM_ConfigChannel
                0x08005b98       0x54 ./Drivers/STM32G0xx_HAL_Driver/Src/stm32g0xx_hal_tim.o
 .rodata.HAL_TIM_RegisterCallback
                0x08005bec       0xa8 ./Drivers/STM32G0xx_HAL_Driver/Src/stm32g0xx_hal_tim.o
 .rodata.UARTPrescTable
                0x08005c94       0x18 ./Drivers/STM32G0xx_HAL_Driver/Src/stm32g0xx_hal_uart.o
                0x08005c94                UARTPrescTable
                0x08005cac                        . = ALIGN (0x4)

.ARM.extab      0x08005cac        0x0
                0x08005cac                        . = ALIGN (0x4)
 *(.ARM.extab* .gnu.linkonce.armextab.*)
                0x08005cac                        . = ALIGN (0x4)

.ARM            0x08005cac        0x8
                0x08005cac                        . = ALIGN (0x4)
                0x08005cac                        __exidx_start = .
 *(.ARM.exidx*)
 .ARM.exidx     0x08005cac        0x8 C:/ST/STM32CubeIDE_1.16.1/STM32CubeIDE/plugins/com.st.stm32cube.ide.mcu.externaltools.gnu-tools-for-stm32.12.3.rel1.win32_1.1.0.202410251130/tools/bin/../lib/gcc/arm-none-eabi/12.3.1/thumb/v6-m/nofp\libgcc.a(_udivmoddi4.o)
                0x08005cb4                        __exidx_end = .
                0x08005cb4                        . = ALIGN (0x4)

.preinit_array  0x08005cb4        0x0
                0x08005cb4                        . = ALIGN (0x4)
                0x08005cb4                        PROVIDE (__preinit_array_start = .)
 *(.preinit_array*)
                0x08005cb4                        PROVIDE (__preinit_array_end = .)
                0x08005cb4                        . = ALIGN (0x4)

.init_array     0x08005cb4        0x4
                0x08005cb4                        . = ALIGN (0x4)
                0x08005cb4                        PROVIDE (__init_array_start = .)
 *(SORT_BY_NAME(.init_array.*))
 *(.init_array*)
 .init_array    0x08005cb4        0x4 C:/ST/STM32CubeIDE_1.16.1/STM32CubeIDE/plugins/com.st.stm32cube.ide.mcu.externaltools.gnu-tools-for-stm32.12.3.rel1.win32_1.1.0.202410251130/tools/bin/../lib/gcc/arm-none-eabi/12.3.1/thumb/v6-m/nofp/crtbegin.o
                0x08005cb8                        PROVIDE (__init_array_end = .)
                0x08005cb8                        . = ALIGN (0x4)

.fini_array     0x08005cb8        0x4
                0x08005cb8                        . = ALIGN (0x4)
                [!provide]                        PROVIDE (__fini_array_start = .)
 *(SORT_BY_NAME(.fini_array.*))
 *(.fini_array*)
 .fini_array    0x08005cb8        0x4 C:/ST/STM32CubeIDE_1.16.1/STM32CubeIDE/plugins/com.st.stm32cube.ide.mcu.externaltools.gnu-tools-for-stm32.12.3.rel1.win32_1.1.0.202410251130/tools/bin/../lib/gcc/arm-none-eabi/12.3.1/thumb/v6-m/nofp/crtbegin.o
                [!provide]                        PROVIDE (__fini_array_end = .)
                0x08005cbc                        . = ALIGN (0x4)
                0x08005cbc                        _sidata = LOADADDR (.data)

.rel.dyn        0x08005cbc        0x0
 .rel.iplt      0x08005cbc        0x0 C:/ST/STM32CubeIDE_1.16.1/STM32CubeIDE/plugins/com.st.stm32cube.ide.mcu.externaltools.gnu-tools-for-stm32.12.3.rel1.win32_1.1.0.202410251130/tools/bin/../lib/gcc/arm-none-eabi/12.3.1/thumb/v6-m/nofp/crtbegin.o

.data           0x20000000        0xc load address 0x08005cbc
                0x20000000                        . = ALIGN (0x4)
                0x20000000                        _sdata = .
 *(.data)
 *(.data*)
 .data.SystemCoreClock
                0x20000000        0x4 ./Core/Src/system_stm32g0xx.o
                0x20000000                SystemCoreClock
 .data.uwTickFreq
                0x20000004        0x1 ./Drivers/STM32G0xx_HAL_Driver/Src/stm32g0xx_hal.o
                0x20000004                uwTickFreq
 *fill*         0x20000005        0x3 
 .data.uwTickPrio
                0x20000008        0x4 ./Drivers/STM32G0xx_HAL_Driver/Src/stm32g0xx_hal.o
                0x20000008                uwTickPrio
 *(.RamFunc)
 *(.RamFunc*)
                0x2000000c                        . = ALIGN (0x4)
                0x2000000c                        _edata = .

.igot.plt       0x2000000c        0x0 load address 0x08005cc8
 .igot.plt      0x2000000c        0x0 C:/ST/STM32CubeIDE_1.16.1/STM32CubeIDE/plugins/com.st.stm32cube.ide.mcu.externaltools.gnu-tools-for-stm32.12.3.rel1.win32_1.1.0.202410251130/tools/bin/../lib/gcc/arm-none-eabi/12.3.1/thumb/v6-m/nofp/crtbegin.o
                0x2000000c                        . = ALIGN (0x4)

.bss            0x2000000c      0xed0 load address 0x08005cc8
                0x2000000c                        _sbss = .
                0x2000000c                        __bss_start__ = _sbss
 *(.bss)
 .bss           0x2000000c       0x1c C:/ST/STM32CubeIDE_1.16.1/STM32CubeIDE/plugins/com.st.stm32cube.ide.mcu.externaltools.gnu-tools-for-stm32.12.3.rel1.win32_1.1.0.202410251130/tools/bin/../lib/gcc/arm-none-eabi/12.3.1/thumb/v6-m/nofp/crtbegin.o
 *(.bss*)
 .bss.huart2    0x20000028       0x94 ./Core/Src/config.o
                0x20000028                huart2
 .bss.htim3     0x200000bc       0xbc ./Core/Src/config.o
                0x200000bc                htim3
 .bss.htim2     0x20000178       0xbc ./Core/Src/config.o
                0x20000178                htim2
 .bss.htim16    0x20000234       0xbc ./Core/Src/config.o
                0x20000234                htim16
 .bss.htim14    0x200002f0       0xbc ./Core/Src/config.o
                0x200002f0                htim14
 .bss.hdma_adc1
                0x200003ac       0x5c ./Core/Src/config.o
                0x200003ac                hdma_adc1
 .bss.hadc1     0x20000408       0x88 ./Core/Src/config.o
                0x20000408                hadc1
 .bss.final_start_value_delay_line
                0x20000490      0x400 ./Core/Src/system.o
                0x20000490                final_start_value_delay_line
 .bss.prescaler_divisors_final_index_delay_line
                0x20000890      0x200 ./Core/Src/system.o
                0x20000890                prescaler_divisors_final_index_delay_line
 .bss.duty_delay_line
                0x20000a90      0x400 ./Core/Src/system.o
                0x20000a90                duty_delay_line
 .bss.current_depth_to_be_loaded
                0x20000e90        0x2 ./Core/Src/system.o
                0x20000e90                current_depth_to_be_loaded
 .bss.current_index_to_be_loaded
                0x20000e92        0x2 ./Core/Src/system.o
                0x20000e92                current_index_to_be_loaded
 .bss.current_quadrant_to_be_loaded
                0x20000e94        0x1 ./Core/Src/system.o
                0x20000e94                current_quadrant_to_be_loaded
 .bss.current_halfcycle_to_be_loaded
                0x20000e95        0x1 ./Core/Src/system.o
                0x20000e95                current_halfcycle_to_be_loaded
 .bss.TIM16_prescaler_divisors_final_index_to_be_loaded
                0x20000e96        0x1 ./Core/Src/system.o
                0x20000e96                TIM16_prescaler_divisors_final_index_to_be_loaded
 *fill*         0x20000e97        0x1 
 .bss.duty_to_be_loaded
                0x20000e98        0x2 ./Core/Src/system.o
                0x20000e98                duty_to_be_loaded
 .bss.TIM16_base_prescaler_divisors_index_to_be_loaded
                0x20000e9a        0x1 ./Core/Src/system.o
                0x20000e9a                TIM16_base_prescaler_divisors_index_to_be_loaded
 *fill*         0x20000e9b        0x1 
 .bss.TIM16_final_start_value_to_be_loaded
                0x20000e9c        0x2 ./Core/Src/system.o
                0x20000e9c                TIM16_final_start_value_to_be_loaded
 .bss.TIM16_raw_start_value_to_be_loaded
                0x20000e9e        0x2 ./Core/Src/system.o
                0x20000e9e                TIM16_raw_start_value_to_be_loaded
 .bss.TIM16_prescaler_adjust_to_be_loaded
                0x20000ea0        0x1 ./Core/Src/system.o
                0x20000ea0                TIM16_prescaler_adjust_to_be_loaded
 *fill*         0x20000ea1        0x1 
 .bss.interrupt_period
                0x20000ea2        0x2 ./Core/Src/system.o
                0x20000ea2                interrupt_period
 .bss.input_capture_measurement_reelapse_1_is_ongoing
                0x20000ea4        0x1 ./Core/Src/system.o
                0x20000ea4                input_capture_measurement_reelapse_1_is_ongoing
 .bss.speed_pot_is_disabled
                0x20000ea5        0x1 ./Core/Src/system.o
                0x20000ea5                speed_pot_is_disabled
 .bss.input_capture_measurement_is_ongoing
                0x20000ea6        0x1 ./Core/Src/system.o
                0x20000ea6                input_capture_measurement_is_ongoing
 *fill*         0x20000ea7        0x1 
 .bss.TIM2_ch1_input_capture_value
                0x20000ea8        0x4 ./Core/Src/system.o
                0x20000ea8                TIM2_ch1_input_capture_value
 .bss.input_capture_event
                0x20000eac        0x1 ./Core/Src/system.o
                0x20000eac                input_capture_event
 *fill*         0x20000ead        0x1 
 .bss.prev_duty
                0x20000eae        0x2 ./Core/Src/system.o
                0x20000eae                prev_duty
 .bss.TIM16_final_start_value_locked
                0x20000eb0        0x2 ./Core/Src/system.o
                0x20000eb0                TIM16_final_start_value_locked
 .bss.TIM16_callback_active
                0x20000eb2        0x1 ./Core/Src/system.o
                0x20000eb2                TIM16_callback_active
 .bss.initial_ADC_conversion_complete
                0x20000eb3        0x1 ./Core/Src/system.o
                0x20000eb3                initial_ADC_conversion_complete
 .bss.ADCResultsDMA
                0x20000eb4        0x8 ./Core/Src/system.o
                0x20000eb4                ADCResultsDMA
 .bss.TIM16_prescaler_divisors_final_index_locked
                0x20000ebc        0x1 ./Core/Src/system.o
                0x20000ebc                TIM16_prescaler_divisors_final_index_locked
 .bss.TIM16_prescaler_divisors_final_index
                0x20000ebd        0x1 ./Core/Src/system.o
                0x20000ebd                TIM16_prescaler_divisors_final_index
 .bss.duty      0x20000ebe        0x2 ./Core/Src/system.o
                0x20000ebe                duty
 .bss.TIM16_base_prescaler_divisors_index
                0x20000ec0        0x1 ./Core/Src/system.o
                0x20000ec0                TIM16_base_prescaler_divisors_index
 *fill*         0x20000ec1        0x1 
 .bss.TIM16_raw_start_value
                0x20000ec2        0x2 ./Core/Src/system.o
                0x20000ec2                TIM16_raw_start_value
 .bss.TIM16_prescaler_adjust
                0x20000ec4        0x1 ./Core/Src/system.o
                0x20000ec4                TIM16_prescaler_adjust
 *fill*         0x20000ec5        0x1 
 .bss.TIM16_final_start_value
                0x20000ec6        0x2 ./Core/Src/system.o
                0x20000ec6                TIM16_final_start_value
 .bss.current_quadrant
                0x20000ec8        0x1 ./Core/Src/system.o
                0x20000ec8                current_quadrant
 .bss.current_halfcycle
                0x20000ec9        0x1 ./Core/Src/system.o
                0x20000ec9                current_halfcycle
 .bss.current_index
                0x20000eca        0x2 ./Core/Src/system.o
                0x20000eca                current_index
 .bss.current_symmetry
                0x20000ecc        0x4 ./Core/Src/system.o
                0x20000ecc                current_symmetry
 .bss.current_depth
                0x20000ed0        0x2 ./Core/Src/system.o
                0x20000ed0                current_depth
 .bss.current_speed
                0x20000ed2        0x2 ./Core/Src/system.o
                0x20000ed2                current_speed
 .bss.current_waveshape
                0x20000ed4        0x1 ./Core/Src/system.o
                0x20000ed4                current_waveshape
 *fill*         0x20000ed5        0x3 
 .bss.uwTick    0x20000ed8        0x4 ./Drivers/STM32G0xx_HAL_Driver/Src/stm32g0xx_hal.o
                0x20000ed8                uwTick
 *(COMMON)
                0x20000edc                        . = ALIGN (0x4)
                0x20000edc                        _ebss = .
                0x20000edc                        __bss_end__ = _ebss

._user_heap_stack
                0x20000edc      0x604 load address 0x08005cc8
                0x20000ee0                        . = ALIGN (0x8)
 *fill*         0x20000edc        0x4 
                [!provide]                        PROVIDE (end = .)
                0x20000ee0                        PROVIDE (_end = .)
                0x200010e0                        . = (. + _Min_Heap_Size)
 *fill*         0x20000ee0      0x200 
                0x200014e0                        . = (. + _Min_Stack_Size)
 *fill*         0x200010e0      0x400 
                0x200014e0                        . = ALIGN (0x8)

/DISCARD/
 libc.a(*)
 libm.a(*)
 libgcc.a(*)

.ARM.attributes
                0x00000000       0x28
 *(.ARM.attributes)
 .ARM.attributes
                0x00000000       0x1e C:/ST/STM32CubeIDE_1.16.1/STM32CubeIDE/plugins/com.st.stm32cube.ide.mcu.externaltools.gnu-tools-for-stm32.12.3.rel1.win32_1.1.0.202410251130/tools/bin/../lib/gcc/arm-none-eabi/12.3.1/thumb/v6-m/nofp/crti.o
 .ARM.attributes
                0x0000001e       0x2c C:/ST/STM32CubeIDE_1.16.1/STM32CubeIDE/plugins/com.st.stm32cube.ide.mcu.externaltools.gnu-tools-for-stm32.12.3.rel1.win32_1.1.0.202410251130/tools/bin/../lib/gcc/arm-none-eabi/12.3.1/thumb/v6-m/nofp/crtbegin.o
 .ARM.attributes
                0x0000004a       0x28 ./Core/Src/config.o
 .ARM.attributes
                0x00000072       0x28 ./Core/Src/custom_callbacks.o
 .ARM.attributes
                0x0000009a       0x28 ./Core/Src/main.o
 .ARM.attributes
                0x000000c2       0x28 ./Core/Src/stm32g0xx_hal_msp.o
 .ARM.attributes
                0x000000ea       0x28 ./Core/Src/stm32g0xx_it.o
 .ARM.attributes
                0x00000112       0x28 ./Core/Src/system.o
 .ARM.attributes
                0x0000013a       0x28 ./Core/Src/system_stm32g0xx.o
 .ARM.attributes
                0x00000162       0x22 ./Core/Startup/startup_stm32g031k8tx.o
 .ARM.attributes
                0x00000184       0x28 ./Drivers/STM32G0xx_HAL_Driver/Src/stm32g0xx_hal.o
 .ARM.attributes
                0x000001ac       0x28 ./Drivers/STM32G0xx_HAL_Driver/Src/stm32g0xx_hal_adc.o
 .ARM.attributes
                0x000001d4       0x28 ./Drivers/STM32G0xx_HAL_Driver/Src/stm32g0xx_hal_adc_ex.o
 .ARM.attributes
                0x000001fc       0x28 ./Drivers/STM32G0xx_HAL_Driver/Src/stm32g0xx_hal_cortex.o
 .ARM.attributes
                0x00000224       0x28 ./Drivers/STM32G0xx_HAL_Driver/Src/stm32g0xx_hal_dma.o
 .ARM.attributes
                0x0000024c       0x28 ./Drivers/STM32G0xx_HAL_Driver/Src/stm32g0xx_hal_gpio.o
 .ARM.attributes
                0x00000274       0x28 ./Drivers/STM32G0xx_HAL_Driver/Src/stm32g0xx_hal_pwr_ex.o
 .ARM.attributes
                0x0000029c       0x28 ./Drivers/STM32G0xx_HAL_Driver/Src/stm32g0xx_hal_rcc.o
 .ARM.attributes
                0x000002c4       0x28 ./Drivers/STM32G0xx_HAL_Driver/Src/stm32g0xx_hal_tim.o
 .ARM.attributes
                0x000002ec       0x28 ./Drivers/STM32G0xx_HAL_Driver/Src/stm32g0xx_hal_tim_ex.o
 .ARM.attributes
                0x00000314       0x28 ./Drivers/STM32G0xx_HAL_Driver/Src/stm32g0xx_hal_uart.o
 .ARM.attributes
                0x0000033c       0x2c C:/ST/STM32CubeIDE_1.16.1/STM32CubeIDE/plugins/com.st.stm32cube.ide.mcu.externaltools.gnu-tools-for-stm32.12.3.rel1.win32_1.1.0.202410251130/tools/bin/../lib/gcc/arm-none-eabi/12.3.1/../../../../arm-none-eabi/lib/thumb/v6-m/nofp\libc_nano.a(libc_a-memset.o)
 .ARM.attributes
                0x00000368       0x2c C:/ST/STM32CubeIDE_1.16.1/STM32CubeIDE/plugins/com.st.stm32cube.ide.mcu.externaltools.gnu-tools-for-stm32.12.3.rel1.win32_1.1.0.202410251130/tools/bin/../lib/gcc/arm-none-eabi/12.3.1/../../../../arm-none-eabi/lib/thumb/v6-m/nofp\libc_nano.a(libc_a-init.o)
 .ARM.attributes
                0x00000394       0x1e C:/ST/STM32CubeIDE_1.16.1/STM32CubeIDE/plugins/com.st.stm32cube.ide.mcu.externaltools.gnu-tools-for-stm32.12.3.rel1.win32_1.1.0.202410251130/tools/bin/../lib/gcc/arm-none-eabi/12.3.1/thumb/v6-m/nofp\libgcc.a(_udivsi3.o)
 .ARM.attributes
                0x000003b2       0x1e C:/ST/STM32CubeIDE_1.16.1/STM32CubeIDE/plugins/com.st.stm32cube.ide.mcu.externaltools.gnu-tools-for-stm32.12.3.rel1.win32_1.1.0.202410251130/tools/bin/../lib/gcc/arm-none-eabi/12.3.1/thumb/v6-m/nofp\libgcc.a(_dvmd_tls.o)
 .ARM.attributes
                0x000003d0       0x1e C:/ST/STM32CubeIDE_1.16.1/STM32CubeIDE/plugins/com.st.stm32cube.ide.mcu.externaltools.gnu-tools-for-stm32.12.3.rel1.win32_1.1.0.202410251130/tools/bin/../lib/gcc/arm-none-eabi/12.3.1/thumb/v6-m/nofp\libgcc.a(_aeabi_uldivmod.o)
 .ARM.attributes
                0x000003ee       0x2c C:/ST/STM32CubeIDE_1.16.1/STM32CubeIDE/plugins/com.st.stm32cube.ide.mcu.externaltools.gnu-tools-for-stm32.12.3.rel1.win32_1.1.0.202410251130/tools/bin/../lib/gcc/arm-none-eabi/12.3.1/thumb/v6-m/nofp\libgcc.a(_udivmoddi4.o)
 .ARM.attributes
                0x0000041a       0x1e C:/ST/STM32CubeIDE_1.16.1/STM32CubeIDE/plugins/com.st.stm32cube.ide.mcu.externaltools.gnu-tools-for-stm32.12.3.rel1.win32_1.1.0.202410251130/tools/bin/../lib/gcc/arm-none-eabi/12.3.1/thumb/v6-m/nofp\libgcc.a(_clzdi2.o)
 .ARM.attributes
                0x00000438       0x1e C:/ST/STM32CubeIDE_1.16.1/STM32CubeIDE/plugins/com.st.stm32cube.ide.mcu.externaltools.gnu-tools-for-stm32.12.3.rel1.win32_1.1.0.202410251130/tools/bin/../lib/gcc/arm-none-eabi/12.3.1/thumb/v6-m/nofp\libgcc.a(_clzsi2.o)
 .ARM.attributes
                0x00000456       0x1e C:/ST/STM32CubeIDE_1.16.1/STM32CubeIDE/plugins/com.st.stm32cube.ide.mcu.externaltools.gnu-tools-for-stm32.12.3.rel1.win32_1.1.0.202410251130/tools/bin/../lib/gcc/arm-none-eabi/12.3.1/thumb/v6-m/nofp/crtn.o
OUTPUT(g031k8.elf elf32-littlearm)
LOAD linker stubs
LOAD C:/ST/STM32CubeIDE_1.16.1/STM32CubeIDE/plugins/com.st.stm32cube.ide.mcu.externaltools.gnu-tools-for-stm32.12.3.rel1.win32_1.1.0.202410251130/tools/bin/../lib/gcc/arm-none-eabi/12.3.1/../../../../arm-none-eabi/lib/thumb/v6-m/nofp\libc.a
LOAD C:/ST/STM32CubeIDE_1.16.1/STM32CubeIDE/plugins/com.st.stm32cube.ide.mcu.externaltools.gnu-tools-for-stm32.12.3.rel1.win32_1.1.0.202410251130/tools/bin/../lib/gcc/arm-none-eabi/12.3.1/../../../../arm-none-eabi/lib/thumb/v6-m/nofp\libm.a
LOAD C:/ST/STM32CubeIDE_1.16.1/STM32CubeIDE/plugins/com.st.stm32cube.ide.mcu.externaltools.gnu-tools-for-stm32.12.3.rel1.win32_1.1.0.202410251130/tools/bin/../lib/gcc/arm-none-eabi/12.3.1/thumb/v6-m/nofp\libgcc.a

.debug_info     0x00000000    0x1eedc
 .debug_info    0x00000000     0x2bdb ./Core/Src/config.o
 .debug_info    0x00002bdb     0x1707 ./Core/Src/custom_callbacks.o
 .debug_info    0x000042e2      0xe40 ./Core/Src/main.o
 .debug_info    0x00005122     0x193b ./Core/Src/stm32g0xx_hal_msp.o
 .debug_info    0x00006a5d      0x9f9 ./Core/Src/stm32g0xx_it.o
 .debug_info    0x00007456     0x16f6 ./Core/Src/system.o
 .debug_info    0x00008b4c      0x34e ./Core/Src/system_stm32g0xx.o
 .debug_info    0x00008e9a       0x30 ./Core/Startup/startup_stm32g031k8tx.o
 .debug_info    0x00008eca      0xb3c ./Drivers/STM32G0xx_HAL_Driver/Src/stm32g0xx_hal.o
 .debug_info    0x00009a06     0x23a8 ./Drivers/STM32G0xx_HAL_Driver/Src/stm32g0xx_hal_adc.o
 .debug_info    0x0000bdae      0xd8e ./Drivers/STM32G0xx_HAL_Driver/Src/stm32g0xx_hal_adc_ex.o
 .debug_info    0x0000cb3c      0xa40 ./Drivers/STM32G0xx_HAL_Driver/Src/stm32g0xx_hal_cortex.o
 .debug_info    0x0000d57c      0xab0 ./Drivers/STM32G0xx_HAL_Driver/Src/stm32g0xx_hal_dma.o
 .debug_info    0x0000e02c      0x5ef ./Drivers/STM32G0xx_HAL_Driver/Src/stm32g0xx_hal_gpio.o
 .debug_info    0x0000e61b      0x7ef ./Drivers/STM32G0xx_HAL_Driver/Src/stm32g0xx_hal_pwr_ex.o
 .debug_info    0x0000ee0a      0xdc8 ./Drivers/STM32G0xx_HAL_Driver/Src/stm32g0xx_hal_rcc.o
 .debug_info    0x0000fbd2     0x5491 ./Drivers/STM32G0xx_HAL_Driver/Src/stm32g0xx_hal_tim.o
 .debug_info    0x00015063     0x2151 ./Drivers/STM32G0xx_HAL_Driver/Src/stm32g0xx_hal_tim_ex.o
 .debug_info    0x000171b4     0x7d28 ./Drivers/STM32G0xx_HAL_Driver/Src/stm32g0xx_hal_uart.o

.debug_abbrev   0x00000000     0x3697
 .debug_abbrev  0x00000000      0x373 ./Core/Src/config.o
 .debug_abbrev  0x00000373      0x326 ./Core/Src/custom_callbacks.o
 .debug_abbrev  0x00000699      0x208 ./Core/Src/main.o
 .debug_abbrev  0x000008a1      0x2ad ./Core/Src/stm32g0xx_hal_msp.o
 .debug_abbrev  0x00000b4e      0x20f ./Core/Src/stm32g0xx_it.o
 .debug_abbrev  0x00000d5d      0x3f5 ./Core/Src/system.o
 .debug_abbrev  0x00001152      0x148 ./Core/Src/system_stm32g0xx.o
 .debug_abbrev  0x0000129a       0x24 ./Core/Startup/startup_stm32g031k8tx.o
 .debug_abbrev  0x000012be      0x341 ./Drivers/STM32G0xx_HAL_Driver/Src/stm32g0xx_hal.o
 .debug_abbrev  0x000015ff      0x370 ./Drivers/STM32G0xx_HAL_Driver/Src/stm32g0xx_hal_adc.o
 .debug_abbrev  0x0000196f      0x30f ./Drivers/STM32G0xx_HAL_Driver/Src/stm32g0xx_hal_adc_ex.o
 .debug_abbrev  0x00001c7e      0x2dc ./Drivers/STM32G0xx_HAL_Driver/Src/stm32g0xx_hal_cortex.o
 .debug_abbrev  0x00001f5a      0x28a ./Drivers/STM32G0xx_HAL_Driver/Src/stm32g0xx_hal_dma.o
 .debug_abbrev  0x000021e4      0x26c ./Drivers/STM32G0xx_HAL_Driver/Src/stm32g0xx_hal_gpio.o
 .debug_abbrev  0x00002450      0x28a ./Drivers/STM32G0xx_HAL_Driver/Src/stm32g0xx_hal_pwr_ex.o
 .debug_abbrev  0x000026da      0x36b ./Drivers/STM32G0xx_HAL_Driver/Src/stm32g0xx_hal_rcc.o
 .debug_abbrev  0x00002a45      0x3e7 ./Drivers/STM32G0xx_HAL_Driver/Src/stm32g0xx_hal_tim.o
 .debug_abbrev  0x00002e2c      0x3f8 ./Drivers/STM32G0xx_HAL_Driver/Src/stm32g0xx_hal_tim_ex.o
 .debug_abbrev  0x00003224      0x473 ./Drivers/STM32G0xx_HAL_Driver/Src/stm32g0xx_hal_uart.o

.debug_aranges  0x00000000      0xf58
 .debug_aranges
                0x00000000       0x78 ./Core/Src/config.o
 .debug_aranges
                0x00000078       0x48 ./Core/Src/custom_callbacks.o
 .debug_aranges
                0x000000c0       0x20 ./Core/Src/main.o
 .debug_aranges
                0x000000e0       0x58 ./Core/Src/stm32g0xx_hal_msp.o
 .debug_aranges
                0x00000138       0x60 ./Core/Src/stm32g0xx_it.o
 .debug_aranges
                0x00000198       0x88 ./Core/Src/system.o
 .debug_aranges
                0x00000220       0x28 ./Core/Src/system_stm32g0xx.o
 .debug_aranges
                0x00000248       0x28 ./Core/Startup/startup_stm32g031k8tx.o
 .debug_aranges
                0x00000270      0x128 ./Drivers/STM32G0xx_HAL_Driver/Src/stm32g0xx_hal.o
 .debug_aranges
                0x00000398      0x108 ./Drivers/STM32G0xx_HAL_Driver/Src/stm32g0xx_hal_adc.o
 .debug_aranges
                0x000004a0       0x58 ./Drivers/STM32G0xx_HAL_Driver/Src/stm32g0xx_hal_adc_ex.o
 .debug_aranges
                0x000004f8       0xa0 ./Drivers/STM32G0xx_HAL_Driver/Src/stm32g0xx_hal_cortex.o
 .debug_aranges
                0x00000598       0x78 ./Drivers/STM32G0xx_HAL_Driver/Src/stm32g0xx_hal_dma.o
 .debug_aranges
                0x00000610       0x60 ./Drivers/STM32G0xx_HAL_Driver/Src/stm32g0xx_hal_gpio.o
 .debug_aranges
                0x00000670       0xf0 ./Drivers/STM32G0xx_HAL_Driver/Src/stm32g0xx_hal_pwr_ex.o
 .debug_aranges
                0x00000760       0x98 ./Drivers/STM32G0xx_HAL_Driver/Src/stm32g0xx_hal_rcc.o
 .debug_aranges
                0x000007f8      0x398 ./Drivers/STM32G0xx_HAL_Driver/Src/stm32g0xx_hal_tim.o
 .debug_aranges
                0x00000b90      0x190 ./Drivers/STM32G0xx_HAL_Driver/Src/stm32g0xx_hal_tim_ex.o
 .debug_aranges
                0x00000d20      0x238 ./Drivers/STM32G0xx_HAL_Driver/Src/stm32g0xx_hal_uart.o

.debug_rnglists
                0x00000000     0x1698
 .debug_rnglists
                0x00000000       0xa5 ./Core/Src/config.o
 .debug_rnglists
                0x000000a5       0x44 ./Core/Src/custom_callbacks.o
 .debug_rnglists
                0x000000e9       0x13 ./Core/Src/main.o
 .debug_rnglists
                0x000000fc       0xff ./Core/Src/stm32g0xx_hal_msp.o
 .debug_rnglists
                0x000001fb       0x43 ./Core/Src/stm32g0xx_it.o
 .debug_rnglists
                0x0000023e       0xaa ./Core/Src/system.o
 .debug_rnglists
                0x000002e8       0x1a ./Core/Src/system_stm32g0xx.o
 .debug_rnglists
                0x00000302       0x19 ./Core/Startup/startup_stm32g031k8tx.o
 .debug_rnglists
                0x0000031b       0xd9 ./Drivers/STM32G0xx_HAL_Driver/Src/stm32g0xx_hal.o
 .debug_rnglists
                0x000003f4      0x26b ./Drivers/STM32G0xx_HAL_Driver/Src/stm32g0xx_hal_adc.o
 .debug_rnglists
                0x0000065f       0xb9 ./Drivers/STM32G0xx_HAL_Driver/Src/stm32g0xx_hal_adc_ex.o
 .debug_rnglists
                0x00000718       0x9d ./Drivers/STM32G0xx_HAL_Driver/Src/stm32g0xx_hal_cortex.o
 .debug_rnglists
                0x000007b5       0x9e ./Drivers/STM32G0xx_HAL_Driver/Src/stm32g0xx_hal_dma.o
 .debug_rnglists
                0x00000853       0x45 ./Drivers/STM32G0xx_HAL_Driver/Src/stm32g0xx_hal_gpio.o
 .debug_rnglists
                0x00000898       0xb0 ./Drivers/STM32G0xx_HAL_Driver/Src/stm32g0xx_hal_pwr_ex.o
 .debug_rnglists
                0x00000948       0xb4 ./Drivers/STM32G0xx_HAL_Driver/Src/stm32g0xx_hal_rcc.o
 .debug_rnglists
                0x000009fc      0x72a ./Drivers/STM32G0xx_HAL_Driver/Src/stm32g0xx_hal_tim.o
 .debug_rnglists
                0x00001126      0x192 ./Drivers/STM32G0xx_HAL_Driver/Src/stm32g0xx_hal_tim_ex.o
 .debug_rnglists
                0x000012b8      0x3e0 ./Drivers/STM32G0xx_HAL_Driver/Src/stm32g0xx_hal_uart.o

.debug_macro    0x00000000    0x178cd
 .debug_macro   0x00000000      0x233 ./Core/Src/config.o
 .debug_macro   0x00000233      0xaae ./Core/Src/config.o
 .debug_macro   0x00000ce1      0x123 ./Core/Src/config.o
 .debug_macro   0x00000e04       0x2e ./Core/Src/config.o
 .debug_macro   0x00000e32       0x28 ./Core/Src/config.o
 .debug_macro   0x00000e5a       0x22 ./Core/Src/config.o
 .debug_macro   0x00000e7c       0x8e ./Core/Src/config.o
 .debug_macro   0x00000f0a       0x51 ./Core/Src/config.o
 .debug_macro   0x00000f5b      0x103 ./Core/Src/config.o
 .debug_macro   0x0000105e       0x6a ./Core/Src/config.o
 .debug_macro   0x000010c8      0x1df ./Core/Src/config.o
 .debug_macro   0x000012a7       0x1c ./Core/Src/config.o
 .debug_macro   0x000012c3       0x22 ./Core/Src/config.o
 .debug_macro   0x000012e5       0xd1 ./Core/Src/config.o
 .debug_macro   0x000013b6      0x4da ./Core/Src/config.o
 .debug_macro   0x00001890      0x11f ./Core/Src/config.o
 .debug_macro   0x000019af     0xac2c ./Core/Src/config.o
 .debug_macro   0x0000c5db       0x66 ./Core/Src/config.o
 .debug_macro   0x0000c641     0x350e ./Core/Src/config.o
 .debug_macro   0x0000fb4f      0x189 ./Core/Src/config.o
 .debug_macro   0x0000fcd8       0x5c ./Core/Src/config.o
 .debug_macro   0x0000fd34      0x518 ./Core/Src/config.o
 .debug_macro   0x0001024c      0xf70 ./Core/Src/config.o
 .debug_macro   0x000111bc      0x1d8 ./Core/Src/config.o
 .debug_macro   0x00011394      0x1cf ./Core/Src/config.o
 .debug_macro   0x00011563      0x122 ./Core/Src/config.o
 .debug_macro   0x00011685      0x390 ./Core/Src/config.o
 .debug_macro   0x00011a15      0x202 ./Core/Src/config.o
 .debug_macro   0x00011c17      0x2ff ./Core/Src/config.o
 .debug_macro   0x00011f16      0x1b2 ./Core/Src/config.o
 .debug_macro   0x000120c8       0x43 ./Core/Src/config.o
 .debug_macro   0x0001210b      0x1f1 ./Core/Src/config.o
 .debug_macro   0x000122fc      0x8a8 ./Core/Src/config.o
 .debug_macro   0x00012ba4      0x5bb ./Core/Src/config.o
 .debug_macro   0x0001315f       0x2e ./Core/Src/config.o
 .debug_macro   0x0001318d      0x1d6 ./Core/Src/config.o
 .debug_macro   0x00013363      0x38a ./Core/Src/config.o
 .debug_macro   0x000136ed       0x28 ./Core/Src/config.o
 .debug_macro   0x00013715       0xe4 ./Core/Src/config.o
 .debug_macro   0x000137f9      0x10c ./Core/Src/config.o
 .debug_macro   0x00013905      0x240 ./Core/Src/config.o
 .debug_macro   0x00013b45      0xac2 ./Core/Src/config.o
 .debug_macro   0x00014607      0x135 ./Core/Src/config.o
 .debug_macro   0x0001473c      0x693 ./Core/Src/config.o
 .debug_macro   0x00014dcf       0xa6 ./Core/Src/config.o
 .debug_macro   0x00014e75      0x49d ./Core/Src/config.o
 .debug_macro   0x00015312       0xac ./Core/Src/config.o
 .debug_macro   0x000153be      0x10c ./Core/Src/config.o
 .debug_macro   0x000154ca      0x22f ./Core/Src/custom_callbacks.o
 .debug_macro   0x000156f9      0x225 ./Core/Src/main.o
 .debug_macro   0x0001591e      0x216 ./Core/Src/stm32g0xx_hal_msp.o
 .debug_macro   0x00015b34      0x220 ./Core/Src/stm32g0xx_it.o
 .debug_macro   0x00015d54      0x225 ./Core/Src/system.o
 .debug_macro   0x00015f79      0x207 ./Core/Src/system_stm32g0xx.o
 .debug_macro   0x00016180      0x22b ./Drivers/STM32G0xx_HAL_Driver/Src/stm32g0xx_hal.o
 .debug_macro   0x000163ab      0x22b ./Drivers/STM32G0xx_HAL_Driver/Src/stm32g0xx_hal_adc.o
 .debug_macro   0x000165d6      0x213 ./Drivers/STM32G0xx_HAL_Driver/Src/stm32g0xx_hal_adc_ex.o
 .debug_macro   0x000167e9      0x207 ./Drivers/STM32G0xx_HAL_Driver/Src/stm32g0xx_hal_cortex.o
 .debug_macro   0x000169f0      0x207 ./Drivers/STM32G0xx_HAL_Driver/Src/stm32g0xx_hal_dma.o
 .debug_macro   0x00016bf7      0x20e ./Drivers/STM32G0xx_HAL_Driver/Src/stm32g0xx_hal_gpio.o
 .debug_macro   0x00016e05      0x231 ./Drivers/STM32G0xx_HAL_Driver/Src/stm32g0xx_hal_pwr_ex.o
 .debug_macro   0x00017036      0x249 ./Drivers/STM32G0xx_HAL_Driver/Src/stm32g0xx_hal_rcc.o
 .debug_macro   0x0001727f      0x20f ./Drivers/STM32G0xx_HAL_Driver/Src/stm32g0xx_hal_tim.o
 .debug_macro   0x0001748e      0x20d ./Drivers/STM32G0xx_HAL_Driver/Src/stm32g0xx_hal_tim_ex.o
 .debug_macro   0x0001769b      0x232 ./Drivers/STM32G0xx_HAL_Driver/Src/stm32g0xx_hal_uart.o

.debug_line     0x00000000    0x1f57a
 .debug_line    0x00000000     0x15d9 ./Core/Src/config.o
 .debug_line    0x000015d9     0x1326 ./Core/Src/custom_callbacks.o
 .debug_line    0x000028ff      0x830 ./Core/Src/main.o
 .debug_line    0x0000312f      0xb88 ./Core/Src/stm32g0xx_hal_msp.o
 .debug_line    0x00003cb7      0x8ce ./Core/Src/stm32g0xx_it.o
 .debug_line    0x00004585     0x117d ./Core/Src/system.o
 .debug_line    0x00005702      0x8b3 ./Core/Src/system_stm32g0xx.o
 .debug_line    0x00005fb5       0x7b ./Core/Startup/startup_stm32g031k8tx.o
 .debug_line    0x00006030      0xd23 ./Drivers/STM32G0xx_HAL_Driver/Src/stm32g0xx_hal.o
 .debug_line    0x00006d53     0x2483 ./Drivers/STM32G0xx_HAL_Driver/Src/stm32g0xx_hal_adc.o
 .debug_line    0x000091d6      0xcec ./Drivers/STM32G0xx_HAL_Driver/Src/stm32g0xx_hal_adc_ex.o
 .debug_line    0x00009ec2      0xcea ./Drivers/STM32G0xx_HAL_Driver/Src/stm32g0xx_hal_cortex.o
 .debug_line    0x0000abac     0x1330 ./Drivers/STM32G0xx_HAL_Driver/Src/stm32g0xx_hal_dma.o
 .debug_line    0x0000bedc      0xd9a ./Drivers/STM32G0xx_HAL_Driver/Src/stm32g0xx_hal_gpio.o
 .debug_line    0x0000cc76      0xce3 ./Drivers/STM32G0xx_HAL_Driver/Src/stm32g0xx_hal_pwr_ex.o
 .debug_line    0x0000d959     0x1588 ./Drivers/STM32G0xx_HAL_Driver/Src/stm32g0xx_hal_rcc.o
 .debug_line    0x0000eee1     0x767a ./Drivers/STM32G0xx_HAL_Driver/Src/stm32g0xx_hal_tim.o
 .debug_line    0x0001655b     0x2380 ./Drivers/STM32G0xx_HAL_Driver/Src/stm32g0xx_hal_tim_ex.o
 .debug_line    0x000188db     0x6c9f ./Drivers/STM32G0xx_HAL_Driver/Src/stm32g0xx_hal_uart.o

.debug_str      0x00000000    0x9b1ae
 .debug_str     0x00000000    0x96a13 ./Core/Src/config.o
                              0x9741b (size before relaxing)
 .debug_str     0x00096a13      0x78b ./Core/Src/custom_callbacks.o
                              0x96bcb (size before relaxing)
 .debug_str     0x0009719e       0x73 ./Core/Src/main.o
                              0x963e7 (size before relaxing)
 .debug_str     0x00097211       0xee ./Core/Src/stm32g0xx_hal_msp.o
                              0x9632a (size before relaxing)
 .debug_str     0x000972ff      0x104 ./Core/Src/stm32g0xx_it.o
                              0x95a36 (size before relaxing)
 .debug_str     0x00097403      0x298 ./Core/Src/system.o
                              0x969f1 (size before relaxing)
 .debug_str     0x0009769b       0x9c ./Core/Src/system_stm32g0xx.o
                              0x94f62 (size before relaxing)
 .debug_str     0x00097737       0x44 ./Core/Startup/startup_stm32g031k8tx.o
                                 0x73 (size before relaxing)
 .debug_str     0x0009777b      0x571 ./Drivers/STM32G0xx_HAL_Driver/Src/stm32g0xx_hal.o
                              0x95738 (size before relaxing)
 .debug_str     0x00097cec      0x8d3 ./Drivers/STM32G0xx_HAL_Driver/Src/stm32g0xx_hal_adc.o
                              0x95f75 (size before relaxing)
 .debug_str     0x000985bf      0x1fe ./Drivers/STM32G0xx_HAL_Driver/Src/stm32g0xx_hal_adc_ex.o
                              0x957b8 (size before relaxing)
 .debug_str     0x000987bd      0x28b ./Drivers/STM32G0xx_HAL_Driver/Src/stm32g0xx_hal_cortex.o
                              0x953de (size before relaxing)
 .debug_str     0x00098a48      0x261 ./Drivers/STM32G0xx_HAL_Driver/Src/stm32g0xx_hal_dma.o
                              0x953fc (size before relaxing)
 .debug_str     0x00098ca9      0x13d ./Drivers/STM32G0xx_HAL_Driver/Src/stm32g0xx_hal_gpio.o
                              0x95089 (size before relaxing)
 .debug_str     0x00098de6      0x37b ./Drivers/STM32G0xx_HAL_Driver/Src/stm32g0xx_hal_pwr_ex.o
                              0x953db (size before relaxing)
 .debug_str     0x00099161      0x4ae ./Drivers/STM32G0xx_HAL_Driver/Src/stm32g0xx_hal_rcc.o
                              0x956b8 (size before relaxing)
 .debug_str     0x0009960f      0xd31 ./Drivers/STM32G0xx_HAL_Driver/Src/stm32g0xx_hal_tim.o
                              0x96b2d (size before relaxing)
 .debug_str     0x0009a340      0x4a0 ./Drivers/STM32G0xx_HAL_Driver/Src/stm32g0xx_hal_tim_ex.o
                              0x9608f (size before relaxing)
 .debug_str     0x0009a7e0      0x9ce ./Drivers/STM32G0xx_HAL_Driver/Src/stm32g0xx_hal_uart.o
                              0x95f3e (size before relaxing)

.comment        0x00000000       0x86
 .comment       0x00000000       0x43 ./Core/Src/config.o
                                 0x44 (size before relaxing)
 .comment       0x00000043       0x44 ./Core/Src/custom_callbacks.o
 .comment       0x00000043       0x44 ./Core/Src/main.o
 .comment       0x00000043       0x43 ./Core/Src/stm32g0xx_hal_msp.o
                                 0x44 (size before relaxing)
 .comment       0x00000086       0x44 ./Core/Src/stm32g0xx_it.o
 .comment       0x00000086       0x44 ./Core/Src/system.o
 .comment       0x00000086       0x44 ./Core/Src/system_stm32g0xx.o
 .comment       0x00000086       0x44 ./Drivers/STM32G0xx_HAL_Driver/Src/stm32g0xx_hal.o
 .comment       0x00000086       0x44 ./Drivers/STM32G0xx_HAL_Driver/Src/stm32g0xx_hal_adc.o
 .comment       0x00000086       0x44 ./Drivers/STM32G0xx_HAL_Driver/Src/stm32g0xx_hal_adc_ex.o
 .comment       0x00000086       0x44 ./Drivers/STM32G0xx_HAL_Driver/Src/stm32g0xx_hal_cortex.o
 .comment       0x00000086       0x44 ./Drivers/STM32G0xx_HAL_Driver/Src/stm32g0xx_hal_dma.o
 .comment       0x00000086       0x44 ./Drivers/STM32G0xx_HAL_Driver/Src/stm32g0xx_hal_gpio.o
 .comment       0x00000086       0x44 ./Drivers/STM32G0xx_HAL_Driver/Src/stm32g0xx_hal_pwr_ex.o
 .comment       0x00000086       0x44 ./Drivers/STM32G0xx_HAL_Driver/Src/stm32g0xx_hal_rcc.o
 .comment       0x00000086       0x44 ./Drivers/STM32G0xx_HAL_Driver/Src/stm32g0xx_hal_tim.o
 .comment       0x00000086       0x44 ./Drivers/STM32G0xx_HAL_Driver/Src/stm32g0xx_hal_tim_ex.o
 .comment       0x00000086       0x44 ./Drivers/STM32G0xx_HAL_Driver/Src/stm32g0xx_hal_uart.o

.debug_frame    0x00000000     0x2970
 .debug_frame   0x00000000      0x14c ./Core/Src/config.o
 .debug_frame   0x0000014c       0xb0 ./Core/Src/custom_callbacks.o
 .debug_frame   0x000001fc       0x28 ./Core/Src/main.o
 .debug_frame   0x00000224       0xdc ./Core/Src/stm32g0xx_hal_msp.o
 .debug_frame   0x00000300       0xc0 ./Core/Src/stm32g0xx_it.o
 .debug_frame   0x000003c0      0x150 ./Core/Src/system.o
 .debug_frame   0x00000510       0x38 ./Core/Src/system_stm32g0xx.o
 .debug_frame   0x00000548      0x270 ./Drivers/STM32G0xx_HAL_Driver/Src/stm32g0xx_hal.o
 .debug_frame   0x000007b8      0x318 ./Drivers/STM32G0xx_HAL_Driver/Src/stm32g0xx_hal_adc.o
 .debug_frame   0x00000ad0       0xb8 ./Drivers/STM32G0xx_HAL_Driver/Src/stm32g0xx_hal_adc_ex.o
 .debug_frame   0x00000b88      0x130 ./Drivers/STM32G0xx_HAL_Driver/Src/stm32g0xx_hal_cortex.o
 .debug_frame   0x00000cb8      0x168 ./Drivers/STM32G0xx_HAL_Driver/Src/stm32g0xx_hal_dma.o
 .debug_frame   0x00000e20       0xe4 ./Drivers/STM32G0xx_HAL_Driver/Src/stm32g0xx_hal_gpio.o
 .debug_frame   0x00000f04      0x1e4 ./Drivers/STM32G0xx_HAL_Driver/Src/stm32g0xx_hal_pwr_ex.o
 .debug_frame   0x000010e8      0x184 ./Drivers/STM32G0xx_HAL_Driver/Src/stm32g0xx_hal_rcc.o
 .debug_frame   0x0000126c      0xa80 ./Drivers/STM32G0xx_HAL_Driver/Src/stm32g0xx_hal_tim.o
 .debug_frame   0x00001cec      0x4b4 ./Drivers/STM32G0xx_HAL_Driver/Src/stm32g0xx_hal_tim_ex.o
 .debug_frame   0x000021a0      0x728 ./Drivers/STM32G0xx_HAL_Driver/Src/stm32g0xx_hal_uart.o
 .debug_frame   0x000028c8       0x20 C:/ST/STM32CubeIDE_1.16.1/STM32CubeIDE/plugins/com.st.stm32cube.ide.mcu.externaltools.gnu-tools-for-stm32.12.3.rel1.win32_1.1.0.202410251130/tools/bin/../lib/gcc/arm-none-eabi/12.3.1/../../../../arm-none-eabi/lib/thumb/v6-m/nofp\libc_nano.a(libc_a-memset.o)
 .debug_frame   0x000028e8       0x2c C:/ST/STM32CubeIDE_1.16.1/STM32CubeIDE/plugins/com.st.stm32cube.ide.mcu.externaltools.gnu-tools-for-stm32.12.3.rel1.win32_1.1.0.202410251130/tools/bin/../lib/gcc/arm-none-eabi/12.3.1/../../../../arm-none-eabi/lib/thumb/v6-m/nofp\libc_nano.a(libc_a-init.o)
 .debug_frame   0x00002914       0x20 C:/ST/STM32CubeIDE_1.16.1/STM32CubeIDE/plugins/com.st.stm32cube.ide.mcu.externaltools.gnu-tools-for-stm32.12.3.rel1.win32_1.1.0.202410251130/tools/bin/../lib/gcc/arm-none-eabi/12.3.1/thumb/v6-m/nofp\libgcc.a(_udivsi3.o)
 .debug_frame   0x00002934       0x3c C:/ST/STM32CubeIDE_1.16.1/STM32CubeIDE/plugins/com.st.stm32cube.ide.mcu.externaltools.gnu-tools-for-stm32.12.3.rel1.win32_1.1.0.202410251130/tools/bin/../lib/gcc/arm-none-eabi/12.3.1/thumb/v6-m/nofp\libgcc.a(_udivmoddi4.o)

.debug_loclists
                0x00000000     0xd1a8
 .debug_loclists
                0x00000000      0x3f6 ./Core/Src/custom_callbacks.o
 .debug_loclists
                0x000003f6      0x12f ./Core/Src/stm32g0xx_hal_msp.o
 .debug_loclists
                0x00000525      0x57d ./Core/Src/system.o
 .debug_loclists
                0x00000aa2       0xa7 ./Core/Src/system_stm32g0xx.o
 .debug_loclists
                0x00000b49      0x143 ./Drivers/STM32G0xx_HAL_Driver/Src/stm32g0xx_hal.o
 .debug_loclists
                0x00000c8c     0x1121 ./Drivers/STM32G0xx_HAL_Driver/Src/stm32g0xx_hal_adc.o
 .debug_loclists
                0x00001dad      0x2a3 ./Drivers/STM32G0xx_HAL_Driver/Src/stm32g0xx_hal_adc_ex.o
 .debug_loclists
                0x00002050      0x1ef ./Drivers/STM32G0xx_HAL_Driver/Src/stm32g0xx_hal_cortex.o
 .debug_loclists
                0x0000223f      0x747 ./Drivers/STM32G0xx_HAL_Driver/Src/stm32g0xx_hal_dma.o
 .debug_loclists
                0x00002986      0x372 ./Drivers/STM32G0xx_HAL_Driver/Src/stm32g0xx_hal_gpio.o
 .debug_loclists
                0x00002cf8      0x1b3 ./Drivers/STM32G0xx_HAL_Driver/Src/stm32g0xx_hal_pwr_ex.o
 .debug_loclists
                0x00002eab      0x4e1 ./Drivers/STM32G0xx_HAL_Driver/Src/stm32g0xx_hal_rcc.o
 .debug_loclists
                0x0000338c     0x4f53 ./Drivers/STM32G0xx_HAL_Driver/Src/stm32g0xx_hal_tim.o
 .debug_loclists
                0x000082df     0x1392 ./Drivers/STM32G0xx_HAL_Driver/Src/stm32g0xx_hal_tim_ex.o
 .debug_loclists
                0x00009671     0x3b37 ./Drivers/STM32G0xx_HAL_Driver/Src/stm32g0xx_hal_uart.o

.debug_line_str
                0x00000000       0x57
 .debug_line_str
                0x00000000       0x57 ./Core/Startup/startup_stm32g031k8tx.o
