Archive member included to satisfy reference by file (symbol)

/Applications/STM32CubeIDE.app/Contents/Eclipse/plugins/com.st.stm32cube.ide.mcu.externaltools.gnu-tools-for-stm32.13.3.rel1.macos64_1.0.0.202411102158/tools/bin/../lib/gcc/arm-none-eabi/13.3.1/../../../../arm-none-eabi/lib/thumb/v6-m/nofp/libc_nano.a(libc_a-exit.o)
                              /Applications/STM32CubeIDE.app/Contents/Eclipse/plugins/com.st.stm32cube.ide.mcu.externaltools.gnu-tools-for-stm32.13.3.rel1.macos64_1.0.0.202411102158/tools/bin/../lib/gcc/arm-none-eabi/13.3.1/../../../../arm-none-eabi/lib/thumb/v6-m/nofp/crt0.o (exit)
/Applications/STM32CubeIDE.app/Contents/Eclipse/plugins/com.st.stm32cube.ide.mcu.externaltools.gnu-tools-for-stm32.13.3.rel1.macos64_1.0.0.202411102158/tools/bin/../lib/gcc/arm-none-eabi/13.3.1/../../../../arm-none-eabi/lib/thumb/v6-m/nofp/libc_nano.a(libc_a-findfp.o)
                              /Applications/STM32CubeIDE.app/Contents/Eclipse/plugins/com.st.stm32cube.ide.mcu.externaltools.gnu-tools-for-stm32.13.3.rel1.macos64_1.0.0.202411102158/tools/bin/../lib/gcc/arm-none-eabi/13.3.1/../../../../arm-none-eabi/lib/thumb/v6-m/nofp/libc_nano.a(libc_a-exit.o) (__stdio_exit_handler)
/Applications/STM32CubeIDE.app/Contents/Eclipse/plugins/com.st.stm32cube.ide.mcu.externaltools.gnu-tools-for-stm32.13.3.rel1.macos64_1.0.0.202411102158/tools/bin/../lib/gcc/arm-none-eabi/13.3.1/../../../../arm-none-eabi/lib/thumb/v6-m/nofp/libc_nano.a(libc_a-fwalk.o)
                              /Applications/STM32CubeIDE.app/Contents/Eclipse/plugins/com.st.stm32cube.ide.mcu.externaltools.gnu-tools-for-stm32.13.3.rel1.macos64_1.0.0.202411102158/tools/bin/../lib/gcc/arm-none-eabi/13.3.1/../../../../arm-none-eabi/lib/thumb/v6-m/nofp/libc_nano.a(libc_a-findfp.o) (_fwalk_sglue)
/Applications/STM32CubeIDE.app/Contents/Eclipse/plugins/com.st.stm32cube.ide.mcu.externaltools.gnu-tools-for-stm32.13.3.rel1.macos64_1.0.0.202411102158/tools/bin/../lib/gcc/arm-none-eabi/13.3.1/../../../../arm-none-eabi/lib/thumb/v6-m/nofp/libc_nano.a(libc_a-memset.o)
                              /Applications/STM32CubeIDE.app/Contents/Eclipse/plugins/com.st.stm32cube.ide.mcu.externaltools.gnu-tools-for-stm32.13.3.rel1.macos64_1.0.0.202411102158/tools/bin/../lib/gcc/arm-none-eabi/13.3.1/../../../../arm-none-eabi/lib/thumb/v6-m/nofp/crt0.o (memset)
/Applications/STM32CubeIDE.app/Contents/Eclipse/plugins/com.st.stm32cube.ide.mcu.externaltools.gnu-tools-for-stm32.13.3.rel1.macos64_1.0.0.202411102158/tools/bin/../lib/gcc/arm-none-eabi/13.3.1/../../../../arm-none-eabi/lib/thumb/v6-m/nofp/libc_nano.a(libc_a-errno.o)
                              ./Core/Src/syscalls.o (__errno)
/Applications/STM32CubeIDE.app/Contents/Eclipse/plugins/com.st.stm32cube.ide.mcu.externaltools.gnu-tools-for-stm32.13.3.rel1.macos64_1.0.0.202411102158/tools/bin/../lib/gcc/arm-none-eabi/13.3.1/../../../../arm-none-eabi/lib/thumb/v6-m/nofp/libc_nano.a(libc_a-init.o)
                              /Applications/STM32CubeIDE.app/Contents/Eclipse/plugins/com.st.stm32cube.ide.mcu.externaltools.gnu-tools-for-stm32.13.3.rel1.macos64_1.0.0.202411102158/tools/bin/../lib/gcc/arm-none-eabi/13.3.1/../../../../arm-none-eabi/lib/thumb/v6-m/nofp/crt0.o (__libc_init_array)
/Applications/STM32CubeIDE.app/Contents/Eclipse/plugins/com.st.stm32cube.ide.mcu.externaltools.gnu-tools-for-stm32.13.3.rel1.macos64_1.0.0.202411102158/tools/bin/../lib/gcc/arm-none-eabi/13.3.1/../../../../arm-none-eabi/lib/thumb/v6-m/nofp/libc_nano.a(libc_a-lock.o)
                              /Applications/STM32CubeIDE.app/Contents/Eclipse/plugins/com.st.stm32cube.ide.mcu.externaltools.gnu-tools-for-stm32.13.3.rel1.macos64_1.0.0.202411102158/tools/bin/../lib/gcc/arm-none-eabi/13.3.1/../../../../arm-none-eabi/lib/thumb/v6-m/nofp/libc_nano.a(libc_a-findfp.o) (__retarget_lock_init_recursive)
/Applications/STM32CubeIDE.app/Contents/Eclipse/plugins/com.st.stm32cube.ide.mcu.externaltools.gnu-tools-for-stm32.13.3.rel1.macos64_1.0.0.202411102158/tools/bin/../lib/gcc/arm-none-eabi/13.3.1/../../../../arm-none-eabi/lib/thumb/v6-m/nofp/libc_nano.a(libc_a-impure.o)
                              /Applications/STM32CubeIDE.app/Contents/Eclipse/plugins/com.st.stm32cube.ide.mcu.externaltools.gnu-tools-for-stm32.13.3.rel1.macos64_1.0.0.202411102158/tools/bin/../lib/gcc/arm-none-eabi/13.3.1/../../../../arm-none-eabi/lib/thumb/v6-m/nofp/libc_nano.a(libc_a-errno.o) (_impure_ptr)
/Applications/STM32CubeIDE.app/Contents/Eclipse/plugins/com.st.stm32cube.ide.mcu.externaltools.gnu-tools-for-stm32.13.3.rel1.macos64_1.0.0.202411102158/tools/bin/../lib/gcc/arm-none-eabi/13.3.1/../../../../arm-none-eabi/lib/thumb/v6-m/nofp/libc_nano.a(libc_a-memcpy-stub.o)
                              ./Core/Src/input_capture.o (memcpy)
[...]
Memory Configuration

Name             Origin             Length             Attributes
RAM              0x20000000         0x00002000         xrw
FLASH            0x08000000         0x0000f800         xr
*default*        0x00000000         0xffffffff

Linker script and memory map

LOAD /Applications/STM32CubeIDE.app/Contents/Eclipse/plugins/com.st.stm32cube.ide.mcu.externaltools.gnu-tools-for-stm32.13.3.rel1.macos64_1.0.0.202411102158/tools/bin/../lib/gcc/arm-none-eabi/13.3.1/thumb/v6-m/nofp/crti.o
LOAD /Applications/STM32CubeIDE.app/Contents/Eclipse/plugins/com.st.stm32cube.ide.mcu.externaltools.gnu-tools-for-stm32.13.3.rel1.macos64_1.0.0.202411102158/tools/bin/../lib/gcc/arm-none-eabi/13.3.1/thumb/v6-m/nofp/crtbegin.o
LOAD /Applications/STM32CubeIDE.app/Contents/Eclipse/plugins/com.st.stm32cube.ide.mcu.externaltools.gnu-tools-for-stm32.13.3.rel1.macos64_1.0.0.202411102158/tools/bin/../lib/gcc/arm-none-eabi/13.3.1/../../../../arm-none-eabi/lib/thumb/v6-m/nofp/crt0.o
LOAD ./Core/Src/CC_and_PC.o
LOAD ./Core/Src/LED.o
LOAD ./Core/Src/MIDI.o
LOAD ./Core/Src/UART.o
LOAD ./Core/Src/checking_functions.o
LOAD ./Core/Src/config.o
LOAD ./Core/Src/custom_callbacks.o
LOAD ./Core/Src/debug.o
LOAD ./Core/Src/input_capture.o
LOAD ./Core/Src/main.o
LOAD ./Core/Src/oscillator.o
LOAD ./Core/Src/startup.o
LOAD ./Core/Src/state_machine.o
LOAD ./Core/Src/stm32g0xx_hal_msp.o
LOAD ./Core/Src/stm32g0xx_it.o
LOAD ./Core/Src/symmetry_adjustment.o
LOAD ./Core/Src/syscalls.o
LOAD ./Core/Src/sysmem.o
LOAD ./Core/Src/system_stm32g0xx.o
LOAD ./Core/Src/timers.o
LOAD ./Core/Src/utility.o
LOAD ./Core/Startup/startup_stm32g031k8tx.o
LOAD ./Drivers/STM32G0xx_HAL_Driver/Src/stm32g0xx_hal.o
LOAD ./Drivers/STM32G0xx_HAL_Driver/Src/stm32g0xx_hal_adc.o
LOAD ./Drivers/STM32G0xx_HAL_Driver/Src/stm32g0xx_hal_adc_ex.o
LOAD ./Drivers/STM32G0xx_HAL_Driver/Src/stm32g0xx_hal_cortex.o
LOAD ./Drivers/STM32G0xx_HAL_Driver/Src/stm32g0xx_hal_dma.o
LOAD ./Drivers/STM32G0xx_HAL_Driver/Src/stm32g0xx_hal_dma_ex.o
LOAD ./Drivers/STM32G0xx_HAL_Driver/Src/stm32g0xx_hal_exti.o
LOAD ./Drivers/STM32G0xx_HAL_Driver/Src/stm32g0xx_hal_flash.o
LOAD ./Drivers/STM32G0xx_HAL_Driver/Src/stm32g0xx_hal_flash_ex.o
LOAD ./Drivers/STM32G0xx_HAL_Driver/Src/stm32g0xx_hal_gpio.o
LOAD ./Drivers/STM32G0xx_HAL_Driver/Src/stm32g0xx_hal_iwdg.o
LOAD ./Drivers/STM32G0xx_HAL_Driver/Src/stm32g0xx_hal_lptim.o
LOAD ./Drivers/STM32G0xx_HAL_Driver/Src/stm32g0xx_hal_pwr.o
LOAD ./Drivers/STM32G0xx_HAL_Driver/Src/stm32g0xx_hal_pwr_ex.o
LOAD ./Drivers/STM32G0xx_HAL_Driver/Src/stm32g0xx_hal_rcc.o
LOAD ./Drivers/STM32G0xx_HAL_Driver/Src/stm32g0xx_hal_rcc_ex.o
LOAD ./Drivers/STM32G0xx_HAL_Driver/Src/stm32g0xx_hal_tim.o
LOAD ./Drivers/STM32G0xx_HAL_Driver/Src/stm32g0xx_hal_tim_ex.o
LOAD ./Drivers/STM32G0xx_HAL_Driver/Src/stm32g0xx_hal_uart.o
LOAD ./Drivers/STM32G0xx_HAL_Driver/Src/stm32g0xx_hal_uart_ex.o
LOAD ./Drivers/STM32G0xx_HAL_Driver/Src/stm32g0xx_ll_adc.o
LOAD ./Drivers/STM32G0xx_HAL_Driver/Src/stm32g0xx_ll_rcc.o
START GROUP
LOAD /Applications/STM32CubeIDE.app/Contents/Eclipse/plugins/com.st.stm32cube.ide.mcu.externaltools.gnu-tools-for-stm32.13.3.rel1.macos64_1.0.0.202411102158/tools/bin/../lib/gcc/arm-none-eabi/13.3.1/../../../../arm-none-eabi/lib/thumb/v6-m/nofp/libc_nano.a
LOAD /Applications/STM32CubeIDE.app/Contents/Eclipse/plugins/com.st.stm32cube.ide.mcu.externaltools.gnu-tools-for-stm32.13.3.rel1.macos64_1.0.0.202411102158/tools/bin/../lib/gcc/arm-none-eabi/13.3.1/../../../../arm-none-eabi/lib/thumb/v6-m/nofp/libm.a
END GROUP
START GROUP
LOAD /Applications/STM32CubeIDE.app/Contents/Eclipse/plugins/com.st.stm32cube.ide.mcu.externaltools.gnu-tools-for-stm32.13.3.rel1.macos64_1.0.0.202411102158/tools/bin/../lib/gcc/arm-none-eabi/13.3.1/thumb/v6-m/nofp/libgcc.a
LOAD /Applications/STM32CubeIDE.app/Contents/Eclipse/plugins/com.st.stm32cube.ide.mcu.externaltools.gnu-tools-for-stm32.13.3.rel1.macos64_1.0.0.202411102158/tools/bin/../lib/gcc/arm-none-eabi/13.3.1/../../../../arm-none-eabi/lib/thumb/v6-m/nofp/libc_nano.a
END GROUP
START GROUP
LOAD /Applications/STM32CubeIDE.app/Contents/Eclipse/plugins/com.st.stm32cube.ide.mcu.externaltools.gnu-tools-for-stm32.13.3.rel1.macos64_1.0.0.202411102158/tools/bin/../lib/gcc/arm-none-eabi/13.3.1/thumb/v6-m/nofp/libgcc.a
LOAD /Applications/STM32CubeIDE.app/Contents/Eclipse/plugins/com.st.stm32cube.ide.mcu.externaltools.gnu-tools-for-stm32.13.3.rel1.macos64_1.0.0.202411102158/tools/bin/../lib/gcc/arm-none-eabi/13.3.1/../../../../arm-none-eabi/lib/thumb/v6-m/nofp/libc_nano.a
LOAD /Applications/STM32CubeIDE.app/Contents/Eclipse/plugins/com.st.stm32cube.ide.mcu.externaltools.gnu-tools-for-stm32.13.3.rel1.macos64_1.0.0.202411102158/tools/bin/../lib/gcc/arm-none-eabi/13.3.1/../../../../arm-none-eabi/lib/thumb/v6-m/nofp/libnosys.a
END GROUP
START GROUP
LOAD /Applications/STM32CubeIDE.app/Contents/Eclipse/plugins/com.st.stm32cube.ide.mcu.externaltools.gnu-tools-for-stm32.13.3.rel1.macos64_1.0.0.202411102158/tools/bin/../lib/gcc/arm-none-eabi/13.3.1/thumb/v6-m/nofp/libgcc.a
LOAD /Applications/STM32CubeIDE.app/Contents/Eclipse/plugins/com.st.stm32cube.ide.mcu.externaltools.gnu-tools-for-stm32.13.3.rel1.macos64_1.0.0.202411102158/tools/bin/../lib/gcc/arm-none-eabi/13.3.1/../../../../arm-none-eabi/lib/thumb/v6-m/nofp/libc_nano.a
LOAD /Applications/STM32CubeIDE.app/Contents/Eclipse/plugins/com.st.stm32cube.ide.mcu.externaltools.gnu-tools-for-stm32.13.3.rel1.macos64_1.0.0.202411102158/tools/bin/../lib/gcc/arm-none-eabi/13.3.1/../../../../arm-none-eabi/lib/thumb/v6-m/nofp/libnosys.a
END GROUP
LOAD /Applications/STM32CubeIDE.app/Contents/Eclipse/plugins/com.st.stm32cube.ide.mcu.externaltools.gnu-tools-for-stm32.13.3.rel1.macos64_1.0.0.202411102158/tools/bin/../lib/gcc/arm-none-eabi/13.3.1/thumb/v6-m/nofp/crtend.o
LOAD /Applications/STM32CubeIDE.app/Contents/Eclipse/plugins/com.st.stm32cube.ide.mcu.externaltools.gnu-tools-for-stm32.13.3.rel1.macos64_1.0.0.202411102158/tools/bin/../lib/gcc/arm-none-eabi/13.3.1/thumb/v6-m/nofp/crtn.o
                0x20002000                        _estack = (ORIGIN (RAM) + LENGTH (RAM))
                0x00000200                        _Min_Heap_Size = 0x200
                0x00000400                        _Min_Stack_Size = 0x400

.isr_vector     0x08000000       0xbc
                0x08000000                        . = ALIGN (0x4)
 *(.isr_vector)
 .isr_vector    0x08000000       0xbc ./Core/Startup/startup_stm32g031k8tx.o
                0x08000000                g_pfnVectors
                0x080000bc                        . = ALIGN (0x4)

.text           0x080000c0     0x9358
                0x080000c0                        . = ALIGN (0x4)
 *(.text)
 .text          0x080000c0       0x48 /Applications/STM32CubeIDE.app/Contents/Eclipse/plugins/com.st.stm32cube.ide.mcu.externaltools.gnu-tools-for-stm32.13.3.rel1.macos64_1.0.0.202411102158/tools/bin/../lib/gcc/arm-none-eabi/13.3.1/thumb/v6-m/nofp/crtbegin.o
 .text          0x08000108      0x114 /Applications/STM32CubeIDE.app/Contents/Eclipse/plugins/com.st.stm32cube.ide.mcu.externaltools.gnu-tools-for-stm32.13.3.rel1.macos64_1.0.0.202411102158/tools/bin/../lib/gcc/arm-none-eabi/13.3.1/thumb/v6-m/nofp/libgcc.a(_udivsi3.o)
                0x08000108                __udivsi3
                0x08000108                __aeabi_uidiv
                0x08000214                __aeabi_uidivmod
 .text          0x0800021c        0x4 /Applications/STM32CubeIDE.app/Contents/Eclipse/plugins/com.st.stm32cube.ide.mcu.externaltools.gnu-tools-for-stm32.13.3.rel1.macos64_1.0.0.202411102158/tools/bin/../lib/gcc/arm-none-eabi/13.3.1/thumb/v6-m/nofp/libgcc.a(_dvmd_tls.o)
                0x0800021c                __aeabi_ldiv0
                0x0800021c                __aeabi_idiv0
 .text          0x08000220       0x40 /Applications/STM32CubeIDE.app/Contents/Eclipse/plugins/com.st.stm32cube.ide.mcu.externaltools.gnu-tools-for-stm32.13.3.rel1.macos64_1.0.0.202411102158/tools/bin/../lib/gcc/arm-none-eabi/13.3.1/thumb/v6-m/nofp/libgcc.a(_aeabi_uldivmod.o)
                0x08000220                __aeabi_uldivmod
 .text          0x08000260      0x198 /Applications/STM32CubeIDE.app/Contents/Eclipse/plugins/com.st.stm32cube.ide.mcu.externaltools.gnu-tools-for-stm32.13.3.rel1.macos64_1.0.0.202411102158/tools/bin/../lib/gcc/arm-none-eabi/13.3.1/thumb/v6-m/nofp/libgcc.a(_udivmoddi4.o)
                0x08000260                __udivmoddi4
 .text          0x080003f8       0x18 /Applications/STM32CubeIDE.app/Contents/Eclipse/plugins/com.st.stm32cube.ide.mcu.externaltools.gnu-tools-for-stm32.13.3.rel1.macos64_1.0.0.202411102158/tools/bin/../lib/gcc/arm-none-eabi/13.3.1/thumb/v6-m/nofp/libgcc.a(_clzdi2.o)
                0x080003f8                __clzdi2
 .text          0x08000410       0x3c /Applications/STM32CubeIDE.app/Contents/Eclipse/plugins/com.st.stm32cube.ide.mcu.externaltools.gnu-tools-for-stm32.13.3.rel1.macos64_1.0.0.202411102158/tools/bin/../lib/gcc/arm-none-eabi/13.3.1/thumb/v6-m/nofp/libgcc.a(_clzsi2.o)
                0x08000410                __clzsi2
 *(.text*)
 .text.Initialise_Preset_Arrays
                0x0800044c       0x78 ./Core/Src/CC_and_PC.o
                0x0800044c                Initialise_Preset_Arrays
 .text.Convert_All_Preset_Values
                0x080004c4       0x22 ./Core/Src/CC_and_PC.o
                0x080004c4                Convert_All_Preset_Values
 .text.Convert_All_Params_Values_for_Preset
                0x080004e6       0x28 ./Core/Src/CC_and_PC.o
                0x080004e6                Convert_All_Params_Values_for_Preset
 .text.Pack_Preset_Into_Doubleword
                0x0800050e       0x4e ./Core/Src/CC_and_PC.o
                0x0800050e                Pack_Preset_Into_Doubleword
 .text.Read_and_Interpret_Preset_From_Flash
                0x0800055c       0x24 ./Core/Src/CC_and_PC.o
                0x0800055c                Read_and_Interpret_Preset_From_Flash
 .text.Pack_Misc_Into_Doubleword
                0x08000580       0xf8 ./Core/Src/CC_and_PC.o
                0x08000580                Pack_Misc_Into_Doubleword
 .text.Store_Single_Preset_In_Flash
                0x08000678      0x204 ./Core/Src/CC_and_PC.o
                0x08000678                Store_Single_Preset_In_Flash
 .text.Read_and_Interpret_Misc_From_Flash
                0x0800087c      0x106 ./Core/Src/CC_and_PC.o
                0x0800087c                Read_and_Interpret_Misc_From_Flash
 .text.Update_Converted_Preset_Array_with_User_or_Factory_Presets
                0x08000982       0x5c ./Core/Src/CC_and_PC.o
                0x08000982                Update_Converted_Preset_Array_with_User_or_Factory_Presets
 *fill*         0x080009de        0x2 
 .text.Read_and_Interpret_User_Presets_From_Flash
                0x080009e0       0x48 ./Core/Src/CC_and_PC.o
                0x080009e0                Read_and_Interpret_User_Presets_From_Flash
 .text.Update_Waveshape_with_CC_Value
                0x08000a28       0x2c ./Core/Src/CC_and_PC.o
                0x08000a28                Update_Waveshape_with_CC_Value
 .text.Update_Params_Based_On_Mode_Selected
                0x08000a54      0x1b0 ./Core/Src/CC_and_PC.o
                0x08000a54                Update_Params_Based_On_Mode_Selected
 .text.Set_Waveshape_to_CC_Mode_and_Value
                0x08000c04       0x20 ./Core/Src/CC_and_PC.o
                0x08000c04                Set_Waveshape_to_CC_Mode_and_Value
 .text.Set_Speed_to_CC_Mode_and_Value
                0x08000c24       0x20 ./Core/Src/CC_and_PC.o
                0x08000c24                Set_Speed_to_CC_Mode_and_Value
 .text.Set_Depth_to_CC_Mode_and_Value
                0x08000c44       0x20 ./Core/Src/CC_and_PC.o
                0x08000c44                Set_Depth_to_CC_Mode_and_Value
 .text.Set_Symmetry_to_CC_Mode_and_Value
                0x08000c64       0x20 ./Core/Src/CC_and_PC.o
                0x08000c64                Set_Symmetry_to_CC_Mode_and_Value
 .text.Set_Phase_to_CC_Mode_and_Value
                0x08000c84       0x20 ./Core/Src/CC_and_PC.o
                0x08000c84                Set_Phase_to_CC_Mode_and_Value
 .text.Set_All_Pots_to_PC_Mode
                0x08000ca4       0x4c ./Core/Src/CC_and_PC.o
                0x08000ca4                Set_All_Pots_to_PC_Mode
 .text.Store_Params_as_User_Preset
                0x08000cf0       0x34 ./Core/Src/CC_and_PC.o
                0x08000cf0                Store_Params_as_User_Preset
 .text.Set_to_PC_Mode
                0x08000d24       0x24 ./Core/Src/CC_and_PC.o
                0x08000d24                Set_to_PC_Mode
 .text.Set_LED_to_State
                0x08000d48       0x64 ./Core/Src/LED.o
                0x08000d48                Set_LED_to_State
 .text.Is_Status_Byte
                0x08000dac        0x6 ./Core/Src/MIDI.o
                0x08000dac                Is_Status_Byte
 .text.Is_Data_Byte
                0x08000db2        0xa ./Core/Src/MIDI.o
                0x08000db2                Is_Data_Byte
 .text.Is_PC_Status_Byte
                0x08000dbc        0xe ./Core/Src/MIDI.o
                0x08000dbc                Is_PC_Status_Byte
 .text.Is_CC_Status_Byte
                0x08000dca        0xe ./Core/Src/MIDI.o
                0x08000dca                Is_CC_Status_Byte
 .text.Is_Utilised_Channel_Mode_CC_First_Data_Byte
                0x08000dd8       0x36 ./Core/Src/MIDI.o
                0x08000dd8                Is_Utilised_Channel_Mode_CC_First_Data_Byte
 .text.Is_Utilised_CC_First_Data_Byte
                0x08000e0e       0x40 ./Core/Src/MIDI.o
                0x08000e0e                Is_Utilised_CC_First_Data_Byte
 .text.Channel_Mode_CC_Second_Data_Byte_Is_Valid_Given_Utilised_First_Data_Byte
                0x08000e4e       0x4e ./Core/Src/MIDI.o
                0x08000e4e                Channel_Mode_CC_Second_Data_Byte_Is_Valid_Given_Utilised_First_Data_Byte
 .text.Is_Sysex_Start_Status_Byte
                0x08000e9c        0xc ./Core/Src/MIDI.o
                0x08000e9c                Is_Sysex_Start_Status_Byte
 .text.Is_Channelised_Status_Byte_On_Basic_Channel
                0x08000ea8       0x1c ./Core/Src/MIDI.o
                0x08000ea8                Is_Channelised_Status_Byte_On_Basic_Channel
 .text.Is_Data_Buffer_Empty
                0x08000ec4       0x18 ./Core/Src/MIDI.o
                0x08000ec4                Is_Data_Buffer_Empty
 .text.Clear_Data_Buffer
                0x08000edc       0x10 ./Core/Src/MIDI.o
                0x08000edc                Clear_Data_Buffer
 .text.Is_Program_Change_Data_Byte_In_Range
                0x08000eec        0xc ./Core/Src/MIDI.o
                0x08000eec                Is_Program_Change_Data_Byte_In_Range
 .text.Is_System_Real_Time_Status_Byte
                0x08000ef8       0x48 ./Core/Src/MIDI.o
                0x08000ef8                Is_System_Real_Time_Status_Byte
 .text.Is_OMNI_On
                0x08000f40       0x14 ./Core/Src/MIDI.o
                0x08000f40                Is_OMNI_On
 .text.Reset_and_Stop_MIDI_Software_Timer
                0x08000f54       0x22 ./Core/Src/MIDI.o
                0x08000f54                Reset_and_Stop_MIDI_Software_Timer
 *fill*         0x08000f76        0x2 
 .text.Reset_All_Controllers
                0x08000f78       0x60 ./Core/Src/MIDI.o
                0x08000f78                Reset_All_Controllers
 .text.Set_Local_Control
                0x08000fd8       0x50 ./Core/Src/MIDI.o
                0x08000fd8                Set_Local_Control
 .text.Set_OMNI_Off
                0x08001028        0xe ./Core/Src/MIDI.o
                0x08001028                Set_OMNI_Off
 .text.Set_OMNI_On
                0x08001036        0xe ./Core/Src/MIDI.o
                0x08001036                Set_OMNI_On
 .text.Start_UART_Receive
                0x08001044       0x18 ./Core/Src/UART.o
                0x08001044                Start_UART_Receive
 .text.Pot_Check
                0x0800105c      0x148 ./Core/Src/checking_functions.o
                0x0800105c                Pot_Check
 .text.Check_Tap_Tempo_Switch_State
                0x080011a4       0x6c ./Core/Src/checking_functions.o
                0x080011a4                Check_Tap_Tempo_Switch_State
 .text.SystemClock_Config
                0x08001210       0x7e ./Core/Src/config.o
                0x08001210                SystemClock_Config
 *fill*         0x0800128e        0x2 
 .text.MX_ADC1_Init
                0x08001290      0x100 ./Core/Src/config.o
                0x08001290                MX_ADC1_Init
 .text.MX_TIM16_Init
                0x08001390       0xb0 ./Core/Src/config.o
                0x08001390                MX_TIM16_Init
 .text.MX_TIM2_Init
                0x08001440       0xb8 ./Core/Src/config.o
                0x08001440                MX_TIM2_Init
 .text.MX_TIM3_Init
                0x080014f8       0xc4 ./Core/Src/config.o
                0x080014f8                MX_TIM3_Init
 .text.MX_TIM1_Init
                0x080015bc      0x128 ./Core/Src/config.o
                0x080015bc                MX_TIM1_Init
 .text.MX_TIM17_Init
                0x080016e4       0xbc ./Core/Src/config.o
                0x080016e4                MX_TIM17_Init
 .text.MX_LPTIM1_Init
                0x080017a0       0x50 ./Core/Src/config.o
                0x080017a0                MX_LPTIM1_Init
 .text.MX_TIM14_Init
                0x080017f0       0x7c ./Core/Src/config.o
                0x080017f0                MX_TIM14_Init
 .text.MX_USART2_UART_Init
                0x0800186c       0x3c ./Core/Src/config.o
                0x0800186c                MX_USART2_UART_Init
 .text.MX_DMA_Init
                0x080018a8       0x40 ./Core/Src/config.o
                0x080018a8                MX_DMA_Init
 .text.MX_GPIO_Init
                0x080018e8      0x144 ./Core/Src/config.o
                0x080018e8                MX_GPIO_Init
 .text.Error_Handler
                0x08001a2c        0x4 ./Core/Src/config.o
                0x08001a2c                Error_Handler
 .text.System_Init
                0x08001a30       0xf0 ./Core/Src/config.o
                0x08001a30                System_Init
 .text.UART2_RX_transfer_complete_callback
                0x08001b20     0x11a0 ./Core/Src/custom_callbacks.o
                0x08001b20                UART2_RX_transfer_complete_callback
 .text.LPTIM1_callback
                0x08002cc0      0x730 ./Core/Src/custom_callbacks.o
                0x08002cc0                LPTIM1_callback
 .text.TIM14_callback
                0x080033f0      0x3bc ./Core/Src/custom_callbacks.o
                0x080033f0                TIM14_callback
 .text.TIM16_callback
                0x080037ac       0x24 ./Core/Src/custom_callbacks.o
                0x080037ac                TIM16_callback
 .text.ADC_DMA_conversion_complete_callback
                0x080037d0       0x7c ./Core/Src/custom_callbacks.o
                0x080037d0                ADC_DMA_conversion_complete_callback
 .text.TIM2_ch1_IP_capture_callback
                0x0800384c       0xe8 ./Core/Src/custom_callbacks.o
                0x0800384c                TIM2_ch1_IP_capture_callback
 .text.TIM2_ch1_overflow_callback
                0x08003934       0xc8 ./Core/Src/custom_callbacks.o
                0x08003934                TIM2_ch1_overflow_callback
 .text.TIM3_ch1_IP_capture_measurement_reelapse_callback
                0x080039fc      0x104 ./Core/Src/custom_callbacks.o
                0x080039fc                TIM3_ch1_IP_capture_measurement_reelapse_callback
 .text.UART2_TX_transfer_complete_callback
                0x08003b00        0x2 ./Core/Src/custom_callbacks.o
                0x08003b00                UART2_TX_transfer_complete_callback
 *fill*         0x08003b02        0x2 
 .text.HAL_GPIO_EXTI_Falling_Callback
                0x08003b04       0x3c ./Core/Src/custom_callbacks.o
                0x08003b04                HAL_GPIO_EXTI_Falling_Callback
 .text.HAL_GPIO_EXTI_Rising_Callback
                0x08003b40      0x190 ./Core/Src/custom_callbacks.o
                0x08003b40                HAL_GPIO_EXTI_Rising_Callback
 .text.TIM17_callback
                0x08003cd0        0x2 ./Core/Src/custom_callbacks.o
                0x08003cd0                TIM17_callback
 *fill*         0x08003cd2        0x2 
 .text.Input_Capture_Processing
                0x08003cd4       0x8c ./Core/Src/input_capture.o
                0x08003cd4                Input_Capture_Processing
 .text.Start_IC_TIM
                0x08003d60       0x2c ./Core/Src/input_capture.o
                0x08003d60                Start_IC_TIM
 .text.Start_Input_Capture_Timer
                0x08003d8c       0x1c ./Core/Src/input_capture.o
                0x08003d8c                Start_Input_Capture_Timer
 .text.Copy_Params_Structs
                0x08003da8       0x12 ./Core/Src/input_capture.o
                0x08003da8                Copy_Params_Structs
 *fill*         0x08003dba        0x2 
 .text.Start_Measurement_Reelapse_Timer
                0x08003dbc       0x30 ./Core/Src/input_capture.o
                0x08003dbc                Start_Measurement_Reelapse_Timer
 .text.Begin_Input_Capture_Measurement
                0x08003dec       0x10 ./Core/Src/input_capture.o
                0x08003dec                Begin_Input_Capture_Measurement
 .text.main     0x08003dfc      0x168 ./Core/Src/main.o
                0x08003dfc                main
 .text.Start_PWM_Gen_Timer_Main_and_Secondary_Oscillators
                0x08003f64       0x34 ./Core/Src/oscillator.o
                0x08003f64                Start_PWM_Gen_Timer_Main_and_Secondary_Oscillators
 .text.Start_Freq_Gen_Timer
                0x08003f98       0x1c ./Core/Src/oscillator.o
                0x08003f98                Start_Freq_Gen_Timer
 .text.Process_TIM16_Raw_Start_Value_and_Raw_Prescaler
                0x08003fb4       0x2e ./Core/Src/oscillator.o
                0x08003fb4                Process_TIM16_Raw_Start_Value_and_Raw_Prescaler
 *fill*         0x08003fe2        0x2 
 .text.Set_Oscillator_Values
                0x08003fe4       0x30 ./Core/Src/oscillator.o
                0x08003fe4                Set_Oscillator_Values
 .text.Calculate_Next_Main_Oscillator_Values
                0x08004014      0x138 ./Core/Src/oscillator.o
                0x08004014                Calculate_Next_Main_Oscillator_Values
 .text.Write_Next_Main_Oscillator_Values_to_Delay_Line
                0x0800414c       0xc0 ./Core/Src/oscillator.o
                0x0800414c                Write_Next_Main_Oscillator_Values_to_Delay_Line
 .text.Process_ADC_Conversion_Values
                0x0800420c       0x44 ./Core/Src/oscillator.o
                0x0800420c                Process_ADC_Conversion_Values
 .text.Startup  0x08004250      0x1c4 ./Core/Src/startup.o
                0x08004250                Startup
 .text.Advance_Pending_States
                0x08004414       0x3c ./Core/Src/state_machine.o
                0x08004414                Advance_Pending_States
 .text.HAL_MspInit
                0x08004450       0x30 ./Core/Src/stm32g0xx_hal_msp.o
                0x08004450                HAL_MspInit
 .text.HAL_ADC_MspInit
                0x08004480       0xa0 ./Core/Src/stm32g0xx_hal_msp.o
                0x08004480                HAL_ADC_MspInit
 .text.HAL_LPTIM_MspInit
                0x08004520       0xec ./Core/Src/stm32g0xx_hal_msp.o
                0x08004520                HAL_LPTIM_MspInit
 .text.HAL_TIM_Base_MspInit
                0x0800460c      0x16c ./Core/Src/stm32g0xx_hal_msp.o
                0x0800460c                HAL_TIM_Base_MspInit
 .text.HAL_TIM_MspPostInit
                0x08004778       0x78 ./Core/Src/stm32g0xx_hal_msp.o
                0x08004778                HAL_TIM_MspPostInit
 .text.HAL_UART_MspInit
                0x080047f0       0xec ./Core/Src/stm32g0xx_hal_msp.o
                0x080047f0                HAL_UART_MspInit
 .text.NMI_Handler
                0x080048dc        0x2 ./Core/Src/stm32g0xx_it.o
                0x080048dc                NMI_Handler
 .text.HardFault_Handler
                0x080048de        0x2 ./Core/Src/stm32g0xx_it.o
                0x080048de                HardFault_Handler
 .text.SVC_Handler
                0x080048e0        0x2 ./Core/Src/stm32g0xx_it.o
                0x080048e0                SVC_Handler
 .text.PendSV_Handler
                0x080048e2        0x2 ./Core/Src/stm32g0xx_it.o
                0x080048e2                PendSV_Handler
 .text.SysTick_Handler
                0x080048e4        0x8 ./Core/Src/stm32g0xx_it.o
                0x080048e4                SysTick_Handler
 .text.EXTI4_15_IRQHandler
                0x080048ec        0xa ./Core/Src/stm32g0xx_it.o
                0x080048ec                EXTI4_15_IRQHandler
 *fill*         0x080048f6        0x2 
 .text.DMA1_Channel1_IRQHandler
                0x080048f8       0x10 ./Core/Src/stm32g0xx_it.o
                0x080048f8                DMA1_Channel1_IRQHandler
 .text.DMA1_Channel2_3_IRQHandler
                0x08004908       0x18 ./Core/Src/stm32g0xx_it.o
                0x08004908                DMA1_Channel2_3_IRQHandler
 .text.TIM2_IRQHandler
                0x08004920       0x10 ./Core/Src/stm32g0xx_it.o
                0x08004920                TIM2_IRQHandler
 .text.TIM3_IRQHandler
                0x08004930       0x10 ./Core/Src/stm32g0xx_it.o
                0x08004930                TIM3_IRQHandler
 .text.TIM16_IRQHandler
                0x08004940       0x10 ./Core/Src/stm32g0xx_it.o
                0x08004940                TIM16_IRQHandler
 .text.USART2_IRQHandler
                0x08004950       0x10 ./Core/Src/stm32g0xx_it.o
                0x08004950                USART2_IRQHandler
 .text.LPTIM1_IRQHandler
                0x08004960       0x10 ./Core/Src/stm32g0xx_it.o
                0x08004960                LPTIM1_IRQHandler
 .text.TIM17_IRQHandler
                0x08004970       0x10 ./Core/Src/stm32g0xx_it.o
                0x08004970                TIM17_IRQHandler
 .text.TIM14_IRQHandler
                0x08004980       0x10 ./Core/Src/stm32g0xx_it.o
                0x08004980                TIM14_IRQHandler
 .text.Adjust_TIM16_Prescaler
                0x08004990       0x24 ./Core/Src/symmetry_adjustment.o
                0x08004990                Adjust_TIM16_Prescaler
 .text.Process_TIM16_Final_Start_Value_and_Final_Prescaler
                0x080049b4      0x340 ./Core/Src/symmetry_adjustment.o
                0x080049b4                Process_TIM16_Final_Start_Value_and_Final_Prescaler
 .text.SystemInit
                0x08004cf4        0x2 ./Core/Src/system_stm32g0xx.o
                0x08004cf4                SystemInit
 .text.Start_OC_TIM
                0x08004cf6       0x14 ./Core/Src/timers.o
                0x08004cf6                Start_OC_TIM
 .text.Stop_OC_TIM
                0x08004d0a       0x14 ./Core/Src/timers.o
                0x08004d0a                Stop_OC_TIM
 .text.isPrime  0x08004d1e       0x3a ./Core/Src/utility.o
                0x08004d1e                isPrime
 .text.unsigned_bitwise_modulo
                0x08004d58        0xa ./Core/Src/utility.o
                0x08004d58                unsigned_bitwise_modulo
 .text.Global_Interrupt_Enable
                0x08004d62        0x6 ./Core/Src/utility.o
                0x08004d62                Global_Interrupt_Enable
 .text.Get_Status_Bit
                0x08004d68        0xc ./Core/Src/utility.o
                0x08004d68                Get_Status_Bit
 .text.Set_Status_Bit
                0x08004d74        0x8 ./Core/Src/utility.o
                0x08004d74                Set_Status_Bit
 .text.Clear_Status_Bit
                0x08004d7c        0x8 ./Core/Src/utility.o
                0x08004d7c                Clear_Status_Bit
 .text.Reset_Handler
                0x08004d84       0x50 ./Core/Startup/startup_stm32g031k8tx.o
                0x08004d84                Reset_Handler
 .text.Default_Handler
                0x08004dd4        0x2 ./Core/Startup/startup_stm32g031k8tx.o
                0x08004dd4                TIM1_BRK_UP_TRG_COM_IRQHandler
                0x08004dd4                PVD_IRQHandler
                0x08004dd4                I2C1_IRQHandler
                0x08004dd4                LPTIM2_IRQHandler
                0x08004dd4                RTC_TAMP_IRQHandler
                0x08004dd4                SPI1_IRQHandler
                0x08004dd4                DMA1_Ch4_5_DMAMUX1_OVR_IRQHandler
                0x08004dd4                EXTI2_3_IRQHandler
                0x08004dd4                ADC1_IRQHandler
                0x08004dd4                I2C2_IRQHandler
                0x08004dd4                RCC_IRQHandler
                0x08004dd4                Default_Handler
                0x08004dd4                EXTI0_1_IRQHandler
                0x08004dd4                SPI2_IRQHandler
                0x08004dd4                WWDG_IRQHandler
                0x08004dd4                LPUART1_IRQHandler
                0x08004dd4                FLASH_IRQHandler
                0x08004dd4                USART1_IRQHandler
                0x08004dd4                TIM1_CC_IRQHandler
 *fill*         0x08004dd6        0x2 
 .text.HAL_InitTick
                0x08004dd8       0x50 ./Drivers/STM32G0xx_HAL_Driver/Src/stm32g0xx_hal.o
                0x08004dd8                HAL_InitTick
 .text.HAL_Init
                0x08004e28       0x28 ./Drivers/STM32G0xx_HAL_Driver/Src/stm32g0xx_hal.o
                0x08004e28                HAL_Init
 .text.HAL_IncTick
                0x08004e50       0x18 ./Drivers/STM32G0xx_HAL_Driver/Src/stm32g0xx_hal.o
                0x08004e50                HAL_IncTick
 .text.HAL_GetTick
                0x08004e68        0xc ./Drivers/STM32G0xx_HAL_Driver/Src/stm32g0xx_hal.o
                0x08004e68                HAL_GetTick
 .text.HAL_ADC_ConvCpltCallback
                0x08004e74        0x2 ./Drivers/STM32G0xx_HAL_Driver/Src/stm32g0xx_hal_adc.o
                0x08004e74                HAL_ADC_ConvCpltCallback
 .text.HAL_ADC_ConvHalfCpltCallback
                0x08004e76        0x2 ./Drivers/STM32G0xx_HAL_Driver/Src/stm32g0xx_hal_adc.o
                0x08004e76                HAL_ADC_ConvHalfCpltCallback
 .text.HAL_ADC_LevelOutOfWindowCallback
                0x08004e78        0x2 ./Drivers/STM32G0xx_HAL_Driver/Src/stm32g0xx_hal_adc.o
                0x08004e78                HAL_ADC_LevelOutOfWindowCallback
 .text.HAL_ADC_ErrorCallback
                0x08004e7a        0x2 ./Drivers/STM32G0xx_HAL_Driver/Src/stm32g0xx_hal_adc.o
                0x08004e7a                HAL_ADC_ErrorCallback
 .text.ADC_DMAConvCplt
                0x08004e7c       0x80 ./Drivers/STM32G0xx_HAL_Driver/Src/stm32g0xx_hal_adc.o
 .text.ADC_DMAHalfConvCplt
                0x08004efc        0xa ./Drivers/STM32G0xx_HAL_Driver/Src/stm32g0xx_hal_adc.o
 .text.ADC_DMAError
                0x08004f06       0x1a ./Drivers/STM32G0xx_HAL_Driver/Src/stm32g0xx_hal_adc.o
 .text.HAL_ADC_Init
                0x08004f20      0x284 ./Drivers/STM32G0xx_HAL_Driver/Src/stm32g0xx_hal_adc.o
                0x08004f20                HAL_ADC_Init
 .text.HAL_ADC_RegisterCallback
                0x080051a4       0xa4 ./Drivers/STM32G0xx_HAL_Driver/Src/stm32g0xx_hal_adc.o
                0x080051a4                HAL_ADC_RegisterCallback
 .text.HAL_ADC_ConfigChannel
                0x08005248      0x278 ./Drivers/STM32G0xx_HAL_Driver/Src/stm32g0xx_hal_adc.o
                0x08005248                HAL_ADC_ConfigChannel
 .text.ADC_ConversionStop
                0x080054c0       0x6c ./Drivers/STM32G0xx_HAL_Driver/Src/stm32g0xx_hal_adc.o
                0x080054c0                ADC_ConversionStop
 .text.ADC_Enable
                0x0800552c       0xdc ./Drivers/STM32G0xx_HAL_Driver/Src/stm32g0xx_hal_adc.o
                0x0800552c                ADC_Enable
 .text.HAL_ADC_Start_DMA
                0x08005608       0xbc ./Drivers/STM32G0xx_HAL_Driver/Src/stm32g0xx_hal_adc.o
                0x08005608                HAL_ADC_Start_DMA
 .text.ADC_Disable
                0x080056c4       0x90 ./Drivers/STM32G0xx_HAL_Driver/Src/stm32g0xx_hal_adc.o
                0x080056c4                ADC_Disable
 .text.HAL_ADC_Stop_DMA
                0x08005754       0x84 ./Drivers/STM32G0xx_HAL_Driver/Src/stm32g0xx_hal_adc.o
                0x08005754                HAL_ADC_Stop_DMA
 .text.HAL_ADCEx_Calibration_Start
                0x080057d8      0x1ac ./Drivers/STM32G0xx_HAL_Driver/Src/stm32g0xx_hal_adc_ex.o
                0x080057d8                HAL_ADCEx_Calibration_Start
 .text.HAL_ADCEx_LevelOutOfWindow2Callback
                0x08005984        0x2 ./Drivers/STM32G0xx_HAL_Driver/Src/stm32g0xx_hal_adc_ex.o
                0x08005984                HAL_ADCEx_LevelOutOfWindow2Callback
 .text.HAL_ADCEx_LevelOutOfWindow3Callback
                0x08005986        0x2 ./Drivers/STM32G0xx_HAL_Driver/Src/stm32g0xx_hal_adc_ex.o
                0x08005986                HAL_ADCEx_LevelOutOfWindow3Callback
 .text.HAL_ADCEx_EndOfSamplingCallback
                0x08005988        0x2 ./Drivers/STM32G0xx_HAL_Driver/Src/stm32g0xx_hal_adc_ex.o
                0x08005988                HAL_ADCEx_EndOfSamplingCallback
 *fill*         0x0800598a        0x2 
 .text.HAL_NVIC_SetPriority
                0x0800598c       0x64 ./Drivers/STM32G0xx_HAL_Driver/Src/stm32g0xx_hal_cortex.o
                0x0800598c                HAL_NVIC_SetPriority
 .text.HAL_NVIC_EnableIRQ
                0x080059f0       0x18 ./Drivers/STM32G0xx_HAL_Driver/Src/stm32g0xx_hal_cortex.o
                0x080059f0                HAL_NVIC_EnableIRQ
 .text.HAL_NVIC_DisableIRQ
                0x08005a08       0x20 ./Drivers/STM32G0xx_HAL_Driver/Src/stm32g0xx_hal_cortex.o
                0x08005a08                HAL_NVIC_DisableIRQ
 .text.HAL_SYSTICK_Config
                0x08005a28       0x38 ./Drivers/STM32G0xx_HAL_Driver/Src/stm32g0xx_hal_cortex.o
                0x08005a28                HAL_SYSTICK_Config
 .text.DMA_SetConfig
                0x08005a60       0x48 ./Drivers/STM32G0xx_HAL_Driver/Src/stm32g0xx_hal_dma.o
 .text.DMA_CalcDMAMUXChannelBaseAndMask
                0x08005aa8       0x34 ./Drivers/STM32G0xx_HAL_Driver/Src/stm32g0xx_hal_dma.o
 .text.HAL_DMA_Init
                0x08005adc       0xc8 ./Drivers/STM32G0xx_HAL_Driver/Src/stm32g0xx_hal_dma.o
                0x08005adc                HAL_DMA_Init
 .text.HAL_DMA_Start_IT
                0x08005ba4       0x9c ./Drivers/STM32G0xx_HAL_Driver/Src/stm32g0xx_hal_dma.o
                0x08005ba4                HAL_DMA_Start_IT
 .text.HAL_DMA_Abort
                0x08005c40       0x80 ./Drivers/STM32G0xx_HAL_Driver/Src/stm32g0xx_hal_dma.o
                0x08005c40                HAL_DMA_Abort
 .text.HAL_DMA_Abort_IT
                0x08005cc0       0x80 ./Drivers/STM32G0xx_HAL_Driver/Src/stm32g0xx_hal_dma.o
                0x08005cc0                HAL_DMA_Abort_IT
 .text.HAL_DMA_IRQHandler
                0x08005d40       0xcc ./Drivers/STM32G0xx_HAL_Driver/Src/stm32g0xx_hal_dma.o
                0x08005d40                HAL_DMA_IRQHandler
 .text.HAL_FLASH_Unlock
                0x08005e0c       0x28 ./Drivers/STM32G0xx_HAL_Driver/Src/stm32g0xx_hal_flash.o
                0x08005e0c                HAL_FLASH_Unlock
 .text.FLASH_WaitForLastOperation
                0x08005e34       0x74 ./Drivers/STM32G0xx_HAL_Driver/Src/stm32g0xx_hal_flash.o
                0x08005e34                FLASH_WaitForLastOperation
 .text.HAL_FLASH_Program
                0x08005ea8       0x6c ./Drivers/STM32G0xx_HAL_Driver/Src/stm32g0xx_hal_flash.o
                0x08005ea8                HAL_FLASH_Program
 .text.HAL_FLASH_Lock
                0x08005f14       0x24 ./Drivers/STM32G0xx_HAL_Driver/Src/stm32g0xx_hal_flash.o
                0x08005f14                HAL_FLASH_Lock
 .text.FLASH_PageErase
                0x08005f38       0x20 ./Drivers/STM32G0xx_HAL_Driver/Src/stm32g0xx_hal_flash_ex.o
                0x08005f38                FLASH_PageErase
 .text.HAL_FLASHEx_Erase
                0x08005f58       0x9c ./Drivers/STM32G0xx_HAL_Driver/Src/stm32g0xx_hal_flash_ex.o
                0x08005f58                HAL_FLASHEx_Erase
 .text.HAL_GPIO_Init
                0x08005ff4      0x1d8 ./Drivers/STM32G0xx_HAL_Driver/Src/stm32g0xx_hal_gpio.o
                0x08005ff4                HAL_GPIO_Init
 .text.HAL_GPIO_ReadPin
                0x080061cc        0xc ./Drivers/STM32G0xx_HAL_Driver/Src/stm32g0xx_hal_gpio.o
                0x080061cc                HAL_GPIO_ReadPin
 .text.HAL_GPIO_WritePin
                0x080061d8        0xc ./Drivers/STM32G0xx_HAL_Driver/Src/stm32g0xx_hal_gpio.o
                0x080061d8                HAL_GPIO_WritePin
 .text.HAL_GPIO_EXTI_IRQHandler
                0x080061e4       0x30 ./Drivers/STM32G0xx_HAL_Driver/Src/stm32g0xx_hal_gpio.o
                0x080061e4                HAL_GPIO_EXTI_IRQHandler
 .text.HAL_LPTIM_CompareMatchCallback
                0x08006214        0x2 ./Drivers/STM32G0xx_HAL_Driver/Src/stm32g0xx_hal_lptim.o
                0x08006214                HAL_LPTIM_CompareMatchCallback
 .text.HAL_LPTIM_AutoReloadMatchCallback
                0x08006216        0x2 ./Drivers/STM32G0xx_HAL_Driver/Src/stm32g0xx_hal_lptim.o
                0x08006216                HAL_LPTIM_AutoReloadMatchCallback
 .text.HAL_LPTIM_TriggerCallback
                0x08006218        0x2 ./Drivers/STM32G0xx_HAL_Driver/Src/stm32g0xx_hal_lptim.o
                0x08006218                HAL_LPTIM_TriggerCallback
 .text.HAL_LPTIM_CompareWriteCallback
                0x0800621a        0x2 ./Drivers/STM32G0xx_HAL_Driver/Src/stm32g0xx_hal_lptim.o
                0x0800621a                HAL_LPTIM_CompareWriteCallback
 .text.HAL_LPTIM_AutoReloadWriteCallback
                0x0800621c        0x2 ./Drivers/STM32G0xx_HAL_Driver/Src/stm32g0xx_hal_lptim.o
                0x0800621c                HAL_LPTIM_AutoReloadWriteCallback
 .text.HAL_LPTIM_DirectionUpCallback
                0x0800621e        0x2 ./Drivers/STM32G0xx_HAL_Driver/Src/stm32g0xx_hal_lptim.o
                0x0800621e                HAL_LPTIM_DirectionUpCallback
 .text.HAL_LPTIM_DirectionDownCallback
                0x08006220        0x2 ./Drivers/STM32G0xx_HAL_Driver/Src/stm32g0xx_hal_lptim.o
                0x08006220                HAL_LPTIM_DirectionDownCallback
 *fill*         0x08006222        0x2 
 .text.LPTIM_WaitForFlag
                0x08006224       0x40 ./Drivers/STM32G0xx_HAL_Driver/Src/stm32g0xx_hal_lptim.o
 .text.HAL_LPTIM_Init
                0x08006264      0x110 ./Drivers/STM32G0xx_HAL_Driver/Src/stm32g0xx_hal_lptim.o
                0x08006264                HAL_LPTIM_Init
 .text.HAL_LPTIM_IRQHandler
                0x08006374       0xac ./Drivers/STM32G0xx_HAL_Driver/Src/stm32g0xx_hal_lptim.o
                0x08006374                HAL_LPTIM_IRQHandler
 .text.HAL_LPTIM_RegisterCallback
                0x08006420       0x80 ./Drivers/STM32G0xx_HAL_Driver/Src/stm32g0xx_hal_lptim.o
                0x08006420                HAL_LPTIM_RegisterCallback
 .text.LPTIM_Disable
                0x080064a0      0x18c ./Drivers/STM32G0xx_HAL_Driver/Src/stm32g0xx_hal_lptim.o
                0x080064a0                LPTIM_Disable
 .text.HAL_LPTIM_SetOnce_Start_IT
                0x0800662c       0xb8 ./Drivers/STM32G0xx_HAL_Driver/Src/stm32g0xx_hal_lptim.o
                0x0800662c                HAL_LPTIM_SetOnce_Start_IT
 .text.HAL_PWREx_ControlVoltageScaling
                0x080066e4       0x64 ./Drivers/STM32G0xx_HAL_Driver/Src/stm32g0xx_hal_pwr_ex.o
                0x080066e4                HAL_PWREx_ControlVoltageScaling
 .text.HAL_RCC_OscConfig
                0x08006748      0x524 ./Drivers/STM32G0xx_HAL_Driver/Src/stm32g0xx_hal_rcc.o
                0x08006748                HAL_RCC_OscConfig
 .text.HAL_RCC_GetSysClockFreq
                0x08006c6c       0xb8 ./Drivers/STM32G0xx_HAL_Driver/Src/stm32g0xx_hal_rcc.o
                0x08006c6c                HAL_RCC_GetSysClockFreq
 .text.HAL_RCC_ClockConfig
                0x08006d24      0x1a8 ./Drivers/STM32G0xx_HAL_Driver/Src/stm32g0xx_hal_rcc.o
                0x08006d24                HAL_RCC_ClockConfig
 .text.HAL_RCC_GetPCLK1Freq
                0x08006ecc       0x28 ./Drivers/STM32G0xx_HAL_Driver/Src/stm32g0xx_hal_rcc.o
                0x08006ecc                HAL_RCC_GetPCLK1Freq
 .text.HAL_RCCEx_PeriphCLKConfig
                0x08006ef4      0x20c ./Drivers/STM32G0xx_HAL_Driver/Src/stm32g0xx_hal_rcc_ex.o
                0x08006ef4                HAL_RCCEx_PeriphCLKConfig
 .text.HAL_TIM_OC_MspInit
                0x08007100        0x2 ./Drivers/STM32G0xx_HAL_Driver/Src/stm32g0xx_hal_tim.o
                0x08007100                HAL_TIM_OC_MspInit
 .text.HAL_TIM_PWM_MspInit
                0x08007102        0x2 ./Drivers/STM32G0xx_HAL_Driver/Src/stm32g0xx_hal_tim.o
                0x08007102                HAL_TIM_PWM_MspInit
 .text.HAL_TIM_IC_MspInit
                0x08007104        0x2 ./Drivers/STM32G0xx_HAL_Driver/Src/stm32g0xx_hal_tim.o
                0x08007104                HAL_TIM_IC_MspInit
 .text.HAL_TIM_PeriodElapsedCallback
                0x08007106        0x2 ./Drivers/STM32G0xx_HAL_Driver/Src/stm32g0xx_hal_tim.o
                0x08007106                HAL_TIM_PeriodElapsedCallback
 .text.HAL_TIM_PeriodElapsedHalfCpltCallback
                0x08007108        0x2 ./Drivers/STM32G0xx_HAL_Driver/Src/stm32g0xx_hal_tim.o
                0x08007108                HAL_TIM_PeriodElapsedHalfCpltCallback
 .text.HAL_TIM_OC_DelayElapsedCallback
                0x0800710a        0x2 ./Drivers/STM32G0xx_HAL_Driver/Src/stm32g0xx_hal_tim.o
                0x0800710a                HAL_TIM_OC_DelayElapsedCallback
 .text.HAL_TIM_IC_CaptureCallback
                0x0800710c        0x2 ./Drivers/STM32G0xx_HAL_Driver/Src/stm32g0xx_hal_tim.o
                0x0800710c                HAL_TIM_IC_CaptureCallback
 .text.HAL_TIM_IC_CaptureHalfCpltCallback
                0x0800710e        0x2 ./Drivers/STM32G0xx_HAL_Driver/Src/stm32g0xx_hal_tim.o
                0x0800710e                HAL_TIM_IC_CaptureHalfCpltCallback
 .text.HAL_TIM_PWM_PulseFinishedCallback
                0x08007110        0x2 ./Drivers/STM32G0xx_HAL_Driver/Src/stm32g0xx_hal_tim.o
                0x08007110                HAL_TIM_PWM_PulseFinishedCallback
 .text.HAL_TIM_PWM_PulseFinishedHalfCpltCallback
                0x08007112        0x2 ./Drivers/STM32G0xx_HAL_Driver/Src/stm32g0xx_hal_tim.o
                0x08007112                HAL_TIM_PWM_PulseFinishedHalfCpltCallback
 .text.HAL_TIM_TriggerCallback
                0x08007114        0x2 ./Drivers/STM32G0xx_HAL_Driver/Src/stm32g0xx_hal_tim.o
                0x08007114                HAL_TIM_TriggerCallback
 .text.HAL_TIM_TriggerHalfCpltCallback
                0x08007116        0x2 ./Drivers/STM32G0xx_HAL_Driver/Src/stm32g0xx_hal_tim.o
                0x08007116                HAL_TIM_TriggerHalfCpltCallback
 .text.HAL_TIM_ErrorCallback
                0x08007118        0x2 ./Drivers/STM32G0xx_HAL_Driver/Src/stm32g0xx_hal_tim.o
                0x08007118                HAL_TIM_ErrorCallback
 *fill*         0x0800711a        0x2 
 .text.TIM_OC1_SetConfig
                0x0800711c       0x88 ./Drivers/STM32G0xx_HAL_Driver/Src/stm32g0xx_hal_tim.o
 .text.TIM_OC3_SetConfig
                0x080071a4       0x84 ./Drivers/STM32G0xx_HAL_Driver/Src/stm32g0xx_hal_tim.o
 .text.TIM_OC4_SetConfig
                0x08007228       0x68 ./Drivers/STM32G0xx_HAL_Driver/Src/stm32g0xx_hal_tim.o
 .text.TIM_OC5_SetConfig
                0x08007290       0x64 ./Drivers/STM32G0xx_HAL_Driver/Src/stm32g0xx_hal_tim.o
 .text.TIM_OC6_SetConfig
                0x080072f4       0x68 ./Drivers/STM32G0xx_HAL_Driver/Src/stm32g0xx_hal_tim.o
 .text.HAL_TIM_Base_Start
                0x0800735c       0x64 ./Drivers/STM32G0xx_HAL_Driver/Src/stm32g0xx_hal_tim.o
                0x0800735c                HAL_TIM_Base_Start
 .text.HAL_TIM_Base_Start_IT
                0x080073c0       0x6c ./Drivers/STM32G0xx_HAL_Driver/Src/stm32g0xx_hal_tim.o
                0x080073c0                HAL_TIM_Base_Start_IT
 .text.HAL_TIM_IRQHandler
                0x0800742c      0x180 ./Drivers/STM32G0xx_HAL_Driver/Src/stm32g0xx_hal_tim.o
                0x0800742c                HAL_TIM_IRQHandler
 .text.HAL_TIM_ReadCapturedValue
                0x080075ac       0x32 ./Drivers/STM32G0xx_HAL_Driver/Src/stm32g0xx_hal_tim.o
                0x080075ac                HAL_TIM_ReadCapturedValue
 *fill*         0x080075de        0x2 
 .text.HAL_TIM_RegisterCallback
                0x080075e0      0x154 ./Drivers/STM32G0xx_HAL_Driver/Src/stm32g0xx_hal_tim.o
                0x080075e0                HAL_TIM_RegisterCallback
 .text.TIM_Base_SetConfig
                0x08007734      0x134 ./Drivers/STM32G0xx_HAL_Driver/Src/stm32g0xx_hal_tim.o
                0x08007734                TIM_Base_SetConfig
 .text.TIM_OC2_SetConfig
                0x08007868       0x78 ./Drivers/STM32G0xx_HAL_Driver/Src/stm32g0xx_hal_tim.o
                0x08007868                TIM_OC2_SetConfig
 .text.HAL_TIM_OC_ConfigChannel
                0x080078e0       0x6c ./Drivers/STM32G0xx_HAL_Driver/Src/stm32g0xx_hal_tim.o
                0x080078e0                HAL_TIM_OC_ConfigChannel
 .text.HAL_TIM_PWM_ConfigChannel
                0x0800794c      0x144 ./Drivers/STM32G0xx_HAL_Driver/Src/stm32g0xx_hal_tim.o
                0x0800794c                HAL_TIM_PWM_ConfigChannel
 .text.TIM_TI1_SetConfig
                0x08007a90       0x54 ./Drivers/STM32G0xx_HAL_Driver/Src/stm32g0xx_hal_tim.o
                0x08007a90                TIM_TI1_SetConfig
 .text.HAL_TIM_IC_ConfigChannel
                0x08007ae4      0x17c ./Drivers/STM32G0xx_HAL_Driver/Src/stm32g0xx_hal_tim.o
                0x08007ae4                HAL_TIM_IC_ConfigChannel
 .text.TIM_ETR_SetConfig
                0x08007c60       0x18 ./Drivers/STM32G0xx_HAL_Driver/Src/stm32g0xx_hal_tim.o
                0x08007c60                TIM_ETR_SetConfig
 .text.HAL_TIM_ConfigClockSource
                0x08007c78      0x17c ./Drivers/STM32G0xx_HAL_Driver/Src/stm32g0xx_hal_tim.o
                0x08007c78                HAL_TIM_ConfigClockSource
 .text.TIM_CCxChannelCmd
                0x08007df4       0x1a ./Drivers/STM32G0xx_HAL_Driver/Src/stm32g0xx_hal_tim.o
                0x08007df4                TIM_CCxChannelCmd
 *fill*         0x08007e0e        0x2 
 .text.HAL_TIM_OC_Start_IT
                0x08007e10      0x150 ./Drivers/STM32G0xx_HAL_Driver/Src/stm32g0xx_hal_tim.o
                0x08007e10                HAL_TIM_OC_Start_IT
 .text.HAL_TIM_OC_Stop_IT
                0x08007f60      0x100 ./Drivers/STM32G0xx_HAL_Driver/Src/stm32g0xx_hal_tim.o
                0x08007f60                HAL_TIM_OC_Stop_IT
 .text.HAL_TIM_PWM_Start
                0x08008060      0x124 ./Drivers/STM32G0xx_HAL_Driver/Src/stm32g0xx_hal_tim.o
                0x08008060                HAL_TIM_PWM_Start
 .text.HAL_TIM_IC_Start_IT
                0x08008184      0x140 ./Drivers/STM32G0xx_HAL_Driver/Src/stm32g0xx_hal_tim.o
                0x08008184                HAL_TIM_IC_Start_IT
 .text.TIM_ResetCallback
                0x080082c4       0x90 ./Drivers/STM32G0xx_HAL_Driver/Src/stm32g0xx_hal_tim.o
                0x080082c4                TIM_ResetCallback
 .text.HAL_TIM_Base_Init
                0x08008354       0x78 ./Drivers/STM32G0xx_HAL_Driver/Src/stm32g0xx_hal_tim.o
                0x08008354                HAL_TIM_Base_Init
 .text.HAL_TIM_OC_Init
                0x080083cc       0x78 ./Drivers/STM32G0xx_HAL_Driver/Src/stm32g0xx_hal_tim.o
                0x080083cc                HAL_TIM_OC_Init
 .text.HAL_TIM_PWM_Init
                0x08008444       0x78 ./Drivers/STM32G0xx_HAL_Driver/Src/stm32g0xx_hal_tim.o
                0x08008444                HAL_TIM_PWM_Init
 .text.HAL_TIM_IC_Init
                0x080084bc       0x78 ./Drivers/STM32G0xx_HAL_Driver/Src/stm32g0xx_hal_tim.o
                0x080084bc                HAL_TIM_IC_Init
 .text.HAL_TIMEx_MasterConfigSynchronization
                0x08008534       0x78 ./Drivers/STM32G0xx_HAL_Driver/Src/stm32g0xx_hal_tim_ex.o
                0x08008534                HAL_TIMEx_MasterConfigSynchronization
 .text.HAL_TIMEx_ConfigBreakDeadTime
                0x080085ac       0xc4 ./Drivers/STM32G0xx_HAL_Driver/Src/stm32g0xx_hal_tim_ex.o
                0x080085ac                HAL_TIMEx_ConfigBreakDeadTime
 .text.HAL_TIMEx_CommutCallback
                0x08008670        0x2 ./Drivers/STM32G0xx_HAL_Driver/Src/stm32g0xx_hal_tim_ex.o
                0x08008670                HAL_TIMEx_CommutCallback
 .text.HAL_TIMEx_CommutHalfCpltCallback
                0x08008672        0x2 ./Drivers/STM32G0xx_HAL_Driver/Src/stm32g0xx_hal_tim_ex.o
                0x08008672                HAL_TIMEx_CommutHalfCpltCallback
 .text.HAL_TIMEx_BreakCallback
                0x08008674        0x2 ./Drivers/STM32G0xx_HAL_Driver/Src/stm32g0xx_hal_tim_ex.o
                0x08008674                HAL_TIMEx_BreakCallback
 .text.HAL_TIMEx_Break2Callback
                0x08008676        0x2 ./Drivers/STM32G0xx_HAL_Driver/Src/stm32g0xx_hal_tim_ex.o
                0x08008676                HAL_TIMEx_Break2Callback
 .text.HAL_UART_TxCpltCallback
                0x08008678        0x2 ./Drivers/STM32G0xx_HAL_Driver/Src/stm32g0xx_hal_uart.o
                0x08008678                HAL_UART_TxCpltCallback
 .text.HAL_UART_TxHalfCpltCallback
                0x0800867a        0x2 ./Drivers/STM32G0xx_HAL_Driver/Src/stm32g0xx_hal_uart.o
                0x0800867a                HAL_UART_TxHalfCpltCallback
 .text.HAL_UART_RxCpltCallback
                0x0800867c        0x2 ./Drivers/STM32G0xx_HAL_Driver/Src/stm32g0xx_hal_uart.o
                0x0800867c                HAL_UART_RxCpltCallback
 .text.HAL_UART_RxHalfCpltCallback
                0x0800867e        0x2 ./Drivers/STM32G0xx_HAL_Driver/Src/stm32g0xx_hal_uart.o
                0x0800867e                HAL_UART_RxHalfCpltCallback
 .text.HAL_UART_ErrorCallback
                0x08008680        0x2 ./Drivers/STM32G0xx_HAL_Driver/Src/stm32g0xx_hal_uart.o
                0x08008680                HAL_UART_ErrorCallback
 .text.HAL_UART_AbortCpltCallback
                0x08008682        0x2 ./Drivers/STM32G0xx_HAL_Driver/Src/stm32g0xx_hal_uart.o
                0x08008682                HAL_UART_AbortCpltCallback
 .text.HAL_UART_AbortTransmitCpltCallback
                0x08008684        0x2 ./Drivers/STM32G0xx_HAL_Driver/Src/stm32g0xx_hal_uart.o
                0x08008684                HAL_UART_AbortTransmitCpltCallback
 .text.HAL_UART_AbortReceiveCpltCallback
                0x08008686        0x2 ./Drivers/STM32G0xx_HAL_Driver/Src/stm32g0xx_hal_uart.o
                0x08008686                HAL_UART_AbortReceiveCpltCallback
 .text.HAL_UARTEx_RxEventCallback
                0x08008688        0x2 ./Drivers/STM32G0xx_HAL_Driver/Src/stm32g0xx_hal_uart.o
                0x08008688                HAL_UARTEx_RxEventCallback
 *fill*         0x0800868a        0x2 
 .text.UART_EndTxTransfer
                0x0800868c       0x3c ./Drivers/STM32G0xx_HAL_Driver/Src/stm32g0xx_hal_uart.o
 .text.UART_EndRxTransfer
                0x080086c8       0x64 ./Drivers/STM32G0xx_HAL_Driver/Src/stm32g0xx_hal_uart.o
 .text.UART_DMAReceiveCplt
                0x0800872c       0x9c ./Drivers/STM32G0xx_HAL_Driver/Src/stm32g0xx_hal_uart.o
 .text.UART_DMARxHalfCplt
                0x080087c8       0x24 ./Drivers/STM32G0xx_HAL_Driver/Src/stm32g0xx_hal_uart.o
 .text.UART_DMAError
                0x080087ec       0x54 ./Drivers/STM32G0xx_HAL_Driver/Src/stm32g0xx_hal_uart.o
 .text.UART_DMAAbortOnError
                0x08008840       0x16 ./Drivers/STM32G0xx_HAL_Driver/Src/stm32g0xx_hal_uart.o
 *fill*         0x08008856        0x2 
 .text.HAL_UART_RegisterCallback
                0x08008858       0xe0 ./Drivers/STM32G0xx_HAL_Driver/Src/stm32g0xx_hal_uart.o
                0x08008858                HAL_UART_RegisterCallback
 .text.HAL_UART_IRQHandler
                0x08008938      0x364 ./Drivers/STM32G0xx_HAL_Driver/Src/stm32g0xx_hal_uart.o
                0x08008938                HAL_UART_IRQHandler
 .text.UART_InitCallbacksToDefault
                0x08008c9c       0x7c ./Drivers/STM32G0xx_HAL_Driver/Src/stm32g0xx_hal_uart.o
                0x08008c9c                UART_InitCallbacksToDefault
 .text.UART_SetConfig
                0x08008d18      0x260 ./Drivers/STM32G0xx_HAL_Driver/Src/stm32g0xx_hal_uart.o
                0x08008d18                UART_SetConfig
 .text.UART_AdvFeatureConfig
                0x08008f78       0xe0 ./Drivers/STM32G0xx_HAL_Driver/Src/stm32g0xx_hal_uart.o
                0x08008f78                UART_AdvFeatureConfig
 .text.UART_WaitOnFlagUntilTimeout
                0x08009058       0xa4 ./Drivers/STM32G0xx_HAL_Driver/Src/stm32g0xx_hal_uart.o
                0x08009058                UART_WaitOnFlagUntilTimeout
 .text.UART_CheckIdleState
                0x080090fc       0xcc ./Drivers/STM32G0xx_HAL_Driver/Src/stm32g0xx_hal_uart.o
                0x080090fc                UART_CheckIdleState
 .text.HAL_UART_Init
                0x080091c8       0x8c ./Drivers/STM32G0xx_HAL_Driver/Src/stm32g0xx_hal_uart.o
                0x080091c8                HAL_UART_Init
 .text.UART_Start_Receive_DMA
                0x08009254       0xb4 ./Drivers/STM32G0xx_HAL_Driver/Src/stm32g0xx_hal_uart.o
                0x08009254                UART_Start_Receive_DMA
 .text.HAL_UART_Receive_DMA
                0x08009308       0x70 ./Drivers/STM32G0xx_HAL_Driver/Src/stm32g0xx_hal_uart.o
                0x08009308                HAL_UART_Receive_DMA
 .text.HAL_UARTEx_WakeupCallback
                0x08009378        0x2 ./Drivers/STM32G0xx_HAL_Driver/Src/stm32g0xx_hal_uart_ex.o
                0x08009378                HAL_UARTEx_WakeupCallback
 .text.HAL_UARTEx_RxFifoFullCallback
                0x0800937a        0x2 ./Drivers/STM32G0xx_HAL_Driver/Src/stm32g0xx_hal_uart_ex.o
                0x0800937a                HAL_UARTEx_RxFifoFullCallback
 .text.HAL_UARTEx_TxFifoEmptyCallback
                0x0800937c        0x2 ./Drivers/STM32G0xx_HAL_Driver/Src/stm32g0xx_hal_uart_ex.o
                0x0800937c                HAL_UARTEx_TxFifoEmptyCallback
 .text.memset   0x0800937e       0x10 /Applications/STM32CubeIDE.app/Contents/Eclipse/plugins/com.st.stm32cube.ide.mcu.externaltools.gnu-tools-for-stm32.13.3.rel1.macos64_1.0.0.202411102158/tools/bin/../lib/gcc/arm-none-eabi/13.3.1/../../../../arm-none-eabi/lib/thumb/v6-m/nofp/libc_nano.a(libc_a-memset.o)
                0x0800937e                memset
 *fill*         0x0800938e        0x2 
 .text.__libc_init_array
                0x08009390       0x48 /Applications/STM32CubeIDE.app/Contents/Eclipse/plugins/com.st.stm32cube.ide.mcu.externaltools.gnu-tools-for-stm32.13.3.rel1.macos64_1.0.0.202411102158/tools/bin/../lib/gcc/arm-none-eabi/13.3.1/../../../../arm-none-eabi/lib/thumb/v6-m/nofp/libc_nano.a(libc_a-init.o)
                0x08009390                __libc_init_array
 .text.memcpy   0x080093d8       0x12 /Applications/STM32CubeIDE.app/Contents/Eclipse/plugins/com.st.stm32cube.ide.mcu.externaltools.gnu-tools-for-stm32.13.3.rel1.macos64_1.0.0.202411102158/tools/bin/../lib/gcc/arm-none-eabi/13.3.1/../../../../arm-none-eabi/lib/thumb/v6-m/nofp/libc_nano.a(libc_a-memcpy-stub.o)
                0x080093d8                memcpy
 *(.glue_7)
 .glue_7        0x080093ea        0x0 linker stubs
 *(.glue_7t)
 .glue_7t       0x080093ea        0x0 linker stubs
 *(.eh_frame)
 *fill*         0x080093ea        0x2 
 .eh_frame      0x080093ec        0x0 /Applications/STM32CubeIDE.app/Contents/Eclipse/plugins/com.st.stm32cube.ide.mcu.externaltools.gnu-tools-for-stm32.13.3.rel1.macos64_1.0.0.202411102158/tools/bin/../lib/gcc/arm-none-eabi/13.3.1/thumb/v6-m/nofp/crtbegin.o
 *(.init)
 .init          0x080093ec        0x4 /Applications/STM32CubeIDE.app/Contents/Eclipse/plugins/com.st.stm32cube.ide.mcu.externaltools.gnu-tools-for-stm32.13.3.rel1.macos64_1.0.0.202411102158/tools/bin/../lib/gcc/arm-none-eabi/13.3.1/thumb/v6-m/nofp/crti.o
                0x080093ec                _init
 .init          0x080093f0        0x8 /Applications/STM32CubeIDE.app/Contents/Eclipse/plugins/com.st.stm32cube.ide.mcu.externaltools.gnu-tools-for-stm32.13.3.rel1.macos64_1.0.0.202411102158/tools/bin/../lib/gcc/arm-none-eabi/13.3.1/thumb/v6-m/nofp/crtn.o
 *(.fini)
 .fini          0x080093f8        0x4 /Applications/STM32CubeIDE.app/Contents/Eclipse/plugins/com.st.stm32cube.ide.mcu.externaltools.gnu-tools-for-stm32.13.3.rel1.macos64_1.0.0.202411102158/tools/bin/../lib/gcc/arm-none-eabi/13.3.1/thumb/v6-m/nofp/crti.o
                0x080093f8                _fini
 .fini          0x080093fc        0x8 /Applications/STM32CubeIDE.app/Contents/Eclipse/plugins/com.st.stm32cube.ide.mcu.externaltools.gnu-tools-for-stm32.13.3.rel1.macos64_1.0.0.202411102158/tools/bin/../lib/gcc/arm-none-eabi/13.3.1/thumb/v6-m/nofp/crtn.o
 *fill*         0x08009404        0x4 
 .fini.__stub   0x08009408       0x10 linker stubs
                0x08009418                        . = ALIGN (0x4)
                0x08009418                        _etext = .

.vfp11_veneer   0x08009418        0x0
 .vfp11_veneer  0x08009418        0x0 linker stubs

.v4_bx          0x08009418        0x0
 .v4_bx         0x08009418        0x0 linker stubs

.iplt           0x08009418        0x0
 .iplt          0x08009418        0x0 /Applications/STM32CubeIDE.app/Contents/Eclipse/plugins/com.st.stm32cube.ide.mcu.externaltools.gnu-tools-for-stm32.13.3.rel1.macos64_1.0.0.202411102158/tools/bin/../lib/gcc/arm-none-eabi/13.3.1/thumb/v6-m/nofp/crtbegin.o

.rodata         0x08009418      0xc70
                0x08009418                        . = ALIGN (0x4)
 *(.rodata)
 .rodata        0x08009418       0x10 ./Core/Src/CC_and_PC.o
 *(.rodata*)
 .rodata.factory_preset_3
                0x08009428        0x5 ./Core/Src/CC_and_PC.o
                0x08009428                factory_preset_3
 *fill*         0x0800942d        0x3 
 .rodata.factory_preset_2
                0x08009430        0x5 ./Core/Src/CC_and_PC.o
                0x08009430                factory_preset_2
 *fill*         0x08009435        0x3 
 .rodata.factory_preset_1
                0x08009438        0x5 ./Core/Src/CC_and_PC.o
                0x08009438                factory_preset_1
 *fill*         0x0800943d        0x3 
 .rodata.factory_preset_0
                0x08009440        0x5 ./Core/Src/CC_and_PC.o
                0x08009440                factory_preset_0
 *fill*         0x08009445        0x3 
 .rodata.Pot_Check
                0x08009448       0x14 ./Core/Src/checking_functions.o
 .rodata.num_ADC_conversions
                0x0800945c        0x1 ./Core/Src/oscillator.o
                0x0800945c                num_ADC_conversions
 *fill*         0x0800945d        0x3 
 .rodata.tri_wavetable
                0x08009460      0x400 ./Core/Src/oscillator.o
                0x08009460                tri_wavetable
 .rodata.sine_wavetable
                0x08009860      0x400 ./Core/Src/oscillator.o
                0x08009860                sine_wavetable
 .rodata.APBPrescTable
                0x08009c60       0x20 ./Core/Src/system_stm32g0xx.o
                0x08009c60                APBPrescTable
 .rodata.AHBPrescTable
                0x08009c80       0x40 ./Core/Src/system_stm32g0xx.o
                0x08009c80                AHBPrescTable
 .rodata.HAL_ADC_RegisterCallback
                0x08009cc0       0x2c ./Drivers/STM32G0xx_HAL_Driver/Src/stm32g0xx_hal_adc.o
 .rodata.HAL_LPTIM_RegisterCallback
                0x08009cec       0x24 ./Drivers/STM32G0xx_HAL_Driver/Src/stm32g0xx_hal_lptim.o
 .rodata.HAL_TIM_RegisterCallback
                0x08009d10       0xa8 ./Drivers/STM32G0xx_HAL_Driver/Src/stm32g0xx_hal_tim.o
 .rodata.HAL_TIM_OC_ConfigChannel
                0x08009db8       0x54 ./Drivers/STM32G0xx_HAL_Driver/Src/stm32g0xx_hal_tim.o
 .rodata.HAL_TIM_PWM_ConfigChannel
                0x08009e0c       0x54 ./Drivers/STM32G0xx_HAL_Driver/Src/stm32g0xx_hal_tim.o
 .rodata.HAL_TIM_OC_Start_IT
                0x08009e60       0x88 ./Drivers/STM32G0xx_HAL_Driver/Src/stm32g0xx_hal_tim.o
 .rodata.HAL_TIM_OC_Stop_IT
                0x08009ee8       0x44 ./Drivers/STM32G0xx_HAL_Driver/Src/stm32g0xx_hal_tim.o
 .rodata.HAL_TIM_PWM_Start
                0x08009f2c       0x88 ./Drivers/STM32G0xx_HAL_Driver/Src/stm32g0xx_hal_tim.o
 .rodata.HAL_TIM_IC_Start_IT
                0x08009fb4       0x88 ./Drivers/STM32G0xx_HAL_Driver/Src/stm32g0xx_hal_tim.o
 .rodata.HAL_UART_RegisterCallback
                0x0800a03c       0x34 ./Drivers/STM32G0xx_HAL_Driver/Src/stm32g0xx_hal_uart.o
 .rodata.UARTPrescTable
                0x0800a070       0x18 ./Drivers/STM32G0xx_HAL_Driver/Src/stm32g0xx_hal_uart.o
                0x0800a070                UARTPrescTable
                0x0800a088                        . = ALIGN (0x4)

.ARM.extab      0x0800a088        0x0
                0x0800a088                        . = ALIGN (0x4)
 *(.ARM.extab* .gnu.linkonce.armextab.*)
                0x0800a088                        . = ALIGN (0x4)

.ARM            0x0800a088        0x8
                0x0800a088                        . = ALIGN (0x4)
                0x0800a088                        __exidx_start = .
 *(.ARM.exidx*)
 .ARM.exidx     0x0800a088        0x8 /Applications/STM32CubeIDE.app/Contents/Eclipse/plugins/com.st.stm32cube.ide.mcu.externaltools.gnu-tools-for-stm32.13.3.rel1.macos64_1.0.0.202411102158/tools/bin/../lib/gcc/arm-none-eabi/13.3.1/thumb/v6-m/nofp/libgcc.a(_udivmoddi4.o)
                0x0800a090                        __exidx_end = .
                0x0800a090                        . = ALIGN (0x4)

.preinit_array  0x0800a090        0x0
                0x0800a090                        . = ALIGN (0x4)
                0x0800a090                        PROVIDE (__preinit_array_start = .)
 *(.preinit_array*)
                0x0800a090                        PROVIDE (__preinit_array_end = .)
                0x0800a090                        . = ALIGN (0x4)

.init_array     0x0800a090        0x4
                0x0800a090                        . = ALIGN (0x4)
                0x0800a090                        PROVIDE (__init_array_start = .)
 *(SORT_BY_NAME(.init_array.*))
 *(.init_array*)
 .init_array    0x0800a090        0x4 /Applications/STM32CubeIDE.app/Contents/Eclipse/plugins/com.st.stm32cube.ide.mcu.externaltools.gnu-tools-for-stm32.13.3.rel1.macos64_1.0.0.202411102158/tools/bin/../lib/gcc/arm-none-eabi/13.3.1/thumb/v6-m/nofp/crtbegin.o
                0x0800a094                        PROVIDE (__init_array_end = .)
                0x0800a094                        . = ALIGN (0x4)

.fini_array     0x0800a094        0x4
                0x0800a094                        . = ALIGN (0x4)
                [!provide]                        PROVIDE (__fini_array_start = .)
 *(SORT_BY_NAME(.fini_array.*))
 *(.fini_array*)
 .fini_array    0x0800a094        0x4 /Applications/STM32CubeIDE.app/Contents/Eclipse/plugins/com.st.stm32cube.ide.mcu.externaltools.gnu-tools-for-stm32.13.3.rel1.macos64_1.0.0.202411102158/tools/bin/../lib/gcc/arm-none-eabi/13.3.1/thumb/v6-m/nofp/crtbegin.o
                [!provide]                        PROVIDE (__fini_array_end = .)
                0x0800a098                        . = ALIGN (0x4)
                0x0800a098                        _sidata = LOADADDR (.data)

.rel.dyn        0x0800a098        0x0
 .rel.iplt      0x0800a098        0x0 /Applications/STM32CubeIDE.app/Contents/Eclipse/plugins/com.st.stm32cube.ide.mcu.externaltools.gnu-tools-for-stm32.13.3.rel1.macos64_1.0.0.202411102158/tools/bin/../lib/gcc/arm-none-eabi/13.3.1/thumb/v6-m/nofp/crtbegin.o

.data           0x20000000      0x494 load address 0x0800a098
                0x20000000                        . = ALIGN (0x4)
                0x20000000                        _sdata = .
 *(.data)
 *(.data*)
 .data.user_preset_3
                0x20000000        0x5 ./Core/Src/CC_and_PC.o
                0x20000000                user_preset_3
 *fill*         0x20000005        0x3 
 .data.user_preset_2
                0x20000008        0x5 ./Core/Src/CC_and_PC.o
                0x20000008                user_preset_2
 *fill*         0x2000000d        0x3 
 .data.user_preset_1
                0x20000010        0x5 ./Core/Src/CC_and_PC.o
                0x20000010                user_preset_1
 *fill*         0x20000015        0x3 
 .data.user_preset_0
                0x20000018        0x5 ./Core/Src/CC_and_PC.o
                0x20000018                user_preset_0
 *fill*         0x2000001d        0x3 
 .data.led_blink_period
                0x20000020        0x4 ./Core/Src/LED.o
                0x20000020                led_blink_period
 .data.tap_tempo_switch_state_counter.1
                0x20000024        0x1 ./Core/Src/checking_functions.o
 .data.preset.4
                0x20000025        0x1 ./Core/Src/custom_callbacks.o
 *fill*         0x20000026        0x2 
 .data.delay_line
                0x20000028      0x406 ./Core/Src/oscillator.o
                0x20000028                delay_line
 *fill*         0x2000042e        0x2 
 .data.LED_fsm  0x20000430        0x2 ./Core/Src/state_machine.o
                0x20000430                LED_fsm
 *fill*         0x20000432        0x2 
 .data.IP_CAP_fsm
                0x20000434        0x2 ./Core/Src/state_machine.o
                0x20000434                IP_CAP_fsm
 *fill*         0x20000436        0x2 
 .data.phase_fsm
                0x20000438        0x2 ./Core/Src/state_machine.o
                0x20000438                phase_fsm
 *fill*         0x2000043a        0x2 
 .data.symmetry_fsm
                0x2000043c        0x2 ./Core/Src/state_machine.o
                0x2000043c                symmetry_fsm
 *fill*         0x2000043e        0x2 
 .data.waveshape_fsm
                0x20000440        0x2 ./Core/Src/state_machine.o
                0x20000440                waveshape_fsm
 *fill*         0x20000442        0x2 
 .data.depth_fsm
                0x20000444        0x2 ./Core/Src/state_machine.o
                0x20000444                depth_fsm
 *fill*         0x20000446        0x2 
 .data.speed_fsm
                0x20000448        0x2 ./Core/Src/state_machine.o
                0x20000448                speed_fsm
 *fill*         0x2000044a        0x2 
 .data.SystemCoreClock
                0x2000044c        0x4 ./Core/Src/system_stm32g0xx.o
                0x2000044c                SystemCoreClock
 .data.uwTickFreq
                0x20000450        0x1 ./Drivers/STM32G0xx_HAL_Driver/Src/stm32g0xx_hal.o
                0x20000450                uwTickFreq
 *fill*         0x20000451        0x3 
 .data.uwTickPrio
                0x20000454        0x4 ./Drivers/STM32G0xx_HAL_Driver/Src/stm32g0xx_hal.o
                0x20000454                uwTickPrio
 *(.RamFunc)
 .RamFunc       0x20000458       0x3c ./Drivers/STM32G0xx_HAL_Driver/Src/stm32g0xx_hal_flash.o
 *(.RamFunc*)
                0x20000494                        . = ALIGN (0x4)
                0x20000494                        _edata = .

.igot.plt       0x20000494        0x0 load address 0x0800a52c
 .igot.plt      0x20000494        0x0 /Applications/STM32CubeIDE.app/Contents/Eclipse/plugins/com.st.stm32cube.ide.mcu.externaltools.gnu-tools-for-stm32.13.3.rel1.macos64_1.0.0.202411102158/tools/bin/../lib/gcc/arm-none-eabi/13.3.1/thumb/v6-m/nofp/crtbegin.o
                0x20000494                        . = ALIGN (0x4)

.bss            0x20000498      0x8e4 load address 0x0800a52c
                0x20000498                        _sbss = .
                0x20000498                        __bss_start__ = _sbss
 *(.bss)
 .bss           0x20000498       0x1c /Applications/STM32CubeIDE.app/Contents/Eclipse/plugins/com.st.stm32cube.ide.mcu.externaltools.gnu-tools-for-stm32.13.3.rel1.macos64_1.0.0.202411102158/tools/bin/../lib/gcc/arm-none-eabi/13.3.1/thumb/v6-m/nofp/crtbegin.o
 *(.bss*)
 .bss.CC_array  0x200004b4        0x5 ./Core/Src/CC_and_PC.o
                0x200004b4                CC_array
 *fill*         0x200004b9        0x3 
 .bss.user_presets_used_array
                0x200004bc        0x4 ./Core/Src/CC_and_PC.o
                0x200004bc                user_presets_used_array
 .bss.storage_user_preset_3
                0x200004c0        0x5 ./Core/Src/CC_and_PC.o
                0x200004c0                storage_user_preset_3
 *fill*         0x200004c5        0x3 
 .bss.storage_user_preset_2
                0x200004c8        0x5 ./Core/Src/CC_and_PC.o
                0x200004c8                storage_user_preset_2
 *fill*         0x200004cd        0x3 
 .bss.storage_user_preset_1
                0x200004d0        0x5 ./Core/Src/CC_and_PC.o
                0x200004d0                storage_user_preset_1
 *fill*         0x200004d5        0x3 
 .bss.storage_user_preset_0
                0x200004d8        0x5 ./Core/Src/CC_and_PC.o
                0x200004d8                storage_user_preset_0
 .bss.preset_selected
                0x200004dd        0x1 ./Core/Src/CC_and_PC.o
                0x200004dd                preset_selected
 *fill*         0x200004de        0x2 
 .bss.storage_user_presets_array
                0x200004e0       0x10 ./Core/Src/CC_and_PC.o
                0x200004e0                storage_user_presets_array
 .bss.presets_converted_array
                0x200004f0       0x28 ./Core/Src/CC_and_PC.o
                0x200004f0                presets_converted_array
 .bss.user_presets_array
                0x20000518       0x10 ./Core/Src/CC_and_PC.o
                0x20000518                user_presets_array
 .bss.factory_presets_array
                0x20000528       0x10 ./Core/Src/CC_and_PC.o
                0x20000528                factory_presets_array
 .bss.LED_counter
                0x20000538        0x1 ./Core/Src/LED.o
                0x20000538                LED_counter
 *fill*         0x20000539        0x3 
 .bss.MIDI_data
                0x2000053c        0xa ./Core/Src/MIDI.o
                0x2000053c                MIDI_data
 .bss.running_status_byte
                0x20000546        0x1 ./Core/Src/MIDI.o
                0x20000546                running_status_byte
 .bss.active_status_byte
                0x20000547        0x1 ./Core/Src/MIDI.o
                0x20000547                active_status_byte
 .bss.MIDI_basic_channel
                0x20000548        0x1 ./Core/Src/MIDI.o
                0x20000548                MIDI_basic_channel
 *fill*         0x20000549        0x3 
 .bss.rx_buffer
                0x2000054c        0x1 ./Core/Src/UART.o
                0x2000054c                rx_buffer
 .bss.extend_rising_edge.0
                0x2000054d        0x1 ./Core/Src/checking_functions.o
 .bss.second_phase_measurement.2
                0x2000054e        0x2 ./Core/Src/checking_functions.o
 .bss.first_phase_measurement.3
                0x20000550        0x2 ./Core/Src/checking_functions.o
 .bss.second_symmetry_measurement.4
                0x20000552        0x2 ./Core/Src/checking_functions.o
 .bss.first_symmetry_measurement.5
                0x20000554        0x2 ./Core/Src/checking_functions.o
 .bss.second_depth_measurement.6
                0x20000556        0x2 ./Core/Src/checking_functions.o
 .bss.first_depth_measurement.7
                0x20000558        0x2 ./Core/Src/checking_functions.o
 .bss.second_speed_measurement.8
                0x2000055a        0x2 ./Core/Src/checking_functions.o
 .bss.first_speed_measurement.9
                0x2000055c        0x2 ./Core/Src/checking_functions.o
 .bss.second_waveshape_measurement.10
                0x2000055e        0x2 ./Core/Src/checking_functions.o
 .bss.first_waveshape_measurement.11
                0x20000560        0x2 ./Core/Src/checking_functions.o
 .bss.pots_counter
                0x20000562        0x1 ./Core/Src/checking_functions.o
                0x20000562                pots_counter
 .bss.phase_pot_adc_measurement_num
                0x20000563        0x1 ./Core/Src/checking_functions.o
                0x20000563                phase_pot_adc_measurement_num
 .bss.symmetry_pot_adc_measurement_num
                0x20000564        0x1 ./Core/Src/checking_functions.o
                0x20000564                symmetry_pot_adc_measurement_num
 .bss.depth_pot_adc_measurement_num
                0x20000565        0x1 ./Core/Src/checking_functions.o
                0x20000565                depth_pot_adc_measurement_num
 .bss.speed_pot_adc_measurement_num
                0x20000566        0x1 ./Core/Src/checking_functions.o
                0x20000566                speed_pot_adc_measurement_num
 .bss.waveshape_pot_adc_measurement_num
                0x20000567        0x1 ./Core/Src/checking_functions.o
                0x20000567                waveshape_pot_adc_measurement_num
 .bss.hlptim1   0x20000568       0x5c ./Core/Src/config.o
                0x20000568                hlptim1
 .bss.hdma_usart2_tx
                0x200005c4       0x5c ./Core/Src/config.o
                0x200005c4                hdma_usart2_tx
 .bss.hdma_usart2_rx
                0x20000620       0x5c ./Core/Src/config.o
                0x20000620                hdma_usart2_rx
 .bss.huart2    0x2000067c       0xcc ./Core/Src/config.o
                0x2000067c                huart2
 .bss.htim1     0x20000748       0xbc ./Core/Src/config.o
                0x20000748                htim1
 .bss.htim3     0x20000804       0xbc ./Core/Src/config.o
                0x20000804                htim3
 .bss.htim2     0x200008c0       0xbc ./Core/Src/config.o
                0x200008c0                htim2
 .bss.htim16    0x2000097c       0xbc ./Core/Src/config.o
                0x2000097c                htim16
 .bss.htim17    0x20000a38       0xbc ./Core/Src/config.o
                0x20000a38                htim17
 .bss.htim14    0x20000af4       0xbc ./Core/Src/config.o
                0x20000af4                htim14
 .bss.hdma_adc1
                0x20000bb0       0x5c ./Core/Src/config.o
                0x20000bb0                hdma_adc1
 .bss.hadc1     0x20000c0c       0x88 ./Core/Src/config.o
                0x20000c0c                hadc1
 .bss.save_or_preset_mode_engaged.6
                0x20000c94        0x1 ./Core/Src/custom_callbacks.o
 *fill*         0x20000c95        0x3 
 .bss.tap_tempo_switch_states.5
                0x20000c98        0x2 ./Core/Src/custom_callbacks.o
 .bss.preset_save_mode_is_active.3
                0x20000c9a        0x1 ./Core/Src/custom_callbacks.o
 .bss.preset_select_mode_is_active.2
                0x20000c9b        0x1 ./Core/Src/custom_callbacks.o
 .bss.led_state_saved.1
                0x20000c9c        0x1 ./Core/Src/custom_callbacks.o
 *fill*         0x20000c9d        0x3 
 .bss.depressed_num.0
                0x20000ca0        0x8 ./Core/Src/custom_callbacks.o
 .bss.MIDI_CLK_tag
                0x20000ca8        0x1 ./Core/Src/input_capture.o
                0x20000ca8                MIDI_CLK_tag
 *fill*         0x20000ca9        0x1 
 .bss.interrupt_period
                0x20000caa        0x2 ./Core/Src/input_capture.o
                0x20000caa                interrupt_period
 .bss.TIM2_ch1_input_capture_value
                0x20000cac        0x4 ./Core/Src/input_capture.o
                0x20000cac                TIM2_ch1_input_capture_value
 .bss.preset_save_idle_counter
                0x20000cb0        0x4 ./Core/Src/main.o
                0x20000cb0                preset_save_idle_counter
 .bss.midi_counter
                0x20000cb4        0x4 ./Core/Src/main.o
                0x20000cb4                midi_counter
 .bss.idle_counter
                0x20000cb8        0x4 ./Core/Src/main.o
                0x20000cb8                idle_counter
 .bss.statuses  0x20000cbc        0x4 ./Core/Src/main.o
                0x20000cbc                statuses
 .bss.params_working
                0x20000cc0       0x24 ./Core/Src/oscillator.o
                0x20000cc0                params_working
 .bss.params_to_be_loaded
                0x20000ce4       0x24 ./Core/Src/oscillator.o
                0x20000ce4                params_to_be_loaded
 .bss.params_manual
                0x20000d08       0x24 ./Core/Src/oscillator.o
                0x20000d08                params_manual
 .bss.params    0x20000d2c       0x24 ./Core/Src/oscillator.o
                0x20000d2c                params
 .bss.ADCResultsDMA
                0x20000d50        0xa ./Core/Src/oscillator.o
                0x20000d50                ADCResultsDMA
 .bss.MIDI_CLK_fsm
                0x20000d5a        0x1 ./Core/Src/state_machine.o
                0x20000d5a                MIDI_CLK_fsm
 *fill*         0x20000d5b        0x1 
 .bss.uwTick    0x20000d5c        0x4 ./Drivers/STM32G0xx_HAL_Driver/Src/stm32g0xx_hal.o
                0x20000d5c                uwTick
 .bss.pFlash    0x20000d60       0x1c ./Drivers/STM32G0xx_HAL_Driver/Src/stm32g0xx_hal_flash.o
                0x20000d60                pFlash
 *(COMMON)
                0x20000d7c                        . = ALIGN (0x4)
                0x20000d7c                        _ebss = .
                0x20000d7c                        __bss_end__ = _ebss

._user_heap_stack
                0x20000d7c      0x604 load address 0x0800a52c
                0x20000d80                        . = ALIGN (0x8)
 *fill*         0x20000d7c        0x4 
                [!provide]                        PROVIDE (end = .)
                0x20000d80                        PROVIDE (_end = .)
                0x20000f80                        . = (. + _Min_Heap_Size)
 *fill*         0x20000d80      0x200 
                0x20001380                        . = (. + _Min_Stack_Size)
 *fill*         0x20000f80      0x400 
                0x20001380                        . = ALIGN (0x8)

/DISCARD/
 libc.a(*)
 libm.a(*)
 libgcc.a(*)

.ARM.attributes
                0x00000000       0x28
 *(.ARM.attributes)
 .ARM.attributes
                0x00000000       0x1e /Applications/STM32CubeIDE.app/Contents/Eclipse/plugins/com.st.stm32cube.ide.mcu.externaltools.gnu-tools-for-stm32.13.3.rel1.macos64_1.0.0.202411102158/tools/bin/../lib/gcc/arm-none-eabi/13.3.1/thumb/v6-m/nofp/crti.o
 .ARM.attributes
                0x0000001e       0x2c /Applications/STM32CubeIDE.app/Contents/Eclipse/plugins/com.st.stm32cube.ide.mcu.externaltools.gnu-tools-for-stm32.13.3.rel1.macos64_1.0.0.202411102158/tools/bin/../lib/gcc/arm-none-eabi/13.3.1/thumb/v6-m/nofp/crtbegin.o
 .ARM.attributes
                0x0000004a       0x2c ./Core/Src/CC_and_PC.o
 .ARM.attributes
                0x00000076       0x2c ./Core/Src/LED.o
 .ARM.attributes
                0x000000a2       0x2c ./Core/Src/MIDI.o
 .ARM.attributes
                0x000000ce       0x2c ./Core/Src/UART.o
 .ARM.attributes
                0x000000fa       0x2c ./Core/Src/checking_functions.o
 .ARM.attributes
                0x00000126       0x2c ./Core/Src/config.o
 .ARM.attributes
                0x00000152       0x2c ./Core/Src/custom_callbacks.o
 .ARM.attributes
                0x0000017e       0x2c ./Core/Src/input_capture.o
 .ARM.attributes
                0x000001aa       0x2c ./Core/Src/main.o
 .ARM.attributes
                0x000001d6       0x2c ./Core/Src/oscillator.o
 .ARM.attributes
                0x00000202       0x2c ./Core/Src/startup.o
 .ARM.attributes
                0x0000022e       0x2c ./Core/Src/state_machine.o
 .ARM.attributes
                0x0000025a       0x2c ./Core/Src/stm32g0xx_hal_msp.o
 .ARM.attributes
                0x00000286       0x2c ./Core/Src/stm32g0xx_it.o
 .ARM.attributes
                0x000002b2       0x2c ./Core/Src/symmetry_adjustment.o
 .ARM.attributes
                0x000002de       0x2c ./Core/Src/system_stm32g0xx.o
 .ARM.attributes
                0x0000030a       0x2c ./Core/Src/timers.o
 .ARM.attributes
                0x00000336       0x2c ./Core/Src/utility.o
 .ARM.attributes
                0x00000362       0x22 ./Core/Startup/startup_stm32g031k8tx.o
 .ARM.attributes
                0x00000384       0x2c ./Drivers/STM32G0xx_HAL_Driver/Src/stm32g0xx_hal.o
 .ARM.attributes
                0x000003b0       0x2c ./Drivers/STM32G0xx_HAL_Driver/Src/stm32g0xx_hal_adc.o
 .ARM.attributes
                0x000003dc       0x2c ./Drivers/STM32G0xx_HAL_Driver/Src/stm32g0xx_hal_adc_ex.o
 .ARM.attributes
                0x00000408       0x2c ./Drivers/STM32G0xx_HAL_Driver/Src/stm32g0xx_hal_cortex.o
 .ARM.attributes
                0x00000434       0x2c ./Drivers/STM32G0xx_HAL_Driver/Src/stm32g0xx_hal_dma.o
 .ARM.attributes
                0x00000460       0x2c ./Drivers/STM32G0xx_HAL_Driver/Src/stm32g0xx_hal_flash.o
 .ARM.attributes
                0x0000048c       0x2c ./Drivers/STM32G0xx_HAL_Driver/Src/stm32g0xx_hal_flash_ex.o
 .ARM.attributes
                0x000004b8       0x2c ./Drivers/STM32G0xx_HAL_Driver/Src/stm32g0xx_hal_gpio.o
 .ARM.attributes
                0x000004e4       0x2c ./Drivers/STM32G0xx_HAL_Driver/Src/stm32g0xx_hal_lptim.o
 .ARM.attributes
                0x00000510       0x2c ./Drivers/STM32G0xx_HAL_Driver/Src/stm32g0xx_hal_pwr_ex.o
 .ARM.attributes
                0x0000053c       0x2c ./Drivers/STM32G0xx_HAL_Driver/Src/stm32g0xx_hal_rcc.o
 .ARM.attributes
                0x00000568       0x2c ./Drivers/STM32G0xx_HAL_Driver/Src/stm32g0xx_hal_rcc_ex.o
 .ARM.attributes
                0x00000594       0x2c ./Drivers/STM32G0xx_HAL_Driver/Src/stm32g0xx_hal_tim.o
 .ARM.attributes
                0x000005c0       0x2c ./Drivers/STM32G0xx_HAL_Driver/Src/stm32g0xx_hal_tim_ex.o
 .ARM.attributes
                0x000005ec       0x2c ./Drivers/STM32G0xx_HAL_Driver/Src/stm32g0xx_hal_uart.o
 .ARM.attributes
                0x00000618       0x2c ./Drivers/STM32G0xx_HAL_Driver/Src/stm32g0xx_hal_uart_ex.o
 .ARM.attributes
                0x00000644       0x2c /Applications/STM32CubeIDE.app/Contents/Eclipse/plugins/com.st.stm32cube.ide.mcu.externaltools.gnu-tools-for-stm32.13.3.rel1.macos64_1.0.0.202411102158/tools/bin/../lib/gcc/arm-none-eabi/13.3.1/../../../../arm-none-eabi/lib/thumb/v6-m/nofp/libc_nano.a(libc_a-memset.o)
 .ARM.attributes
                0x00000670       0x2c /Applications/STM32CubeIDE.app/Contents/Eclipse/plugins/com.st.stm32cube.ide.mcu.externaltools.gnu-tools-for-stm32.13.3.rel1.macos64_1.0.0.202411102158/tools/bin/../lib/gcc/arm-none-eabi/13.3.1/../../../../arm-none-eabi/lib/thumb/v6-m/nofp/libc_nano.a(libc_a-init.o)
 .ARM.attributes
                0x0000069c       0x2c /Applications/STM32CubeIDE.app/Contents/Eclipse/plugins/com.st.stm32cube.ide.mcu.externaltools.gnu-tools-for-stm32.13.3.rel1.macos64_1.0.0.202411102158/tools/bin/../lib/gcc/arm-none-eabi/13.3.1/../../../../arm-none-eabi/lib/thumb/v6-m/nofp/libc_nano.a(libc_a-memcpy-stub.o)
 .ARM.attributes
                0x000006c8       0x1e /Applications/STM32CubeIDE.app/Contents/Eclipse/plugins/com.st.stm32cube.ide.mcu.externaltools.gnu-tools-for-stm32.13.3.rel1.macos64_1.0.0.202411102158/tools/bin/../lib/gcc/arm-none-eabi/13.3.1/thumb/v6-m/nofp/libgcc.a(_udivsi3.o)
 .ARM.attributes
                0x000006e6       0x1e /Applications/STM32CubeIDE.app/Contents/Eclipse/plugins/com.st.stm32cube.ide.mcu.externaltools.gnu-tools-for-stm32.13.3.rel1.macos64_1.0.0.202411102158/tools/bin/../lib/gcc/arm-none-eabi/13.3.1/thumb/v6-m/nofp/libgcc.a(_dvmd_tls.o)
 .ARM.attributes
                0x00000704       0x1e /Applications/STM32CubeIDE.app/Contents/Eclipse/plugins/com.st.stm32cube.ide.mcu.externaltools.gnu-tools-for-stm32.13.3.rel1.macos64_1.0.0.202411102158/tools/bin/../lib/gcc/arm-none-eabi/13.3.1/thumb/v6-m/nofp/libgcc.a(_aeabi_uldivmod.o)
 .ARM.attributes
                0x00000722       0x2c /Applications/STM32CubeIDE.app/Contents/Eclipse/plugins/com.st.stm32cube.ide.mcu.externaltools.gnu-tools-for-stm32.13.3.rel1.macos64_1.0.0.202411102158/tools/bin/../lib/gcc/arm-none-eabi/13.3.1/thumb/v6-m/nofp/libgcc.a(_udivmoddi4.o)
 .ARM.attributes
                0x0000074e       0x1e /Applications/STM32CubeIDE.app/Contents/Eclipse/plugins/com.st.stm32cube.ide.mcu.externaltools.gnu-tools-for-stm32.13.3.rel1.macos64_1.0.0.202411102158/tools/bin/../lib/gcc/arm-none-eabi/13.3.1/thumb/v6-m/nofp/libgcc.a(_clzdi2.o)
 .ARM.attributes
                0x0000076c       0x1e /Applications/STM32CubeIDE.app/Contents/Eclipse/plugins/com.st.stm32cube.ide.mcu.externaltools.gnu-tools-for-stm32.13.3.rel1.macos64_1.0.0.202411102158/tools/bin/../lib/gcc/arm-none-eabi/13.3.1/thumb/v6-m/nofp/libgcc.a(_clzsi2.o)
 .ARM.attributes
                0x0000078a       0x1e /Applications/STM32CubeIDE.app/Contents/Eclipse/plugins/com.st.stm32cube.ide.mcu.externaltools.gnu-tools-for-stm32.13.3.rel1.macos64_1.0.0.202411102158/tools/bin/../lib/gcc/arm-none-eabi/13.3.1/thumb/v6-m/nofp/crtn.o
OUTPUT(g031k8.elf elf32-littlearm)
LOAD linker stubs
LOAD /Applications/STM32CubeIDE.app/Contents/Eclipse/plugins/com.st.stm32cube.ide.mcu.externaltools.gnu-tools-for-stm32.13.3.rel1.macos64_1.0.0.202411102158/tools/bin/../lib/gcc/arm-none-eabi/13.3.1/../../../../arm-none-eabi/lib/thumb/v6-m/nofp/libc.a
LOAD /Applications/STM32CubeIDE.app/Contents/Eclipse/plugins/com.st.stm32cube.ide.mcu.externaltools.gnu-tools-for-stm32.13.3.rel1.macos64_1.0.0.202411102158/tools/bin/../lib/gcc/arm-none-eabi/13.3.1/../../../../arm-none-eabi/lib/thumb/v6-m/nofp/libm.a
LOAD /Applications/STM32CubeIDE.app/Contents/Eclipse/plugins/com.st.stm32cube.ide.mcu.externaltools.gnu-tools-for-stm32.13.3.rel1.macos64_1.0.0.202411102158/tools/bin/../lib/gcc/arm-none-eabi/13.3.1/thumb/v6-m/nofp/libgcc.a

.debug_info     0x00000000    0x2abe5
 .debug_info    0x00000000     0x1c17 ./Core/Src/CC_and_PC.o
 .debug_info    0x00001c17      0x9ea ./Core/Src/LED.o
 .debug_info    0x00002601      0xc36 ./Core/Src/MIDI.o
 .debug_info    0x00003237      0x921 ./Core/Src/UART.o
 .debug_info    0x00003b58      0x725 ./Core/Src/checking_functions.o
 .debug_info    0x0000427d     0x3725 ./Core/Src/config.o
 .debug_info    0x000079a2     0x2a95 ./Core/Src/custom_callbacks.o
 .debug_info    0x0000a437      0xed8 ./Core/Src/input_capture.o
 .debug_info    0x0000b30f      0x476 ./Core/Src/main.o
 .debug_info    0x0000b785      0xf32 ./Core/Src/oscillator.o
 .debug_info    0x0000c6b7     0x1876 ./Core/Src/startup.o
 .debug_info    0x0000df2d      0x350 ./Core/Src/state_machine.o
 .debug_info    0x0000e27d     0x2132 ./Core/Src/stm32g0xx_hal_msp.o
 .debug_info    0x000103af     0x12c6 ./Core/Src/stm32g0xx_it.o
 .debug_info    0x00011675      0x512 ./Core/Src/symmetry_adjustment.o
 .debug_info    0x00011b87      0x34a ./Core/Src/system_stm32g0xx.o
 .debug_info    0x00011ed1      0xa5c ./Core/Src/timers.o
 .debug_info    0x0001292d      0x2ff ./Core/Src/utility.o
 .debug_info    0x00012c2c       0x30 ./Core/Startup/startup_stm32g031k8tx.o
 .debug_info    0x00012c5c      0xaf2 ./Drivers/STM32G0xx_HAL_Driver/Src/stm32g0xx_hal.o
 .debug_info    0x0001374e     0x2405 ./Drivers/STM32G0xx_HAL_Driver/Src/stm32g0xx_hal_adc.o
 .debug_info    0x00015b53      0xda4 ./Drivers/STM32G0xx_HAL_Driver/Src/stm32g0xx_hal_adc_ex.o
 .debug_info    0x000168f7      0x9dc ./Drivers/STM32G0xx_HAL_Driver/Src/stm32g0xx_hal_cortex.o
 .debug_info    0x000172d3      0xa3c ./Drivers/STM32G0xx_HAL_Driver/Src/stm32g0xx_hal_dma.o
 .debug_info    0x00017d0f      0x81b ./Drivers/STM32G0xx_HAL_Driver/Src/stm32g0xx_hal_flash.o
 .debug_info    0x0001852a      0xd19 ./Drivers/STM32G0xx_HAL_Driver/Src/stm32g0xx_hal_flash_ex.o
 .debug_info    0x00019243      0x5e0 ./Drivers/STM32G0xx_HAL_Driver/Src/stm32g0xx_hal_gpio.o
 .debug_info    0x00019823     0x1911 ./Drivers/STM32G0xx_HAL_Driver/Src/stm32g0xx_hal_lptim.o
 .debug_info    0x0001b134      0x7f5 ./Drivers/STM32G0xx_HAL_Driver/Src/stm32g0xx_hal_pwr_ex.o
 .debug_info    0x0001b929      0xd73 ./Drivers/STM32G0xx_HAL_Driver/Src/stm32g0xx_hal_rcc.o
 .debug_info    0x0001c69c      0x8a0 ./Drivers/STM32G0xx_HAL_Driver/Src/stm32g0xx_hal_rcc_ex.o
 .debug_info    0x0001cf3c     0x458e ./Drivers/STM32G0xx_HAL_Driver/Src/stm32g0xx_hal_tim.o
 .debug_info    0x000214ca     0x2059 ./Drivers/STM32G0xx_HAL_Driver/Src/stm32g0xx_hal_tim_ex.o
 .debug_info    0x00023523     0x63a8 ./Drivers/STM32G0xx_HAL_Driver/Src/stm32g0xx_hal_uart.o
 .debug_info    0x000298cb     0x131a ./Drivers/STM32G0xx_HAL_Driver/Src/stm32g0xx_hal_uart_ex.o

.debug_abbrev   0x00000000     0x5798
 .debug_abbrev  0x00000000      0x3c5 ./Core/Src/CC_and_PC.o
 .debug_abbrev  0x000003c5      0x1d3 ./Core/Src/LED.o
 .debug_abbrev  0x00000598      0x2d2 ./Core/Src/MIDI.o
 .debug_abbrev  0x0000086a      0x1b7 ./Core/Src/UART.o
 .debug_abbrev  0x00000a21      0x216 ./Core/Src/checking_functions.o
 .debug_abbrev  0x00000c37      0x314 ./Core/Src/config.o
 .debug_abbrev  0x00000f4b      0x3c2 ./Core/Src/custom_callbacks.o
 .debug_abbrev  0x0000130d      0x2de ./Core/Src/input_capture.o
 .debug_abbrev  0x000015eb      0x164 ./Core/Src/main.o
 .debug_abbrev  0x0000174f      0x2c8 ./Core/Src/oscillator.o
 .debug_abbrev  0x00001a17      0x272 ./Core/Src/startup.o
 .debug_abbrev  0x00001c89       0xfc ./Core/Src/state_machine.o
 .debug_abbrev  0x00001d85      0x2a5 ./Core/Src/stm32g0xx_hal_msp.o
 .debug_abbrev  0x0000202a      0x208 ./Core/Src/stm32g0xx_it.o
 .debug_abbrev  0x00002232      0x15e ./Core/Src/symmetry_adjustment.o
 .debug_abbrev  0x00002390      0x146 ./Core/Src/system_stm32g0xx.o
 .debug_abbrev  0x000024d6      0x21a ./Core/Src/timers.o
 .debug_abbrev  0x000026f0      0x18c ./Core/Src/utility.o
 .debug_abbrev  0x0000287c       0x24 ./Core/Startup/startup_stm32g031k8tx.o
 .debug_abbrev  0x000028a0      0x2c6 ./Drivers/STM32G0xx_HAL_Driver/Src/stm32g0xx_hal.o
 .debug_abbrev  0x00002b66      0x322 ./Drivers/STM32G0xx_HAL_Driver/Src/stm32g0xx_hal_adc.o
 .debug_abbrev  0x00002e88      0x2fd ./Drivers/STM32G0xx_HAL_Driver/Src/stm32g0xx_hal_adc_ex.o
 .debug_abbrev  0x00003185      0x2c6 ./Drivers/STM32G0xx_HAL_Driver/Src/stm32g0xx_hal_cortex.o
 .debug_abbrev  0x0000344b      0x277 ./Drivers/STM32G0xx_HAL_Driver/Src/stm32g0xx_hal_dma.o
 .debug_abbrev  0x000036c2      0x345 ./Drivers/STM32G0xx_HAL_Driver/Src/stm32g0xx_hal_flash.o
 .debug_abbrev  0x00003a07      0x320 ./Drivers/STM32G0xx_HAL_Driver/Src/stm32g0xx_hal_flash_ex.o
 .debug_abbrev  0x00003d27      0x204 ./Drivers/STM32G0xx_HAL_Driver/Src/stm32g0xx_hal_gpio.o
 .debug_abbrev  0x00003f2b      0x2f4 ./Drivers/STM32G0xx_HAL_Driver/Src/stm32g0xx_hal_lptim.o
 .debug_abbrev  0x0000421f      0x254 ./Drivers/STM32G0xx_HAL_Driver/Src/stm32g0xx_hal_pwr_ex.o
 .debug_abbrev  0x00004473      0x2f0 ./Drivers/STM32G0xx_HAL_Driver/Src/stm32g0xx_hal_rcc.o
 .debug_abbrev  0x00004763      0x28b ./Drivers/STM32G0xx_HAL_Driver/Src/stm32g0xx_hal_rcc_ex.o
 .debug_abbrev  0x000049ee      0x369 ./Drivers/STM32G0xx_HAL_Driver/Src/stm32g0xx_hal_tim.o
 .debug_abbrev  0x00004d57      0x2f1 ./Drivers/STM32G0xx_HAL_Driver/Src/stm32g0xx_hal_tim_ex.o
 .debug_abbrev  0x00005048      0x3e2 ./Drivers/STM32G0xx_HAL_Driver/Src/stm32g0xx_hal_uart.o
 .debug_abbrev  0x0000542a      0x36e ./Drivers/STM32G0xx_HAL_Driver/Src/stm32g0xx_hal_uart_ex.o

.debug_loclists
                0x00000000    0x1004e
 .debug_loclists
                0x00000000      0xab0 ./Core/Src/CC_and_PC.o
 .debug_loclists
                0x00000ab0       0x30 ./Core/Src/LED.o
 .debug_loclists
                0x00000ae0      0x611 ./Core/Src/MIDI.o
 .debug_loclists
                0x000010f1      0x37d ./Core/Src/checking_functions.o
 .debug_loclists
                0x0000146e      0x1ca ./Core/Src/custom_callbacks.o
 .debug_loclists
                0x00001638      0x17b ./Core/Src/input_capture.o
 .debug_loclists
                0x000017b3      0x277 ./Core/Src/oscillator.o
 .debug_loclists
                0x00001a2a       0x24 ./Core/Src/state_machine.o
 .debug_loclists
                0x00001a4e      0x226 ./Core/Src/stm32g0xx_hal_msp.o
 .debug_loclists
                0x00001c74      0x392 ./Core/Src/symmetry_adjustment.o
 .debug_loclists
                0x00002006       0xa7 ./Core/Src/system_stm32g0xx.o
 .debug_loclists
                0x000020ad       0xa8 ./Core/Src/timers.o
 .debug_loclists
                0x00002155       0xd7 ./Core/Src/utility.o
 .debug_loclists
                0x0000222c      0x122 ./Drivers/STM32G0xx_HAL_Driver/Src/stm32g0xx_hal.o
 .debug_loclists
                0x0000234e     0x139d ./Drivers/STM32G0xx_HAL_Driver/Src/stm32g0xx_hal_adc.o
 .debug_loclists
                0x000036eb      0x2ad ./Drivers/STM32G0xx_HAL_Driver/Src/stm32g0xx_hal_adc_ex.o
 .debug_loclists
                0x00003998      0x2ab ./Drivers/STM32G0xx_HAL_Driver/Src/stm32g0xx_hal_cortex.o
 .debug_loclists
                0x00003c43      0x6cb ./Drivers/STM32G0xx_HAL_Driver/Src/stm32g0xx_hal_dma.o
 .debug_loclists
                0x0000430e      0x2fb ./Drivers/STM32G0xx_HAL_Driver/Src/stm32g0xx_hal_flash.o
 .debug_loclists
                0x00004609      0x5b4 ./Drivers/STM32G0xx_HAL_Driver/Src/stm32g0xx_hal_flash_ex.o
 .debug_loclists
                0x00004bbd      0x326 ./Drivers/STM32G0xx_HAL_Driver/Src/stm32g0xx_hal_gpio.o
 .debug_loclists
                0x00004ee3      0xb52 ./Drivers/STM32G0xx_HAL_Driver/Src/stm32g0xx_hal_lptim.o
 .debug_loclists
                0x00005a35      0x1eb ./Drivers/STM32G0xx_HAL_Driver/Src/stm32g0xx_hal_pwr_ex.o
 .debug_loclists
                0x00005c20      0x5db ./Drivers/STM32G0xx_HAL_Driver/Src/stm32g0xx_hal_rcc.o
 .debug_loclists
                0x000061fb      0x56a ./Drivers/STM32G0xx_HAL_Driver/Src/stm32g0xx_hal_rcc_ex.o
 .debug_loclists
                0x00006765     0x423f ./Drivers/STM32G0xx_HAL_Driver/Src/stm32g0xx_hal_tim.o
 .debug_loclists
                0x0000a9a4     0x1ad8 ./Drivers/STM32G0xx_HAL_Driver/Src/stm32g0xx_hal_tim_ex.o
 .debug_loclists
                0x0000c47c     0x32a2 ./Drivers/STM32G0xx_HAL_Driver/Src/stm32g0xx_hal_uart.o
 .debug_loclists
                0x0000f71e      0x930 ./Drivers/STM32G0xx_HAL_Driver/Src/stm32g0xx_hal_uart_ex.o

.debug_aranges  0x00000000     0x16f0
 .debug_aranges
                0x00000000      0x130 ./Core/Src/CC_and_PC.o
 .debug_aranges
                0x00000130       0x20 ./Core/Src/LED.o
 .debug_aranges
                0x00000150       0xc8 ./Core/Src/MIDI.o
 .debug_aranges
                0x00000218       0x20 ./Core/Src/UART.o
 .debug_aranges
                0x00000238       0x28 ./Core/Src/checking_functions.o
 .debug_aranges
                0x00000260       0x90 ./Core/Src/config.o
 .debug_aranges
                0x000002f0       0x78 ./Core/Src/custom_callbacks.o
 .debug_aranges
                0x00000368       0x48 ./Core/Src/input_capture.o
 .debug_aranges