Archive member included to satisfy reference by file (symbol)

/Applications/STM32CubeIDE.app/Contents/Eclipse/plugins/com.st.stm32cube.ide.mcu.externaltools.gnu-tools-for-stm32.13.3.rel1.macos64_1.0.0.202411102158/tools/bin/../lib/gcc/arm-none-eabi/13.3.1/../../../../arm-none-eabi/lib/thumb/v6-m/nofp/libc_nano.a(libc_a-exit.o)
                              /Applications/STM32CubeIDE.app/Contents/Eclipse/plugins/com.st.stm32cube.ide.mcu.externaltools.gnu-tools-for-stm32.13.3.rel1.macos64_1.0.0.202411102158/tools/bin/../lib/gcc/arm-none-eabi/13.3.1/../../../../arm-none-eabi/lib/thumb/v6-m/nofp/crt0.o (exit)
/Applications/STM32CubeIDE.app/Contents/Eclipse/plugins/com.st.stm32cube.ide.mcu.externaltools.gnu-tools-for-stm32.13.3.rel1.macos64_1.0.0.202411102158/tools/bin/../lib/gcc/arm-none-eabi/13.3.1/../../../../arm-none-eabi/lib/thumb/v6-m/nofp/libc_nano.a(libc_a-findfp.o)
                              /Applications/STM32CubeIDE.app/Contents/Eclipse/plugins/com.st.stm32cube.ide.mcu.externaltools.gnu-tools-for-stm32.13.3.rel1.macos64_1.0.0.202411102158/tools/bin/../lib/gcc/arm-none-eabi/13.3.1/../../../../arm-none-eabi/lib/thumb/v6-m/nofp/libc_nano.a(libc_a-exit.o) (__stdio_exit_handler)
/Applications/STM32CubeIDE.app/Contents/Eclipse/plugins/com.st.stm32cube.ide.mcu.externaltools.gnu-tools-for-stm32.13.3.rel1.macos64_1.0.0.202411102158/tools/bin/../lib/gcc/arm-none-eabi/13.3.1/../../../../arm-none-eabi/lib/thumb/v6-m/nofp/libc_nano.a(libc_a-fwalk.o)
                              /Applications/STM32CubeIDE.app/Contents/Eclipse/plugins/com.st.stm32cube.ide.mcu.externaltools.gnu-tools-for-stm32.13.3.rel1.macos64_1.0.0.202411102158/tools/bin/../lib/gcc/arm-none-eabi/13.3.1/../../../../arm-none-eabi/lib/thumb/v6-m/nofp/libc_nano.a(libc_a-findfp.o) (_fwalk_sglue)
/Applications/STM32CubeIDE.app/Contents/Eclipse/plugins/com.st.stm32cube.ide.mcu.externaltools.gnu-tools-for-stm32.13.3.rel1.macos64_1.0.0.202411102158/tools/bin/../lib/gcc/arm-none-eabi/13.3.1/../../../../arm-none-eabi/lib/thumb/v6-m/nofp/libc_nano.a(libc_a-memset.o)
                              /Applications/STM32CubeIDE.app/Contents/Eclipse/plugins/com.st.stm32cube.ide.mcu.externaltools.gnu-tools-for-stm32.13.3.rel1.macos64_1.0.0.202411102158/tools/bin/../lib/gcc/arm-none-eabi/13.3.1/../../../../arm-none-eabi/lib/thumb/v6-m/nofp/crt0.o (memset)
/Applications/STM32CubeIDE.app/Contents/Eclipse/plugins/com.st.stm32cube.ide.mcu.externaltools.gnu-tools-for-stm32.13.3.rel1.macos64_1.0.0.202411102158/tools/bin/../lib/gcc/arm-none-eabi/13.3.1/../../../../arm-none-eabi/lib/thumb/v6-m/nofp/libc_nano.a(libc_a-errno.o)
                              ./Core/Src/syscalls.o (__errno)
/Applications/STM32CubeIDE.app/Contents/Eclipse/plugins/com.st.stm32cube.ide.mcu.externaltools.gnu-tools-for-stm32.13.3.rel1.macos64_1.0.0.202411102158/tools/bin/../lib/gcc/arm-none-eabi/13.3.1/../../../../arm-none-eabi/lib/thumb/v6-m/nofp/libc_nano.a(libc_a-init.o)
                              /Applications/STM32CubeIDE.app/Contents/Eclipse/plugins/com.st.stm32cube.ide.mcu.externaltools.gnu-tools-for-stm32.13.3.rel1.macos64_1.0.0.202411102158/tools/bin/../lib/gcc/arm-none-eabi/13.3.1/../../../../arm-none-eabi/lib/thumb/v6-m/nofp/crt0.o (__libc_init_array)
/Applications/STM32CubeIDE.app/Contents/Eclipse/plugins/com.st.stm32cube.ide.mcu.externaltools.gnu-tools-for-stm32.13.3.rel1.macos64_1.0.0.202411102158/tools/bin/../lib/gcc/arm-none-eabi/13.3.1/../../../../arm-none-eabi/lib/thumb/v6-m/nofp/libc_nano.a(libc_a-lock.o)
                              /Applications/STM32CubeIDE.app/Contents/Eclipse/plugins/com.st.stm32cube.ide.mcu.externaltools.gnu-tools-for-stm32.13.3.rel1.macos64_1.0.0.202411102158/tools/bin/../lib/gcc/arm-none-eabi/13.3.1/../../../../arm-none-eabi/lib/thumb/v6-m/nofp/libc_nano.a(libc_a-findfp.o) (__retarget_lock_init_recursive)
/Applications/STM32CubeIDE.app/Contents/Eclipse/plugins/com.st.stm32cube.ide.mcu.externaltools.gnu-tools-for-stm32.13.3.rel1.macos64_1.0.0.202411102158/tools/bin/../lib/gcc/arm-none-eabi/13.3.1/../../../../arm-none-eabi/lib/thumb/v6-m/nofp/libc_nano.a(libc_a-impure.o)
                              /Applications/STM32CubeIDE.app/Contents/Eclipse/plugins/com.st.stm32cube.ide.mcu.externaltools.gnu-tools-for-stm32.13.3.rel1.macos64_1.0.0.202411102158/tools/bin/../lib/gcc/arm-none-eabi/13.3.1/../../../../arm-none-eabi/lib/thumb/v6-m/nofp/libc_nano.a(libc_a-errno.o) (_impure_ptr)
/Applications/STM32CubeIDE.app/Contents/Eclipse/plugins/com.st.stm32cube.ide.mcu.externaltools.gnu-tools-for-stm32.13.3.rel1.macos64_1.0.0.202411102158/tools/bin/../lib/gcc/arm-none-eabi/13.3.1/../../../../arm-none-eabi/lib/thumb/v6-m/nofp/libc_nano.a(libc_a-memcpy-stub.o)
                              ./Core/Src/input_capture.o (memcpy)
[...]
Memory Configuration

Name             Origin             Length             Attributes
RAM              0x20000000         0x00002000         xrw
FLASH            0x08000000         0x0000f800         xr
*default*        0x00000000         0xffffffff

Linker script and memory map

LOAD /Applications/STM32CubeIDE.app/Contents/Eclipse/plugins/com.st.stm32cube.ide.mcu.externaltools.gnu-tools-for-stm32.13.3.rel1.macos64_1.0.0.202411102158/tools/bin/../lib/gcc/arm-none-eabi/13.3.1/thumb/v6-m/nofp/crti.o
LOAD /Applications/STM32CubeIDE.app/Contents/Eclipse/plugins/com.st.stm32cube.ide.mcu.externaltools.gnu-tools-for-stm32.13.3.rel1.macos64_1.0.0.202411102158/tools/bin/../lib/gcc/arm-none-eabi/13.3.1/thumb/v6-m/nofp/crtbegin.o
LOAD /Applications/STM32CubeIDE.app/Contents/Eclipse/plugins/com.st.stm32cube.ide.mcu.externaltools.gnu-tools-for-stm32.13.3.rel1.macos64_1.0.0.202411102158/tools/bin/../lib/gcc/arm-none-eabi/13.3.1/../../../../arm-none-eabi/lib/thumb/v6-m/nofp/crt0.o
LOAD ./Core/Src/CC_and_PC.o
LOAD ./Core/Src/LED.o
LOAD ./Core/Src/MIDI.o
LOAD ./Core/Src/UART.o
LOAD ./Core/Src/checking_functions.o
LOAD ./Core/Src/config.o
LOAD ./Core/Src/custom_callbacks.o
LOAD ./Core/Src/debug.o
LOAD ./Core/Src/input_capture.o
LOAD ./Core/Src/main.o
LOAD ./Core/Src/oscillator.o
LOAD ./Core/Src/startup.o
LOAD ./Core/Src/state_machine.o
LOAD ./Core/Src/stm32g0xx_hal_msp.o
LOAD ./Core/Src/stm32g0xx_it.o
LOAD ./Core/Src/symmetry_adjustment.o
LOAD ./Core/Src/syscalls.o
LOAD ./Core/Src/sysmem.o
LOAD ./Core/Src/system_stm32g0xx.o
LOAD ./Core/Src/timers.o
LOAD ./Core/Src/utility.o
LOAD ./Core/Startup/startup_stm32g031k8tx.o
LOAD ./Drivers/STM32G0xx_HAL_Driver/Src/stm32g0xx_hal.o
LOAD ./Drivers/STM32G0xx_HAL_Driver/Src/stm32g0xx_hal_adc.o
LOAD ./Drivers/STM32G0xx_HAL_Driver/Src/stm32g0xx_hal_adc_ex.o
LOAD ./Drivers/STM32G0xx_HAL_Driver/Src/stm32g0xx_hal_cortex.o
LOAD ./Drivers/STM32G0xx_HAL_Driver/Src/stm32g0xx_hal_dma.o
LOAD ./Drivers/STM32G0xx_HAL_Driver/Src/stm32g0xx_hal_dma_ex.o
LOAD ./Drivers/STM32G0xx_HAL_Driver/Src/stm32g0xx_hal_exti.o
LOAD ./Drivers/STM32G0xx_HAL_Driver/Src/stm32g0xx_hal_flash.o
LOAD ./Drivers/STM32G0xx_HAL_Driver/Src/stm32g0xx_hal_flash_ex.o
LOAD ./Drivers/STM32G0xx_HAL_Driver/Src/stm32g0xx_hal_gpio.o
LOAD ./Drivers/STM32G0xx_HAL_Driver/Src/stm32g0xx_hal_iwdg.o
LOAD ./Drivers/STM32G0xx_HAL_Driver/Src/stm32g0xx_hal_lptim.o
LOAD ./Drivers/STM32G0xx_HAL_Driver/Src/stm32g0xx_hal_pwr.o
LOAD ./Drivers/STM32G0xx_HAL_Driver/Src/stm32g0xx_hal_pwr_ex.o
LOAD ./Drivers/STM32G0xx_HAL_Driver/Src/stm32g0xx_hal_rcc.o
LOAD ./Drivers/STM32G0xx_HAL_Driver/Src/stm32g0xx_hal_rcc_ex.o
LOAD ./Drivers/STM32G0xx_HAL_Driver/Src/stm32g0xx_hal_tim.o
LOAD ./Drivers/STM32G0xx_HAL_Driver/Src/stm32g0xx_hal_tim_ex.o
LOAD ./Drivers/STM32G0xx_HAL_Driver/Src/stm32g0xx_hal_uart.o
LOAD ./Drivers/STM32G0xx_HAL_Driver/Src/stm32g0xx_hal_uart_ex.o
LOAD ./Drivers/STM32G0xx_HAL_Driver/Src/stm32g0xx_ll_adc.o
LOAD ./Drivers/STM32G0xx_HAL_Driver/Src/stm32g0xx_ll_rcc.o
START GROUP
LOAD /Applications/STM32CubeIDE.app/Contents/Eclipse/plugins/com.st.stm32cube.ide.mcu.externaltools.gnu-tools-for-stm32.13.3.rel1.macos64_1.0.0.202411102158/tools/bin/../lib/gcc/arm-none-eabi/13.3.1/../../../../arm-none-eabi/lib/thumb/v6-m/nofp/libc_nano.a
LOAD /Applications/STM32CubeIDE.app/Contents/Eclipse/plugins/com.st.stm32cube.ide.mcu.externaltools.gnu-tools-for-stm32.13.3.rel1.macos64_1.0.0.202411102158/tools/bin/../lib/gcc/arm-none-eabi/13.3.1/../../../../arm-none-eabi/lib/thumb/v6-m/nofp/libm.a
END GROUP
START GROUP
LOAD /Applications/STM32CubeIDE.app/Contents/Eclipse/plugins/com.st.stm32cube.ide.mcu.externaltools.gnu-tools-for-stm32.13.3.rel1.macos64_1.0.0.202411102158/tools/bin/../lib/gcc/arm-none-eabi/13.3.1/thumb/v6-m/nofp/libgcc.a
LOAD /Applications/STM32CubeIDE.app/Contents/Eclipse/plugins/com.st.stm32cube.ide.mcu.externaltools.gnu-tools-for-stm32.13.3.rel1.macos64_1.0.0.202411102158/tools/bin/../lib/gcc/arm-none-eabi/13.3.1/../../../../arm-none-eabi/lib/thumb/v6-m/nofp/libc_nano.a
END GROUP
START GROUP
LOAD /Applications/STM32CubeIDE.app/Contents/Eclipse/plugins/com.st.stm32cube.ide.mcu.externaltools.gnu-tools-for-stm32.13.3.rel1.macos64_1.0.0.202411102158/tools/bin/../lib/gcc/arm-none-eabi/13.3.1/thumb/v6-m/nofp/libgcc.a
LOAD /Applications/STM32CubeIDE.app/Contents/Eclipse/plugins/com.st.stm32cube.ide.mcu.externaltools.gnu-tools-for-stm32.13.3.rel1.macos64_1.0.0.202411102158/tools/bin/../lib/gcc/arm-none-eabi/13.3.1/../../../../arm-none-eabi/lib/thumb/v6-m/nofp/libc_nano.a
LOAD /Applications/STM32CubeIDE.app/Contents/Eclipse/plugins/com.st.stm32cube.ide.mcu.externaltools.gnu-tools-for-stm32.13.3.rel1.macos64_1.0.0.202411102158/tools/bin/../lib/gcc/arm-none-eabi/13.3.1/../../../../arm-none-eabi/lib/thumb/v6-m/nofp/libnosys.a
END GROUP
START GROUP
LOAD /Applications/STM32CubeIDE.app/Contents/Eclipse/plugins/com.st.stm32cube.ide.mcu.externaltools.gnu-tools-for-stm32.13.3.rel1.macos64_1.0.0.202411102158/tools/bin/../lib/gcc/arm-none-eabi/13.3.1/thumb/v6-m/nofp/libgcc.a
LOAD /Applications/STM32CubeIDE.app/Contents/Eclipse/plugins/com.st.stm32cube.ide.mcu.externaltools.gnu-tools-for-stm32.13.3.rel1.macos64_1.0.0.202411102158/tools/bin/../lib/gcc/arm-none-eabi/13.3.1/../../../../arm-none-eabi/lib/thumb/v6-m/nofp/libc_nano.a
LOAD /Applications/STM32CubeIDE.app/Contents/Eclipse/plugins/com.st.stm32cube.ide.mcu.externaltools.gnu-tools-for-stm32.13.3.rel1.macos64_1.0.0.202411102158/tools/bin/../lib/gcc/arm-none-eabi/13.3.1/../../../../arm-none-eabi/lib/thumb/v6-m/nofp/libnosys.a
END GROUP
LOAD /Applications/STM32CubeIDE.app/Contents/Eclipse/plugins/com.st.stm32cube.ide.mcu.externaltools.gnu-tools-for-stm32.13.3.rel1.macos64_1.0.0.202411102158/tools/bin/../lib/gcc/arm-none-eabi/13.3.1/thumb/v6-m/nofp/crtend.o
LOAD /Applications/STM32CubeIDE.app/Contents/Eclipse/plugins/com.st.stm32cube.ide.mcu.externaltools.gnu-tools-for-stm32.13.3.rel1.macos64_1.0.0.202411102158/tools/bin/../lib/gcc/arm-none-eabi/13.3.1/thumb/v6-m/nofp/crtn.o
                0x20002000                        _estack = (ORIGIN (RAM) + LENGTH (RAM))
                0x00000200                        _Min_Heap_Size = 0x200
                0x00000400                        _Min_Stack_Size = 0x400

.isr_vector     0x08000000       0xbc
                0x08000000                        . = ALIGN (0x4)
 *(.isr_vector)
 .isr_vector    0x08000000       0xbc ./Core/Startup/startup_stm32g031k8tx.o
                0x08000000                g_pfnVectors
                0x080000bc                        . = ALIGN (0x4)

.text           0x080000bc     0xd7d0
                0x080000bc                        . = ALIGN (0x4)
 *(.text)
 .text          0x080000bc       0x48 /Applications/STM32CubeIDE.app/Contents/Eclipse/plugins/com.st.stm32cube.ide.mcu.externaltools.gnu-tools-for-stm32.13.3.rel1.macos64_1.0.0.202411102158/tools/bin/../lib/gcc/arm-none-eabi/13.3.1/thumb/v6-m/nofp/crtbegin.o
 .text          0x08000104      0x114 /Applications/STM32CubeIDE.app/Contents/Eclipse/plugins/com.st.stm32cube.ide.mcu.externaltools.gnu-tools-for-stm32.13.3.rel1.macos64_1.0.0.202411102158/tools/bin/../lib/gcc/arm-none-eabi/13.3.1/thumb/v6-m/nofp/libgcc.a(_udivsi3.o)
                0x08000104                __udivsi3
                0x08000104                __aeabi_uidiv
                0x08000210                __aeabi_uidivmod
 .text          0x08000218        0x4 /Applications/STM32CubeIDE.app/Contents/Eclipse/plugins/com.st.stm32cube.ide.mcu.externaltools.gnu-tools-for-stm32.13.3.rel1.macos64_1.0.0.202411102158/tools/bin/../lib/gcc/arm-none-eabi/13.3.1/thumb/v6-m/nofp/libgcc.a(_dvmd_tls.o)
                0x08000218                __aeabi_ldiv0
                0x08000218                __aeabi_idiv0
 .text          0x0800021c       0x40 /Applications/STM32CubeIDE.app/Contents/Eclipse/plugins/com.st.stm32cube.ide.mcu.externaltools.gnu-tools-for-stm32.13.3.rel1.macos64_1.0.0.202411102158/tools/bin/../lib/gcc/arm-none-eabi/13.3.1/thumb/v6-m/nofp/libgcc.a(_aeabi_uldivmod.o)
                0x0800021c                __aeabi_uldivmod
 .text          0x0800025c      0x198 /Applications/STM32CubeIDE.app/Contents/Eclipse/plugins/com.st.stm32cube.ide.mcu.externaltools.gnu-tools-for-stm32.13.3.rel1.macos64_1.0.0.202411102158/tools/bin/../lib/gcc/arm-none-eabi/13.3.1/thumb/v6-m/nofp/libgcc.a(_udivmoddi4.o)
                0x0800025c                __udivmoddi4
 .text          0x080003f4       0x18 /Applications/STM32CubeIDE.app/Contents/Eclipse/plugins/com.st.stm32cube.ide.mcu.externaltools.gnu-tools-for-stm32.13.3.rel1.macos64_1.0.0.202411102158/tools/bin/../lib/gcc/arm-none-eabi/13.3.1/thumb/v6-m/nofp/libgcc.a(_clzdi2.o)
                0x080003f4                __clzdi2
 .text          0x0800040c       0x3c /Applications/STM32CubeIDE.app/Contents/Eclipse/plugins/com.st.stm32cube.ide.mcu.externaltools.gnu-tools-for-stm32.13.3.rel1.macos64_1.0.0.202411102158/tools/bin/../lib/gcc/arm-none-eabi/13.3.1/thumb/v6-m/nofp/libgcc.a(_clzsi2.o)
                0x0800040c                __clzsi2
 *(.text*)
 .text.Initialise_Preset_Arrays
                0x08000448       0xd8 ./Core/Src/CC_and_PC.o
                0x08000448                Initialise_Preset_Arrays
 .text.Update_Params_Based_On_Mode_Selected
                0x08000520      0x1e0 ./Core/Src/CC_and_PC.o
                0x08000520                Update_Params_Based_On_Mode_Selected
 .text.Convert_All_Preset_Values
                0x08000700       0x52 ./Core/Src/CC_and_PC.o
                0x08000700                Convert_All_Preset_Values
 .text.Convert_All_Params_Values_for_Preset
                0x08000752       0x58 ./Core/Src/CC_and_PC.o
                0x08000752                Convert_All_Params_Values_for_Preset
 .text.Update_Waveshape_with_Converted_Preset_Value
                0x080007aa       0x52 ./Core/Src/CC_and_PC.o
                0x080007aa                Update_Waveshape_with_Converted_Preset_Value
 .text.Update_Speed_with_Converted_Preset_Value
                0x080007fc       0x1e ./Core/Src/CC_and_PC.o
                0x080007fc                Update_Speed_with_Converted_Preset_Value
 .text.Update_Depth_with_Converted_Preset_Value
                0x0800081a       0x1e ./Core/Src/CC_and_PC.o
                0x0800081a                Update_Depth_with_Converted_Preset_Value
 .text.Update_Symmetry_with_Converted_Preset_Value
                0x08000838       0x1e ./Core/Src/CC_and_PC.o
                0x08000838                Update_Symmetry_with_Converted_Preset_Value
 .text.Update_Phase_with_Converted_Preset_Value
                0x08000856       0x1e ./Core/Src/CC_and_PC.o
                0x08000856                Update_Phase_with_Converted_Preset_Value
 .text.Read_and_Interpret_Preset_From_Flash
                0x08000874       0x72 ./Core/Src/CC_and_PC.o
                0x08000874                Read_and_Interpret_Preset_From_Flash
 .text.Read_and_Interpret_Misc_From_Flash
                0x080008e6      0x16c ./Core/Src/CC_and_PC.o
                0x080008e6                Read_and_Interpret_Misc_From_Flash
 .text.Update_Converted_Preset_Array_with_User_or_Factory_Presets
                0x08000a52       0xac ./Core/Src/CC_and_PC.o
                0x08000a52                Update_Converted_Preset_Array_with_User_or_Factory_Presets
 *fill*         0x08000afe        0x2 
 .text.Read_and_Interpret_User_Presets_From_Flash
                0x08000b00       0x5c ./Core/Src/CC_and_PC.o
                0x08000b00                Read_and_Interpret_User_Presets_From_Flash
 .text.Update_Waveshape_with_CC_Value
                0x08000b5c       0x4a ./Core/Src/CC_and_PC.o
                0x08000b5c                Update_Waveshape_with_CC_Value
 .text.Update_Speed_with_CC_Value
                0x08000ba6       0x32 ./Core/Src/CC_and_PC.o
                0x08000ba6                Update_Speed_with_CC_Value
 .text.Update_Depth_with_CC_Value
                0x08000bd8       0x26 ./Core/Src/CC_and_PC.o
                0x08000bd8                Update_Depth_with_CC_Value
 .text.Update_Symmetry_with_CC_Value
                0x08000bfe       0x32 ./Core/Src/CC_and_PC.o
                0x08000bfe                Update_Symmetry_with_CC_Value
 .text.Update_Phase_with_CC_Value
                0x08000c30       0x32 ./Core/Src/CC_and_PC.o
                0x08000c30                Update_Phase_with_CC_Value
 *fill*         0x08000c62        0x2 
 .text.Set_Waveshape_to_CC_Mode_and_Value
                0x08000c64       0x34 ./Core/Src/CC_and_PC.o
                0x08000c64                Set_Waveshape_to_CC_Mode_and_Value
 .text.Set_Speed_to_CC_Mode_and_Value
                0x08000c98       0x34 ./Core/Src/CC_and_PC.o
                0x08000c98                Set_Speed_to_CC_Mode_and_Value
 .text.Set_Depth_to_CC_Mode_and_Value
                0x08000ccc       0x34 ./Core/Src/CC_and_PC.o
                0x08000ccc                Set_Depth_to_CC_Mode_and_Value
 .text.Set_Symmetry_to_CC_Mode_and_Value
                0x08000d00       0x34 ./Core/Src/CC_and_PC.o
                0x08000d00                Set_Symmetry_to_CC_Mode_and_Value
 .text.Set_Phase_to_CC_Mode_and_Value
                0x08000d34       0x34 ./Core/Src/CC_and_PC.o
                0x08000d34                Set_Phase_to_CC_Mode_and_Value
 .text.Set_All_Pots_to_PC_Mode
                0x08000d68       0x70 ./Core/Src/CC_and_PC.o
                0x08000d68                Set_All_Pots_to_PC_Mode
 .text.Store_Params_as_User_Preset
                0x08000dd8       0x5c ./Core/Src/CC_and_PC.o
                0x08000dd8                Store_Params_as_User_Preset
 .text.set_LED_to_state
                0x08000e34       0x9c ./Core/Src/LED.o
                0x08000e34                set_LED_to_state
 .text.Is_Status_Byte
                0x08000ed0       0x32 ./Core/Src/MIDI.o
                0x08000ed0                Is_Status_Byte
 .text.Is_Data_Byte
                0x08000f02       0x32 ./Core/Src/MIDI.o
                0x08000f02                Is_Data_Byte
 .text.Is_PC_Status_Byte
                0x08000f34       0x38 ./Core/Src/MIDI.o
                0x08000f34                Is_PC_Status_Byte
 .text.Is_CC_Status_Byte
                0x08000f6c       0x38 ./Core/Src/MIDI.o
                0x08000f6c                Is_CC_Status_Byte
 .text.Is_Utilised_Channel_Mode_CC_First_Data_Byte
                0x08000fa4       0x58 ./Core/Src/MIDI.o
                0x08000fa4                Is_Utilised_Channel_Mode_CC_First_Data_Byte
 .text.Is_Utilised_CC_First_Data_Byte
                0x08000ffc       0x66 ./Core/Src/MIDI.o
                0x08000ffc                Is_Utilised_CC_First_Data_Byte
 .text.Channel_Mode_CC_Second_Data_Byte_Is_Valid_Given_Utilised_First_Data_Byte
                0x08001062       0x8e ./Core/Src/MIDI.o
                0x08001062                Channel_Mode_CC_Second_Data_Byte_Is_Valid_Given_Utilised_First_Data_Byte
 .text.Is_Sysex_Start_Status_Byte
                0x080010f0       0x20 ./Core/Src/MIDI.o
                0x080010f0                Is_Sysex_Start_Status_Byte
 .text.Is_Channelised_Status_Byte_On_Basic_Channel
                0x08001110       0x42 ./Core/Src/MIDI.o
                0x08001110                Is_Channelised_Status_Byte_On_Basic_Channel
 .text.Is_Data_Buffer_Empty
                0x08001152       0x60 ./Core/Src/MIDI.o
                0x08001152                Is_Data_Buffer_Empty
 .text.Clear_Data_Buffer
                0x080011b2       0x3c ./Core/Src/MIDI.o
                0x080011b2                Clear_Data_Buffer
 .text.Is_Program_Change_Data_Byte_In_Range
                0x080011ee       0x2a ./Core/Src/MIDI.o
                0x080011ee                Is_Program_Change_Data_Byte_In_Range
 .text.Is_System_Real_Time_Status_Byte
                0x08001218       0x66 ./Core/Src/MIDI.o
                0x08001218                Is_System_Real_Time_Status_Byte
 .text.Is_OMNI_On
                0x0800127e       0x34 ./Core/Src/MIDI.o
                0x0800127e                Is_OMNI_On
 .text.Reset_and_Stop_MIDI_Software_Timer
                0x080012b2       0x36 ./Core/Src/MIDI.o
                0x080012b2                Reset_and_Stop_MIDI_Software_Timer
 .text.Reset_All_Controllers
                0x080012e8       0xb4 ./Core/Src/MIDI.o
                0x080012e8                Reset_All_Controllers
 .text.Set_Local_Control
                0x0800139c       0x70 ./Core/Src/MIDI.o
                0x0800139c                Set_Local_Control
 .text.Set_OMNI_Off
                0x0800140c       0x20 ./Core/Src/MIDI.o
                0x0800140c                Set_OMNI_Off
 .text.Set_OMNI_On
                0x0800142c       0x20 ./Core/Src/MIDI.o
                0x0800142c                Set_OMNI_On
 .text.Start_UART_Receive
                0x0800144c       0x20 ./Core/Src/UART.o
                0x0800144c                Start_UART_Receive
 .text.Pot_Check
                0x0800146c      0x240 ./Core/Src/checking_functions.o
                0x0800146c                Pot_Check
 .text.Check_Tap_Tempo_Switch_State
                0x080016ac       0xa0 ./Core/Src/checking_functions.o
                0x080016ac                Check_Tap_Tempo_Switch_State
 .text.SystemClock_Config
                0x0800174c       0xbc ./Core/Src/config.o
                0x0800174c                SystemClock_Config
 .text.MX_ADC1_Init
                0x08001808      0x180 ./Core/Src/config.o
                0x08001808                MX_ADC1_Init
 .text.MX_TIM16_Init
                0x08001988      0x118 ./Core/Src/config.o
                0x08001988                MX_TIM16_Init
 .text.MX_TIM2_Init
                0x08001aa0       0xf8 ./Core/Src/config.o
                0x08001aa0                MX_TIM2_Init
 .text.MX_TIM3_Init
                0x08001b98      0x110 ./Core/Src/config.o
                0x08001b98                MX_TIM3_Init
 .text.MX_TIM1_Init
                0x08001ca8      0x1d4 ./Core/Src/config.o
                0x08001ca8                MX_TIM1_Init
 .text.MX_TIM17_Init
                0x08001e7c      0x124 ./Core/Src/config.o
                0x08001e7c                MX_TIM17_Init
 .text.MX_LPTIM1_Init
                0x08001fa0       0x70 ./Core/Src/config.o
                0x08001fa0                MX_LPTIM1_Init
 .text.MX_TIM14_Init
                0x08002010       0xa4 ./Core/Src/config.o
                0x08002010                MX_TIM14_Init
 .text.MX_USART2_UART_Init
                0x080020b4       0x68 ./Core/Src/config.o
                0x080020b4                MX_USART2_UART_Init
 .text.MX_DMA_Init
                0x0800211c       0x4c ./Core/Src/config.o
                0x0800211c                MX_DMA_Init
 .text.MX_GPIO_Init
                0x08002168      0x204 ./Core/Src/config.o
                0x08002168                MX_GPIO_Init
 .text.Error_Handler
                0x0800236c        0xc ./Core/Src/config.o
                0x0800236c                Error_Handler
 .text.System_Init
                0x08002378      0x108 ./Core/Src/config.o
                0x08002378                System_Init
 .text.TIM16_callback
                0x08002480       0x54 ./Core/Src/custom_callbacks.o
                0x08002480                TIM16_callback
 .text.ADC_DMA_conversion_complete_callback
                0x080024d4       0x94 ./Core/Src/custom_callbacks.o
                0x080024d4                ADC_DMA_conversion_complete_callback
 .text.TIM2_ch1_IP_capture_callback
                0x08002568      0x11c ./Core/Src/custom_callbacks.o
                0x08002568                TIM2_ch1_IP_capture_callback
 .text.TIM2_ch1_overflow_callback
                0x08002684      0x10c ./Core/Src/custom_callbacks.o
                0x08002684                TIM2_ch1_overflow_callback
 .text.TIM3_ch1_IP_capture_measurement_reelapse_callback
                0x08002790      0x13c ./Core/Src/custom_callbacks.o
                0x08002790                TIM3_ch1_IP_capture_measurement_reelapse_callback
 .text.UART2_TX_transfer_complete_callback
                0x080028cc       0x10 ./Core/Src/custom_callbacks.o
                0x080028cc                UART2_TX_transfer_complete_callback
 .text.UART2_RX_transfer_complete_callback
                0x080028dc     0x11a0 ./Core/Src/custom_callbacks.o
                0x080028dc                UART2_RX_transfer_complete_callback
 .text.HAL_GPIO_EXTI_Falling_Callback
                0x08003a7c       0x54 ./Core/Src/custom_callbacks.o
                0x08003a7c                HAL_GPIO_EXTI_Falling_Callback
 .text.HAL_GPIO_EXTI_Rising_Callback
                0x08003ad0      0x1ec ./Core/Src/custom_callbacks.o
                0x08003ad0                HAL_GPIO_EXTI_Rising_Callback
 .text.LPTIM1_callback
                0x08003cbc      0x6e0 ./Core/Src/custom_callbacks.o
                0x08003cbc                LPTIM1_callback
 .text.TIM17_callback
                0x0800439c       0x10 ./Core/Src/custom_callbacks.o
                0x0800439c                TIM17_callback
 .text.TIM14_callback
                0x080043ac      0x3bc ./Core/Src/custom_callbacks.o
                0x080043ac                TIM14_callback
 .text.Input_Capture_Processing
                0x08004768       0xe4 ./Core/Src/input_capture.o
                0x08004768                Input_Capture_Processing
 .text.Start_Input_Capture_Timer
                0x0800484c       0x34 ./Core/Src/input_capture.o
                0x0800484c                Start_Input_Capture_Timer
 .text.Start_IC_TIM
                0x08004880       0x54 ./Core/Src/input_capture.o
                0x08004880                Start_IC_TIM
 .text.Copy_Params_Structs
                0x080048d4       0x24 ./Core/Src/input_capture.o
                0x080048d4                Copy_Params_Structs
 .text.Start_Measurement_Reelapse_Timer
                0x080048f8       0x3c ./Core/Src/input_capture.o
                0x080048f8                Start_Measurement_Reelapse_Timer
 .text.Begin_Input_Capture_Measurement
                0x08004934       0x18 ./Core/Src/input_capture.o
                0x08004934                Begin_Input_Capture_Measurement
 .text.main     0x0800494c      0x1bc ./Core/Src/main.o
                0x0800494c                main
 .text.Start_PWM_Gen_Timer_Main_and_Secondary_Oscillators
                0x08004b08       0x78 ./Core/Src/oscillator.o
                0x08004b08                Start_PWM_Gen_Timer_Main_and_Secondary_Oscillators
 .text.Start_Freq_Gen_Timer
                0x08004b80       0x34 ./Core/Src/oscillator.o
                0x08004b80                Start_Freq_Gen_Timer
 .text.Process_TIM16_Raw_Start_Value_and_Raw_Prescaler
                0x08004bb4       0x6c ./Core/Src/oscillator.o
                0x08004bb4                Process_TIM16_Raw_Start_Value_and_Raw_Prescaler
 .text.Set_Oscillator_Values
                0x08004c20       0x58 ./Core/Src/oscillator.o
                0x08004c20                Set_Oscillator_Values
 .text.Calculate_Next_Main_Oscillator_Values
                0x08004c78      0x1ec ./Core/Src/oscillator.o
                0x08004c78                Calculate_Next_Main_Oscillator_Values
 .text.Write_Next_Main_Oscillator_Values_to_Delay_Line
                0x08004e64      0x12c ./Core/Src/oscillator.o
                0x08004e64                Write_Next_Main_Oscillator_Values_to_Delay_Line
 .text.Process_ADC_Conversion_Values
                0x08004f90       0xd4 ./Core/Src/oscillator.o
                0x08004f90                Process_ADC_Conversion_Values
 .text.Startup  0x08005064      0x1c4 ./Core/Src/startup.o
                0x08005064                Startup
 .text.Advance_Pending_States
                0x08005228       0x58 ./Core/Src/state_machine.o
                0x08005228                Advance_Pending_States
 .text.HAL_MspInit
                0x08005280       0x48 ./Core/Src/stm32g0xx_hal_msp.o
                0x08005280                HAL_MspInit
 .text.HAL_ADC_MspInit
                0x080052c8       0xe8 ./Core/Src/stm32g0xx_hal_msp.o
                0x080052c8                HAL_ADC_MspInit
 .text.HAL_LPTIM_MspInit
                0x080053b0      0x158 ./Core/Src/stm32g0xx_hal_msp.o
                0x080053b0                HAL_LPTIM_MspInit
 .text.HAL_TIM_Base_MspInit
                0x08005508      0x1e8 ./Core/Src/stm32g0xx_hal_msp.o
                0x08005508                HAL_TIM_Base_MspInit
 .text.HAL_TIM_MspPostInit
                0x080056f0       0xc0 ./Core/Src/stm32g0xx_hal_msp.o
                0x080056f0                HAL_TIM_MspPostInit
 .text.HAL_UART_MspInit
                0x080057b0      0x160 ./Core/Src/stm32g0xx_hal_msp.o
                0x080057b0                HAL_UART_MspInit
 .text.NMI_Handler
                0x08005910        0x8 ./Core/Src/stm32g0xx_it.o
                0x08005910                NMI_Handler
 .text.HardFault_Handler
                0x08005918        0x8 ./Core/Src/stm32g0xx_it.o
                0x08005918                HardFault_Handler
 .text.SVC_Handler
                0x08005920        0xa ./Core/Src/stm32g0xx_it.o
                0x08005920                SVC_Handler
 .text.PendSV_Handler
                0x0800592a        0xa ./Core/Src/stm32g0xx_it.o
                0x0800592a                PendSV_Handler
 .text.SysTick_Handler
                0x08005934        0xe ./Core/Src/stm32g0xx_it.o
                0x08005934                SysTick_Handler
 .text.EXTI4_15_IRQHandler
                0x08005942       0x10 ./Core/Src/stm32g0xx_it.o
                0x08005942                EXTI4_15_IRQHandler
 *fill*         0x08005952        0x2 
 .text.DMA1_Channel1_IRQHandler
                0x08005954       0x18 ./Core/Src/stm32g0xx_it.o
                0x08005954                DMA1_Channel1_IRQHandler
 .text.DMA1_Channel2_3_IRQHandler
                0x0800596c       0x24 ./Core/Src/stm32g0xx_it.o
                0x0800596c                DMA1_Channel2_3_IRQHandler
 .text.TIM2_IRQHandler
                0x08005990       0x18 ./Core/Src/stm32g0xx_it.o
                0x08005990                TIM2_IRQHandler
 .text.TIM3_IRQHandler
                0x080059a8       0x18 ./Core/Src/stm32g0xx_it.o
                0x080059a8                TIM3_IRQHandler
 .text.TIM16_IRQHandler
                0x080059c0       0x18 ./Core/Src/stm32g0xx_it.o
                0x080059c0                TIM16_IRQHandler
 .text.USART2_IRQHandler
                0x080059d8       0x18 ./Core/Src/stm32g0xx_it.o
                0x080059d8                USART2_IRQHandler
 .text.LPTIM1_IRQHandler
                0x080059f0       0x18 ./Core/Src/stm32g0xx_it.o
                0x080059f0                LPTIM1_IRQHandler
 .text.TIM17_IRQHandler
                0x08005a08       0x18 ./Core/Src/stm32g0xx_it.o
                0x08005a08                TIM17_IRQHandler
 .text.TIM14_IRQHandler
                0x08005a20       0x18 ./Core/Src/stm32g0xx_it.o
                0x08005a20                TIM14_IRQHandler
 .text.Adjust_TIM16_Prescaler
                0x08005a38       0x44 ./Core/Src/symmetry_adjustment.o
                0x08005a38                Adjust_TIM16_Prescaler
 .text.Process_TIM16_Final_Start_Value_and_Final_Prescaler
                0x08005a7c      0x80c ./Core/Src/symmetry_adjustment.o
                0x08005a7c                Process_TIM16_Final_Start_Value_and_Final_Prescaler
 .text.SystemInit
                0x08006288        0xa ./Core/Src/system_stm32g0xx.o
                0x08006288                SystemInit
 .text.Start_OC_TIM
                0x08006292       0x38 ./Core/Src/timers.o
                0x08006292                Start_OC_TIM
 .text.Stop_OC_TIM
                0x080062ca       0x38 ./Core/Src/timers.o
                0x080062ca                Stop_OC_TIM
 .text.isPrime  0x08006302       0x5e ./Core/Src/utility.o
                0x08006302                isPrime
 .text.unsigned_bitwise_modulo
                0x08006360       0x28 ./Core/Src/utility.o
                0x08006360                unsigned_bitwise_modulo
 .text.Global_Interrupt_Enable
                0x08006388       0x10 ./Core/Src/utility.o
                0x08006388                Global_Interrupt_Enable
 .text.Get_Status_Bit
                0x08006398       0x28 ./Core/Src/utility.o
                0x08006398                Get_Status_Bit
 .text.Set_Status_Bit
                0x080063c0       0x24 ./Core/Src/utility.o
                0x080063c0                Set_Status_Bit
 .text.Clear_Status_Bit
                0x080063e4       0x26 ./Core/Src/utility.o
                0x080063e4                Clear_Status_Bit
 *fill*         0x0800640a        0x2 
 .text.Reset_Handler
                0x0800640c       0x50 ./Core/Startup/startup_stm32g031k8tx.o
                0x0800640c                Reset_Handler
 .text.Default_Handler
                0x0800645c        0x2 ./Core/Startup/startup_stm32g031k8tx.o
                0x0800645c                TIM1_BRK_UP_TRG_COM_IRQHandler
                0x0800645c                PVD_IRQHandler
                0x0800645c                I2C1_IRQHandler
                0x0800645c                LPTIM2_IRQHandler
                0x0800645c                RTC_TAMP_IRQHandler
                0x0800645c                SPI1_IRQHandler
                0x0800645c                DMA1_Ch4_5_DMAMUX1_OVR_IRQHandler
                0x0800645c                EXTI2_3_IRQHandler
                0x0800645c                ADC1_IRQHandler
                0x0800645c                I2C2_IRQHandler
                0x0800645c                RCC_IRQHandler
                0x0800645c                Default_Handler
                0x0800645c                EXTI0_1_IRQHandler
                0x0800645c                SPI2_IRQHandler
                0x0800645c                WWDG_IRQHandler
                0x0800645c                LPUART1_IRQHandler
                0x0800645c                FLASH_IRQHandler
                0x0800645c                USART1_IRQHandler
                0x0800645c                TIM1_CC_IRQHandler
 *fill*         0x0800645e        0x2 
 .text.HAL_Init
                0x08006460       0x40 ./Drivers/STM32G0xx_HAL_Driver/Src/stm32g0xx_hal.o
                0x08006460                HAL_Init
 .text.HAL_InitTick
                0x080064a0       0x94 ./Drivers/STM32G0xx_HAL_Driver/Src/stm32g0xx_hal.o
                0x080064a0                HAL_InitTick
 .text.HAL_IncTick
                0x08006534       0x24 ./Drivers/STM32G0xx_HAL_Driver/Src/stm32g0xx_hal.o
                0x08006534                HAL_IncTick
 .text.HAL_GetTick
                0x08006558       0x14 ./Drivers/STM32G0xx_HAL_Driver/Src/stm32g0xx_hal.o
                0x08006558                HAL_GetTick
 .text.LL_ADC_SetCommonPathInternalCh
                0x0800656c       0x28 ./Drivers/STM32G0xx_HAL_Driver/Src/stm32g0xx_hal_adc.o
 .text.LL_ADC_GetCommonPathInternalCh
                0x08006594       0x1a ./Drivers/STM32G0xx_HAL_Driver/Src/stm32g0xx_hal_adc.o
 .text.LL_ADC_SetSamplingTimeCommonChannels
                0x080065ae       0x3a ./Drivers/STM32G0xx_HAL_Driver/Src/stm32g0xx_hal_adc.o
 .text.LL_ADC_GetSamplingTimeCommonChannels
                0x080065e8       0x2e ./Drivers/STM32G0xx_HAL_Driver/Src/stm32g0xx_hal_adc.o
 .text.LL_ADC_REG_IsTriggerSourceSWStart
                0x08006616       0x22 ./Drivers/STM32G0xx_HAL_Driver/Src/stm32g0xx_hal_adc.o
 .text.LL_ADC_REG_SetSequencerRanks
                0x08006638       0x40 ./Drivers/STM32G0xx_HAL_Driver/Src/stm32g0xx_hal_adc.o
 .text.LL_ADC_REG_SetSequencerChAdd
                0x08006678       0x22 ./Drivers/STM32G0xx_HAL_Driver/Src/stm32g0xx_hal_adc.o
 .text.LL_ADC_REG_SetSequencerChRem
                0x0800669a       0x24 ./Drivers/STM32G0xx_HAL_Driver/Src/stm32g0xx_hal_adc.o
 *fill*         0x080066be        0x2 
 .text.LL_ADC_SetChannelSamplingTime
                0x080066c0       0x38 ./Drivers/STM32G0xx_HAL_Driver/Src/stm32g0xx_hal_adc.o
 .text.LL_ADC_EnableInternalRegulator
                0x080066f8       0x28 ./Drivers/STM32G0xx_HAL_Driver/Src/stm32g0xx_hal_adc.o
 .text.LL_ADC_IsInternalRegulatorEnabled
                0x08006720       0x28 ./Drivers/STM32G0xx_HAL_Driver/Src/stm32g0xx_hal_adc.o
 .text.LL_ADC_Enable
                0x08006748       0x24 ./Drivers/STM32G0xx_HAL_Driver/Src/stm32g0xx_hal_adc.o
 .text.LL_ADC_Disable
                0x0800676c       0x24 ./Drivers/STM32G0xx_HAL_Driver/Src/stm32g0xx_hal_adc.o
 .text.LL_ADC_IsEnabled
                0x08006790       0x22 ./Drivers/STM32G0xx_HAL_Driver/Src/stm32g0xx_hal_adc.o
 .text.LL_ADC_IsDisableOngoing
                0x080067b2       0x22 ./Drivers/STM32G0xx_HAL_Driver/Src/stm32g0xx_hal_adc.o
 .text.LL_ADC_REG_StartConversion
                0x080067d4       0x24 ./Drivers/STM32G0xx_HAL_Driver/Src/stm32g0xx_hal_adc.o
 .text.LL_ADC_REG_StopConversion
                0x080067f8       0x24 ./Drivers/STM32G0xx_HAL_Driver/Src/stm32g0xx_hal_adc.o
 .text.LL_ADC_REG_IsConversionOngoing
                0x0800681c       0x22 ./Drivers/STM32G0xx_HAL_Driver/Src/stm32g0xx_hal_adc.o
 *fill*         0x0800683e        0x2 
 .text.HAL_ADC_Init
                0x08006840      0x3b0 ./Drivers/STM32G0xx_HAL_Driver/Src/stm32g0xx_hal_adc.o
                0x08006840                HAL_ADC_Init
 .text.HAL_ADC_RegisterCallback
                0x08006bf0      0x118 ./Drivers/STM32G0xx_HAL_Driver/Src/stm32g0xx_hal_adc.o
                0x08006bf0                HAL_ADC_RegisterCallback
 .text.HAL_ADC_Start_DMA
                0x08006d08      0x11c ./Drivers/STM32G0xx_HAL_Driver/Src/stm32g0xx_hal_adc.o
                0x08006d08                HAL_ADC_Start_DMA
 .text.HAL_ADC_Stop_DMA
                0x08006e24       0xe4 ./Drivers/STM32G0xx_HAL_Driver/Src/stm32g0xx_hal_adc.o
                0x08006e24                HAL_ADC_Stop_DMA
 .text.HAL_ADC_ConvCpltCallback
                0x08006f08       0x10 ./Drivers/STM32G0xx_HAL_Driver/Src/stm32g0xx_hal_adc.o
                0x08006f08                HAL_ADC_ConvCpltCallback
 .text.HAL_ADC_ConvHalfCpltCallback
                0x08006f18       0x10 ./Drivers/STM32G0xx_HAL_Driver/Src/stm32g0xx_hal_adc.o
                0x08006f18                HAL_ADC_ConvHalfCpltCallback
 .text.HAL_ADC_LevelOutOfWindowCallback
                0x08006f28       0x10 ./Drivers/STM32G0xx_HAL_Driver/Src/stm32g0xx_hal_adc.o
                0x08006f28                HAL_ADC_LevelOutOfWindowCallback
 .text.HAL_ADC_ErrorCallback
                0x08006f38       0x10 ./Drivers/STM32G0xx_HAL_Driver/Src/stm32g0xx_hal_adc.o
                0x08006f38                HAL_ADC_ErrorCallback
 .text.HAL_ADC_ConfigChannel
                0x08006f48      0x3b0 ./Drivers/STM32G0xx_HAL_Driver/Src/stm32g0xx_hal_adc.o
                0x08006f48                HAL_ADC_ConfigChannel
 .text.ADC_ConversionStop
                0x080072f8       0x84 ./Drivers/STM32G0xx_HAL_Driver/Src/stm32g0xx_hal_adc.o
                0x080072f8                ADC_ConversionStop
 .text.ADC_Enable
                0x0800737c      0x10c ./Drivers/STM32G0xx_HAL_Driver/Src/stm32g0xx_hal_adc.o
                0x0800737c                ADC_Enable
 .text.ADC_Disable
                0x08007488       0xbc ./Drivers/STM32G0xx_HAL_Driver/Src/stm32g0xx_hal_adc.o
                0x08007488                ADC_Disable
 .text.ADC_DMAConvCplt
                0x08007544       0xcc ./Drivers/STM32G0xx_HAL_Driver/Src/stm32g0xx_hal_adc.o
 .text.ADC_DMAHalfConvCplt
                0x08007610       0x20 ./Drivers/STM32G0xx_HAL_Driver/Src/stm32g0xx_hal_adc.o
 .text.ADC_DMAError
                0x08007630       0x38 ./Drivers/STM32G0xx_HAL_Driver/Src/stm32g0xx_hal_adc.o
 .text.LL_ADC_GetCommonClock
                0x08007668       0x1a ./Drivers/STM32G0xx_HAL_Driver/Src/stm32g0xx_hal_adc_ex.o
 .text.LL_ADC_GetClock
                0x08007682       0x18 ./Drivers/STM32G0xx_HAL_Driver/Src/stm32g0xx_hal_adc_ex.o
 .text.LL_ADC_SetCalibrationFactor
                0x0800769a       0x28 ./Drivers/STM32G0xx_HAL_Driver/Src/stm32g0xx_hal_adc_ex.o
 .text.LL_ADC_GetCalibrationFactor
                0x080076c2       0x1a ./Drivers/STM32G0xx_HAL_Driver/Src/stm32g0xx_hal_adc_ex.o
 .text.LL_ADC_Enable
                0x080076dc       0x24 ./Drivers/STM32G0xx_HAL_Driver/Src/stm32g0xx_hal_adc_ex.o
 .text.LL_ADC_Disable
                0x08007700       0x24 ./Drivers/STM32G0xx_HAL_Driver/Src/stm32g0xx_hal_adc_ex.o
 .text.LL_ADC_IsEnabled
                0x08007724       0x22 ./Drivers/STM32G0xx_HAL_Driver/Src/stm32g0xx_hal_adc_ex.o
 *fill*         0x08007746        0x2 
 .text.LL_ADC_StartCalibration
                0x08007748       0x28 ./Drivers/STM32G0xx_HAL_Driver/Src/stm32g0xx_hal_adc_ex.o
 .text.LL_ADC_IsCalibrationOnGoing
                0x08007770       0x26 ./Drivers/STM32G0xx_HAL_Driver/Src/stm32g0xx_hal_adc_ex.o
 *fill*         0x08007796        0x2 
 .text.HAL_ADCEx_Calibration_Start
                0x08007798      0x1f8 ./Drivers/STM32G0xx_HAL_Driver/Src/stm32g0xx_hal_adc_ex.o
                0x08007798                HAL_ADCEx_Calibration_Start
 .text.HAL_ADCEx_LevelOutOfWindow2Callback
                0x08007990       0x10 ./Drivers/STM32G0xx_HAL_Driver/Src/stm32g0xx_hal_adc_ex.o
                0x08007990                HAL_ADCEx_LevelOutOfWindow2Callback
 .text.HAL_ADCEx_LevelOutOfWindow3Callback
                0x080079a0       0x10 ./Drivers/STM32G0xx_HAL_Driver/Src/stm32g0xx_hal_adc_ex.o
                0x080079a0                HAL_ADCEx_LevelOutOfWindow3Callback
 .text.HAL_ADCEx_EndOfSamplingCallback
                0x080079b0       0x10 ./Drivers/STM32G0xx_HAL_Driver/Src/stm32g0xx_hal_adc_ex.o
                0x080079b0                HAL_ADCEx_EndOfSamplingCallback
 .text.__NVIC_EnableIRQ
                0x080079c0       0x34 ./Drivers/STM32G0xx_HAL_Driver/Src/stm32g0xx_hal_cortex.o
 .text.__NVIC_DisableIRQ
                0x080079f4       0x44 ./Drivers/STM32G0xx_HAL_Driver/Src/stm32g0xx_hal_cortex.o
 .text.__NVIC_SetPriority
                0x08007a38       0xdc ./Drivers/STM32G0xx_HAL_Driver/Src/stm32g0xx_hal_cortex.o
 .text.SysTick_Config
                0x08007b14       0x48 ./Drivers/STM32G0xx_HAL_Driver/Src/stm32g0xx_hal_cortex.o
 .text.HAL_NVIC_SetPriority
                0x08007b5c       0x2a ./Drivers/STM32G0xx_HAL_Driver/Src/stm32g0xx_hal_cortex.o
                0x08007b5c                HAL_NVIC_SetPriority
 .text.HAL_NVIC_EnableIRQ
                0x08007b86       0x20 ./Drivers/STM32G0xx_HAL_Driver/Src/stm32g0xx_hal_cortex.o
                0x08007b86                HAL_NVIC_EnableIRQ
 .text.HAL_NVIC_DisableIRQ
                0x08007ba6       0x20 ./Drivers/STM32G0xx_HAL_Driver/Src/stm32g0xx_hal_cortex.o
                0x08007ba6                HAL_NVIC_DisableIRQ
 .text.HAL_SYSTICK_Config
                0x08007bc6       0x1a ./Drivers/STM32G0xx_HAL_Driver/Src/stm32g0xx_hal_cortex.o
                0x08007bc6                HAL_SYSTICK_Config
 .text.HAL_DMA_Init
                0x08007be0      0x114 ./Drivers/STM32G0xx_HAL_Driver/Src/stm32g0xx_hal_dma.o
                0x08007be0                HAL_DMA_Init
 .text.HAL_DMA_Start_IT
                0x08007cf4      0x10c ./Drivers/STM32G0xx_HAL_Driver/Src/stm32g0xx_hal_dma.o
                0x08007cf4                HAL_DMA_Start_IT
 .text.HAL_DMA_Abort
                0x08007e00       0xc4 ./Drivers/STM32G0xx_HAL_Driver/Src/stm32g0xx_hal_dma.o
                0x08007e00                HAL_DMA_Abort
 .text.HAL_DMA_Abort_IT
                0x08007ec4       0xd4 ./Drivers/STM32G0xx_HAL_Driver/Src/stm32g0xx_hal_dma.o
                0x08007ec4                HAL_DMA_Abort_IT
 .text.HAL_DMA_IRQHandler
                0x08007f98      0x164 ./Drivers/STM32G0xx_HAL_Driver/Src/stm32g0xx_hal_dma.o
                0x08007f98                HAL_DMA_IRQHandler
 .text.DMA_SetConfig
                0x080080fc       0x80 ./Drivers/STM32G0xx_HAL_Driver/Src/stm32g0xx_hal_dma.o
 .text.DMA_CalcDMAMUXChannelBaseAndMask
                0x0800817c       0x58 ./Drivers/STM32G0xx_HAL_Driver/Src/stm32g0xx_hal_dma.o
 .text.DMA_CalcDMAMUXRequestGenBaseAndMask
                0x080081d4       0x48 ./Drivers/STM32G0xx_HAL_Driver/Src/stm32g0xx_hal_dma.o
 .text.HAL_GPIO_Init
                0x0800821c      0x2c8 ./Drivers/STM32G0xx_HAL_Driver/Src/stm32g0xx_hal_gpio.o
                0x0800821c                HAL_GPIO_Init
 .text.HAL_GPIO_ReadPin
                0x080084e4       0x3a ./Drivers/STM32G0xx_HAL_Driver/Src/stm32g0xx_hal_gpio.o
                0x080084e4                HAL_GPIO_ReadPin
 .text.HAL_GPIO_WritePin
                0x0800851e       0x3a ./Drivers/STM32G0xx_HAL_Driver/Src/stm32g0xx_hal_gpio.o
                0x0800851e                HAL_GPIO_WritePin
 .text.HAL_GPIO_EXTI_IRQHandler
                0x08008558       0x54 ./Drivers/STM32G0xx_HAL_Driver/Src/stm32g0xx_hal_gpio.o
                0x08008558                HAL_GPIO_EXTI_IRQHandler
 .text.HAL_LPTIM_Init
                0x080085ac      0x160 ./Drivers/STM32G0xx_HAL_Driver/Src/stm32g0xx_hal_lptim.o
                0x080085ac                HAL_LPTIM_Init
 .text.HAL_LPTIM_SetOnce_Start_IT
                0x0800870c      0x128 ./Drivers/STM32G0xx_HAL_Driver/Src/stm32g0xx_hal_lptim.o
                0x0800870c                HAL_LPTIM_SetOnce_Start_IT
 .text.HAL_LPTIM_IRQHandler
                0x08008834      0x152 ./Drivers/STM32G0xx_HAL_Driver/Src/stm32g0xx_hal_lptim.o
                0x08008834                HAL_LPTIM_IRQHandler
 .text.HAL_LPTIM_CompareMatchCallback
                0x08008986       0x10 ./Drivers/STM32G0xx_HAL_Driver/Src/stm32g0xx_hal_lptim.o
                0x08008986                HAL_LPTIM_CompareMatchCallback
 .text.HAL_LPTIM_AutoReloadMatchCallback
                0x08008996       0x10 ./Drivers/STM32G0xx_HAL_Driver/Src/stm32g0xx_hal_lptim.o
                0x08008996                HAL_LPTIM_AutoReloadMatchCallback
 .text.HAL_LPTIM_TriggerCallback
                0x080089a6       0x10 ./Drivers/STM32G0xx_HAL_Driver/Src/stm32g0xx_hal_lptim.o
                0x080089a6                HAL_LPTIM_TriggerCallback
 .text.HAL_LPTIM_CompareWriteCallback
                0x080089b6       0x10 ./Drivers/STM32G0xx_HAL_Driver/Src/stm32g0xx_hal_lptim.o
                0x080089b6                HAL_LPTIM_CompareWriteCallback
 .text.HAL_LPTIM_AutoReloadWriteCallback
                0x080089c6       0x10 ./Drivers/STM32G0xx_HAL_Driver/Src/stm32g0xx_hal_lptim.o
                0x080089c6                HAL_LPTIM_AutoReloadWriteCallback
 .text.HAL_LPTIM_DirectionUpCallback
                0x080089d6       0x10 ./Drivers/STM32G0xx_HAL_Driver/Src/stm32g0xx_hal_lptim.o
                0x080089d6                HAL_LPTIM_DirectionUpCallback
 .text.HAL_LPTIM_DirectionDownCallback
                0x080089e6       0x10 ./Drivers/STM32G0xx_HAL_Driver/Src/stm32g0xx_hal_lptim.o
                0x080089e6                HAL_LPTIM_DirectionDownCallback
 *fill*         0x080089f6        0x2 
 .text.HAL_LPTIM_RegisterCallback
                0x080089f8       0xe8 ./Drivers/STM32G0xx_HAL_Driver/Src/stm32g0xx_hal_lptim.o
                0x080089f8                HAL_LPTIM_RegisterCallback
 .text.HAL_LPTIM_GetState
                0x08008ae0       0x18 ./Drivers/STM32G0xx_HAL_Driver/Src/stm32g0xx_hal_lptim.o
                0x08008ae0                HAL_LPTIM_GetState
 .text.LPTIM_ResetCallback
                0x08008af8       0x58 ./Drivers/STM32G0xx_HAL_Driver/Src/stm32g0xx_hal_lptim.o
 .text.LPTIM_WaitForFlag
                0x08008b50       0x70 ./Drivers/STM32G0xx_HAL_Driver/Src/stm32g0xx_hal_lptim.o
 .text.LPTIM_Disable
                0x08008bc0      0x208 ./Drivers/STM32G0xx_HAL_Driver/Src/stm32g0xx_hal_lptim.o
                0x08008bc0                LPTIM_Disable
 .text.HAL_PWREx_ControlVoltageScaling
                0x08008dc8       0x80 ./Drivers/STM32G0xx_HAL_Driver/Src/stm32g0xx_hal_pwr_ex.o
                0x08008dc8                HAL_PWREx_ControlVoltageScaling
 .text.LL_RCC_GetAPB1Prescaler
                0x08008e48       0x18 ./Drivers/STM32G0xx_HAL_Driver/Src/stm32g0xx_hal_rcc.o
 .text.HAL_RCC_OscConfig
                0x08008e60      0x634 ./Drivers/STM32G0xx_HAL_Driver/Src/stm32g0xx_hal_rcc.o
                0x08008e60                HAL_RCC_OscConfig
 .text.HAL_RCC_ClockConfig
                0x08009494      0x210 ./Drivers/STM32G0xx_HAL_Driver/Src/stm32g0xx_hal_rcc.o
                0x08009494                HAL_RCC_ClockConfig
 .text.HAL_RCC_GetSysClockFreq
                0x080096a4      0x104 ./Drivers/STM32G0xx_HAL_Driver/Src/stm32g0xx_hal_rcc.o
                0x080096a4                HAL_RCC_GetSysClockFreq
 .text.HAL_RCC_GetHCLKFreq
                0x080097a8       0x14 ./Drivers/STM32G0xx_HAL_Driver/Src/stm32g0xx_hal_rcc.o
                0x080097a8                HAL_RCC_GetHCLKFreq
 .text.HAL_RCC_GetPCLK1Freq
                0x080097bc       0x2c ./Drivers/STM32G0xx_HAL_Driver/Src/stm32g0xx_hal_rcc.o
                0x080097bc                HAL_RCC_GetPCLK1Freq
 .text.HAL_RCCEx_PeriphCLKConfig
                0x080097e8      0x2f4 ./Drivers/STM32G0xx_HAL_Driver/Src/stm32g0xx_hal_rcc_ex.o
                0x080097e8                HAL_RCCEx_PeriphCLKConfig
 .text.HAL_TIM_Base_Init
                0x08009adc       0xcc ./Drivers/STM32G0xx_HAL_Driver/Src/stm32g0xx_hal_tim.o
                0x08009adc                HAL_TIM_Base_Init
 .text.HAL_TIM_Base_Start
                0x08009ba8       0x98 ./Drivers/STM32G0xx_HAL_Driver/Src/stm32g0xx_hal_tim.o
                0x08009ba8                HAL_TIM_Base_Start
 .text.HAL_TIM_Base_Start_IT
                0x08009c40       0xa8 ./Drivers/STM32G0xx_HAL_Driver/Src/stm32g0xx_hal_tim.o
                0x08009c40                HAL_TIM_Base_Start_IT
 .text.HAL_TIM_OC_Init
                0x08009ce8       0xcc ./Drivers/STM32G0xx_HAL_Driver/Src/stm32g0xx_hal_tim.o
                0x08009ce8                HAL_TIM_OC_Init
 .text.HAL_TIM_OC_MspInit
                0x08009db4       0x10 ./Drivers/STM32G0xx_HAL_Driver/Src/stm32g0xx_hal_tim.o
                0x08009db4                HAL_TIM_OC_MspInit
 .text.HAL_TIM_OC_Start_IT
                0x08009dc4      0x248 ./Drivers/STM32G0xx_HAL_Driver/Src/stm32g0xx_hal_tim.o
                0x08009dc4                HAL_TIM_OC_Start_IT
 .text.HAL_TIM_OC_Stop_IT
                0x0800a00c      0x19c ./Drivers/STM32G0xx_HAL_Driver/Src/stm32g0xx_hal_tim.o
                0x0800a00c                HAL_TIM_OC_Stop_IT
 .text.HAL_TIM_PWM_Init
                0x0800a1a8       0xcc ./Drivers/STM32G0xx_HAL_Driver/Src/stm32g0xx_hal_tim.o
                0x0800a1a8                HAL_TIM_PWM_Init
 .text.HAL_TIM_PWM_MspInit
                0x0800a274       0x10 ./Drivers/STM32G0xx_HAL_Driver/Src/stm32g0xx_hal_tim.o
                0x0800a274                HAL_TIM_PWM_MspInit
 .text.HAL_TIM_PWM_Start
                0x0800a284      0x1bc ./Drivers/STM32G0xx_HAL_Driver/Src/stm32g0xx_hal_tim.o
                0x0800a284                HAL_TIM_PWM_Start
 .text.HAL_TIM_IC_Init
                0x0800a440       0xcc ./Drivers/STM32G0xx_HAL_Driver/Src/stm32g0xx_hal_tim.o
                0x0800a440                HAL_TIM_IC_Init
 .text.HAL_TIM_IC_MspInit
                0x0800a50c       0x10 ./Drivers/STM32G0xx_HAL_Driver/Src/stm32g0xx_hal_tim.o
                0x0800a50c                HAL_TIM_IC_MspInit
 .text.HAL_TIM_IC_Start_IT
                0x0800a51c      0x260 ./Drivers/STM32G0xx_HAL_Driver/Src/stm32g0xx_hal_tim.o
                0x0800a51c                HAL_TIM_IC_Start_IT
 .text.HAL_TIM_IRQHandler
                0x0800a77c      0x254 ./Drivers/STM32G0xx_HAL_Driver/Src/stm32g0xx_hal_tim.o
                0x0800a77c                HAL_TIM_IRQHandler
 .text.HAL_TIM_OC_ConfigChannel
                0x0800a9d0       0xc0 ./Drivers/STM32G0xx_HAL_Driver/Src/stm32g0xx_hal_tim.o
                0x0800a9d0                HAL_TIM_OC_ConfigChannel
 .text.HAL_TIM_IC_ConfigChannel
                0x0800aa90      0x148 ./Drivers/STM32G0xx_HAL_Driver/Src/stm32g0xx_hal_tim.o
                0x0800aa90                HAL_TIM_IC_ConfigChannel
 .text.HAL_TIM_PWM_ConfigChannel
                0x0800abd8      0x200 ./Drivers/STM32G0xx_HAL_Driver/Src/stm32g0xx_hal_tim.o
                0x0800abd8                HAL_TIM_PWM_ConfigChannel
 .text.HAL_TIM_ConfigClockSource
                0x0800add8      0x1ac ./Drivers/STM32G0xx_HAL_Driver/Src/stm32g0xx_hal_tim.o
                0x0800add8                HAL_TIM_ConfigClockSource
 .text.HAL_TIM_ReadCapturedValue
                0x0800af84       0x68 ./Drivers/STM32G0xx_HAL_Driver/Src/stm32g0xx_hal_tim.o
                0x0800af84                HAL_TIM_ReadCapturedValue
 .text.HAL_TIM_PeriodElapsedCallback
                0x0800afec       0x10 ./Drivers/STM32G0xx_HAL_Driver/Src/stm32g0xx_hal_tim.o
                0x0800afec                HAL_TIM_PeriodElapsedCallback
 .text.HAL_TIM_PeriodElapsedHalfCpltCallback
                0x0800affc       0x10 ./Drivers/STM32G0xx_HAL_Driver/Src/stm32g0xx_hal_tim.o
                0x0800affc                HAL_TIM_PeriodElapsedHalfCpltCallback
 .text.HAL_TIM_OC_DelayElapsedCallback
                0x0800b00c       0x10 ./Drivers/STM32G0xx_HAL_Driver/Src/stm32g0xx_hal_tim.o
                0x0800b00c                HAL_TIM_OC_DelayElapsedCallback
 .text.HAL_TIM_IC_CaptureCallback
                0x0800b01c       0x10 ./Drivers/STM32G0xx_HAL_Driver/Src/stm32g0xx_hal_tim.o
                0x0800b01c                HAL_TIM_IC_CaptureCallback
 .text.HAL_TIM_IC_CaptureHalfCpltCallback
                0x0800b02c       0x10 ./Drivers/STM32G0xx_HAL_Driver/Src/stm32g0xx_hal_tim.o
                0x0800b02c                HAL_TIM_IC_CaptureHalfCpltCallback
 .text.HAL_TIM_PWM_PulseFinishedCallback
                0x0800b03c       0x10 ./Drivers/STM32G0xx_HAL_Driver/Src/stm32g0xx_hal_tim.o
                0x0800b03c                HAL_TIM_PWM_PulseFinishedCallback
 .text.HAL_TIM_PWM_PulseFinishedHalfCpltCallback
                0x0800b04c       0x10 ./Drivers/STM32G0xx_HAL_Driver/Src/stm32g0xx_hal_tim.o
                0x0800b04c                HAL_TIM_PWM_PulseFinishedHalfCpltCallback
 .text.HAL_TIM_TriggerCallback
                0x0800b05c       0x10 ./Drivers/STM32G0xx_HAL_Driver/Src/stm32g0xx_hal_tim.o
                0x0800b05c                HAL_TIM_TriggerCallback
 .text.HAL_TIM_TriggerHalfCpltCallback
                0x0800b06c       0x10 ./Drivers/STM32G0xx_HAL_Driver/Src/stm32g0xx_hal_tim.o
                0x0800b06c                HAL_TIM_TriggerHalfCpltCallback
 .text.HAL_TIM_ErrorCallback
                0x0800b07c       0x10 ./Drivers/STM32G0xx_HAL_Driver/Src/stm32g0xx_hal_tim.o
                0x0800b07c                HAL_TIM_ErrorCallback
 .text.HAL_TIM_RegisterCallback
                0x0800b08c      0x20c ./Drivers/STM32G0xx_HAL_Driver/Src/stm32g0xx_hal_tim.o
                0x0800b08c                HAL_TIM_RegisterCallback
 .text.TIM_Base_SetConfig
                0x0800b298      0x108 ./Drivers/STM32G0xx_HAL_Driver/Src/stm32g0xx_hal_tim.o
                0x0800b298                TIM_Base_SetConfig
 .text.TIM_OC1_SetConfig
                0x0800b3a0      0x100 ./Drivers/STM32G0xx_HAL_Driver/Src/stm32g0xx_hal_tim.o
 .text.TIM_OC2_SetConfig
                0x0800b4a0       0xfc ./Drivers/STM32G0xx_HAL_Driver/Src/stm32g0xx_hal_tim.o
                0x0800b4a0                TIM_OC2_SetConfig
 .text.TIM_OC3_SetConfig
                0x0800b59c      0x104 ./Drivers/STM32G0xx_HAL_Driver/Src/stm32g0xx_hal_tim.o
 .text.TIM_OC4_SetConfig
                0x0800b6a0       0xc8 ./Drivers/STM32G0xx_HAL_Driver/Src/stm32g0xx_hal_tim.o
 .text.TIM_OC5_SetConfig
                0x0800b768       0xb4 ./Drivers/STM32G0xx_HAL_Driver/Src/stm32g0xx_hal_tim.o
 .text.TIM_OC6_SetConfig
                0x0800b81c       0xbc ./Drivers/STM32G0xx_HAL_Driver/Src/stm32g0xx_hal_tim.o
 .text.TIM_TI1_SetConfig
                0x0800b8d8       0xac ./Drivers/STM32G0xx_HAL_Driver/Src/stm32g0xx_hal_tim.o
                0x0800b8d8                TIM_TI1_SetConfig
 .text.TIM_TI1_ConfigInputStage
                0x0800b984       0x5c ./Drivers/STM32G0xx_HAL_Driver/Src/stm32g0xx_hal_tim.o
 .text.TIM_TI2_SetConfig
                0x0800b9e0       0x84 ./Drivers/STM32G0xx_HAL_Driver/Src/stm32g0xx_hal_tim.o
 .text.TIM_TI2_ConfigInputStage
                0x0800ba64       0x64 ./Drivers/STM32G0xx_HAL_Driver/Src/stm32g0xx_hal_tim.o
 .text.TIM_TI3_SetConfig
                0x0800bac8       0x80 ./Drivers/STM32G0xx_HAL_Driver/Src/stm32g0xx_hal_tim.o
 .text.TIM_TI4_SetConfig
                0x0800bb48       0x8c ./Drivers/STM32G0xx_HAL_Driver/Src/stm32g0xx_hal_tim.o
 .text.TIM_ITRx_SetConfig
                0x0800bbd4       0x38 ./Drivers/STM32G0xx_HAL_Driver/Src/stm32g0xx_hal_tim.o
 .text.TIM_ETR_SetConfig
                0x0800bc0c       0x40 ./Drivers/STM32G0xx_HAL_Driver/Src/stm32g0xx_hal_tim.o
                0x0800bc0c                TIM_ETR_SetConfig
 .text.TIM_CCxChannelCmd
                0x0800bc4c       0x46 ./Drivers/STM32G0xx_HAL_Driver/Src/stm32g0xx_hal_tim.o
                0x0800bc4c                TIM_CCxChannelCmd
 *fill*         0x0800bc92        0x2 
 .text.TIM_ResetCallback
                0x0800bc94       0xb8 ./Drivers/STM32G0xx_HAL_Driver/Src/stm32g0xx_hal_tim.o
                0x0800bc94                TIM_ResetCallback
 .text.HAL_TIMEx_MasterConfigSynchronization
                0x0800bd4c       0xd0 ./Drivers/STM32G0xx_HAL_Driver/Src/stm32g0xx_hal_tim_ex.o
                0x0800bd4c                HAL_TIMEx_MasterConfigSynchronization
 .text.HAL_TIMEx_ConfigBreakDeadTime
                0x0800be1c      0x138 ./Drivers/STM32G0xx_HAL_Driver/Src/stm32g0xx_hal_tim_ex.o
                0x0800be1c                HAL_TIMEx_ConfigBreakDeadTime
 .text.HAL_TIMEx_CommutCallback
                0x0800bf54       0x10 ./Drivers/STM32G0xx_HAL_Driver/Src/stm32g0xx_hal_tim_ex.o
                0x0800bf54                HAL_TIMEx_CommutCallback
 .text.HAL_TIMEx_CommutHalfCpltCallback
                0x0800bf64       0x10 ./Drivers/STM32G0xx_HAL_Driver/Src/stm32g0xx_hal_tim_ex.o
                0x0800bf64                HAL_TIMEx_CommutHalfCpltCallback
 .text.HAL_TIMEx_BreakCallback
                0x0800bf74       0x10 ./Drivers/STM32G0xx_HAL_Driver/Src/stm32g0xx_hal_tim_ex.o
                0x0800bf74                HAL_TIMEx_BreakCallback
 .text.HAL_TIMEx_Break2Callback
                0x0800bf84       0x10 ./Drivers/STM32G0xx_HAL_Driver/Src/stm32g0xx_hal_tim_ex.o
                0x0800bf84                HAL_TIMEx_Break2Callback
 .text.HAL_UART_Init
                0x0800bf94       0xd0 ./Drivers/STM32G0xx_HAL_Driver/Src/stm32g0xx_hal_uart.o
                0x0800bf94                HAL_UART_Init
 .text.HAL_UART_RegisterCallback
                0x0800c064      0x160 ./Drivers/STM32G0xx_HAL_Driver/Src/stm32g0xx_hal_uart.o
                0x0800c064                HAL_UART_RegisterCallback
 .text.HAL_UART_Receive_DMA
                0x0800c1c4       0xbc ./Drivers/STM32G0xx_HAL_Driver/Src/stm32g0xx_hal_uart.o
                0x0800c1c4                HAL_UART_Receive_DMA
 .text.HAL_UART_IRQHandler
                0x0800c280      0x668 ./Drivers/STM32G0xx_HAL_Driver/Src/stm32g0xx_hal_uart.o
                0x0800c280                HAL_UART_IRQHandler
 .text.HAL_UART_TxCpltCallback
                0x0800c8e8       0x10 ./Drivers/STM32G0xx_HAL_Driver/Src/stm32g0xx_hal_uart.o
                0x0800c8e8                HAL_UART_TxCpltCallback
 .text.HAL_UART_TxHalfCpltCallback
                0x0800c8f8       0x10 ./Drivers/STM32G0xx_HAL_Driver/Src/stm32g0xx_hal_uart.o
                0x0800c8f8                HAL_UART_TxHalfCpltCallback
 .text.HAL_UART_RxCpltCallback
                0x0800c908       0x10 ./Drivers/STM32G0xx_HAL_Driver/Src/stm32g0xx_hal_uart.o
                0x0800c908                HAL_UART_RxCpltCallback
 .text.HAL_UART_RxHalfCpltCallback
                0x0800c918       0x10 ./Drivers/STM32G0xx_HAL_Driver/Src/stm32g0xx_hal_uart.o
                0x0800c918                HAL_UART_RxHalfCpltCallback
 .text.HAL_UART_ErrorCallback
                0x0800c928       0x10 ./Drivers/STM32G0xx_HAL_Driver/Src/stm32g0xx_hal_uart.o
                0x0800c928                HAL_UART_ErrorCallback
 .text.HAL_UART_AbortCpltCallback
                0x0800c938       0x10 ./Drivers/STM32G0xx_HAL_Driver/Src/stm32g0xx_hal_uart.o
                0x0800c938                HAL_UART_AbortCpltCallback
 .text.HAL_UART_AbortTransmitCpltCallback
                0x0800c948       0x10 ./Drivers/STM32G0xx_HAL_Driver/Src/stm32g0xx_hal_uart.o
                0x0800c948                HAL_UART_AbortTransmitCpltCallback
 .text.HAL_UART_AbortReceiveCpltCallback
                0x0800c958       0x10 ./Drivers/STM32G0xx_HAL_Driver/Src/stm32g0xx_hal_uart.o
                0x0800c958                HAL_UART_AbortReceiveCpltCallback
 .text.HAL_UARTEx_RxEventCallback
                0x0800c968       0x16 ./Drivers/STM32G0xx_HAL_Driver/Src/stm32g0xx_hal_uart.o
                0x0800c968                HAL_UARTEx_RxEventCallback
 *fill*         0x0800c97e        0x2 
 .text.UART_InitCallbacksToDefault
                0x0800c980       0xa0 ./Drivers/STM32G0xx_HAL_Driver/Src/stm32g0xx_hal_uart.o
                0x0800c980                UART_InitCallbacksToDefault
 .text.UART_SetConfig
                0x0800ca20      0x4f0 ./Drivers/STM32G0xx_HAL_Driver/Src/stm32g0xx_hal_uart.o
                0x0800ca20                UART_SetConfig
 .text.UART_AdvFeatureConfig
                0x0800cf10      0x168 ./Drivers/STM32G0xx_HAL_Driver/Src/stm32g0xx_hal_uart.o
                0x0800cf10                UART_AdvFeatureConfig
 .text.UART_CheckIdleState
                0x0800d078      0x154 ./Drivers/STM32G0xx_HAL_Driver/Src/stm32g0xx_hal_uart.o
                0x0800d078                UART_CheckIdleState
 .text.UART_WaitOnFlagUntilTimeout
                0x0800d1cc       0xde ./Drivers/STM32G0xx_HAL_Driver/Src/stm32g0xx_hal_uart.o
                0x0800d1cc                UART_WaitOnFlagUntilTimeout
 *fill*         0x0800d2aa        0x2 
 .text.UART_Start_Receive_DMA
                0x0800d2ac      0x14c ./Drivers/STM32G0xx_HAL_Driver/Src/stm32g0xx_hal_uart.o
                0x0800d2ac                UART_Start_Receive_DMA
 .text.UART_EndTxTransfer
                0x0800d3f8       0x80 ./Drivers/STM32G0xx_HAL_Driver/Src/stm32g0xx_hal_uart.o
 .text.UART_EndRxTransfer
                0x0800d478       0xcc ./Drivers/STM32G0xx_HAL_Driver/Src/stm32g0xx_hal_uart.o
 .text.UART_DMAReceiveCplt
                0x0800d544      0x134 ./Drivers/STM32G0xx_HAL_Driver/Src/stm32g0xx_hal_uart.o
 .text.UART_DMARxHalfCplt
                0x0800d678       0x48 ./Drivers/STM32G0xx_HAL_Driver/Src/stm32g0xx_hal_uart.o
 .text.UART_DMAError
                0x0800d6c0       0x8a ./Drivers/STM32G0xx_HAL_Driver/Src/stm32g0xx_hal_uart.o
 .text.UART_DMAAbortOnError
                0x0800d74a       0x32 ./Drivers/STM32G0xx_HAL_Driver/Src/stm32g0xx_hal_uart.o
 .text.UART_EndTransmit_IT
                0x0800d77c       0x5c ./Drivers/STM32G0xx_HAL_Driver/Src/stm32g0xx_hal_uart.o
 .text.HAL_UARTEx_WakeupCallback
                0x0800d7d8       0x10 ./Drivers/STM32G0xx_HAL_Driver/Src/stm32g0xx_hal_uart_ex.o
                0x0800d7d8                HAL_UARTEx_WakeupCallback
 .text.HAL_UARTEx_RxFifoFullCallback
                0x0800d7e8       0x10 ./Drivers/STM32G0xx_HAL_Driver/Src/stm32g0xx_hal_uart_ex.o
                0x0800d7e8                HAL_UARTEx_RxFifoFullCallback
 .text.HAL_UARTEx_TxFifoEmptyCallback
                0x0800d7f8       0x10 ./Drivers/STM32G0xx_HAL_Driver/Src/stm32g0xx_hal_uart_ex.o
                0x0800d7f8                HAL_UARTEx_TxFifoEmptyCallback
 .text.memset   0x0800d808       0x10 /Applications/STM32CubeIDE.app/Contents/Eclipse/plugins/com.st.stm32cube.ide.mcu.externaltools.gnu-tools-for-stm32.13.3.rel1.macos64_1.0.0.202411102158/tools/bin/../lib/gcc/arm-none-eabi/13.3.1/../../../../arm-none-eabi/lib/thumb/v6-m/nofp/libc_nano.a(libc_a-memset.o)
                0x0800d808                memset
 .text.__libc_init_array
                0x0800d818       0x48 /Applications/STM32CubeIDE.app/Contents/Eclipse/plugins/com.st.stm32cube.ide.mcu.externaltools.gnu-tools-for-stm32.13.3.rel1.macos64_1.0.0.202411102158/tools/bin/../lib/gcc/arm-none-eabi/13.3.1/../../../../arm-none-eabi/lib/thumb/v6-m/nofp/libc_nano.a(libc_a-init.o)
                0x0800d818                __libc_init_array
 .text.memcpy   0x0800d860       0x12 /Applications/STM32CubeIDE.app/Contents/Eclipse/plugins/com.st.stm32cube.ide.mcu.externaltools.gnu-tools-for-stm32.13.3.rel1.macos64_1.0.0.202411102158/tools/bin/../lib/gcc/arm-none-eabi/13.3.1/../../../../arm-none-eabi/lib/thumb/v6-m/nofp/libc_nano.a(libc_a-memcpy-stub.o)
                0x0800d860                memcpy
 *(.glue_7)
 .glue_7        0x0800d872        0x0 linker stubs
 *(.glue_7t)
 .glue_7t       0x0800d872        0x0 linker stubs
 *(.eh_frame)
 *fill*         0x0800d872        0x2 
 .eh_frame      0x0800d874        0x0 /Applications/STM32CubeIDE.app/Contents/Eclipse/plugins/com.st.stm32cube.ide.mcu.externaltools.gnu-tools-for-stm32.13.3.rel1.macos64_1.0.0.202411102158/tools/bin/../lib/gcc/arm-none-eabi/13.3.1/thumb/v6-m/nofp/crtbegin.o
 *(.init)
 .init          0x0800d874        0x4 /Applications/STM32CubeIDE.app/Contents/Eclipse/plugins/com.st.stm32cube.ide.mcu.externaltools.gnu-tools-for-stm32.13.3.rel1.macos64_1.0.0.202411102158/tools/bin/../lib/gcc/arm-none-eabi/13.3.1/thumb/v6-m/nofp/crti.o
                0x0800d874                _init
 .init          0x0800d878        0x8 /Applications/STM32CubeIDE.app/Contents/Eclipse/plugins/com.st.stm32cube.ide.mcu.externaltools.gnu-tools-for-stm32.13.3.rel1.macos64_1.0.0.202411102158/tools/bin/../lib/gcc/arm-none-eabi/13.3.1/thumb/v6-m/nofp/crtn.o
 *(.fini)
 .fini          0x0800d880        0x4 /Applications/STM32CubeIDE.app/Contents/Eclipse/plugins/com.st.stm32cube.ide.mcu.externaltools.gnu-tools-for-stm32.13.3.rel1.macos64_1.0.0.202411102158/tools/bin/../lib/gcc/arm-none-eabi/13.3.1/thumb/v6-m/nofp/crti.o
                0x0800d880                _fini
 .fini          0x0800d884        0x8 /Applications/STM32CubeIDE.app/Contents/Eclipse/plugins/com.st.stm32cube.ide.mcu.externaltools.gnu-tools-for-stm32.13.3.rel1.macos64_1.0.0.202411102158/tools/bin/../lib/gcc/arm-none-eabi/13.3.1/thumb/v6-m/nofp/crtn.o
                0x0800d88c                        . = ALIGN (0x4)
                0x0800d88c                        _etext = .

.vfp11_veneer   0x0800d88c        0x0
 .vfp11_veneer  0x0800d88c        0x0 linker stubs

.v4_bx          0x0800d88c        0x0
 .v4_bx         0x0800d88c        0x0 linker stubs

.iplt           0x0800d88c        0x0
 .iplt          0x0800d88c        0x0 /Applications/STM32CubeIDE.app/Contents/Eclipse/plugins/com.st.stm32cube.ide.mcu.externaltools.gnu-tools-for-stm32.13.3.rel1.macos64_1.0.0.202411102158/tools/bin/../lib/gcc/arm-none-eabi/13.3.1/thumb/v6-m/nofp/crtbegin.o

.rodata         0x0800d88c      0xa70
                0x0800d88c                        . = ALIGN (0x4)
 *(.rodata)
 *(.rodata*)
 .rodata.factory_preset_0
                0x0800d88c        0x5 ./Core/Src/CC_and_PC.o
                0x0800d88c                factory_preset_0
 *fill*         0x0800d891        0x3 
 .rodata.factory_preset_1
                0x0800d894        0x5 ./Core/Src/CC_and_PC.o
                0x0800d894                factory_preset_1
 *fill*         0x0800d899        0x3 
 .rodata.factory_preset_2
                0x0800d89c        0x5 ./Core/Src/CC_and_PC.o
                0x0800d89c                factory_preset_2
 *fill*         0x0800d8a1        0x3 
 .rodata.factory_preset_3
                0x0800d8a4        0x5 ./Core/Src/CC_and_PC.o
                0x0800d8a4                factory_preset_3
 *fill*         0x0800d8a9        0x3 
 .rodata.sine_wavetable
                0x0800d8ac      0x400 ./Core/Src/oscillator.o
                0x0800d8ac                sine_wavetable
 .rodata.tri_wavetable
                0x0800dcac      0x400 ./Core/Src/oscillator.o
                0x0800dcac                tri_wavetable
 .rodata.num_ADC_conversions
                0x0800e0ac        0x1 ./Core/Src/oscillator.o
                0x0800e0ac                num_ADC_conversions
 *fill*         0x0800e0ad        0x3 
 .rodata.AHBPrescTable
                0x0800e0b0       0x40 ./Core/Src/system_stm32g0xx.o
                0x0800e0b0                AHBPrescTable
 .rodata.APBPrescTable
                0x0800e0f0       0x20 ./Core/Src/system_stm32g0xx.o
                0x0800e0f0                APBPrescTable
 .rodata.HAL_ADC_RegisterCallback
                0x0800e110       0x2c ./Drivers/STM32G0xx_HAL_Driver/Src/stm32g0xx_hal_adc.o
 .rodata.HAL_LPTIM_RegisterCallback
                0x0800e13c       0x24 ./Drivers/STM32G0xx_HAL_Driver/Src/stm32g0xx_hal_lptim.o
 .rodata.HAL_TIM_OC_ConfigChannel
                0x0800e160       0x54 ./Drivers/STM32G0xx_HAL_Driver/Src/stm32g0xx_hal_tim.o
 .rodata.HAL_TIM_PWM_ConfigChannel
                0x0800e1b4       0x54 ./Drivers/STM32G0xx_HAL_Driver/Src/stm32g0xx_hal_tim.o
 .rodata.HAL_TIM_RegisterCallback
                0x0800e208       0xa8 ./Drivers/STM32G0xx_HAL_Driver/Src/stm32g0xx_hal_tim.o
 .rodata.UARTPrescTable
                0x0800e2b0       0x18 ./Drivers/STM32G0xx_HAL_Driver/Src/stm32g0xx_hal_uart.o
                0x0800e2b0                UARTPrescTable
 .rodata.HAL_UART_RegisterCallback
                0x0800e2c8       0x34 ./Drivers/STM32G0xx_HAL_Driver/Src/stm32g0xx_hal_uart.o
                0x0800e2fc                        . = ALIGN (0x4)

.ARM.extab      0x0800e2fc        0x0
                0x0800e2fc                        . = ALIGN (0x4)
 *(.ARM.extab* .gnu.linkonce.armextab.*)
                0x0800e2fc                        . = ALIGN (0x4)

.ARM            0x0800e2fc        0x8
                0x0800e2fc                        . = ALIGN (0x4)
                0x0800e2fc                        __exidx_start = .
 *(.ARM.exidx*)
 .ARM.exidx     0x0800e2fc        0x8 /Applications/STM32CubeIDE.app/Contents/Eclipse/plugins/com.st.stm32cube.ide.mcu.externaltools.gnu-tools-for-stm32.13.3.rel1.macos64_1.0.0.202411102158/tools/bin/../lib/gcc/arm-none-eabi/13.3.1/thumb/v6-m/nofp/libgcc.a(_udivmoddi4.o)
                0x0800e304                        __exidx_end = .
                0x0800e304                        . = ALIGN (0x4)

.preinit_array  0x0800e304        0x0
                0x0800e304                        . = ALIGN (0x4)
                0x0800e304                        PROVIDE (__preinit_array_start = .)
 *(.preinit_array*)
                0x0800e304                        PROVIDE (__preinit_array_end = .)
                0x0800e304                        . = ALIGN (0x4)

.init_array     0x0800e304        0x4
                0x0800e304                        . = ALIGN (0x4)
                0x0800e304                        PROVIDE (__init_array_start = .)
 *(SORT_BY_NAME(.init_array.*))
 *(.init_array*)
 .init_array    0x0800e304        0x4 /Applications/STM32CubeIDE.app/Contents/Eclipse/plugins/com.st.stm32cube.ide.mcu.externaltools.gnu-tools-for-stm32.13.3.rel1.macos64_1.0.0.202411102158/tools/bin/../lib/gcc/arm-none-eabi/13.3.1/thumb/v6-m/nofp/crtbegin.o
                0x0800e308                        PROVIDE (__init_array_end = .)
                0x0800e308                        . = ALIGN (0x4)

.fini_array     0x0800e308        0x4
                0x0800e308                        . = ALIGN (0x4)
                [!provide]                        PROVIDE (__fini_array_start = .)
 *(SORT_BY_NAME(.fini_array.*))
 *(.fini_array*)
 .fini_array    0x0800e308        0x4 /Applications/STM32CubeIDE.app/Contents/Eclipse/plugins/com.st.stm32cube.ide.mcu.externaltools.gnu-tools-for-stm32.13.3.rel1.macos64_1.0.0.202411102158/tools/bin/../lib/gcc/arm-none-eabi/13.3.1/thumb/v6-m/nofp/crtbegin.o
                [!provide]                        PROVIDE (__fini_array_end = .)
                0x0800e30c                        . = ALIGN (0x4)
                0x0800e30c                        _sidata = LOADADDR (.data)

.rel.dyn        0x0800e30c        0x0
 .rel.iplt      0x0800e30c        0x0 /Applications/STM32CubeIDE.app/Contents/Eclipse/plugins/com.st.stm32cube.ide.mcu.externaltools.gnu-tools-for-stm32.13.3.rel1.macos64_1.0.0.202411102158/tools/bin/../lib/gcc/arm-none-eabi/13.3.1/thumb/v6-m/nofp/crtbegin.o

.data           0x20000000      0x458 load address 0x0800e30c
                0x20000000                        . = ALIGN (0x4)
                0x20000000                        _sdata = .
 *(.data)
 *(.data*)
 .data.user_preset_0
                0x20000000        0x5 ./Core/Src/CC_and_PC.o
                0x20000000                user_preset_0
 *fill*         0x20000005        0x3 
 .data.user_preset_1
                0x20000008        0x5 ./Core/Src/CC_and_PC.o
                0x20000008                user_preset_1
 *fill*         0x2000000d        0x3 
 .data.user_preset_2
                0x20000010        0x5 ./Core/Src/CC_and_PC.o
                0x20000010                user_preset_2
 *fill*         0x20000015        0x3 
 .data.user_preset_3
                0x20000018        0x5 ./Core/Src/CC_and_PC.o
                0x20000018                user_preset_3
 *fill*         0x2000001d        0x3 
 .data.led_blink_period
                0x20000020        0x4 ./Core/Src/LED.o
                0x20000020                led_blink_period
 .data.tap_tempo_switch_state_counter.1
                0x20000024        0x1 ./Core/Src/checking_functions.o
 .data.preset_save_mode_is_inactive.5
                0x20000025        0x1 ./Core/Src/custom_callbacks.o
 .data.first_time.2
                0x20000026        0x1 ./Core/Src/custom_callbacks.o
 .data.preset.0
                0x20000027        0x1 ./Core/Src/custom_callbacks.o
 .data.delay_line
                0x20000028      0x406 ./Core/Src/oscillator.o
                0x20000028                delay_line
 *fill*         0x2000042e        0x2 
 .data.speed_fsm
                0x20000430        0x2 ./Core/Src/state_machine.o
                0x20000430                speed_fsm
 *fill*         0x20000432        0x2 
 .data.depth_fsm
                0x20000434        0x2 ./Core/Src/state_machine.o
                0x20000434                depth_fsm
 *fill*         0x20000436        0x2 
 .data.waveshape_fsm
                0x20000438        0x2 ./Core/Src/state_machine.o
                0x20000438                waveshape_fsm
 *fill*         0x2000043a        0x2 
 .data.symmetry_fsm
                0x2000043c        0x2 ./Core/Src/state_machine.o
                0x2000043c                symmetry_fsm
 *fill*         0x2000043e        0x2 
 .data.phase_fsm
                0x20000440        0x2 ./Core/Src/state_machine.o
                0x20000440                phase_fsm
 *fill*         0x20000442        0x2 
 .data.IP_CAP_fsm
                0x20000444        0x2 ./Core/Src/state_machine.o
                0x20000444                IP_CAP_fsm
 *fill*         0x20000446        0x2 
 .data.LED_fsm  0x20000448        0x2 ./Core/Src/state_machine.o
                0x20000448                LED_fsm
 *fill*         0x2000044a        0x2 
 .data.SystemCoreClock
                0x2000044c        0x4 ./Core/Src/system_stm32g0xx.o
                0x2000044c                SystemCoreClock
 .data.uwTickPrio
                0x20000450        0x4 ./Drivers/STM32G0xx_HAL_Driver/Src/stm32g0xx_hal.o
                0x20000450                uwTickPrio
 .data.uwTickFreq
                0x20000454        0x1 ./Drivers/STM32G0xx_HAL_Driver/Src/stm32g0xx_hal.o
                0x20000454                uwTickFreq
 *(.RamFunc)
 *(.RamFunc*)
                0x20000458                        . = ALIGN (0x4)
 *fill*         0x20000455        0x3 
                0x20000458                        _edata = .

.igot.plt       0x20000458        0x0 load address 0x0800e764
 .igot.plt      0x20000458        0x0 /Applications/STM32CubeIDE.app/Contents/Eclipse/plugins/com.st.stm32cube.ide.mcu.externaltools.gnu-tools-for-stm32.13.3.rel1.macos64_1.0.0.202411102158/tools/bin/../lib/gcc/arm-none-eabi/13.3.1/thumb/v6-m/nofp/crtbegin.o
                0x20000458                        . = ALIGN (0x4)

.bss            0x20000458      0x89c load address 0x0800e764
                0x20000458                        _sbss = .
                0x20000458                        __bss_start__ = _sbss
 *(.bss)
 .bss           0x20000458       0x1c /Applications/STM32CubeIDE.app/Contents/Eclipse/plugins/com.st.stm32cube.ide.mcu.externaltools.gnu-tools-for-stm32.13.3.rel1.macos64_1.0.0.202411102158/tools/bin/../lib/gcc/arm-none-eabi/13.3.1/thumb/v6-m/nofp/crtbegin.o
 *(.bss*)
 .bss.factory_presets_array
                0x20000474       0x10 ./Core/Src/CC_and_PC.o
                0x20000474                factory_presets_array
 .bss.user_presets_array
                0x20000484       0x10 ./Core/Src/CC_and_PC.o
                0x20000484                user_presets_array
 .bss.presets_converted_array
                0x20000494       0x28 ./Core/Src/CC_and_PC.o
                0x20000494                presets_converted_array
 .bss.preset_selected
                0x200004bc        0x1 ./Core/Src/CC_and_PC.o
                0x200004bc                preset_selected
 *fill*         0x200004bd        0x3 
 .bss.user_presets_used_array
                0x200004c0        0x4 ./Core/Src/CC_and_PC.o
                0x200004c0                user_presets_used_array
 .bss.CC_array  0x200004c4        0x5 ./Core/Src/CC_and_PC.o
                0x200004c4                CC_array
 .bss.LED_counter
                0x200004c9        0x1 ./Core/Src/LED.o
                0x200004c9                LED_counter
 .bss.MIDI_basic_channel
                0x200004ca        0x1 ./Core/Src/MIDI.o
                0x200004ca                MIDI_basic_channel
 .bss.active_status_byte
                0x200004cb        0x1 ./Core/Src/MIDI.o
                0x200004cb                active_status_byte
 .bss.running_status_byte
                0x200004cc        0x1 ./Core/Src/MIDI.o
                0x200004cc                running_status_byte
 *fill*         0x200004cd        0x3 
 .bss.MIDI_data
                0x200004d0        0xa ./Core/Src/MIDI.o
                0x200004d0                MIDI_data
 *fill*         0x200004da        0x2 
 .bss.rx_buffer
                0x200004dc        0x1 ./Core/Src/UART.o
                0x200004dc                rx_buffer
 .bss.waveshape_pot_adc_measurement_num
                0x200004dd        0x1 ./Core/Src/checking_functions.o
                0x200004dd                waveshape_pot_adc_measurement_num
 .bss.speed_pot_adc_measurement_num
                0x200004de        0x1 ./Core/Src/checking_functions.o
                0x200004de                speed_pot_adc_measurement_num
 .bss.depth_pot_adc_measurement_num
                0x200004df        0x1 ./Core/Src/checking_functions.o
                0x200004df                depth_pot_adc_measurement_num
 .bss.symmetry_pot_adc_measurement_num
                0x200004e0        0x1 ./Core/Src/checking_functions.o
                0x200004e0                symmetry_pot_adc_measurement_num
 .bss.phase_pot_adc_measurement_num
                0x200004e1        0x1 ./Core/Src/checking_functions.o
                0x200004e1                phase_pot_adc_measurement_num
 .bss.pots_counter
                0x200004e2        0x1 ./Core/Src/checking_functions.o
                0x200004e2                pots_counter
 *fill*         0x200004e3        0x1 
 .bss.first_waveshape_measurement.11
                0x200004e4        0x2 ./Core/Src/checking_functions.o
 .bss.second_waveshape_measurement.10
                0x200004e6        0x2 ./Core/Src/checking_functions.o
 .bss.first_speed_measurement.9
                0x200004e8        0x2 ./Core/Src/checking_functions.o
 .bss.second_speed_measurement.8
                0x200004ea        0x2 ./Core/Src/checking_functions.o
 .bss.first_depth_measurement.7
                0x200004ec        0x2 ./Core/Src/checking_functions.o
 .bss.second_depth_measurement.6
                0x200004ee        0x2 ./Core/Src/checking_functions.o
 .bss.first_symmetry_measurement.5
                0x200004f0        0x2 ./Core/Src/checking_functions.o
 .bss.second_symmetry_measurement.4
                0x200004f2        0x2 ./Core/Src/checking_functions.o
 .bss.first_phase_measurement.3
                0x200004f4        0x2 ./Core/Src/checking_functions.o
 .bss.second_phase_measurement.2
                0x200004f6        0x2 ./Core/Src/checking_functions.o
 .bss.extend_rising_edge.0
                0x200004f8        0x1 ./Core/Src/checking_functions.o
 *fill*         0x200004f9        0x3 
 .bss.hadc1     0x200004fc       0x88 ./Core/Src/config.o
                0x200004fc                hadc1
 .bss.hdma_adc1
                0x20000584       0x5c ./Core/Src/config.o
                0x20000584                hdma_adc1
 .bss.htim14    0x200005e0       0xbc ./Core/Src/config.o
                0x200005e0                htim14
 .bss.htim17    0x2000069c       0xbc ./Core/Src/config.o
                0x2000069c                htim17
 .bss.htim16    0x20000758       0xbc ./Core/Src/config.o
                0x20000758                htim16
 .bss.htim2     0x20000814       0xbc ./Core/Src/config.o
                0x20000814                htim2
 .bss.htim3     0x200008d0       0xbc ./Core/Src/config.o
                0x200008d0                htim3
 .bss.htim1     0x2000098c       0xbc ./Core/Src/config.o
                0x2000098c                htim1
 .bss.huart2    0x20000a48       0xcc ./Core/Src/config.o
                0x20000a48                huart2
 .bss.hdma_usart2_rx
                0x20000b14       0x5c ./Core/Src/config.o
                0x20000b14                hdma_usart2_rx
 .bss.hdma_usart2_tx
                0x20000b70       0x5c ./Core/Src/config.o
                0x20000b70                hdma_usart2_tx
 .bss.hlptim1   0x20000bcc       0x5c ./Core/Src/config.o
                0x20000bcc                hlptim1
 .bss.tap_tempo_switch_states.4
                0x20000c28        0x2 ./Core/Src/custom_callbacks.o
 *fill*         0x20000c2a        0x2 
 .bss.depressed_num.3
                0x20000c2c        0x4 ./Core/Src/custom_callbacks.o
 .bss.led_state_saved.1
                0x20000c30        0x1 ./Core/Src/custom_callbacks.o
 *fill*         0x20000c31        0x3 
 .bss.TIM2_ch1_input_capture_value
                0x20000c34        0x4 ./Core/Src/input_capture.o
                0x20000c34                TIM2_ch1_input_capture_value
 .bss.interrupt_period
                0x20000c38        0x2 ./Core/Src/input_capture.o
                0x20000c38                interrupt_period
 .bss.MIDI_CLK_tag
                0x20000c3a        0x1 ./Core/Src/input_capture.o
                0x20000c3a                MIDI_CLK_tag
 *fill*         0x20000c3b        0x1 
 .bss.statuses  0x20000c3c        0x4 ./Core/Src/main.o
                0x20000c3c                statuses
 .bss.idle_counter
                0x20000c40        0x4 ./Core/Src/main.o
                0x20000c40                idle_counter
 .bss.midi_counter
                0x20000c44        0x4 ./Core/Src/main.o
                0x20000c44                midi_counter
 .bss.advance_idle_counter
                0x20000c48        0x4 ./Core/Src/main.o
                0x20000c48                advance_idle_counter
 .bss.preset_save_idle_counter
                0x20000c4c        0x4 ./Core/Src/main.o
                0x20000c4c                preset_save_idle_counter
 .bss.ADCResultsDMA
                0x20000c50        0xa ./Core/Src/oscillator.o
                0x20000c50                ADCResultsDMA
 *fill*         0x20000c5a        0x2 
 .bss.params    0x20000c5c       0x24 ./Core/Src/oscillator.o
                0x20000c5c                params
 .bss.params_manual
                0x20000c80       0x24 ./Core/Src/oscillator.o
                0x20000c80                params_manual
 .bss.params_to_be_loaded
                0x20000ca4       0x24 ./Core/Src/oscillator.o
                0x20000ca4                params_to_be_loaded
 .bss.params_working
                0x20000cc8       0x24 ./Core/Src/oscillator.o
                0x20000cc8                params_working
 .bss.MIDI_CLK_fsm
                0x20000cec        0x1 ./Core/Src/state_machine.o
                0x20000cec                MIDI_CLK_fsm
 *fill*         0x20000ced        0x3 
 .bss.uwTick    0x20000cf0        0x4 ./Drivers/STM32G0xx_HAL_Driver/Src/stm32g0xx_hal.o
                0x20000cf0                uwTick
 *(COMMON)
                0x20000cf4                        . = ALIGN (0x4)
                0x20000cf4                        _ebss = .
                0x20000cf4                        __bss_end__ = _ebss

._user_heap_stack
                0x20000cf4      0x604 load address 0x0800e764
                0x20000cf8                        . = ALIGN (0x8)
 *fill*         0x20000cf4        0x4 
                [!provide]                        PROVIDE (end = .)
                0x20000cf8                        PROVIDE (_end = .)
                0x20000ef8                        . = (. + _Min_Heap_Size)
 *fill*         0x20000cf8      0x200 
                0x200012f8                        . = (. + _Min_Stack_Size)
 *fill*         0x20000ef8      0x400 
                0x200012f8                        . = ALIGN (0x8)

/DISCARD/
 libc.a(*)
 libm.a(*)
 libgcc.a(*)

.ARM.attributes
                0x00000000       0x28
 *(.ARM.attributes)
 .ARM.attributes
                0x00000000       0x1e /Applications/STM32CubeIDE.app/Contents/Eclipse/plugins/com.st.stm32cube.ide.mcu.externaltools.gnu-tools-for-stm32.13.3.rel1.macos64_1.0.0.202411102158/tools/bin/../lib/gcc/arm-none-eabi/13.3.1/thumb/v6-m/nofp/crti.o
 .ARM.attributes
                0x0000001e       0x2c /Applications/STM32CubeIDE.app/Contents/Eclipse/plugins/com.st.stm32cube.ide.mcu.externaltools.gnu-tools-for-stm32.13.3.rel1.macos64_1.0.0.202411102158/tools/bin/../lib/gcc/arm-none-eabi/13.3.1/thumb/v6-m/nofp/crtbegin.o
 .ARM.attributes
                0x0000004a       0x2c ./Core/Src/CC_and_PC.o
 .ARM.attributes
                0x00000076       0x2c ./Core/Src/LED.o
 .ARM.attributes
                0x000000a2       0x2c ./Core/Src/MIDI.o
 .ARM.attributes
                0x000000ce       0x2c ./Core/Src/UART.o
 .ARM.attributes
                0x000000fa       0x2c ./Core/Src/checking_functions.o
 .ARM.attributes
                0x00000126       0x2c ./Core/Src/config.o
 .ARM.attributes
                0x00000152       0x2c ./Core/Src/custom_callbacks.o
 .ARM.attributes
                0x0000017e       0x2c ./Core/Src/input_capture.o
 .ARM.attributes
                0x000001aa       0x2c ./Core/Src/main.o
 .ARM.attributes
                0x000001d6       0x2c ./Core/Src/oscillator.o
 .ARM.attributes
                0x00000202       0x2c ./Core/Src/startup.o
 .ARM.attributes
                0x0000022e       0x2c ./Core/Src/state_machine.o
 .ARM.attributes
                0x0000025a       0x2c ./Core/Src/stm32g0xx_hal_msp.o
 .ARM.attributes
                0x00000286       0x2c ./Core/Src/stm32g0xx_it.o
 .ARM.attributes
                0x000002b2       0x2c ./Core/Src/symmetry_adjustment.o
 .ARM.attributes
                0x000002de       0x2c ./Core/Src/system_stm32g0xx.o
 .ARM.attributes
                0x0000030a       0x2c ./Core/Src/timers.o
 .ARM.attributes
                0x00000336       0x2c ./Core/Src/utility.o
 .ARM.attributes
                0x00000362       0x22 ./Core/Startup/startup_stm32g031k8tx.o
 .ARM.attributes
                0x00000384       0x2c ./Drivers/STM32G0xx_HAL_Driver/Src/stm32g0xx_hal.o
 .ARM.attributes
                0x000003b0       0x2c ./Drivers/STM32G0xx_HAL_Driver/Src/stm32g0xx_hal_adc.o
 .ARM.attributes
                0x000003dc       0x2c ./Drivers/STM32G0xx_HAL_Driver/Src/stm32g0xx_hal_adc_ex.o
 .ARM.attributes
                0x00000408       0x2c ./Drivers/STM32G0xx_HAL_Driver/Src/stm32g0xx_hal_cortex.o
 .ARM.attributes
                0x00000434       0x2c ./Drivers/STM32G0xx_HAL_Driver/Src/stm32g0xx_hal_dma.o
 .ARM.attributes
                0x00000460       0x2c ./Drivers/STM32G0xx_HAL_Driver/Src/stm32g0xx_hal_gpio.o
 .ARM.attributes
                0x0000048c       0x2c ./Drivers/STM32G0xx_HAL_Driver/Src/stm32g0xx_hal_lptim.o
 .ARM.attributes
                0x000004b8       0x2c ./Drivers/STM32G0xx_HAL_Driver/Src/stm32g0xx_hal_pwr_ex.o
 .ARM.attributes
                0x000004e4       0x2c ./Drivers/STM32G0xx_HAL_Driver/Src/stm32g0xx_hal_rcc.o
 .ARM.attributes
                0x00000510       0x2c ./Drivers/STM32G0xx_HAL_Driver/Src/stm32g0xx_hal_rcc_ex.o
 .ARM.attributes
                0x0000053c       0x2c ./Drivers/STM32G0xx_HAL_Driver/Src/stm32g0xx_hal_tim.o
 .ARM.attributes
                0x00000568       0x2c ./Drivers/STM32G0xx_HAL_Driver/Src/stm32g0xx_hal_tim_ex.o
 .ARM.attributes
                0x00000594       0x2c ./Drivers/STM32G0xx_HAL_Driver/Src/stm32g0xx_hal_uart.o
 .ARM.attributes
                0x000005c0       0x2c ./Drivers/STM32G0xx_HAL_Driver/Src/stm32g0xx_hal_uart_ex.o
 .ARM.attributes
                0x000005ec       0x2c /Applications/STM32CubeIDE.app/Contents/Eclipse/plugins/com.st.stm32cube.ide.mcu.externaltools.gnu-tools-for-stm32.13.3.rel1.macos64_1.0.0.202411102158/tools/bin/../lib/gcc/arm-none-eabi/13.3.1/../../../../arm-none-eabi/lib/thumb/v6-m/nofp/libc_nano.a(libc_a-memset.o)
 .ARM.attributes
                0x00000618       0x2c /Applications/STM32CubeIDE.app/Contents/Eclipse/plugins/com.st.stm32cube.ide.mcu.externaltools.gnu-tools-for-stm32.13.3.rel1.macos64_1.0.0.202411102158/tools/bin/../lib/gcc/arm-none-eabi/13.3.1/../../../../arm-none-eabi/lib/thumb/v6-m/nofp/libc_nano.a(libc_a-init.o)
 .ARM.attributes
                0x00000644       0x2c /Applications/STM32CubeIDE.app/Contents/Eclipse/plugins/com.st.stm32cube.ide.mcu.externaltools.gnu-tools-for-stm32.13.3.rel1.macos64_1.0.0.202411102158/tools/bin/../lib/gcc/arm-none-eabi/13.3.1/../../../../arm-none-eabi/lib/thumb/v6-m/nofp/libc_nano.a(libc_a-memcpy-stub.o)
 .ARM.attributes
                0x00000670       0x1e /Applications/STM32CubeIDE.app/Contents/Eclipse/plugins/com.st.stm32cube.ide.mcu.externaltools.gnu-tools-for-stm32.13.3.rel1.macos64_1.0.0.202411102158/tools/bin/../lib/gcc/arm-none-eabi/13.3.1/thumb/v6-m/nofp/libgcc.a(_udivsi3.o)
 .ARM.attributes
                0x0000068e       0x1e /Applications/STM32CubeIDE.app/Contents/Eclipse/plugins/com.st.stm32cube.ide.mcu.externaltools.gnu-tools-for-stm32.13.3.rel1.macos64_1.0.0.202411102158/tools/bin/../lib/gcc/arm-none-eabi/13.3.1/thumb/v6-m/nofp/libgcc.a(_dvmd_tls.o)
 .ARM.attributes
                0x000006ac       0x1e /Applications/STM32CubeIDE.app/Contents/Eclipse/plugins/com.st.stm32cube.ide.mcu.externaltools.gnu-tools-for-stm32.13.3.rel1.macos64_1.0.0.202411102158/tools/bin/../lib/gcc/arm-none-eabi/13.3.1/thumb/v6-m/nofp/libgcc.a(_aeabi_uldivmod.o)
 .ARM.attributes
                0x000006ca       0x2c /Applications/STM32CubeIDE.app/Contents/Eclipse/plugins/com.st.stm32cube.ide.mcu.externaltools.gnu-tools-for-stm32.13.3.rel1.macos64_1.0.0.202411102158/tools/bin/../lib/gcc/arm-none-eabi/13.3.1/thumb/v6-m/nofp/libgcc.a(_udivmoddi4.o)
 .ARM.attributes
                0x000006f6       0x1e /Applications/STM32CubeIDE.app/Contents/Eclipse/plugins/com.st.stm32cube.ide.mcu.externaltools.gnu-tools-for-stm32.13.3.rel1.macos64_1.0.0.202411102158/tools/bin/../lib/gcc/arm-none-eabi/13.3.1/thumb/v6-m/nofp/libgcc.a(_clzdi2.o)
 .ARM.attributes
                0x00000714       0x1e /Applications/STM32CubeIDE.app/Contents/Eclipse/plugins/com.st.stm32cube.ide.mcu.externaltools.gnu-tools-for-stm32.13.3.rel1.macos64_1.0.0.202411102158/tools/bin/../lib/gcc/arm-none-eabi/13.3.1/thumb/v6-m/nofp/libgcc.a(_clzsi2.o)
 .ARM.attributes
                0x00000732       0x1e /Applications/STM32CubeIDE.app/Contents/Eclipse/plugins/com.st.stm32cube.ide.mcu.externaltools.gnu-tools-for-stm32.13.3.rel1.macos64_1.0.0.202411102158/tools/bin/../lib/gcc/arm-none-eabi/13.3.1/thumb/v6-m/nofp/crtn.o
OUTPUT(g031k8.elf elf32-littlearm)
LOAD linker stubs
LOAD /Applications/STM32CubeIDE.app/Contents/Eclipse/plugins/com.st.stm32cube.ide.mcu.externaltools.gnu-tools-for-stm32.13.3.rel1.macos64_1.0.0.202411102158/tools/bin/../lib/gcc/arm-none-eabi/13.3.1/../../../../arm-none-eabi/lib/thumb/v6-m/nofp/libc.a
LOAD /Applications/STM32CubeIDE.app/Contents/Eclipse/plugins/com.st.stm32cube.ide.mcu.externaltools.gnu-tools-for-stm32.13.3.rel1.macos64_1.0.0.202411102158/tools/bin/../lib/gcc/arm-none-eabi/13.3.1/../../../../arm-none-eabi/lib/thumb/v6-m/nofp/libm.a
LOAD /Applications/STM32CubeIDE.app/Contents/Eclipse/plugins/com.st.stm32cube.ide.mcu.externaltools.gnu-tools-for-stm32.13.3.rel1.macos64_1.0.0.202411102158/tools/bin/../lib/gcc/arm-none-eabi/13.3.1/thumb/v6-m/nofp/libgcc.a

.debug_info     0x00000000    0x212b6
 .debug_info    0x00000000     0x1092 ./Core/Src/CC_and_PC.o
 .debug_info    0x00001092      0x9e2 ./Core/Src/LED.o
 .debug_info    0x00001a74      0xac1 ./Core/Src/MIDI.o
 .debug_info    0x00002535      0x908 ./Core/Src/UART.o
 .debug_info    0x00002e3d      0x6af ./Core/Src/checking_functions.o
 .debug_info    0x000034ec     0x26c1 ./Core/Src/config.o
 .debug_info    0x00005bad     0x255f ./Core/Src/custom_callbacks.o
 .debug_info    0x0000810c      0xd91 ./Core/Src/input_capture.o
 .debug_info    0x00008e9d      0x496 ./Core/Src/main.o
 .debug_info    0x00009333      0xe73 ./Core/Src/oscillator.o
 .debug_info    0x0000a1a6     0x1884 ./Core/Src/startup.o
 .debug_info    0x0000ba2a      0x34b ./Core/Src/state_machine.o
 .debug_info    0x0000bd75     0x1cc4 ./Core/Src/stm32g0xx_hal_msp.o
 .debug_info    0x0000da39     0x121c ./Core/Src/stm32g0xx_it.o
 .debug_info    0x0000ec55      0x350 ./Core/Src/symmetry_adjustment.o
 .debug_info    0x0000efa5      0x312 ./Core/Src/system_stm32g0xx.o
 .debug_info    0x0000f2b7      0x9dc ./Core/Src/timers.o
 .debug_info    0x0000fc93      0x2e2 ./Core/Src/utility.o
 .debug_info    0x0000ff75       0x30 ./Core/Startup/startup_stm32g031k8tx.o
 .debug_info    0x0000ffa5      0xa2b ./Drivers/STM32G0xx_HAL_Driver/Src/stm32g0xx_hal.o
 .debug_info    0x000109d0     0x1705 ./Drivers/STM32G0xx_HAL_Driver/Src/stm32g0xx_hal_adc.o
 .debug_info    0x000120d5      0xbb8 ./Drivers/STM32G0xx_HAL_Driver/Src/stm32g0xx_hal_adc_ex.o
 .debug_info    0x00012c8d      0x8c3 ./Drivers/STM32G0xx_HAL_Driver/Src/stm32g0xx_hal_cortex.o
 .debug_info    0x00013550      0x867 ./Drivers/STM32G0xx_HAL_Driver/Src/stm32g0xx_hal_dma.o
 .debug_info    0x00013db7      0x599 ./Drivers/STM32G0xx_HAL_Driver/Src/stm32g0xx_hal_gpio.o
 .debug_info    0x00014350     0x10a8 ./Drivers/STM32G0xx_HAL_Driver/Src/stm32g0xx_hal_lptim.o
 .debug_info    0x000153f8      0x779 ./Drivers/STM32G0xx_HAL_Driver/Src/stm32g0xx_hal_pwr_ex.o
 .debug_info    0x00015b71      0xb17 ./Drivers/STM32G0xx_HAL_Driver/Src/stm32g0xx_hal_rcc.o
 .debug_info    0x00016688      0x757 ./Drivers/STM32G0xx_HAL_Driver/Src/stm32g0xx_hal_rcc_ex.o
 .debug_info    0x00016ddf     0x2f23 ./Drivers/STM32G0xx_HAL_Driver/Src/stm32g0xx_hal_tim.o
 .debug_info    0x00019d02     0x1a45 ./Drivers/STM32G0xx_HAL_Driver/Src/stm32g0xx_hal_tim_ex.o
 .debug_info    0x0001b747     0x4af3 ./Drivers/STM32G0xx_HAL_Driver/Src/stm32g0xx_hal_uart.o
 .debug_info    0x0002023a     0x107c ./Drivers/STM32G0xx_HAL_Driver/Src/stm32g0xx_hal_uart_ex.o

.debug_abbrev   0x00000000     0x473a
 .debug_abbrev  0x00000000      0x27b ./Core/Src/CC_and_PC.o
 .debug_abbrev  0x0000027b      0x1c1 ./Core/Src/LED.o
 .debug_abbrev  0x0000043c      0x27f ./Core/Src/MIDI.o
 .debug_abbrev  0x000006bb      0x1a5 ./Core/Src/UART.o
 .debug_abbrev  0x00000860      0x1d1 ./Core/Src/checking_functions.o
 .debug_abbrev  0x00000a31      0x2aa ./Core/Src/config.o
 .debug_abbrev  0x00000cdb      0x344 ./Core/Src/custom_callbacks.o
 .debug_abbrev  0x0000101f      0x2ab ./Core/Src/input_capture.o
 .debug_abbrev  0x000012ca      0x177 ./Core/Src/main.o
 .debug_abbrev  0x00001441      0x298 ./Core/Src/oscillator.o
 .debug_abbrev  0x000016d9      0x272 ./Core/Src/startup.o
 .debug_abbrev  0x0000194b       0xf9 ./Core/Src/state_machine.o
 .debug_abbrev  0x00001a44      0x26f ./Core/Src/stm32g0xx_hal_msp.o
 .debug_abbrev  0x00001cb3      0x1e9 ./Core/Src/stm32g0xx_it.o
 .debug_abbrev  0x00001e9c      0x129 ./Core/Src/symmetry_adjustment.o
 .debug_abbrev  0x00001fc5      0x117 ./Core/Src/system_stm32g0xx.o
 .debug_abbrev  0x000020dc      0x1f4 ./Core/Src/timers.o
 .debug_abbrev  0x000022d0      0x163 ./Core/Src/utility.o
 .debug_abbrev  0x00002433       0x24 ./Core/Startup/startup_stm32g031k8tx.o
 .debug_abbrev  0x00002457      0x2b4 ./Drivers/STM32G0xx_HAL_Driver/Src/stm32g0xx_hal.o
 .debug_abbrev  0x0000270b      0x287 ./Drivers/STM32G0xx_HAL_Driver/Src/stm32g0xx_hal_adc.o
 .debug_abbrev  0x00002992      0x231 ./Drivers/STM32G0xx_HAL_Driver/Src/stm32g0xx_hal_adc_ex.o
 .debug_abbrev  0x00002bc3      0x2a9 ./Drivers/STM32G0xx_HAL_Driver/Src/stm32g0xx_hal_cortex.o
 .debug_abbrev  0x00002e6c      0x1df ./Drivers/STM32G0xx_HAL_Driver/Src/stm32g0xx_hal_dma.o
 .debug_abbrev  0x0000304b      0x1c1 ./Drivers/STM32G0xx_HAL_Driver/Src/stm32g0xx_hal_gpio.o
 .debug_abbrev  0x0000320c      0x2b1 ./Drivers/STM32G0xx_HAL_Driver/Src/stm32g0xx_hal_lptim.o
 .debug_abbrev  0x000034bd      0x235 ./Drivers/STM32G0xx_HAL_Driver/Src/stm32g0xx_hal_pwr_ex.o
 .debug_abbrev  0x000036f2      0x2a7 ./Drivers/STM32G0xx_HAL_Driver/Src/stm32g0xx_hal_rcc.o
 .debug_abbrev  0x00003999      0x227 ./Drivers/STM32G0xx_HAL_Driver/Src/stm32g0xx_hal_rcc_ex.o
 .debug_abbrev  0x00003bc0      0x2a8 ./Drivers/STM32G0xx_HAL_Driver/Src/stm32g0xx_hal_tim.o
 .debug_abbrev  0x00003e68      0x2ba ./Drivers/STM32G0xx_HAL_Driver/Src/stm32g0xx_hal_tim_ex.o
 .debug_abbrev  0x00004122      0x335 ./Drivers/STM32G0xx_HAL_Driver/Src/stm32g0xx_hal_uart.o
 .debug_abbrev  0x00004457      0x2e3 ./Drivers/STM32G0xx_HAL_Driver/Src/stm32g0xx_hal_uart_ex.o

.debug_aranges  0x00000000     0x17e0
 .debug_aranges
                0x00000000      0x120 ./Core/Src/CC_and_PC.o
 .debug_aranges
                0x00000120       0x20 ./Core/Src/LED.o
 .debug_aranges
                0x00000140       0xc8 ./Core/Src/MIDI.o
 .debug_aranges
                0x00000208       0x20 ./Core/Src/UART.o
 .debug_aranges
                0x00000228       0x28 ./Core/Src/checking_functions.o
 .debug_aranges
                0x00000250       0x90 ./Core/Src/config.o
 .debug_aranges
                0x000002e0       0x78 ./Core/Src/custom_callbacks.o
 .debug_aranges
                0x00000358       0x48 ./Core/Src/input_capture.o
 .debug_aranges
                0x000003a0       0x20 ./Core/Src/main.o