../Core/Src/config.c:17:6:SystemClock_Config	80	static,ignoring_inline_asm
../Core/Src/config.c:59:6:MX_ADC1_Init	40	static,ignoring_inline_asm
../Core/Src/config.c:130:6:MX_TIM14_Init	40	static,ignoring_inline_asm
../Core/Src/config.c:171:6:MX_TIM16_Init	96	static,ignoring_inline_asm
../Core/Src/config.c:231:6:MX_TIM17_Init	96	static,ignoring_inline_asm
../Core/Src/config.c:289:6:MX_USART2_UART_Init	8	static,ignoring_inline_asm
../Core/Src/config.c:309:6:MX_DMA_Init	16	static
../Core/Src/config.c:324:6:MX_GPIO_Init	56	static
../Core/Src/config.c:385:6:Error_Handler	0	static,ignoring_inline_asm
../Core/Src/config.c:395:6:System_Init	8	static
