08:15:40 **** Incremental Build of configuration Debug for project g031k8 ****
make -j11 all 
arm-none-eabi-gcc "../Core/Src/main.c" -mcpu=cortex-m0plus -std=gnu11 -g3 -DDEBUG -DUSE_HAL_DRIVER -DSTM32G031xx -c -I../Core/Inc -I../Drivers/STM32G0xx_HAL_Driver/Inc -I../Drivers/STM32G0xx_HAL_Driver/Inc/Legacy -I../Drivers/CMSIS/Device/ST/STM32G0xx/Include -I../Drivers/CMSIS/Include -O0 -ffunction-sections -fdata-sections -Wall -fstack-usage -fcyclomatic-complexity -MMD -MP -MF"Core/Src/main.d" -MT"Core/Src/main.o" --specs=nano.specs -mfloat-abi=soft -mthumb -o "Core/Src/main.o"
arm-none-eabi-gcc -o "g031k8.elf" @"objects.list"   -mcpu=cortex-m0plus -T"/Users/jamesgarvey/Documents/Git/NUCLEO-G031K8/NUCLEO-G031K8 WORKSPACE/g031k8/STM32G031K8TX_FLASH.ld" --specs=nosys.specs -Wl,-Map="g031k8.map" -Wl,--gc-sections -static --specs=nano.specs -mfloat-abi=soft -mthumb -Wl,--start-group -lc -lm -Wl,--end-group
Finished building target: g031k8.elf
 
arm-none-eabi-size  g031k8.elf 
arm-none-eabi-objdump -h -S g031k8.elf  > "g031k8.list"
   text	   data	    bss	    dec	    hex	filename
  18252	     12	   1988	  20252	   4f1c	g031k8.elf
Finished building: default.size.stdout
 
Finished building: g031k8.list
 

08:15:41 Build Finished. 0 errors, 0 warnings. (took 846ms)

